** Event #0   t=0   Elapsed: 2.1e-05s (0m 00s)  0% completed  (0% total)
     Speed:     ev/sec=0   simsec/sec=0   ev/simsec=0
     Messages:  created: 1178   present: 1178   in FES: 186
** Event #50176   t=4.528160953861   Elapsed: 2.00602s (0m 02s)  0% completed  (0% total)
     Speed:     ev/sec=25013.5   simsec/sec=2.25731   ev/simsec=11081.1
     Messages:  created: 41125   present: 1207   in FES: 148
** Event #92928   t=9.053522494063   Elapsed: 4.00785s (0m 04s)  1% completed  (0% total)
     Speed:     ev/sec=21356.4   simsec/sec=2.2606   ev/simsec=9447.2
     Messages:  created: 76006   present: 1171   in FES: 140
** Event #144896   t=14.563076183834   Elapsed: 6.02678s (0m 06s)  2% completed  (1% total)
     Speed:     ev/sec=25740.3   simsec/sec=2.72894   ev/simsec=9432.34
     Messages:  created: 118846   present: 1179   in FES: 142
** Event #184320   t=18.590528891318   Elapsed: 8.04056s (0m 08s)  3% completed  (1% total)
     Speed:     ev/sec=19577.1   simsec/sec=1.99995   ev/simsec=9788.82
     Messages:  created: 151418   present: 1162   in FES: 135
** Event #229632   t=23.560074851172   Elapsed: 10.0501s (0m 10s)  4% completed  (2% total)
     Speed:     ev/sec=22548.6   simsec/sec=2.47299   ev/simsec=9117.94
     Messages:  created: 188974   present: 1180   in FES: 141
** Event #271872   t=28.062025198667   Elapsed: 12.0552s (0m 12s)  5% completed  (2% total)
     Speed:     ev/sec=21066.1   simsec/sec=2.24523   ev/simsec=9382.6
     Messages:  created: 224332   present: 1182   in FES: 141
** Event #323072   t=34.545755120399   Elapsed: 14.0557s (0m 14s)  6% completed  (3% total)
     Speed:     ev/sec=25593.5   simsec/sec=3.24104   ev/simsec=7896.69
     Messages:  created: 270919   present: 1190   in FES: 146
** Event #369152   t=39.578182546047   Elapsed: 16.0566s (0m 16s)  7% completed  (3% total)
     Speed:     ev/sec=23029.4   simsec/sec=2.51506   ev/simsec=9156.61
     Messages:  created: 310700   present: 1189   in FES: 144
** Event #420608   t=45.551841717281   Elapsed: 18.0612s (0m 18s)  9% completed  (4% total)
     Speed:     ev/sec=25669.4   simsec/sec=2.98003   ev/simsec=8613.82
     Messages:  created: 354702   present: 1181   in FES: 142
** Event #471552   t=51.085086968399   Elapsed: 20.0618s (0m 20s)  10% completed  (5% total)
     Speed:     ev/sec=25463.9   simsec/sec=2.76575   ev/simsec=9206.89
     Messages:  created: 398526   present: 1193   in FES: 146
** Event #528640   t=58.571199139326   Elapsed: 22.0663s (0m 22s)  11% completed  (5% total)
     Speed:     ev/sec=28480.6   simsec/sec=3.73474   ev/simsec=7625.85
     Messages:  created: 450850   present: 1144   in FES: 127
** Event #593664   t=67.527850500237   Elapsed: 24.0729s (0m 24s)  13% completed  (6% total)
     Speed:     ev/sec=32404.9   simsec/sec=4.46358   ev/simsec=7259.86
     Messages:  created: 511740   present: 1205   in FES: 150
** Event #654336   t=75.5278505432   Elapsed: 26.0812s (0m 26s)  15% completed  (7% total)
     Speed:     ev/sec=30209.8   simsec/sec=3.98336   ev/simsec=7584
     Messages:  created: 568056   present: 1194   in FES: 147
** Event #700416   t=80.572127320511   Elapsed: 28.0955s (0m 28s)  16% completed  (8% total)
     Speed:     ev/sec=22876.8   simsec/sec=2.50428   ev/simsec=9135.11
     Messages:  created: 607412   present: 1230   in FES: 153
** Event #744448   t=85.573227255917   Elapsed: 30.1007s (0m 30s)  17% completed  (8% total)
     Speed:     ev/sec=21959.2   simsec/sec=2.49409   ev/simsec=8804.46
     Messages:  created: 644836   present: 1225   in FES: 154
** Event #792320   t=91.558687945181   Elapsed: 32.1116s (0m 32s)  18% completed  (9% total)
     Speed:     ev/sec=23805.6   simsec/sec=2.97643   ev/simsec=7998.05
     Messages:  created: 687354   present: 1159   in FES: 136
** Event #856320   t=100.056228879172   Elapsed: 34.1119s (0m 34s)  20% completed  (10% total)
     Speed:     ev/sec=31995.4   simsec/sec=4.24815   ev/simsec=7531.59
     Messages:  created: 747150   present: 1189   in FES: 144
** Event #916480   t=107.597504076272   Elapsed: 36.1245s (0m 36s)  21% completed  (10% total)
     Speed:     ev/sec=29892.2   simsec/sec=3.7471   ev/simsec=7977.43
     Messages:  created: 801894   present: 2101   in FES: 182
** Event #964096   t=113.061973533477   Elapsed: 38.1245s (0m 38s)  22% completed  (11% total)
     Speed:     ev/sec=23807.7   simsec/sec=2.7322   ev/simsec=8713.75
     Messages:  created: 842010   present: 1775   in FES: 154
** Event #1006848   t=117.567511683827   Elapsed: 40.1323s (0m 40s)  23% completed  (11% total)
     Speed:     ev/sec=21292.9   simsec/sec=2.24401   ev/simsec=9488.77
     Messages:  created: 876611   present: 2300   in FES: 150
** Event #1048576   t=122.012334114098   Elapsed: 42.1341s (0m 42s)  24% completed  (12% total)
     Speed:     ev/sec=20845.6   simsec/sec=2.22045   ev/simsec=9388
     Messages:  created: 910876   present: 2820   in FES: 147
** Event #1090304   t=126.08447761028   Elapsed: 44.1348s (0m 44s)  25% completed  (12% total)
     Speed:     ev/sec=20856.2   simsec/sec=2.03531   ev/simsec=10247.2
     Messages:  created: 945134   present: 3304   in FES: 143
** Event #1130496   t=130.598235476334   Elapsed: 46.1524s (0m 46s)  26% completed  (13% total)
     Speed:     ev/sec=19921.1   simsec/sec=2.23723   ev/simsec=8904.33
     Messages:  created: 979316   present: 3877   in FES: 152
** Event #1170176   t=135.080775994084   Elapsed: 48.1541s (0m 48s)  27% completed  (13% total)
     Speed:     ev/sec=19823.1   simsec/sec=2.23936   ev/simsec=8852.12
     Messages:  created: 1012794   present: 4401   in FES: 150
** Event #1212416   t=139.567362926234   Elapsed: 50.1705s (0m 50s)  27% completed  (13% total)
     Speed:     ev/sec=20948.5   simsec/sec=2.22508   ev/simsec=9414.73
     Messages:  created: 1047594   present: 4916   in FES: 141
** Event #1257984   t=144.556687790887   Elapsed: 52.1717s (0m 52s)  28% completed  (14% total)
     Speed:     ev/sec=22770.2   simsec/sec=2.49315   ev/simsec=9133.1
     Messages:  created: 1085176   present: 5492   in FES: 135
** Event #1305856   t=149.596399450342   Elapsed: 54.1823s (0m 54s)  29% completed  (14% total)
     Speed:     ev/sec=23809.1   simsec/sec=2.5065   ev/simsec=9498.96
     Messages:  created: 1125215   present: 6063   in FES: 124
** Event #1351680   t=154.598438915497   Elapsed: 56.1908s (0m 56s)  30% completed  (15% total)
     Speed:     ev/sec=22816.1   simsec/sec=2.49055   ev/simsec=9161.06
     Messages:  created: 1163858   present: 6725   in FES: 144
** Event #1412352   t=162.571106960254   Elapsed: 58.1976s (0m 58s)  32% completed  (16% total)
     Speed:     ev/sec=30232.2   simsec/sec=3.9727   ev/simsec=7610
     Messages:  created: 1218890   present: 7656   in FES: 133
** Event #1473280   t=170.534850380536   Elapsed: 60.2054s (1m 00s)  34% completed  (17% total)
     Speed:     ev/sec=30345.9   simsec/sec=3.96643   ev/simsec=7650.67
     Messages:  created: 1274237   present: 8663   in FES: 151
** Event #1532160   t=178.053522176882   Elapsed: 62.212s (1m 02s)  35% completed  (17% total)
     Speed:     ev/sec=29343.3   simsec/sec=3.74698   ev/simsec=7831.17
     Messages:  created: 1327750   present: 9555   in FES: 148
** Event #1590784   t=185.565551950492   Elapsed: 64.2145s (1m 04s)  37% completed  (18% total)
     Speed:     ev/sec=29275.3   simsec/sec=3.75132   ev/simsec=7804.02
     Messages:  created: 1381017   present: 10399   in FES: 127
** Event #1652992   t=193.565971593071   Elapsed: 66.2214s (1m 06s)  38% completed  (19% total)
     Speed:     ev/sec=30996.9   simsec/sec=3.98643   ev/simsec=7775.59
     Messages:  created: 1437605   present: 11422   in FES: 154
** Event #1714432   t=201.552299920441   Elapsed: 68.232s (1m 08s)  40% completed  (20% total)
     Speed:     ev/sec=30557.7   simsec/sec=3.97207   ev/simsec=7693.15
     Messages:  created: 1493351   present: 12295   in FES: 123
** Event #1775360   t=209.094296776612   Elapsed: 70.2352s (1m 10s)  41% completed  (20% total)
     Speed:     ev/sec=30415.9   simsec/sec=3.76505   ev/simsec=8078.5
     Messages:  created: 1548902   present: 13273   in FES: 144
** Event #1836800   t=217.084332008701   Elapsed: 72.2404s (1m 12s)  43% completed  (21% total)
     Speed:     ev/sec=30640.1   simsec/sec=3.98463   ev/simsec=7689.58
     Messages:  created: 1604714   present: 14249   in FES: 152
** Event #1900544   t=225.530243791453   Elapsed: 74.245s (1m 14s)  45% completed  (22% total)
     Speed:     ev/sec=31799.6   simsec/sec=4.21336   ev/simsec=7547.32
     Messages:  created: 1662528   present: 15264   in FES: 153
** Event #1961984   t=233.094296800085   Elapsed: 76.247s (1m 16s)  46% completed  (23% total)
     Speed:     ev/sec=30689.2   simsec/sec=3.77824   ev/simsec=8122.63
     Messages:  created: 1718542   present: 16186   in FES: 175
** Event #2019072   t=240.576258714632   Elapsed: 78.2488s (1m 18s)  48% completed  (24% total)
     Speed:     ev/sec=28517.4   simsec/sec=3.73749   ev/simsec=7630.08
     Messages:  created: 1770330   present: 1880   in FES: 152
** Event #2081536   t=246.577437506719   Elapsed: 80.256s (1m 20s)  49% completed  (24% total)
     Speed:     ev/sec=31121   simsec/sec=2.98993   ev/simsec=10408.6
     Messages:  created: 1833958   present: 2475   in FES: 124
** Event #2145792   t=249.787184646679   Elapsed: 82.2607s (1m 22s)  49% completed  (24% total)
     Speed:     ev/sec=32052.7   simsec/sec=1.60111   ev/simsec=20019
     Messages:  created: 1909945   present: 2783   in FES: 154
** Event #2213632   t=253.746727386098   Elapsed: 84.2616s (1m 24s)  50% completed  (25% total)
     Speed:     ev/sec=33903.4   simsec/sec=1.9788   ev/simsec=17133.3
     Messages:  created: 1988685   present: 3058   in FES: 141
** Event #2278144   t=258.012334052279   Elapsed: 86.2617s (1m 26s)  51% completed  (25% total)
     Speed:     ev/sec=32255.4   simsec/sec=2.13276   ev/simsec=15123.8
     Messages:  created: 2063042   present: 3393   in FES: 147
** Event #2343936   t=262.089398811152   Elapsed: 88.2641s (1m 28s)  52% completed  (26% total)
     Speed:     ev/sec=32856.1   simsec/sec=2.03606   ev/simsec=16137.1
     Messages:  created: 2138082   present: 3821   in FES: 183
** Event #2413568   t=266.577511640024   Elapsed: 90.2716s (1m 30s)  53% completed  (26% total)
     Speed:     ev/sec=34686.4   simsec/sec=2.2357   ev/simsec=15514.8
     Messages:  created: 2217583   present: 4065   in FES: 148
** Event #2473472   t=268.720336274088   Elapsed: 92.2774s (1m 32s)  53% completed  (26% total)
     Speed:     ev/sec=29864.7   simsec/sec=1.06829   ev/simsec=27955.6
     Messages:  created: 2287660   present: 4139   in FES: 143
** Event #2529280   t=270.318305796188   Elapsed: 94.279s (1m 34s)  54% completed  (27% total)
     Speed:     ev/sec=27882.8   simsec/sec=0.798377   ev/simsec=34924.3
     Messages:  created: 2354230   present: 4147   in FES: 124
** Event #2581760   t=271.862042182282   Elapsed: 96.2845s (1m 36s)  54% completed  (27% total)
     Speed:     ev/sec=26167.4   simsec/sec=0.769732   ev/simsec=33995.4
     Messages:  created: 2417469   present: 4280   in FES: 153
** Event #2643712   t=273.576626912208   Elapsed: 98.2875s (1m 38s)  54% completed  (27% total)
     Speed:     ev/sec=30929.7   simsec/sec=0.856012   ev/simsec=36132.4
     Messages:  created: 2493163   present: 4329   in FES: 154
** Event #2702848   t=276.240075033134   Elapsed: 100.291s (1m 40s)  55% completed  (27% total)
     Speed:     ev/sec=29522.2   simsec/sec=1.32966   ev/simsec=22202.8
     Messages:  created: 2562473   present: 4495   in FES: 166
** Event #2761472   t=280.041737181077   Elapsed: 102.292s (1m 42s)  56% completed  (28% total)
     Speed:     ev/sec=29285.6   simsec/sec=1.89912   ev/simsec=15420.6
     Messages:  created: 2628780   present: 4798   in FES: 148
** Event #2824192   t=284.030658335973   Elapsed: 104.296s (1m 44s)  56% completed  (28% total)
     Speed:     ev/sec=31300.4   simsec/sec=1.99067   ev/simsec=15723.5
     Messages:  created: 2699495   present: 5061   in FES: 132
** Event #2887680   t=288.050021808581   Elapsed: 106.3s (1m 46s)  57% completed  (28% total)
     Speed:     ev/sec=31684.7   simsec/sec=2.00593   ev/simsec=15795.5
     Messages:  created: 2771007   present: 5400   in FES: 145
** Event #2950400   t=292.048657314956   Elapsed: 108.301s (1m 48s)  58% completed  (29% total)
     Speed:     ev/sec=31344.2   simsec/sec=1.99831   ev/simsec=15685.4
     Messages:  created: 2841707   present: 5705   in FES: 146
** Event #3016192   t=296.089398920624   Elapsed: 110.301s (1m 50s)  59% completed  (29% total)
     Speed:     ev/sec=32895.9   simsec/sec=2.02036   ev/simsec=16282.2
     Messages:  created: 2915637   present: 6122   in FES: 180
** Event #3077632   t=300.063171131116   Elapsed: 112.303s (1m 52s)  60% completed  (30% total)
     Speed:     ev/sec=30683   simsec/sec=1.98449   ev/simsec=15461.4
     Messages:  created: 2984977   present: 6329   in FES: 147
** Event #3141888   t=304.086163614469   Elapsed: 114.311s (1m 54s)  60% completed  (30% total)
     Speed:     ev/sec=32010.9   simsec/sec=2.00417   ev/simsec=15972.2
     Messages:  created: 3057283   present: 6636   in FES: 154
** Event #3205120   t=308.075779887145   Elapsed: 116.313s (1m 56s)  61% completed  (30% total)
     Speed:     ev/sec=31578.5   simsec/sec=1.99244   ev/simsec=15849.1
     Messages:  created: 3127931   present: 6928   in FES: 154
** Event #3257856   t=311.134250856263   Elapsed: 118.314s (1m 58s)  62% completed  (31% total)
     Speed:     ev/sec=26361.1   simsec/sec=1.52883   ev/simsec=17242.6
     Messages:  created: 3184280   present: 7130   in FES: 139
** Event #3308032   t=314.064279821044   Elapsed: 120.317s (2m 00s)  62% completed  (31% total)
     Speed:     ev/sec=25043.1   simsec/sec=1.46239   ev/simsec=17124.7
     Messages:  created: 3237796   present: 7356   in FES: 134
** Event #3351552   t=316.546186450926   Elapsed: 122.327s (2m 02s)  63% completed  (31% total)
     Speed:     ev/sec=21655.4   simsec/sec=1.23499   ev/simsec=17534.9
     Messages:  created: 3283702   present: 7579   in FES: 155
** Event #3404032   t=319.551436481817   Elapsed: 124.341s (2m 04s)  63% completed  (31% total)
     Speed:     ev/sec=26060.8   simsec/sec=1.49236   ev/simsec=17462.8
     Messages:  created: 3339256   present: 7789   in FES: 146
** Event #3456000   t=322.541924877043   Elapsed: 126.341s (2m 06s)  64% completed  (32% total)
     Speed:     ev/sec=25981.2   simsec/sec=1.49508   ev/simsec=17377.8
     Messages:  created: 3394368   present: 7976   in FES: 126
** Event #3512320   t=325.746721837871   Elapsed: 128.344s (2m 08s)  65% completed  (32% total)
     Speed:     ev/sec=28114.9   simsec/sec=1.59983   ev/simsec=17573.7
     Messages:  created: 3454899   present: 8295   in FES: 162
** Event #3569920   t=328.787413230499   Elapsed: 130.344s (2m 10s)  65% completed  (32% total)
     Speed:     ev/sec=28798.3   simsec/sec=1.52026   ev/simsec=18943.1
     Messages:  created: 3521582   present: 8495   in FES: 165
** Event #3637248   t=331.974609665   Elapsed: 132.354s (2m 12s)  66% completed  (33% total)
     Speed:     ev/sec=33501.7   simsec/sec=1.58592   ev/simsec=21124.5
     Messages:  created: 3601986   present: 8738   in FES: 155
** Event #3698432   t=334.564231057034   Elapsed: 134.36s (2m 14s)  66% completed  (33% total)
     Speed:     ev/sec=30501.8   simsec/sec=1.29099   ev/simsec=23626.6
     Messages:  created: 3673178   present: 8964   in FES: 154
** Event #3746816   t=340.063282097387   Elapsed: 136.363s (2m 16s)  68% completed  (34% total)
     Speed:     ev/sec=24150   simsec/sec=2.74476   ev/simsec=8798.61
     Messages:  created: 3714816   present: 9630   in FES: 154
** Event #3794688   t=345.535520032824   Elapsed: 138.365s (2m 18s)  69% completed  (34% total)
     Speed:     ev/sec=23918.8   simsec/sec=2.73415   ev/simsec=8748.16
     Messages:  created: 3755719   present: 10259   in FES: 145
** Event #3849984   t=351.597501449416   Elapsed: 140.38s (2m 20s)  70% completed  (35% total)
     Speed:     ev/sec=27437.9   simsec/sec=3.00796   ev/simsec=9121.77
     Messages:  created: 3803447   present: 10997   in FES: 150
** Event #3885824   t=354.590608917358   Elapsed: 142.413s (2m 22s)  70% completed  (35% total)
     Speed:     ev/sec=17624.7   simsec/sec=1.4719   ev/simsec=11974.2
     Messages:  created: 3834973   present: 11308   in FES: 145
** Event #3923456   t=357.536953953569   Elapsed: 144.422s (2m 24s)  71% completed  (35% total)
     Speed:     ev/sec=18731.9   simsec/sec=1.46659   ev/simsec=12772.4
     Messages:  created: 3867705   present: 11745   in FES: 179
** Event #3958528   t=360.055690837228   Elapsed: 146.427s (2m 26s)  72% completed  (36% total)
     Speed:     ev/sec=17498.5   simsec/sec=1.25668   ev/simsec=13924.4
     Messages:  created: 3898580   present: 12051   in FES: 184
** Event #3991040   t=362.93878609565   Elapsed: 148.446s (2m 28s)  72% completed  (36% total)
     Speed:     ev/sec=16097.7   simsec/sec=1.42751   ev/simsec=11276.8
     Messages:  created: 3924855   present: 1228   in FES: 122
** Event #4023040   t=365.551782414903   Elapsed: 150.479s (2m 30s)  73% completed  (36% total)
     Speed:     ev/sec=15739.9   simsec/sec=1.28526   ev/simsec=12246.5
     Messages:  created: 3948897   present: 1574   in FES: 131
** Event #4048896   t=367.597607793574   Elapsed: 152.521s (2m 32s)  73% completed  (36% total)
     Speed:     ev/sec=12666.8   simsec/sec=1.00224   ev/simsec=12638.4
     Messages:  created: 3968250   present: 1857   in FES: 145
** Event #4077056   t=370.085087152213   Elapsed: 154.522s (2m 34s)  74% completed  (37% total)
     Speed:     ev/sec=14070.4   simsec/sec=1.2429   ev/simsec=11320.7
     Messages:  created: 3989266   present: 2135   in FES: 135
** Event #4101888   t=372.573348653627   Elapsed: 156.534s (2m 36s)  74% completed  (37% total)
     Speed:     ev/sec=12343.8   simsec/sec=1.2369   ev/simsec=9979.66
     Messages:  created: 4008543   present: 2490   in FES: 154
** Event #4126464   t=374.588727805127   Elapsed: 158.54s (2m 38s)  74% completed  (37% total)
     Speed:     ev/sec=12251.2   simsec/sec=1.00467   ev/simsec=12194.2
     Messages:  created: 4027160   present: 2635   in FES: 123
** Event #4156416   t=377.524683254565   Elapsed: 160.57s (2m 40s)  75% completed  (37% total)
     Speed:     ev/sec=14751.9   simsec/sec=1.44601   ev/simsec=10201.8
     Messages:  created: 4049659   present: 3040   in FES: 139
** Event #4185856   t=380.524303842515   Elapsed: 162.595s (2m 42s)  76% completed  (38% total)
     Speed:     ev/sec=14540.1   simsec/sec=1.48148   ev/simsec=9814.57
     Messages:  created: 4073333   present: 3419   in FES: 154
** Event #4226816   t=384.572969729248   Elapsed: 164.603s (2m 44s)  76% completed  (38% total)
     Speed:     ev/sec=20394.1   simsec/sec=2.01584   ev/simsec=10116.9
     Messages:  created: 4106632   present: 3902   in FES: 154
** Event #4265984   t=388.574574521939   Elapsed: 166.629s (2m 46s)  77% completed  (38% total)
     Speed:     ev/sec=19338.1   simsec/sec=1.97568   ev/simsec=9788.07
     Messages:  created: 4138392   present: 4348   in FES: 132
** Event #4307712   t=393.06317112477   Elapsed: 168.635s (2m 48s)  78% completed  (39% total)
     Speed:     ev/sec=20794   simsec/sec=2.23677   ev/simsec=9296.45
     Messages:  created: 4172560   present: 4937   in FES: 149
** Event #4352512   t=398.53872952344   Elapsed: 170.639s (2m 50s)  79% completed  (39% total)
     Speed:     ev/sec=22365   simsec/sec=2.7335   ev/simsec=8181.81
     Messages:  created: 4211716   present: 5576   in FES: 154
** Event #4396800   t=403.548279952148   Elapsed: 172.652s (2m 52s)  80% completed  (40% total)
     Speed:     ev/sec=21992   simsec/sec=2.48758   ev/simsec=8840.71
     Messages:  created: 4249321   present: 6284   in FES: 185
** Event #4444160   t=408.587195990872   Elapsed: 174.676s (2m 54s)  81% completed  (40% total)
     Speed:     ev/sec=23409.7   simsec/sec=2.4907   ev/simsec=9398.85
     Messages:  created: 4289264   present: 6750   in FES: 136
** Event #4483840   t=413.022823603971   Elapsed: 176.685s (2m 56s)  82% completed  (41% total)
     Speed:     ev/sec=19744.7   simsec/sec=2.20716   ev/simsec=8945.75
     Messages:  created: 4321521   present: 7296   in FES: 141
** Event #4517376   t=416.049967688951   Elapsed: 178.685s (2m 58s)  83% completed  (41% total)
     Speed:     ev/sec=16766.7   simsec/sec=1.51346   ev/simsec=11078.4
     Messages:  created: 4347512   present: 7611   in FES: 124
** Event #4547328   t=418.593530487183   Elapsed: 180.715s (3m 00s)  83% completed  (41% total)
     Speed:     ev/sec=14759.7   simsec/sec=1.25341   ev/simsec=11775.6
     Messages:  created: 4370562   present: 7965   in FES: 139
** Event #4572928   t=420.595530098166   Elapsed: 182.721s (3m 02s)  84% completed  (42% total)
     Speed:     ev/sec=12762.1   simsec/sec=0.99804   ev/simsec=12787.2
     Messages:  created: 4389222   present: 8244   in FES: 148
** Event #4602112   t=423.549347995125   Elapsed: 184.744s (3m 04s)  84% completed  (42% total)
     Speed:     ev/sec=14425.5   simsec/sec=1.46006   ev/simsec=9880.09
     Messages:  created: 4411659   present: 8581   in FES: 148
** Event #4632576   t=426.567832872542   Elapsed: 186.748s (3m 06s)  85% completed  (42% total)
     Speed:     ev/sec=15198   simsec/sec=1.50587   ev/simsec=10092.5
     Messages:  created: 4436474   present: 8934   in FES: 141
** Event #4670208   t=430.546080186162   Elapsed: 188.762s (3m 08s)  86% completed  (43% total)
     Speed:     ev/sec=18690.9   simsec/sec=1.9759   ev/simsec=9459.44
     Messages:  created: 4466877   present: 9422   in FES: 147
** Event #4707840   t=434.518383678263   Elapsed: 190.772s (3m 10s)  86% completed  (43% total)
     Speed:     ev/sec=18713.7   simsec/sec=1.97535   ev/simsec=9473.6
     Messages:  created: 4497358   present: 9851   in FES: 133
** Event #4745984   t=438.546805123519   Elapsed: 192.791s (3m 12s)  87% completed  (43% total)
     Speed:     ev/sec=18892.3   simsec/sec=1.99524   ev/simsec=9468.72
     Messages:  created: 4529609   present: 10387   in FES: 150
** Event #4780288   t=442.050021788674   Elapsed: 194.8s (3m 14s)  88% completed  (44% total)
     Speed:     ev/sec=17077.9   simsec/sec=1.74404   ev/simsec=9792.14
     Messages:  created: 4556827   present: 10817   in FES: 152
** Event #4810752   t=444.590502302263   Elapsed: 196.816s (3m 16s)  88% completed  (44% total)
     Speed:     ev/sec=15109.6   simsec/sec=1.26003   ev/simsec=11991.4
     Messages:  created: 4580010   present: 11128   in FES: 148
** Event #4840192   t=447.089399611752   Elapsed: 198.824s (3m 18s)  89% completed  (44% total)
     Speed:     ev/sec=14667.7   simsec/sec=1.24501   ev/simsec=11781.2
     Messages:  created: 4602089   present: 11388   in FES: 139
** Event #4868096   t=449.594439859285   Elapsed: 200.824s (3m 20s)  89% completed  (44% total)
     Speed:     ev/sec=13947.2   simsec/sec=1.25209   ev/simsec=11139.1
     Messages:  created: 4623132   present: 11714   in FES: 144
** Event #4898560   t=452.589721929786   Elapsed: 202.841s (3m 22s)  90% completed  (45% total)
     Speed:     ev/sec=15106   simsec/sec=1.48525   ev/simsec=10170.7
     Messages:  created: 4646867   present: 12002   in FES: 124
** Event #4934144   t=456.529172573057   Elapsed: 204.848s (3m 24s)  91% completed  (45% total)
     Speed:     ev/sec=17729.7   simsec/sec=1.96283   ev/simsec=9032.73
     Messages:  created: 4675939   present: 12547   in FES: 154
** Event #4984320   t=460.190434840968   Elapsed: 206.853s (3m 26s)  92% completed  (46% total)
     Speed:     ev/sec=25022.5   simsec/sec=1.82585   ev/simsec=13704.6
     Messages:  created: 4724466   present: 12858   in FES: 122
** Event #5040384   t=461.915206723043   Elapsed: 208.86s (3m 28s)  92% completed  (46% total)
     Speed:     ev/sec=27941.3   simsec/sec=0.859596   ev/simsec=32505.2
     Messages:  created: 4792330   present: 13012   in FES: 154
** Event #5099776   t=463.720813782996   Elapsed: 210.863s (3m 30s)  92% completed  (46% total)
     Speed:     ev/sec=29643.8   simsec/sec=0.901216   ev/simsec=32893.1
     Messages:  created: 4862865   present: 13097   in FES: 145
** Event #5163008   t=465.570306765125   Elapsed: 212.87s (3m 32s)  93% completed  (46% total)
     Speed:     ev/sec=31504.4   simsec/sec=0.921484   ev/simsec=34188.8
     Messages:  created: 4939367   present: 13159   in FES: 134
** Event #5221376   t=468.54568678539   Elapsed: 214.871s (3m 34s)  93% completed  (46% total)
     Speed:     ev/sec=29166.2   simsec/sec=1.48678   ev/simsec=19617
     Messages:  created: 5006808   present: 13337   in FES: 125
** Event #5274880   t=470.566570539581   Elapsed: 216.885s (3m 36s)  94% completed  (47% total)
     Speed:     ev/sec=26572.3   simsec/sec=1.00365   ev/simsec=26475.5
     Messages:  created: 5068880   present: 13519   in FES: 157
** Event #5333248   t=472.316614615532   Elapsed: 218.889s (3m 38s)  94% completed  (47% total)
     Speed:     ev/sec=29119.6   simsec/sec=0.87309   ev/simsec=33352.3
     Messages:  created: 5138593   present: 13591   in FES: 148
** Event #5386496   t=473.959917745641   Elapsed: 220.89s (3m 40s)  94% completed  (47% total)
     Speed:     ev/sec=26612   simsec/sec=0.821282   ev/simsec=32403
     Messages:  created: 5202744   present: 13669   in FES: 169
** Event #5442048   t=475.536931270692   Elapsed: 222.894s (3m 42s)  95% completed  (47% total)
     Speed:     ev/sec=27727   simsec/sec=0.787117   ev/simsec=35226.1
     Messages:  created: 5268408   present: 13704   in FES: 137
** Event #5496832   t=476.905766361162   Elapsed: 224.896s (3m 44s)  95% completed  (47% total)
     Speed:     ev/sec=27362.4   simsec/sec=0.683677   ev/simsec=40022.4
     Messages:  created: 5335192   present: 13816   in FES: 156
** Event #5564160   t=478.134824940604   Elapsed: 226.902s (3m 46s)  95% completed  (47% total)
     Speed:     ev/sec=33568.7   simsec/sec=0.61279   ev/simsec=54780.1
     Messages:  created: 5418226   present: 13843   in FES: 155
** Event #5607936   t=481.532679361175   Elapsed: 228.909s (3m 48s)  96% completed  (48% total)
     Speed:     ev/sec=21802.8   simsec/sec=1.69232   ev/simsec=12883.4
     Messages:  created: 5460981   present: 14228   in FES: 164
** Event #5652480   t=486.080782664101   Elapsed: 230.921s (3m 50s)  97% completed  (48% total)
     Speed:     ev/sec=22147.3   simsec/sec=2.26132   ev/simsec=9793.97
     Messages:  created: 5497570   present: 14704   in FES: 154
** Event #5692672   t=490.526929987099   Elapsed: 232.924s (3m 52s)  98% completed  (49% total)
     Speed:     ev/sec=20068.1   simsec/sec=2.21998   ev/simsec=9039.74
     Messages:  created: 5530458   present: 1410   in FES: 152
** Event #5734144   t=494.610804202488   Elapsed: 234.942s (3m 54s)  98% completed  (49% total)
     Speed:     ev/sec=20546.9   simsec/sec=2.02332   ev/simsec=10155.1
     Messages:  created: 5564759   present: 1898   in FES: 153
** Event #5776384   t=499.086215670782   Elapsed: 236.95s (3m 56s)  99% completed  (49% total)
     Speed:     ev/sec=21037.9   simsec/sec=2.22901   ev/simsec=9438.24
     Messages:  created: 5599486   present: 2432   in FES: 148
** Event #5781815   t=500   Elapsed: 237.285s (3m 57s)  100% completed  (50% total)
     Speed:     ev/sec=16199.3   simsec/sec=2.7257   ev/simsec=5943.18
     Messages:  created: 5603857   present: 2454   in FES: 122

<!> Simulation time limit reached -- at t=500s, event #5781815
undisposed object: (omnetpp::cMessage) FanetSarNetwork.groundStation.app.debugTimer -- check module destructor
undisposed object: (omnetpp::cMessage) FanetSarNetwork.uav[0].app.debugTimer -- check module destructor
undisposed object: (omnetpp::cMessage) FanetSarNetwork.uav[1].app.debugTimer -- check module destructor
undisposed object: (omnetpp::cMessage) FanetSarNetwork.uav[2].app.debugTimer -- check module destructor
undisposed object: (omnetpp::cMessage) FanetSarNetwork.uav[3].app.debugTimer -- check module destructor
undisposed object: (omnetpp::cMessage) FanetSarNetwork.uav[4].app.debugTimer -- check module destructor
undisposed object: (omnetpp::cMessage) FanetSarNetwork.uav[5].app.debugTimer -- check module destructor
undisposed object: (omnetpp::cMessage) FanetSarNetwork.uav[6].app.debugTimer -- check module destructor
undisposed object: (omnetpp::cMessage) FanetSarNetwork.uav[7].app.debugTimer -- check module destructor
undisposed object: (omnetpp::cMessage) FanetSarNetwork.uav[8].app.debugTimer -- check module destructor
undisposed object: (omnetpp::cMessage) FanetSarNetwork.uav[9].app.debugTimer -- check module destructor
undisposed object: (omnetpp::cMessage) FanetSarNetwork.uav[10].app.debugTimer -- check module destructor
undisposed object: (omnetpp::cMessage) FanetSarNetwork.uav[11].app.debugTimer -- check module destructor
undisposed object: (omnetpp::cMessage) FanetSarNetwork.uav[12].app.debugTimer -- check module destructor
undisposed object: (omnetpp::cMessage) FanetSarNetwork.uav[13].app.debugTimer -- check module destructor
undisposed object: (omnetpp::cMessage) FanetSarNetwork.uav[14].app.debugTimer -- check module destructor
undisposed object: (omnetpp::cMessage) FanetSarNetwork.uav[15].app.debugTimer -- check module destructor
undisposed object: (omnetpp::cMessage) FanetSarNetwork.uav[16].app.debugTimer -- check module destructor
undisposed object: (omnetpp::cMessage) FanetSarNetwork.uav[17].app.debugTimer -- check module destructor
undisposed object: (omnetpp::cMessage) FanetSarNetwork.uav[18].app.debugTimer -- check module destructor
undisposed object: (omnetpp::cMessage) FanetSarNetwork.uav[19].app.debugTimer -- check module destructor
undisposed object: (omnetpp::cMessage) FanetSarNetwork.uav[20].app.debugTimer -- check module destructor
undisposed object: (omnetpp::cMessage) FanetSarNetwork.uav[21].app.debugTimer -- check module destructor
undisposed object: (omnetpp::cMessage) FanetSarNetwork.uav[22].app.debugTimer -- check module destructor
undisposed object: (omnetpp::cMessage) FanetSarNetwork.uav[23].app.debugTimer -- check module destructor
undisposed object: (omnetpp::cMessage) FanetSarNetwork.uav[24].app.debugTimer -- check module destructor
undisposed object: (omnetpp::cMessage) FanetSarNetwork.uav[25].app.debugTimer -- check module destructor
undisposed object: (omnetpp::cMessage) FanetSarNetwork.uav[26].app.debugTimer -- check module destructor
undisposed object: (omnetpp::cMessage) FanetSarNetwork.uav[27].app.debugTimer -- check module destructor
undisposed object: (omnetpp::cMessage) FanetSarNetwork.uav[28].app.debugTimer -- check module destructor
undisposed object: (omnetpp::cMessage) FanetSarNetwork.uav[29].app.debugTimer -- check module destructor
