** Event #0   t=0   Elapsed: 1.7e-05s (0m 00s)  0% completed  (0% total)
     Speed:     ev/sec=0   simsec/sec=0   ev/simsec=0
     Messages:  created: 1938   present: 1938   in FES: 306
** Event #47104   t=1.513643823044   Elapsed: 2.02913s (0m 02s)  0% completed  (0% total)
     Speed:     ev/sec=23214.6   simsec/sec=0.745964   ev/simsec=31120.3
     Messages:  created: 42918   present: 2003   in FES: 240
** Event #75520   t=2.51506839417   Elapsed: 4.04353s (0m 04s)  0% completed  (0% total)
     Speed:     ev/sec=14106.4   simsec/sec=0.497131   ev/simsec=28375.6
     Messages:  created: 66297   present: 1968   in FES: 230
** Event #98816   t=3.507804437529   Elapsed: 6.05204s (0m 06s)  0% completed  (0% total)
     Speed:     ev/sec=11598.6   simsec/sec=0.494264   ev/simsec=23466.5
     Messages:  created: 84831   present: 1940   in FES: 223
** Event #122880   t=4.505081082741   Elapsed: 8.08671s (0m 08s)  0% completed  (0% total)
     Speed:     ev/sec=11827   simsec/sec=0.490141   ev/simsec=24129.7
     Messages:  created: 104961   present: 1925   in FES: 224
** Event #132096   t=4.597828528479   Elapsed: 10.1064s (0m 10s)  0% completed  (0% total)
     Speed:     ev/sec=4563.11   simsec/sec=0.0459219   ev/simsec=99366.6
     Messages:  created: 112794   present: 1930   in FES: 231
** Event #154880   t=5.56009781454   Elapsed: 12.1098s (0m 12s)  1% completed  (0% total)
     Speed:     ev/sec=11373.1   simsec/sec=0.480336   ev/simsec=23677.4
     Messages:  created: 132026   present: 1970   in FES: 247
** Event #177664   t=6.514407884069   Elapsed: 14.1203s (0m 14s)  1% completed  (0% total)
     Speed:     ev/sec=11332.1   simsec/sec=0.474644   ev/simsec=23874.8
     Messages:  created: 150836   present: 1942   in FES: 229
** Event #195584   t=7.085851420159   Elapsed: 16.1264s (0m 16s)  1% completed  (0% total)
     Speed:     ev/sec=8932.72   simsec/sec=0.284852   ev/simsec=31359.2
     Messages:  created: 165350   present: 1961   in FES: 242
** Event #208384   t=7.585178510902   Elapsed: 18.1607s (0m 18s)  1% completed  (0% total)
     Speed:     ev/sec=6292.15   simsec/sec=0.245456   ev/simsec=25634.5
     Messages:  created: 176502   present: 1909   in FES: 224
** Event #231680   t=8.571224815629   Elapsed: 20.1869s (0m 20s)  1% completed  (0% total)
     Speed:     ev/sec=11497.5   simsec/sec=0.486655   ev/simsec=23625.7
     Messages:  created: 196446   present: 1991   in FES: 254
** Event #253696   t=9.536295845019   Elapsed: 22.1886s (0m 22s)  1% completed  (0% total)
     Speed:     ev/sec=10998.4   simsec/sec=0.482115   ev/simsec=22812.8
     Messages:  created: 215160   present: 1969   in FES: 246
** Event #276480   t=10.513665898196   Elapsed: 24.226s (0m 24s)  2% completed  (1% total)
     Speed:     ev/sec=11182.6   simsec/sec=0.479704   ev/simsec=23311.5
     Messages:  created: 234915   present: 2119   in FES: 305
** Event #300032   t=11.507803860931   Elapsed: 26.2299s (0m 26s)  2% completed  (1% total)
     Speed:     ev/sec=11753.4   simsec/sec=0.496117   ev/simsec=23690.9
     Messages:  created: 254784   present: 2059   in FES: 272
** Event #325376   t=12.510805179263   Elapsed: 28.2368s (0m 28s)  2% completed  (1% total)
     Speed:     ev/sec=12628.3   simsec/sec=0.499771   ev/simsec=25268.2
     Messages:  created: 276611   present: 1912   in FES: 221
** Event #349184   t=13.505423400172   Elapsed: 30.2504s (0m 30s)  2% completed  (1% total)
     Speed:     ev/sec=11823.4   simsec/sec=0.493942   ev/simsec=23936.8
     Messages:  created: 296647   present: 1910   in FES: 224
** Event #372992   t=14.500803515498   Elapsed: 32.2598s (0m 32s)  2% completed  (1% total)
     Speed:     ev/sec=11848.7   simsec/sec=0.495378   ev/simsec=23918.5
     Messages:  created: 316826   present: 1953   in FES: 242
** Event #394496   t=15.086215463396   Elapsed: 34.2684s (0m 34s)  3% completed  (1% total)
     Speed:     ev/sec=10705.7   simsec/sec=0.291446   ev/simsec=36733.1
     Messages:  created: 335464   present: 1996   in FES: 253
** Event #421376   t=16.097187946274   Elapsed: 36.2746s (0m 36s)  3% completed  (1% total)
     Speed:     ev/sec=13398.4   simsec/sec=0.503923   ev/simsec=26588.3
     Messages:  created: 358514   present: 1918   in FES: 225
** Event #447744   t=17.505852784297   Elapsed: 38.3088s (0m 38s)  3% completed  (1% total)
     Speed:     ev/sec=12962.2   simsec/sec=0.692486   ev/simsec=18718.4
     Messages:  created: 381352   present: 1886   in FES: 215
** Event #474112   t=18.525449806512   Elapsed: 40.3394s (0m 40s)  3% completed  (1% total)
     Speed:     ev/sec=12985.9   simsec/sec=0.502138   ev/simsec=25861.2
     Messages:  created: 404690   present: 1968   in FES: 245
** Event #499712   t=19.548606288162   Elapsed: 42.3413s (0m 42s)  3% completed  (1% total)
     Speed:     ev/sec=12787.2   simsec/sec=0.511068   ev/simsec=25020.6
     Messages:  created: 426853   present: 1994   in FES: 254
** Event #528384   t=20.593810506196   Elapsed: 44.3632s (0m 44s)  4% completed  (2% total)
     Speed:     ev/sec=14180.9   simsec/sec=0.516946   ev/simsec=27432
     Messages:  created: 451670   present: 1893   in FES: 218
** Event #568320   t=22.505284723593   Elapsed: 46.3806s (0m 46s)  4% completed  (2% total)
     Speed:     ev/sec=19795.7   simsec/sec=0.947491   ev/simsec=20892.8
     Messages:  created: 485928   present: 1880   in FES: 213
** Event #600320   t=23.593808735761   Elapsed: 48.398s (0m 48s)  4% completed  (2% total)
     Speed:     ev/sec=15862   simsec/sec=0.539569   ev/simsec=29397.6
     Messages:  created: 514126   present: 1955   in FES: 240
** Event #644096   t=25.543067991099   Elapsed: 50.4239s (0m 50s)  5% completed  (2% total)
     Speed:     ev/sec=21608.2   simsec/sec=0.962169   ev/simsec=22457.8
     Messages:  created: 552066   present: 1992   in FES: 253
** Event #679424   t=27.053471100796   Elapsed: 52.4251s (0m 52s)  5% completed  (2% total)
     Speed:     ev/sec=17654   simsec/sec=0.754774   ev/simsec=23389.8
     Messages:  created: 582503   present: 1982   in FES: 254
** Event #717568   t=28.556826163541   Elapsed: 54.4264s (0m 54s)  5% completed  (2% total)
     Speed:     ev/sec=19059.5   simsec/sec=0.751185   ev/simsec=25372.6
     Messages:  created: 615670   present: 1923   in FES: 230
** Event #759040   t=30.097188396995   Elapsed: 56.4301s (0m 56s)  6% completed  (3% total)
     Speed:     ev/sec=20697.8   simsec/sec=0.768762   ev/simsec=26923.5
     Messages:  created: 651302   present: 1939   in FES: 232
** Event #792832   t=31.589874014575   Elapsed: 58.4378s (0m 58s)  6% completed  (3% total)
     Speed:     ev/sec=16831.3   simsec/sec=0.743485   ev/simsec=22638.4
     Messages:  created: 680754   present: 1970   in FES: 245
** Event #834816   t=33.51149515204   Elapsed: 60.4498s (1m 00s)  6% completed  (3% total)
     Speed:     ev/sec=20865.8   simsec/sec=0.955035   ev/simsec=21848.2
     Messages:  created: 716816   present: 1879   in FES: 210
** Event #863744   t=34.578055328634   Elapsed: 62.4518s (1m 02s)  6% completed  (3% total)
     Speed:     ev/sec=14449.8   simsec/sec=0.532756   ev/simsec=27122.7
     Messages:  created: 742092   present: 1964   in FES: 243
** Event #905984   t=36.511897586552   Elapsed: 64.4663s (1m 04s)  7% completed  (3% total)
     Speed:     ev/sec=20968.4   simsec/sec=0.95998   ev/simsec=21842.5
     Messages:  created: 778966   present: 1894   in FES: 215
** Event #948736   t=38.248463410156   Elapsed: 66.4674s (1m 06s)  7% completed  (3% total)
     Speed:     ev/sec=21364   simsec/sec=0.867795   ev/simsec=24618.7
     Messages:  created: 817120   present: 1836   in FES: 202
** Event #977920   t=39.588516241461   Elapsed: 68.4856s (1m 08s)  7% completed  (3% total)
     Speed:     ev/sec=14460.3   simsec/sec=0.66398   ev/simsec=21778.2
     Messages:  created: 843658   present: 1954   in FES: 239
** Event #1015296   t=41.543203859367   Elapsed: 70.5105s (1m 10s)  8% completed  (4% total)
     Speed:     ev/sec=18458.3   simsec/sec=0.965328   ev/simsec=19121.2
     Messages:  created: 878378   present: 1942   in FES: 237
** Event #1054976   t=43.548024119135   Elapsed: 72.5226s (1m 12s)  8% completed  (4% total)
     Speed:     ev/sec=19720.4   simsec/sec=0.996365   ev/simsec=19792.3
     Messages:  created: 916430   present: 1973   in FES: 248
** Event #1111808   t=46.528867700284   Elapsed: 74.5308s (1m 14s)  9% completed  (4% total)
     Speed:     ev/sec=28301.1   simsec/sec=1.4844   ev/simsec=19065.7
     Messages:  created: 971468   present: 1878   in FES: 215
** Event #1177344   t=49.611231229667   Elapsed: 76.5368s (1m 16s)  9% completed  (4% total)
     Speed:     ev/sec=32670.1   simsec/sec=1.53658   ev/simsec=21261.6
     Messages:  created: 1035106   present: 1985   in FES: 250
** Event #1250560   t=53.573464798416   Elapsed: 78.5442s (1m 18s)  10% completed  (5% total)
     Speed:     ev/sec=36473   simsec/sec=1.97381   ev/simsec=18478.5
     Messages:  created: 1105935   present: 1952   in FES: 254
** Event #1325568   t=57.557468258227   Elapsed: 80.547s (1m 20s)  11% completed  (5% total)
     Speed:     ev/sec=37450.2   simsec/sec=1.98914   ev/simsec=18827.3
     Messages:  created: 1178509   present: 1962   in FES: 254
** Event #1389824   t=61.011466246449   Elapsed: 82.5536s (1m 22s)  12% completed  (6% total)
     Speed:     ev/sec=32022.8   simsec/sec=1.72135   ev/simsec=18603.4
     Messages:  created: 1240566   present: 1941   in FES: 236
** Event #1450752   t=64.054411845714   Elapsed: 84.5552s (1m 24s)  12% completed  (6% total)
     Speed:     ev/sec=30440.1   simsec/sec=1.52028   ev/simsec=20022.7
     Messages:  created: 1299560   present: 1850   in FES: 205
** Event #1519360   t=67.571783186971   Elapsed: 86.5595s (1m 26s)  13% completed  (6% total)
     Speed:     ev/sec=34229.7   simsec/sec=1.75488   ev/simsec=19505.5
     Messages:  created: 1366124   present: 1996   in FES: 253
** Event #1582080   t=71.01146591155   Elapsed: 88.5634s (1m 28s)  14% completed  (7% total)
     Speed:     ev/sec=31298.8   simsec/sec=1.71648   ev/simsec=18234.2
     Messages:  created: 1426650   present: 1911   in FES: 226
** Event #1653248   t=74.569109734348   Elapsed: 90.5714s (1m 30s)  14% completed  (7% total)
     Speed:     ev/sec=35442.1   simsec/sec=1.77173   ev/simsec=20004.3
     Messages:  created: 1496192   present: 2134   in FES: 297
** Event #1709312   t=77.50488464304   Elapsed: 92.5864s (1m 32s)  15% completed  (7% total)
     Speed:     ev/sec=27823.3   simsec/sec=1.45696   ev/simsec=19096.8
     Messages:  created: 1550082   present: 1928   in FES: 231
** Event #1754368   t=79.506339028206   Elapsed: 94.5867s (1m 34s)  15% completed  (7% total)
     Speed:     ev/sec=22524.4   simsec/sec=1.00057   ev/simsec=22511.6
     Messages:  created: 1590642   present: 1922   in FES: 229
** Event #1783296   t=80.56574404654   Elapsed: 96.6132s (1m 36s)  16% completed  (8% total)
     Speed:     ev/sec=14275.3   simsec/sec=0.522793   ev/simsec=27305.9
     Messages:  created: 1615905   present: 1952   in FES: 254
** Event #1824768   t=82.530957889494   Elapsed: 98.6381s (1m 38s)  16% completed  (8% total)
     Speed:     ev/sec=20480.6   simsec/sec=0.970505   ev/simsec=21103
     Messages:  created: 1653239   present: 1956   in FES: 254
** Event #1869056   t=84.511201006363   Elapsed: 100.663s (1m 40s)  16% completed  (8% total)
     Speed:     ev/sec=21866.8   simsec/sec=0.977727   ev/simsec=22364.9
     Messages:  created: 1693023   present: 1970   in FES: 254
** Event #1898752   t=85.573632613071   Elapsed: 102.69s (1m 42s)  17% completed  (8% total)
     Speed:     ev/sec=14653.2   simsec/sec=0.524247   ev/simsec=27951
     Messages:  created: 1719936   present: 1974   in FES: 237
** Event #1943296   t=87.576572512934   Elapsed: 104.725s (1m 44s)  17% completed  (8% total)
     Speed:     ev/sec=21890.2   simsec/sec=0.984304   ev/simsec=22239.3
     Messages:  created: 1760536   present: 1916   in FES: 215
** Event #1983744   t=89.537343943086   Elapsed: 106.753s (1m 46s)  17% completed  (8% total)
     Speed:     ev/sec=19946.9   simsec/sec=0.966955   ev/simsec=20628.6
     Messages:  created: 1796120   present: 1969   in FES: 244
** Event #2009344   t=90.563274834569   Elapsed: 108.764s (1m 48s)  18% completed  (9% total)
     Speed:     ev/sec=12725.7   simsec/sec=0.509989   ev/simsec=24952.9
     Messages:  created: 1818442   present: 1983   in FES: 250
** Event #2043648   t=92.053526682042   Elapsed: 110.765s (1m 50s)  18% completed  (9% total)
     Speed:     ev/sec=17147.5   simsec/sec=0.744932   ev/simsec=23018.9
     Messages:  created: 1848996   present: 1907   in FES: 224
** Event #2081792   t=93.575113851982   Elapsed: 112.767s (1m 52s)  18% completed  (9% total)
     Speed:     ev/sec=19054.5   simsec/sec=0.760095   ev/simsec=25068.6
     Messages:  created: 1883458   present: 2032   in FES: 255
** Event #2126080   t=96.023286382324   Elapsed: 114.769s (1m 54s)  19% completed  (9% total)
     Speed:     ev/sec=22116.2   simsec/sec=1.22255   ev/simsec=18090.2
     Messages:  created: 1925558   present: 1990   in FES: 253
** Event #2175488   t=98.56218320767   Elapsed: 116.782s (1m 56s)  19% completed  (9% total)
     Speed:     ev/sec=24548.4   simsec/sec=1.26145   ev/simsec=19460.4
     Messages:  created: 1974052   present: 1967   in FES: 246
** Event #2235648   t=101.025956275314   Elapsed: 118.788s (1m 58s)  20% completed  (10% total)
     Speed:     ev/sec=29993.4   simsec/sec=1.22834   ev/simsec=24417.8
     Messages:  created: 2039268   present: 2140   in FES: 296
** Event #2307840   t=104.563786469762   Elapsed: 120.79s (2m 00s)  20% completed  (10% total)
     Speed:     ev/sec=36046.9   simsec/sec=1.76651   ev/simsec=20405.7
     Messages:  created: 2109162   present: 2834   in FES: 288
** Event #2367744   t=107.568109710008   Elapsed: 122.798s (2m 02s)  21% completed  (10% total)
     Speed:     ev/sec=29843.7   simsec/sec=1.49673   ev/simsec=19939.3
     Messages:  created: 2167440   present: 3482   in FES: 302
** Event #2431744   t=110.742348605402   Elapsed: 124.801s (2m 04s)  22% completed  (11% total)
     Speed:     ev/sec=31943.4   simsec/sec=1.58431   ev/simsec=20162.3
     Messages:  created: 2229230   present: 2299   in FES: 202
** Event #2503168   t=114.53066635695   Elapsed: 126.81s (2m 06s)  22% completed  (11% total)
     Speed:     ev/sec=35564.5   simsec/sec=1.88634   ev/simsec=18853.8
     Messages:  created: 2297512   present: 3104   in FES: 214
** Event #2562048   t=117.523855259754   Elapsed: 128.811s (2m 08s)  23% completed  (11% total)
     Speed:     ev/sec=29413.2   simsec/sec=1.49523   ev/simsec=19671.3
     Messages:  created: 2353478   present: 3684   in FES: 210
** Event #2622464   t=120.52986248108   Elapsed: 130.814s (2m 10s)  24% completed  (12% total)
     Speed:     ev/sec=30163.7   simsec/sec=1.5008   ev/simsec=20098.4
     Messages:  created: 2410852   present: 4385   in FES: 243
** Event #2672384   t=122.607434864845   Elapsed: 132.82s (2m 12s)  24% completed  (12% total)
     Speed:     ev/sec=24885.7   simsec/sec=1.0357   ev/simsec=24028
     Messages:  created: 2457321   present: 4795   in FES: 240
** Event #2712576   t=124.533535065741   Elapsed: 134.84s (2m 14s)  24% completed  (12% total)
     Speed:     ev/sec=19901.2   simsec/sec=0.953717   ev/simsec=20867
     Messages:  created: 2492189   present: 5226   in FES: 251
** Event #2752000   t=126.085087015283   Elapsed: 136.84s (2m 16s)  25% completed  (12% total)
     Speed:     ev/sec=19709.7   simsec/sec=0.775684   ev/simsec=25409.4
     Messages:  created: 2526447   present: 5489   in FES: 240
** Event #2785536   t=127.54926600533   Elapsed: 138.84s (2m 18s)  25% completed  (12% total)
     Speed:     ev/sec=16766.1   simsec/sec=0.732009   ev/simsec=22904.3
     Messages:  created: 2556435   present: 5811   in FES: 246
** Event #2831616   t=129.547265857225   Elapsed: 140.859s (2m 20s)  25% completed  (12% total)
     Speed:     ev/sec=22820.8   simsec/sec=0.989495   ev/simsec=23063.1
     Messages:  created: 2596929   present: 6234   in FES: 253
** Event #2875904   t=131.537038537695   Elapsed: 142.879s (2m 22s)  26% completed  (13% total)
     Speed:     ev/sec=21925   simsec/sec=0.985045   ev/simsec=22257.8
     Messages:  created: 2635466   present: 6554   in FES: 226
** Event #2918912   t=133.522825019512   Elapsed: 144.885s (2m 24s)  26% completed  (13% total)
     Speed:     ev/sec=21444.3   simsec/sec=0.990137   ev/simsec=21657.9
     Messages:  created: 2672931   present: 6983   in FES: 254
** Event #2960896   t=135.084476167378   Elapsed: 146.886s (2m 26s)  27% completed  (13% total)
     Speed:     ev/sec=20979.2   simsec/sec=0.780351   ev/simsec=26884.4
     Messages:  created: 2710273   present: 7305   in FES: 246
** Event #3010304   t=137.095336038865   Elapsed: 148.89s (2m 28s)  27% completed  (13% total)
     Speed:     ev/sec=24652.8   simsec/sec=1.00334   ev/simsec=24570.6
     Messages:  created: 2753563   present: 7665   in FES: 228
** Event #3057664   t=139.246455722256   Elapsed: 150.893s (2m 30s)  27% completed  (13% total)
     Speed:     ev/sec=23652.2   simsec/sec=1.0743   ev/simsec=22016.4
     Messages:  created: 2795077   present: 8000   in FES: 202
** Event #3090688   t=140.588227539474   Elapsed: 152.894s (2m 32s)  28% completed  (14% total)
     Speed:     ev/sec=16500.1   simsec/sec=0.670401   ev/simsec=24612.2
     Messages:  created: 2824345   present: 8348   in FES: 227
** Event #3133952   t=142.549267320845   Elapsed: 154.912s (2m 34s)  28% completed  (14% total)
     Speed:     ev/sec=21439.9   simsec/sec=0.971811   ev/simsec=22061.8
     Messages:  created: 2862187   present: 8757   in FES: 228
** Event #3181312   t=144.567418239176   Elapsed: 156.913s (2m 36s)  28% completed  (14% total)
     Speed:     ev/sec=23675.1   simsec/sec=1.00887   ev/simsec=23467
     Messages:  created: 2904311   present: 9197   in FES: 242
** Event #3238912   t=147.085852867505   Elapsed: 158.914s (2m 38s)  29% completed  (14% total)
     Speed:     ev/sec=28778.3   simsec/sec=1.25827   ev/simsec=22871.4
     Messages:  created: 2956511   present: 9662   in FES: 231
** Event #3288320   t=149.565437506719   Elapsed: 160.921s (2m 40s)  29% completed  (14% total)
     Speed:     ev/sec=24615.6   simsec/sec=1.23536   ev/simsec=19925.9
     Messages:  created: 3002481   present: 10084   in FES: 204
** Event #3336960   t=152.040275974053   Elapsed: 162.925s (2m 42s)  30% completed  (15% total)
     Speed:     ev/sec=24271.1   simsec/sec=1.23493   ev/simsec=19653.8
     Messages:  created: 3048171   present: 10676   in FES: 241
** Event #3387136   t=154.088926699173   Elapsed: 164.926s (2m 44s)  30% completed  (15% total)
     Speed:     ev/sec=25082.7   simsec/sec=1.02411   ev/simsec=24492.2
     Messages:  created: 3093472   present: 11255   in FES: 293
** Event #3420928   t=155.556661840788   Elapsed: 166.93s (2m 46s)  31% completed  (15% total)
     Speed:     ev/sec=16861.6   simsec/sec=0.732374   ev/simsec=23023.2
     Messages:  created: 3122689   present: 11387   in FES: 242
** Event #3463168   t=157.510396067197   Elapsed: 168.961s (2m 48s)  31% completed  (15% total)
     Speed:     ev/sec=20791.7   simsec/sec=0.961683   ev/simsec=21620.1
     Messages:  created: 3158926   present: 11792   in FES: 246
** Event #3495424   t=158.601844230936   Elapsed: 170.967s (2m 50s)  31% completed  (15% total)
     Speed:     ev/sec=16085.8   simsec/sec=0.544296   ev/simsec=29553.4
     Messages:  created: 3187750   present: 12016   in FES: 254
** Event #3535104   t=160.510396004201   Elapsed: 172.987s (2m 52s)  32% completed  (16% total)
     Speed:     ev/sec=19642.4   simsec/sec=0.94477   ev/simsec=20790.6
     Messages:  created: 3221332   present: 12410   in FES: 252
** Event #3576576   t=162.073675144697   Elapsed: 174.991s (2m 54s)  32% completed  (16% total)
     Speed:     ev/sec=20688.2   simsec/sec=0.779836   ev/simsec=26528.9
     Messages:  created: 3257718   present: 12682   in FES: 254
** Event #3614208   t=163.597846718614   Elapsed: 176.997s (2m 56s)  32% completed  (16% total)
     Speed:     ev/sec=18758.8   simsec/sec=0.75977   ev/simsec=24690.1
     Messages:  created: 3290609   present: 13023   in FES: 254
** Event #3645440   t=165.041737508531   Elapsed: 179.002s (2m 59s)  33% completed  (16% total)
     Speed:     ev/sec=15580.4   simsec/sec=0.720302   ev/simsec=21630.4
     Messages:  created: 3316993   present: 13268   in FES: 237
** Event #3684352   t=166.591098069667   Elapsed: 181.006s (3m 01s)  33% completed  (16% total)
     Speed:     ev/sec=19418.6   simsec/sec=0.773191   ev/simsec=25114.9
     Messages:  created: 3350229   present: 13563   in FES: 232
** Event #3717632   t=168.025905017344   Elapsed: 183.008s (3m 03s)  33% completed  (16% total)
     Speed:     ev/sec=16621   simsec/sec=0.716586   ev/simsec=23194.8
     Messages:  created: 3378564   present: 13892   in FES: 254
** Event #3760896   t=169.599234471961   Elapsed: 185.022s (3m 05s)  33% completed  (16% total)
     Speed:     ev/sec=21483.6   simsec/sec=0.781267   ev/simsec=27498.4
     Messages:  created: 3416131   present: 14187   in FES: 228
** Event #3803392   t=171.556664619567   Elapsed: 187.042s (3m 07s)  34% completed  (17% total)
     Speed:     ev/sec=21035.6   simsec/sec=0.96893   ev/simsec=21710.1
     Messages:  created: 3452455   present: 14501   in FES: 212
** Event #3845632   t=173.086161693051   Elapsed: 189.043s (3m 09s)  34% completed  (17% total)
     Speed:     ev/sec=21108.5   simsec/sec=0.764333   ev/simsec=27616.9
     Messages:  created: 3489370   present: 14908   in FES: 254
** Event #3879424   t=174.595097742536   Elapsed: 191.061s (3m 11s)  34% completed  (17% total)
     Speed:     ev/sec=16745.2   simsec/sec=0.747732   ev/simsec=22394.6
     Messages:  created: 3518639   present: 15215   in FES: 244
** Event #3910400   t=176.011409713174   Elapsed: 193.064s (3m 13s)  35% completed  (17% total)
     Speed:     ev/sec=15464.6   simsec/sec=0.707088   ev/simsec=21870.9
     Messages:  created: 3544773   present: 15463   in FES: 254
** Event #3953664   t=177.597098256027   Elapsed: 195.066s (3m 15s)  35% completed  (17% total)
     Speed:     ev/sec=21616.3   simsec/sec=0.792269   ev/simsec=27284
     Messages:  created: 3582218   present: 15763   in FES: 225
** Event #3982336   t=178.606436402182   Elapsed: 197.066s (3m 17s)  35% completed  (17% total)
     Speed:     ev/sec=14332.8   simsec/sec=0.504555   ev/simsec=28406.7
     Messages:  created: 3606799   present: 16025   in FES: 242
** Event #4026368   t=180.597283146791   Elapsed: 199.089s (3m 19s)  36% completed  (18% total)
     Speed:     ev/sec=21762.5   simsec/sec=0.983963   ev/simsec=22117.2
     Messages:  created: 3645096   present: 16573   in FES: 305
** Event #4070144   t=182.551162052862   Elapsed: 201.105s (3m 21s)  36% completed  (18% total)
     Speed:     ev/sec=21716.3   simsec/sec=0.969276   ev/simsec=22404.7
     Messages:  created: 3681983   present: 16728   in FES: 225
** Event #4103680   t=183.606437350292   Elapsed: 203.122s (3m 23s)  36% completed  (18% total)
     Speed:     ev/sec=16626.5   simsec/sec=0.523185   ev/simsec=31779.4
     Messages:  created: 3711529   present: 16967   in FES: 222
** Event #4147712   t=185.591097738498   Elapsed: 205.137s (3m 25s)  37% completed  (18% total)
     Speed:     ev/sec=21857.9   simsec/sec=0.985204   ev/simsec=22186.2
     Messages:  created: 3748987   present: 17408   in FES: 247
** Event #4177152   t=186.601097791025   Elapsed: 207.15s (3m 27s)  37% completed  (18% total)
     Speed:     ev/sec=14624.4   simsec/sec=0.50172   ev/simsec=29148.5
     Messages:  created: 3774207   present: 17620   in FES: 243
** Event #4203520   t=187.603242585474   Elapsed: 209.19s (3m 29s)  37% completed  (18% total)
     Speed:     ev/sec=12923.7   simsec/sec=0.491179   ev/simsec=26311.6
     Messages:  created: 3796018   present: 17689   in FES: 204
** Event #4225280   t=188.549287257118   Elapsed: 211.2s (3m 31s)  37% completed  (18% total)
     Speed:     ev/sec=10828.8   simsec/sec=0.470797   ev/simsec=23001
     Messages:  created: 3813243   present: 17953   in FES: 230
** Event #4250368   t=189.524194867536   Elapsed: 213.246s (3m 33s)  37% completed  (18% total)
     Speed:     ev/sec=12262.1   simsec/sec=0.476499   ev/simsec=25733.7
     Messages:  created: 3833878   present: 18188   in FES: 254
** Event #4275456   t=190.506377598092   Elapsed: 215.26s (3m 35s)  38% completed  (19% total)
     Speed:     ev/sec=12454.3   simsec/sec=0.48758   ev/simsec=25543.1
     Messages:  created: 3853452   present: 18383   in FES: 243
** Event #4285696   t=190.591356750059   Elapsed: 217.284s (3m 37s)  38% completed  (19% total)
     Speed:     ev/sec=5059.91   simsec/sec=0.0419909   ev/simsec=120500
     Messages:  created: 3861849   present: 18375   in FES: 254
** Event #4310528   t=191.551120717723   Elapsed: 219.304s (3m 39s)  38% completed  (19% total)
     Speed:     ev/sec=12292.1   simsec/sec=0.475094   ev/simsec=25873
     Messages:  created: 3881631   present: 18581   in FES: 238
** Event #4333312   t=192.554123607529   Elapsed: 221.343s (3m 41s)  38% completed  (19% total)
     Speed:     ev/sec=11173.7   simsec/sec=0.491893   ev/simsec=22715.8
     Messages:  created: 3899684   present: 18809   in FES: 249
** Event #4357632   t=193.542123664089   Elapsed: 223.38s (3m 43s)  38% completed  (19% total)
     Speed:     ev/sec=11939.9   simsec/sec=0.485057   ev/simsec=24615.4
     Messages:  created: 3920289   present: 18986   in FES: 245
** Event #4381440   t=194.517457951745   Elapsed: 225.409s (3m 45s)  38% completed  (19% total)
     Speed:     ev/sec=11735.3   simsec/sec=0.480758   ev/simsec=24410.1
     Messages:  created: 3940627   present: 19191   in FES: 248
** Event #4399872   t=195.062491717821   Elapsed: 227.409s (3m 47s)  39% completed  (19% total)
     Speed:     ev/sec=9212.9   simsec/sec=0.272425   ev/simsec=33818.1
     Messages:  created: 3956364   present: 19309   in FES: 245
** Event #4429056   t=196.091721527469   Elapsed: 229.413s (3m 49s)  39% completed  (19% total)
     Speed:     ev/sec=14562.7   simsec/sec=0.513582   ev/simsec=28355.2
     Messages:  created: 3981033   present: 19457   in FES: 226
** Event #4457728   t=197.542124894238   Elapsed: 231.446s (3m 51s)  39% completed  (19% total)
     Speed:     ev/sec=14105.6   simsec/sec=0.713549   ev/simsec=19768.3
     Messages:  created: 4004961   present: 19715   in FES: 220
** Event #4483328   t=198.547174848263   Elapsed: 233.462s (3m 53s)  39% completed  (19% total)
     Speed:     ev/sec=12696.6   simsec/sec=0.498465   ev/simsec=25471.4
     Messages:  created: 4026687   present: 20019   in FES: 254
** Event #4512000   t=199.571319034887   Elapsed: 235.47s (3m 55s)  39% completed  (19% total)
     Speed:     ev/sec=14277.4   simsec/sec=0.50998   ev/simsec=27996.1
     Messages:  created: 4050783   present: 20149   in FES: 226
** Event #4542976   t=200.666266201309   Elapsed: 237.479s (3m 57s)  40% completed  (20% total)
     Speed:     ev/sec=15424.5   simsec/sec=0.545229   ev/simsec=28289.9
     Messages:  created: 4077228   present: 20285   in FES: 202
** Event #4584448   t=202.552981648492   Elapsed: 239.486s (3m 59s)  40% completed  (20% total)
     Speed:     ev/sec=20664.1   simsec/sec=0.940087   ev/simsec=21981.1
     Messages:  created: 4111847   present: 20789   in FES: 254
** Event #4614656   t=203.59204399517   Elapsed: 241.506s (4m 01s)  40% completed  (20% total)
     Speed:     ev/sec=14949.7   simsec/sec=0.514225   ev/simsec=29072.4
     Messages:  created: 4137495   present: 20948   in FES: 225
** Event #4643328   t=204.747293769848   Elapsed: 243.511s (4m 03s)  40% completed  (20% total)
     Speed:     ev/sec=14303.4   simsec/sec=0.576309   ev/simsec=24818.9
     Messages:  created: 4161778   present: 21101   in FES: 203
** Event #4683776   t=206.54749566244   Elapsed: 245.515s (4m 05s)  41% completed  (20% total)
     Speed:     ev/sec=20184.5   simsec/sec=0.898342   ev/simsec=22468.6
     Messages:  created: 4195567   present: 21525   in FES: 222
** Event #4714496   t=207.590032789456   Elapsed: 247.52s (4m 07s)  41% completed  (20% total)
     Speed:     ev/sec=15318.4   simsec/sec=0.519857   ev/simsec=29466.6
     Messages:  created: 4221964   present: 21681   in FES: 204
** Event #4754944   t=209.097136204237   Elapsed: 249.525s (4m 09s)  41% completed  (20% total)
     Speed:     ev/sec=20178.6   simsec/sec=0.75186   ev/simsec=26838.2
     Messages:  created: 4256372   present: 22132   in FES: 254
** Event #4785152   t=210.569154985181   Elapsed: 251.554s (4m 11s)  42% completed  (21% total)
     Speed:     ev/sec=14887.7   simsec/sec=0.72547   ev/simsec=20521.5
     Messages:  created: 4281836   present: 22341   in FES: 225
** Event #4815360   t=211.595338618369   Elapsed: 253.554s (4m 13s)  42% completed  (21% total)
     Speed:     ev/sec=15100.5   simsec/sec=0.512971   ev/simsec=29437.2
     Messages:  created: 4308247   present: 22572   in FES: 233
** Event #4857088   t=213.547197345973   Elapsed: 255.58s (4m 15s)  42% completed  (21% total)
     Speed:     ev/sec=20601.4   simsec/sec=0.963648   ev/simsec=21378.6
     Messages:  created: 4343037   present: 23017   in FES: 254
** Event #4889344   t=214.590126888897   Elapsed: 257.588s (4m 17s)  42% completed  (21% total)
     Speed:     ev/sec=16063.3   simsec/sec=0.519373   ev/simsec=30928.3
     Messages:  created: 4370967   present: 23220   in FES: 249
** Event #4927232   t=216.09414191707   Elapsed: 259.59s (4m 19s)  43% completed  (21% total)
     Speed:     ev/sec=18921.3   simsec/sec=0.751107   ev/simsec=25191.2
     Messages:  created: 4402771   present: 23390   in FES: 204
** Event #4959744   t=217.572665915497   Elapsed: 261.59s (4m 21s)  43% completed  (21% total)
     Speed:     ev/sec=16255.3   simsec/sec=0.739229   ev/simsec=21989.5
     Messages:  created: 4430479   present: 23835   in FES: 252
** Event #4997120   t=219.085851406911   Elapsed: 263.593s (4m 23s)  43% completed  (21% total)
     Speed:     ev/sec=18658.2   simsec/sec=0.755385   ev/simsec=24700.2
     Messages:  created: 4463367   present: 24107   in FES: 246
** Event #5028608   t=220.568734099181   Elapsed: 265.617s (4m 25s)  44% completed  (22% total)
     Speed:     ev/sec=15563.2   simsec/sec=0.732928   ev/simsec=21234.3
     Messages:  created: 4491586   present: 24407   in FES: 245
** Event #5061376   t=222.057398683358   Elapsed: 267.624s (4m 27s)  44% completed  (22% total)
     Speed:     ev/sec=16327.1   simsec/sec=0.741749   ev/simsec=22011.7
     Messages:  created: 4520605   present: 24674   in FES: 235
** Event #5092352   t=223.510754526992   Elapsed: 269.629s (4m 29s)  44% completed  (22% total)
     Speed:     ev/sec=15446.2   simsec/sec=0.724719   ev/simsec=21313.4
     Messages:  created: 4547734   present: 24994   in FES: 254
** Event #5119488   t=224.522599558771   Elapsed: 271.66s (4m 31s)  44% completed  (22% total)
     Speed:     ev/sec=13364   simsec/sec=0.498317   ev/simsec=26818.3
     Messages:  created: 4571292   present: 25187   in FES: 239
** Event #5148416   t=225.576958137214   Elapsed: 273.662s (4m 33s)  45% completed  (22% total)
     Speed:     ev/sec=14445.6   simsec/sec=0.526508   ev/simsec=27436.6
     Messages:  created: 4596138   present: 25400   in FES: 254
** Event #5193728   t=227.515033515225   Elapsed: 275.672s (4m 35s)  45% completed  (22% total)
     Speed:     ev/sec=22542.7   simsec/sec=0.964193   ev/simsec=23379.9
     Messages:  created: 4636220   present: 25837   in FES: 276
** Event #5226240   t=228.567553675374   Elapsed: 277.678s (4m 37s)  45% completed  (22% total)
     Speed:     ev/sec=16210.9   simsec/sec=0.524799   ev/simsec=30889.7
     Messages:  created: 4665742   present: 25962   in FES: 297
** Event #5274368   t=230.515850512288   Elapsed: 279.695s (4m 39s)  46% completed  (23% total)
     Speed:     ev/sec=23862.6   simsec/sec=0.965996   ev/simsec=24702.6
     Messages:  created: 4709581   present: 26466   in FES: 301
** Event #5308928   t=231.603065429478   Elapsed: 281.712s (4m 41s)  46% completed  (23% total)
     Speed:     ev/sec=17131.1   simsec/sec=0.538924   ev/simsec=31787.6
     Messages:  created: 4740375   present: 26663   in FES: 292
** Event #5352704   t=233.57187571076   Elapsed: 283.714s (4m 43s)  46% completed  (23% total)
     Speed:     ev/sec=21862.6   simsec/sec=0.983264   ev/simsec=22234.7
     Messages:  created: 4777651   present: 27033   in FES: 288
** Event #5383680   t=234.844842730556   Elapsed: 285.717s (4m 45s)  46% completed  (23% total)
     Speed:     ev/sec=15463.5   simsec/sec=0.635479   ev/simsec=24333.7
     Messages:  created: 4804522   present: 13500   in FES: 226
** Event #5425152   t=236.563437644966   Elapsed: 287.718s (4m 47s)  47% completed  (23% total)
     Speed:     ev/sec=20732.8   simsec/sec=0.859163   ev/simsec=24131.3
     Messages:  created: 4839737   present: 2270   in FES: 254
** Event #5455872   t=237.603065695765   Elapsed: 289.729s (4m 49s)  47% completed  (23% total)
     Speed:     ev/sec=15275.5   simsec/sec=0.516956   ev/simsec=29549
     Messages:  created: 4866378   present: 2474   in FES: 233
** Event #5501440   t=239.593005963359   Elapsed: 291.733s (4m 51s)  47% completed  (23% total)
     Speed:     ev/sec=22734.4   simsec/sec=0.992805   ev/simsec=22899.2
     Messages:  created: 4905276   present: 2988   in FES: 277
** Event #5545216   t=241.538043572817   Elapsed: 293.74s (4m 53s)  48% completed  (24% total)
     Speed:     ev/sec=21810.4   simsec/sec=0.969073   ev/simsec=22506.5
     Messages:  created: 4942632   present: 3186   in FES: 215
** Event #5581824   t=243.04027596808   Elapsed: 295.747s (4m 55s)  48% completed  (24% total)
     Speed:     ev/sec=18245.6   simsec/sec=0.74872   ev/simsec=24369.1
     Messages:  created: 4974596   present: 3564   in FES: 243
** Event #5620736   t=244.571667725829   Elapsed: 297.766s (4m 57s)  48% completed  (24% total)
     Speed:     ev/sec=19269.9   simsec/sec=0.758373   ev/simsec=25409.6
     Messages:  created: 5007778   present: 3843   in FES: 230
** Event #5654272   t=246.027626643607   Elapsed: 299.769s (4m 59s)  49% completed  (24% total)
     Speed:     ev/sec=16741.9   simsec/sec=0.726848   ev/simsec=23033.6
     Messages:  created: 5036629   present: 4098   in FES: 220
** Event #5693184   t=247.547782132709   Elapsed: 301.782s (5m 01s)  49% completed  (24% total)
     Speed:     ev/sec=19327.2   simsec/sec=0.755047   ev/simsec=25597.4
     Messages:  created: 5069388   present: 4452   in FES: 237
** Event #5721856   t=248.574357916262   Elapsed: 303.807s (5m 03s)  49% completed  (24% total)
     Speed:     ev/sec=14158.9   simsec/sec=0.506948   ev/simsec=27929.7
     Messages:  created: 5093640   present: 4666   in FES: 237
** Event #5762816   t=250.509019661462   Elapsed: 305.829s (5m 05s)  50% completed  (25% total)
     Speed:     ev/sec=20261.6   simsec/sec=0.957016   ev/simsec=21171.7
     Messages:  created: 5128835   present: 4939   in FES: 204
** Event #5791744   t=251.569867509352   Elapsed: 307.849s (5m 07s)  50% completed  (25% total)
     Speed:     ev/sec=14323.3   simsec/sec=0.525266   ev/simsec=27268.8
     Messages:  created: 5154317   present: 5165   in FES: 203
** Event #5825024   t=253.048604969477   Elapsed: 309.849s (5m 09s)  50% completed  (25% total)
     Speed:     ev/sec=16639.2   simsec/sec=0.739334   ev/simsec=22505.7
     Messages:  created: 5183125   present: 5586   in FES: 254
** Event #5860352   t=254.559786415849   Elapsed: 311.856s (5m 11s)  50% completed  (25% total)
     Speed:     ev/sec=17597.7   simsec/sec=0.752754   ev/simsec=23377.7
     Messages:  created: 5214182   present: 5872   in FES: 243
** Event #5893888   t=256.061518762921   Elapsed: 313.86s (5m 13s)  51% completed  (25% total)
     Speed:     ev/sec=16733.8   simsec/sec=0.749335   ev/simsec=22331.5
     Messages:  created: 5244601   present: 6211   in FES: 253
** Event #5929472   t=257.607391105583   Elapsed: 315.867s (5m 15s)  51% completed  (25% total)
     Speed:     ev/sec=17733.4   simsec/sec=0.770389   ev/simsec=23018.7
     Messages:  created: 5277930   present: 6497   in FES: 248
** Event #5973248   t=260.040223775745   Elapsed: 317.874s (5m 17s)  52% completed  (26% total)
     Speed:     ev/sec=21806.9   simsec/sec=1.21191   ev/simsec=17993.8
     Messages:  created: 5318979   present: 6974   in FES: 254
** Event #6024704   t=262.557194916636   Elapsed: 319.883s (5m 19s)  52% completed  (26% total)
     Speed:     ev/sec=25621   simsec/sec=1.25325   ev/simsec=20443.6
     Messages:  created: 5367416   present: 7353   in FES: 204
** Event #6084608   t=265.54331999903   Elapsed: 321.889s (5m 21s)  53% completed  (26% total)
     Speed:     ev/sec=29859   simsec/sec=1.48843   ev/simsec=20060.8
     Messages:  created: 5423929   present: 8067   in FES: 241
** Event #6141440   t=268.094142161903   Elapsed: 323.889s (5m 23s)  53% completed  (26% total)
     Speed:     ev/sec=28412.5   simsec/sec=1.27526   ev/simsec=22279.9
     Messages:  created: 5477716   present: 8591   in FES: 254
** Event #6201856   t=271.089359412954   Elapsed: 325.892s (5m 25s)  54% completed  (27% total)
     Speed:     ev/sec=30169.1   simsec/sec=1.49568   ev/simsec=20170.8
     Messages:  created: 5534642   present: 9217   in FES: 254
** Event #6251264   t=273.585891389093   Elapsed: 327.895s (5m 27s)  54% completed  (27% total)
     Speed:     ev/sec=24670.2   simsec/sec=1.24656   ev/simsec=19790.7
     Messages:  created: 5581162   present: 9704   in FES: 251
** Event #6313728   t=276.607643293167   Elapsed: 329.911s (5m 29s)  55% completed  (27% total)
     Speed:     ev/sec=30983   simsec/sec=1.49883   ev/simsec=20671.5
     Messages:  created: 5640638   present: 10271   in FES: 238
** Event #6371584   t=279.596128752915   Elapsed: 331.922s (5m 31s)  55% completed  (27% total)
     Speed:     ev/sec=28771.4   simsec/sec=1.48615   ev/simsec=19359.6
     Messages:  created: 5696406   present: 10844   in FES: 229
** Event #6438400   t=283.066011643459   Elapsed: 333.924s (5m 33s)  56% completed  (28% total)
     Speed:     ev/sec=33365.6   simsec/sec=1.73274   ev/simsec=19256
     Messages:  created: 5760535   present: 11566   in FES: 236
** Event #6505728   t=286.572109867384   Elapsed: 335.93s (5m 35s)  57% completed  (28% total)
     Speed:     ev/sec=33559.1   simsec/sec=1.74758   ev/simsec=19203.1
     Messages:  created: 5824991   present: 12407   in FES: 281
** Event #6572800   t=290.014357774026   Elapsed: 337.932s (5m 37s)  58% completed  (29% total)
     Speed:     ev/sec=33501.8   simsec/sec=1.71937   ev/simsec=19484.9
     Messages:  created: 5889158   present: 12980   in FES: 249
** Event #6629120   t=292.562527780617   Elapsed: 339.936s (5m 39s)  58% completed  (29% total)
     Speed:     ev/sec=28105.3   simsec/sec=1.27161   ev/simsec=22102.1
     Messages:  created: 5941963   present: 13473   in FES: 241
** Event #6673664   t=294.534760747994   Elapsed: 341.945s (5m 41s)  58% completed  (29% total)
     Speed:     ev/sec=22171.7   simsec/sec=0.981676   ev/simsec=22585.6
     Messages:  created: 5981238   present: 13829   in FES: 230
** Event #6702336   t=295.568398632573   Elapsed: 343.971s (5m 43s)  59% completed  (29% total)
     Speed:     ev/sec=14154   simsec/sec=0.510259   ev/simsec=27738.9
     Messages:  created: 6005657   present: 14060   in FES: 254
** Event #6729984   t=296.589981551148   Elapsed: 345.977s (5m 45s)  59% completed  (29% total)
     Speed:     ev/sec=13784   simsec/sec=0.509313   ev/simsec=27063.9
     Messages:  created: 6028881   present: 14288   in FES: 248
** Event #6753280   t=297.533697770551   Elapsed: 347.985s (5m 47s)  59% completed  (29% total)
     Speed:     ev/sec=11599.3   simsec/sec=0.469884   ev/simsec=24685.4
     Messages:  created: 6047559   present: 14409   in FES: 217
** Event #6779392   t=298.533412816065   Elapsed: 350.012s (5m 50s)  59% completed  (29% total)
     Speed:     ev/sec=12885.5   simsec/sec=0.493328   ev/simsec=26119.4
     Messages:  created: 6068515   present: 14601   in FES: 215
** Event #6805248   t=299.530763410112   Elapsed: 352.048s (5m 52s)  59% completed  (29% total)
     Speed:     ev/sec=12695.9   simsec/sec=0.489722   ev/simsec=25924.7
     Messages:  created: 6088959   present: 14859   in FES: 239
** Event #6821632   t=300.053523672091   Elapsed: 354.049s (5m 54s)  60% completed  (30% total)
     Speed:     ev/sec=8188.3   simsec/sec=0.261262   ev/simsec=31341.3
     Messages:  created: 6101867   present: 14943   in FES: 233
** Event #6840320   t=300.566701776693   Elapsed: 356.077s (5m 56s)  60% completed  (30% total)
     Speed:     ev/sec=9217.64   simsec/sec=0.253119   ev/simsec=36416.2
     Messages:  created: 6117030   present: 15104   in FES: 253
** Event #6862336   t=301.525607502294   Elapsed: 358.092s (5m 58s)  60% completed  (30% total)
     Speed:     ev/sec=10924.3   simsec/sec=0.475807   ev/simsec=22959.5
     Messages:  created: 6134585   present: 15265   in FES: 237
** Event #6886144   t=302.509331117465   Elapsed: 360.101s (6m 00s)  60% completed  (30% total)
     Speed:     ev/sec=11850.6   simsec/sec=0.489654   ev/simsec=24201.9
     Messages:  created: 6153457   present: 15437   in FES: 237
** Event #6911744   t=303.511607368985   Elapsed: 362.103s (6m 02s)  60% completed  (30% total)
     Speed:     ev/sec=12786.3   simsec/sec=0.500601   ev/simsec=25541.9
     Messages:  created: 6175109   present: 15678   in FES: 250
** Event #6937088   t=304.511608644759   Elapsed: 364.124s (6m 04s)  60% completed  (30% total)
     Speed:     ev/sec=12540.6   simsec/sec=0.494816   ev/simsec=25344
     Messages:  created: 6196487   present: 15821   in FES: 231
** Event #6963712   t=305.520710558167   Elapsed: 366.16s (6m 06s)  61% completed  (30% total)
     Speed:     ev/sec=13076.6   simsec/sec=0.495627   ev/simsec=26383.9
     Messages:  created: 6219480   present: 16033   in FES: 229
** Event #6990848   t=306.536101251517   Elapsed: 368.168s (6m 08s)  61% completed  (30% total)
     Speed:     ev/sec=13517.1   simsec/sec=0.50579   ev/simsec=26724.7
     Messages:  created: 6242865   present: 16208   in FES: 222
** Event #7018496   t=307.568065803016   Elapsed: 370.179s (6m 10s)  61% completed  (30% total)
     Speed:     ev/sec=13743.7   simsec/sec=0.512986   ev/simsec=26791.6
     Messages:  created: 6266493   present: 16434   in FES: 228
** Event #7053056   t=309.056090344946   Elapsed: 372.183s (6m 12s)  61% completed  (30% total)
     Speed:     ev/sec=17245.3   simsec/sec=0.742518   ev/simsec=23225.4
     Messages:  created: 6295749   present: 16788   in FES: 254
** Event #7088128   t=310.524608551824   Elapsed: 374.189s (6m 14s)  62% completed  (31% total)
     Speed:     ev/sec=17488.1   simsec/sec=0.732253   ev/simsec=23882.6
     Messages:  created: 6325901   present: 17025   in FES: 225
** Event #7120640   t=311.600242671949   Elapsed: 376.214s (6m 16s)  62% completed  (31% total)
     Speed:     ev/sec=16049.8   simsec/sec=0.530995   ev/simsec=30225.9
     Messages:  created: 6353780   present: 17269   in FES: 254
** Event #7163904   t=313.531044299166   Elapsed: 378.228s (6m 18s)  62% completed  (31% total)
     Speed:     ev/sec=21486.6   simsec/sec=0.958912   ev/simsec=22407.3
     Messages:  created: 6390429   present: 17677   in FES: 243
** Event #7199744   t=315.035130351748   Elapsed: 380.23s (6m 20s)  63% completed  (31% total)
     Speed:     ev/sec=17903.3   simsec/sec=0.751344   ev/simsec=23828.4
     Messages:  created: 6420629   present: 17981   in FES: 247
** Event #7238912   t=316.531044375322   Elapsed: 382.233s (6m 22s)  63% completed  (31% total)
     Speed:     ev/sec=19553.4   simsec/sec=0.746788   ev/simsec=26183.3
     Messages:  created: 6454049   present: 18269   in FES: 241
** Event #7268096   t=317.584816050372   Elapsed: 384.252s (6m 24s)  63% completed  (31% total)
     Speed:     ev/sec=14457   simsec/sec=0.52201   ev/simsec=27694.8
     Messages:  created: 6478692   present: 18477   in FES: 244
** Event #7303424   t=319.057397158393   Elapsed: 386.256s (6m 26s)  63% completed  (31% total)
     Speed:     ev/sec=17627.3   simsec/sec=0.734761   ev/simsec=23990.5
     Messages:  created: 6508154   present: 18763   in FES: 238
** Event #7340800   t=320.536957994924   Elapsed: 388.263s (6m 28s)  64% completed  (32% total)
     Speed:     ev/sec=18618.6   simsec/sec=0.737032   ev/simsec=25261.5
     Messages:  created: 6540477   present: 19066   in FES: 254
** Event #7369728   t=321.575983003806   Elapsed: 390.283s (6m 30s)  64% completed  (32% total)
     Speed:     ev/sec=14324.7   simsec/sec=0.514509   ev/simsec=27841.5
     Messages:  created: 6564674   present: 19219   in FES: 220
** Event #7397376   t=322.597230923559   Elapsed: 392.304s (6m 32s)  64% completed  (32% total)
     Speed:     ev/sec=13678.8   simsec/sec=0.505261   ev/simsec=27072.8
     Messages:  created: 6587939   present: 19448   in FES: 230
** Event #7438848   t=324.512608351298   Elapsed: 394.316s (6m 34s)  64% completed  (32% total)
     Speed:     ev/sec=20606.9   simsec/sec=0.951724   ev/simsec=21652.1
     Messages:  created: 6621964   present: 19801   in FES: 224
** Event #7469568   t=325.547698285484   Elapsed: 396.352s (6m 36s)  65% completed  (32% total)
     Speed:     ev/sec=15093.3   simsec/sec=0.50856   ev/simsec=29678.6
     Messages:  created: 6648662   present: 20095   in FES: 250
** Event #7498752   t=326.575666603669   Elapsed: 398.357s (6m 38s)  65% completed  (32% total)
     Speed:     ev/sec=14556   simsec/sec=0.512715   ev/simsec=28390
     Messages:  created: 6673012   present: 20282   in FES: 241
** Event #7526144   t=327.580778725566   Elapsed: 400.404s (6m 40s)  65% completed  (32% total)
     Speed:     ev/sec=13378   simsec/sec=0.490886   ev/simsec=27252.7
     Messages:  created: 6695730   present: 20481   in FES: 254
** Event #7551232   t=328.564671512568   Elapsed: 402.41s (6m 42s)  65% completed  (32% total)
     Speed:     ev/sec=12509.8   simsec/sec=0.490606   ev/simsec=25498.7
     Messages:  created: 6716023   present: 20643   in FES: 231
** Event #7577344   t=329.550399893517   Elapsed: 404.42s (6m 44s)  65% completed  (32% total)
     Speed:     ev/sec=12990.9   simsec/sec=0.490408   ev/simsec=26490.1
     Messages:  created: 6737332   present: 20843   in FES: 234
** Event #7604992   t=330.559853348492   Elapsed: 406.432s (6m 46s)  66% completed  (33% total)
     Speed:     ev/sec=13739.7   simsec/sec=0.501649   ev/simsec=27389.1
     Messages:  created: 6759802   present: 21084   in FES: 247
** Event #7631872   t=331.559658840718   Elapsed: 408.464s (6m 48s)  66% completed  (33% total)
     Speed:     ev/sec=13231.2   simsec/sec=0.492137   ev/simsec=26885.2
     Messages:  created: 6781221   present: 21151   in FES: 204
** Event #7659520   t=332.544227990012   Elapsed: 410.494s (6m 50s)  66% completed  (33% total)
     Speed:     ev/sec=13616.9   simsec/sec=0.48491   ev/simsec=28081.3
     Messages:  created: 6803697   present: 21473   in FES: 245
** Event #7686144   t=333.532525105399   Elapsed: 412.509s (6m 52s)  66% completed  (33% total)
     Speed:     ev/sec=13212.5   simsec/sec=0.490454   ev/simsec=26939.3
     Messages:  created: 6825043   present: 21706   in FES: 252
** Event #7711232   t=334.520468390705   Elapsed: 414.51s (6m 54s)  66% completed  (33% total)
     Speed:     ev/sec=12536.5   simsec/sec=0.493675   ev/simsec=25394.2
     Messages:  created: 6845201   present: 22059   in FES: 305
** Event #7737088   t=335.099600594528   Elapsed: 416.512s (6m 56s)  67% completed  (33% total)
     Speed:     ev/sec=12914.3   simsec/sec=0.28926   ev/simsec=44646.1
     Messages:  created: 6865366   present: 21924   in FES: 221
** Event #7750400   t=335.609456433724   Elapsed: 418.523s (6m 58s)  67% completed  (33% total)
     Speed:     ev/sec=6620.65   simsec/sec=0.253574   ev/simsec=26109.3
     Messages:  created: 6876362   present: 22065   in FES: 238
** Event #7774720   t=336.572872683219   Elapsed: 420.538s (7m 00s)  67% completed  (33% total)
     Speed:     ev/sec=12069.5   simsec/sec=0.478124   ev/simsec=25243.5
     Messages:  created: 6895876   present: 22223   in FES: 224
** Event #7798528   t=337.53127088229   Elapsed: 422.59s (7m 02s)  67% completed  (33% total)
     Speed:     ev/sec=11601.2   simsec/sec=0.467011   ev/simsec=24841.4
     Messages:  created: 6914971   present: 22366   in FES: 206
** Event #7822336   t=338.512607503307   Elapsed: 424.608s (7m 04s)  67% completed  (33% total)
     Speed:     ev/sec=11797.7   simsec/sec=0.486286   ev/simsec=24260.8
     Messages:  created: 6933640   present: 22652   in FES: 239
** Event #7840512   t=339.057343132347   Elapsed: 426.613s (7m 06s)  67% completed  (33% total)
     Speed:     ev/sec=9067.35   simsec/sec=0.271749   ev/simsec=33366.6
     Messages:  created: 6948638   present: 22777   in FES: 254
** Event #7856896   t=339.570924548473   Elapsed: 428.647s (7m 08s)  67% completed  (33% total)
     Speed:     ev/sec=8056.14   simsec/sec=0.252532   ev/simsec=31901.5
     Messages:  created: 6962008   present: 22862   in FES: 233
** Event #7880960   t=340.566440563024   Elapsed: 430.685s (7m 10s)  68% completed  (34% total)
     Speed:     ev/sec=11804.7   simsec/sec=0.488354   ev/simsec=24172.4
     Messages:  created: 6981811   present: 23110   in FES: 254
** Event #7905792   t=341.558449079868   Elapsed: 432.693s (7m 12s)  68% completed  (34% total)
     Speed:     ev/sec=12369.3   simsec/sec=0.494139   ev/simsec=25032
     Messages:  created: 7002453   present: 23271   in FES: 242
** Event #7931904   t=342.567356641144   Elapsed: 434.717s (7m 14s)  68% completed  (34% total)
     Speed:     ev/sec=12899.8   simsec/sec=0.49842   ev/simsec=25881.5
     Messages:  created: 7024520   present: 23493   in FES: 248
** Event #7958272   t=343.582915436041   Elapsed: 436.725s (7m 16s)  68% completed  (34% total)
     Speed:     ev/sec=13129.2   simsec/sec=0.505669   ev/simsec=25964
     Messages:  created: 7046734   present: 23619   in FES: 222
** Event #7983872   t=344.596041003438   Elapsed: 438.736s (7m 18s)  68% completed  (34% total)
     Speed:     ev/sec=12729.3   simsec/sec=0.503766   ev/simsec=25268.3
     Messages:  created: 7068481   present: 23761   in FES: 204
** Event #8019456   t=346.07583529242   Elapsed: 440.738s (7m 20s)  69% completed  (34% total)
     Speed:     ev/sec=17776.2   simsec/sec=0.739241   ev/simsec=24046.6
     Messages:  created: 7098684   present: 24145   in FES: 232
** Event #8052992   t=347.556089105434   Elapsed: 442.747s (7m 22s)  69% completed  (34% total)
     Speed:     ev/sec=16692.4   simsec/sec=0.736789   ev/simsec=22655.6
     Messages:  created: 7127227   present: 24353   in FES: 204
** Event #8088832   t=349.044196586453   Elapsed: 444.748s (7m 24s)  69% completed  (34% total)
     Speed:     ev/sec=17914.5   simsec/sec=0.743824   ev/simsec=24084.3
     Messages:  created: 7157794   present: 24783   in FES: 254
** Event #8123136   t=350.51885057213   Elapsed: 446.767s (7m 26s)  70% completed  (35% total)
     Speed:     ev/sec=16992.8   simsec/sec=0.730483   ev/simsec=23262.4
     Messages:  created: 7186994   present: 25067   in FES: 244
** Event #8154880   t=351.582951330492   Elapsed: 448.789s (7m 28s)  70% completed  (35% total)
     Speed:     ev/sec=15699   simsec/sec=0.526252   ev/simsec=29831.8
     Messages:  created: 7214068   present: 25295   in FES: 254
** Event #8197120   t=353.51530703501   Elapsed: 450.816s (7m 30s)  70% completed  (35% total)
     Speed:     ev/sec=20833.8   simsec/sec=0.953083   ev/simsec=21859.3
     Messages:  created: 7250294   present: 25685   in FES: 256
** Event #8233472   t=354.570437610103   Elapsed: 452.835s (7m 32s)  70% completed  (35% total)
     Speed:     ev/sec=18001   simsec/sec=0.522487   ev/simsec=34452.6
     Messages:  created: 7284601   present: 25907   in FES: 285
** Event #8274176   t=355.831355511818   Elapsed: 454.837s (7m 34s)  71% completed  (35% total)
     Speed:     ev/sec=20338.5   simsec/sec=0.63004   ev/simsec=32281.2
     Messages:  created: 7325331   present: 26056   in FES: 256
** Event #8321280   t=357.563489531096   Elapsed: 456.854s (7m 36s)  71% completed  (35% total)
     Speed:     ev/sec=23353.5   simsec/sec=0.858768   ev/simsec=27194.2
     Messages:  created: 7368293   present: 26477   in FES: 277
** Event #8358400   t=358.699584309266   Elapsed: 458.86s (7m 38s)  71% completed  (35% total)
     Speed:     ev/sec=18502.2   simsec/sec=0.566279   ev/simsec=32673.3
     Messages:  created: 7404005   present: 26739   in FES: 335
** Event #8409088   t=360.557599709212   Elapsed: 460.877s (7m 40s)  72% completed  (36% total)
     Speed:     ev/sec=25135.5   simsec/sec=0.921366   ev/simsec=27280.7
     Messages:  created: 7452737   present: 27080   in FES: 279
** Event #8445440   t=362.000205838157   Elapsed: 462.881s (7m 42s)  72% completed  (36% total)
     Speed:     ev/sec=18135.3   simsec/sec=0.719688   ev/simsec=25198.8
     Messages:  created: 7486864   present: 12683   in FES: 275
** Event #8485632   t=363.562075420181   Elapsed: 464.901s (7m 44s)  72% completed  (36% total)
     Speed:     ev/sec=19899.2   simsec/sec=0.773288   ev/simsec=25733.3
     Messages:  created: 7521994   present: 2253   in FES: 229
** Event #8521216   t=365.064278059213   Elapsed: 466.906s (7m 46s)  73% completed  (36% total)
     Speed:     ev/sec=17742.7   simsec/sec=0.74902   ev/simsec=23687.9
     Messages:  created: 7553413   present: 2585   in FES: 238
** Event #8559104   t=366.603548153866   Elapsed: 468.907s (7m 48s)  73% completed  (36% total)
     Speed:     ev/sec=18937.6   simsec/sec=0.769375   ev/simsec=24614.3
     Messages:  created: 7587456   present: 2914   in FES: 254
** Event #8608000   t=369.054404199116   Elapsed: 470.914s (7m 50s)  73% completed  (36% total)
     Speed:     ev/sec=24361.7   simsec/sec=1.2211   ev/simsec=19950.6
     Messages:  created: 7631495   present: 3383   in FES: 242
** Event #8659712   t=371.538605929385   Elapsed: 472.915s (7m 52s)  74% completed  (37% total)
     Speed:     ev/sec=25850.5   simsec/sec=1.24183   ev/simsec=20816.3
     Messages:  created: 7678784   present: 3827   in FES: 223
** Event #8706048   t=373.585797349949   Elapsed: 474.921s (7m 54s)  74% completed  (37% total)
     Speed:     ev/sec=23097.2   simsec/sec=1.02047   ev/simsec=22633.9
     Messages:  created: 7721881   present: 4285   in FES: 254
** Event #8765952   t=376.571087860903   Elapsed: 476.931s (7m 56s)  75% completed  (37% total)
     Speed:     ev/sec=29802   simsec/sec=1.48517   ev/simsec=20066.4
     Messages:  created: 7777792   present: 4803   in FES: 209
** Event #8830208   t=379.631355511818   Elapsed: 478.937s (7m 58s)  75% completed  (37% total)
     Speed:     ev/sec=32032.2   simsec/sec=1.52557   ev/simsec=20996.9
     Messages:  created: 7838488   present: 5375   in FES: 202
** Event #8905216   t=383.567183168105   Elapsed: 480.946s (8m 00s)  76% completed  (38% total)
     Speed:     ev/sec=37333.1   simsec/sec=1.95895   ev/simsec=19057.7
     Messages:  created: 7909490   present: 6324   in FES: 250
** Event #8980224   t=387.517752547662   Elapsed: 482.951s (8m 02s)  77% completed  (38% total)
     Speed:     ev/sec=37402.1   simsec/sec=1.96992   ev/simsec=18986.6
     Messages:  created: 7980549   present: 7061   in FES: 254
** Event #9043456   t=390.564316762848   Elapsed: 484.959s (8m 04s)  78% completed  (39% total)
     Speed:     ev/sec=31492.8   simsec/sec=1.51735   ev/simsec=20755.2
     Messages:  created: 8040603   present: 7691   in FES: 242
** Event #9109248   t=394.012284111203   Elapsed: 486.963s (8m 06s)  78% completed  (39% total)
     Speed:     ev/sec=32831.9   simsec/sec=1.72063   ev/simsec=19081.4
     Messages:  created: 8102881   present: 8385   in FES: 254
** Event #9169152   t=396.600379900955   Elapsed: 488.967s (8m 08s)  79% completed  (39% total)
     Speed:     ev/sec=29898.3   simsec/sec=1.29173   ev/simsec=23146
     Messages:  created: 8158794   present: 8794   in FES: 208
** Event #9212672   t=398.560347897817   Elapsed: 490.987s (8m 10s)  79% completed  (39% total)
     Speed:     ev/sec=21543.9   simsec/sec=0.970252   ev/simsec=22204.4
     Messages:  created: 8197125   present: 9325   in FES: 254
** Event #9255424   t=400.535031548402   Elapsed: 492.988s (8m 12s)  80% completed  (40% total)
     Speed:     ev/sec=21361.6   simsec/sec=0.986675   ev/simsec=21650.1
     Messages:  created: 8234139   present: 9697   in FES: 254
** Event #9300736   t=402.532603619584   Elapsed: 494.999s (8m 14s)  80% completed  (40% total)
     Speed:     ev/sec=22537   simsec/sec=0.993541   ev/simsec=22683.5
     Messages:  created: 8273926   present: 10090   in FES: 255
** Event #9349888   t=404.542697016694   Elapsed: 497.01s (8m 17s)  80% completed  (40% total)
     Speed:     ev/sec=24442.7   simsec/sec=0.999596   ev/simsec=24452.6
     Messages:  created: 8317765   present: 10448   in FES: 223
** Event #9399808   t=406.59714215234   Elapsed: 499.012s (8m 19s)  81% completed  (40% total)
     Speed:     ev/sec=24927.4   simsec/sec=1.02588   ev/simsec=24298.5
     Messages:  created: 8361803   present: 10893   in FES: 254
** Event #9443072   t=408.572539461576   Elapsed: 501.028s (8m 21s)  81% completed  (40% total)
     Speed:     ev/sec=21462.2   simsec/sec=0.979945   ev/simsec=21901.4
     Messages:  created: 8399388   present: 11265   in FES: 233
** Event #9493504   t=411.00980668217   Elapsed: 503.032s (8m 23s)  82% completed  (41% total)
     Speed:     ev/sec=25161.9   simsec/sec=1.21602   ev/simsec=20692
     Messages:  created: 8444925   present: 11761   in FES: 238
** Event #9586688   t=412.382252972618   Elapsed: 505.036s (8m 25s)  82% completed  (41% total)
     Speed:     ev/sec=46499.2   simsec/sec=0.684857   ev/simsec=67896.3
     Messages:  created: 8555855   present: 11832   in FES: 237
** Event #9660928   t=413.088927255139   Elapsed: 507.036s (8m 27s)  82% completed  (41% total)
     Speed:     ev/sec=37119.6   simsec/sec=0.353333   ev/simsec=105055
     Messages:  created: 8647813   present: 12107   in FES: 275
** Event #9747456   t=414.036177335964   Elapsed: 509.04s (8m 29s)  82% completed  (41% total)
     Speed:     ev/sec=43191.1   simsec/sec=0.472827   ev/simsec=91346.5
     Messages:  created: 8758704   present: 12114   in FES: 287
** Event #9835776   t=414.985729719913   Elapsed: 511.042s (8m 31s)  82% completed  (41% total)
     Speed:     ev/sec=44099.7   simsec/sec=0.474128   ev/simsec=93012.2
     Messages:  created: 8870215   present: 12124   in FES: 235
** Event #9917440   t=415.806234830088   Elapsed: 513.048s (8m 33s)  83% completed  (41% total)
     Speed:     ev/sec=40727.6   simsec/sec=0.409204   ev/simsec=99528.9
     Messages:  created: 8970756   present: 12207   in FES: 255
** Event #9996800   t=416.611552256978   Elapsed: 515.066s (8m 35s)  83% completed  (41% total)
     Speed:     ev/sec=39313.2   simsec/sec=0.398937   ev/simsec=98545
     Messages:  created: 9068393   present: 12392   in FES: 284
** Event #10087168   t=417.602069286369   Elapsed: 517.074s (8m 37s)  83% completed  (41% total)
     Speed:     ev/sec=45010.1   simsec/sec=0.493353   ev/simsec=91233.2
     Messages:  created: 9181396   present: 12347   in FES: 237
** Event #10175232   t=418.588572379538   Elapsed: 519.079s (8m 39s)  83% completed  (41% total)
     Speed:     ev/sec=43931.2   simsec/sec=0.492122   ev/simsec=89268.9
     Messages:  created: 9291323   present: 12274   in FES: 203
** Event #10261760   t=419.55307754013   Elapsed: 521.08s (8m 41s)  83% completed  (41% total)
     Speed:     ev/sec=43241.2   simsec/sec=0.481998   ev/simsec=89712.3
     Messages:  created: 9399421   present: 12432   in FES: 256
** Event #10351872   t=420.537403012771   Elapsed: 523.083s (8m 43s)  84% completed  (42% total)
     Speed:     ev/sec=44985.4   simsec/sec=0.491392   ev/simsec=91547
     Messages:  created: 9511750   present: 12544   in FES: 255
** Event #10422016   t=421.23539459553   Elapsed: 525.083s (8m 45s)  84% completed  (42% total)
     Speed:     ev/sec=35069.4   simsec/sec=0.348969   ev/simsec=100494
     Messages:  created: 9596988   present: 12598   in FES: 245
** Event #10500096   t=422.073733357713   Elapsed: 527.086s (8m 47s)  84% completed  (42% total)
     Speed:     ev/sec=38972   simsec/sec=0.418439   ev/simsec=93136.6
     Messages:  created: 9694026   present: 12622   in FES: 227
** Event #10576640   t=423.000560544428   Elapsed: 529.091s (8m 49s)  84% completed  (42% total)
     Speed:     ev/sec=38188   simsec/sec=0.462397   ev/simsec=82587.1
     Messages:  created: 9790693   present: 12739   in FES: 287
** Event #10643712   t=423.704974033027   Elapsed: 531.095s (8m 51s)  84% completed  (42% total)
     Speed:     ev/sec=33473.3   simsec/sec=0.351548   ev/simsec=95216.8
     Messages:  created: 9871025   present: 12754   in FES: 254
** Event #10728192   t=424.603816169312   Elapsed: 533.097s (8m 53s)  84% completed  (42% total)
     Speed:     ev/sec=42181.5   simsec/sec=0.448799   ev/simsec=93987.6
     Messages:  created: 9975865   present: 12857   in FES: 239
** Event #10810368   t=425.591101877382   Elapsed: 535.099s (8m 55s)  85% completed  (42% total)
     Speed:     ev/sec=41057.7   simsec/sec=0.493279   ev/simsec=83234.3
     Messages:  created: 10078639   present: 12904   in FES: 243
** Event #10892544   t=426.553088236793   Elapsed: 537.1s (8m 57s)  85% completed  (42% total)
     Speed:     ev/sec=41057   simsec/sec=0.480631   ev/simsec=85423.2
     Messages:  created: 10180272   present: 12977   in FES: 286
** Event #10974464   t=427.517854963305   Elapsed: 539.103s (8m 59s)  85% completed  (42% total)
     Speed:     ev/sec=40913.6   simsec/sec=0.481837   ev/simsec=84911.7
     Messages:  created: 10280958   present: 12971   in FES: 216
** Event #11038464   t=428.220067405954   Elapsed: 541.103s (9m 01s)  85% completed  (42% total)
     Speed:     ev/sec=31990.3   simsec/sec=0.351   ev/simsec=91140.5
     Messages:  created: 10356358   present: 13083   in FES: 254
** Event #11089152   t=428.811995206716   Elapsed: 543.104s (9m 03s)  85% completed  (42% total)
     Speed:     ev/sec=25333.4   simsec/sec=0.295841   ev/simsec=85632.1
     Messages:  created: 10419565   present: 13177   in FES: 283
** Event #11158016   t=429.600599857255   Elapsed: 545.107s (9m 05s)  85% completed  (42% total)
     Speed:     ev/sec=34387.7   simsec/sec=0.393795   ev/simsec=87323.9
     Messages:  created: 10503963   present: 13206   in FES: 241
** Event #11234560   t=430.557133771066   Elapsed: 547.11s (9m 07s)  86% completed  (43% total)
     Speed:     ev/sec=38205   simsec/sec=0.47743   ev/simsec=80022.3
     Messages:  created: 10599594   present: 13275   in FES: 244
** Event #11312128   t=431.532012565901   Elapsed: 549.131s (9m 09s)  86% completed  (43% total)
     Speed:     ev/sec=38383.4   simsec/sec=0.482405   ev/simsec=79566.8
     Messages:  created: 10695244   present: 13327   in FES: 243
** Event #11384832   t=432.220928358347   Elapsed: 551.137s (9m 11s)  86% completed  (43% total)
     Speed:     ev/sec=36250.1   simsec/sec=0.343492   ev/simsec=105534
     Messages:  created: 10783029   present: 13332   in FES: 256
** Event #11452672   t=432.974752632203   Elapsed: 553.138s (9m 13s)  86% completed  (43% total)
     Speed:     ev/sec=33891.1   simsec/sec=0.376591   ev/simsec=89994.4
     Messages:  created: 10869289   present: 13465   in FES: 254
** Event #11521024   t=433.593083844906   Elapsed: 555.157s (9m 15s)  86% completed  (43% total)
     Speed:     ev/sec=33864.2   simsec/sec=0.306345   ev/simsec=110543
     Messages:  created: 10952288   present: 13494   in FES: 254
** Event #11603456   t=434.232399258526   Elapsed: 557.159s (9m 17s)  86% completed  (43% total)
     Speed:     ev/sec=41169.4   simsec/sec=0.319296   ev/simsec=128938
     Messages:  created: 11057251   present: 13656   in FES: 254
** Event #11715328   t=434.402964481721   Elapsed: 559.162s (9m 19s)  86% completed  (43% total)
     Speed:     ev/sec=55859.6   simsec/sec=0.0851661   ev/simsec=655890
     Messages:  created: 11213687   present: 13630   in FES: 235
** Event #11807232   t=434.537456387015   Elapsed: 561.164s (9m 21s)  86% completed  (43% total)
     Speed:     ev/sec=45899.3   simsec/sec=0.0671688   ev/simsec=683342
     Messages:  created: 11341212   present: 13721   in FES: 286
** Event #11879936   t=434.834948352544   Elapsed: 563.167s (9m 23s)  86% completed  (43% total)
     Speed:     ev/sec=36296   simsec/sec=0.148517   ev/simsec=244390
     Messages:  created: 11436556   present: 13534   in FES: 206
** Event #11955712   t=435.565786404127   Elapsed: 565.182s (9m 25s)  87% completed  (43% total)
     Speed:     ev/sec=37612.5   simsec/sec=0.362762   ev/simsec=103684
     Messages:  created: 11528687   present: 13783   in FES: 251
** Event #12025344   t=436.484216431221   Elapsed: 567.185s (9m 27s)  87% completed  (43% total)
     Speed:     ev/sec=34763.8   simsec/sec=0.458526   ev/simsec=75816.3
     Messages:  created: 11613307   present: 13855   in FES: 266
** Event #12072448   t=437.055690107049   Elapsed: 569.192s (9m 29s)  87% completed  (43% total)
     Speed:     ev/sec=23471.6   simsec/sec=0.284761   ev/simsec=82425.5
     Messages:  created: 11668332   present: 13876   in FES: 255
** Event #12147456   t=437.599557070326   Elapsed: 571.199s (9m 31s)  87% completed  (43% total)
     Speed:     ev/sec=37369.8   simsec/sec=0.270961   ev/simsec=137916
     Messages:  created: 11764180   present: 13829   in FES: 235
** Event #12188416   t=439.529432121533   Elapsed: 573.221s (9m 33s)  87% completed  (43% total)
     Speed:     ev/sec=20253.5   simsec/sec=0.954265   ev/simsec=21224.2
     Messages:  created: 11798449   present: 14133   in FES: 210
** Event #12222976   t=440.610495549217   Elapsed: 575.241s (9m 35s)  88% completed  (44% total)
     Speed:     ev/sec=17109.2   simsec/sec=0.53519   ev/simsec=31968.5
     Messages:  created: 11828368   present: 14460   in FES: 244
** Event #12263680   t=442.536699403817   Elapsed: 577.242s (9m 37s)  88% completed  (44% total)
     Speed:     ev/sec=20339.3   simsec/sec=0.962502   ev/simsec=21131.7
     Messages:  created: 11862443   present: 14748   in FES: 211
** Event #12302592   t=444.04997123869   Elapsed: 579.243s (9m 39s)  88% completed  (44% total)
     Speed:     ev/sec=19449.5   simsec/sec=0.756382   ev/simsec=25713.8
     Messages:  created: 11895908   present: 15162   in FES: 254
** Event #12340480   t=445.564001100679   Elapsed: 581.256s (9m 41s)  89% completed  (44% total)
     Speed:     ev/sec=18821.3   simsec/sec=0.752113   ev/simsec=25024.6
     Messages:  created: 11928008   present: 15481   in FES: 253
** Event #12371712   t=446.794962520723   Elapsed: 583.27s (9m 43s)  89% completed  (44% total)
     Speed:     ev/sec=15504.5   simsec/sec=0.611087   ev/simsec=25372
     Messages:  created: 11954854   present: 15565   in FES: 202
** Event #12412928   t=448.548784534335   Elapsed: 585.294s (9m 45s)  89% completed  (44% total)
     Speed:     ev/sec=20370.2   simsec/sec=0.866794   ev/simsec=23500.7
     Messages:  created: 11989676   present: 16005   in FES: 229
** Event #12444416   t=449.610495544078   Elapsed: 587.317s (9m 47s)  89% completed  (44% total)
     Speed:     ev/sec=15562   simsec/sec=0.524718   ev/simsec=29657.8
     Messages:  created: 12017024   present: 16247   in FES: 239
** Event #12484864   t=451.536697133997   Elapsed: 589.337s (9m 49s)  90% completed  (45% total)
     Speed:     ev/sec=20024   simsec/sec=0.953576   ev/simsec=20998.8
     Messages:  created: 12051063   present: 16606   in FES: 231
** Event #12519680   t=453.01141433829   Elapsed: 591.339s (9m 51s)  90% completed  (45% total)
     Speed:     ev/sec=17395.5   simsec/sec=0.736829   ev/simsec=23608.6
     Messages:  created: 12081301   present: 16957   in FES: 254
** Event #12564736   t=454.602725186998   Elapsed: 593.364s (9m 53s)  90% completed  (45% total)
     Speed:     ev/sec=22243   simsec/sec=0.785589   ev/simsec=28313.8
     Messages:  created: 12120548   present: 17195   in FES: 223
** Event #12610048   t=457.003197944633   Elapsed: 595.365s (9m 55s)  91% completed  (45% total)
     Speed:     ev/sec=22649   simsec/sec=1.19986   ev/simsec=18876.3
     Messages:  created: 12161710   present: 17739   in FES: 247
** Event #12667392   t=459.59635989955   Elapsed: 597.371s (9m 57s)  91% completed  (45% total)
     Speed:     ev/sec=28584.9   simsec/sec=1.29264   ev/simsec=22113.5
     Messages:  created: 12217300   present: 18284   in FES: 254
** Event #12726272   t=462.600965761493   Elapsed: 599.382s (9m 59s)  92% completed  (46% total)
     Speed:     ev/sec=29273.2   simsec/sec=1.49379   ev/simsec=19596.6
     Messages:  created: 12274512   present: 18882   in FES: 254
** Event #12798720   t=466.564063914293   Elapsed: 601.383s (10m 01s)  93% completed  (46% total)
     Speed:     ev/sec=36220.3   simsec/sec=1.98134   ev/simsec=18280.6
     Messages:  created: 12344271   present: 19643   in FES: 242
** Event #12887040   t=471.056143161033   Elapsed: 603.387s (10m 03s)  94% completed  (47% total)
     Speed:     ev/sec=44073.1   simsec/sec=2.24162   ev/simsec=19661.3
     Messages:  created: 12430376   present: 20565   in FES: 249
** Event #12974848   t=475.569109850403   Elapsed: 605.392s (10m 05s)  95% completed  (47% total)
     Speed:     ev/sec=43788.9   simsec/sec=2.25057   ev/simsec=19456.8
     Messages:  created: 12515503   present: 21455   in FES: 242
** Event #13051904   t=479.567533775401   Elapsed: 607.402s (10m 07s)  95% completed  (47% total)
     Speed:     ev/sec=38339.7   simsec/sec=1.98944   ev/simsec=19271.6
     Messages:  created: 12590292   present: 22278   in FES: 255
** Event #13114880   t=482.600255602966   Elapsed: 609.411s (10m 09s)  96% completed  (48% total)
     Speed:     ev/sec=31343.6   simsec/sec=1.50941   ev/simsec=20765.5
     Messages:  created: 12652096   present: 22912   in FES: 294
** Event #13192960   t=486.601063034562   Elapsed: 611.414s (10m 11s)  97% completed  (48% total)
     Speed:     ev/sec=38983.1   simsec/sec=1.99749   ev/simsec=19516.1
     Messages:  created: 12727932   present: 23606   in FES: 258
** Event #13269248   t=490.586641010951   Elapsed: 613.416s (10m 13s)  98% completed  (49% total)
     Speed:     ev/sec=38095.7   simsec/sec=1.99026   ev/simsec=19141
     Messages:  created: 12802012   present: 2241   in FES: 218
** Event #13353216   t=495.054354131513   Elapsed: 615.418s (10m 15s)  99% completed  (49% total)
     Speed:     ev/sec=41952.5   simsec/sec=2.23218   ev/simsec=18794.4
     Messages:  created: 12883399   present: 3232   in FES: 254
** Event #13435392   t=499.089410861526   Elapsed: 617.419s (10m 17s)  99% completed  (49% total)
     Speed:     ev/sec=41054.2   simsec/sec=2.01587   ev/simsec=20365.5
     Messages:  created: 12963264   present: 4046   in FES: 251
** Event #13446487   t=500   Elapsed: 617.85s (10m 17s)  100% completed  (50% total)
     Speed:     ev/sec=25769.5   simsec/sec=2.11484   ev/simsec=12185.1
     Messages:  created: 12973914   present: 4066   in FES: 202

<!> Simulation time limit reached -- at t=500s, event #13446487
undisposed object: (omnetpp::cMessage) FanetSarNetwork.groundStation.app.debugTimer -- check module destructor
undisposed object: (omnetpp::cMessage) FanetSarNetwork.uav[0].app.debugTimer -- check module destructor
undisposed object: (omnetpp::cMessage) FanetSarNetwork.uav[1].app.debugTimer -- check module destructor
undisposed object: (omnetpp::cMessage) FanetSarNetwork.uav[2].app.debugTimer -- check module destructor
undisposed object: (omnetpp::cMessage) FanetSarNetwork.uav[3].app.debugTimer -- check module destructor
undisposed object: (omnetpp::cMessage) FanetSarNetwork.uav[4].app.debugTimer -- check module destructor
undisposed object: (omnetpp::cMessage) FanetSarNetwork.uav[5].app.debugTimer -- check module destructor
undisposed object: (omnetpp::cMessage) FanetSarNetwork.uav[6].app.debugTimer -- check module destructor
undisposed object: (omnetpp::cMessage) FanetSarNetwork.uav[7].app.debugTimer -- check module destructor
undisposed object: (omnetpp::cMessage) FanetSarNetwork.uav[8].app.debugTimer -- check module destructor
undisposed object: (omnetpp::cMessage) FanetSarNetwork.uav[9].app.debugTimer -- check module destructor
undisposed object: (omnetpp::cMessage) FanetSarNetwork.uav[10].app.debugTimer -- check module destructor
undisposed object: (omnetpp::cMessage) FanetSarNetwork.uav[11].app.debugTimer -- check module destructor
undisposed object: (omnetpp::cMessage) FanetSarNetwork.uav[12].app.debugTimer -- check module destructor
undisposed object: (omnetpp::cMessage) FanetSarNetwork.uav[13].app.debugTimer -- check module destructor
undisposed object: (omnetpp::cMessage) FanetSarNetwork.uav[14].app.debugTimer -- check module destructor
undisposed object: (omnetpp::cMessage) FanetSarNetwork.uav[15].app.debugTimer -- check module destructor
undisposed object: (omnetpp::cMessage) FanetSarNetwork.uav[16].app.debugTimer -- check module destructor
undisposed object: (omnetpp::cMessage) FanetSarNetwork.uav[17].app.debugTimer -- check module destructor
undisposed object: (omnetpp::cMessage) FanetSarNetwork.uav[18].app.debugTimer -- check module destructor
undisposed object: (omnetpp::cMessage) FanetSarNetwork.uav[19].app.debugTimer -- check module destructor
undisposed object: (omnetpp::cMessage) FanetSarNetwork.uav[20].app.debugTimer -- check module destructor
undisposed object: (omnetpp::cMessage) FanetSarNetwork.uav[21].app.debugTimer -- check module destructor
undisposed object: (omnetpp::cMessage) FanetSarNetwork.uav[22].app.debugTimer -- check module destructor
undisposed object: (omnetpp::cMessage) FanetSarNetwork.uav[23].app.debugTimer -- check module destructor
undisposed object: (omnetpp::cMessage) FanetSarNetwork.uav[24].app.debugTimer -- check module destructor
undisposed object: (omnetpp::cMessage) FanetSarNetwork.uav[25].app.debugTimer -- check module destructor
undisposed object: (omnetpp::cMessage) FanetSarNetwork.uav[26].app.debugTimer -- check module destructor
undisposed object: (omnetpp::cMessage) FanetSarNetwork.uav[27].app.debugTimer -- check module destructor
undisposed object: (omnetpp::cMessage) FanetSarNetwork.uav[28].app.debugTimer -- check module destructor
undisposed object: (omnetpp::cMessage) FanetSarNetwork.uav[29].app.debugTimer -- check module destructor
undisposed object: (omnetpp::cMessage) FanetSarNetwork.uav[30].app.debugTimer -- check module destructor
undisposed object: (omnetpp::cMessage) FanetSarNetwork.uav[31].app.debugTimer -- check module destructor
undisposed object: (omnetpp::cMessage) FanetSarNetwork.uav[32].app.debugTimer -- check module destructor
undisposed object: (omnetpp::cMessage) FanetSarNetwork.uav[33].app.debugTimer -- check module destructor
undisposed object: (omnetpp::cMessage) FanetSarNetwork.uav[34].app.debugTimer -- check module destructor
undisposed object: (omnetpp::cMessage) FanetSarNetwork.uav[35].app.debugTimer -- check module destructor
undisposed object: (omnetpp::cMessage) FanetSarNetwork.uav[36].app.debugTimer -- check module destructor
undisposed object: (omnetpp::cMessage) FanetSarNetwork.uav[37].app.debugTimer -- check module destructor
undisposed object: (omnetpp::cMessage) FanetSarNetwork.uav[38].app.debugTimer -- check module destructor
undisposed object: (omnetpp::cMessage) FanetSarNetwork.uav[39].app.debugTimer -- check module destructor
undisposed object: (omnetpp::cMessage) FanetSarNetwork.uav[40].app.debugTimer -- check module destructor
undisposed object: (omnetpp::cMessage) FanetSarNetwork.uav[41].app.debugTimer -- check module destructor
undisposed object: (omnetpp::cMessage) FanetSarNetwork.uav[42].app.debugTimer -- check module destructor
undisposed object: (omnetpp::cMessage) FanetSarNetwork.uav[43].app.debugTimer -- check module destructor
undisposed object: (omnetpp::cMessage) FanetSarNetwork.uav[44].app.debugTimer -- check module destructor
undisposed object: (omnetpp::cMessage) FanetSarNetwork.uav[45].app.debugTimer -- check module destructor
undisposed object: (omnetpp::cMessage) FanetSarNetwork.uav[46].app.debugTimer -- check module destructor
undisposed object: (omnetpp::cMessage) FanetSarNetwork.uav[47].app.debugTimer -- check module destructor
undisposed object: (omnetpp::cMessage) FanetSarNetwork.uav[48].app.debugTimer -- check module destructor
undisposed object: (omnetpp::cMessage) FanetSarNetwork.uav[49].app.debugTimer -- check module destructor
