** Event #0   t=0   Elapsed: 8e-06s (0m 00s)  0% completed  (50% total)
     Speed:     ev/sec=0   simsec/sec=0   ev/simsec=0
     Messages:  created: 1178   present: 1178   in FES: 186
** Event #40448   t=3.515557655888   Elapsed: 2.01742s (0m 02s)  0% completed  (50% total)
     Speed:     ev/sec=20049.9   simsec/sec=1.7426   ev/simsec=11505.7
     Messages:  created: 33361   present: 1205   in FES: 142
** Event #73984   t=6.515302789073   Elapsed: 4.02542s (0m 04s)  1% completed  (50% total)
     Speed:     ev/sec=16701.2   simsec/sec=1.4939   ev/simsec=11179.6
     Messages:  created: 58785   present: 1202   in FES: 143
** Event #98816   t=8.514739788697   Elapsed: 6.05279s (0m 06s)  1% completed  (50% total)
     Speed:     ev/sec=12248.4   simsec/sec=0.986222   ev/simsec=12419.5
     Messages:  created: 76871   present: 1222   in FES: 154
** Event #123392   t=10.511738741598   Elapsed: 8.05614s (0m 08s)  2% completed  (51% total)
     Speed:     ev/sec=12267.5   simsec/sec=0.996833   ev/simsec=12306.5
     Messages:  created: 94708   present: 1203   in FES: 154
** Event #148224   t=12.509053476121   Elapsed: 10.0762s (0m 10s)  2% completed  (51% total)
     Speed:     ev/sec=12293   simsec/sec=0.988761   ev/simsec=12432.7
     Messages:  created: 112516   present: 1190   in FES: 143
** Event #174848   t=14.515351299873   Elapsed: 12.1088s (0m 12s)  2% completed  (51% total)
     Speed:     ev/sec=13098   simsec/sec=0.987025   ev/simsec=13270.2
     Messages:  created: 131954   present: 1181   in FES: 134
** Event #200960   t=16.52378063647   Elapsed: 14.1165s (0m 14s)  3% completed  (51% total)
     Speed:     ev/sec=13005.8   simsec/sec=1.00036   ev/simsec=13001.2
     Messages:  created: 151415   present: 1293   in FES: 185
** Event #232448   t=19.522911015998   Elapsed: 16.144s (0m 16s)  3% completed  (51% total)
     Speed:     ev/sec=15531.1   simsec/sec=1.47928   ev/simsec=10499
     Messages:  created: 175158   present: 1144   in FES: 127
** Event #260608   t=22.049952360985   Elapsed: 18.1521s (0m 18s)  4% completed  (52% total)
     Speed:     ev/sec=14023.1   simsec/sec=1.25842   ev/simsec=11143.5
     Messages:  created: 197083   present: 1208   in FES: 154
** Event #290304   t=25.014155526273   Elapsed: 20.154s (0m 20s)  5% completed  (52% total)
     Speed:     ev/sec=14833.4   simsec/sec=1.48064   ev/simsec=10018.2
     Messages:  created: 220159   present: 1190   in FES: 154
** Event #326144   t=29.007888852306   Elapsed: 22.1644s (0m 22s)  5% completed  (52% total)
     Speed:     ev/sec=17827.9   simsec/sec=1.9866   ev/simsec=8974.06
     Messages:  created: 250328   present: 1174   in FES: 139
** Event #388352   t=37.064326681039   Elapsed: 24.1661s (0m 24s)  7% completed  (53% total)
     Speed:     ev/sec=31077.5   simsec/sec=4.02479   ev/simsec=7721.53
     Messages:  created: 308454   present: 1205   in FES: 152
** Event #449280   t=45.51596673355   Elapsed: 26.1687s (0m 26s)  9% completed  (54% total)
     Speed:     ev/sec=30424.3   simsec/sec=4.22032   ev/simsec=7209.02
     Messages:  created: 365255   present: 1190   in FES: 154
** Event #511744   t=53.555856685299   Elapsed: 28.1739s (0m 28s)  10% completed  (55% total)
     Speed:     ev/sec=31150.8   simsec/sec=4.00949   ev/simsec=7769.26
     Messages:  created: 423488   present: 1200   in FES: 147
** Event #574464   t=62.002973562513   Elapsed: 30.1781s (0m 30s)  12% completed  (56% total)
     Speed:     ev/sec=31294.3   simsec/sec=4.21471   ev/simsec=7425.02
     Messages:  created: 481976   present: 1166   in FES: 139
** Event #641280   t=70.576354705239   Elapsed: 32.1792s (0m 32s)  14% completed  (57% total)
     Speed:     ev/sec=33388.9   simsec/sec=4.28424   ev/simsec=7793.42
     Messages:  created: 544566   present: 1186   in FES: 145
** Event #701952   t=79.00573718976   Elapsed: 34.183s (0m 34s)  15% completed  (57% total)
     Speed:     ev/sec=30279.8   simsec/sec=4.20688   ev/simsec=7197.68
     Messages:  created: 601154   present: 1209   in FES: 152
** Event #765184   t=87.513946129165   Elapsed: 36.1845s (0m 36s)  17% completed  (58% total)
     Speed:     ev/sec=31592   simsec/sec=4.25088   ev/simsec=7431.88
     Messages:  created: 660226   present: 1205   in FES: 154
** Event #830720   t=96.051025617408   Elapsed: 38.1876s (0m 38s)  19% completed  (59% total)
     Speed:     ev/sec=32716.6   simsec/sec=4.26185   ev/simsec=7676.63
     Messages:  created: 721506   present: 1211   in FES: 152
** Event #889344   t=104.002974261487   Elapsed: 40.1886s (0m 40s)  20% completed  (60% total)
     Speed:     ev/sec=29298   simsec/sec=3.97408   ev/simsec=7372.28
     Messages:  created: 775345   present: 1587   in FES: 155
** Event #950272   t=111.554917039195   Elapsed: 42.1886s (0m 42s)  22% completed  (61% total)
     Speed:     ev/sec=30462.9   simsec/sec=3.77584   ev/simsec=8067.86
     Messages:  created: 830719   present: 1587   in FES: 149
** Event #1012224   t=119.547363284636   Elapsed: 44.1977s (0m 44s)  23% completed  (61% total)
     Speed:     ev/sec=30836.4   simsec/sec=3.97821   ev/simsec=7751.32
     Messages:  created: 886798   present: 2514   in FES: 141
** Event #1078016   t=128.021055199947   Elapsed: 46.2038s (0m 46s)  25% completed  (62% total)
     Speed:     ev/sec=32796.2   simsec/sec=4.22399   ev/simsec=7764.27
     Messages:  created: 946422   present: 3545   in FES: 154
** Event #1136384   t=135.521808982051   Elapsed: 48.2047s (0m 48s)  27% completed  (63% total)
     Speed:     ev/sec=29171.2   simsec/sec=3.74873   ev/simsec=7781.62
     Messages:  created: 999268   present: 4393   in FES: 126
** Event #1188096   t=142.040380707543   Elapsed: 50.2095s (0m 50s)  28% completed  (64% total)
     Speed:     ev/sec=25793.7   simsec/sec=3.25143   ev/simsec=7933.03
     Messages:  created: 1046160   present: 5165   in FES: 124
** Event #1245696   t=149.52180636696   Elapsed: 52.2154s (0m 52s)  29% completed  (64% total)
     Speed:     ev/sec=28715.3   simsec/sec=3.72971   ev/simsec=7699.07
     Messages:  created: 1098372   present: 6149   in FES: 152
** Event #1307136   t=157.066616976624   Elapsed: 54.2237s (0m 54s)  31% completed  (65% total)
     Speed:     ev/sec=30593.3   simsec/sec=3.75685   ev/simsec=8143.35
     Messages:  created: 1153876   present: 7036   in FES: 147
** Event #1354240   t=162.548479509601   Elapsed: 56.2387s (0m 56s)  32% completed  (66% total)
     Speed:     ev/sec=23376.8   simsec/sec=2.72055   ev/simsec=8592.7
     Messages:  created: 1194014   present: 7673   in FES: 140
** Event #1392384   t=166.516840824997   Elapsed: 58.2472s (0m 58s)  33% completed  (66% total)
     Speed:     ev/sec=18990.9   simsec/sec=1.97574   ev/simsec=9612.03
     Messages:  created: 1224876   present: 8192   in FES: 151
** Event #1423872   t=169.541462143496   Elapsed: 60.2704s (1m 00s)  33% completed  (66% total)
     Speed:     ev/sec=15563.2   simsec/sec=1.49494   ev/simsec=10410.6
     Messages:  created: 1249498   present: 8525   in FES: 146
** Event #1457408   t=172.570745860595   Elapsed: 62.2899s (1m 02s)  34% completed  (67% total)
     Speed:     ev/sec=16606.4   simsec/sec=1.50005   ev/simsec=11070.6
     Messages:  created: 1275533   present: 8871   in FES: 139
** Event #1488384   t=175.543778021583   Elapsed: 64.3057s (1m 04s)  35% completed  (67% total)
     Speed:     ev/sec=15366.9   simsec/sec=1.4749   ev/simsec=10419
     Messages:  created: 1299062   present: 9229   in FES: 140
** Event #1514752   t=178.007888705058   Elapsed: 66.3105s (1m 06s)  35% completed  (67% total)
     Speed:     ev/sec=13152.4   simsec/sec=1.2291   ev/simsec=10700.8
     Messages:  created: 1318963   present: 9486   in FES: 126
** Event #1545728   t=180.554451806957   Elapsed: 68.3132s (1m 08s)  36% completed  (68% total)
     Speed:     ev/sec=15466.6   simsec/sec=1.27152   ev/simsec=12163.8
     Messages:  created: 1342858   present: 9832   in FES: 133
** Event #1575936   t=183.529725923105   Elapsed: 70.3349s (1m 10s)  36% completed  (68% total)
     Speed:     ev/sec=14942.3   simsec/sec=1.47171   ev/simsec=10153
     Messages:  created: 1365772   present: 10213   in FES: 154
** Event #1605120   t=186.050971530518   Elapsed: 72.3364s (1m 12s)  37% completed  (68% total)
     Speed:     ev/sec=14581.2   simsec/sec=1.25969   ev/simsec=11575.2
     Messages:  created: 1388054   present: 10444   in FES: 124
** Event #1634816   t=189.008451270888   Elapsed: 74.3385s (1m 14s)  37% completed  (68% total)
     Speed:     ev/sec=14832.3   simsec/sec=1.47717   ev/simsec=10041
     Messages:  created: 1410941   present: 10871   in FES: 147
** Event #1665280   t=191.55477789674   Elapsed: 76.3579s (1m 16s)  38% completed  (69% total)
     Speed:     ev/sec=15085.7   simsec/sec=1.26094   ev/simsec=11963.9
     Messages:  created: 1434511   present: 11178   in FES: 140
** Event #1695488   t=194.547102884475   Elapsed: 78.3614s (1m 18s)  38% completed  (69% total)
     Speed:     ev/sec=15077.6   simsec/sec=1.49354   ev/simsec=10095.2
     Messages:  created: 1457789   present: 11559   in FES: 153
** Event #1726464   t=197.544165608612   Elapsed: 80.3826s (1m 20s)  39% completed  (69% total)
     Speed:     ev/sec=15325.7   simsec/sec=1.48283   ev/simsec=10335.5
     Messages:  created: 1481699   present: 11852   in FES: 135
** Event #1758464   t=200.5462596935   Elapsed: 82.3912s (1m 22s)  40% completed  (70% total)
     Speed:     ev/sec=15930.9   simsec/sec=1.49457   ev/simsec=10659.2
     Messages:  created: 1506744   present: 12234   in FES: 139
** Event #1790208   t=203.554325181314   Elapsed: 84.4051s (1m 24s)  40% completed  (70% total)
     Speed:     ev/sec=15762.9   simsec/sec=1.4937   ev/simsec=10553
     Messages:  created: 1531634   present: 12627   in FES: 154
** Event #1821696   t=206.600505556366   Elapsed: 86.4239s (1m 26s)  41% completed  (70% total)
     Speed:     ev/sec=15597.1   simsec/sec=1.50887   ev/simsec=10336.9
     Messages:  created: 1556494   present: 12989   in FES: 154
** Event #1855488   t=210.042052249181   Elapsed: 88.4309s (1m 28s)  42% completed  (71% total)
     Speed:     ev/sec=16837.5   simsec/sec=1.71482   ev/simsec=9818.84
     Messages:  created: 1583166   present: 13414   in FES: 153
** Event #1891072   t=213.548927257439   Elapsed: 90.4469s (1m 30s)  42% completed  (71% total)
     Speed:     ev/sec=17650.5   simsec/sec=1.73949   ev/simsec=10146.9
     Messages:  created: 1611146   present: 13794   in FES: 141
** Event #1922816   t=216.553920353896   Elapsed: 92.4645s (1m 32s)  43% completed  (71% total)
     Speed:     ev/sec=15733.1   simsec/sec=1.48935   ev/simsec=10563.8
     Messages:  created: 1636177   present: 14178   in FES: 146
** Event #1957888   t=220.039097212401   Elapsed: 94.4686s (1m 34s)  44% completed  (72% total)
     Speed:     ev/sec=17500.3   simsec/sec=1.73904   ev/simsec=10063.2
     Messages:  created: 1663628   present: 14565   in FES: 138
** Event #1987072   t=222.675349948616   Elapsed: 96.4758s (1m 36s)  44% completed  (72% total)
     Speed:     ev/sec=14540   simsec/sec=1.31343   ev/simsec=11070.3
     Messages:  created: 1686261   present: 14831   in FES: 122
** Event #2017536   t=225.55404388438   Elapsed: 98.4864s (1m 38s)  45% completed  (72% total)
     Speed:     ev/sec=15151.4   simsec/sec=1.43173   ev/simsec=10582.6
     Messages:  created: 1709746   present: 15275   in FES: 154
** Event #2047744   t=227.598881258095   Elapsed: 100.49s (1m 40s)  45% completed  (72% total)
     Speed:     ev/sec=15075.1   simsec/sec=1.02046   ev/simsec=14772.8
     Messages:  created: 1736597   present: 15524   in FES: 182
** Event #2078976   t=229.59142726656   Elapsed: 102.499s (1m 42s)  45% completed  (72% total)
     Speed:     ev/sec=15544.8   simsec/sec=0.991729   ev/simsec=15674.4
     Messages:  created: 1765482   present: 15773   in FES: 204
** Event #2111488   t=231.599257664481   Elapsed: 104.505s (1m 44s)  46% completed  (73% total)
     Speed:     ev/sec=16212.2   simsec/sec=1.00121   ev/simsec=16192.6
     Messages:  created: 1796331   present: 16006   in FES: 190
** Event #2148352   t=234.040843474977   Elapsed: 106.506s (1m 46s)  46% completed  (73% total)
     Speed:     ev/sec=18422.3   simsec/sec=1.22015   ev/simsec=15098.4
     Messages:  created: 1831396   present: 16280   in FES: 169
** Event #2176512   t=236.547565112373   Elapsed: 108.519s (1m 48s)  47% completed  (73% total)
     Speed:     ev/sec=13985.4   simsec/sec=1.24494   ev/simsec=11233.8
     Messages:  created: 1852874   present: 1372   in FES: 154
** Event #2207744   t=239.521240907135   Elapsed: 110.524s (1m 50s)  47% completed  (73% total)
     Speed:     ev/sec=15582   simsec/sec=1.48361   ev/simsec=10502.8
     Messages:  created: 1876892   present: 1818   in FES: 174
** Event #2237952   t=242.066617123879   Elapsed: 112.527s (1m 52s)  48% completed  (74% total)
     Speed:     ev/sec=15080.1   simsec/sec=1.27068   ev/simsec=11867.8
     Messages:  created: 1900188   present: 2032   in FES: 144
** Event #2265856   t=244.605610124594   Elapsed: 114.548s (1m 54s)  48% completed  (74% total)
     Speed:     ev/sec=13808.1   simsec/sec=1.2564   ev/simsec=10990.2
     Messages:  created: 1921652   present: 2337   in FES: 145
** Event #2297344   t=247.554425782893   Elapsed: 116.561s (1m 56s)  49% completed  (74% total)
     Speed:     ev/sec=15638.5   simsec/sec=1.46453   ev/simsec=10678.2
     Messages:  created: 1945679   present: 2716   in FES: 151
** Event #2328832   t=250.541061839959   Elapsed: 118.592s (1m 58s)  50% completed  (75% total)
     Speed:     ev/sec=15505.3   simsec/sec=1.47068   ev/simsec=10543
     Messages:  created: 1969620   present: 3058   in FES: 146
** Event #2359040   t=253.515157175393   Elapsed: 120.598s (2m 00s)  50% completed  (75% total)
     Speed:     ev/sec=15058.1   simsec/sec=1.48253   ev/simsec=10157
     Messages:  created: 1992980   present: 3434   in FES: 154
** Event #2389760   t=256.514944408949   Elapsed: 122.611s (2m 02s)  51% completed  (75% total)
     Speed:     ev/sec=15264.7   simsec/sec=1.49058   ev/simsec=10240.7
     Messages:  created: 2017063   present: 3789   in FES: 154
** Event #2422016   t=259.560945578466   Elapsed: 124.625s (2m 04s)  51% completed  (75% total)
     Speed:     ev/sec=16014.8   simsec/sec=1.51231   ev/simsec=10589.6
     Messages:  created: 2043157   present: 4123   in FES: 140
** Event #2458880   t=263.508833884819   Elapsed: 126.633s (2m 06s)  52% completed  (76% total)
     Speed:     ev/sec=18357.4   simsec/sec=1.96595   ev/simsec=9337.65
     Messages:  created: 2072527   present: 4619   in FES: 154
** Event #2492416   t=266.562141378364   Elapsed: 128.641s (2m 08s)  53% completed  (76% total)
     Speed:     ev/sec=16697.5   simsec/sec=1.52023   ev/simsec=10983.5
     Messages:  created: 2099121   present: 4983   in FES: 146
** Event #2523648   t=269.558671282239   Elapsed: 130.648s (2m 10s)  53% completed  (76% total)
     Speed:     ev/sec=15563.8   simsec/sec=1.49326   ev/simsec=10422.7
     Messages:  created: 2123403   present: 5342   in FES: 145
** Event #2554368   t=272.518376651212   Elapsed: 132.666s (2m 12s)  54% completed  (77% total)
     Speed:     ev/sec=15220.2   simsec/sec=1.46639   ev/simsec=10379.4
     Messages:  created: 2146756   present: 5715   in FES: 153
** Event #2582528   t=275.029954157175   Elapsed: 134.67s (2m 14s)  55% completed  (77% total)
     Speed:     ev/sec=14055.9   simsec/sec=1.25364   ev/simsec=11212.1
     Messages:  created: 2168294   present: 5984   in FES: 144
** Event #2612224   t=277.554427309841   Elapsed: 136.673s (2m 16s)  55% completed  (77% total)
     Speed:     ev/sec=14822.1   simsec/sec=1.26004   ev/simsec=11763.2
     Messages:  created: 2191062   present: 6294   in FES: 144
** Event #2646784   t=281.002971166958   Elapsed: 138.675s (2m 18s)  56% completed  (78% total)
     Speed:     ev/sec=17262.1   simsec/sec=1.72249   ev/simsec=10021.6
     Messages:  created: 2217535   present: 6690   in FES: 141
** Event #2683392   t=284.047403904765   Elapsed: 140.679s (2m 20s)  56% completed  (78% total)
     Speed:     ev/sec=18274.3   simsec/sec=1.51975   ev/simsec=12024.6
     Messages:  created: 2245632   present: 7035   in FES: 131
** Event #2721024   t=287.536601371394   Elapsed: 142.681s (2m 22s)  57% completed  (78% total)
     Speed:     ev/sec=18798   simsec/sec=1.74293   ev/simsec=10785.3
     Messages:  created: 2274676   present: 7433   in FES: 127
** Event #2757376   t=291.053828692092   Elapsed: 144.688s (2m 24s)  58% completed  (79% total)
     Speed:     ev/sec=18111.3   simsec/sec=1.75236   ev/simsec=10335.4
     Messages:  created: 2303845   present: 7926   in FES: 149
** Event #2790656   t=294.538765604503   Elapsed: 146.695s (2m 26s)  58% completed  (79% total)
     Speed:     ev/sec=16579.6   simsec/sec=1.73615   ev/simsec=9549.67
     Messages:  created: 2330366   present: 8314   in FES: 138
** Event #2829824   t=298.544488609135   Elapsed: 148.697s (2m 28s)  59% completed  (79% total)
     Speed:     ev/sec=19565.1   simsec/sec=2.00093   ev/simsec=9778.01
     Messages:  created: 2362525   present: 9024   in FES: 247
** Event #2869760   t=302.555725768715   Elapsed: 150.722s (2m 30s)  60% completed  (80% total)
     Speed:     ev/sec=19717.9   simsec/sec=1.9805   ev/simsec=9956.03
     Messages:  created: 2395061   present: 9280   in FES: 139
** Event #2909952   t=307.004725445395   Elapsed: 152.728s (2m 32s)  61% completed  (80% total)
     Speed:     ev/sec=20039.6   simsec/sec=2.21826   ev/simsec=9033.94
     Messages:  created: 2427645   present: 9812   in FES: 141
** Event #2954240   t=311.536599361539   Elapsed: 154.729s (2m 34s)  62% completed  (81% total)
     Speed:     ev/sec=22131.9   simsec/sec=2.2647   ev/simsec=9772.56
     Messages:  created: 2463684   present: 10344   in FES: 138
** Event #2995456   t=315.563580450835   Elapsed: 156.737s (2m 36s)  63% completed  (81% total)
     Speed:     ev/sec=20526.6   simsec/sec=2.00554   ev/simsec=10235
     Messages:  created: 2497550   present: 10791   in FES: 124
** Event #3040768   t=320.526158802098   Elapsed: 158.744s (2m 38s)  64% completed  (82% total)
     Speed:     ev/sec=22579.2   simsec/sec=2.47287   ev/simsec=9130.74
     Messages:  created: 2534355   present: 11469   in FES: 154
** Event #3082240   t=324.563412506915   Elapsed: 160.751s (2m 40s)  64% completed  (82% total)
     Speed:     ev/sec=20656.2   simsec/sec=2.01086   ev/simsec=10272.3
     Messages:  created: 2568385   present: 11916   in FES: 139
** Event #3123712   t=329.036486913748   Elapsed: 162.757s (2m 42s)  65% completed  (82% total)
     Speed:     ev/sec=20675.7   simsec/sec=2.23003   ev/simsec=9271.48
     Messages:  created: 2602106   present: 12491   in FES: 153
** Event #3166464   t=333.536599245558   Elapsed: 164.769s (2m 44s)  66% completed  (83% total)
     Speed:     ev/sec=21252.7   simsec/sec=2.23708   ev/simsec=9500.21
     Messages:  created: 2636862   present: 12993   in FES: 141
** Event #3209984   t=338.02007723045   Elapsed: 166.772s (2m 46s)  67% completed  (83% total)
     Speed:     ev/sec=21728.8   simsec/sec=2.23852   ev/simsec=9706.75
     Messages:  created: 2672538   present: 13567   in FES: 151
** Event #3250176   t=342.047401601003   Elapsed: 168.774s (2m 48s)  68% completed  (84% total)
     Speed:     ev/sec=20077.7   simsec/sec=2.01183   ev/simsec=9979.83
     Messages:  created: 2705338   present: 14038   in FES: 146
** Event #3292672   t=346.540598696005   Elapsed: 170.793s (2m 50s)  69% completed  (84% total)
     Speed:     ev/sec=21039.4   simsec/sec=2.22455   ev/simsec=9457.85
     Messages:  created: 2739970   present: 14582   in FES: 146
** Event #3334400   t=351.039101476939   Elapsed: 172.797s (2m 52s)  70% completed  (85% total)
     Speed:     ev/sec=20829.2   simsec/sec=2.24549   ev/simsec=9275.98
     Messages:  created: 2774814   present: 15059   in FES: 127
** Event #3392768   t=356.517758131194   Elapsed: 174.8s (2m 54s)  71% completed  (85% total)
     Speed:     ev/sec=29143.1   simsec/sec=2.73549   ev/simsec=10653.7
     Messages:  created: 2833012   present: 15750   in FES: 158
** Event #3466752   t=365.046563469283   Elapsed: 176.804s (2m 56s)  73% completed  (86% total)
     Speed:     ev/sec=36901.9   simsec/sec=4.25402   ev/simsec=8674.6
     Messages:  created: 2902567   present: 1575   in FES: 148
** Event #3525888   t=372.564383913523   Elapsed: 178.814s (2m 58s)  74% completed  (87% total)
     Speed:     ev/sec=29433.3   simsec/sec=3.74179   ev/simsec=7866.11
     Messages:  created: 2956179   present: 2486   in FES: 151
** Event #3586560   t=380.523026715837   Elapsed: 180.814s (3m 00s)  76% completed  (88% total)
     Speed:     ev/sec=30324.5   simsec/sec=3.97782   ev/simsec=7623.41
     Messages:  created: 3011085   present: 3441   in FES: 152
** Event #3647488   t=388.06957294808   Elapsed: 182.816s (3m 02s)  77% completed  (88% total)
     Speed:     ev/sec=30440.3   simsec/sec=3.77033   ev/simsec=8073.63
     Messages:  created: 3066414   present: 4346   in FES: 154
** Event #3707392   t=396.008611449426   Elapsed: 184.821s (3m 04s)  79% completed  (89% total)
     Speed:     ev/sec=29874.7   simsec/sec=3.95928   ev/simsec=7545.5
     Messages:  created: 3120552   present: 5298   in FES: 150
** Event #3775744   t=404.559834886906   Elapsed: 186.829s (3m 06s)  80% completed  (90% total)
     Speed:     ev/sec=34040.4   simsec/sec=4.25865   ev/simsec=7993.24
     Messages:  created: 3182586   present: 6306   in FES: 154
** Event #3834624   t=412.050977940797   Elapsed: 188.836s (3m 08s)  82% completed  (91% total)
     Speed:     ev/sec=29341.4   simsec/sec=3.73303   ev/simsec=7859.95
     Messages:  created: 3235789   present: 7231   in FES: 154
** Event #3889152   t=419.008531442762   Elapsed: 190.84s (3m 10s)  83% completed  (91% total)
     Speed:     ev/sec=27206.5   simsec/sec=3.47144   ev/simsec=7837.24
     Messages:  created: 3284302   present: 8059   in FES: 151
** Event #3950592   t=426.521233197209   Elapsed: 192.844s (3m 12s)  85% completed  (92% total)
     Speed:     ev/sec=30658   simsec/sec=3.74877   ev/simsec=8178.15
     Messages:  created: 3338707   present: 8945   in FES: 154
** Event #4003328   t=433.007888612698   Elapsed: 194.846s (3m 14s)  86% completed  (93% total)
     Speed:     ev/sec=26336.7   simsec/sec=3.23948   ev/simsec=8129.92
     Messages:  created: 3385430   present: 9722   in FES: 146
** Event #4060672   t=440.053774521733   Elapsed: 196.853s (3m 16s)  88% completed  (94% total)
     Speed:     ev/sec=28579.4   simsec/sec=3.51156   ev/simsec=8138.65
     Messages:  created: 3437173   present: 10500   in FES: 124
** Event #4122112   t=448.036487075526   Elapsed: 198.854s (3m 18s)  89% completed  (94% total)
     Speed:     ev/sec=30709.1   simsec/sec=3.98994   ev/simsec=7696.63
     Messages:  created: 3492799   present: 11532   in FES: 149
** Event #4189184   t=456.552893109404   Elapsed: 200.864s (3m 20s)  91% completed  (95% total)
     Speed:     ev/sec=33367.4   simsec/sec=4.2368   ev/simsec=7875.62
     Messages:  created: 3553600   present: 12481   in FES: 123
** Event #4252672   t=464.57464496739   Elapsed: 202.875s (3m 22s)  92% completed  (96% total)
     Speed:     ev/sec=31560.5   simsec/sec=3.98769   ev/simsec=7914.48
     Messages:  created: 3611175   present: 13506   in FES: 143
** Event #4318720   t=473.054512866152   Elapsed: 204.877s (3m 24s)  94% completed  (97% total)
     Speed:     ev/sec=33001   simsec/sec=4.23699   ev/simsec=7788.8
     Messages:  created: 3671046   present: 14532   in FES: 146
** Event #4386816   t=482.007891235623   Elapsed: 206.879s (3m 26s)  96% completed  (98% total)
     Speed:     ev/sec=34012.9   simsec/sec=4.47208   ev/simsec=7605.62
     Messages:  created: 3732634   present: 15589   in FES: 161
** Event #4449024   t=490.003948280382   Elapsed: 208.888s (3m 28s)  98% completed  (99% total)
     Speed:     ev/sec=30964.2   simsec/sec=3.98005   ev/simsec=7779.83
     Messages:  created: 3788998   present: 1334   in FES: 154
** Event #4507136   t=497.09456389495   Elapsed: 210.892s (3m 30s)  99% completed  (99% total)
     Speed:     ev/sec=29000.8   simsec/sec=3.53857   ev/simsec=8195.62
     Messages:  created: 3841786   present: 2107   in FES: 125
** Event #4527014   t=500   Elapsed: 211.481s (3m 31s)  100% completed  (100% total)
     Speed:     ev/sec=33700.3   simsec/sec=4.92582   ev/simsec=6841.55
     Messages:  created: 3859599   present: 2444   in FES: 122

<!> Simulation time limit reached -- at t=500s, event #4527014
undisposed object: (omnetpp::cMessage) FanetSarNetwork.groundStation.app.debugTimer -- check module destructor
undisposed object: (omnetpp::cMessage) FanetSarNetwork.uav[0].app.debugTimer -- check module destructor
undisposed object: (omnetpp::cMessage) FanetSarNetwork.uav[1].app.debugTimer -- check module destructor
undisposed object: (omnetpp::cMessage) FanetSarNetwork.uav[2].app.debugTimer -- check module destructor
undisposed object: (omnetpp::cMessage) FanetSarNetwork.uav[3].app.debugTimer -- check module destructor
undisposed object: (omnetpp::cMessage) FanetSarNetwork.uav[4].app.debugTimer -- check module destructor
undisposed object: (omnetpp::cMessage) FanetSarNetwork.uav[5].app.debugTimer -- check module destructor
undisposed object: (omnetpp::cMessage) FanetSarNetwork.uav[6].app.debugTimer -- check module destructor
undisposed object: (omnetpp::cMessage) FanetSarNetwork.uav[7].app.debugTimer -- check module destructor
undisposed object: (omnetpp::cMessage) FanetSarNetwork.uav[8].app.debugTimer -- check module destructor
undisposed object: (omnetpp::cMessage) FanetSarNetwork.uav[9].app.debugTimer -- check module destructor
undisposed object: (omnetpp::cMessage) FanetSarNetwork.uav[10].app.debugTimer -- check module destructor
undisposed object: (omnetpp::cMessage) FanetSarNetwork.uav[11].app.debugTimer -- check module destructor
undisposed object: (omnetpp::cMessage) FanetSarNetwork.uav[12].app.debugTimer -- check module destructor
undisposed object: (omnetpp::cMessage) FanetSarNetwork.uav[13].app.debugTimer -- check module destructor
undisposed object: (omnetpp::cMessage) FanetSarNetwork.uav[14].app.debugTimer -- check module destructor
undisposed object: (omnetpp::cMessage) FanetSarNetwork.uav[15].app.debugTimer -- check module destructor
undisposed object: (omnetpp::cMessage) FanetSarNetwork.uav[16].app.debugTimer -- check module destructor
undisposed object: (omnetpp::cMessage) FanetSarNetwork.uav[17].app.debugTimer -- check module destructor
undisposed object: (omnetpp::cMessage) FanetSarNetwork.uav[18].app.debugTimer -- check module destructor
undisposed object: (omnetpp::cMessage) FanetSarNetwork.uav[19].app.debugTimer -- check module destructor
undisposed object: (omnetpp::cMessage) FanetSarNetwork.uav[20].app.debugTimer -- check module destructor
undisposed object: (omnetpp::cMessage) FanetSarNetwork.uav[21].app.debugTimer -- check module destructor
undisposed object: (omnetpp::cMessage) FanetSarNetwork.uav[22].app.debugTimer -- check module destructor
undisposed object: (omnetpp::cMessage) FanetSarNetwork.uav[23].app.debugTimer -- check module destructor
undisposed object: (omnetpp::cMessage) FanetSarNetwork.uav[24].app.debugTimer -- check module destructor
undisposed object: (omnetpp::cMessage) FanetSarNetwork.uav[25].app.debugTimer -- check module destructor
undisposed object: (omnetpp::cMessage) FanetSarNetwork.uav[26].app.debugTimer -- check module destructor
undisposed object: (omnetpp::cMessage) FanetSarNetwork.uav[27].app.debugTimer -- check module destructor
undisposed object: (omnetpp::cMessage) FanetSarNetwork.uav[28].app.debugTimer -- check module destructor
undisposed object: (omnetpp::cMessage) FanetSarNetwork.uav[29].app.debugTimer -- check module destructor
