** Event #0   t=0   Elapsed: 1.8e-05s (0m 00s)  0% completed  (0% total)
     Speed:     ev/sec=0   simsec/sec=0   ev/simsec=0
     Messages:  created: 1938   present: 1938   in FES: 306
** Event #60928   t=2.510185749665   Elapsed: 2.01145s (0m 02s)  0% completed  (0% total)
     Speed:     ev/sec=30291.3   simsec/sec=1.24796   ev/simsec=24272.7
     Messages:  created: 58086   present: 1975   in FES: 230
** Event #116736   t=5.073720668991   Elapsed: 4.01674s (0m 04s)  1% completed  (0% total)
     Speed:     ev/sec=27830.4   simsec/sec=1.27839   ev/simsec=21769.9
     Messages:  created: 109494   present: 1993   in FES: 252
** Event #151808   t=6.516495091289   Elapsed: 6.023s (0m 06s)  1% completed  (0% total)
     Speed:     ev/sec=17481.2   simsec/sec=0.719135   ev/simsec=24308.7
     Messages:  created: 142138   present: 1971   in FES: 226
** Event #191744   t=8.510800645306   Elapsed: 8.02486s (0m 08s)  1% completed  (0% total)
     Speed:     ev/sec=19949.5   simsec/sec=0.996227   ev/simsec=20025
     Messages:  created: 178594   present: 2013   in FES: 244
** Event #233216   t=10.508874350273   Elapsed: 10.0544s (0m 10s)  2% completed  (1% total)
     Speed:     ev/sec=20434.4   simsec/sec=0.984504   ev/simsec=20756
     Messages:  created: 216597   present: 1976   in FES: 239
** Event #261376   t=11.607336948515   Elapsed: 12.0751s (0m 12s)  2% completed  (1% total)
     Speed:     ev/sec=13935.6   simsec/sec=0.543599   ev/simsec=25635.8
     Messages:  created: 242704   present: 1986   in FES: 253
** Event #299520   t=13.509324171692   Elapsed: 14.0959s (0m 14s)  2% completed  (1% total)
     Speed:     ev/sec=18876.1   simsec/sec=0.941227   ev/simsec=20054.8
     Messages:  created: 276902   present: 1891   in FES: 210
** Event #326400   t=14.540898521882   Elapsed: 16.1199s (0m 16s)  2% completed  (1% total)
     Speed:     ev/sec=13280.4   simsec/sec=0.509662   ev/simsec=26057.3
     Messages:  created: 301274   present: 1956   in FES: 243
** Event #351744   t=15.586980755687   Elapsed: 18.1476s (0m 18s)  3% completed  (1% total)
     Speed:     ev/sec=12498.9   simsec/sec=0.515896   ev/simsec=24227.5
     Messages:  created: 323298   present: 1936   in FES: 233
** Event #376064   t=16.596049248547   Elapsed: 20.1501s (0m 20s)  3% completed  (1% total)
     Speed:     ev/sec=12144.8   simsec/sec=0.503904   ev/simsec=24101.4
     Messages:  created: 344582   present: 1959   in FES: 242
** Event #402944   t=18.012960419409   Elapsed: 22.1531s (0m 22s)  3% completed  (1% total)
     Speed:     ev/sec=13419.7   simsec/sec=0.707384   ev/simsec=18970.8
     Messages:  created: 368152   present: 2002   in FES: 253
** Event #436736   t=19.514651205398   Elapsed: 24.1734s (0m 24s)  3% completed  (1% total)
     Speed:     ev/sec=16726.4   simsec/sec=0.743307   ev/simsec=22502.6
     Messages:  created: 399232   present: 1977   in FES: 240
** Event #470016   t=21.067301623018   Elapsed: 26.1771s (0m 26s)  4% completed  (2% total)
     Speed:     ev/sec=16609.8   simsec/sec=0.774914   ev/simsec=21434.3
     Messages:  created: 430850   present: 1945   in FES: 254
** Event #506368   t=23.043771868586   Elapsed: 28.1811s (0m 28s)  4% completed  (2% total)
     Speed:     ev/sec=18139.7   simsec/sec=0.986263   ev/simsec=18392.4
     Messages:  created: 466707   present: 1972   in FES: 254
** Event #553728   t=25.524847790615   Elapsed: 30.194s (0m 30s)  5% completed  (2% total)
     Speed:     ev/sec=23527.7   simsec/sec=1.23256   ev/simsec=19088.5
     Messages:  created: 513866   present: 1993   in FES: 250
** Event #609280   t=28.516300015563   Elapsed: 32.2074s (0m 32s)  5% completed  (2% total)
     Speed:     ev/sec=27590.9   simsec/sec=1.48576   ev/simsec=18570.2
     Messages:  created: 569085   present: 1980   in FES: 254
** Event #663808   t=31.508615027348   Elapsed: 34.2136s (0m 34s)  6% completed  (3% total)
     Speed:     ev/sec=27179.4   simsec/sec=1.49151   ev/simsec=18222.7
     Messages:  created: 622708   present: 1998   in FES: 253
** Event #718080   t=34.092332215244   Elapsed: 36.2193s (0m 36s)  6% completed  (3% total)
     Speed:     ev/sec=27058.9   simsec/sec=1.28819   ev/simsec=21005.4
     Messages:  created: 676716   present: 1997   in FES: 254
** Event #774400   t=37.09115886543   Elapsed: 38.2229s (0m 38s)  7% completed  (3% total)
     Speed:     ev/sec=28110.6   simsec/sec=1.49678   ev/simsec=18780.7
     Messages:  created: 732580   present: 1993   in FES: 254
** Event #836864   t=40.531842943422   Elapsed: 40.2313s (0m 40s)  8% completed  (4% total)
     Speed:     ev/sec=31100.4   simsec/sec=1.71309   ev/simsec=18154.5
     Messages:  created: 794840   present: 1976   in FES: 247
** Event #895744   t=43.578989609076   Elapsed: 42.2328s (0m 42s)  8% completed  (4% total)
     Speed:     ev/sec=29417.7   simsec/sec=1.52242   ev/simsec=19323
     Messages:  created: 853300   present: 1991   in FES: 252
** Event #951296   t=46.56839564204   Elapsed: 44.2437s (0m 44s)  9% completed  (4% total)
     Speed:     ev/sec=27626.3   simsec/sec=1.48664   ev/simsec=18583
     Messages:  created: 908420   present: 1989   in FES: 252
** Event #1010432   t=49.7   Elapsed: 46.246s (0m 46s)  9% completed  (4% total)
     Speed:     ev/sec=29533.5   simsec/sec=1.56398   ev/simsec=18883.6
     Messages:  created: 966918   present: 1836   in FES: 202
** Event #1082880   t=53.559876547469   Elapsed: 48.25s (0m 48s)  10% completed  (5% total)
     Speed:     ev/sec=36152.5   simsec/sec=1.92613   ev/simsec=18769.5
     Messages:  created: 1038865   present: 1841   in FES: 204
** Event #1152768   t=57.504962003001   Elapsed: 50.2542s (0m 50s)  11% completed  (5% total)
     Speed:     ev/sec=34870.3   simsec/sec=1.96838   ev/simsec=17715.2
     Messages:  created: 1107852   present: 2080   in FES: 305
** Event #1222912   t=61.051636630762   Elapsed: 52.2592s (0m 52s)  12% completed  (6% total)
     Speed:     ev/sec=34984.3   simsec/sec=1.7689   ev/simsec=19777.4
     Messages:  created: 1177624   present: 1860   in FES: 207
** Event #1293056   t=65.00230497477   Elapsed: 54.2619s (0m 54s)  13% completed  (6% total)
     Speed:     ev/sec=35024.5   simsec/sec=1.97266   ev/simsec=17755
     Messages:  created: 1247399   present: 1944   in FES: 254
** Event #1376000   t=69.079570541387   Elapsed: 56.2653s (0m 56s)  13% completed  (6% total)
     Speed:     ev/sec=41402.7   simsec/sec=2.03522   ev/simsec=20343
     Messages:  created: 1329542   present: 1986   in FES: 249
** Event #1427456   t=71.537987989781   Elapsed: 58.2704s (0m 58s)  14% completed  (7% total)
     Speed:     ev/sec=25662.1   simsec/sec=1.22606   ev/simsec=20930.5
     Messages:  created: 1379048   present: 1985   in FES: 252
** Event #1469952   t=73.530647213183   Elapsed: 60.2978s (1m 00s)  14% completed  (7% total)
     Speed:     ev/sec=20961.1   simsec/sec=0.982877   ev/simsec=21326.3
     Messages:  created: 1417780   present: 1905   in FES: 218
** Event #1517312   t=76.002907788726   Elapsed: 62.2989s (1m 02s)  15% completed  (7% total)
     Speed:     ev/sec=23667   simsec/sec=1.23545   ev/simsec=19156.6
     Messages:  created: 1461536   present: 1957   in FES: 254
** Event #1572608   t=78.50496171071   Elapsed: 64.2995s (1m 04s)  15% completed  (7% total)
     Speed:     ev/sec=27639   simsec/sec=1.25062   ev/simsec=22100.2
     Messages:  created: 1512165   present: 1839   in FES: 204
** Event #1622528   t=80.537820901312   Elapsed: 66.3049s (1m 06s)  16% completed  (8% total)
     Speed:     ev/sec=24893.6   simsec/sec=1.01373   ev/simsec=24556.5
     Messages:  created: 1559632   present: 1973   in FES: 254
** Event #1669120   t=83.000606063662   Elapsed: 68.3069s (1m 08s)  16% completed  (8% total)
     Speed:     ev/sec=23272.1   simsec/sec=1.23013   ev/simsec=18918.4
     Messages:  created: 1602816   present: 1920   in FES: 231
** Event #1727232   t=85.510714339534   Elapsed: 70.3081s (1m 10s)  17% completed  (8% total)
     Speed:     ev/sec=29039.2   simsec/sec=1.25433   ev/simsec=23151.2
     Messages:  created: 1656236   present: 2171   in FES: 306
** Event #1773824   t=87.51557636226   Elapsed: 72.3103s (1m 12s)  17% completed  (8% total)
     Speed:     ev/sec=23270.7   simsec/sec=1.00134   ev/simsec=23239.5
     Messages:  created: 1699265   present: 2004   in FES: 256
** Event #1817856   t=89.511230753737   Elapsed: 74.3233s (1m 14s)  17% completed  (8% total)
     Speed:     ev/sec=21872.8   simsec/sec=0.991336   ev/simsec=22063.9
     Messages:  created: 1738098   present: 1926   in FES: 223
** Event #1861632   t=91.509714165794   Elapsed: 76.3279s (1m 16s)  18% completed  (9% total)
     Speed:     ev/sec=21837.9   simsec/sec=0.996956   ev/simsec=21904.6
     Messages:  created: 1777562   present: 1939   in FES: 232
** Event #1909248   t=93.515717238739   Elapsed: 78.3462s (1m 18s)  18% completed  (9% total)
     Speed:     ev/sec=23592.9   simsec/sec=0.99394   ev/simsec=23736.8
     Messages:  created: 1821767   present: 1887   in FES: 204
** Event #1954048   t=95.51971408796   Elapsed: 80.3548s (1m 20s)  19% completed  (9% total)
     Speed:     ev/sec=22303.4   simsec/sec=0.997675   ev/simsec=22355.3
     Messages:  created: 1863246   present: 1977   in FES: 232
** Event #2001408   t=97.586805250252   Elapsed: 82.3708s (1m 22s)  19% completed  (9% total)
     Speed:     ev/sec=23492.1   simsec/sec=1.02535   ev/simsec=22911.4
     Messages:  created: 1906440   present: 1921   in FES: 228
** Event #2042112   t=99.507738458732   Elapsed: 84.4019s (1m 24s)  19% completed  (9% total)
     Speed:     ev/sec=20040.4   simsec/sec=0.945762   ev/simsec=21189.7
     Messages:  created: 1941016   present: 1931   in FES: 230
** Event #2064896   t=100.068536877013   Elapsed: 86.4155s (1m 26s)  20% completed  (10% total)
     Speed:     ev/sec=11315.4   simsec/sec=0.278515   ev/simsec=40627.8
     Messages:  created: 1960619   present: 2005   in FES: 261
** Event #2093568   t=100.51544696081   Elapsed: 88.434s (1m 28s)  20% completed  (10% total)
     Speed:     ev/sec=14204.3   simsec/sec=0.221403   ev/simsec=64156.1
     Messages:  created: 1993711   present: 1981   in FES: 249
** Event #2127104   t=101.004575102597   Elapsed: 90.4464s (1m 30s)  20% completed  (10% total)
     Speed:     ev/sec=16664.5   simsec/sec=0.243054   ev/simsec=68562.8
     Messages:  created: 2034807   present: 2308   in FES: 351
** Event #2148864   t=101.519245149378   Elapsed: 92.5144s (1m 32s)  20% completed  (10% total)
     Speed:     ev/sec=10522.6   simsec/sec=0.248881   ev/simsec=42279.5
     Messages:  created: 2050972   present: 2189   in FES: 267
** Event #2182656   t=102.338927212095   Elapsed: 94.5152s (1m 34s)  20% completed  (10% total)
     Speed:     ev/sec=16889.3   simsec/sec=0.409678   ev/simsec=41225.7
     Messages:  created: 2083868   present: 2362   in FES: 305
** Event #2198784   t=102.524862256842   Elapsed: 96.5645s (1m 36s)  20% completed  (10% total)
     Speed:     ev/sec=7869.74   simsec/sec=0.0907279   ev/simsec=86740
     Messages:  created: 2101125   present: 2449   in FES: 287
** Event #2221056   t=102.859545844959   Elapsed: 98.5735s (1m 38s)  20% completed  (10% total)
     Speed:     ev/sec=11086.3   simsec/sec=0.166595   ev/simsec=66546.4
     Messages:  created: 2127287   present: 2442   in FES: 281
** Event #2247680   t=103.510515618848   Elapsed: 100.578s (1m 40s)  20% completed  (10% total)
     Speed:     ev/sec=13283   simsec/sec=0.324775   ev/simsec=40899
     Messages:  created: 2149980   present: 2683   in FES: 304
** Event #2255104   t=103.520354975145   Elapsed: 102.634s (1m 42s)  20% completed  (10% total)
     Speed:     ev/sec=3611.3   simsec/sec=0.00478621   ev/simsec=754521
     Messages:  created: 2155770   present: 2670   in FES: 288
** Event #2287872   t=104.507762699215   Elapsed: 104.707s (1m 44s)  20% completed  (10% total)
     Speed:     ev/sec=15805.3   simsec/sec=0.476264   ev/simsec=33185.9
     Messages:  created: 2186314   present: 2752   in FES: 269
** Event #2295040   t=104.517489267942   Elapsed: 106.764s (1m 46s)  20% completed  (10% total)
     Speed:     ev/sec=3485.08   simsec/sec=0.00472905   ev/simsec=736951
     Messages:  created: 2191685   present: 2900   in FES: 300
** Event #2301696   t=104.528464235646   Elapsed: 108.821s (1m 48s)  20% completed  (10% total)
     Speed:     ev/sec=3234.53   simsec/sec=0.00533337   ev/simsec=606471
     Messages:  created: 2196459   present: 2881   in FES: 297
** Event #2332672   t=105.506145953218   Elapsed: 110.841s (1m 50s)  21% completed  (10% total)
     Speed:     ev/sec=15338.8   simsec/sec=0.484133   ev/simsec=31683.1
     Messages:  created: 2224012   present: 3014   in FES: 285
** Event #2339328   t=105.516761912028   Elapsed: 112.855s (1m 52s)  21% completed  (10% total)
     Speed:     ev/sec=3304.24   simsec/sec=0.00527009   ev/simsec=626981
     Messages:  created: 2228790   present: 3089   in FES: 299
** Event #2345472   t=105.539182381557   Elapsed: 114.903s (1m 54s)  21% completed  (10% total)
     Speed:     ev/sec=3000.51   simsec/sec=0.0109493   ev/simsec=274035
     Messages:  created: 2233588   present: 3039   in FES: 304
** Event #2372608   t=106.5085783201   Elapsed: 116.959s (1m 56s)  21% completed  (10% total)
     Speed:     ev/sec=13199.8   simsec/sec=0.471545   ev/simsec=27992.7
     Messages:  created: 2255188   present: 3259   in FES: 301
** Event #2378752   t=106.517038080364   Elapsed: 118.987s (1m 58s)  21% completed  (10% total)
     Speed:     ev/sec=3028.59   simsec/sec=0.00417011   ev/simsec=726262
     Messages:  created: 2259533   present: 3234   in FES: 282
** Event #2385664   t=106.555633111623   Elapsed: 121.054s (2m 01s)  21% completed  (10% total)
     Speed:     ev/sec=3343.82   simsec/sec=0.0186711   ev/simsec=179090
     Messages:  created: 2264653   present: 3240   in FES: 305
** Event #2413056   t=107.509868743675   Elapsed: 123.13s (2m 03s)  21% completed  (10% total)
     Speed:     ev/sec=13195.8   simsec/sec=0.459693   ev/simsec=28705.7
     Messages:  created: 2286049   present: 3396   in FES: 277
** Event #2418688   t=107.51886032625   Elapsed: 125.166s (2m 05s)  21% completed  (10% total)
     Speed:     ev/sec=2766.97   simsec/sec=0.00441751   ev/simsec=626364
     Messages:  created: 2290246   present: 3457   in FES: 288
** Event #2425856   t=107.608445941821   Elapsed: 127.252s (2m 07s)  21% completed  (10% total)
     Speed:     ev/sec=3435.3   simsec/sec=0.0429344   ev/simsec=80012.8
     Messages:  created: 2295681   present: 3382   in FES: 264
** Event #2449408   t=108.510641741788   Elapsed: 129.265s (2m 09s)  21% completed  (10% total)
     Speed:     ev/sec=11704.3   simsec/sec=0.448352   ev/simsec=26105.2
     Messages:  created: 2312176   present: 2700   in FES: 236
** Event #2455040   t=108.519499565559   Elapsed: 131.28s (2m 11s)  21% completed  (10% total)
     Speed:     ev/sec=2794.76   simsec/sec=0.00439551   ev/simsec=635822
     Messages:  created: 2316217   present: 2752   in FES: 246
** Event #2461440   t=108.610445506175   Elapsed: 133.302s (2m 13s)  21% completed  (10% total)
     Speed:     ev/sec=3164.65   simsec/sec=0.0449706   ev/simsec=70371.5
     Messages:  created: 2321240   present: 2748   in FES: 255
** Event #2485248   t=109.511138328656   Elapsed: 135.397s (2m 15s)  21% completed  (10% total)
     Speed:     ev/sec=11366.1   simsec/sec=0.429996   ev/simsec=26433
     Messages:  created: 2337959   present: 2218   in FES: 246
** Event #2491392   t=109.555819975283   Elapsed: 137.466s (2m 17s)  21% completed  (10% total)
     Speed:     ev/sec=2969.81   simsec/sec=0.0215977   ev/simsec=137506
     Messages:  created: 2342476   present: 2149   in FES: 228
** Event #2515968   t=110.503149455292   Elapsed: 139.479s (2m 19s)  22% completed  (11% total)
     Speed:     ev/sec=12207.3   simsec/sec=0.470553   ev/simsec=25942.4
     Messages:  created: 2360315   present: 2401   in FES: 249
** Event #2523136   t=110.517281372279   Elapsed: 141.535s (2m 21s)  22% completed  (11% total)
     Speed:     ev/sec=3485.38   simsec/sec=0.00687153   ev/simsec=507221
     Messages:  created: 2365403   present: 2431   in FES: 247
** Event #2531072   t=110.610259420161   Elapsed: 143.587s (2m 23s)  22% completed  (11% total)
     Speed:     ev/sec=3867.27   simsec/sec=0.0453089   ev/simsec=85353.5
     Messages:  created: 2371578   present: 2431   in FES: 254
** Event #2556416   t=111.513761683282   Elapsed: 145.606s (2m 25s)  22% completed  (11% total)
     Speed:     ev/sec=12557.7   simsec/sec=0.447675   ev/simsec=28050.8
     Messages:  created: 2389379   present: 2642   in FES: 252
** Event #2563328   t=111.601444663481   Elapsed: 147.635s (2m 27s)  22% completed  (11% total)
     Speed:     ev/sec=3406.44   simsec/sec=0.0432128   ev/simsec=78829.4
     Messages:  created: 2394227   present: 2620   in FES: 248
** Event #2589184   t=112.509890112361   Elapsed: 149.679s (2m 29s)  22% completed  (11% total)
     Speed:     ev/sec=12650.5   simsec/sec=0.444472   ev/simsec=28461.8
     Messages:  created: 2412910   present: 2748   in FES: 227
** Event #2596352   t=112.55482013181   Elapsed: 151.728s (2m 31s)  22% completed  (11% total)
     Speed:     ev/sec=3497.82   simsec/sec=0.0219248   ev/simsec=159537
     Messages:  created: 2417998   present: 2735   in FES: 224
** Event #2621952   t=113.506271698749   Elapsed: 153.795s (2m 33s)  22% completed  (11% total)
     Speed:     ev/sec=12382.6   simsec/sec=0.460212   ev/simsec=26906.3
     Messages:  created: 2436758   present: 2989   in FES: 242
** Event #2629376   t=113.518771470172   Elapsed: 155.821s (2m 35s)  22% completed  (11% total)
     Speed:     ev/sec=3664.92   simsec/sec=0.00617062   ev/simsec=593931
     Messages:  created: 2442068   present: 3051   in FES: 254
** Event #2647808   t=114.058484188759   Elapsed: 157.821s (2m 37s)  22% completed  (11% total)
     Speed:     ev/sec=9214.5   simsec/sec=0.269812   ev/simsec=34151.5
     Messages:  created: 2455639   present: 3002   in FES: 210
** Event #2662656   t=114.516399070607   Elapsed: 159.872s (2m 39s)  22% completed  (11% total)
     Speed:     ev/sec=7240.76   simsec/sec=0.223306   ev/simsec=32425.2
     Messages:  created: 2466027   present: 3220   in FES: 254
** Event #2670592   t=114.608445679575   Elapsed: 161.916s (2m 41s)  22% completed  (11% total)
     Speed:     ev/sec=3881.8   simsec/sec=0.0450236   ev/simsec=86217.2
     Messages:  created: 2472109   present: 3129   in FES: 211
** Event #2694912   t=115.511576681651   Elapsed: 163.98s (2m 43s)  23% completed  (11% total)
     Speed:     ev/sec=11787.6   simsec/sec=0.437738   ev/simsec=26928.5
     Messages:  created: 2489427   present: 3436   in FES: 254
** Event #2701824   t=115.598444819797   Elapsed: 166.032s (2m 46s)  23% completed  (11% total)
     Speed:     ev/sec=3367.5   simsec/sec=0.0423218   ev/simsec=79568.9
     Messages:  created: 2494463   present: 3386   in FES: 238
** Event #2726656   t=116.506272766274   Elapsed: 168.098s (2m 48s)  23% completed  (11% total)
     Speed:     ev/sec=12017.5   simsec/sec=0.439347   ev/simsec=27353.2
     Messages:  created: 2512394   present: 3487   in FES: 208
** Event #2734080   t=116.518868933021   Elapsed: 170.114s (2m 50s)  23% completed  (11% total)
     Speed:     ev/sec=3682.84   simsec/sec=0.0062486   ev/simsec=589386
     Messages:  created: 2517708   present: 3556   in FES: 222
** Event #2744832   t=117.012574935106   Elapsed: 172.117s (2m 52s)  23% completed  (11% total)
     Speed:     ev/sec=5369.94   simsec/sec=0.246575   ev/simsec=21778.1
     Messages:  created: 2525904   present: 3689   in FES: 240
** Event #2765568   t=117.513232693864   Elapsed: 174.128s (2m 54s)  23% completed  (11% total)
     Speed:     ev/sec=10307.6   simsec/sec=0.248871   ev/simsec=41417.5
     Messages:  created: 2540412   present: 3761   in FES: 226
** Event #2773248   t=117.605259660087   Elapsed: 176.154s (2m 56s)  23% completed  (11% total)
     Speed:     ev/sec=3791.47   simsec/sec=0.0454319   ev/simsec=83453.8
     Messages:  created: 2546861   present: 3834   in FES: 254
** Event #2798336   t=118.510281577539   Elapsed: 178.211s (2m 58s)  23% completed  (11% total)
     Speed:     ev/sec=12193.6   simsec/sec=0.43987   ev/simsec=27720.9
     Messages:  created: 2564436   present: 3974   in FES: 233
** Event #2804736   t=118.554819101153   Elapsed: 180.228s (3m 00s)  23% completed  (11% total)
     Speed:     ev/sec=3174.03   simsec/sec=0.022088   ev/simsec=143699
     Messages:  created: 2568996   present: 3992   in FES: 243
** Event #2829824   t=119.503149528957   Elapsed: 182.239s (3m 02s)  23% completed  (11% total)
     Speed:     ev/sec=12471.4   simsec/sec=0.471422   ev/simsec=26454.9
     Messages:  created: 2587135   present: 4177   in FES: 241
** Event #2836992   t=119.517027904007   Elapsed: 184.268s (3m 04s)  23% completed  (11% total)
     Speed:     ev/sec=3532.79   simsec/sec=0.00684004   ev/simsec=516487
     Messages:  created: 2592229   present: 4198   in FES: 236
** Event #2843904   t=119.607444653559   Elapsed: 186.297s (3m 06s)  23% completed  (11% total)
     Speed:     ev/sec=3407.62   simsec/sec=0.0445756   ev/simsec=76446
     Messages:  created: 2597679   present: 4211   in FES: 239
** Event #2868736   t=120.511134153162   Elapsed: 188.356s (3m 08s)  24% completed  (12% total)
     Speed:     ev/sec=12056.9   simsec/sec=0.438776   ev/simsec=27478.5
     Messages:  created: 2615133   present: 4414   in FES: 254
** Event #2876416   t=120.601445782391   Elapsed: 190.409s (3m 10s)  24% completed  (12% total)
     Speed:     ev/sec=3741.67   simsec/sec=0.0439995   ev/simsec=85038.9
     Messages:  created: 2620881   present: 4345   in FES: 223
** Event #2902528   t=121.510186866969   Elapsed: 192.47s (3m 12s)  24% completed  (12% total)
     Speed:     ev/sec=12666.2   simsec/sec=0.440804   ev/simsec=28734.3
     Messages:  created: 2639787   present: 4519   in FES: 216
** Event #2908928   t=121.520752355572   Elapsed: 194.534s (3m 14s)  24% completed  (12% total)
     Speed:     ev/sec=3100.79   simsec/sec=0.00511897   ev/simsec=605746
     Messages:  created: 2644354   present: 4550   in FES: 219
** Event #2919168   t=122.012961472893   Elapsed: 196.54s (3m 16s)  24% completed  (12% total)
     Speed:     ev/sec=5105.87   simsec/sec=0.245426   ev/simsec=20804.2
     Messages:  created: 2652107   present: 4590   in FES: 207
** Event #2940160   t=122.514579516705   Elapsed: 198.595s (3m 18s)  24% completed  (12% total)
     Speed:     ev/sec=10213.2   simsec/sec=0.244051   ev/simsec=41848.6
     Messages:  created: 2666837   present: 4704   in FES: 207
** Event #2948096   t=122.608258532904   Elapsed: 200.65s (3m 20s)  24% completed  (12% total)
     Speed:     ev/sec=3862.65   simsec/sec=0.0455959   ev/simsec=84714.8
     Messages:  created: 2673208   present: 4706   in FES: 204
** Event #2972416   t=123.510736278831   Elapsed: 202.696s (3m 22s)  24% completed  (12% total)
     Speed:     ev/sec=11886.1   simsec/sec=0.441073   ev/simsec=26948
     Messages:  created: 2690368   present: 4961   in FES: 229
** Event #2980352   t=123.60225944041   Elapsed: 204.747s (3m 24s)  24% completed  (12% total)
     Speed:     ev/sec=3868.79   simsec/sec=0.0446174   ev/simsec=86710.3
     Messages:  created: 2696661   present: 5264   in FES: 356
** Event #3004928   t=124.509459572906   Elapsed: 206.791s (3m 26s)  24% completed  (12% total)
     Speed:     ev/sec=12026.9   simsec/sec=0.443962   ev/simsec=27089.9
     Messages:  created: 2714403   present: 5175   in FES: 236
** Event #3011840   t=124.520371801952   Elapsed: 208.84s (3m 28s)  24% completed  (12% total)
     Speed:     ev/sec=3372.2   simsec/sec=0.00532382   ev/simsec=633418
     Messages:  created: 2719397   present: 5200   in FES: 236
** Event #3036672   t=125.50515029337   Elapsed: 210.849s (3m 30s)  25% completed  (12% total)
     Speed:     ev/sec=12362.4   simsec/sec=0.490265   ev/simsec=25215.8
     Messages:  created: 2737797   present: 5288   in FES: 210
** Event #3044096   t=125.554820110767   Elapsed: 212.885s (3m 32s)  25% completed  (12% total)
     Speed:     ev/sec=3647.18   simsec/sec=0.0244013   ev/simsec=149467
     Messages:  created: 2743388   present: 5278   in FES: 205
** Event #3066880   t=126.160247972976   Elapsed: 214.891s (3m 34s)  25% completed  (12% total)
     Speed:     ev/sec=11356.7   simsec/sec=0.301775   ev/simsec=37632.9
     Messages:  created: 2760937   present: 5393   in FES: 202
** Event #3074560   t=126.526004392285   Elapsed: 216.925s (3m 36s)  25% completed  (12% total)
     Speed:     ev/sec=3774.85   simsec/sec=0.179776   ev/simsec=20997.6
     Messages:  created: 2766381   present: 5554   in FES: 226
** Event #3097344   t=127.098257800318   Elapsed: 218.931s (3m 38s)  25% completed  (12% total)
     Speed:     ev/sec=11361   simsec/sec=0.285349   ev/simsec=39814.5
     Messages:  created: 2784315   present: 5693   in FES: 237
** Event #3106048   t=127.56270747001   Elapsed: 220.979s (3m 40s)  25% completed  (12% total)
     Speed:     ev/sec=4249.99   simsec/sec=0.226782   ev/simsec=18740.5
     Messages:  created: 2790710   present: 5819   in FES: 248
** Event #3113728   t=127.760247972976   Elapsed: 222.989s (3m 42s)  25% completed  (12% total)
     Speed:     ev/sec=3820.2   simsec/sec=0.098261   ev/simsec=38878.1
     Messages:  created: 2796384   present: 5714   in FES: 202
** Event #3135488   t=128.540765513766   Elapsed: 224.996s (3m 44s)  25% completed  (12% total)
     Speed:     ev/sec=10842.2   simsec/sec=0.388902   ev/simsec=27878.9
     Messages:  created: 2813004   present: 6013   in FES: 254
** Event #3143936   t=128.606047502079   Elapsed: 227.033s (3m 47s)  25% completed  (12% total)
     Speed:     ev/sec=4148.12   simsec/sec=0.0320547   ev/simsec=129408
     Messages:  created: 2819503   present: 5963   in FES: 227
** Event #3166464   t=129.544958185253   Elapsed: 229.054s (3m 49s)  25% completed  (12% total)
     Speed:     ev/sec=11144.9   simsec/sec=0.464491   ev/simsec=23993.8
     Messages:  created: 2836466   present: 6149   in FES: 228
** Event #3175168   t=129.611381913441   Elapsed: 231.063s (3m 51s)  25% completed  (12% total)
     Speed:     ev/sec=4333.15   simsec/sec=0.033068   ev/simsec=131038
     Messages:  created: 2843147   present: 6149   in FES: 223
** Event #3198208   t=130.555720172168   Elapsed: 233.074s (3m 53s)  26% completed  (13% total)
     Speed:     ev/sec=11454.8   simsec/sec=0.469496   ev/simsec=24398
     Messages:  created: 2860540   present: 6367   in FES: 234
** Event #3214336   t=131.050863787802   Elapsed: 235.077s (3m 55s)  26% completed  (13% total)
     Speed:     ev/sec=8052.97   simsec/sec=0.247233   ev/simsec=32572.4
     Messages:  created: 2872791   present: 6466   in FES: 232
** Event #3230464   t=131.560247972976   Elapsed: 237.119s (3m 57s)  26% completed  (13% total)
     Speed:     ev/sec=7896.68   simsec/sec=0.249407   ev/simsec=31661.8
     Messages:  created: 2884907   present: 6487   in FES: 203
** Event #3253760   t=132.511762661925   Elapsed: 239.146s (3m 59s)  26% completed  (13% total)
     Speed:     ev/sec=11494.3   simsec/sec=0.469478   ev/simsec=24483.1
     Messages:  created: 2902626   present: 6783   in FES: 240
** Event #3263232   t=132.577407703419   Elapsed: 241.212s (4m 01s)  26% completed  (13% total)
     Speed:     ev/sec=4585.72   simsec/sec=0.031781   ev/simsec=144291
     Messages:  created: 2909722   present: 6695   in FES: 206
** Event #3286784   t=133.519755850994   Elapsed: 243.226s (4m 03s)  26% completed  (13% total)
     Speed:     ev/sec=11690.4   simsec/sec=0.467751   ev/simsec=24992.9
     Messages:  created: 2927658   present: 7029   in FES: 254
** Event #3296768   t=133.59529186794   Elapsed: 245.26s (4m 05s)  26% completed  (13% total)
     Speed:     ev/sec=4908.73   simsec/sec=0.037138   ev/simsec=132175
     Messages:  created: 2935305   present: 7009   in FES: 243
** Event #3319552   t=134.53154562528   Elapsed: 247.306s (4m 07s)  26% completed  (13% total)
     Speed:     ev/sec=11135.2   simsec/sec=0.457576   ev/simsec=24335.3
     Messages:  created: 2952472   present: 7189   in FES: 240
** Event #3329024   t=134.605204260507   Elapsed: 249.317s (4m 09s)  26% completed  (13% total)
     Speed:     ev/sec=4710.06   simsec/sec=0.0366276   ev/simsec=128593
     Messages:  created: 2959801   present: 7244   in FES: 254
** Event #3352320   t=135.551525428958   Elapsed: 251.353s (4m 11s)  27% completed  (13% total)
     Speed:     ev/sec=11444.4   simsec/sec=0.464889   ev/simsec=24617.4
     Messages:  created: 2977275   present: 7295   in FES: 209
** Event #3367936   t=136.047360089457   Elapsed: 253.356s (4m 13s)  27% completed  (13% total)
     Speed:     ev/sec=7797.5   simsec/sec=0.247584   ev/simsec=31494.4
     Messages:  created: 2989224   present: 7506   in FES: 247
** Event #3384576   t=136.555719454675   Elapsed: 255.391s (4m 15s)  27% completed  (13% total)
     Speed:     ev/sec=8174.96   simsec/sec=0.249749   ev/simsec=32732.7
     Messages:  created: 3001792   present: 7619   in FES: 248
** Event #3407872   t=137.507050575881   Elapsed: 257.403s (4m 17s)  27% completed  (13% total)
     Speed:     ev/sec=11580.4   simsec/sec=0.472907   ev/simsec=24487.8
     Messages:  created: 3019364   present: 7745   in FES: 228
** Event #3417600   t=137.578743306948   Elapsed: 259.423s (4m 19s)  27% completed  (13% total)
     Speed:     ev/sec=4814.59   simsec/sec=0.0354822   ev/simsec=135690
     Messages:  created: 3026800   present: 7823   in FES: 254
** Event #3441664   t=138.516914317818   Elapsed: 261.461s (4m 21s)  27% completed  (13% total)
     Speed:     ev/sec=11806.2   simsec/sec=0.460281   ev/simsec=25649.9
     Messages:  created: 3045640   present: 7958   in FES: 231
** Event #3453184   t=138.575657787934   Elapsed: 263.47s (4m 23s)  27% completed  (13% total)
     Speed:     ev/sec=5734.72   simsec/sec=0.0292428   ev/simsec=196107
     Messages:  created: 3056602   present: 7929   in FES: 222
** Event #3508480   t=139.119481975208   Elapsed: 265.472s (4m 25s)  27% completed  (13% total)
     Speed:     ev/sec=27623.2   simsec/sec=0.271668   ev/simsec=101680
     Messages:  created: 3120334   present: 8034   in FES: 254
** Event #3544832   t=139.551520985301   Elapsed: 267.478s (4m 27s)  27% completed  (13% total)
     Speed:     ev/sec=18126   simsec/sec=0.215425   ev/simsec=84140.6
     Messages:  created: 3164692   present: 8025   in FES: 222
** Event #3565824   t=139.708055708275   Elapsed: 269.478s (4m 29s)  27% completed  (13% total)
     Speed:     ev/sec=10493.5   simsec/sec=0.0782487   ev/simsec=134104
     Messages:  created: 3188473   present: 8070   in FES: 256
** Event #3635712   t=140.514077281004   Elapsed: 271.526s (4m 31s)  28% completed  (14% total)
     Speed:     ev/sec=34118   simsec/sec=0.393485   ev/simsec=86707.4
     Messages:  created: 3272234   present: 8143   in FES: 236
** Event #3648512   t=140.573069641557   Elapsed: 273.555s (4m 33s)  28% completed  (14% total)
     Speed:     ev/sec=6309.67   simsec/sec=0.0290799   ev/simsec=216977
     Messages:  created: 3284596   present: 8176   in FES: 245
** Event #3691776   t=141.068537058032   Elapsed: 275.555s (4m 35s)  28% completed  (14% total)
     Speed:     ev/sec=21629.8   simsec/sec=0.247709   ev/simsec=87319.6
     Messages:  created: 3334990   present: 8225   in FES: 242
** Event #3727616   t=141.541541562371   Elapsed: 277.57s (4m 37s)  28% completed  (14% total)
     Speed:     ev/sec=17787.6   simsec/sec=0.234755   ev/simsec=75770.9
     Messages:  created: 3377710   present: 8257   in FES: 244
** Event #3749888   t=141.745755620034   Elapsed: 279.577s (4m 39s)  28% completed  (14% total)
     Speed:     ev/sec=11099.3   simsec/sec=0.101771   ev/simsec=109062
     Messages:  created: 3403482   present: 8295   in FES: 279
** Event #3813888   t=142.520975510573   Elapsed: 281.591s (4m 41s)  28% completed  (14% total)
     Speed:     ev/sec=31781.7   simsec/sec=0.384965   ev/simsec=82557.2
     Messages:  created: 3479268   present: 8376   in FES: 249
** Event #3828736   t=142.615208465805   Elapsed: 283.625s (4m 43s)  28% completed  (14% total)
     Speed:     ev/sec=7297.14   simsec/sec=0.0463114   ev/simsec=157567
     Messages:  created: 3493849   present: 8364   in FES: 255
** Event #3893760   t=143.526929945581   Elapsed: 285.649s (4m 45s)  28% completed  (14% total)
     Speed:     ev/sec=32136.2   simsec/sec=0.450591   ev/simsec=71320
     Messages:  created: 3572703   present: 8481   in FES: 253
** Event #3917312   t=143.797847289603   Elapsed: 287.65s (4m 47s)  28% completed  (14% total)
     Speed:     ev/sec=11770.2   simsec/sec=0.135392   ev/simsec=86934.3
     Messages:  created: 3599321   present: 8454   in FES: 245
** Event #3977216   t=144.54412664445   Elapsed: 289.685s (4m 49s)  28% completed  (14% total)
     Speed:     ev/sec=29439.4   simsec/sec=0.366754   ev/simsec=80270.2
     Messages:  created: 3670448   present: 8518   in FES: 255
** Event #4019968   t=145.023779778952   Elapsed: 291.689s (4m 51s)  29% completed  (14% total)
     Speed:     ev/sec=21327   simsec/sec=0.239276   ev/simsec=89131.1
     Messages:  created: 3720712   present: 8477   in FES: 241
** Event #4062976   t=145.580516572371   Elapsed: 293.733s (4m 53s)  29% completed  (14% total)
     Speed:     ev/sec=21046.9   simsec/sec=0.272452   ev/simsec=77250.1
     Messages:  created: 3768988   present: 8632   in FES: 258
** Event #4113664   t=146.518229389086   Elapsed: 295.756s (4m 55s)  29% completed  (14% total)
     Speed:     ev/sec=25052.2   simsec/sec=0.463458   ev/simsec=54054.9
     Messages:  created: 3827175   present: 8753   in FES: 272
** Event #4139008   t=147.00456615414   Elapsed: 297.759s (4m 57s)  29% completed  (14% total)
     Speed:     ev/sec=12651.9   simsec/sec=0.242783   ev/simsec=52112
     Messages:  created: 3855403   present: 8836   in FES: 254
** Event #4171264   t=147.578884286984   Elapsed: 299.786s (4m 59s)  29% completed  (14% total)
     Speed:     ev/sec=15910.4   simsec/sec=0.283285   ev/simsec=56164
     Messages:  created: 3888420   present: 8817   in FES: 223
** Event #4216320   t=148.552182268586   Elapsed: 301.833s (5m 01s)  29% completed  (14% total)
     Speed:     ev/sec=22017.1   simsec/sec=0.475612   ev/simsec=46292.1
     Messages:  created: 3937692   present: 9023   in FES: 247
** Event #4259072   t=149.551910104485   Elapsed: 303.861s (5m 03s)  29% completed  (14% total)
     Speed:     ev/sec=21073.3   simsec/sec=0.492786   ev/simsec=42763.6
     Messages:  created: 3983147   present: 9176   in FES: 253
** Event #4302080   t=150.55176817452   Elapsed: 305.885s (5m 05s)  30% completed  (15% total)
     Speed:     ev/sec=21255.3   simsec/sec=0.494148   ev/simsec=43014.1
     Messages:  created: 4028792   present: 9276   in FES: 254
** Event #4344832   t=151.547802259059   Elapsed: 307.901s (5m 07s)  30% completed  (15% total)
     Speed:     ev/sec=21210.2   simsec/sec=0.494154   ev/simsec=42922.2
     Messages:  created: 4074143   present: 9379   in FES: 250
** Event #4386304   t=152.53186483477   Elapsed: 309.924s (5m 09s)  30% completed  (15% total)
     Speed:     ev/sec=20495   simsec/sec=0.486313   ev/simsec=42143.7
     Messages:  created: 4118329   present: 9511   in FES: 231
** Event #4427264   t=153.517709416804   Elapsed: 311.925s (5m 11s)  30% completed  (15% total)
     Speed:     ev/sec=20472.7   simsec/sec=0.492747   ev/simsec=41548.1
     Messages:  created: 4161766   present: 9649   in FES: 233
** Event #4469760   t=154.513649301348   Elapsed: 313.939s (5m 13s)  30% completed  (15% total)
     Speed:     ev/sec=21098.8   simsec/sec=0.494473   ev/simsec=42669.2
     Messages:  created: 4206787   present: 9831   in FES: 250
** Event #4500992   t=155.079570672477   Elapsed: 315.94s (5m 15s)  31% completed  (15% total)
     Speed:     ev/sec=15607.5   simsec/sec=0.282807   ev/simsec=55187.9
     Messages:  created: 4238525   present: 9879   in FES: 238
** Event #4548096   t=156.136627863152   Elapsed: 317.941s (5m 17s)  31% completed  (15% total)
     Speed:     ev/sec=23542.1   simsec/sec=0.528305   ev/simsec=44561.4
     Messages:  created: 4287828   present: 9915   in FES: 221
** Event #4577536   t=157.002963087714   Elapsed: 319.942s (5m 19s)  31% completed  (15% total)
     Speed:     ev/sec=14707.8   simsec/sec=0.432807   ev/simsec=33982.2
     Messages:  created: 4320856   present: 10120   in FES: 232
** Event #4613888   t=157.685276691322   Elapsed: 321.945s (5m 21s)  31% completed  (15% total)
     Speed:     ev/sec=18157.2   simsec/sec=0.340804   ev/simsec=53277.6
     Messages:  created: 4357757   present: 10190   in FES: 243
** Event #4652288   t=158.588635407215   Elapsed: 323.951s (5m 23s)  31% completed  (15% total)
     Speed:     ev/sec=19139   simsec/sec=0.450244   ev/simsec=42508
     Messages:  created: 4398498   present: 10367   in FES: 242
** Event #4693504   t=159.575403169013   Elapsed: 325.959s (5m 25s)  31% completed  (15% total)
     Speed:     ev/sec=20526.2   simsec/sec=0.491425   ev/simsec=41768.7
     Messages:  created: 4442802   present: 10481   in FES: 235
** Event #4737280   t=160.592634962708   Elapsed: 327.969s (5m 27s)  32% completed  (16% total)
     Speed:     ev/sec=21774.2   simsec/sec=0.505972   ev/simsec=43034.4
     Messages:  created: 4489546   present: 10642   in FES: 244
** Event #4784128   t=161.797802190215   Elapsed: 329.973s (5m 29s)  32% completed  (16% total)
     Speed:     ev/sec=23376.1   simsec/sec=0.601352   ev/simsec=38872.6
     Messages:  created: 4541338   present: 10747   in FES: 243
** Event #4846592   t=163.380806710439   Elapsed: 331.974s (5m 31s)  32% completed  (16% total)
     Speed:     ev/sec=31230.2   simsec/sec=0.791458   ev/simsec=39459.1
     Messages:  created: 4611860   present: 11020   in FES: 254
** Event #4900352   t=164.556095629661   Elapsed: 333.974s (5m 33s)  32% completed  (16% total)
     Speed:     ev/sec=26876.1   simsec/sec=0.58756   ev/simsec=45741.9
     Messages:  created: 4674526   present: 11178   in FES: 255
** Event #4966400   t=165.695772300182   Elapsed: 335.975s (5m 35s)  33% completed  (16% total)
     Speed:     ev/sec=33010.9   simsec/sec=0.569612   ev/simsec=57953.3
     Messages:  created: 4754494   present: 11364   in FES: 254
** Event #5052160   t=167.091155543244   Elapsed: 337.982s (5m 37s)  33% completed  (16% total)
     Speed:     ev/sec=42720.4   simsec/sec=0.695094   ev/simsec=61459.8
     Messages:  created: 4860668   present: 11530   in FES: 254
** Event #5155840   t=167.28955597042   Elapsed: 339.986s (5m 39s)  33% completed  (16% total)
     Speed:     ev/sec=51733.9   simsec/sec=0.0989972   ev/simsec=522580
     Messages:  created: 5006721   present: 11632   in FES: 270
** Event #5264128   t=167.489170529543   Elapsed: 341.988s (5m 41s)  33% completed  (16% total)
     Speed:     ev/sec=54104.4   simsec/sec=0.0997342   ev/simsec=542485
     Messages:  created: 5159696   present: 11704   in FES: 267
** Event #5348608   t=168.534049436554   Elapsed: 343.992s (5m 43s)  33% completed  (16% total)
     Speed:     ev/sec=42155.4   simsec/sec=0.521392   ev/simsec=80851.5
     Messages:  created: 5268529   present: 11802   in FES: 257
** Event #5402112   t=171.048482424168   Elapsed: 345.993s (5m 45s)  34% completed  (17% total)
     Speed:     ev/sec=26736.6   simsec/sec=1.25649   ev/simsec=21278.8
     Messages:  created: 5318819   present: 12316   in FES: 255
** Event #5460736   t=174.017807775196   Elapsed: 347.996s (5m 47s)  34% completed  (17% total)
     Speed:     ev/sec=29269.9   simsec/sec=1.48253   ev/simsec=19743.2
     Messages:  created: 5373893   present: 13054   in FES: 298
** Event #5526272   t=177.07094961888   Elapsed: 349.997s (5m 49s)  35% completed  (17% total)
     Speed:     ev/sec=32750.1   simsec/sec=1.52574   ev/simsec=21465.1
     Messages:  created: 5435795   present: 13500   in FES: 244
** Event #5583872   t=180.03134398981   Elapsed: 352.002s (5m 52s)  36% completed  (18% total)
     Speed:     ev/sec=28729.8   simsec/sec=1.47659   ev/simsec=19456.9
     Messages:  created: 5489982   present: 14117   in FES: 255
** Event #5635328   t=182.516803508554   Elapsed: 354.023s (5m 54s)  36% completed  (18% total)
     Speed:     ev/sec=25451.6   simsec/sec=1.22938   ev/simsec=20702.8
     Messages:  created: 5537553   present: 14578   in FES: 238
** Event #5675264   t=184.074624760837   Elapsed: 356.027s (5m 56s)  36% completed  (18% total)
     Speed:     ev/sec=19932.7   simsec/sec=0.777535   ev/simsec=25635.8
     Messages:  created: 5573298   present: 14921   in FES: 254
** Event #5709312   t=185.532757415859   Elapsed: 358.029s (5m 58s)  37% completed  (18% total)
     Speed:     ev/sec=17003.1   simsec/sec=0.72817   ev/simsec=23350.4
     Messages:  created: 5602339   present: 15190   in FES: 244
** Event #5753088   t=187.513500048966   Elapsed: 360.05s (6m 00s)  37% completed  (18% total)
     Speed:     ev/sec=21660.3   simsec/sec=0.980068   ev/simsec=22100.8
     Messages:  created: 5639651   present: 15528   in FES: 226
** Event #5785344   t=188.543629906579   Elapsed: 362.056s (6m 02s)  37% completed  (18% total)
     Speed:     ev/sec=16086.5   simsec/sec=0.513739   ev/simsec=31312.6
     Messages:  created: 5668267   present: 15816   in FES: 246
** Event #5829632   t=190.528028351732   Elapsed: 364.085s (6m 04s)  38% completed  (19% total)
     Speed:     ev/sec=21828.5   simsec/sec=0.978063   ev/simsec=22318.1
     Messages:  created: 5706442   present: 16143   in FES: 226
** Event #5873664   t=192.514332526319   Elapsed: 366.101s (6m 06s)  38% completed  (19% total)
     Speed:     ev/sec=21840.5   simsec/sec=0.985235   ev/simsec=22167.8
     Messages:  created: 5744481   present: 16517   in FES: 223
** Event #5908992   t=193.730506643653   Elapsed: 368.118s (6m 08s)  38% completed  (19% total)
     Speed:     ev/sec=17513.8   simsec/sec=0.602917   ev/simsec=29048.5
     Messages:  created: 5775438   present: 16696   in FES: 202
** Event #5950464   t=195.520279146926   Elapsed: 370.139s (6m 10s)  39% completed  (19% total)
     Speed:     ev/sec=20518.9   simsec/sec=0.885517   ev/simsec=23171.7
     Messages:  created: 5810051   present: 17207   in FES: 248
** Event #5980928   t=196.530472976063   Elapsed: 372.143s (6m 12s)  39% completed  (19% total)
     Speed:     ev/sec=15204.4   simsec/sec=0.504183   ev/simsec=30156.6
     Messages:  created: 5836108   present: 17443   in FES: 251
** Event #6023424   t=198.505340572966   Elapsed: 374.169s (6m 14s)  39% completed  (19% total)
     Speed:     ev/sec=20965.6   simsec/sec=0.974311   ev/simsec=21518.4
     Messages:  created: 5871619   present: 17758   in FES: 238
** Event #6054144   t=199.524142787328   Elapsed: 376.199s (6m 16s)  39% completed  (19% total)
     Speed:     ev/sec=15134.6   simsec/sec=0.501927   ev/simsec=30153.1
     Messages:  created: 5897527   present: 18006   in FES: 256
** Event #6087424   t=201.008680484218   Elapsed: 378.202s (6m 18s)  40% completed  (20% total)
     Speed:     ev/sec=16614.1   simsec/sec=0.741115   ev/simsec=22417.8
     Messages:  created: 5925511   present: 18241   in FES: 229
** Event #6126848   t=202.518544731753   Elapsed: 380.229s (6m 20s)  40% completed  (20% total)
     Speed:     ev/sec=19454   simsec/sec=0.745052   ev/simsec=26111
     Messages:  created: 5958425   present: 18589   in FES: 244
** Event #6158080   t=203.541902375032   Elapsed: 382.231s (6m 22s)  40% completed  (20% total)
     Speed:     ev/sec=15597.2   simsec/sec=0.511064   ev/simsec=30519.1
     Messages:  created: 5985409   present: 18814   in FES: 250
** Event #6200832   t=205.516890528824   Elapsed: 384.245s (6m 24s)  41% completed  (20% total)
     Speed:     ev/sec=21228.2   simsec/sec=0.980668   ev/simsec=21646.7
     Messages:  created: 6021316   present: 19197   in FES: 254
** Event #6230272   t=206.525806553622   Elapsed: 386.247s (6m 26s)  41% completed  (20% total)
     Speed:     ev/sec=14704.6   simsec/sec=0.50393   ev/simsec=29179.8
     Messages:  created: 6046075   present: 19438   in FES: 257
** Event #6260992   t=207.605156058802   Elapsed: 388.25s (6m 28s)  41% completed  (20% total)
     Speed:     ev/sec=15340   simsec/sec=0.538974   ev/simsec=28461.6
     Messages:  created: 6072637   present: 19618   in FES: 254
** Event #6303744   t=209.526506806578   Elapsed: 390.275s (6m 30s)  41% completed  (20% total)
     Speed:     ev/sec=21115.7   simsec/sec=0.948976   ev/simsec=22251
     Messages:  created: 6109397   present: 19925   in FES: 216
** Event #6343424   t=211.094465452986   Elapsed: 392.275s (6m 32s)  42% completed  (21% total)
     Speed:     ev/sec=19839.2   simsec/sec=0.783949   ev/simsec=25306.8
     Messages:  created: 6144598   present: 20301   in FES: 254
** Event #6378496   t=213.01641143281   Elapsed: 394.278s (6m 34s)  42% completed  (21% total)
     Speed:     ev/sec=17506.2   simsec/sec=0.959339   ev/simsec=18248.2
     Messages:  created: 6176312   present: 20564   in FES: 206
** Event #6430208   t=215.531311428978   Elapsed: 396.279s (6m 36s)  43% completed  (21% total)
     Speed:     ev/sec=25840.4   simsec/sec=1.25669   ev/simsec=20562.2
     Messages:  created: 6225103   present: 21179   in FES: 241
** Event #6488320   t=218.458460537018   Elapsed: 398.28s (6m 38s)  43% completed  (21% total)
     Speed:     ev/sec=29039.3   simsec/sec=1.46273   ev/simsec=19852.8
     Messages:  created: 6279763   present: 21643   in FES: 203
** Event #6552832   t=221.54043817077   Elapsed: 400.282s (6m 40s)  44% completed  (22% total)
     Speed:     ev/sec=32232.7   simsec/sec=1.53988   ev/simsec=20932
     Messages:  created: 6340641   present: 22336   in FES: 224
** Event #6618624   t=224.597857451148   Elapsed: 402.283s (6m 42s)  44% completed  (22% total)
     Speed:     ev/sec=32874.3   simsec/sec=1.5277   ev/simsec=21518.8
     Messages:  created: 6402705   present: 22980   in FES: 254
** Event #6685696   t=227.524354237359   Elapsed: 404.304s (6m 44s)  45% completed  (22% total)
     Speed:     ev/sec=33185.3   simsec/sec=1.44795   ev/simsec=22918.9
     Messages:  created: 6469697   present: 23618   in FES: 271
** Event #6745344   t=229.073720782641   Elapsed: 406.309s (6m 46s)  45% completed  (22% total)
     Speed:     ev/sec=29749.9   simsec/sec=0.772759   ev/simsec=38498.3
     Messages:  created: 6535415   present: 23939   in FES: 291
** Event #6791680   t=230.596080925376   Elapsed: 408.322s (6m 48s)  46% completed  (23% total)
     Speed:     ev/sec=23022.8   simsec/sec=0.75641   ev/simsec=30437
     Messages:  created: 6581906   present: 24258   in FES: 295
** Event #6849024   t=232.522287616051   Elapsed: 410.33s (6m 50s)  46% completed  (23% total)
     Speed:     ev/sec=28559.5   simsec/sec=0.959323   ev/simsec=29770.4
     Messages:  created: 6641156   present: 24652   in FES: 297
** Event #6888960   t=233.533543407209   Elapsed: 412.345s (6m 52s)  46% completed  (23% total)
     Speed:     ev/sec=19817.1   simsec/sec=0.501806   ev/simsec=39491.5
     Messages:  created: 6681227   present: 24850   in FES: 288
** Event #6925824   t=235.011243769256   Elapsed: 414.35s (6m 54s)  47% completed  (23% total)
     Speed:     ev/sec=18388.7   simsec/sec=0.737115   ev/simsec=24946.9
     Messages:  created: 6716578   present: 12962   in FES: 263
** Event #6965248   t=236.530296714565   Elapsed: 416.365s (6m 56s)  47% completed  (23% total)
     Speed:     ev/sec=19561.7   simsec/sec=0.753735   ev/simsec=25953
     Messages:  created: 6750745   present: 2280   in FES: 239
** Event #7010816   t=238.524063544073   Elapsed: 418.37s (6m 58s)  47% completed  (23% total)
     Speed:     ev/sec=22727.4   simsec/sec=0.994408   ev/simsec=22855.2
     Messages:  created: 6790066   present: 2757   in FES: 273
** Event #7043328   t=239.579487319444   Elapsed: 420.376s (7m 00s)  47% completed  (23% total)
     Speed:     ev/sec=16209   simsec/sec=0.526186   ev/simsec=30804.7
     Messages:  created: 6818259   present: 2886   in FES: 247
** Event #7077888   t=241.068538193578   Elapsed: 422.378s (7m 02s)  48% completed  (24% total)
     Speed:     ev/sec=17257.7   simsec/sec=0.743564   ev/simsec=23209.4
     Messages:  created: 6847601   present: 3125   in FES: 228
** Event #7112192   t=242.550526589903   Elapsed: 424.388s (7m 04s)  48% completed  (24% total)
     Speed:     ev/sec=17073.5   simsec/sec=0.737602   ev/simsec=23147.3
     Messages:  created: 6876918   present: 3459   in FES: 241
** Event #7157504   t=244.526808809573   Elapsed: 426.4s (7m 06s)  48% completed  (24% total)
     Speed:     ev/sec=22519   simsec/sec=0.982168   ev/simsec=22927.9
     Messages:  created: 6916400   present: 3860   in FES: 255
** Event #7203584   t=246.509667561989   Elapsed: 428.409s (7m 08s)  49% completed  (24% total)
     Speed:     ev/sec=22936.6   simsec/sec=0.986979   ev/simsec=23239.2
     Messages:  created: 6956013   present: 4202   in FES: 225
** Event #7243776   t=248.031620404586   Elapsed: 430.412s (7m 10s)  49% completed  (24% total)
     Speed:     ev/sec=20063.1   simsec/sec=0.75973   ev/simsec=26408.2
     Messages:  created: 6991075   present: 4572   in FES: 245
** Event #7283712   t=249.557539787284   Elapsed: 432.414s (7m 12s)  49% completed  (24% total)
     Speed:     ev/sec=19948   simsec/sec=0.762196   ev/simsec=26171.8
     Messages:  created: 7025798   present: 4897   in FES: 247
** Event #7326976   t=251.522287786062   Elapsed: 434.423s (7m 14s)  50% completed  (25% total)
     Speed:     ev/sec=21538.2   simsec/sec=0.978116   ev/simsec=22020.1
     Messages:  created: 7062412   present: 5247   in FES: 237
** Event #7374080   t=253.510714587597   Elapsed: 436.444s (7m 16s)  50% completed  (25% total)
     Speed:     ev/sec=23302.7   simsec/sec=0.98369   ev/simsec=23689.1
     Messages:  created: 7103108   present: 5636   in FES: 234
** Event #7421184   t=255.507714007127   Elapsed: 438.451s (7m 18s)  51% completed  (25% total)
     Speed:     ev/sec=23469.6   simsec/sec=0.995008   ev/simsec=23587.4
     Messages:  created: 7144237   present: 6211   in FES: 294
** Event #7468288   t=257.507579708256   Elapsed: 440.454s (7m 20s)  51% completed  (25% total)
     Speed:     ev/sec=23516.7   simsec/sec=0.998435   ev/simsec=23553.6
     Messages:  created: 7185604   present: 6633   in FES: 305
** Event #7500544   t=258.587492994128   Elapsed: 442.468s (7m 22s)  51% completed  (25% total)
     Speed:     ev/sec=16016.9   simsec/sec=0.536236   ev/simsec=29869.1
     Messages:  created: 7214667   present: 6663   in FES: 254
** Event #7547648   t=260.585591535702   Elapsed: 444.489s (7m 24s)  52% completed  (26% total)
     Speed:     ev/sec=23308.9   simsec/sec=0.988736   ev/simsec=23574.4
     Messages:  created: 7255949   present: 7055   in FES: 238
** Event #7596800   t=263.00235928466   Elapsed: 446.495s (7m 26s)  52% completed  (26% total)
     Speed:     ev/sec=24497.9   simsec/sec=1.20455   ev/simsec=20337.9
     Messages:  created: 7298826   present: 7532   in FES: 236
** Event #7644160   t=265.002961788226   Elapsed: 448.499s (7m 28s)  53% completed  (26% total)
     Speed:     ev/sec=23642.1   simsec/sec=0.998699   ev/simsec=23672.9
     Messages:  created: 7340426   present: 7961   in FES: 245
** Event #7700480   t=267.082908740939   Elapsed: 450.499s (7m 30s)  53% completed  (26% total)
     Speed:     ev/sec=28154   simsec/sec=1.03975   ev/simsec=27077.6
     Messages:  created: 7389883   present: 8344   in FES: 233
** Event #7746048   t=269.070949692889   Elapsed: 452.501s (7m 32s)  53% completed  (26% total)
     Speed:     ev/sec=22763.2   simsec/sec=0.993112   ev/simsec=22921.1
     Messages:  created: 7430077   present: 8769   in FES: 242
** Event #7782912   t=270.575267555764   Elapsed: 454.509s (7m 34s)  54% completed  (27% total)
     Speed:     ev/sec=18360.1   simsec/sec=0.749227   ev/simsec=24505.5
     Messages:  created: 7461920   present: 9096   in FES: 254
** Event #7825664   t=272.518010262654   Elapsed: 456.516s (7m 36s)  54% completed  (27% total)
     Speed:     ev/sec=21301.4   simsec/sec=0.967983   ev/simsec=22006
     Messages:  created: 7497886   present: 9347   in FES: 203
** Event #7855360   t=273.568741205167   Elapsed: 458.517s (7m 38s)  54% completed  (27% total)
     Speed:     ev/sec=14835.4   simsec/sec=0.524921   ev/simsec=28262.2
     Messages:  created: 7523411   present: 9665   in FES: 254
** Event #7897344   t=275.543480053141   Elapsed: 460.543s (7m 40s)  55% completed  (27% total)
     Speed:     ev/sec=20730.6   simsec/sec=0.975074   ev/simsec=21260.5
     Messages:  created: 7561071   present: 9995   in FES: 220
** Event #7940864   t=277.575423730264   Elapsed: 462.546s (7m 42s)  55% completed  (27% total)
     Speed:     ev/sec=21720   simsec/sec=1.01411   ev/simsec=21417.9
     Messages:  created: 7602137   present: 10485   in FES: 246
** Event #7996928   t=280.52300271698   Elapsed: 464.548s (7m 44s)  56% completed  (28% total)
     Speed:     ev/sec=28002.7   simsec/sec=1.47225   ev/simsec=19020.4
     Messages:  created: 7654754   present: 11019   in FES: 227
** Event #8061184   t=283.562527128229   Elapsed: 466.556s (7m 46s)  56% completed  (28% total)
     Speed:     ev/sec=32012.6   simsec/sec=1.5143   ev/simsec=21140.1
     Messages:  created: 7715434   present: 11660   in FES: 240
** Event #8126976   t=287.002309300676   Elapsed: 468.556s (7m 48s)  57% completed  (28% total)
     Speed:     ev/sec=32882.5   simsec/sec=1.71918   ev/simsec=19126.8
     Messages:  created: 7777278   present: 12376   in FES: 254
** Event #8200704   t=290.531847734908   Elapsed: 470.559s (7m 50s)  58% completed  (29% total)
     Speed:     ev/sec=36813.2   simsec/sec=1.76234   ev/simsec=20888.9
     Messages:  created: 7846851   present: 13102   in FES: 253
** Event #8264704   t=293.571989755351   Elapsed: 472.569s (7m 52s)  58% completed  (29% total)
     Speed:     ev/sec=31836.3   simsec/sec=1.51229   ev/simsec=21051.6
     Messages:  created: 7907189   present: 13660   in FES: 239
** Event #8337664   t=297.085845319368   Elapsed: 474.57s (7m 54s)  59% completed  (29% total)
     Speed:     ev/sec=36468.2   simsec/sec=1.75636   ev/simsec=20763.5
     Messages:  created: 7976094   present: 14356   in FES: 254
** Event #8409088   t=300.594492393195   Elapsed: 476.579s (7m 56s)  60% completed  (30% total)
     Speed:     ev/sec=35552.2   simsec/sec=1.74648   ev/simsec=20356.6
     Messages:  created: 8043324   present: 15070   in FES: 240
** Event #8482560   t=304.513551291593   Elapsed: 478.583s (7m 58s)  60% completed  (30% total)
     Speed:     ev/sec=36670.7   simsec/sec=1.95605   ev/simsec=18747.4
     Messages:  created: 8112323   present: 15849   in FES: 254
** Event #8552704   t=308.002309922325   Elapsed: 480.583s (8m 00s)  61% completed  (30% total)
     Speed:     ev/sec=35062.6   simsec/sec=1.74391   ev/simsec=20105.7
     Messages:  created: 8178373   present: 16571   in FES: 254
** Event #8621824   t=311.087547030392   Elapsed: 482.584s (8m 02s)  62% completed  (31% total)
     Speed:     ev/sec=34537.3   simsec/sec=1.5416   ev/simsec=22403.5
     Messages:  created: 8243765   present: 17156   in FES: 237
** Event #8686080   t=314.522909916449   Elapsed: 484.59s (8m 04s)  62% completed  (31% total)
     Speed:     ev/sec=32036   simsec/sec=1.71276   ev/simsec=18704.3
     Messages:  created: 8304096   present: 17872   in FES: 254
** Event #8753664   t=317.594612312985   Elapsed: 486.595s (8m 06s)  63% completed  (31% total)
     Speed:     ev/sec=33718.1   simsec/sec=1.53249   ev/simsec=22002.1
     Messages:  created: 8368002   present: 18503   in FES: 251
** Event #8829440   t=321.532436319792   Elapsed: 488.597s (8m 08s)  64% completed  (32% total)
     Speed:     ev/sec=37834.5   simsec/sec=1.96613   ev/simsec=19243.1
     Messages:  created: 8439165   present: 19259   in FES: 238
** Event #8897536   t=325.002912946014   Elapsed: 490.601s (8m 10s)  65% completed  (32% total)
     Speed:     ev/sec=33991.9   simsec/sec=1.73238   ev/simsec=19621.5
     Messages:  created: 8503264   present: 19978   in FES: 254
** Event #8972032   t=328.544866111067   Elapsed: 492.602s (8m 12s)  65% completed  (32% total)
     Speed:     ev/sec=37228.6   simsec/sec=1.77005   ev/simsec=21032.5
     Messages:  created: 8573587   present: 20691   in FES: 252
** Event #9042944   t=332.031540480933   Elapsed: 494.602s (8m 14s)  66% completed  (33% total)
     Speed:     ev/sec=35443.3   simsec/sec=1.74271   ev/simsec=20338
     Messages:  created: 8640353   present: 21357   in FES: 240
** Event #9110528   t=335.508615145679   Elapsed: 496.608s (8m 16s)  67% completed  (33% total)
     Speed:     ev/sec=33702.4   simsec/sec=1.73393   ev/simsec=19437
     Messages:  created: 8703919   present: 22074   in FES: 249
** Event #9175808   t=338.554400237057   Elapsed: 498.615s (8m 18s)  67% completed  (33% total)
     Speed:     ev/sec=32519.4   simsec/sec=1.51727   ev/simsec=21432.9
     Messages:  created: 8765551   present: 22667   in FES: 242
** Event #9248000   t=342.067795265422   Elapsed: 500.617s (8m 20s)  68% completed  (34% total)
     Speed:     ev/sec=36070.9   simsec/sec=1.75547   ev/simsec=20547.6
     Messages:  created: 8833615   present: 23355   in FES: 238
** Event #9320448   t=345.586019903377   Elapsed: 502.623s (8m 22s)  69% completed  (34% total)
     Speed:     ev/sec=36107.9   simsec/sec=1.75347   ev/simsec=20592.2
     Messages:  created: 8901885   present: 23975   in FES: 210
** Event #9396480   t=349.526931504937   Elapsed: 504.626s (8m 24s)  69% completed  (34% total)
     Speed:     ev/sec=37952.7   simsec/sec=1.96718   ev/simsec=19293
     Messages:  created: 8973392   present: 24873   in FES: 243
** Event #9462528   t=352.587591023134   Elapsed: 506.628s (8m 26s)  70% completed  (35% total)
     Speed:     ev/sec=32996.3   simsec/sec=1.52905   ev/simsec=21579.7
     Messages:  created: 9035775   present: 25454   in FES: 237
** Event #9537536   t=356.522291958917   Elapsed: 508.634s (8m 28s)  71% completed  (35% total)
     Speed:     ev/sec=37401.5   simsec/sec=1.96197   ev/simsec=19063.2
     Messages:  created: 9106245   present: 26209   in FES: 257
** Event #9607168   t=360.002364343192   Elapsed: 510.637s (8m 30s)  72% completed  (36% total)
     Speed:     ev/sec=34760.6   simsec/sec=1.73727   ev/simsec=20008.8
     Messages:  created: 9171796   present: 26888   in FES: 254
** Event #9671936   t=363.043822146088   Elapsed: 512.641s (8m 32s)  72% completed  (36% total)
     Speed:     ev/sec=32319   simsec/sec=1.51768   ev/simsec=21295.1
     Messages:  created: 9233009   present: 2179   in FES: 248
** Event #9742848   t=366.546501505136   Elapsed: 514.649s (8m 34s)  73% completed  (36% total)
     Speed:     ev/sec=35303.3   simsec/sec=1.7438   ev/simsec=20245.1
     Messages:  created: 9299787   present: 2880   in FES: 247
** Event #9811968   t=370.016803027666   Elapsed: 516.65s (8m 36s)  74% completed  (37% total)
     Speed:     ev/sec=34557.7   simsec/sec=1.73503   ev/simsec=19917.6
     Messages:  created: 9364853   present: 3563   in FES: 240
** Event #9882368   t=373.522906469634   Elapsed: 518.654s (8m 38s)  74% completed  (37% total)
     Speed:     ev/sec=35120.5   simsec/sec=1.74909   ev/simsec=20079.3
     Messages:  created: 9431177   present: 4257   in FES: 254
** Event #9943552   t=376.523878015893   Elapsed: 520.663s (8m 40s)  75% completed  (37% total)
     Speed:     ev/sec=30453.8   simsec/sec=1.49371   ev/simsec=20388.1
     Messages:  created: 9488744   present: 4766   in FES: 208
** Event #10007040   t=379.55290935795   Elapsed: 522.669s (8m 42s)  75% completed  (37% total)
     Speed:     ev/sec=31654.9   simsec/sec=1.51026   ev/simsec=20959.8
     Messages:  created: 9548671   present: 5444   in FES: 233
** Event #10078208   t=383.050863154258   Elapsed: 524.671s (8m 44s)  76% completed  (38% total)
     Speed:     ev/sec=35546.9   simsec/sec=1.74715   ev/simsec=20345.6
     Messages:  created: 9615776   present: 6164   in FES: 240
** Event #10151168   t=386.580256369828   Elapsed: 526.676s (8m 46s)  77% completed  (38% total)
     Speed:     ev/sec=36382   simsec/sec=1.75996   ev/simsec=20672.1
     Messages:  created: 9684599   present: 6902   in FES: 251
** Event #10218240   t=390.021927202105   Elapsed: 528.679s (8m 48s)  78% completed  (39% total)
     Speed:     ev/sec=33482.7   simsec/sec=1.7181   ev/simsec=19488.2
     Messages:  created: 9747754   present: 7727   in FES: 293
** Event #10290176   t=393.546409854297   Elapsed: 530.68s (8m 50s)  78% completed  (39% total)
     Speed:     ev/sec=35961.4   simsec/sec=1.76192   ev/simsec=20410.4
     Messages:  created: 9815469   present: 8299   in FES: 254
** Event #10354944   t=396.589614767874   Elapsed: 532.687s (8m 52s)  79% completed  (39% total)
     Speed:     ev/sec=32263.2   simsec/sec=1.51593   ev/simsec=21282.8
     Messages:  created: 9876567   present: 8861   in FES: 236
** Event #10430976   t=400.532436114763   Elapsed: 534.689s (8m 54s)  80% completed  (40% total)
     Speed:     ev/sec=37989.2   simsec/sec=1.97002   ev/simsec=19283.7
     Messages:  created: 9948061   present: 9698   in FES: 251
** Event #10487040   t=403.070319713124   Elapsed: 536.694s (8m 56s)  80% completed  (40% total)
     Speed:     ev/sec=27957.5   simsec/sec=1.26557   ev/simsec=22090.8
     Messages:  created: 10000123   present: 10112   in FES: 221
** Event #10521088   t=404.522287535115   Elapsed: 538.723s (8m 58s)  80% completed  (40% total)
     Speed:     ev/sec=16777.9   simsec/sec=0.71549   ev/simsec=23449.6
     Messages:  created: 10029994   present: 10520   in FES: 252
** Event #10558976   t=406.074493207713   Elapsed: 540.724s (9m 00s)  81% completed  (40% total)
     Speed:     ev/sec=18937.5   simsec/sec=0.775838   ev/simsec=24409.1
     Messages:  created: 10062767   present: 10815   in FES: 255
** Event #10603264   t=408.048432092479   Elapsed: 542.724s (9m 02s)  81% completed  (40% total)
     Speed:     ev/sec=22142.1   simsec/sec=0.986883   ev/simsec=22436.4
     Messages:  created: 10101898   present: 11200   in FES: 254
** Event #10655744   t=410.095368897641   Elapsed: 544.729s (9m 04s)  82% completed  (41% total)
     Speed:     ev/sec=26180.8   simsec/sec=1.02116   ev/simsec=25638.3
     Messages:  created: 10148250   present: 11593   in FES: 247
** Event #10702848   t=412.098257938347   Elapsed: 546.732s (9m 06s)  82% completed  (41% total)
     Speed:     ev/sec=23519   simsec/sec=1.00004   ev/simsec=23518
     Messages:  created: 10190024   present: 11954   in FES: 234
** Event #10753536   t=414.519811189916   Elapsed: 548.743s (9m 08s)  82% completed  (41% total)
     Speed:     ev/sec=25205   simsec/sec=1.20414   ev/simsec=20932
     Messages:  created: 10235183   present: 12520   in FES: 253
** Event #10804224   t=416.524712983519   Elapsed: 550.744s (9m 10s)  83% completed  (41% total)
     Speed:     ev/sec=25328.6   simsec/sec=1.00184   ev/simsec=25282
     Messages:  created: 10280625   present: 12903   in FES: 254
** Event #10896384   t=417.509811265482   Elapsed: 552.749s (9m 12s)  83% completed  (41% total)
     Speed:     ev/sec=45965.5   simsec/sec=0.491326   ev/simsec=93554.1
     Messages:  created: 10396550   present: 12964   in FES: 249
** Event #10973696   t=418.208100096351   Elapsed: 554.75s (9m 14s)  83% completed  (41% total)
     Speed:     ev/sec=38630.4   simsec/sec=0.348913   ev/simsec=110716
     Messages:  created: 10490599   present: 12949   in FES: 232
** Event #11041024   t=418.952651004365   Elapsed: 556.751s (9m 16s)  83% completed  (41% total)
     Speed:     ev/sec=33651.2   simsec/sec=0.372134   ev/simsec=90427.7
     Messages:  created: 10576812   present: 13048   in FES: 287
** Event #11113728   t=419.629192129215   Elapsed: 558.754s (9m 18s)  83% completed  (41% total)
     Speed:     ev/sec=36287.6   simsec/sec=0.337671   ev/simsec=107464
     Messages:  created: 10663927   present: 13063   in FES: 236
** Event #11200512   t=420.533928661703   Elapsed: 560.771s (9m 20s)  84% completed  (42% total)
     Speed:     ev/sec=43041.5   simsec/sec=0.448714   ev/simsec=95921.8
     Messages:  created: 10772203   present: 13044   in FES: 204
** Event #11288576   t=421.495896729129   Elapsed: 562.771s (9m 22s)  84% completed  (42% total)
     Speed:     ev/sec=44023.5   simsec/sec=0.480891   ev/simsec=91545.7
     Messages:  created: 10883670   present: 13213   in FES: 254
** Event #11344896   t=422.031180593807   Elapsed: 564.777s (9m 24s)  84% completed  (42% total)
     Speed:     ev/sec=28071.8   simsec/sec=0.266804   ev/simsec=105215
     Messages:  created: 10952685   present: 13256   in FES: 240
** Event #11411456   t=422.678015807177   Elapsed: 566.779s (9m 26s)  84% completed  (42% total)
     Speed:     ev/sec=33256.5   simsec/sec=0.323189   ev/simsec=102901
     Messages:  created: 11033800   present: 13332   in FES: 254
** Event #11491840   t=423.534063774256   Elapsed: 568.779s (9m 28s)  84% completed  (42% total)
     Speed:     ev/sec=40186.3   simsec/sec=0.427963   ev/simsec=93901.3
     Messages:  created: 11133412   present: 13331   in FES: 225
** Event #11580160   t=424.514654820624   Elapsed: 570.805s (9m 30s)  84% completed  (42% total)
     Speed:     ev/sec=43587.2   simsec/sec=0.483936   ev/simsec=90068.1
     Messages:  created: 11244912   present: 13473   in FES: 251
** Event #11642880   t=425.093587564825   Elapsed: 572.806s (9m 32s)  85% completed  (42% total)
     Speed:     ev/sec=31346.5   simsec/sec=0.289342   ev/simsec=108337
     Messages:  created: 11320018   present: 13511   in FES: 287
** Event #11719680   t=426.006378769581   Elapsed: 574.809s (9m 34s)  85% completed  (42% total)
     Speed:     ev/sec=38345.6   simsec/sec=0.455749   ev/simsec=84137.5
     Messages:  created: 11417976   present: 13581   in FES: 287
** Event #11793408   t=426.746232772452   Elapsed: 576.814s (9m 36s)  85% completed  (42% total)
     Speed:     ev/sec=36776.5   simsec/sec=0.369049   ev/simsec=99652.1
     Messages:  created: 11507748   present: 13599   in FES: 287
** Event #11863808   t=427.52387397773   Elapsed: 578.82s (9m 38s)  85% completed  (42% total)
     Speed:     ev/sec=35085.6   simsec/sec=0.387557   ev/simsec=90530.2
     Messages:  created: 11596080   present: 13857   in FES: 299
** Event #11950336   t=428.495367656317   Elapsed: 580.821s (9m 40s)  85% completed  (42% total)
     Speed:     ev/sec=43253.3   simsec/sec=0.485626   ev/simsec=89067
     Messages:  created: 11704086   present: 13694   in FES: 237
** Event #12007168   t=429.056867436285   Elapsed: 582.823s (9m 42s)  85% completed  (42% total)
     Speed:     ev/sec=28389.7   simsec/sec=0.28049   ev/simsec=101215
     Messages:  created: 11772561   present: 13793   in FES: 287
** Event #12066816   t=429.685055781232   Elapsed: 584.826s (9m 44s)  85% completed  (42% total)
     Speed:     ev/sec=29781.4   simsec/sec=0.313646   ev/simsec=94952.4
     Messages:  created: 11845381   present: 13833   in FES: 254
** Event #12147712   t=430.5621549634   Elapsed: 586.826s (9m 46s)  86% completed  (43% total)
     Speed:     ev/sec=40434.3   simsec/sec=0.438401   ev/simsec=92231.3
     Messages:  created: 11945090   present: 13896   in FES: 255
** Event #12236544   t=431.527668218053   Elapsed: 588.835s (9m 48s)  86% completed  (43% total)
     Speed:     ev/sec=44222.4   simsec/sec=0.480653   ev/simsec=92005
     Messages:  created: 12055889   present: 14006   in FES: 251
** Event #12325376   t=432.508005854924   Elapsed: 590.839s (9m 50s)  86% completed  (43% total)
     Speed:     ev/sec=44331   simsec/sec=0.489231   ev/simsec=90613.7
     Messages:  created: 12167421   present: 14016   in FES: 242
** Event #12387584   t=433.111578226373   Elapsed: 592.84s (9m 52s)  86% completed  (43% total)
     Speed:     ev/sec=31079.6   simsec/sec=0.301549   ev/simsec=103066
     Messages:  created: 12241271   present: 14076   in FES: 250
** Event #12455680   t=433.930284822686   Elapsed: 594.842s (9m 54s)  86% completed  (43% total)
     Speed:     ev/sec=34019.7   simsec/sec=0.409013   ev/simsec=83175.1
     Messages:  created: 12327657   present: 14133   in FES: 254
** Event #12536576   t=434.756412862133   Elapsed: 596.845s (9m 56s)  86% completed  (43% total)
     Speed:     ev/sec=40383.4   simsec/sec=0.412404   ev/simsec=97921.9
     Messages:  created: 12427082   present: 14094   in FES: 207
** Event #12627968   t=436.052446307518   Elapsed: 598.848s (9m 58s)  87% completed  (43% total)
     Speed:     ev/sec=45622.7   simsec/sec=0.646977   ev/simsec=70516.7
     Messages:  created: 12539298   present: 14360   in FES: 272
** Event #12708096   t=437.589236414544   Elapsed: 600.849s (10m 00s)  87% completed  (43% total)
     Speed:     ev/sec=40044.2   simsec/sec=0.768015   ev/simsec=52139.8
     Messages:  created: 12635035   present: 14563   in FES: 246
** Event #12794112   t=439.544448210779   Elapsed: 602.859s (10m 02s)  87% completed  (43% total)
     Speed:     ev/sec=42803.9   simsec/sec=0.972967   ev/simsec=43993.2
     Messages:  created: 12738121   present: 14826   in FES: 246
** Event #12886784   t=441.546432366879   Elapsed: 604.863s (10m 04s)  88% completed  (44% total)
     Speed:     ev/sec=46241.5   simsec/sec=0.998951   ev/simsec=46290.1
     Messages:  created: 12848781   present: 15106   in FES: 247
** Event #12971008   t=443.34184232984   Elapsed: 606.866s (10m 06s)  88% completed  (44% total)
     Speed:     ev/sec=42042.2   simsec/sec=0.896217   ev/simsec=46910.7
     Messages:  created: 12949640   present: 15327   in FES: 270
** Event #13048320   t=445.016468985497   Elapsed: 608.87s (10m 08s)  89% completed  (44% total)
     Speed:     ev/sec=38582.7   simsec/sec=0.835725   ev/simsec=46166.7
     Messages:  created: 13042291   present: 15549   in FES: 232
** Event #13141760   t=447.01283345756   Elapsed: 610.873s (10m 10s)  89% completed  (44% total)
     Speed:     ev/sec=46646   simsec/sec=0.996601   ev/simsec=46805.1
     Messages:  created: 13154344   present: 15848   in FES: 255
** Event #13234432   t=448.862069936173   Elapsed: 612.874s (10m 12s)  89% completed  (44% total)
     Speed:     ev/sec=46310.8   simsec/sec=0.924116   ev/simsec=50113.7
     Messages:  created: 13265712   present: 16064   in FES: 254
** Event #13326592   t=450.565842369231   Elapsed: 614.877s (10m 14s)  90% completed  (45% total)
     Speed:     ev/sec=46027.2   simsec/sec=0.85091   ev/simsec=54091.7
     Messages:  created: 13377588   present: 16298   in FES: 228
** Event #13414144   t=452.189343702728   Elapsed: 616.881s (10m 16s)  90% completed  (45% total)
     Speed:     ev/sec=43688.1   simsec/sec=0.810122   ev/simsec=53927.9
     Messages:  created: 13484029   present: 16520   in FES: 270
** Event #13496576   t=453.802477494137   Elapsed: 618.882s (10m 18s)  90% completed  (45% total)
     Speed:     ev/sec=41187.6   simsec/sec=0.806011   ev/simsec=51100.5
     Messages:  created: 13584911   present: 16773   in FES: 251
** Event #13596160   t=455.602986852014   Elapsed: 620.889s (10m 20s)  91% completed  (45% total)
     Speed:     ev/sec=49615.6   simsec/sec=0.897065   ev/simsec=55308.8
     Messages:  created: 13705877   present: 16985   in FES: 238
** Event #13683200   t=457.314024150188   Elapsed: 622.891s (10m 22s)  91% completed  (45% total)
     Speed:     ev/sec=43484.1   simsec/sec=0.854812   ev/simsec=50869.7
     Messages:  created: 13812809   present: 17252   in FES: 270
** Event #13769984   t=459.543858401874   Elapsed: 624.897s (10m 24s)  91% completed  (45% total)
     Speed:     ev/sec=43270.3   simsec/sec=1.11179   ev/simsec=38919.5
     Messages:  created: 13913796   present: 17628   in FES: 251
** Event #13830400   t=462.533452278371   Elapsed: 626.897s (10m 26s)  92% completed  (46% total)
     Speed:     ev/sec=30199.5   simsec/sec=1.49437   ev/simsec=20208.8
     Messages:  created: 13970711   present: 18199   in FES: 241
** Event #13913600   t=464.603425179236   Elapsed: 628.902s (10m 28s)  92% completed  (46% total)
     Speed:     ev/sec=41498.6   simsec/sec=1.03246   ev/simsec=40193.8
     Messages:  created: 14065650   present: 18524   in FES: 239
** Event #14013184   t=466.562220244993   Elapsed: 630.902s (10m 30s)  93% completed  (46% total)
     Speed:     ev/sec=49789.6   simsec/sec=0.979351   ev/simsec=50839.4
     Messages:  created: 14187648   present: 18796   in FES: 231
** Event #14115584   t=468.538224538222   Elapsed: 632.905s (10m 32s)  93% completed  (46% total)
     Speed:     ev/sec=51132.5   simsec/sec=0.9867   ev/simsec=51821.7
     Messages:  created: 14312848   present: 19103   in FES: 251
** Event #14214144   t=470.378928300562   Elapsed: 634.905s (10m 34s)  94% completed  (47% total)
     Speed:     ev/sec=49275.7   simsec/sec=0.920272   ev/simsec=53544.7
     Messages:  created: 14433350   present: 19355   in FES: 254
** Event #14307584   t=472.078216286605   Elapsed: 636.908s (10m 36s)  94% completed  (47% total)
     Speed:     ev/sec=46653.9   simsec/sec=0.848442   ev/simsec=54987.7
     Messages:  created: 14546508   present: 19592   in FES: 252
** Event #14394368   t=473.81146990293   Elapsed: 638.911s (10m 38s)  94% completed  (47% total)
     Speed:     ev/sec=43324.4   simsec/sec=0.865276   ev/simsec=50070
     Messages:  created: 14652377   present: 19834   in FES: 264
** Event #14490368   t=475.60429697874   Elapsed: 640.919s (10m 40s)  95% completed  (47% total)
     Speed:     ev/sec=47795.7   simsec/sec=0.892599   ev/simsec=53546.7
     Messages:  created: 14768163   present: 20069   in FES: 254
** Event #14584576   t=477.587590809707   Elapsed: 642.922s (10m 42s)  95% completed  (47% total)
     Speed:     ev/sec=47043.8   simsec/sec=0.990379   ev/simsec=47500.8
     Messages:  created: 14881645   present: 20339   in FES: 253
** Event #14674432   t=479.554678668753   Elapsed: 644.933s (10m 44s)  95% completed  (47% total)
     Speed:     ev/sec=44683   simsec/sec=0.978181   ev/simsec=45679.7
     Messages:  created: 14989326   present: 20548   in FES: 231
** Event #14765568   t=481.526931546381   Elapsed: 646.941s (10m 46s)  96% completed  (48% total)
     Speed:     ev/sec=45394.6   simsec/sec=0.982373   ev/simsec=46209.1
     Messages:  created: 15099021   present: 20872   in FES: 257
** Event #14838784   t=483.053933897747   Elapsed: 648.942s (10m 48s)  96% completed  (48% total)
     Speed:     ev/sec=36590.5   simsec/sec=0.763136   ev/simsec=47947.5
     Messages:  created: 15186157   present: 21024   in FES: 253
** Event #14909696   t=484.557970726948   Elapsed: 650.953s (10m 50s)  96% completed  (48% total)
     Speed:     ev/sec=35259.5   simsec/sec=0.74785   ev/simsec=47147.8
     Messages:  created: 15271038   present: 21318   in FES: 284
** Event #14998272   t=486.516003921184   Elapsed: 652.961s (10m 52s)  97% completed  (48% total)
     Speed:     ev/sec=44107   simsec/sec=0.975015   ev/simsec=45237.2
     Messages:  created: 15377974   present: 21492   in FES: 251
** Event #15084544   t=488.272046014673   Elapsed: 654.963s (10m 54s)  97% completed  (48% total)
     Speed:     ev/sec=43082.6   simsec/sec=0.876935   ev/simsec=49128.7
     Messages:  created: 15480490   present: 21378   in FES: 287
** Event #15151104   t=489.653653295802   Elapsed: 656.968s (10m 56s)  97% completed  (48% total)
     Speed:     ev/sec=33208.7   simsec/sec=0.689323   ev/simsec=48175.8
     Messages:  created: 15559421   present: 9984   in FES: 263
** Event #15231488   t=491.51250845406   Elapsed: 658.969s (10m 58s)  98% completed  (49% total)
     Speed:     ev/sec=40167.3   simsec/sec=0.928856   ev/simsec=43243.8
     Messages:  created: 15655564   present: 6103   in FES: 237
** Event #15287040   t=492.549467187516   Elapsed: 660.978s (11m 00s)  98% completed  (49% total)
     Speed:     ev/sec=27644.7   simsec/sec=0.516028   ev/simsec=53572
     Messages:  created: 15719019   present: 6148   in FES: 208
** Event #15355136   t=493.599312976964   Elapsed: 662.985s (11m 02s)  98% completed  (49% total)
     Speed:     ev/sec=33932.2   simsec/sec=0.523137   ev/simsec=64862.9
     Messages:  created: 15799986   present: 6359   in FES: 235
** Event #15419392   t=494.570798531132   Elapsed: 664.998s (11m 04s)  98% completed  (49% total)
     Speed:     ev/sec=31920.1   simsec/sec=0.4826   ev/simsec=66142
     Messages:  created: 15877662   present: 6509   in FES: 254
** Event #15496192   t=495.530652378686   Elapsed: 667.023s (11m 07s)  99% completed  (49% total)
     Speed:     ev/sec=37936.8   simsec/sec=0.474138   ev/simsec=80012.2
     Messages:  created: 15972094   present: 6555   in FES: 234
** Event #15567616   t=496.37919587472   Elapsed: 669.028s (11m 09s)  99% completed  (49% total)
     Speed:     ev/sec=35611.2   simsec/sec=0.423075   ev/simsec=84172.5
     Messages:  created: 16060519   present: 6557   in FES: 222
** Event #15620608   t=496.958453113875   Elapsed: 671.031s (11m 11s)  99% completed  (49% total)
     Speed:     ev/sec=26457.9   simsec/sec=0.289212   ev/simsec=91482.7
     Messages:  created: 16126926   present: 6641   in FES: 255
** Event #15688448   t=497.619366473252   Elapsed: 673.033s (11m 13s)  99% completed  (49% total)
     Speed:     ev/sec=33897.4   simsec/sec=0.330237   ev/simsec=102646
     Messages:  created: 16207924   present: 6725   in FES: 255
** Event #15771648   t=498.552809266835   Elapsed: 675.034s (11m 15s)  99% completed  (49% total)
     Speed:     ev/sec=41560.8   simsec/sec=0.466281   ev/simsec=89132.4
     Messages:  created: 16311771   present: 6797   in FES: 254
** Event #15847936   t=499.365544439541   Elapsed: 677.038s (11m 17s)  99% completed  (49% total)
     Speed:     ev/sec=38075.5   simsec/sec=0.405638   ev/simsec=93865.8
     Messages:  created: 16407049   present: 6842   in FES: 254
** Event #15903888   t=500   Elapsed: 678.982s (11m 18s)  100% completed  (50% total)
     Speed:     ev/sec=28784   simsec/sec=0.324425   ev/simsec=88723.1
     Messages:  created: 16477673   present: 6766   in FES: 203

<!> Simulation time limit reached -- at t=500s, event #15903888
undisposed object: (omnetpp::cMessage) FanetSarNetwork.groundStation.app.debugTimer -- check module destructor
undisposed object: (omnetpp::cMessage) FanetSarNetwork.uav[0].app.debugTimer -- check module destructor
undisposed object: (omnetpp::cMessage) FanetSarNetwork.uav[1].app.debugTimer -- check module destructor
undisposed object: (omnetpp::cMessage) FanetSarNetwork.uav[2].app.debugTimer -- check module destructor
undisposed object: (omnetpp::cMessage) FanetSarNetwork.uav[3].app.debugTimer -- check module destructor
undisposed object: (omnetpp::cMessage) FanetSarNetwork.uav[4].app.debugTimer -- check module destructor
undisposed object: (omnetpp::cMessage) FanetSarNetwork.uav[5].app.debugTimer -- check module destructor
undisposed object: (omnetpp::cMessage) FanetSarNetwork.uav[6].app.debugTimer -- check module destructor
undisposed object: (omnetpp::cMessage) FanetSarNetwork.uav[7].app.debugTimer -- check module destructor
undisposed object: (omnetpp::cMessage) FanetSarNetwork.uav[8].app.debugTimer -- check module destructor
undisposed object: (omnetpp::cMessage) FanetSarNetwork.uav[9].app.debugTimer -- check module destructor
undisposed object: (omnetpp::cMessage) FanetSarNetwork.uav[10].app.debugTimer -- check module destructor
undisposed object: (omnetpp::cMessage) FanetSarNetwork.uav[11].app.debugTimer -- check module destructor
undisposed object: (omnetpp::cMessage) FanetSarNetwork.uav[12].app.debugTimer -- check module destructor
undisposed object: (omnetpp::cMessage) FanetSarNetwork.uav[13].app.debugTimer -- check module destructor
undisposed object: (omnetpp::cMessage) FanetSarNetwork.uav[14].app.debugTimer -- check module destructor
undisposed object: (omnetpp::cMessage) FanetSarNetwork.uav[15].app.debugTimer -- check module destructor
undisposed object: (omnetpp::cMessage) FanetSarNetwork.uav[16].app.debugTimer -- check module destructor
undisposed object: (omnetpp::cMessage) FanetSarNetwork.uav[17].app.debugTimer -- check module destructor
undisposed object: (omnetpp::cMessage) FanetSarNetwork.uav[18].app.debugTimer -- check module destructor
undisposed object: (omnetpp::cMessage) FanetSarNetwork.uav[19].app.debugTimer -- check module destructor
undisposed object: (omnetpp::cMessage) FanetSarNetwork.uav[20].app.debugTimer -- check module destructor
undisposed object: (omnetpp::cMessage) FanetSarNetwork.uav[21].app.debugTimer -- check module destructor
undisposed object: (omnetpp::cMessage) FanetSarNetwork.uav[22].app.debugTimer -- check module destructor
undisposed object: (omnetpp::cMessage) FanetSarNetwork.uav[23].app.debugTimer -- check module destructor
undisposed object: (omnetpp::cMessage) FanetSarNetwork.uav[24].app.debugTimer -- check module destructor
undisposed object: (omnetpp::cMessage) FanetSarNetwork.uav[25].app.debugTimer -- check module destructor
undisposed object: (omnetpp::cMessage) FanetSarNetwork.uav[26].app.debugTimer -- check module destructor
undisposed object: (omnetpp::cMessage) FanetSarNetwork.uav[27].app.debugTimer -- check module destructor
undisposed object: (omnetpp::cMessage) FanetSarNetwork.uav[28].app.debugTimer -- check module destructor
undisposed object: (omnetpp::cMessage) FanetSarNetwork.uav[29].app.debugTimer -- check module destructor
undisposed object: (omnetpp::cMessage) FanetSarNetwork.uav[30].app.debugTimer -- check module destructor
undisposed object: (omnetpp::cMessage) FanetSarNetwork.uav[31].app.debugTimer -- check module destructor
undisposed object: (omnetpp::cMessage) FanetSarNetwork.uav[32].app.debugTimer -- check module destructor
undisposed object: (omnetpp::cMessage) FanetSarNetwork.uav[33].app.debugTimer -- check module destructor
undisposed object: (omnetpp::cMessage) FanetSarNetwork.uav[34].app.debugTimer -- check module destructor
undisposed object: (omnetpp::cMessage) FanetSarNetwork.uav[35].app.debugTimer -- check module destructor
undisposed object: (omnetpp::cMessage) FanetSarNetwork.uav[36].app.debugTimer -- check module destructor
undisposed object: (omnetpp::cMessage) FanetSarNetwork.uav[37].app.debugTimer -- check module destructor
undisposed object: (omnetpp::cMessage) FanetSarNetwork.uav[38].app.debugTimer -- check module destructor
undisposed object: (omnetpp::cMessage) FanetSarNetwork.uav[39].app.debugTimer -- check module destructor
undisposed object: (omnetpp::cMessage) FanetSarNetwork.uav[40].app.debugTimer -- check module destructor
undisposed object: (omnetpp::cMessage) FanetSarNetwork.uav[41].app.debugTimer -- check module destructor
undisposed object: (omnetpp::cMessage) FanetSarNetwork.uav[42].app.debugTimer -- check module destructor
undisposed object: (omnetpp::cMessage) FanetSarNetwork.uav[43].app.debugTimer -- check module destructor
undisposed object: (omnetpp::cMessage) FanetSarNetwork.uav[44].app.debugTimer -- check module destructor
undisposed object: (omnetpp::cMessage) FanetSarNetwork.uav[45].app.debugTimer -- check module destructor
undisposed object: (omnetpp::cMessage) FanetSarNetwork.uav[46].app.debugTimer -- check module destructor
undisposed object: (omnetpp::cMessage) FanetSarNetwork.uav[47].app.debugTimer -- check module destructor
undisposed object: (omnetpp::cMessage) FanetSarNetwork.uav[48].app.debugTimer -- check module destructor
undisposed object: (omnetpp::cMessage) FanetSarNetwork.uav[49].app.debugTimer -- check module destructor
