** Event #0   t=0   Elapsed: 1.6e-05s (0m 00s)  0% completed  (0% total)
     Speed:     ev/sec=0   simsec/sec=0   ev/simsec=0
     Messages:  created: 1178   present: 1178   in FES: 186
** Event #65536   t=7.552342402922   Elapsed: 2.01339s (0m 02s)  1% completed  (0% total)
     Speed:     ev/sec=32550.8   simsec/sec=3.75108   ev/simsec=8677.71
     Messages:  created: 58540   present: 1184   in FES: 143
** Event #120576   t=13.558291177277   Elapsed: 4.01951s (0m 04s)  2% completed  (1% total)
     Speed:     ev/sec=27436   simsec/sec=2.99381   ev/simsec=9164.25
     Messages:  created: 104712   present: 1134   in FES: 125
** Event #176384   t=19.570742844122   Elapsed: 6.03351s (0m 06s)  3% completed  (1% total)
     Speed:     ev/sec=27710.1   simsec/sec=2.98533   ev/simsec=9282.07
     Messages:  created: 151668   present: 1184   in FES: 141
** Event #221440   t=24.565254714163   Elapsed: 8.03493s (0m 08s)  4% completed  (2% total)
     Speed:     ev/sec=22511.9   simsec/sec=2.49548   ev/simsec=9021.1
     Messages:  created: 189532   present: 1215   in FES: 154
** Event #267008   t=29.565359441168   Elapsed: 10.0425s (0m 10s)  5% completed  (2% total)
     Speed:     ev/sec=22698.4   simsec/sec=2.49066   ev/simsec=9113.41
     Messages:  created: 227858   present: 1164   in FES: 135
** Event #317440   t=35.072230470073   Elapsed: 12.0438s (0m 12s)  7% completed  (3% total)
     Speed:     ev/sec=25199.7   simsec/sec=2.75166   ev/simsec=9158.01
     Messages:  created: 270190   present: 1184   in FES: 143
** Event #365824   t=40.549495816958   Elapsed: 14.0578s (0m 14s)  8% completed  (4% total)
     Speed:     ev/sec=24023.2   simsec/sec=2.71952   ev/simsec=8833.61
     Messages:  created: 310810   present: 1200   in FES: 147
** Event #413440   t=45.583868132251   Elapsed: 16.0676s (0m 16s)  9% completed  (4% total)
     Speed:     ev/sec=23691.8   simsec/sec=2.5049   ev/simsec=9458.18
     Messages:  created: 350874   present: 1121   in FES: 124
** Event #463360   t=51.081928746752   Elapsed: 18.0719s (0m 18s)  10% completed  (5% total)
     Speed:     ev/sec=24906.9   simsec/sec=2.74318   ev/simsec=9079.57
     Messages:  created: 392921   present: 1188   in FES: 154
** Event #510976   t=57.09183156085   Elapsed: 20.0767s (0m 20s)  11% completed  (5% total)
     Speed:     ev/sec=23751   simsec/sec=2.99776   ev/simsec=7922.92
     Messages:  created: 436212   present: 1193   in FES: 146
** Event #567552   t=64.564257724324   Elapsed: 22.0884s (0m 22s)  12% completed  (6% total)
     Speed:     ev/sec=28123.9   simsec/sec=3.71454   ev/simsec=7571.3
     Messages:  created: 487902   present: 1213   in FES: 154
** Event #619520   t=71.011454011477   Elapsed: 24.09s (0m 24s)  14% completed  (7% total)
     Speed:     ev/sec=25962.3   simsec/sec=3.2209   ev/simsec=8060.56
     Messages:  created: 533522   present: 1180   in FES: 143
** Event #674560   t=77.532896411559   Elapsed: 26.101s (0m 26s)  15% completed  (7% total)
     Speed:     ev/sec=27370   simsec/sec=3.24295   ev/simsec=8439.85
     Messages:  created: 581693   present: 1192   in FES: 154
** Event #723456   t=83.553391930508   Elapsed: 28.1041s (0m 28s)  16% completed  (8% total)
     Speed:     ev/sec=24410.6   simsec/sec=3.00565   ev/simsec=8121.59
     Messages:  created: 625470   present: 1190   in FES: 145
** Event #779520   t=91.030125842611   Elapsed: 30.1106s (0m 30s)  18% completed  (9% total)
     Speed:     ev/sec=27941   simsec/sec=3.72623   ev/simsec=7498.46
     Messages:  created: 677364   present: 1156   in FES: 135
** Event #840960   t=99.080576367293   Elapsed: 32.112s (0m 32s)  19% completed  (9% total)
     Speed:     ev/sec=30698.3   simsec/sec=4.02238   ev/simsec=7631.87
     Messages:  created: 735052   present: 1212   in FES: 153
** Event #901120   t=107.043455582429   Elapsed: 34.1195s (0m 34s)  21% completed  (10% total)
     Speed:     ev/sec=29967.5   simsec/sec=3.96654   ev/simsec=7555.06
     Messages:  created: 789876   present: 2028   in FES: 177
** Event #964352   t=115.062682793325   Elapsed: 36.1269s (0m 36s)  23% completed  (11% total)
     Speed:     ev/sec=31499.8   simsec/sec=3.99487   ev/simsec=7885.05
     Messages:  created: 847404   present: 2024   in FES: 153
** Event #1023744   t=122.592931675924   Elapsed: 38.1275s (0m 38s)  24% completed  (12% total)
     Speed:     ev/sec=29686.3   simsec/sec=3.76389   ev/simsec=7887.12
     Messages:  created: 901451   present: 2920   in FES: 154
** Event #1090560   t=131.518299288758   Elapsed: 40.1298s (0m 40s)  26% completed  (13% total)
     Speed:     ev/sec=33369.6   simsec/sec=4.45755   ev/simsec=7486.08
     Messages:  created: 961965   present: 3967   in FES: 145
** Event #1150976   t=139.062685875031   Elapsed: 42.13s (0m 42s)  27% completed  (13% total)
     Speed:     ev/sec=30205.7   simsec/sec=3.7719   ev/simsec=8008.07
     Messages:  created: 1016956   present: 4822   in FES: 125
** Event #1213952   t=147.082868132251   Elapsed: 44.1346s (0m 44s)  29% completed  (14% total)
     Speed:     ev/sec=31415.6   simsec/sec=4.00087   ev/simsec=7852.19
     Messages:  created: 1074253   present: 5773   in FES: 124
** Event #1272320   t=154.589765258156   Elapsed: 46.1366s (0m 46s)  30% completed  (15% total)
     Speed:     ev/sec=29154.6   simsec/sec=3.74967   ev/simsec=7775.25
     Messages:  created: 1127301   present: 6729   in FES: 141
** Event #1333760   t=162.574334775322   Elapsed: 48.1373s (0m 48s)  32% completed  (16% total)
     Speed:     ev/sec=30710.2   simsec/sec=3.99101   ev/simsec=7694.84
     Messages:  created: 1183117   present: 7710   in FES: 146
** Event #1395712   t=170.572850832158   Elapsed: 50.1478s (0m 50s)  34% completed  (17% total)
     Speed:     ev/sec=30813.2   simsec/sec=3.97824   ev/simsec=7745.44
     Messages:  created: 1239403   present: 8670   in FES: 148
** Event #1454848   t=178.072175531276   Elapsed: 52.1572s (0m 52s)  35% completed  (17% total)
     Speed:     ev/sec=29430.7   simsec/sec=3.73225   ev/simsec=7885.51
     Messages:  created: 1292942   present: 9494   in FES: 124
** Event #1509888   t=185.031923725599   Elapsed: 54.1644s (0m 54s)  37% completed  (18% total)
     Speed:     ev/sec=27421.3   simsec/sec=3.46739   ev/simsec=7908.33
     Messages:  created: 1341733   present: 10394   in FES: 154
** Event #1557248   t=190.518299025014   Elapsed: 56.1762s (0m 56s)  38% completed  (19% total)
     Speed:     ev/sec=23540.3   simsec/sec=2.72701   ev/simsec=8632.29
     Messages:  created: 1382291   present: 11074   in FES: 152
** Event #1602048   t=195.558164715342   Elapsed: 58.1784s (0m 58s)  39% completed  (19% total)
     Speed:     ev/sec=22376   simsec/sec=2.51723   ev/simsec=8889.13
     Messages:  created: 1420530   present: 11651   in FES: 154
** Event #1652480   t=201.185359814204   Elapsed: 60.1806s (1m 00s)  40% completed  (20% total)
     Speed:     ev/sec=25187.4   simsec/sec=2.81041   ev/simsec=8962.19
     Messages:  created: 1464075   present: 12255   in FES: 123
** Event #1699840   t=206.589775150111   Elapsed: 62.194s (1m 02s)  41% completed  (20% total)
     Speed:     ev/sec=23522.6   simsec/sec=2.68424   ev/simsec=8763.21
     Messages:  created: 1504605   present: 12985   in FES: 147
** Event #1748736   t=212.519380244256   Elapsed: 64.2125s (1m 04s)  42% completed  (21% total)
     Speed:     ev/sec=24223.8   simsec/sec=2.93761   ev/simsec=8246.08
     Messages:  created: 1546529   present: 13666   in FES: 138
** Event #1796608   t=218.060158027688   Elapsed: 66.2227s (1m 06s)  43% completed  (21% total)
     Speed:     ev/sec=23815   simsec/sec=2.75639   ev/simsec=8639.94
     Messages:  created: 1588507   present: 14369   in FES: 149
** Event #1849856   t=224.637933610234   Elapsed: 68.2289s (1m 08s)  44% completed  (22% total)
     Speed:     ev/sec=26541.1   simsec/sec=3.27865   ev/simsec=8095.14
     Messages:  created: 1636416   present: 15070   in FES: 122
** Event #1910272   t=231.080576561817   Elapsed: 70.23s (1m 10s)  46% completed  (23% total)
     Speed:     ev/sec=30192.2   simsec/sec=3.21964   ev/simsec=9377.52
     Messages:  created: 1695687   present: 15950   in FES: 176
** Event #1968640   t=238.590012246903   Elapsed: 72.2413s (1m 12s)  47% completed  (23% total)
     Speed:     ev/sec=29020.1   simsec/sec=3.73363   ev/simsec=7772.62
     Messages:  created: 1748664   present: 1558   in FES: 124
** Event #2030080   t=246.572850718075   Elapsed: 74.2466s (1m 14s)  49% completed  (24% total)
     Speed:     ev/sec=30639   simsec/sec=3.98089   ev/simsec=7696.51
     Messages:  created: 1804569   present: 2697   in FES: 184
** Event #2094592   t=255.029244073438   Elapsed: 76.2497s (1m 16s)  51% completed  (25% total)
     Speed:     ev/sec=32206.6   simsec/sec=4.22172   ev/simsec=7628.78
     Messages:  created: 1862999   present: 3538   in FES: 127
** Event #2155264   t=262.591938975785   Elapsed: 78.2555s (1m 18s)  52% completed  (26% total)
     Speed:     ev/sec=30246.9   simsec/sec=3.77024   ev/simsec=8022.54
     Messages:  created: 1918304   present: 4516   in FES: 150
** Event #2208768   t=269.043457137495   Elapsed: 80.2571s (1m 20s)  53% completed  (26% total)
     Speed:     ev/sec=26730.7   simsec/sec=3.2232   ev/simsec=8293.24
     Messages:  created: 1964419   present: 5235   in FES: 132
** Event #2251264   t=273.513209100881   Elapsed: 82.2668s (1m 22s)  54% completed  (27% total)
     Speed:     ev/sec=21145.3   simsec/sec=2.22407   ev/simsec=9507.46
     Messages:  created: 1998742   present: 5776   in FES: 134
** Event #2285568   t=276.621640416739   Elapsed: 84.2822s (1m 24s)  55% completed  (27% total)
     Speed:     ev/sec=17021.1   simsec/sec=1.54235   ev/simsec=11035.8
     Messages:  created: 2026176   present: 6177   in FES: 145
** Event #2322688   t=280.578662961576   Elapsed: 86.3068s (1m 26s)  56% completed  (28% total)
     Speed:     ev/sec=18334.4   simsec/sec=1.95447   ev/simsec=9380.79
     Messages:  created: 2056008   present: 6590   in FES: 124
** Event #2357760   t=284.566254436796   Elapsed: 88.3071s (1m 28s)  56% completed  (28% total)
     Speed:     ev/sec=17533.9   simsec/sec=1.99356   ev/simsec=8795.28
     Messages:  created: 2085950   present: 7073   in FES: 124
** Event #2407424   t=291.03197786233   Elapsed: 90.3122s (1m 30s)  58% completed  (29% total)
     Speed:     ev/sec=24768.5   simsec/sec=3.22459   ev/simsec=7681.12
     Messages:  created: 2130835   present: 7915   in FES: 146
** Event #2466816   t=298.56217800928   Elapsed: 92.3144s (1m 32s)  59% completed  (29% total)
     Speed:     ev/sec=29663.3   simsec/sec=3.76096   ev/simsec=7887.17
     Messages:  created: 2184888   present: 8827   in FES: 147
** Event #2533120   t=307.061833509757   Elapsed: 94.3189s (1m 34s)  61% completed  (30% total)
     Speed:     ev/sec=33077.9   simsec/sec=4.24033   ev/simsec=7800.79
     Messages:  created: 2245116   present: 9799   in FES: 131
** Event #2591488   t=314.556915727553   Elapsed: 96.3263s (1m 36s)  62% completed  (31% total)
     Speed:     ev/sec=29076.1   simsec/sec=3.73369   ev/simsec=7787.51
     Messages:  created: 2297940   present: 10766   in FES: 155
** Event #2647552   t=317.453616979762   Elapsed: 98.3313s (1m 38s)  63% completed  (31% total)
     Speed:     ev/sec=27962.8   simsec/sec=1.44478   ev/simsec=19354.4
     Messages:  created: 2360796   present: 10975   in FES: 156
** Event #2700544   t=319.133917348764   Elapsed: 100.334s (1m 40s)  63% completed  (31% total)
     Speed:     ev/sec=26458.1   simsec/sec=0.838948   ev/simsec=31537.2
     Messages:  created: 2422300   present: 11033   in FES: 134
** Event #2750976   t=320.587633426973   Elapsed: 102.354s (1m 42s)  64% completed  (32% total)
     Speed:     ev/sec=24962.3   simsec/sec=0.719546   ev/simsec=34691.8
     Messages:  created: 2482911   present: 11095   in FES: 129
** Event #2810880   t=322.443236985129   Elapsed: 104.356s (1m 44s)  64% completed  (32% total)
     Speed:     ev/sec=29935.2   simsec/sec=0.92728   ev/simsec=32282.8
     Messages:  created: 2554845   present: 11210   in FES: 155
** Event #2865152   t=324.004214452873   Elapsed: 106.359s (1m 46s)  64% completed  (32% total)
     Speed:     ev/sec=27083.3   simsec/sec=0.778974   ev/simsec=34768
     Messages:  created: 2619921   present: 11293   in FES: 166
** Event #2921216   t=325.549496109179   Elapsed: 108.368s (1m 48s)  65% completed  (32% total)
     Speed:     ev/sec=27906.6   simsec/sec=0.769184   ev/simsec=36280.8
     Messages:  created: 2685955   present: 11332   in FES: 176
** Event #2982656   t=327.33365510387   Elapsed: 110.375s (1m 50s)  65% completed  (32% total)
     Speed:     ev/sec=30625   simsec/sec=0.889321   ev/simsec=34436.4
     Messages:  created: 2759320   present: 11352   in FES: 139
** Event #3031552   t=328.748776150102   Elapsed: 112.379s (1m 52s)  65% completed  (32% total)
     Speed:     ev/sec=24391.3   simsec/sec=0.705919   ev/simsec=34552.5
     Messages:  created: 2817210   present: 11384   in FES: 133
** Event #3090688   t=330.506869841563   Elapsed: 114.389s (1m 54s)  66% completed  (33% total)
     Speed:     ev/sec=29427.2   simsec/sec=0.87486   ev/simsec=33636.4
     Messages:  created: 2888432   present: 11468   in FES: 136
** Event #3148032   t=332.083090334229   Elapsed: 116.395s (1m 56s)  66% completed  (33% total)
     Speed:     ev/sec=28583.4   simsec/sec=0.785675   ev/simsec=36380.7
     Messages:  created: 2956169   present: 11569   in FES: 154
** Event #3203072   t=333.745521442738   Elapsed: 118.402s (1m 58s)  66% completed  (33% total)
     Speed:     ev/sec=27430.7   simsec/sec=0.828517   ev/simsec=33108.1
     Messages:  created: 3022137   present: 11601   in FES: 175
** Event #3261696   t=335.515049641812   Elapsed: 120.413s (2m 00s)  67% completed  (33% total)
     Speed:     ev/sec=29150.2   simsec/sec=0.879881   ev/simsec=33129.7
     Messages:  created: 3093555   present: 11692   in FES: 155
** Event #3314688   t=337.067467575314   Elapsed: 122.421s (2m 02s)  67% completed  (33% total)
     Speed:     ev/sec=26392.1   simsec/sec=0.773166   ev/simsec=34135.1
     Messages:  created: 3157556   present: 11729   in FES: 145
** Event #3374848   t=339.029241819858   Elapsed: 124.427s (2m 04s)  67% completed  (33% total)
     Speed:     ev/sec=29985.4   simsec/sec=0.977804   ev/simsec=30666.1
     Messages:  created: 3231794   present: 11797   in FES: 143
** Event #3432704   t=341.023000268251   Elapsed: 126.433s (2m 06s)  68% completed  (34% total)
     Speed:     ev/sec=28835.8   simsec/sec=0.993703   ev/simsec=29018.6
     Messages:  created: 3302357   present: 11916   in FES: 176
** Event #3488000   t=342.586293665458   Elapsed: 128.442s (2m 08s)  68% completed  (34% total)
     Speed:     ev/sec=27524.3   simsec/sec=0.778148   ev/simsec=35371.5
     Messages:  created: 3368115   present: 11965   in FES: 155
** Event #3547136   t=344.384265639905   Elapsed: 130.447s (2m 10s)  68% completed  (34% total)
     Speed:     ev/sec=29497.5   simsec/sec=0.896844   ev/simsec=32890.4
     Messages:  created: 3439218   present: 12002   in FES: 154
** Event #3602944   t=346.014218182541   Elapsed: 132.45s (2m 12s)  69% completed  (34% total)
     Speed:     ev/sec=27860.3   simsec/sec=0.8137   ev/simsec=34239
     Messages:  created: 3506192   present: 12079   in FES: 154
** Event #3658240   t=347.538356266826   Elapsed: 134.452s (2m 14s)  69% completed  (34% total)
     Speed:     ev/sec=27628.7   simsec/sec=0.761537   ev/simsec=36280.2
     Messages:  created: 3571262   present: 12117   in FES: 140
** Event #3713792   t=349.133871348302   Elapsed: 136.453s (2m 16s)  69% completed  (34% total)
     Speed:     ev/sec=27752.2   simsec/sec=0.797073   ev/simsec=34817.6
     Messages:  created: 3637146   present: 12159   in FES: 156
** Event #3768320   t=350.749367411938   Elapsed: 138.457s (2m 18s)  70% completed  (35% total)
     Speed:     ev/sec=27212.2   simsec/sec=0.806214   ev/simsec=33753.1
     Messages:  created: 3702688   present: 12253   in FES: 155
** Event #3825152   t=352.443283226605   Elapsed: 140.461s (2m 20s)  70% completed  (35% total)
     Speed:     ev/sec=28355.1   simsec/sec=0.845144   ev/simsec=33550.7
     Messages:  created: 3770821   present: 12272   in FES: 137
** Event #3877120   t=353.943237108636   Elapsed: 142.468s (2m 22s)  70% completed  (35% total)
     Speed:     ev/sec=25898.2   simsec/sec=0.747502   ev/simsec=34646.4
     Messages:  created: 3833040   present: 12354   in FES: 162
** Event #3933184   t=355.511853441325   Elapsed: 144.486s (2m 24s)  71% completed  (35% total)
     Speed:     ev/sec=27781   simsec/sec=0.777286   ev/simsec=35741.1
     Messages:  created: 3899951   present: 12362   in FES: 136
** Event #3986432   t=356.903383080671   Elapsed: 146.487s (2m 26s)  71% completed  (35% total)
     Speed:     ev/sec=26610   simsec/sec=0.6954   ev/simsec=38265.8
     Messages:  created: 3963706   present: 12510   in FES: 165
** Event #4044544   t=357.755386355297   Elapsed: 148.489s (2m 28s)  71% completed  (35% total)
     Speed:     ev/sec=29026.2   simsec/sec=0.425565   ev/simsec=68206.3
     Messages:  created: 4036714   present: 12541   in FES: 164
** Event #4100864   t=359.527056542434   Elapsed: 150.496s (2m 30s)  71% completed  (35% total)
     Speed:     ev/sec=28058.4   simsec/sec=0.88264   ev/simsec=31789.2
     Messages:  created: 4104254   present: 12395   in FES: 192
** Event #4142336   t=362.55549302621   Elapsed: 152.504s (2m 32s)  72% completed  (36% total)
     Speed:     ev/sec=20662.4   simsec/sec=1.50884   ev/simsec=13694.2
     Messages:  created: 4144176   present: 9090   in FES: 159
** Event #4191744   t=364.701949937809   Elapsed: 154.51s (2m 34s)  72% completed  (36% total)
     Speed:     ev/sec=24626.5   simsec/sec=1.06986   ev/simsec=23018.4
     Messages:  created: 4201499   present: 8061   in FES: 167
** Event #4250368   t=365.031925086348   Elapsed: 156.511s (2m 36s)  73% completed  (36% total)
     Speed:     ev/sec=29297.8   simsec/sec=0.164908   ev/simsec=177662
     Messages:  created: 4280185   present: 6668   in FES: 170
** Event #4303104   t=366.593954271123   Elapsed: 158.53s (2m 38s)  73% completed  (36% total)
     Speed:     ev/sec=26117.2   simsec/sec=0.773585   ev/simsec=33761.2
     Messages:  created: 4340606   present: 5323   in FES: 162
** Event #4361984   t=368.833878231047   Elapsed: 160.533s (2m 40s)  73% completed  (36% total)
     Speed:     ev/sec=29401.2   simsec/sec=1.11848   ev/simsec=26286.6
     Messages:  created: 4408065   present: 1937   in FES: 140
** Event #4419840   t=371.044239689666   Elapsed: 162.534s (2m 42s)  74% completed  (37% total)
     Speed:     ev/sec=28910.1   simsec/sec=1.1045   ev/simsec=26174.9
     Messages:  created: 4473654   present: 2160   in FES: 139
** Event #4475392   t=373.249861880813   Elapsed: 164.54s (2m 44s)  74% completed  (37% total)
     Speed:     ev/sec=27696.4   simsec/sec=1.09965   ev/simsec=25186.5
     Messages:  created: 4536196   present: 2377   in FES: 156
** Event #4530176   t=376.812620962737   Elapsed: 166.545s (2m 46s)  75% completed  (37% total)
     Speed:     ev/sec=27324.2   simsec/sec=1.77697   ev/simsec=15376.8
     Messages:  created: 4595681   present: 2247   in FES: 123
** Event #4591104   t=380.603859569256   Elapsed: 168.549s (2m 48s)  76% completed  (38% total)
     Speed:     ev/sec=30393   simsec/sec=1.8912   ev/simsec=16070.7
     Messages:  created: 4661132   present: 2707   in FES: 150
** Event #4647936   t=384.333588165381   Elapsed: 170.552s (2m 50s)  76% completed  (38% total)
     Speed:     ev/sec=28372.3   simsec/sec=1.862   ev/simsec=15237.6
     Messages:  created: 4722642   present: 3065   in FES: 145
** Event #4706304   t=388.270751946606   Elapsed: 172.558s (2m 52s)  77% completed  (38% total)
     Speed:     ev/sec=29106   simsec/sec=1.96332   ev/simsec=14824.9
     Messages:  created: 4787639   present: 3394   in FES: 123
** Event #4765696   t=392.498509307036   Elapsed: 174.56s (2m 54s)  78% completed  (39% total)
     Speed:     ev/sec=29654.9   simsec/sec=2.11095   ev/simsec=14048.1
     Messages:  created: 4854507   present: 3890   in FES: 154
** Event #4825856   t=396.544269833122   Elapsed: 176.564s (2m 56s)  79% completed  (39% total)
     Speed:     ev/sec=30026.2   simsec/sec=2.01926   ev/simsec=14869.9
     Messages:  created: 4922119   present: 4287   in FES: 144
** Event #4885760   t=400.580457733433   Elapsed: 178.575s (2m 58s)  80% completed  (40% total)
     Speed:     ev/sec=29789.5   simsec/sec=2.00714   ev/simsec=14841.7
     Messages:  created: 4989171   present: 4703   in FES: 154
** Event #4951296   t=405.072229777334   Elapsed: 180.576s (3m 00s)  81% completed  (40% total)
     Speed:     ev/sec=32749.3   simsec/sec=2.2446   ev/simsec=14590.2
     Messages:  created: 5062713   present: 5146   in FES: 144
** Event #5015296   t=409.551267722304   Elapsed: 182.578s (3m 02s)  81% completed  (40% total)
     Speed:     ev/sec=31969.2   simsec/sec=2.23737   ev/simsec=14288.8
     Messages:  created: 5134822   present: 5581   in FES: 141
** Event #5080320   t=414.030076022859   Elapsed: 184.579s (3m 04s)  82% completed  (41% total)
     Speed:     ev/sec=32504   simsec/sec=2.23885   ev/simsec=14518.1
     Messages:  created: 5207958   present: 6072   in FES: 154
** Event #5147904   t=418.583546377917   Elapsed: 186.581s (3m 06s)  83% completed  (41% total)
     Speed:     ev/sec=33750.5   simsec/sec=2.27394   ev/simsec=14842.3
     Messages:  created: 5283524   present: 6463   in FES: 146
** Event #5214464   t=423.091831605481   Elapsed: 188.584s (3m 08s)  84% completed  (42% total)
     Speed:     ev/sec=33235.7   simsec/sec=2.25114   ev/simsec=14763.9
     Messages:  created: 5358256   present: 6972   in FES: 149
** Event #5287424   t=428.22501877224   Elapsed: 190.586s (3m 10s)  85% completed  (42% total)
     Speed:     ev/sec=36428.7   simsec/sec=2.56298   ev/simsec=14213.4
     Messages:  created: 5440109   present: 7456   in FES: 155
** Event #5355520   t=432.999624225165   Elapsed: 192.592s (3m 12s)  86% completed  (43% total)
     Speed:     ev/sec=33952.4   simsec/sec=2.3806   ev/simsec=14262.1
     Messages:  created: 5517011   present: 7930   in FES: 142
** Event #5419264   t=437.250150487032   Elapsed: 194.598s (3m 14s)  87% completed  (43% total)
     Speed:     ev/sec=31783.6   simsec/sec=2.11937   ev/simsec=14996.7
     Messages:  created: 5588371   present: 8371   in FES: 155
** Event #5480448   t=441.530148092414   Elapsed: 196.598s (3m 16s)  88% completed  (44% total)
     Speed:     ev/sec=30584.6   simsec/sec=2.13948   ev/simsec=14295.3
     Messages:  created: 5657357   present: 8823   in FES: 152
** Event #5551104   t=446.333923837883   Elapsed: 198.6s (3m 18s)  89% completed  (44% total)
     Speed:     ev/sec=35299   simsec/sec=2.39992   ev/simsec=14708.4
     Messages:  created: 5736595   present: 9296   in FES: 154
** Event #5616640   t=450.833739959401   Elapsed: 200.602s (3m 20s)  90% completed  (45% total)
     Speed:     ev/sec=32737.8   simsec/sec=2.24784   ev/simsec=14564.2
     Messages:  created: 5810213   present: 9749   in FES: 163
** Event #5683968   t=455.522049291732   Elapsed: 202.612s (3m 22s)  91% completed  (45% total)
     Speed:     ev/sec=33494.9   simsec/sec=2.33238   ev/simsec=14360.8
     Messages:  created: 5886027   present: 10217   in FES: 154
** Event #5746432   t=459.748779033856   Elapsed: 204.615s (3m 24s)  91% completed  (45% total)
     Speed:     ev/sec=31176.6   simsec/sec=2.10961   ev/simsec=14778.3
     Messages:  created: 5955692   present: 10543   in FES: 124
** Event #5810176   t=464.072229551924   Elapsed: 206.623s (3m 26s)  92% completed  (46% total)
     Speed:     ev/sec=31756.1   simsec/sec=2.15387   ev/simsec=14743.8
     Messages:  created: 6027407   present: 11072   in FES: 153
** Event #5872640   t=468.500294316104   Elapsed: 208.625s (3m 28s)  93% completed  (46% total)
     Speed:     ev/sec=31189.3   simsec/sec=2.21101   ev/simsec=14106.4
     Messages:  created: 6097905   present: 11511   in FES: 151
** Event #5936128   t=472.749914789937   Elapsed: 210.627s (3m 30s)  94% completed  (47% total)
     Speed:     ev/sec=31714.1   simsec/sec=2.12281   ev/simsec=14939.7
     Messages:  created: 6168921   present: 11934   in FES: 154
** Event #6002944   t=477.475378109747   Elapsed: 212.633s (3m 32s)  95% completed  (47% total)
     Speed:     ev/sec=33304.7   simsec/sec=2.35542   ev/simsec=14139.6
     Messages:  created: 6244084   present: 12356   in FES: 135
** Event #6066432   t=481.725271229817   Elapsed: 214.638s (3m 34s)  96% completed  (48% total)
     Speed:     ev/sec=31672   simsec/sec=2.12013   ev/simsec=14938.7
     Messages:  created: 6315126   present: 12818   in FES: 164
** Event #6132480   t=486.249301652992   Elapsed: 216.645s (3m 36s)  97% completed  (48% total)
     Speed:     ev/sec=32913.1   simsec/sec=2.25442   ev/simsec=14599.4
     Messages:  created: 6389423   present: 13304   in FES: 177
** Event #6197760   t=489.419380295923   Elapsed: 218.648s (3m 38s)  97% completed  (48% total)
     Speed:     ev/sec=32585.6   simsec/sec=1.5824   ev/simsec=20592.5
     Messages:  created: 6467636   present: 13462   in FES: 140
** Event #6262784   t=491.975034862302   Elapsed: 220.654s (3m 40s)  98% completed  (49% total)
     Speed:     ev/sec=32422.4   simsec/sec=1.2743   ev/simsec=25443.2
     Messages:  created: 6547413   present: 13712   in FES: 179
** Event #6324992   t=494.419949843081   Elapsed: 222.656s (3m 42s)  98% completed  (49% total)
     Speed:     ev/sec=31058.3   simsec/sec=1.22066   ev/simsec=25443.8
     Messages:  created: 6623358   present: 6734   in FES: 155
** Event #6389504   t=497.029187726717   Elapsed: 224.659s (3m 44s)  99% completed  (49% total)
     Speed:     ev/sec=32211.2   simsec/sec=1.30281   ev/simsec=24724.5
     Messages:  created: 6702132   present: 6898   in FES: 156
** Event #6452417   t=500   Elapsed: 226.574s (3m 46s)  100% completed  (50% total)
     Speed:     ev/sec=32850.7   simsec/sec=1.5511   ev/simsec=21179.1
     Messages:  created: 6777415   present: 7019   in FES: 126

<!> Simulation time limit reached -- at t=500s, event #6452417
undisposed object: (omnetpp::cMessage) FanetSarNetwork.groundStation.app.debugTimer -- check module destructor
undisposed object: (omnetpp::cMessage) FanetSarNetwork.uav[0].app.debugTimer -- check module destructor
undisposed object: (omnetpp::cMessage) FanetSarNetwork.uav[1].app.debugTimer -- check module destructor
undisposed object: (omnetpp::cMessage) FanetSarNetwork.uav[2].app.debugTimer -- check module destructor
undisposed object: (omnetpp::cMessage) FanetSarNetwork.uav[3].app.debugTimer -- check module destructor
undisposed object: (omnetpp::cMessage) FanetSarNetwork.uav[4].app.debugTimer -- check module destructor
undisposed object: (omnetpp::cMessage) FanetSarNetwork.uav[5].app.debugTimer -- check module destructor
undisposed object: (omnetpp::cMessage) FanetSarNetwork.uav[6].app.debugTimer -- check module destructor
undisposed object: (omnetpp::cMessage) FanetSarNetwork.uav[7].app.debugTimer -- check module destructor
undisposed object: (omnetpp::cMessage) FanetSarNetwork.uav[8].app.debugTimer -- check module destructor
undisposed object: (omnetpp::cMessage) FanetSarNetwork.uav[9].app.debugTimer -- check module destructor
undisposed object: (omnetpp::cMessage) FanetSarNetwork.uav[10].app.debugTimer -- check module destructor
undisposed object: (omnetpp::cMessage) FanetSarNetwork.uav[11].app.debugTimer -- check module destructor
undisposed object: (omnetpp::cMessage) FanetSarNetwork.uav[12].app.debugTimer -- check module destructor
undisposed object: (omnetpp::cMessage) FanetSarNetwork.uav[13].app.debugTimer -- check module destructor
undisposed object: (omnetpp::cMessage) FanetSarNetwork.uav[14].app.debugTimer -- check module destructor
undisposed object: (omnetpp::cMessage) FanetSarNetwork.uav[15].app.debugTimer -- check module destructor
undisposed object: (omnetpp::cMessage) FanetSarNetwork.uav[16].app.debugTimer -- check module destructor
undisposed object: (omnetpp::cMessage) FanetSarNetwork.uav[17].app.debugTimer -- check module destructor
undisposed object: (omnetpp::cMessage) FanetSarNetwork.uav[18].app.debugTimer -- check module destructor
undisposed object: (omnetpp::cMessage) FanetSarNetwork.uav[19].app.debugTimer -- check module destructor
undisposed object: (omnetpp::cMessage) FanetSarNetwork.uav[20].app.debugTimer -- check module destructor
undisposed object: (omnetpp::cMessage) FanetSarNetwork.uav[21].app.debugTimer -- check module destructor
undisposed object: (omnetpp::cMessage) FanetSarNetwork.uav[22].app.debugTimer -- check module destructor
undisposed object: (omnetpp::cMessage) FanetSarNetwork.uav[23].app.debugTimer -- check module destructor
undisposed object: (omnetpp::cMessage) FanetSarNetwork.uav[24].app.debugTimer -- check module destructor
undisposed object: (omnetpp::cMessage) FanetSarNetwork.uav[25].app.debugTimer -- check module destructor
undisposed object: (omnetpp::cMessage) FanetSarNetwork.uav[26].app.debugTimer -- check module destructor
undisposed object: (omnetpp::cMessage) FanetSarNetwork.uav[27].app.debugTimer -- check module destructor
undisposed object: (omnetpp::cMessage) FanetSarNetwork.uav[28].app.debugTimer -- check module destructor
undisposed object: (omnetpp::cMessage) FanetSarNetwork.uav[29].app.debugTimer -- check module destructor
