** Event #0   t=0   Elapsed: 8e-06s (0m 00s)  0% completed  (50% total)
     Speed:     ev/sec=0   simsec/sec=0   ev/simsec=0
     Messages:  created: 1178   present: 1178   in FES: 186
** Event #50432   t=4.595137160349   Elapsed: 2.00136s (0m 02s)  0% completed  (50% total)
     Speed:     ev/sec=25199.5   simsec/sec=2.29602   ev/simsec=10975.3
     Messages:  created: 41954   present: 1201   in FES: 154
** Event #83456   t=7.533023084321   Elapsed: 4.00146s (0m 04s)  1% completed  (50% total)
     Speed:     ev/sec=16511.2   simsec/sec=1.46887   ev/simsec=11240.7
     Messages:  created: 66478   present: 1210   in FES: 151
** Event #122112   t=11.008288090384   Elapsed: 6.00981s (0m 06s)  2% completed  (51% total)
     Speed:     ev/sec=19247.6   simsec/sec=1.73041   ev/simsec=11123.2
     Messages:  created: 95726   present: 1201   in FES: 150
** Event #166400   t=14.534892680525   Elapsed: 8.02002s (0m 08s)  2% completed  (51% total)
     Speed:     ev/sec=22031.5   simsec/sec=1.75434   ev/simsec=12558.3
     Messages:  created: 128833   present: 1121   in FES: 124
** Event #199424   t=17.512710624256   Elapsed: 10.0313s (0m 10s)  3% completed  (51% total)
     Speed:     ev/sec=16419.2   simsec/sec=1.48054   ev/simsec=11090
     Messages:  created: 153549   present: 1140   in FES: 131
** Event #233984   t=20.524076692171   Elapsed: 12.0477s (0m 12s)  4% completed  (52% total)
     Speed:     ev/sec=17139.3   simsec/sec=1.49343   ev/simsec=11476.5
     Messages:  created: 179964   present: 1206   in FES: 147
** Event #273408   t=24.067730401725   Elapsed: 14.052s (0m 14s)  4% completed  (52% total)
     Speed:     ev/sec=19670.2   simsec/sec=1.76807   ev/simsec=11125.2
     Messages:  created: 210322   present: 1191   in FES: 146
** Event #309248   t=27.52687738756   Elapsed: 16.0626s (0m 16s)  5% completed  (52% total)
     Speed:     ev/sec=17825.4   simsec/sec=1.72044   ev/simsec=10360.9
     Messages:  created: 237818   present: 1135   in FES: 124
** Event #348928   t=31.511896137981   Elapsed: 18.0693s (0m 18s)  6% completed  (53% total)
     Speed:     ev/sec=19774.3   simsec/sec=1.98591   ev/simsec=9957.29
     Messages:  created: 269426   present: 1186   in FES: 145
** Event #395264   t=36.574040830586   Elapsed: 20.0767s (0m 20s)  7% completed  (53% total)
     Speed:     ev/sec=23081.9   simsec/sec=2.52166   ev/simsec=9153.43
     Messages:  created: 309442   present: 1172   in FES: 137
** Event #457472   t=44.573881851623   Elapsed: 22.0869s (0m 22s)  8% completed  (54% total)
     Speed:     ev/sec=30946.2   simsec/sec=3.97962   ev/simsec=7776.15
     Messages:  created: 366182   present: 1206   in FES: 151
** Event #515840   t=52.078924184804   Elapsed: 24.0925s (0m 24s)  10% completed  (55% total)
     Speed:     ev/sec=29102.6   simsec/sec=3.74205   ev/simsec=7777.17
     Messages:  created: 420092   present: 1193   in FES: 146
** Event #582400   t=60.606078775148   Elapsed: 26.0996s (0m 26s)  12% completed  (56% total)
     Speed:     ev/sec=33162.6   simsec/sec=4.24854   ev/simsec=7805.65
     Messages:  created: 481308   present: 1119   in FES: 123
** Event #668160   t=72.071809053836   Elapsed: 28.1047s (0m 28s)  14% completed  (57% total)
     Speed:     ev/sec=42770.5   simsec/sec=5.71823   ev/simsec=7479.68
     Messages:  created: 561426   present: 1215   in FES: 154
** Event #745216   t=82.50660671266   Elapsed: 30.1056s (0m 30s)  16% completed  (58% total)
     Speed:     ev/sec=38510.9   simsec/sec=5.21509   ev/simsec=7384.52
     Messages:  created: 632520   present: 1166   in FES: 139
** Event #819968   t=92.067733897342   Elapsed: 32.1072s (0m 32s)  18% completed  (59% total)
     Speed:     ev/sec=37346.2   simsec/sec=4.77675   ev/simsec=7818.33
     Messages:  created: 701650   present: 1148   in FES: 131
** Event #888320   t=100.844298751996   Elapsed: 34.1088s (0m 34s)  20% completed  (60% total)
     Speed:     ev/sec=34148.4   simsec/sec=4.38473   ev/simsec=7788.01
     Messages:  created: 765886   present: 1248   in FES: 176
** Event #972032   t=109.074361496122   Elapsed: 36.1101s (0m 36s)  21% completed  (60% total)
     Speed:     ev/sec=41828   simsec/sec=4.11228   ev/simsec=10171.5
     Messages:  created: 849769   present: 1295   in FES: 154
** Event #1044992   t=118.583935127337   Elapsed: 38.1166s (0m 38s)  23% completed  (61% total)
     Speed:     ev/sec=36362.8   simsec/sec=4.73951   ev/simsec=7672.27
     Messages:  created: 916699   present: 2447   in FES: 154
** Event #1119744   t=128.00557831465   Elapsed: 40.1179s (0m 40s)  25% completed  (62% total)
     Speed:     ev/sec=37351.6   simsec/sec=4.70775   ev/simsec=7934.07
     Messages:  created: 982833   present: 3549   in FES: 148
** Event #1188096   t=135.51754931894   Elapsed: 42.1312s (0m 42s)  27% completed  (63% total)
     Speed:     ev/sec=33950.1   simsec/sec=3.73116   ev/simsec=9099.08
     Messages:  created: 1040529   present: 4421   in FES: 138
** Event #1243136   t=141.520550556387   Elapsed: 44.1437s (0m 44s)  28% completed  (64% total)
     Speed:     ev/sec=27349.7   simsec/sec=2.98293   ev/simsec=9168.75
     Messages:  created: 1086949   present: 5137   in FES: 134
** Event #1304320   t=148.071857859502   Elapsed: 46.1449s (0m 46s)  29% completed  (64% total)
     Speed:     ev/sec=30573.3   simsec/sec=3.27366   ev/simsec=9339.2
     Messages:  created: 1138966   present: 5960   in FES: 146
** Event #1361664   t=154.544930536909   Elapsed: 48.1473s (0m 48s)  30% completed  (65% total)
     Speed:     ev/sec=28637.2   simsec/sec=3.23261   ev/simsec=8858.85
     Messages:  created: 1187455   present: 6743   in FES: 150
** Event #1429760   t=162.517188912023   Elapsed: 50.1511s (0m 50s)  32% completed  (66% total)
     Speed:     ev/sec=33983.4   simsec/sec=3.97857   ev/simsec=8541.62
     Messages:  created: 1246267   present: 7683   in FES: 144
** Event #1476352   t=167.520906149626   Elapsed: 52.1567s (0m 52s)  33% completed  (66% total)
     Speed:     ev/sec=23231.4   simsec/sec=2.49492   ev/simsec=9311.48
     Messages:  created: 1284982   present: 8308   in FES: 152
** Event #1532416   t=173.507631175478   Elapsed: 54.1594s (0m 54s)  34% completed  (67% total)
     Speed:     ev/sec=27994.4   simsec/sec=2.98935   ev/simsec=9364.72
     Messages:  created: 1331231   present: 8981   in FES: 138
** Event #1592064   t=179.581040720715   Elapsed: 56.1607s (0m 56s)  35% completed  (67% total)
     Speed:     ev/sec=29804.4   simsec/sec=3.03471   ev/simsec=9821.17
     Messages:  created: 1380765   present: 9708   in FES: 133
** Event #1657088   t=186.528449002413   Elapsed: 58.1701s (0m 58s)  37% completed  (68% total)
     Speed:     ev/sec=32359.2   simsec/sec=3.45738   ev/simsec=9359.46
     Messages:  created: 1434294   present: 10687   in FES: 185
** Event #1714944   t=192.577585574512   Elapsed: 60.1727s (1m 00s)  38% completed  (69% total)
     Speed:     ev/sec=28890.7   simsec/sec=3.02067   ev/simsec=9564.34
     Messages:  created: 1482030   present: 11316   in FES: 154
** Event #1771776   t=198.572347955283   Elapsed: 62.1814s (1m 02s)  39% completed  (69% total)
     Speed:     ev/sec=28292.9   simsec/sec=2.9844   ev/simsec=9480.28
     Messages:  created: 1528236   present: 12042   in FES: 152
** Event #1836800   t=206.509316031586   Elapsed: 64.1834s (1m 04s)  41% completed  (70% total)
     Speed:     ev/sec=32479.4   simsec/sec=3.9645   ev/simsec=8192.55
     Messages:  created: 1585095   present: 12983   in FES: 152
** Event #1912576   t=215.527053662056   Elapsed: 66.1931s (1m 06s)  43% completed  (71% total)
     Speed:     ev/sec=37705.1   simsec/sec=4.4871   ev/simsec=8402.99
     Messages:  created: 1651821   present: 14073   in FES: 150
** Event #1982464   t=223.523053696433   Elapsed: 68.1957s (1m 08s)  44% completed  (72% total)
     Speed:     ev/sec=34899.6   simsec/sec=3.99293   ev/simsec=8740.37
     Messages:  created: 1711403   present: 15018   in FES: 145
** Event #2066432   t=230.514800106449   Elapsed: 70.2015s (1m 10s)  46% completed  (73% total)
     Speed:     ev/sec=41860.8   simsec/sec=3.48562   ev/simsec=12009.6
     Messages:  created: 1798630   present: 15809   in FES: 176
** Event #2153472   t=235.42382396591   Elapsed: 72.2036s (1m 12s)  47% completed  (73% total)
     Speed:     ev/sec=43474.3   simsec/sec=2.45193   ev/simsec=17730.6
     Messages:  created: 1899800   present: 11045   in FES: 132
** Event #2226944   t=240.469500998966   Elapsed: 74.2095s (1m 14s)  48% completed  (74% total)
     Speed:     ev/sec=36629.4   simsec/sec=2.51552   ev/simsec=14561.4
     Messages:  created: 1982362   present: 6362   in FES: 122
** Event #2310144   t=246.057043491419   Elapsed: 76.215s (1m 16s)  49% completed  (74% total)
     Speed:     ev/sec=41485.1   simsec/sec=2.78605   ev/simsec=14890.3
     Messages:  created: 2075547   present: 6887   in FES: 155
** Event #2399232   t=252.07978086641   Elapsed: 78.2151s (1m 18s)  50% completed  (75% total)
     Speed:     ev/sec=44542.4   simsec/sec=3.01126   ev/simsec=14791.9
     Messages:  created: 2175531   present: 7383   in FES: 151
** Event #2490624   t=258.441898742486   Elapsed: 80.2152s (1m 20s)  51% completed  (75% total)
     Speed:     ev/sec=45693.4   simsec/sec=3.18088   ev/simsec=14365
     Messages:  created: 2278588   present: 7881   in FES: 154
** Event #2585856   t=263.514579791843   Elapsed: 82.2219s (1m 22s)  52% completed  (76% total)
     Speed:     ev/sec=47456.9   simsec/sec=2.52786   ev/simsec=18773.5
     Messages:  created: 2389789   present: 8214   in FES: 124
** Event #2652416   t=269.056204954112   Elapsed: 84.223s (1m 24s)  53% completed  (76% total)
     Speed:     ev/sec=33261.6   simsec/sec=2.76928   ev/simsec=12010.9
     Messages:  created: 2453425   present: 8923   in FES: 151
** Event #2696960   t=273.514854964197   Elapsed: 86.229s (1m 26s)  54% completed  (77% total)
     Speed:     ev/sec=22205.5   simsec/sec=2.22267   ev/simsec=9990.47
     Messages:  created: 2488397   present: 9466   in FES: 154
** Event #2738432   t=277.518987158817   Elapsed: 88.2413s (1m 28s)  55% completed  (77% total)
     Speed:     ev/sec=20609   simsec/sec=1.98981   ev/simsec=10357.3
     Messages:  created: 2520924   present: 9860   in FES: 123
** Event #2795776   t=283.90633352194   Elapsed: 90.2426s (1m 30s)  56% completed  (78% total)
     Speed:     ev/sec=28652.9   simsec/sec=3.19154   ev/simsec=8977.75
     Messages:  created: 2568914   present: 10618   in FES: 123
** Event #2865152   t=291.531979495759   Elapsed: 92.2451s (1m 32s)  58% completed  (79% total)
     Speed:     ev/sec=34645.9   simsec/sec=3.80819   ev/simsec=9097.72
     Messages:  created: 2626985   present: 11623   in FES: 151
** Event #2938624   t=295.860147670512   Elapsed: 94.2514s (1m 34s)  59% completed  (79% total)
     Speed:     ev/sec=36619.8   simsec/sec=2.15724   ev/simsec=16975.3
     Messages:  created: 2706304   present: 12028   in FES: 156
** Event #3031296   t=299.044501610062   Elapsed: 96.2541s (1m 36s)  59% completed  (79% total)
     Speed:     ev/sec=46274.4   simsec/sec=1.59006   ev/simsec=29102.3
     Messages:  created: 2819498   present: 12217   in FES: 154
** Event #3119104   t=305.015949968539   Elapsed: 98.2552s (1m 38s)  61% completed  (80% total)
     Speed:     ev/sec=43879.1   simsec/sec=2.98403   ev/simsec=14704.6
     Messages:  created: 2918474   present: 12709   in FES: 152
** Event #3206656   t=311.060044708766   Elapsed: 100.261s (1m 40s)  62% completed  (81% total)
     Speed:     ev/sec=43657.3   simsec/sec=3.01385   ev/simsec=14485.5
     Messages:  created: 3013647   present: 13200   in FES: 155
** Event #3280640   t=315.965783216159   Elapsed: 102.264s (1m 42s)  63% completed  (81% total)
     Speed:     ev/sec=36927.3   simsec/sec=2.44858   ev/simsec=15081.1
     Messages:  created: 3090778   present: 13571   in FES: 134
** Event #3355392   t=320.579998648986   Elapsed: 104.27s (1m 44s)  64% completed  (82% total)
     Speed:     ev/sec=37258.5   simsec/sec=2.29986   ev/simsec=16200.4
     Messages:  created: 3168019   present: 14014   in FES: 149
** Event #3416320   t=324.560267909493   Elapsed: 106.271s (1m 46s)  64% completed  (82% total)
     Speed:     ev/sec=30448.8   simsec/sec=1.98914   ev/simsec=15307.5
     Messages:  created: 3231201   present: 14334   in FES: 156
** Event #3487744   t=328.820643184443   Elapsed: 108.273s (1m 48s)  65% completed  (82% total)
     Speed:     ev/sec=35678.8   simsec/sec=2.12821   ev/simsec=16764.7
     Messages:  created: 3307405   present: 14607   in FES: 137
** Event #3566080   t=333.566501786875   Elapsed: 110.281s (1m 50s)  66% completed  (83% total)
     Speed:     ev/sec=39015.9   simsec/sec=2.36372   ev/simsec=16506.2
     Messages:  created: 3392298   present: 15071   in FES: 154
** Event #3639808   t=337.528252529056   Elapsed: 112.294s (1m 52s)  67% completed  (83% total)
     Speed:     ev/sec=36628.5   simsec/sec=1.96822   ev/simsec=18610
     Messages:  created: 3473469   present: 15368   in FES: 146
** Event #3726336   t=338.518409887248   Elapsed: 114.297s (1m 54s)  67% completed  (83% total)
     Speed:     ev/sec=43188.9   simsec/sec=0.494219   ev/simsec=87388.1
     Messages:  created: 3588097   present: 15544   in FES: 164
** Event #3792640   t=344.008288125487   Elapsed: 116.299s (1m 56s)  68% completed  (84% total)
     Speed:     ev/sec=33124.5   simsec/sec=2.74266   ev/simsec=12077.5
     Messages:  created: 3651574   present: 16111   in FES: 150
** Event #3845632   t=349.055230643653   Elapsed: 118.3s (1m 58s)  69% completed  (84% total)
     Speed:     ev/sec=26480.4   simsec/sec=2.52198   ev/simsec=10499.8
     Messages:  created: 3697854   present: 16703   in FES: 151
** Event #3887616   t=352.565024531989   Elapsed: 120.309s (2m 00s)  70% completed  (85% total)
     Speed:     ev/sec=20897.8   simsec/sec=1.74702   ev/simsec=11962
     Messages:  created: 3736397   present: 17105   in FES: 143
** Event #3951360   t=356.560809393931   Elapsed: 122.329s (2m 02s)  71% completed  (85% total)
     Speed:     ev/sec=31562.6   simsec/sec=1.9785   ev/simsec=15952.8
     Messages:  created: 3801567   present: 12575   in FES: 178
** Event #3994368   t=359.60299385502   Elapsed: 124.335s (2m 04s)  71% completed  (85% total)
     Speed:     ev/sec=21437.5   simsec/sec=1.51639   ev/simsec=14137.2
     Messages:  created: 3840214   present: 9438   in FES: 145
** Event #4039936   t=363.522419781513   Elapsed: 126.335s (2m 06s)  72% completed  (86% total)
     Speed:     ev/sec=22781   simsec/sec=1.95946   ev/simsec=11626.2
     Messages:  created: 3878280   present: 1609   in FES: 147
** Event #4082944   t=367.516290718641   Elapsed: 128.35s (2m 08s)  73% completed  (86% total)
     Speed:     ev/sec=21347.6   simsec/sec=1.98241   ev/simsec=10768.5
     Messages:  created: 3910953   present: 2247   in FES: 216
** Event #4125696   t=371.510419764756   Elapsed: 130.354s (2m 10s)  74% completed  (87% total)
     Speed:     ev/sec=21333.1   simsec/sec=1.99306   ev/simsec=10703.7
     Messages:  created: 3943360   present: 2555   in FES: 147
** Event #4167424   t=375.083136392245   Elapsed: 132.355s (2m 12s)  75% completed  (87% total)
     Speed:     ev/sec=20856.5   simsec/sec=1.78572   ev/simsec=11679.6
     Messages:  created: 3975511   present: 2983   in FES: 154
** Event #4208128   t=379.079781069085   Elapsed: 134.361s (2m 14s)  75% completed  (87% total)
     Speed:     ev/sec=20288.1   simsec/sec=1.99205   ev/simsec=10184.5
     Messages:  created: 4007290   present: 3470   in FES: 146
** Event #4255744   t=384.071803774806   Elapsed: 136.364s (2m 16s)  76% completed  (88% total)
     Speed:     ev/sec=23779   simsec/sec=2.49298   ev/simsec=9538.42
     Messages:  created: 4045491   present: 4067   in FES: 154
** Event #4307456   t=389.562857517745   Elapsed: 138.375s (2m 18s)  77% completed  (88% total)
     Speed:     ev/sec=25714.1   simsec/sec=2.73045   ev/simsec=9417.5
     Messages:  created: 4087299   present: 4710   in FES: 139
** Event #4364032   t=395.560175378925   Elapsed: 140.38s (2m 20s)  79% completed  (89% total)
     Speed:     ev/sec=28213.1   simsec/sec=2.99071   ev/simsec=9433.55
     Messages:  created: 4133114   present: 5460   in FES: 154
** Event #4420608   t=401.554766645257   Elapsed: 142.381s (2m 22s)  80% completed  (90% total)
     Speed:     ev/sec=28275   simsec/sec=2.99592   ev/simsec=9437.84
     Messages:  created: 4178873   present: 6161   in FES: 144
** Event #4476160   t=407.538405114683   Elapsed: 144.384s (2m 24s)  81% completed  (90% total)
     Speed:     ev/sec=27726.6   simsec/sec=2.9865   ev/simsec=9283.98
     Messages:  created: 4223811   present: 6874   in FES: 145
** Event #4535552   t=413.567256998136   Elapsed: 146.392s (2m 26s)  82% completed  (91% total)
     Speed:     ev/sec=29583.6   simsec/sec=3.00302   ev/simsec=9851.3
     Messages:  created: 4271901   present: 7622   in FES: 151
** Event #4588288   t=419.515850616821   Elapsed: 148.394s (2m 28s)  83% completed  (91% total)
     Speed:     ev/sec=26340.7   simsec/sec=2.97122   ev/simsec=8865.29
     Messages:  created: 4315931   present: 8331   in FES: 154
** Event #4654592   t=426.572272139072   Elapsed: 150.395s (2m 30s)  85% completed  (92% total)
     Speed:     ev/sec=33135.8   simsec/sec=3.52648   ev/simsec=9396.26
     Messages:  created: 4370961   present: 9125   in FES: 134
** Event #4713984   t=432.59171908717   Elapsed: 152.416s (2m 32s)  86% completed  (93% total)
     Speed:     ev/sec=29389.9   simsec/sec=2.9787   ev/simsec=9866.69
     Messages:  created: 4420324   present: 9831   in FES: 123
** Event #4762880   t=438.0082881448   Elapsed: 154.416s (2m 34s)  87% completed  (93% total)
     Speed:     ev/sec=24444.2   simsec/sec=2.70786   ev/simsec=9027.12
     Messages:  created: 4460224   present: 10531   in FES: 145
** Event #4809216   t=442.51974815355   Elapsed: 156.423s (2m 36s)  88% completed  (94% total)
     Speed:     ev/sec=23093.3   simsec/sec=2.24846   ev/simsec=10270.7
     Messages:  created: 4498226   present: 11095   in FES: 153
** Event #4888576   t=444.864266648971   Elapsed: 158.426s (2m 38s)  88% completed  (94% total)
     Speed:     ev/sec=39607.1   simsec/sec=1.17011   ev/simsec=33849.2
     Messages:  created: 4593158   present: 11116   in FES: 148
** Event #4961792   t=447.07112160681   Elapsed: 160.429s (2m 40s)  89% completed  (94% total)
     Speed:     ev/sec=36561.7   simsec/sec=1.10203   ev/simsec=33176.6
     Messages:  created: 4680250   present: 11289   in FES: 162
** Event #5044992   t=449.716407260104   Elapsed: 162.43s (2m 42s)  89% completed  (94% total)
     Speed:     ev/sec=41571.6   simsec/sec=1.32174   ev/simsec=31452.2
     Messages:  created: 4779692   present: 11381   in FES: 175
** Event #5130240   t=452.466285500834   Elapsed: 164.434s (2m 44s)  90% completed  (95% total)
     Speed:     ev/sec=42540.8   simsec/sec=1.37225   ev/simsec=31000.6
     Messages:  created: 4881858   present: 11488   in FES: 175
** Event #5218816   t=455.242788393114   Elapsed: 166.437s (2m 46s)  91% completed  (95% total)
     Speed:     ev/sec=44224   simsec/sec=1.38624   ev/simsec=31902
     Messages:  created: 4986750   present: 11584   in FES: 155
** Event #5305088   t=458.044501761478   Elapsed: 168.441s (2m 48s)  91% completed  (95% total)
     Speed:     ev/sec=43044.9   simsec/sec=1.3979   ev/simsec=30792.6
     Messages:  created: 5089829   present: 11728   in FES: 154
** Event #5390848   t=460.820417359238   Elapsed: 170.442s (2m 50s)  92% completed  (96% total)
     Speed:     ev/sec=42864.6   simsec/sec=1.38746   ev/simsec=30894.3
     Messages:  created: 5192292   present: 11801   in FES: 154
** Event #5481728   t=463.789329265038   Elapsed: 172.444s (2m 52s)  92% completed  (96% total)
     Speed:     ev/sec=45403.9   simsec/sec=1.48328   ev/simsec=30610.5
     Messages:  created: 5300526   present: 11958   in FES: 156
** Event #5565440   t=465.993318137005   Elapsed: 174.444s (2m 54s)  93% completed  (96% total)
     Speed:     ev/sec=41855.7   simsec/sec=1.10199   ev/simsec=37982
     Messages:  created: 5401981   present: 12030   in FES: 174
** Event #5646592   t=467.701942270415   Elapsed: 176.446s (2m 56s)  93% completed  (96% total)
     Speed:     ev/sec=40526.3   simsec/sec=0.853265   ev/simsec=47495.5
     Messages:  created: 5500154   present: 12181   in FES: 155
** Event #5728768   t=469.86504504106   Elapsed: 178.45s (2m 58s)  93% completed  (96% total)
     Speed:     ev/sec=41013.9   simsec/sec=1.0796   ev/simsec=37989.9
     Messages:  created: 5599022   present: 12245   in FES: 161
** Event #5784320   t=472.549026885568   Elapsed: 180.451s (3m 00s)  94% completed  (97% total)
     Speed:     ev/sec=27756.9   simsec/sec=1.34107   ev/simsec=20697.6
     Messages:  created: 5654561   present: 12462   in FES: 138
** Event #5820160   t=475.53095893925   Elapsed: 182.455s (3m 02s)  95% completed  (97% total)
     Speed:     ev/sec=17882.8   simsec/sec=1.48787   ev/simsec=12019.1
     Messages:  created: 5680875   present: 12821   in FES: 148
** Event #5849088   t=477.543035603211   Elapsed: 184.482s (3m 04s)  95% completed  (97% total)
     Speed:     ev/sec=14271.6   simsec/sec=0.992653   ev/simsec=14377.2
     Messages:  created: 5701606   present: 13032   in FES: 137
** Event #5877760   t=480.006852341735   Elapsed: 186.484s (3m 06s)  96% completed  (98% total)
     Speed:     ev/sec=14324.3   simsec/sec=1.2309   ev/simsec=11637.2
     Messages:  created: 5721753   present: 13370   in FES: 156
** Event #5913088   t=482.542035008457   Elapsed: 188.492s (3m 08s)  96% completed  (98% total)
     Speed:     ev/sec=17589   simsec/sec=1.26221   ev/simsec=13935.1
     Messages:  created: 5746831   present: 13678   in FES: 165
** Event #5943040   t=485.015896564758   Elapsed: 190.493s (3m 10s)  97% completed  (98% total)
     Speed:     ev/sec=14968.5   simsec/sec=1.23631   ev/simsec=12107.4
     Messages:  created: 5767884   present: 8921   in FES: 174
** Event #5976320   t=487.537399263033   Elapsed: 192.505s (3m 12s)  97% completed  (98% total)
     Speed:     ev/sec=16543.3   simsec/sec=1.25342   ev/simsec=13198.5
     Messages:  created: 5791462   present: 9201   in FES: 158
** Event #6004736   t=489.582783170125   Elapsed: 194.524s (3m 14s)  97% completed  (98% total)
     Speed:     ev/sec=14074.5   simsec/sec=1.01308   ev/simsec=13892.7
     Messages:  created: 5811555   present: 4683   in FES: 162
** Event #6031360   t=491.594912985532   Elapsed: 196.55s (3m 16s)  98% completed  (99% total)
     Speed:     ev/sec=13143.4   simsec/sec=0.993322   ev/simsec=13231.8
     Messages:  created: 5830334   present: 1732   in FES: 144
** Event #6066688   t=494.538880671424   Elapsed: 198.556s (3m 18s)  98% completed  (99% total)
     Speed:     ev/sec=17605.6   simsec/sec=1.46712   ev/simsec=12000.1
     Messages:  created: 5855258   present: 2090   in FES: 142
** Event #6095360   t=496.589912535255   Elapsed: 200.562s (3m 20s)  99% completed  (99% total)
     Speed:     ev/sec=14297.8   simsec/sec=1.02278   ev/simsec=13979.3
     Messages:  created: 5875521   present: 2346   in FES: 149
** Event #6131456   t=499.542034268348   Elapsed: 202.568s (3m 22s)  99% completed  (99% total)
     Speed:     ev/sec=17990.9   simsec/sec=1.47139   ev/simsec=12227.1
     Messages:  created: 5901018   present: 2702   in FES: 146
** Event #6134415   t=500   Elapsed: 202.881s (3m 22s)  100% completed  (100% total)
     Speed:     ev/sec=9444.32   simsec/sec=1.44804   ev/simsec=6522.14
     Messages:  created: 5902927   present: 2670   in FES: 122

<!> Simulation time limit reached -- at t=500s, event #6134415
undisposed object: (omnetpp::cMessage) FanetSarNetwork.groundStation.app.debugTimer -- check module destructor
undisposed object: (omnetpp::cMessage) FanetSarNetwork.uav[0].app.debugTimer -- check module destructor
undisposed object: (omnetpp::cMessage) FanetSarNetwork.uav[1].app.debugTimer -- check module destructor
undisposed object: (omnetpp::cMessage) FanetSarNetwork.uav[2].app.debugTimer -- check module destructor
undisposed object: (omnetpp::cMessage) FanetSarNetwork.uav[3].app.debugTimer -- check module destructor
undisposed object: (omnetpp::cMessage) FanetSarNetwork.uav[4].app.debugTimer -- check module destructor
undisposed object: (omnetpp::cMessage) FanetSarNetwork.uav[5].app.debugTimer -- check module destructor
undisposed object: (omnetpp::cMessage) FanetSarNetwork.uav[6].app.debugTimer -- check module destructor
undisposed object: (omnetpp::cMessage) FanetSarNetwork.uav[7].app.debugTimer -- check module destructor
undisposed object: (omnetpp::cMessage) FanetSarNetwork.uav[8].app.debugTimer -- check module destructor
undisposed object: (omnetpp::cMessage) FanetSarNetwork.uav[9].app.debugTimer -- check module destructor
undisposed object: (omnetpp::cMessage) FanetSarNetwork.uav[10].app.debugTimer -- check module destructor
undisposed object: (omnetpp::cMessage) FanetSarNetwork.uav[11].app.debugTimer -- check module destructor
undisposed object: (omnetpp::cMessage) FanetSarNetwork.uav[12].app.debugTimer -- check module destructor
undisposed object: (omnetpp::cMessage) FanetSarNetwork.uav[13].app.debugTimer -- check module destructor
undisposed object: (omnetpp::cMessage) FanetSarNetwork.uav[14].app.debugTimer -- check module destructor
undisposed object: (omnetpp::cMessage) FanetSarNetwork.uav[15].app.debugTimer -- check module destructor
undisposed object: (omnetpp::cMessage) FanetSarNetwork.uav[16].app.debugTimer -- check module destructor
undisposed object: (omnetpp::cMessage) FanetSarNetwork.uav[17].app.debugTimer -- check module destructor
undisposed object: (omnetpp::cMessage) FanetSarNetwork.uav[18].app.debugTimer -- check module destructor
undisposed object: (omnetpp::cMessage) FanetSarNetwork.uav[19].app.debugTimer -- check module destructor
undisposed object: (omnetpp::cMessage) FanetSarNetwork.uav[20].app.debugTimer -- check module destructor
undisposed object: (omnetpp::cMessage) FanetSarNetwork.uav[21].app.debugTimer -- check module destructor
undisposed object: (omnetpp::cMessage) FanetSarNetwork.uav[22].app.debugTimer -- check module destructor
undisposed object: (omnetpp::cMessage) FanetSarNetwork.uav[23].app.debugTimer -- check module destructor
undisposed object: (omnetpp::cMessage) FanetSarNetwork.uav[24].app.debugTimer -- check module destructor
undisposed object: (omnetpp::cMessage) FanetSarNetwork.uav[25].app.debugTimer -- check module destructor
undisposed object: (omnetpp::cMessage) FanetSarNetwork.uav[26].app.debugTimer -- check module destructor
undisposed object: (omnetpp::cMessage) FanetSarNetwork.uav[27].app.debugTimer -- check module destructor
undisposed object: (omnetpp::cMessage) FanetSarNetwork.uav[28].app.debugTimer -- check module destructor
undisposed object: (omnetpp::cMessage) FanetSarNetwork.uav[29].app.debugTimer -- check module destructor
