** Event #0   t=0   Elapsed: 1.2e-05s (0m 00s)  0% completed  (0% total)
     Speed:     ev/sec=0   simsec/sec=0   ev/simsec=0
     Messages:  created: 1178   present: 1178   in FES: 186
** Event #99328   t=9.052494468602   Elapsed: 2.00227s (0m 02s)  1% completed  (0% total)
     Speed:     ev/sec=49608.5   simsec/sec=4.52115   ev/simsec=10972.6
     Messages:  created: 100356   present: 1209   in FES: 152
** Event #203008   t=21.004418398253   Elapsed: 4.00491s (0m 04s)  4% completed  (2% total)
     Speed:     ev/sec=51771.5   simsec/sec=5.96806   ev/simsec=8674.75
     Messages:  created: 202590   present: 1195   in FES: 154
** Event #297472   t=32.516826707099   Elapsed: 6.00528s (0m 06s)  6% completed  (3% total)
     Speed:     ev/sec=47223.2   simsec/sec=5.75513   ev/simsec=8205.41
     Messages:  created: 295835   present: 1350   in FES: 159
** Event #370432   t=40.017951446342   Elapsed: 8.01052s (0m 08s)  8% completed  (4% total)
     Speed:     ev/sec=36384.7   simsec/sec=3.74077   ev/simsec=9726.54
     Messages:  created: 367094   present: 1214   in FES: 153
** Event #438272   t=43.095719440194   Elapsed: 10.0119s (0m 10s)  8% completed  (4% total)
     Speed:     ev/sec=33897.4   simsec/sec=1.53786   ev/simsec=22041.9
     Messages:  created: 433256   present: 1206   in FES: 151
** Event #501248   t=45.016802127389   Elapsed: 12.0125s (0m 12s)  9% completed  (4% total)
     Speed:     ev/sec=31477.4   simsec/sec=0.960217   ev/simsec=32781.5
     Messages:  created: 493171   present: 1210   in FES: 154
** Event #568064   t=47.596370141559   Elapsed: 14.0175s (0m 14s)  9% completed  (4% total)
     Speed:     ev/sec=33325.6   simsec/sec=1.2866   ev/simsec=25902
     Messages:  created: 555104   present: 1274   in FES: 170
** Event #632064   t=49.574745569168   Elapsed: 16.0245s (0m 16s)  9% completed  (4% total)
     Speed:     ev/sec=31888.1   simsec/sec=0.985729   ev/simsec=32349.8
     Messages:  created: 614355   present: 1189   in FES: 150
** Event #697856   t=52.560907190786   Elapsed: 18.026s (0m 18s)  10% completed  (5% total)
     Speed:     ev/sec=32871.9   simsec/sec=1.49198   ev/simsec=22032.3
     Messages:  created: 673667   present: 1308   in FES: 151
** Event #763392   t=56.548777726972   Elapsed: 20.0289s (0m 20s)  11% completed  (5% total)
     Speed:     ev/sec=32719.3   simsec/sec=1.99097   ev/simsec=16433.8
     Messages:  created: 732713   present: 1176   in FES: 153
** Event #829696   t=60.555513627087   Elapsed: 22.0326s (0m 22s)  12% completed  (6% total)
     Speed:     ev/sec=33091   simsec/sec=1.99968   ev/simsec=16548.1
     Messages:  created: 791955   present: 1264   in FES: 151
** Event #893696   t=64.554808295894   Elapsed: 24.0365s (0m 24s)  12% completed  (6% total)
     Speed:     ev/sec=31938.6   simsec/sec=1.99581   ev/simsec=16002.8
     Messages:  created: 849121   present: 1244   in FES: 143
** Event #960000   t=68.555777899531   Elapsed: 26.0379s (0m 26s)  13% completed  (6% total)
     Speed:     ev/sec=33128.6   simsec/sec=1.99907   ev/simsec=16572
     Messages:  created: 908449   present: 1290   in FES: 153
** Event #1029888   t=73.010873444636   Elapsed: 28.041s (0m 28s)  14% completed  (7% total)
     Speed:     ev/sec=34889   simsec/sec=2.22404   ev/simsec=15687.2
     Messages:  created: 971986   present: 1197   in FES: 148
** Event #1097472   t=77.095719386474   Elapsed: 30.045s (0m 30s)  15% completed  (7% total)
     Speed:     ev/sec=33725.2   simsec/sec=2.03839   ev/simsec=16545.1
     Messages:  created: 1033194   present: 1200   in FES: 149
** Event #1166080   t=81.545203621175   Elapsed: 32.0489s (0m 32s)  16% completed  (8% total)
     Speed:     ev/sec=34237.2   simsec/sec=2.22041   ev/simsec=15419.3
     Messages:  created: 1094609   present: 1192   in FES: 153
** Event #1232384   t=85.554946509877   Elapsed: 34.0539s (0m 34s)  17% completed  (8% total)
     Speed:     ev/sec=33070.1   simsec/sec=1.99992   ev/simsec=16535.7
     Messages:  created: 1154784   present: 1309   in FES: 153
** Event #1298944   t=90.040156711545   Elapsed: 36.06s (0m 36s)  18% completed  (9% total)
     Speed:     ev/sec=33178.3   simsec/sec=2.23575   ev/simsec=14839.9
     Messages:  created: 1216479   present: 1212   in FES: 154
** Event #1360640   t=94.514901708286   Elapsed: 38.0649s (0m 38s)  18% completed  (9% total)
     Speed:     ev/sec=30772.2   simsec/sec=2.23188   ev/simsec=13787.6
     Messages:  created: 1277073   present: 1235   in FES: 159
** Event #1428992   t=97.527115160464   Elapsed: 40.0703s (0m 40s)  19% completed  (9% total)
     Speed:     ev/sec=34084.9   simsec/sec=1.50209   ev/simsec=22691.6
     Messages:  created: 1346436   present: 1170   in FES: 133
** Event #1500416   t=102.052445936283   Elapsed: 42.0718s (0m 42s)  20% completed  (10% total)
     Speed:     ev/sec=35684.8   simsec/sec=2.26094   ev/simsec=15783.2
     Messages:  created: 1418601   present: 1423   in FES: 184
** Event #1571584   t=108.52462776982   Elapsed: 44.0814s (0m 44s)  21% completed  (10% total)
     Speed:     ev/sec=35414.4   simsec/sec=3.22067   ev/simsec=10996
     Messages:  created: 1488355   present: 1841   in FES: 178
** Event #1642240   t=114.565973605205   Elapsed: 46.0924s (0m 46s)  22% completed  (11% total)
     Speed:     ev/sec=35133.6   simsec/sec=3.00405   ev/simsec=11695.4
     Messages:  created: 1557276   present: 2129   in FES: 216
** Event #1709312   t=120.580516794255   Elapsed: 48.0993s (0m 48s)  24% completed  (12% total)
     Speed:     ev/sec=33420.6   simsec/sec=2.99692   ev/simsec=11151.6
     Messages:  created: 1622483   present: 2672   in FES: 154
** Event #1773824   t=126.610067835319   Elapsed: 50.1038s (0m 50s)  25% completed  (12% total)
     Speed:     ev/sec=32184.2   simsec/sec=3.00807   ev/simsec=10699.3
     Messages:  created: 1684459   present: 3345   in FES: 137
** Event #1844992   t=133.010873413292   Elapsed: 52.1106s (0m 52s)  26% completed  (13% total)
     Speed:     ev/sec=35463.1   simsec/sec=3.18953   ev/simsec=11118.6
     Messages:  created: 1753766   present: 4154   in FES: 149
** Event #1914368   t=139.579980362691   Elapsed: 54.116s (0m 54s)  27% completed  (13% total)
     Speed:     ev/sec=34595.4   simsec/sec=3.27579   ev/simsec=10560.9
     Messages:  created: 1820593   present: 4954   in FES: 151
** Event #1989888   t=146.527585474482   Elapsed: 56.1234s (0m 56s)  29% completed  (14% total)
     Speed:     ev/sec=37620.6   simsec/sec=3.46098   ev/simsec=10869.9
     Messages:  created: 1893503   present: 5832   in FES: 152
** Event #2059008   t=152.552368535605   Elapsed: 58.1292s (0m 58s)  30% completed  (15% total)
     Speed:     ev/sec=34460.3   simsec/sec=3.0037   ev/simsec=11472.6
     Messages:  created: 1960721   present: 6432   in FES: 125
** Event #2131200   t=159.562519700421   Elapsed: 60.1306s (1m 00s)  31% completed  (15% total)
     Speed:     ev/sec=36069.1   simsec/sec=3.50247   ev/simsec=10298.2
     Messages:  created: 2030605   present: 7371   in FES: 153
** Event #2207744   t=166.566577008435   Elapsed: 62.1334s (1m 02s)  33% completed  (16% total)
     Speed:     ev/sec=38220.2   simsec/sec=3.49728   ev/simsec=10928.5
     Messages:  created: 2104801   present: 8112   in FES: 125
** Event #2277888   t=173.016851385441   Elapsed: 64.1377s (1m 04s)  34% completed  (17% total)
     Speed:     ev/sec=34996.4   simsec/sec=3.21818   ev/simsec=10874.6
     Messages:  created: 2172922   present: 8948   in FES: 147
** Event #2352384   t=180.062396820016   Elapsed: 66.1418s (1m 06s)  36% completed  (18% total)
     Speed:     ev/sec=37170.9   simsec/sec=3.51548   ev/simsec=10573.5
     Messages:  created: 2244618   present: 9809   in FES: 154
** Event #2424064   t=186.554502166142   Elapsed: 68.1418s (1m 08s)  37% completed  (18% total)
     Speed:     ev/sec=35839.7   simsec/sec=3.24602   ev/simsec=11041.1
     Messages:  created: 2313977   present: 10559   in FES: 140
** Event #2498048   t=193.503976738258   Elapsed: 70.1438s (1m 10s)  38% completed  (19% total)
     Speed:     ev/sec=36955.9   simsec/sec=3.47135   ev/simsec=10646
     Messages:  created: 2386095   present: 11404   in FES: 153
** Event #2569472   t=200.523822626616   Elapsed: 72.1472s (1m 12s)  40% completed  (20% total)
     Speed:     ev/sec=35651.3   simsec/sec=3.50396   ev/simsec=10174.6
     Messages:  created: 2455174   present: 12267   in FES: 154
** Event #2636288   t=204.516471157034   Elapsed: 74.1562s (1m 14s)  40% completed  (20% total)
     Speed:     ev/sec=33258.3   simsec/sec=1.98738   ev/simsec=16734.8
     Messages:  created: 2519592   present: 12774   in FES: 157
** Event #2698496   t=205.563849906915   Elapsed: 76.1646s (1m 16s)  41% completed  (20% total)
     Speed:     ev/sec=30973.5   simsec/sec=0.521492   ev/simsec=59394
     Messages:  created: 2578418   present: 13080   in FES: 174
** Event #2757888   t=207.510994075529   Elapsed: 78.17s (1m 18s)  41% completed  (20% total)
     Speed:     ev/sec=29616.4   simsec/sec=0.970962   ev/simsec=30502.1
     Messages:  created: 2633794   present: 13105   in FES: 153
** Event #2819584   t=208.599706007349   Elapsed: 80.1737s (1m 20s)  41% completed  (20% total)
     Speed:     ev/sec=30791.3   simsec/sec=0.543356   ev/simsec=56668.8
     Messages:  created: 2691267   present: 13216   in FES: 156
** Event #2883840   t=212.065035944579   Elapsed: 82.1805s (1m 22s)  42% completed  (21% total)
     Speed:     ev/sec=32019.2   simsec/sec=1.7268   ev/simsec=18542.5
     Messages:  created: 2749318   present: 13602   in FES: 137
** Event #2944000   t=215.564651638901   Elapsed: 84.187s (1m 24s)  43% completed  (21% total)
     Speed:     ev/sec=29982.8   simsec/sec=1.74416   ev/simsec=17190.5
     Messages:  created: 2802429   present: 14087   in FES: 153
** Event #3007232   t=219.050310487562   Elapsed: 86.1917s (1m 26s)  43% completed  (21% total)
     Speed:     ev/sec=31541.8   simsec/sec=1.73874   ev/simsec=18140.6
     Messages:  created: 2858882   present: 14434   in FES: 135
** Event #3072768   t=222.550944191949   Elapsed: 88.1922s (1m 28s)  44% completed  (22% total)
     Speed:     ev/sec=32758.9   simsec/sec=1.74983   ev/simsec=18721.2
     Messages:  created: 2918277   present: 14877   in FES: 146
** Event #3139072   t=226.523163355606   Elapsed: 90.1967s (1m 30s)  45% completed  (22% total)
     Speed:     ev/sec=33077.7   simsec/sec=1.98166   ev/simsec=16691.9
     Messages:  created: 2977412   present: 15443   in FES: 165
** Event #3206656   t=229.599877056505   Elapsed: 92.2027s (1m 32s)  45% completed  (22% total)
     Speed:     ev/sec=33691.5   simsec/sec=1.53378   ev/simsec=21966.3
     Messages:  created: 3039045   present: 15743   in FES: 177
** Event #3272704   t=233.559711760184   Elapsed: 94.2028s (1m 34s)  46% completed  (23% total)
     Speed:     ev/sec=33021.7   simsec/sec=1.97978   ev/simsec=16679.5
     Messages:  created: 3098426   present: 16348   in FES: 181
** Event #3335936   t=237.040844385675   Elapsed: 96.2062s (1m 36s)  47% completed  (23% total)
     Speed:     ev/sec=31562.4   simsec/sec=1.73761   ev/simsec=18164.2
     Messages:  created: 3154888   present: 8930   in FES: 139
** Event #3393024   t=239.573674688771   Elapsed: 98.2136s (1m 38s)  47% completed  (23% total)
     Speed:     ev/sec=28439.4   simsec/sec=1.26177   ev/simsec=22539.2
     Messages:  created: 3205819   present: 1638   in FES: 171
** Event #3457536   t=243.542311807331   Elapsed: 100.229s (1m 40s)  48% completed  (24% total)
     Speed:     ev/sec=32013.9   simsec/sec=1.96942   ev/simsec=16255.5
     Messages:  created: 3263715   present: 1977   in FES: 153
** Event #3519744   t=246.556551124411   Elapsed: 102.231s (1m 42s)  49% completed  (24% total)
     Speed:     ev/sec=31071.1   simsec/sec=1.50553   ev/simsec=20638
     Messages:  created: 3319551   present: 2420   in FES: 148
** Event #3580672   t=250.015877169178   Elapsed: 104.231s (1m 44s)  50% completed  (25% total)
     Speed:     ev/sec=30462.4   simsec/sec=1.72957   ev/simsec=17612.7
     Messages:  created: 3374034   present: 2751   in FES: 138
** Event #3643648   t=253.564236568225   Elapsed: 106.235s (1m 46s)  50% completed  (25% total)
     Speed:     ev/sec=31425.9   simsec/sec=1.77068   ev/simsec=17747.9
     Messages:  created: 3430279   present: 3244   in FES: 153
** Event #3702272   t=256.572748560266   Elapsed: 108.236s (1m 48s)  51% completed  (25% total)
     Speed:     ev/sec=29290.9   simsec/sec=1.50317   ev/simsec=19486
     Messages:  created: 3482142   present: 3638   in FES: 149
** Event #3763968   t=260.006230256986   Elapsed: 110.238s (1m 50s)  52% completed  (26% total)
     Speed:     ev/sec=30825.2   simsec/sec=1.71547   ev/simsec=17968.9
     Messages:  created: 3537400   present: 3906   in FES: 123
** Event #3824384   t=263.141766195418   Elapsed: 112.239s (1m 52s)  52% completed  (26% total)
     Speed:     ev/sec=30191.2   simsec/sec=1.5669   ev/simsec=19268.2
     Messages:  created: 3590926   present: 4274   in FES: 123
** Event #3889408   t=266.554937091501   Elapsed: 114.244s (1m 54s)  53% completed  (26% total)
     Speed:     ev/sec=32429.5   simsec/sec=1.70225   ev/simsec=19050.9
     Messages:  created: 3649385   present: 4923   in FES: 181
** Event #3954688   t=270.525349936807   Elapsed: 116.253s (1m 56s)  54% completed  (27% total)
     Speed:     ev/sec=32490.3   simsec/sec=1.9761   ev/simsec=16441.6
     Messages:  created: 3707700   present: 5277   in FES: 153
** Event #4012800   t=273.568835917039   Elapsed: 118.255s (1m 58s)  54% completed  (27% total)
     Speed:     ev/sec=29024.3   simsec/sec=1.52008   ev/simsec=19093.9
     Messages:  created: 3760700   present: 5629   in FES: 139
** Event #4074496   t=277.599191643233   Elapsed: 120.256s (2m 00s)  55% completed  (27% total)
     Speed:     ev/sec=30843.6   simsec/sec=2.01489   ev/simsec=15307.8
     Messages:  created: 3819247   present: 6104   in FES: 154
** Event #4138496   t=281.512516470821   Elapsed: 122.256s (2m 02s)  56% completed  (28% total)
     Speed:     ev/sec=31996.7   simsec/sec=1.95646   ev/simsec=16354.4
     Messages:  created: 3882518   present: 6543   in FES: 138
** Event #4201728   t=283.572992562354   Elapsed: 124.256s (2m 04s)  56% completed  (28% total)
     Speed:     ev/sec=31607.1   simsec/sec=1.02995   ev/simsec=30688.1
     Messages:  created: 3946602   present: 6891   in FES: 154
** Event #4266240   t=286.607462904819   Elapsed: 126.264s (2m 06s)  57% completed  (28% total)
     Speed:     ev/sec=32132   simsec/sec=1.5114   ev/simsec=21259.7
     Messages:  created: 4010452   present: 7129   in FES: 138
** Event #4331776   t=291.602501764381   Elapsed: 128.265s (2m 08s)  58% completed  (29% total)
     Speed:     ev/sec=32748.6   simsec/sec=2.49604   ev/simsec=13120.2
     Messages:  created: 4073411   present: 7766   in FES: 156
** Event #4403712   t=297.552916273463   Elapsed: 130.273s (2m 10s)  59% completed  (29% total)
     Speed:     ev/sec=35836.5   simsec/sec=2.96433   ev/simsec=12089.2
     Messages:  created: 4143372   present: 8518   in FES: 153
** Event #4470272   t=302.52354108081   Elapsed: 132.273s (2m 12s)  60% completed  (30% total)
     Speed:     ev/sec=33271.7   simsec/sec=2.48469   ev/simsec=13390.7
     Messages:  created: 4208241   present: 9322   in FES: 214
** Event #4537600   t=307.602319665921   Elapsed: 134.275s (2m 14s)  61% completed  (30% total)
     Speed:     ev/sec=33639.4   simsec/sec=2.53753   ev/simsec=13256.7
     Messages:  created: 4274413   present: 9817   in FES: 185
** Event #4606464   t=313.553713244866   Elapsed: 136.283s (2m 16s)  62% completed  (31% total)
     Speed:     ev/sec=34290.5   simsec/sec=2.96347   ev/simsec=11571.1
     Messages:  created: 4340888   present: 10451   in FES: 154
** Event #4675328   t=318.58603964672   Elapsed: 138.289s (2m 18s)  63% completed  (31% total)
     Speed:     ev/sec=34327   simsec/sec=2.50849   ev/simsec=13684.3
     Messages:  created: 4408681   present: 11119   in FES: 175
** Event #4748800   t=325.086683047178   Elapsed: 140.29s (2m 20s)  65% completed  (32% total)
     Speed:     ev/sec=36725.5   simsec/sec=3.24939   ev/simsec=11302.3
     Messages:  created: 4479645   present: 11784   in FES: 148
** Event #4821760   t=330.582761700693   Elapsed: 142.291s (2m 22s)  66% completed  (33% total)
     Speed:     ev/sec=36457.9   simsec/sec=2.74637   ev/simsec=13274.9
     Messages:  created: 4551454   present: 12524   in FES: 185
** Event #4892928   t=336.580381253959   Elapsed: 144.294s (2m 24s)  67% completed  (33% total)
     Speed:     ev/sec=35529.9   simsec/sec=2.99425   ev/simsec=11866
     Messages:  created: 4620198   present: 13172   in FES: 150
** Event #4964864   t=342.516802864455   Elapsed: 146.301s (2m 26s)  68% completed  (34% total)
     Speed:     ev/sec=35848   simsec/sec=2.9583   ev/simsec=12117.7
     Messages:  created: 4690192   present: 13927   in FES: 154
** Event #5028096   t=346.517577894664   Elapsed: 148.301s (2m 28s)  69% completed  (34% total)
     Speed:     ev/sec=31610.9   simsec/sec=2.00007   ev/simsec=15804.9
     Messages:  created: 4751684   present: 14359   in FES: 141
** Event #5086464   t=348.564565692559   Elapsed: 150.302s (2m 30s)  69% completed  (34% total)
     Speed:     ev/sec=29165.2   simsec/sec=1.02283   ev/simsec=28514.1
     Messages:  created: 4808754   present: 14645   in FES: 158
** Event #5145344   t=350.511033648078   Elapsed: 152.309s (2m 32s)  70% completed  (35% total)
     Speed:     ev/sec=29339.4   simsec/sec=0.969909   ev/simsec=30249.7
     Messages:  created: 4863482   present: 14936   in FES: 156
** Event #5202432   t=351.528483043118   Elapsed: 154.315s (2m 34s)  70% completed  (35% total)
     Speed:     ev/sec=28460.6   simsec/sec=0.507238   ev/simsec=56108.9
     Messages:  created: 4916723   present: 15112   in FES: 154
** Event #5264896   t=353.512049000473   Elapsed: 156.322s (2m 36s)  70% completed  (35% total)
     Speed:     ev/sec=31125.1   simsec/sec=0.988387   ev/simsec=31490.8
     Messages:  created: 4972627   present: 15234   in FES: 150
** Event #5326336   t=356.603767703601   Elapsed: 158.323s (2m 38s)  71% completed  (35% total)
     Speed:     ev/sec=30707.1   simsec/sec=1.54521   ev/simsec=19872.4
     Messages:  created: 5028323   present: 15752   in FES: 200
** Event #5389824   t=360.541114314331   Elapsed: 160.325s (2m 40s)  72% completed  (36% total)
     Speed:     ev/sec=31710.5   simsec/sec=1.96659   ev/simsec=16124.6
     Messages:  created: 5085164   present: 16092   in FES: 176
** Event #5448448   t=364.017370725596   Elapsed: 162.328s (2m 42s)  72% completed  (36% total)
     Speed:     ev/sec=29270.8   simsec/sec=1.73569   ev/simsec=16864.1
     Messages:  created: 5137801   present: 14447   in FES: 173
** Event #5510144   t=367.531681842267   Elapsed: 164.33s (2m 44s)  73% completed  (36% total)
     Speed:     ev/sec=30803.2   simsec/sec=1.7546   ev/simsec=17555.6
     Messages:  created: 5193948   present: 3117   in FES: 157
** Event #5571072   t=371.050309087418   Elapsed: 166.339s (2m 46s)  74% completed  (37% total)
     Speed:     ev/sec=30331.9   simsec/sec=1.75168   ev/simsec=17315.8
     Messages:  created: 5248622   present: 1904   in FES: 152
** Event #5631744   t=374.542255464924   Elapsed: 168.343s (2m 48s)  74% completed  (37% total)
     Speed:     ev/sec=30280.3   simsec/sec=1.74277   ev/simsec=17374.8
     Messages:  created: 5302219   present: 2383   in FES: 166
** Event #5691904   t=377.522658267872   Elapsed: 170.345s (2m 50s)  75% completed  (37% total)
     Speed:     ev/sec=30044.3   simsec/sec=1.48843   ev/simsec=20185.2
     Messages:  created: 5357148   present: 2657   in FES: 133
** Event #5751040   t=380.600082442224   Elapsed: 172.354s (2m 52s)  76% completed  (38% total)
     Speed:     ev/sec=29438.9   simsec/sec=1.53199   ev/simsec=19216.1
     Messages:  created: 5409913   present: 3078   in FES: 153
** Event #5811200   t=384.094951947583   Elapsed: 174.358s (2m 54s)  76% completed  (38% total)
     Speed:     ev/sec=30015.1   simsec/sec=1.74366   ev/simsec=17213.8
     Messages:  created: 5464627   present: 3436   in FES: 143
** Event #5871104   t=387.524886755064   Elapsed: 176.358s (2m 56s)  77% completed  (38% total)
     Speed:     ev/sec=29949.8   simsec/sec=1.71484   ev/simsec=17465.1
     Messages:  created: 5519031   present: 3883   in FES: 153
** Event #5929728   t=390.600384492235   Elapsed: 178.361s (2m 58s)  78% completed  (39% total)
     Speed:     ev/sec=29273.7   simsec/sec=1.53574   ev/simsec=19061.6
     Messages:  created: 5571873   present: 4257   in FES: 153
** Event #5990144   t=393.609390856309   Elapsed: 180.362s (3m 00s)  78% completed  (39% total)
     Speed:     ev/sec=30197   simsec/sec=1.50396   ev/simsec=20078.4
     Messages:  created: 5627564   present: 4614   in FES: 159
** Event #6052864   t=397.004470112544   Elapsed: 182.365s (3m 02s)  79% completed  (39% total)
     Speed:     ev/sec=31303.1   simsec/sec=1.69446   ev/simsec=18473.8
     Messages:  created: 5684096   present: 5002   in FES: 148
** Event #6113536   t=400.540637546132   Elapsed: 184.366s (3m 04s)  80% completed  (40% total)
     Speed:     ev/sec=30333.4   simsec/sec=1.76793   ev/simsec=17157.6
     Messages:  created: 5738468   present: 5447   in FES: 148
** Event #6173952   t=403.608979408516   Elapsed: 186.377s (3m 06s)  80% completed  (40% total)
     Speed:     ev/sec=30030.9   simsec/sec=1.52518   ev/simsec=19690.1
     Messages:  created: 5793001   present: 5813   in FES: 161
** Event #6234624   t=406.596060337803   Elapsed: 188.381s (3m 08s)  81% completed  (40% total)
     Speed:     ev/sec=30275.2   simsec/sec=1.49055   ev/simsec=20311.5
     Messages:  created: 5847169   present: 6126   in FES: 153
** Event #6293760   t=409.567792150571   Elapsed: 190.385s (3m 10s)  81% completed  (40% total)
     Speed:     ev/sec=29510.5   simsec/sec=1.48298   ev/simsec=19899.5
     Messages:  created: 5900506   present: 6574   in FES: 152
** Event #6350336   t=412.532803931174   Elapsed: 192.387s (3m 12s)  82% completed  (41% total)
     Speed:     ev/sec=28258.5   simsec/sec=1.48096   ev/simsec=19081.2
     Messages:  created: 5950093   present: 6891   in FES: 159
** Event #6411776   t=415.528458366306   Elapsed: 194.401s (3m 14s)  83% completed  (41% total)
     Speed:     ev/sec=30508.2   simsec/sec=1.4875   ev/simsec=20509.7
     Messages:  created: 6005312   present: 7291   in FES: 153
** Event #6471168   t=418.5210075156   Elapsed: 196.403s (3m 16s)  83% completed  (41% total)
     Speed:     ev/sec=29668.3   simsec/sec=1.49488   ev/simsec=19846.6
     Messages:  created: 6058637   present: 7681   in FES: 179
** Event #6528000   t=420.527045184842   Elapsed: 198.411s (3m 18s)  84% completed  (42% total)
     Speed:     ev/sec=28299.6   simsec/sec=0.99891   ev/simsec=28330.5
     Messages:  created: 6109973   present: 7932   in FES: 151
** Event #6584064   t=422.567816672144   Elapsed: 200.415s (3m 20s)  84% completed  (42% total)
     Speed:     ev/sec=27977.7   simsec/sec=1.01841   ev/simsec=27472
     Messages:  created: 6160998   present: 8127   in FES: 143
** Event #6635008   t=424.558690759977   Elapsed: 202.417s (3m 22s)  84% completed  (42% total)
     Speed:     ev/sec=25450.2   simsec/sec=0.994586   ev/simsec=25588.8
     Messages:  created: 6208183   present: 8281   in FES: 133
** Event #6688256   t=427.518994585432   Elapsed: 204.422s (3m 24s)  85% completed  (42% total)
     Speed:     ev/sec=26553.9   simsec/sec=1.47625   ev/simsec=17987.3
     Messages:  created: 6257885   present: 8673   in FES: 149
** Event #6740224   t=429.534466070435   Elapsed: 206.424s (3m 26s)  85% completed  (42% total)
     Speed:     ev/sec=25962.2   simsec/sec=1.00689   ev/simsec=25784.5
     Messages:  created: 6307693   present: 8938   in FES: 147
** Event #6794240   t=430.567814366449   Elapsed: 208.429s (3m 28s)  86% completed  (43% total)
     Speed:     ev/sec=26942   simsec/sec=0.515412   ev/simsec=52272.8
     Messages:  created: 6360301   present: 9350   in FES: 257
** Event #6852864   t=432.543910942676   Elapsed: 210.433s (3m 30s)  86% completed  (43% total)
     Speed:     ev/sec=29248.3   simsec/sec=0.985901   ev/simsec=29666.6
     Messages:  created: 6417040   present: 9339   in FES: 186
** Event #6911488   t=434.04100188552   Elapsed: 212.437s (3m 32s)  86% completed  (43% total)
     Speed:     ev/sec=29254.2   simsec/sec=0.747069   ev/simsec=39158.6
     Messages:  created: 6472779   present: 9469   in FES: 154
** Event #6969088   t=436.52847938658   Elapsed: 214.444s (3m 34s)  87% completed  (43% total)
     Speed:     ev/sec=28708.8   simsec/sec=1.2398   ev/simsec=23156
     Messages:  created: 6525794   present: 9769   in FES: 153
** Event #7027712   t=438.542849215288   Elapsed: 216.452s (3m 36s)  87% completed  (43% total)
     Speed:     ev/sec=29188   simsec/sec=1.00292   ev/simsec=29102.9
     Messages:  created: 6579697   present: 9978   in FES: 153
** Event #7086080   t=440.603100464857   Elapsed: 218.456s (3m 38s)  88% completed  (44% total)
     Speed:     ev/sec=29128.6   simsec/sec=1.02817   ev/simsec=28330.5
     Messages:  created: 6632944   present: 10267   in FES: 154
** Event #7144448   t=443.040203712456   Elapsed: 220.458s (3m 40s)  88% completed  (44% total)
     Speed:     ev/sec=29157.8   simsec/sec=1.21746   ev/simsec=23949.7
     Messages:  created: 6685333   present: 10538   in FES: 151
** Event #7209472   t=446.546000874504   Elapsed: 222.468s (3m 42s)  89% completed  (44% total)
     Speed:     ev/sec=32350.6   simsec/sec=1.7442   ev/simsec=18547.6
     Messages:  created: 6742437   present: 10981   in FES: 154
** Event #7270912   t=448.600692326538   Elapsed: 224.468s (3m 44s)  89% completed  (44% total)
     Speed:     ev/sec=30706.5   simsec/sec=1.02689   ev/simsec=29902.3
     Messages:  created: 6798501   present: 11207   in FES: 151
** Event #7335168   t=452.09495459408   Elapsed: 226.471s (3m 46s)  90% completed  (45% total)
     Speed:     ev/sec=32086   simsec/sec=1.74485   ev/simsec=18389
     Messages:  created: 6855685   present: 11584   in FES: 139
** Event #7398912   t=455.03761290005   Elapsed: 228.476s (3m 48s)  91% completed  (45% total)
     Speed:     ev/sec=31795.4   simsec/sec=1.46779   ev/simsec=21662
     Messages:  created: 6912489   present: 11948   in FES: 143
** Event #7462912   t=458.521522880128   Elapsed: 230.476s (3m 50s)  91% completed  (45% total)
     Speed:     ev/sec=31995.7   simsec/sec=1.74172   ev/simsec=18370.2
     Messages:  created: 6969060   present: 12419   in FES: 151
** Event #7521792   t=460.599914822188   Elapsed: 232.481s (3m 52s)  92% completed  (46% total)
     Speed:     ev/sec=29372.7   simsec/sec=1.03682   ev/simsec=28329.6
     Messages:  created: 7022181   present: 12654   in FES: 160
** Event #7583232   t=463.567454870761   Elapsed: 234.488s (3m 54s)  92% completed  (46% total)
     Speed:     ev/sec=30607.9   simsec/sec=1.47835   ev/simsec=20704
     Messages:  created: 7077017   present: 13001   in FES: 146
** Event #7641344   t=466.566748169529   Elapsed: 236.492s (3m 56s)  93% completed  (46% total)
     Speed:     ev/sec=28996.6   simsec/sec=1.49658   ev/simsec=19375.2
     Messages:  created: 7128803   present: 13447   in FES: 169
** Event #7704832   t=469.568112320444   Elapsed: 238.494s (3m 58s)  93% completed  (46% total)
     Speed:     ev/sec=31711.2   simsec/sec=1.49913   ev/simsec=21153
     Messages:  created: 7185791   present: 13779   in FES: 152
** Event #7769600   t=472.567974624157   Elapsed: 240.498s (4m 00s)  94% completed  (47% total)
     Speed:     ev/sec=32320.6   simsec/sec=1.49699   ev/simsec=21590.3
     Messages:  created: 7243433   present: 14161   in FES: 148
** Event #7831552   t=475.560361517288   Elapsed: 242.506s (4m 02s)  95% completed  (47% total)
     Speed:     ev/sec=30859.5   simsec/sec=1.49057   ev/simsec=20703.2
     Messages:  created: 7299568   present: 14485   in FES: 152
** Event #7894784   t=478.567901601874   Elapsed: 244.508s (4m 04s)  95% completed  (47% total)
     Speed:     ev/sec=31575.4   simsec/sec=1.50184   ev/simsec=21024.5
     Messages:  created: 7355813   present: 14865   in FES: 151
** Event #7956480   t=481.569754952311   Elapsed: 246.515s (4m 06s)  96% completed  (48% total)
     Speed:     ev/sec=30745.8   simsec/sec=1.49595   ev/simsec=20552.6
     Messages:  created: 7411580   present: 15297   in FES: 186
** Event #8016128   t=484.556048018788   Elapsed: 248.52s (4m 08s)  96% completed  (48% total)
     Speed:     ev/sec=29743.7   simsec/sec=1.48913   ev/simsec=19973.9
     Messages:  created: 7464957   present: 15623   in FES: 172
** Event #8076288   t=487.531587185388   Elapsed: 250.522s (4m 10s)  97% completed  (48% total)
     Speed:     ev/sec=30051.4   simsec/sec=1.48636   ev/simsec=20218.2
     Messages:  created: 7518442   present: 15871   in FES: 170
** Event #8138752   t=490.566687851654   Elapsed: 252.533s (4m 12s)  98% completed  (49% total)
     Speed:     ev/sec=31072.5   simsec/sec=1.5098   ev/simsec=20580.5
     Messages:  created: 7575683   present: 15863   in FES: 187
** Event #8195584   t=493.153178526321   Elapsed: 254.535s (4m 14s)  98% completed  (49% total)
     Speed:     ev/sec=28379.3   simsec/sec=1.29157   ev/simsec=21972.6
     Messages:  created: 7626886   present: 11890   in FES: 144
** Event #8250368   t=495.56186883939   Elapsed: 256.546s (4m 16s)  99% completed  (49% total)
     Speed:     ev/sec=27245.1   simsec/sec=1.19789   ev/simsec=22744.3
     Messages:  created: 7676928   present: 5110   in FES: 161
** Event #8308480   t=498.567325740727   Elapsed: 258.549s (4m 18s)  99% completed  (49% total)
     Speed:     ev/sec=29015.8   simsec/sec=1.50065   ev/simsec=19335.5
     Messages:  created: 7729616   present: 1838   in FES: 160
** Event #8337726   t=500   Elapsed: 259.406s (4m 19s)  100% completed  (50% total)
     Speed:     ev/sec=34112   simsec/sec=1.65174   ev/simsec=20652.2
     Messages:  created: 7756101   present: 1860   in FES: 122

<!> Simulation time limit reached -- at t=500s, event #8337726
undisposed object: (omnetpp::cMessage) FanetSarNetwork.groundStation.app.debugTimer -- check module destructor
undisposed object: (omnetpp::cMessage) FanetSarNetwork.uav[0].app.debugTimer -- check module destructor
undisposed object: (omnetpp::cMessage) FanetSarNetwork.uav[1].app.debugTimer -- check module destructor
undisposed object: (omnetpp::cMessage) FanetSarNetwork.uav[2].app.debugTimer -- check module destructor
undisposed object: (omnetpp::cMessage) FanetSarNetwork.uav[3].app.debugTimer -- check module destructor
undisposed object: (omnetpp::cMessage) FanetSarNetwork.uav[4].app.debugTimer -- check module destructor
undisposed object: (omnetpp::cMessage) FanetSarNetwork.uav[5].app.debugTimer -- check module destructor
undisposed object: (omnetpp::cMessage) FanetSarNetwork.uav[6].app.debugTimer -- check module destructor
undisposed object: (omnetpp::cMessage) FanetSarNetwork.uav[7].app.debugTimer -- check module destructor
undisposed object: (omnetpp::cMessage) FanetSarNetwork.uav[8].app.debugTimer -- check module destructor
undisposed object: (omnetpp::cMessage) FanetSarNetwork.uav[9].app.debugTimer -- check module destructor
undisposed object: (omnetpp::cMessage) FanetSarNetwork.uav[10].app.debugTimer -- check module destructor
undisposed object: (omnetpp::cMessage) FanetSarNetwork.uav[11].app.debugTimer -- check module destructor
undisposed object: (omnetpp::cMessage) FanetSarNetwork.uav[12].app.debugTimer -- check module destructor
undisposed object: (omnetpp::cMessage) FanetSarNetwork.uav[13].app.debugTimer -- check module destructor
undisposed object: (omnetpp::cMessage) FanetSarNetwork.uav[14].app.debugTimer -- check module destructor
undisposed object: (omnetpp::cMessage) FanetSarNetwork.uav[15].app.debugTimer -- check module destructor
undisposed object: (omnetpp::cMessage) FanetSarNetwork.uav[16].app.debugTimer -- check module destructor
undisposed object: (omnetpp::cMessage) FanetSarNetwork.uav[17].app.debugTimer -- check module destructor
undisposed object: (omnetpp::cMessage) FanetSarNetwork.uav[18].app.debugTimer -- check module destructor
undisposed object: (omnetpp::cMessage) FanetSarNetwork.uav[19].app.debugTimer -- check module destructor
undisposed object: (omnetpp::cMessage) FanetSarNetwork.uav[20].app.debugTimer -- check module destructor
undisposed object: (omnetpp::cMessage) FanetSarNetwork.uav[21].app.debugTimer -- check module destructor
undisposed object: (omnetpp::cMessage) FanetSarNetwork.uav[22].app.debugTimer -- check module destructor
undisposed object: (omnetpp::cMessage) FanetSarNetwork.uav[23].app.debugTimer -- check module destructor
undisposed object: (omnetpp::cMessage) FanetSarNetwork.uav[24].app.debugTimer -- check module destructor
undisposed object: (omnetpp::cMessage) FanetSarNetwork.uav[25].app.debugTimer -- check module destructor
undisposed object: (omnetpp::cMessage) FanetSarNetwork.uav[26].app.debugTimer -- check module destructor
undisposed object: (omnetpp::cMessage) FanetSarNetwork.uav[27].app.debugTimer -- check module destructor
undisposed object: (omnetpp::cMessage) FanetSarNetwork.uav[28].app.debugTimer -- check module destructor
undisposed object: (omnetpp::cMessage) FanetSarNetwork.uav[29].app.debugTimer -- check module destructor
