** Event #0   t=0   Elapsed: 2.8e-05s (0m 00s)  0% completed  (0% total)
     Speed:     ev/sec=0   simsec/sec=0   ev/simsec=0
     Messages:  created: 1178   present: 1178   in FES: 186
** Event #86528   t=4.528166259397   Elapsed: 2.00005s (0m 02s)  0% completed  (0% total)
     Speed:     ev/sec=43263.9   simsec/sec=2.26405   ev/simsec=19109.1
     Messages:  created: 81178   present: 1438   in FES: 185
** Event #180992   t=12.2   Elapsed: 4.00124s (0m 04s)  2% completed  (1% total)
     Speed:     ev/sec=47203.9   simsec/sec=3.83363   ev/simsec=12313.1
     Messages:  created: 166738   present: 1116   in FES: 122
** Event #253952   t=16.530343569382   Elapsed: 6.0089s (0m 06s)  3% completed  (1% total)
     Speed:     ev/sec=36340.8   simsec/sec=2.15691   ev/simsec=16848.5
     Messages:  created: 235189   present: 1341   in FES: 143
** Event #322048   t=20.533860411955   Elapsed: 8.01158s (0m 08s)  4% completed  (2% total)
     Speed:     ev/sec=34002.4   simsec/sec=1.99908   ev/simsec=17009
     Messages:  created: 298474   present: 1373   in FES: 160
** Event #387840   t=24.534982938123   Elapsed: 10.0156s (0m 10s)  4% completed  (2% total)
     Speed:     ev/sec=32829.7   simsec/sec=1.99653   ev/simsec=16443.4
     Messages:  created: 358878   present: 1391   in FES: 155
** Event #455424   t=28.548315608365   Elapsed: 12.0196s (0m 12s)  5% completed  (2% total)
     Speed:     ev/sec=33724.8   simsec/sec=2.00267   ev/simsec=16839.9
     Messages:  created: 421526   present: 1450   in FES: 188
** Event #520960   t=32.55397743407   Elapsed: 14.0346s (0m 14s)  6% completed  (3% total)
     Speed:     ev/sec=32523.6   simsec/sec=1.98789   ev/simsec=16360.8
     Messages:  created: 482603   present: 1284   in FES: 143
** Event #583424   t=36.558405703376   Elapsed: 16.0404s (0m 16s)  7% completed  (3% total)
     Speed:     ev/sec=31142.1   simsec/sec=1.99645   ev/simsec=15598.7
     Messages:  created: 540524   present: 1329   in FES: 151
** Event #650752   t=41.054018745873   Elapsed: 18.0457s (0m 18s)  8% completed  (4% total)
     Speed:     ev/sec=33575.5   simsec/sec=2.2419   ev/simsec=14976.4
     Messages:  created: 603118   present: 1207   in FES: 152
** Event #720384   t=46.585110964222   Elapsed: 20.046s (0m 20s)  9% completed  (4% total)
     Speed:     ev/sec=34810.2   simsec/sec=2.76508   ev/simsec=12589.2
     Messages:  created: 669655   present: 1220   in FES: 154
** Event #787456   t=50.529337707361   Elapsed: 22.0509s (0m 22s)  10% completed  (5% total)
     Speed:     ev/sec=33454.7   simsec/sec=1.96733   ev/simsec=17005.1
     Messages:  created: 736571   present: 1227   in FES: 157
** Event #856832   t=53.020330800413   Elapsed: 24.058s (0m 24s)  10% completed  (5% total)
     Speed:     ev/sec=34565.8   simsec/sec=1.24111   ev/simsec=27850.7
     Messages:  created: 806088   present: 1205   in FES: 154
** Event #924672   t=55.030426461815   Elapsed: 26.0632s (0m 26s)  11% completed  (5% total)
     Speed:     ev/sec=33832   simsec/sec=1.00244   ev/simsec=33749.6
     Messages:  created: 869973   present: 1202   in FES: 154
** Event #993280   t=57.03007756689   Elapsed: 28.0657s (0m 28s)  11% completed  (5% total)
     Speed:     ev/sec=34261   simsec/sec=0.998572   ev/simsec=34310
     Messages:  created: 933476   present: 1153   in FES: 132
** Event #1062912   t=60.571855100296   Elapsed: 30.0764s (0m 30s)  12% completed  (6% total)
     Speed:     ev/sec=34630   simsec/sec=1.76143   ev/simsec=19660.2
     Messages:  created: 995802   present: 1200   in FES: 150
** Event #1131008   t=64.517108331494   Elapsed: 32.0785s (0m 32s)  12% completed  (6% total)
     Speed:     ev/sec=34012.8   simsec/sec=1.97059   ev/simsec=17260.2
     Messages:  created: 1056927   present: 1304   in FES: 154
** Event #1199872   t=68.070020344932   Elapsed: 34.0837s (0m 34s)  13% completed  (6% total)
     Speed:     ev/sec=34343.1   simsec/sec=1.77187   ev/simsec=19382.4
     Messages:  created: 1117788   present: 1189   in FES: 144
** Event #1267712   t=71.538820150228   Elapsed: 36.0908s (0m 36s)  14% completed  (7% total)
     Speed:     ev/sec=33798.8   simsec/sec=1.7282   ev/simsec=19557.2
     Messages:  created: 1178271   present: 1255   in FES: 169
** Event #1335040   t=75.522785484422   Elapsed: 38.0947s (0m 38s)  15% completed  (7% total)
     Speed:     ev/sec=33599.3   simsec/sec=1.98816   ev/simsec=16899.7
     Messages:  created: 1239059   present: 1233   in FES: 153
** Event #1399808   t=78.035293275135   Elapsed: 40.1019s (0m 40s)  15% completed  (7% total)
     Speed:     ev/sec=32267.4   simsec/sec=1.25173   ev/simsec=25778.2
     Messages:  created: 1299336   present: 1213   in FES: 152
** Event #1468672   t=81.580369721151   Elapsed: 42.1081s (0m 42s)  16% completed  (8% total)
     Speed:     ev/sec=34325.9   simsec/sec=1.76708   ev/simsec=19425.3
     Messages:  created: 1361276   present: 1192   in FES: 140
** Event #1535488   t=85.00796760772   Elapsed: 44.1108s (0m 44s)  17% completed  (8% total)
     Speed:     ev/sec=33363.7   simsec/sec=1.71153   ev/simsec=19493.5
     Messages:  created: 1422216   present: 1189   in FES: 146
** Event #1602816   t=88.535539064128   Elapsed: 46.1166s (0m 46s)  17% completed  (8% total)
     Speed:     ev/sec=33566.6   simsec/sec=1.75868   ev/simsec=19086.2
     Messages:  created: 1482702   present: 1336   in FES: 154
** Event #1669376   t=92.50355236484   Elapsed: 48.1171s (0m 48s)  18% completed  (9% total)
     Speed:     ev/sec=33270.4   simsec/sec=1.98343   ev/simsec=16774.1
     Messages:  created: 1541687   present: 1239   in FES: 153
** Event #1733632   t=95.523299684909   Elapsed: 50.1197s (0m 50s)  19% completed  (9% total)
     Speed:     ev/sec=32087.3   simsec/sec=1.50796   ev/simsec=21278.6
     Messages:  created: 1600771   present: 1189   in FES: 145
** Event #1800192   t=97.584025438357   Elapsed: 52.1259s (0m 52s)  19% completed  (9% total)
     Speed:     ev/sec=33177.4   simsec/sec=1.02719   ev/simsec=32299.3
     Messages:  created: 1661456   present: 1245   in FES: 154
** Event #1862400   t=100.587547383867   Elapsed: 54.1283s (0m 54s)  20% completed  (10% total)
     Speed:     ev/sec=31066.2   simsec/sec=1.49994   ev/simsec=20711.7
     Messages:  created: 1718036   present: 1285   in FES: 154
** Event #1925632   t=104.529086657401   Elapsed: 56.1309s (0m 56s)  20% completed  (10% total)
     Speed:     ev/sec=31575.2   simsec/sec=1.96823   ev/simsec=16042.5
     Messages:  created: 1774129   present: 1946   in FES: 230
** Event #1987840   t=107.539796168306   Elapsed: 58.133s (0m 58s)  21% completed  (10% total)
     Speed:     ev/sec=31070.4   simsec/sec=1.50373   ev/simsec=20662.2
     Messages:  created: 1828909   present: 2274   in FES: 208
** Event #2052864   t=111.019221759718   Elapsed: 60.134s (1m 00s)  22% completed  (11% total)
     Speed:     ev/sec=32495.8   simsec/sec=1.73884   ev/simsec=18688.1
     Messages:  created: 1886755   present: 1523   in FES: 153
** Event #2115328   t=113.070019734542   Elapsed: 62.1342s (1m 02s)  22% completed  (11% total)
     Speed:     ev/sec=31229.8   simsec/sec=1.02533   ev/simsec=30458.4
     Messages:  created: 1943704   present: 1763   in FES: 148
** Event #2177792   t=116.532752247576   Elapsed: 64.1371s (1m 04s)  23% completed  (11% total)
     Speed:     ev/sec=31185.8   simsec/sec=1.72881   ev/simsec=18038.9
     Messages:  created: 1998862   present: 2375   in FES: 179
** Event #2237952   t=119.536108400837   Elapsed: 66.1418s (1m 06s)  23% completed  (11% total)
     Speed:     ev/sec=30009.9   simsec/sec=1.49818   ev/simsec=20030.9
     Messages:  created: 2051344   present: 2628   in FES: 145
** Event #2298112   t=122.535292895147   Elapsed: 68.1547s (1m 08s)  24% completed  (12% total)
     Speed:     ev/sec=29887.9   simsec/sec=1.49001   ev/simsec=20058.8
     Messages:  created: 2104713   present: 2939   in FES: 153
** Event #2360576   t=125.080806760209   Elapsed: 70.1577s (1m 10s)  25% completed  (12% total)
     Speed:     ev/sec=31184.5   simsec/sec=1.27082   ev/simsec=24538.9
     Messages:  created: 2161388   present: 3202   in FES: 149
** Event #2422272   t=128.532559438471   Elapsed: 72.1657s (1m 12s)  25% completed  (12% total)
     Speed:     ev/sec=30724.7   simsec/sec=1.71898   ev/simsec=17873.8
     Messages:  created: 2216843   present: 3829   in FES: 185
** Event #2482176   t=131.534150916837   Elapsed: 74.1665s (1m 14s)  26% completed  (13% total)
     Speed:     ev/sec=29940.8   simsec/sec=1.50023   ev/simsec=19957.4
     Messages:  created: 2269094   present: 4082   in FES: 151
** Event #2543360   t=134.534367167512   Elapsed: 76.1673s (1m 16s)  26% completed  (13% total)
     Speed:     ev/sec=30579.5   simsec/sec=1.49949   ev/simsec=20393.2
     Messages:  created: 2324055   present: 4371   in FES: 149
** Event #2606848   t=137.065773816444   Elapsed: 78.1778s (1m 18s)  27% completed  (13% total)
     Speed:     ev/sec=31578.5   simsec/sec=1.2591   ev/simsec=25080.1
     Messages:  created: 2380959   present: 4609   in FES: 139
** Event #2666496   t=139.563512760323   Elapsed: 80.1833s (1m 20s)  27% completed  (13% total)
     Speed:     ev/sec=29741.3   simsec/sec=1.24541   ev/simsec=23880.8
     Messages:  created: 2434112   present: 5017   in FES: 154
** Event #2717952   t=140.535860369453   Elapsed: 82.1859s (1m 22s)  28% completed  (14% total)
     Speed:     ev/sec=25694.8   simsec/sec=0.485546   ev/simsec=52919.3
     Messages:  created: 2481540   present: 5514   in FES: 231
** Event #2769664   t=141.516694626938   Elapsed: 84.1891s (1m 24s)  28% completed  (14% total)
     Speed:     ev/sec=25815.8   simsec/sec=0.489654   ev/simsec=52722.5
     Messages:  created: 2529619   present: 5429   in FES: 185
** Event #2824448   t=142.51665924912   Elapsed: 86.1891s (1m 26s)  28% completed  (14% total)
     Speed:     ev/sec=27391   simsec/sec=0.499964   ev/simsec=54785.9
     Messages:  created: 2579356   present: 5420   in FES: 153
** Event #2877184   t=143.537985451   Elapsed: 88.1938s (1m 28s)  28% completed  (14% total)
     Speed:     ev/sec=26306.8   simsec/sec=0.509478   ev/simsec=51634.8
     Messages:  created: 2625926   present: 5495   in FES: 172
** Event #2929664   t=145.007913471502   Elapsed: 90.1986s (1m 30s)  29% completed  (14% total)
     Speed:     ev/sec=26177   simsec/sec=0.7332   ev/simsec=35702.4
     Messages:  created: 2672571   present: 5517   in FES: 124
** Event #2984704   t=147.020246254046   Elapsed: 92.2053s (1m 32s)  29% completed  (14% total)
     Speed:     ev/sec=27427.4   simsec/sec=1.00278   ev/simsec=27351.3
     Messages:  created: 2720337   present: 5761   in FES: 125
** Event #3038208   t=148.532827789067   Elapsed: 94.2137s (1m 34s)  29% completed  (14% total)
     Speed:     ev/sec=26640.8   simsec/sec=0.753148   ev/simsec=35372.6
     Messages:  created: 2766618   present: 6112   in FES: 173
** Event #3088896   t=149.50779471373   Elapsed: 96.2146s (1m 36s)  29% completed  (14% total)
     Speed:     ev/sec=25332.8   simsec/sec=0.487267   ev/simsec=51989.5
     Messages:  created: 2809974   present: 6173   in FES: 141
** Event #3141632   t=150.001289124409   Elapsed: 98.2176s (1m 38s)  30% completed  (15% total)
     Speed:     ev/sec=26327.7   simsec/sec=0.246371   ev/simsec=106862
     Messages:  created: 2855506   present: 6112   in FES: 123
** Event #3191040   t=150.549075313067   Elapsed: 100.226s (1m 40s)  30% completed  (15% total)
     Speed:     ev/sec=24602.8   simsec/sec=0.272771   ev/simsec=90195.8
     Messages:  created: 2899352   present: 6403   in FES: 152
** Event #3240192   t=151.536523786915   Elapsed: 102.23s (1m 42s)  30% completed  (15% total)
     Speed:     ev/sec=24527.8   simsec/sec=0.492756   ev/simsec=49776.8
     Messages:  created: 2940629   present: 6431   in FES: 155
** Event #3291648   t=152.538580691895   Elapsed: 104.238s (1m 44s)  30% completed  (15% total)
     Speed:     ev/sec=25627.9   simsec/sec=0.499078   ev/simsec=51350.4
     Messages:  created: 2984657   present: 6519   in FES: 153
** Event #3343872   t=154.536984882008   Elapsed: 106.245s (1m 46s)  30% completed  (15% total)
     Speed:     ev/sec=26012.6   simsec/sec=0.995398   ev/simsec=26132.9
     Messages:  created: 3027951   present: 6813   in FES: 161
** Event #3398144   t=155.561017331548   Elapsed: 108.274s (1m 48s)  31% completed  (15% total)
     Speed:     ev/sec=26754   simsec/sec=0.504809   ev/simsec=52998.3
     Messages:  created: 3074207   present: 7003   in FES: 154
** Event #3453696   t=157.515993133505   Elapsed: 110.291s (1m 50s)  31% completed  (15% total)
     Speed:     ev/sec=27533.7   simsec/sec=0.968962   ev/simsec=28415.7
     Messages:  created: 3119254   present: 7159   in FES: 146
** Event #3509248   t=159.504599739177   Elapsed: 112.315s (1m 52s)  31% completed  (15% total)
     Speed:     ev/sec=27455.7   simsec/sec=0.982838   ev/simsec=27935.1
     Messages:  created: 3164892   present: 7328   in FES: 153
** Event #3561472   t=160.505433813355   Elapsed: 114.319s (1m 54s)  32% completed  (16% total)
     Speed:     ev/sec=26059.3   simsec/sec=0.499408   ev/simsec=52180.5
     Messages:  created: 3209213   present: 7591   in FES: 185
** Event #3619072   t=162.508362678764   Elapsed: 116.336s (1m 56s)  32% completed  (16% total)
     Speed:     ev/sec=28558.1   simsec/sec=0.993054   ev/simsec=28757.9
     Messages:  created: 3255695   present: 7771   in FES: 153
** Event #3668992   t=163.518632566163   Elapsed: 118.336s (1m 58s)  32% completed  (16% total)
     Speed:     ev/sec=24958.5   simsec/sec=0.505104   ev/simsec=49412.5
     Messages:  created: 3297429   present: 7935   in FES: 154
** Event #3726080   t=165.094946013919   Elapsed: 120.344s (2m 00s)  33% completed  (16% total)
     Speed:     ev/sec=28422.5   simsec/sec=0.784802   ev/simsec=36216.1
     Messages:  created: 3344781   present: 8000   in FES: 154
** Event #3776256   t=166.556625387763   Elapsed: 122.351s (2m 02s)  33% completed  (16% total)
     Speed:     ev/sec=25009.3   simsec/sec=0.728548   ev/simsec=34327.6
     Messages:  created: 3387202   present: 8211   in FES: 163
** Event #3824384   t=167.563350327261   Elapsed: 124.353s (2m 04s)  33% completed  (16% total)
     Speed:     ev/sec=24040   simsec/sec=0.502861   ev/simsec=47806.5
     Messages:  created: 3429015   present: 8509   in FES: 199
** Event #3877376   t=170.506689337539   Elapsed: 126.355s (2m 06s)  34% completed  (17% total)
     Speed:     ev/sec=26467.1   simsec/sec=1.47006   ev/simsec=18004
     Messages:  created: 3472540   present: 8734   in FES: 153
** Event #3926784   t=171.549733037146   Elapsed: 128.368s (2m 08s)  34% completed  (17% total)
     Speed:     ev/sec=24536.8   simsec/sec=0.517991   ev/simsec=47369.1
     Messages:  created: 3516095   present: 8876   in FES: 154
** Event #3977216   t=173.592775506175   Elapsed: 130.372s (2m 10s)  34% completed  (17% total)
     Speed:     ev/sec=25170   simsec/sec=1.01966   ev/simsec=24684.8
     Messages:  created: 3559527   present: 9052   in FES: 148
** Event #4028928   t=175.511402766614   Elapsed: 132.378s (2m 12s)  35% completed  (17% total)
     Speed:     ev/sec=25779.7   simsec/sec=0.956483   ev/simsec=26952.6
     Messages:  created: 3607055   present: 9325   in FES: 150
** Event #4079104   t=176.536266342578   Elapsed: 134.381s (2m 14s)  35% completed  (17% total)
     Speed:     ev/sec=25050.2   simsec/sec=0.511659   ev/simsec=48958.7
     Messages:  created: 3654131   present: 9390   in FES: 149
** Event #4131840   t=177.577218655136   Elapsed: 136.383s (2m 16s)  35% completed  (17% total)
     Speed:     ev/sec=26346   simsec/sec=0.520041   ev/simsec=50661.3
     Messages:  created: 3704338   present: 9783   in FES: 216
** Event #4186880   t=180.030132401904   Elapsed: 138.386s (2m 18s)  36% completed  (18% total)
     Speed:     ev/sec=27475.5   simsec/sec=1.22448   ev/simsec=22438.6
     Messages:  created: 3754397   present: 9783   in FES: 143
** Event #4240640   t=181.541349617094   Elapsed: 140.391s (2m 20s)  36% completed  (18% total)
     Speed:     ev/sec=26813.2   simsec/sec=0.753731   ev/simsec=35574
     Messages:  created: 3803964   present: 10211   in FES: 217
** Event #4298240   t=182.569330929318   Elapsed: 142.393s (2m 22s)  36% completed  (18% total)
     Speed:     ev/sec=28767.8   simsec/sec=0.513415   ev/simsec=56032.1
     Messages:  created: 3857760   present: 10158   in FES: 153
** Event #4356096   t=184.582767185115   Elapsed: 144.394s (2m 24s)  36% completed  (18% total)
     Speed:     ev/sec=28919.8   simsec/sec=1.00643   ev/simsec=28735
     Messages:  created: 3911622   present: 10337   in FES: 149
** Event #4419840   t=187.564398559922   Elapsed: 146.398s (2m 26s)  37% completed  (18% total)
     Speed:     ev/sec=31797.2   simsec/sec=1.48732   ev/simsec=21378.9
     Messages:  created: 3967952   present: 10693   in FES: 153
** Event #4482048   t=190.570681898616   Elapsed: 148.401s (2m 28s)  38% completed  (19% total)
     Speed:     ev/sec=31070.1   simsec/sec=1.5015   ev/simsec=20692.7
     Messages:  created: 4024088   present: 11138   in FES: 185
** Event #4542720   t=193.539726712021   Elapsed: 150.402s (2m 30s)  38% completed  (19% total)
     Speed:     ev/sec=30318.9   simsec/sec=1.48369   ev/simsec=20434.9
     Messages:  created: 4077657   present: 11444   in FES: 144
** Event #4605184   t=196.516985097923   Elapsed: 152.402s (2m 32s)  39% completed  (19% total)
     Speed:     ev/sec=31225.7   simsec/sec=1.48833   ev/simsec=20980.4
     Messages:  created: 4133127   present: 11790   in FES: 150
** Event #4669952   t=199.528477938873   Elapsed: 154.403s (2m 34s)  39% completed  (19% total)
     Speed:     ev/sec=32369.7   simsec/sec=1.50508   ev/simsec=21506.9
     Messages:  created: 4191455   present: 12191   in FES: 152
** Event #4738048   t=202.552417292186   Elapsed: 156.408s (2m 36s)  40% completed  (20% total)
     Speed:     ev/sec=33963.9   simsec/sec=1.50824   ev/simsec=22519
     Messages:  created: 4252346   present: 12522   in FES: 148
** Event #4803840   t=205.544662755626   Elapsed: 158.41s (2m 38s)  41% completed  (20% total)
     Speed:     ev/sec=32869.6   simsec/sec=1.49492   ev/simsec=21987.5
     Messages:  created: 4311824   present: 12884   in FES: 142
** Event #4864000   t=208.521259953719   Elapsed: 160.415s (2m 40s)  41% completed  (20% total)
     Speed:     ev/sec=29998.3   simsec/sec=1.48426   ev/simsec=20211
     Messages:  created: 4366698   present: 13250   in FES: 153
** Event #4928512   t=211.528340204522   Elapsed: 162.418s (2m 42s)  42% completed  (21% total)
     Speed:     ev/sec=32211.4   simsec/sec=1.50146   ev/simsec=21453.4
     Messages:  created: 4424655   present: 13620   in FES: 148
** Event #4988160   t=214.057312110986   Elapsed: 164.422s (2m 44s)  42% completed  (21% total)
     Speed:     ev/sec=29755.8   simsec/sec=1.2616   ev/simsec=23585.9
     Messages:  created: 4479073   present: 13837   in FES: 133
** Event #5053696   t=217.082842940263   Elapsed: 166.424s (2m 46s)  43% completed  (21% total)
     Speed:     ev/sec=32740   simsec/sec=1.51147   ev/simsec=21661
     Messages:  created: 4538040   present: 14258   in FES: 153
** Event #5117696   t=220.066714093464   Elapsed: 168.426s (2m 48s)  44% completed  (22% total)
     Speed:     ev/sec=31975.3   simsec/sec=1.49079   ev/simsec=21448.6
     Messages:  created: 4595957   present: 14610   in FES: 152
** Event #5177088   t=222.595417704293   Elapsed: 170.427s (2m 50s)  44% completed  (22% total)
     Speed:     ev/sec=29682.1   simsec/sec=1.26376   ev/simsec=23487.1
     Messages:  created: 4649787   present: 14886   in FES: 134
** Event #5239040   t=225.58067548572   Elapsed: 172.427s (2m 52s)  45% completed  (22% total)
     Speed:     ev/sec=30966.6   simsec/sec=1.49218   ev/simsec=20752.6
     Messages:  created: 4706310   present: 15347   in FES: 156
** Event #5300736   t=228.581511297949   Elapsed: 174.428s (2m 54s)  45% completed  (22% total)
     Speed:     ev/sec=30835   simsec/sec=1.49978   ev/simsec=20559.6
     Messages:  created: 4762287   present: 15607   in FES: 166
** Event #5364736   t=231.549126107416   Elapsed: 176.431s (2m 56s)  46% completed  (23% total)
     Speed:     ev/sec=31954.7   simsec/sec=1.48171   ev/simsec=21566.1
     Messages:  created: 4818942   present: 16048   in FES: 173
** Event #5427712   t=234.55320415339   Elapsed: 178.437s (2m 58s)  46% completed  (23% total)
     Speed:     ev/sec=31391.6   simsec/sec=1.49744   ev/simsec=20963.5
     Messages:  created: 4874823   present: 16366   in FES: 169
** Event #5487616   t=237.538478127551   Elapsed: 180.44s (3m 00s)  47% completed  (23% total)
     Speed:     ev/sec=29902   simsec/sec=1.49014   ev/simsec=20066.5
     Messages:  created: 4928603   present: 6059   in FES: 172
** Event #5543680   t=239.593640339107   Elapsed: 182.447s (3m 02s)  47% completed  (23% total)
     Speed:     ev/sec=27942.9   simsec/sec=1.02432   ev/simsec=27279.6
     Messages:  created: 4979625   present: 1588   in FES: 141
** Event #5605632   t=242.593895122818   Elapsed: 184.448s (3m 04s)  48% completed  (24% total)
     Speed:     ev/sec=30956.9   simsec/sec=1.4992   ev/simsec=20648.9
     Messages:  created: 5035525   present: 1992   in FES: 153
** Event #5667072   t=245.572884840274   Elapsed: 186.452s (3m 06s)  49% completed  (24% total)
     Speed:     ev/sec=30652.4   simsec/sec=1.48622   ev/simsec=20624.4
     Messages:  created: 5090810   present: 2357   in FES: 151
** Event #5729536   t=248.581924684332   Elapsed: 188.453s (3m 08s)  49% completed  (24% total)
     Speed:     ev/sec=31222.9   simsec/sec=1.50408   ev/simsec=20758.8
     Messages:  created: 5147376   present: 2653   in FES: 151
** Event #5788416   t=251.544903967407   Elapsed: 190.461s (3m 10s)  50% completed  (25% total)
     Speed:     ev/sec=29315.5   simsec/sec=1.47523   ev/simsec=19871.9
     Messages:  created: 5200106   present: 3056   in FES: 152
** Event #5850112   t=254.536081236035   Elapsed: 192.464s (3m 12s)  50% completed  (25% total)
     Speed:     ev/sec=30810.4   simsec/sec=1.49377   ev/simsec=20626
     Messages:  created: 5255143   present: 3398   in FES: 161
** Event #5907968   t=256.598301507336   Elapsed: 194.468s (3m 14s)  51% completed  (25% total)
     Speed:     ev/sec=28862.9   simsec/sec=1.02879   ev/simsec=28055.2
     Messages:  created: 5307158   present: 3652   in FES: 149
** Event #5967360   t=259.549788182557   Elapsed: 196.473s (3m 16s)  51% completed  (25% total)
     Speed:     ev/sec=29629.1   simsec/sec=1.47242   ev/simsec=20122.7
     Messages:  created: 5359784   present: 4158   in FES: 185
** Event #6032896   t=262.573882652874   Elapsed: 198.481s (3m 18s)  52% completed  (26% total)
     Speed:     ev/sec=32632.3   simsec/sec=1.50579   ev/simsec=21671.3
     Messages:  created: 5418443   present: 4381   in FES: 146
** Event #6096128   t=265.570803757943   Elapsed: 200.497s (3m 20s)  53% completed  (26% total)
     Speed:     ev/sec=31376.8   simsec/sec=1.48712   ev/simsec=21099
     Messages:  created: 5475384   present: 4684   in FES: 153
** Event #6157824   t=268.540088280356   Elapsed: 202.5s (3m 22s)  53% completed  (26% total)
     Speed:     ev/sec=30794.4   simsec/sec=1.48206   ev/simsec=20778.1
     Messages:  created: 5531288   present: 5083   in FES: 156
** Event #6219776   t=271.5278068838   Elapsed: 204.501s (3m 24s)  54% completed  (27% total)
     Speed:     ev/sec=30953.7   simsec/sec=1.49278   ev/simsec=20735.6
     Messages:  created: 5586502   present: 5473   in FES: 153
** Event #6283776   t=274.535636224379   Elapsed: 206.509s (3m 26s)  54% completed  (27% total)
     Speed:     ev/sec=31875.2   simsec/sec=1.49805   ev/simsec=21277.8
     Messages:  created: 5643946   present: 5744   in FES: 144
** Event #6352128   t=277.539746210277   Elapsed: 208.516s (3m 28s)  55% completed  (27% total)
     Speed:     ev/sec=34055.5   simsec/sec=1.49676   ev/simsec=22752.8
     Messages:  created: 5705208   present: 6176   in FES: 142
** Event #6416384   t=280.558963785771   Elapsed: 210.518s (3m 30s)  56% completed  (28% total)
     Speed:     ev/sec=32100   simsec/sec=1.5083   ev/simsec=21282.3
     Messages:  created: 5764027   present: 6498   in FES: 144
** Event #6482944   t=283.551269267673   Elapsed: 212.519s (3m 32s)  56% completed  (28% total)
     Speed:     ev/sec=33262.2   simsec/sec=1.49535   ev/simsec=22243.7
     Messages:  created: 5823600   present: 6862   in FES: 123
** Event #6543360   t=286.551784705698   Elapsed: 214.521s (3m 34s)  57% completed  (28% total)
     Speed:     ev/sec=30186.4   simsec/sec=1.49919   ev/simsec=20135.2
     Messages:  created: 5877837   present: 7448   in FES: 216
** Event #6606080   t=289.539600627857   Elapsed: 216.528s (3m 36s)  57% completed  (28% total)
     Speed:     ev/sec=31246.5   simsec/sec=1.4885   ev/simsec=20991.9
     Messages:  created: 5934297   present: 7648   in FES: 159
** Event #6662656   t=291.564568479487   Elapsed: 218.535s (3m 38s)  58% completed  (29% total)
     Speed:     ev/sec=28184.2   simsec/sec=1.00877   ev/simsec=27939.2
     Messages:  created: 5985069   present: 7770   in FES: 136
** Event #6715904   t=293.514289798616   Elapsed: 220.538s (3m 40s)  58% completed  (29% total)
     Speed:     ev/sec=26580.5   simsec/sec=0.973266   ev/simsec=27310.6
     Messages:  created: 6034028   present: 8127   in FES: 154
** Event #6765312   t=294.509432749605   Elapsed: 222.539s (3m 42s)  58% completed  (29% total)
     Speed:     ev/sec=24694.5   simsec/sec=0.497379   ev/simsec=49649.1
     Messages:  created: 6078710   present: 8285   in FES: 174
** Event #6816512   t=294.574470455493   Elapsed: 224.543s (3m 44s)  58% completed  (29% total)
     Speed:     ev/sec=25556.3   simsec/sec=0.0324634   ev/simsec=787236
     Messages:  created: 6127292   present: 8332   in FES: 155
** Event #6862592   t=295.532493331157   Elapsed: 226.561s (3m 46s)  59% completed  (29% total)
     Speed:     ev/sec=22829.1   simsec/sec=0.474626   ev/simsec=48099.1
     Messages:  created: 6167598   present: 8396   in FES: 154
** Event #6912256   t=296.086218072682   Elapsed: 228.571s (3m 48s)  59% completed  (29% total)
     Speed:     ev/sec=24709.5   simsec/sec=0.275497   ev/simsec=89690.8
     Messages:  created: 6211584   present: 8318   in FES: 131
** Event #6960128   t=296.558138477983   Elapsed: 230.58s (3m 50s)  59% completed  (29% total)
     Speed:     ev/sec=23829.4   simsec/sec=0.23491   ev/simsec=101441
     Messages:  created: 6253822   present: 8529   in FES: 147
** Event #7006464   t=297.531229049305   Elapsed: 232.584s (3m 52s)  59% completed  (29% total)
     Speed:     ev/sec=23126.3   simsec/sec=0.48567   ev/simsec=47617.4
     Messages:  created: 6293667   present: 8686   in FES: 150
** Event #7056128   t=298.525194338577   Elapsed: 234.586s (3m 54s)  59% completed  (29% total)
     Speed:     ev/sec=24808.5   simsec/sec=0.496512   ev/simsec=49965.5
     Messages:  created: 6338088   present: 8719   in FES: 153
** Event #7107584   t=300.521503743037   Elapsed: 236.593s (3m 56s)  60% completed  (30% total)
     Speed:     ev/sec=25637.2   simsec/sec=0.994634   ev/simsec=25775.6
     Messages:  created: 6380606   present: 9105   in FES: 216
** Event #7154944   t=301.551375768694   Elapsed: 238.6s (3m 58s)  60% completed  (30% total)
     Speed:     ev/sec=23596.5   simsec/sec=0.513121   ev/simsec=45986.3
     Messages:  created: 6421819   present: 9132   in FES: 152
** Event #7210752   t=304.047714846099   Elapsed: 240.601s (4m 00s)  60% completed  (30% total)
     Speed:     ev/sec=27878.8   simsec/sec=1.24704   ev/simsec=22355.9
     Messages:  created: 6466534   present: 9299   in FES: 142
** Event #7260928   t=305.537974571639   Elapsed: 242.613s (4m 02s)  61% completed  (30% total)
     Speed:     ev/sec=24949.5   simsec/sec=0.741017   ev/simsec=33669.3
     Messages:  created: 6508330   present: 9614   in FES: 145
** Event #7312896   t=307.086218088674   Elapsed: 244.62s (4m 04s)  61% completed  (30% total)
     Speed:     ev/sec=25892.6   simsec/sec=0.771398   ev/simsec=33565.8
     Messages:  created: 6553010   present: 9677   in FES: 144
** Event #7362304   t=309.536523830819   Elapsed: 246.621s (4m 06s)  61% completed  (30% total)
     Speed:     ev/sec=24681.5   simsec/sec=1.22403   ev/simsec=20164
     Messages:  created: 6596648   present: 10156   in FES: 162
** Event #7415296   t=312.082843284238   Elapsed: 248.628s (4m 08s)  62% completed  (31% total)
     Speed:     ev/sec=26409   simsec/sec=1.26898   ev/simsec=20811.2
     Messages:  created: 6643282   present: 10262   in FES: 139
** Event #7465728   t=313.573023318433   Elapsed: 250.631s (4m 10s)  62% completed  (31% total)
     Speed:     ev/sec=25183.8   simsec/sec=0.74414   ev/simsec=33842.9
     Messages:  created: 6691486   present: 10572   in FES: 156
** Event #7517952   t=314.581816421318   Elapsed: 252.636s (4m 12s)  62% completed  (31% total)
     Speed:     ev/sec=26035.7   simsec/sec=0.502922   ev/simsec=51768.8
     Messages:  created: 6740383   present: 10915   in FES: 215
** Event #7572992   t=315.584826098434   Elapsed: 254.644s (4m 14s)  63% completed  (31% total)
     Speed:     ev/sec=27418.1   simsec/sec=0.499648   ev/simsec=54874.8
     Messages:  created: 6792432   present: 10851   in FES: 152
** Event #7626752   t=316.597271567401   Elapsed: 256.647s (4m 16s)  63% completed  (31% total)
     Speed:     ev/sec=26839.3   simsec/sec=0.505457   ev/simsec=53099.2
     Messages:  created: 6842878   present: 10915   in FES: 166
** Event #7681024   t=317.603292872553   Elapsed: 258.658s (4m 18s)  63% completed  (31% total)
     Speed:     ev/sec=26981.3   simsec/sec=0.500144   ev/simsec=53947.2
     Messages:  created: 6894172   present: 11010   in FES: 151
** Event #7739136   t=319.55676620356   Elapsed: 260.674s (4m 20s)  63% completed  (31% total)
     Speed:     ev/sec=28836.6   simsec/sec=0.969363   ev/simsec=29748
     Messages:  created: 6948243   present: 11211   in FES: 153
** Event #7795968   t=321.562485161275   Elapsed: 262.678s (4m 22s)  64% completed  (32% total)
     Speed:     ev/sec=28353.2   simsec/sec=1.00064   ev/simsec=28335
     Messages:  created: 7000116   present: 11415   in FES: 141
** Event #7856384   t=324.566203953209   Elapsed: 264.686s (4m 24s)  64% completed  (32% total)
     Speed:     ev/sec=30094   simsec/sec=1.49619   ev/simsec=20113.7
     Messages:  created: 7054779   present: 11730   in FES: 138
** Event #7916032   t=327.513158619198   Elapsed: 266.691s (4m 26s)  65% completed  (32% total)
     Speed:     ev/sec=29742.2   simsec/sec=1.46944   ev/simsec=20240.6
     Messages:  created: 7108059   present: 12259   in FES: 185
** Event #7974912   t=330.532130295891   Elapsed: 268.698s (4m 28s)  66% completed  (33% total)
     Speed:     ev/sec=29335.8   simsec/sec=1.50414   ev/simsec=19503.3
     Messages:  created: 7163170   present: 12579   in FES: 149
** Event #8029184   t=332.381526135654   Elapsed: 270.698s (4m 30s)  66% completed  (33% total)
     Speed:     ev/sec=27133.6   simsec/sec=0.924616   ev/simsec=29345.8
     Messages:  created: 7214198   present: 12642   in FES: 122
** Event #8081408   t=333.536905443211   Elapsed: 272.702s (4m 32s)  66% completed  (33% total)
     Speed:     ev/sec=26061.4   simsec/sec=0.576569   ev/simsec=45200.7
     Messages:  created: 7262989   present: 12966   in FES: 154
** Event #8133888   t=334.58634827401   Elapsed: 274.714s (4m 34s)  66% completed  (33% total)
     Speed:     ev/sec=26091   simsec/sec=0.521743   ev/simsec=50007.5
     Messages:  created: 7311943   present: 13030   in FES: 153
** Event #8192768   t=336.534840299788   Elapsed: 276.716s (4m 36s)  67% completed  (33% total)
     Speed:     ev/sec=29408.5   simsec/sec=0.973204   ev/simsec=30218.2
     Messages:  created: 7365913   present: 13246   in FES: 148
** Event #8247552   t=337.556997740404   Elapsed: 278.718s (4m 38s)  67% completed  (33% total)
     Speed:     ev/sec=27367.1   simsec/sec=0.510614   ev/simsec=53596.4
     Messages:  created: 7416827   present: 13408   in FES: 166
** Event #8306944   t=339.538048254983   Elapsed: 280.72s (4m 40s)  67% completed  (33% total)
     Speed:     ev/sec=29663.9   simsec/sec=0.989455   ev/simsec=29980.1
     Messages:  created: 7472361   present: 13661   in FES: 194
** Event #8372480   t=342.542672547413   Elapsed: 282.728s (4m 42s)  68% completed  (34% total)
     Speed:     ev/sec=32643.1   simsec/sec=1.49659   ev/simsec=21811.7
     Messages:  created: 7531305   present: 13968   in FES: 141
** Event #8434432   t=345.575410218759   Elapsed: 284.732s (4m 44s)  69% completed  (34% total)
     Speed:     ev/sec=30911.7   simsec/sec=1.51322   ev/simsec=20427.7
     Messages:  created: 7587485   present: 14341   in FES: 140
** Event #8490496   t=348.542250933366   Elapsed: 286.732s (4m 46s)  69% completed  (34% total)
     Speed:     ev/sec=28024.5   simsec/sec=1.48302   ev/simsec=18896.9
     Messages:  created: 7637752   present: 14705   in FES: 148
** Event #8552192   t=351.555325091249   Elapsed: 288.736s (4m 48s)  70% completed  (35% total)
     Speed:     ev/sec=30782.8   simsec/sec=1.50335   ev/simsec=20476.1
     Messages:  created: 7693772   present: 15021   in FES: 143
** Event #8615168   t=354.55639848102   Elapsed: 290.737s (4m 50s)  70% completed  (35% total)
     Speed:     ev/sec=31478.3   simsec/sec=1.50007   ev/simsec=20984.5
     Messages:  created: 7750065   present: 15391   in FES: 155
** Event #8680704   t=357.601052595033   Elapsed: 292.753s (4m 52s)  71% completed  (35% total)
     Speed:     ev/sec=32502.1   simsec/sec=1.50997   ev/simsec=21524.9
     Messages:  created: 7809516   present: 15773   in FES: 167
** Event #8746240   t=361.545731434374   Elapsed: 294.763s (4m 54s)  72% completed  (36% total)
     Speed:     ev/sec=32610.5   simsec/sec=1.96286   ev/simsec=16613.8
     Messages:  created: 7868469   present: 16356   in FES: 182
** Event #8806400   t=364.532370047367   Elapsed: 296.764s (4m 56s)  72% completed  (36% total)
     Speed:     ev/sec=30062   simsec/sec=1.49242   ev/simsec=20143
     Messages:  created: 7922150   present: 12534   in FES: 168
** Event #8862720   t=366.057256135806   Elapsed: 298.773s (4m 58s)  73% completed  (36% total)
     Speed:     ev/sec=28041.4   simsec/sec=0.759233   ev/simsec=36933.9
     Messages:  created: 7980591   present: 9037   in FES: 162
** Event #8924672   t=367.177159011731   Elapsed: 300.779s (5m 00s)  73% completed  (36% total)
     Speed:     ev/sec=30878   simsec/sec=0.55818   ev/simsec=55319.1
     Messages:  created: 8052414   present: 7536   in FES: 159
** Event #8984576   t=368.539327053397   Elapsed: 302.788s (5m 02s)  73% completed  (36% total)
     Speed:     ev/sec=29825.8   simsec/sec=0.678215   ev/simsec=43977
     Messages:  created: 8124711   present: 7641   in FES: 155
** Event #9053696   t=369.268563906685   Elapsed: 304.793s (5m 04s)  73% completed  (36% total)
     Speed:     ev/sec=34459   simsec/sec=0.363553   ev/simsec=94784
     Messages:  created: 8215964   present: 7678   in FES: 149
** Event #9118976   t=369.537962881024   Elapsed: 306.8s (5m 06s)  73% completed  (36% total)
     Speed:     ev/sec=32530.5   simsec/sec=0.134248   ev/simsec=242317
     Messages:  created: 8304789   present: 7779   in FES: 185
** Event #9182720   t=369.958943359222   Elapsed: 308.805s (5m 08s)  73% completed  (36% total)
     Speed:     ev/sec=31796   simsec/sec=0.209988   ev/simsec=151418
     Messages:  created: 8389928   present: 7607   in FES: 140
** Event #9245184   t=370.806854528197   Elapsed: 310.81s (5m 10s)  74% completed  (37% total)
     Speed:     ev/sec=31150.9   simsec/sec=0.422855   ev/simsec=73668.1
     Messages:  created: 8467403   present: 7628   in FES: 125
** Event #9312000   t=371.043433952247   Elapsed: 312.815s (5m 12s)  74% completed  (37% total)
     Speed:     ev/sec=33322.1   simsec/sec=0.117985   ev/simsec=282425
     Messages:  created: 8558388   present: 7743   in FES: 155
** Event #9379328   t=371.332153955616   Elapsed: 314.821s (5m 14s)  74% completed  (37% total)
     Speed:     ev/sec=33570.5   simsec/sec=0.143959   ev/simsec=233195
     Messages:  created: 8650200   present: 7773   in FES: 157
** Event #9444608   t=371.54907026315   Elapsed: 316.821s (5m 16s)  74% completed  (37% total)
     Speed:     ev/sec=32629.7   simsec/sec=0.108424   ev/simsec=300946
     Messages:  created: 8739396   present: 7789   in FES: 149
** Event #9510656   t=372.537899917411   Elapsed: 318.823s (5m 18s)  74% completed  (37% total)
     Speed:     ev/sec=32996.5   simsec/sec=0.494004   ev/simsec=66794.1
     Messages:  created: 8825050   present: 7847   in FES: 154
** Event #9573376   t=375.057309779209   Elapsed: 320.827s (5m 20s)  75% completed  (37% total)
     Speed:     ev/sec=31303.2   simsec/sec=1.25743   ev/simsec=24894.7
     Messages:  created: 8893082   present: 7963   in FES: 143
** Event #9636608   t=377.593372611427   Elapsed: 322.832s (5m 22s)  75% completed  (37% total)
     Speed:     ev/sec=31535.2   simsec/sec=1.26479   ev/simsec=24933.1
     Messages:  created: 8963562   present: 8167   in FES: 143
** Event #9707008   t=378.880293672126   Elapsed: 324.836s (5m 24s)  75% completed  (37% total)
     Speed:     ev/sec=35131.4   simsec/sec=0.642206   ev/simsec=54704.2
     Messages:  created: 9053964   present: 8271   in FES: 154
** Event #9774848   t=379.419920536425   Elapsed: 326.837s (5m 26s)  75% completed  (37% total)
     Speed:     ev/sec=33906.2   simsec/sec=0.269704   ev/simsec=125716
     Messages:  created: 9145808   present: 8387   in FES: 148
** Event #9844992   t=379.711580476253   Elapsed: 328.842s (5m 28s)  75% completed  (37% total)
     Speed:     ev/sec=34972.7   simsec/sec=0.145417   ev/simsec=240499
     Messages:  created: 9239844   present: 8442   in FES: 154
** Event #9911552   t=380.025969761162   Elapsed: 330.844s (5m 30s)  76% completed  (38% total)
     Speed:     ev/sec=33257.4   simsec/sec=0.157088   ev/simsec=211712
     Messages:  created: 9331282   present: 8384   in FES: 127
** Event #9978880   t=380.389984924566   Elapsed: 332.847s (5m 32s)  76% completed  (38% total)
     Speed:     ev/sec=33614.5   simsec/sec=0.18174   ev/simsec=184959
     Messages:  created: 9422937   present: 8412   in FES: 134
** Event #10047488   t=380.674011914682   Elapsed: 334.849s (5m 34s)  76% completed  (38% total)
     Speed:     ev/sec=34256.5   simsec/sec=0.141817   ev/simsec=241555
     Messages:  created: 9515741   present: 8431   in FES: 140
** Event #10113536   t=380.960074847142   Elapsed: 336.853s (5m 36s)  76% completed  (38% total)
     Speed:     ev/sec=32965.2   simsec/sec=0.142777   ev/simsec=230886
     Messages:  created: 9606922   present: 8534   in FES: 155
** Event #10181376   t=381.251492271205   Elapsed: 338.855s (5m 38s)  76% completed  (38% total)
     Speed:     ev/sec=33890.7   simsec/sec=0.145583   ev/simsec=232793
     Messages:  created: 9699045   present: 8476   in FES: 136
** Event #10247936   t=381.5317985634   Elapsed: 340.862s (5m 40s)  76% completed  (38% total)
     Speed:     ev/sec=33157.4   simsec/sec=0.139637   ev/simsec=237455
     Messages:  created: 9789294   present: 8571   in FES: 151
** Event #10316800   t=381.870478995525   Elapsed: 342.868s (5m 42s)  76% completed  (38% total)
     Speed:     ev/sec=34322.2   simsec/sec=0.1688   ev/simsec=203330
     Messages:  created: 9882780   present: 8567   in FES: 156
** Event #10383360   t=382.158173541817   Elapsed: 344.878s (5m 44s)  76% completed  (38% total)
     Speed:     ev/sec=33116.2   simsec/sec=0.143139   ev/simsec=231356
     Messages:  created: 9973161   present: 8524   in FES: 126
** Event #10453504   t=382.461071788125   Elapsed: 346.885s (5m 46s)  76% completed  (38% total)
     Speed:     ev/sec=34957.9   simsec/sec=0.150956   ev/simsec=231576
     Messages:  created: 10069996   present: 8627   in FES: 154
** Event #10517760   t=385.587574578761   Elapsed: 348.889s (5m 48s)  77% completed  (38% total)
     Speed:     ev/sec=32069.7   simsec/sec=1.56042   ev/simsec=20552
     Messages:  created: 10141218   present: 8923   in FES: 139
** Event #10582528   t=390.581653685535   Elapsed: 350.889s (5m 50s)  78% completed  (39% total)
     Speed:     ev/sec=32372.9   simsec/sec=2.49618   ev/simsec=12969
     Messages:  created: 10204390   present: 9503   in FES: 123
** Event #10650624   t=396.578988271766   Elapsed: 352.892s (5m 52s)  79% completed  (39% total)
     Speed:     ev/sec=33993.8   simsec/sec=2.9939   ev/simsec=11354.4
     Messages:  created: 10270504   present: 10219   in FES: 143
** Event #10716928   t=402.001287408382   Elapsed: 354.894s (5m 54s)  80% completed  (40% total)
     Speed:     ev/sec=33126.2   simsec/sec=2.70904   ev/simsec=12228
     Messages:  created: 10335178   present: 10909   in FES: 151
** Event #10784256   t=407.07148450011   Elapsed: 356.895s (5m 56s)  81% completed  (40% total)
     Speed:     ev/sec=33645.7   simsec/sec=2.53372   ev/simsec=13279.2
     Messages:  created: 10400876   present: 11447   in FES: 123
** Event #10850048   t=412.52545736537   Elapsed: 358.898s (5m 58s)  82% completed  (41% total)
     Speed:     ev/sec=32847.7   simsec/sec=2.72298   ev/simsec=12063.1
     Messages:  created: 10464712   present: 12143   in FES: 145
** Event #10918656   t=418.053927968547   Elapsed: 360.902s (6m 00s)  83% completed  (41% total)
     Speed:     ev/sec=34238.2   simsec/sec=2.75893   ev/simsec=12409.9
     Messages:  created: 10531308   present: 12842   in FES: 154
** Event #10984704   t=422.581448050047   Elapsed: 362.905s (6m 02s)  84% completed  (42% total)
     Speed:     ev/sec=32967.7   simsec/sec=2.2599   ev/simsec=14588.1
     Messages:  created: 10596321   present: 13472   in FES: 151
** Event #11053568   t=428.064043544778   Elapsed: 364.91s (6m 04s)  85% completed  (42% total)
     Speed:     ev/sec=34347.5   simsec/sec=2.73457   ev/simsec=12560.5
     Messages:  created: 10663237   present: 14012   in FES: 141
** Event #11124992   t=434.069965562434   Elapsed: 366.917s (6m 06s)  86% completed  (43% total)
     Speed:     ev/sec=35593.7   simsec/sec=2.99302   ev/simsec=11892.3
     Messages:  created: 10732574   present: 14686   in FES: 124
** Event #11188736   t=437.507510040582   Elapsed: 368.918s (6m 08s)  87% completed  (43% total)
     Speed:     ev/sec=31856.6   simsec/sec=1.71794   ev/simsec=18543.5
     Messages:  created: 10794322   present: 15216   in FES: 149
** Event #11246336   t=438.533057127921   Elapsed: 370.926s (6m 10s)  87% completed  (43% total)
     Speed:     ev/sec=28688.8   simsec/sec=0.510794   ev/simsec=56165.1
     Messages:  created: 10848506   present: 15344   in FES: 144
** Event #11310336   t=440.508099532482   Elapsed: 372.929s (6m 12s)  88% completed  (44% total)
     Speed:     ev/sec=31942.7   simsec/sec=0.985753   ev/simsec=32404.4
     Messages:  created: 10906787   present: 15561   in FES: 148
** Event #11370752   t=443.509423673333   Elapsed: 374.94s (6m 14s)  88% completed  (44% total)
     Speed:     ev/sec=30037.5   simsec/sec=1.49219   ev/simsec=20129.8
     Messages:  created: 10960692   present: 15904   in FES: 160
** Event #11428608   t=445.578156198763   Elapsed: 376.949s (6m 16s)  89% completed  (44% total)
     Speed:     ev/sec=28803.5   simsec/sec=1.02991   ev/simsec=27966.9
     Messages:  created: 11013179   present: 16159   in FES: 154
** Event #11493120   t=448.541881632076   Elapsed: 378.951s (6m 18s)  89% completed  (44% total)
     Speed:     ev/sec=32226.7   simsec/sec=1.48051   ev/simsec=21767.2
     Messages:  created: 11070710   present: 16514   in FES: 156
** Event #11553280   t=451.580273716129   Elapsed: 380.958s (6m 20s)  90% completed  (45% total)
     Speed:     ev/sec=29981.5   simsec/sec=1.51422   ev/simsec=19799.9
     Messages:  created: 11124596   present: 16892   in FES: 164
** Event #11614976   t=455.057306887108   Elapsed: 382.964s (6m 22s)  91% completed  (45% total)
     Speed:     ev/sec=30754.4   simsec/sec=1.73324   ev/simsec=17743.9
     Messages:  created: 11180145   present: 17281   in FES: 150
** Event #11676928   t=459.535326477348   Elapsed: 384.97s (6m 24s)  91% completed  (45% total)
     Speed:     ev/sec=30878.9   simsec/sec=2.23199   ev/simsec=13834.7
     Messages:  created: 11238909   present: 17820   in FES: 153
** Event #11738112   t=462.573382165001   Elapsed: 386.976s (6m 26s)  92% completed  (46% total)
     Speed:     ev/sec=30503.4   simsec/sec=1.51463   ev/simsec=20139.2
     Messages:  created: 11300164   present: 18243   in FES: 152
** Event #11800320   t=465.068701449173   Elapsed: 388.979s (6m 28s)  93% completed  (46% total)
     Speed:     ev/sec=31057.3   simsec/sec=1.24579   ev/simsec=24929.9
     Messages:  created: 11362603   present: 18491   in FES: 154
** Event #11866880   t=470.007967713174   Elapsed: 390.986s (6m 30s)  94% completed  (47% total)
     Speed:     ev/sec=33163   simsec/sec=2.46095   ev/simsec=13475.7
     Messages:  created: 11427888   present: 19060   in FES: 146
** Event #11938816   t=476.081462566984   Elapsed: 392.993s (6m 32s)  95% completed  (47% total)
     Speed:     ev/sec=35836.3   simsec/sec=3.02563   ev/simsec=11844.3
     Messages:  created: 11497406   present: 19753   in FES: 133
** Event #12011008   t=481.572172741815   Elapsed: 394.999s (6m 34s)  96% completed  (48% total)
     Speed:     ev/sec=35982.5   simsec/sec=2.73673   ev/simsec=13148
     Messages:  created: 11568233   present: 20480   in FES: 155
** Event #12086784   t=488.069582770959   Elapsed: 397.002s (6m 37s)  97% completed  (48% total)
     Speed:     ev/sec=37829.6   simsec/sec=3.2437   ev/simsec=11662.5
     Messages:  created: 11641378   present: 21217   in FES: 159
** Event #12151040   t=493.057309129451   Elapsed: 399.004s (6m 39s)  98% completed  (49% total)
     Speed:     ev/sec=32110.4   simsec/sec=2.4925   ev/simsec=12882.8
     Messages:  created: 11703907   present: 16987   in FES: 158
** Event #12210176   t=497.571080465933   Elapsed: 401.008s (6m 41s)  99% completed  (49% total)
     Speed:     ev/sec=29497.2   simsec/sec=2.25148   ev/simsec=13101.2
     Messages:  created: 11760911   present: 1627   in FES: 137
** Event #12233739   t=500   Elapsed: 401.745s (6m 41s)  100% completed  (50% total)
     Speed:     ev/sec=31976.2   simsec/sec=3.28891   ev/simsec=9722.43
     Messages:  created: 11783565   present: 1884   in FES: 122

<!> Simulation time limit reached -- at t=500s, event #12233739
undisposed object: (omnetpp::cMessage) FanetSarNetwork.groundStation.app.debugTimer -- check module destructor
undisposed object: (omnetpp::cMessage) FanetSarNetwork.uav[0].app.debugTimer -- check module destructor
undisposed object: (omnetpp::cMessage) FanetSarNetwork.uav[1].app.debugTimer -- check module destructor
undisposed object: (omnetpp::cMessage) FanetSarNetwork.uav[2].app.debugTimer -- check module destructor
undisposed object: (omnetpp::cMessage) FanetSarNetwork.uav[3].app.debugTimer -- check module destructor
undisposed object: (omnetpp::cMessage) FanetSarNetwork.uav[4].app.debugTimer -- check module destructor
undisposed object: (omnetpp::cMessage) FanetSarNetwork.uav[5].app.debugTimer -- check module destructor
undisposed object: (omnetpp::cMessage) FanetSarNetwork.uav[6].app.debugTimer -- check module destructor
undisposed object: (omnetpp::cMessage) FanetSarNetwork.uav[7].app.debugTimer -- check module destructor
undisposed object: (omnetpp::cMessage) FanetSarNetwork.uav[8].app.debugTimer -- check module destructor
undisposed object: (omnetpp::cMessage) FanetSarNetwork.uav[9].app.debugTimer -- check module destructor
undisposed object: (omnetpp::cMessage) FanetSarNetwork.uav[10].app.debugTimer -- check module destructor
undisposed object: (omnetpp::cMessage) FanetSarNetwork.uav[11].app.debugTimer -- check module destructor
undisposed object: (omnetpp::cMessage) FanetSarNetwork.uav[12].app.debugTimer -- check module destructor
undisposed object: (omnetpp::cMessage) FanetSarNetwork.uav[13].app.debugTimer -- check module destructor
undisposed object: (omnetpp::cMessage) FanetSarNetwork.uav[14].app.debugTimer -- check module destructor
undisposed object: (omnetpp::cMessage) FanetSarNetwork.uav[15].app.debugTimer -- check module destructor
undisposed object: (omnetpp::cMessage) FanetSarNetwork.uav[16].app.debugTimer -- check module destructor
undisposed object: (omnetpp::cMessage) FanetSarNetwork.uav[17].app.debugTimer -- check module destructor
undisposed object: (omnetpp::cMessage) FanetSarNetwork.uav[18].app.debugTimer -- check module destructor
undisposed object: (omnetpp::cMessage) FanetSarNetwork.uav[19].app.debugTimer -- check module destructor
undisposed object: (omnetpp::cMessage) FanetSarNetwork.uav[20].app.debugTimer -- check module destructor
undisposed object: (omnetpp::cMessage) FanetSarNetwork.uav[21].app.debugTimer -- check module destructor
undisposed object: (omnetpp::cMessage) FanetSarNetwork.uav[22].app.debugTimer -- check module destructor
undisposed object: (omnetpp::cMessage) FanetSarNetwork.uav[23].app.debugTimer -- check module destructor
undisposed object: (omnetpp::cMessage) FanetSarNetwork.uav[24].app.debugTimer -- check module destructor
undisposed object: (omnetpp::cMessage) FanetSarNetwork.uav[25].app.debugTimer -- check module destructor
undisposed object: (omnetpp::cMessage) FanetSarNetwork.uav[26].app.debugTimer -- check module destructor
undisposed object: (omnetpp::cMessage) FanetSarNetwork.uav[27].app.debugTimer -- check module destructor
undisposed object: (omnetpp::cMessage) FanetSarNetwork.uav[28].app.debugTimer -- check module destructor
undisposed object: (omnetpp::cMessage) FanetSarNetwork.uav[29].app.debugTimer -- check module destructor
