** Event #0   t=0   Elapsed: 1.4e-05s (0m 00s)  0% completed  (0% total)
     Speed:     ev/sec=0   simsec/sec=0   ev/simsec=0
     Messages:  created: 1178   present: 1178   in FES: 186
** Event #84736   t=4.511279559876   Elapsed: 2.01253s (0m 02s)  0% completed  (0% total)
     Speed:     ev/sec=42105.1   simsec/sec=2.24162   ev/simsec=18783.4
     Messages:  created: 82245   present: 1321   in FES: 162
** Event #160512   t=6.019896454058   Elapsed: 4.02049s (0m 04s)  1% completed  (0% total)
     Speed:     ev/sec=37737.6   simsec/sec=0.751313   ev/simsec=50228.8
     Messages:  created: 155961   present: 1200   in FES: 154
** Event #228096   t=7.572178325823   Elapsed: 6.0244s (0m 06s)  1% completed  (0% total)
     Speed:     ev/sec=33726.2   simsec/sec=0.774629   ev/simsec=43538.5
     Messages:  created: 219046   present: 1323   in FES: 154
** Event #286208   t=8.59889293522   Elapsed: 8.02785s (0m 08s)  1% completed  (0% total)
     Speed:     ev/sec=29006   simsec/sec=0.512474   ev/simsec=56600
     Messages:  created: 272884   present: 1224   in FES: 153
** Event #344832   t=10.553106195192   Elapsed: 10.0391s (0m 10s)  2% completed  (1% total)
     Speed:     ev/sec=29148.1   simsec/sec=0.971643   ev/simsec=29998.8
     Messages:  created: 327770   present: 1301   in FES: 154
** Event #404992   t=12.54389390826   Elapsed: 12.0457s (0m 12s)  2% completed  (1% total)
     Speed:     ev/sec=29981.1   simsec/sec=0.992122   ev/simsec=30219.2
     Messages:  created: 384245   present: 1176   in FES: 139
** Event #464640   t=14.548310271746   Elapsed: 14.0513s (0m 14s)  2% completed  (1% total)
     Speed:     ev/sec=29741.1   simsec/sec=0.999422   ev/simsec=29758.3
     Messages:  created: 439405   present: 1277   in FES: 153
** Event #535552   t=17.035219535601   Elapsed: 16.059s (0m 16s)  3% completed  (1% total)
     Speed:     ev/sec=35319.5   simsec/sec=1.23867   ev/simsec=28514.1
     Messages:  created: 504850   present: 1190   in FES: 145
** Event #605952   t=20.060105080993   Elapsed: 18.0621s (0m 18s)  4% completed  (2% total)
     Speed:     ev/sec=35144.6   simsec/sec=1.51006   ev/simsec=23273.6
     Messages:  created: 569115   present: 1206   in FES: 154
** Event #670976   t=22.577673042654   Elapsed: 20.0661s (0m 20s)  4% completed  (2% total)
     Speed:     ev/sec=32447.3   simsec/sec=1.25628   ev/simsec=25828.1
     Messages:  created: 627901   present: 1280   in FES: 154
** Event #740864   t=26.562389961519   Elapsed: 22.0709s (0m 22s)  5% completed  (2% total)
     Speed:     ev/sec=34860.6   simsec/sec=1.9876   ev/simsec=17539
     Messages:  created: 691568   present: 1180   in FES: 123
** Event #810752   t=30.091831504634   Elapsed: 24.0753s (0m 24s)  6% completed  (3% total)
     Speed:     ev/sec=34867.1   simsec/sec=1.76084   ev/simsec=19801.4
     Messages:  created: 754964   present: 1201   in FES: 148
** Event #877824   t=33.550174158532   Elapsed: 26.0793s (0m 26s)  6% completed  (3% total)
     Speed:     ev/sec=33469   simsec/sec=1.72572   ev/simsec=19394.3
     Messages:  created: 815827   present: 1278   in FES: 145
** Event #945408   t=36.567086723548   Elapsed: 28.0808s (0m 28s)  7% completed  (3% total)
     Speed:     ev/sec=33767.6   simsec/sec=1.50736   ev/simsec=22401.7
     Messages:  created: 877647   present: 1184   in FES: 151
** Event #1013760   t=40.085687370042   Elapsed: 30.0842s (0m 30s)  8% completed  (4% total)
     Speed:     ev/sec=34118   simsec/sec=1.75631   ev/simsec=19425.9
     Messages:  created: 939269   present: 1206   in FES: 154
** Event #1079040   t=43.029241646989   Elapsed: 32.0903s (0m 32s)  8% completed  (4% total)
     Speed:     ev/sec=32540.4   simsec/sec=1.46729   ev/simsec=22177.3
     Messages:  created: 998632   present: 1207   in FES: 152
** Event #1145600   t=46.553439748241   Elapsed: 34.0946s (0m 34s)  9% completed  (4% total)
     Speed:     ev/sec=33208   simsec/sec=1.75829   ev/simsec=18886.6
     Messages:  created: 1058952   present: 1297   in FES: 146
** Event #1212160   t=49.589367503542   Elapsed: 36.0953s (0m 36s)  9% completed  (4% total)
     Speed:     ev/sec=33268.9   simsec/sec=1.51746   ev/simsec=21924.1
     Messages:  created: 1118997   present: 1257   in FES: 170
** Event #1279232   t=53.575283297873   Elapsed: 38.1015s (0m 38s)  10% completed  (5% total)
     Speed:     ev/sec=33432.1   simsec/sec=1.98678   ev/simsec=16827.2
     Messages:  created: 1181170   present: 1170   in FES: 147
** Event #1346304   t=58.545495744352   Elapsed: 40.1072s (0m 40s)  11% completed  (5% total)
     Speed:     ev/sec=33440.4   simsec/sec=2.47802   ev/simsec=13494.8
     Messages:  created: 1247453   present: 1222   in FES: 153
** Event #1406208   t=60.561838651476   Elapsed: 42.1165s (0m 42s)  12% completed  (6% total)
     Speed:     ev/sec=29814.3   simsec/sec=1.00354   ev/simsec=29709.2
     Messages:  created: 1307573   present: 1307   in FES: 150
** Event #1472512   t=62.573067065394   Elapsed: 44.1166s (0m 44s)  12% completed  (6% total)
     Speed:     ev/sec=33150.1   simsec/sec=1.00556   ev/simsec=32966.9
     Messages:  created: 1373901   present: 1296   in FES: 154
** Event #1539840   t=65.579817396504   Elapsed: 46.1206s (0m 46s)  13% completed  (6% total)
     Speed:     ev/sec=33596.7   simsec/sec=1.50037   ev/simsec=22392.3
     Messages:  created: 1438240   present: 1215   in FES: 142
** Event #1607424   t=69.572965132031   Elapsed: 48.1249s (0m 48s)  13% completed  (6% total)
     Speed:     ev/sec=33719.6   simsec/sec=1.9923   ev/simsec=16925
     Messages:  created: 1502577   present: 1256   in FES: 156
** Event #1673984   t=73.567365251501   Elapsed: 50.1279s (0m 50s)  14% completed  (7% total)
     Speed:     ev/sec=33229.9   simsec/sec=1.99419   ev/simsec=16663.3
     Messages:  created: 1565259   present: 1284   in FES: 173
** Event #1744384   t=77.584801139878   Elapsed: 52.1295s (0m 52s)  15% completed  (7% total)
     Speed:     ev/sec=35171.6   simsec/sec=2.0071   ev/simsec=17523.6
     Messages:  created: 1631744   present: 1245   in FES: 152
** Event #1813248   t=82.061776698357   Elapsed: 54.1322s (0m 54s)  16% completed  (8% total)
     Speed:     ev/sec=34386.6   simsec/sec=2.23553   ev/simsec=15381.8
     Messages:  created: 1696835   present: 1190   in FES: 154
** Event #1880320   t=86.555336571888   Elapsed: 56.1344s (0m 56s)  17% completed  (8% total)
     Speed:     ev/sec=33499.2   simsec/sec=2.24432   ev/simsec=14926.3
     Messages:  created: 1762403   present: 1196   in FES: 153
** Event #1947136   t=90.556710877632   Elapsed: 58.1365s (0m 58s)  18% completed  (9% total)
     Speed:     ev/sec=33372.3   simsec/sec=1.99855   ev/simsec=16698.3
     Messages:  created: 1828382   present: 1294   in FES: 175
** Event #2018816   t=94.592421252402   Elapsed: 60.1382s (1m 00s)  18% completed  (9% total)
     Speed:     ev/sec=35809.5   simsec/sec=2.01614   ev/simsec=17761.4
     Messages:  created: 1900631   present: 1229   in FES: 142
** Event #2087168   t=100.533465801802   Elapsed: 62.1463s (1m 02s)  20% completed  (10% total)
     Speed:     ev/sec=34038.2   simsec/sec=2.95855   ev/simsec=11505
     Messages:  created: 1967913   present: 1261   in FES: 171
** Event #2159360   t=106.075470578028   Elapsed: 64.1533s (1m 04s)  21% completed  (10% total)
     Speed:     ev/sec=35969.7   simsec/sec=2.7613   ev/simsec=13026.3
     Messages:  created: 2038525   present: 1935   in FES: 184
** Event #2228480   t=111.552701398643   Elapsed: 66.1543s (1m 06s)  22% completed  (11% total)
     Speed:     ev/sec=34543.2   simsec/sec=2.73729   ev/simsec=12619.5
     Messages:  created: 2105558   present: 1601   in FES: 154
** Event #2301184   t=117.545416268072   Elapsed: 68.1608s (1m 08s)  23% completed  (11% total)
     Speed:     ev/sec=36234.6   simsec/sec=2.98668   ev/simsec=12132.1
     Messages:  created: 2176186   present: 2328   in FES: 154
** Event #2373120   t=123.011455440888   Elapsed: 70.1653s (1m 10s)  24% completed  (12% total)
     Speed:     ev/sec=35886.5   simsec/sec=2.72683   ev/simsec=13160.5
     Messages:  created: 2246112   present: 2909   in FES: 132
** Event #2444800   t=129.029241606601   Elapsed: 72.1665s (1m 12s)  25% completed  (12% total)
     Speed:     ev/sec=35818.5   simsec/sec=3.00709   ev/simsec=11911.4
     Messages:  created: 2315536   present: 3697   in FES: 154
** Event #2514432   t=134.5410124451   Elapsed: 74.1729s (1m 14s)  26% completed  (13% total)
     Speed:     ev/sec=34704.6   simsec/sec=2.74707   ev/simsec=12633.3
     Messages:  created: 2383379   present: 4407   in FES: 153
** Event #2588416   t=140.550140483872   Elapsed: 76.175s (1m 16s)  28% completed  (14% total)
     Speed:     ev/sec=36953.2   simsec/sec=3.00141   ev/simsec=12311.9
     Messages:  created: 2455312   present: 5051   in FES: 133
** Event #2658304   t=146.081982742162   Elapsed: 78.1819s (1m 18s)  29% completed  (14% total)
     Speed:     ev/sec=34823.9   simsec/sec=2.75642   ev/simsec=12633.8
     Messages:  created: 2523192   present: 5736   in FES: 151
** Event #2734592   t=152.183818426682   Elapsed: 80.1856s (1m 20s)  30% completed  (15% total)
     Speed:     ev/sec=38075.1   simsec/sec=3.04541   ev/simsec=12502.5
     Messages:  created: 2597314   present: 6374   in FES: 122
** Event #2803456   t=157.597006700069   Elapsed: 82.1913s (1m 22s)  31% completed  (15% total)
     Speed:     ev/sec=34333.8   simsec/sec=2.69887   ev/simsec=12721.5
     Messages:  created: 2663645   present: 7121   in FES: 153
** Event #2872064   t=162.765566127608   Elapsed: 84.1952s (1m 24s)  32% completed  (16% total)
     Speed:     ev/sec=34237.1   simsec/sec=2.57924   ev/simsec=13274.1
     Messages:  created: 2730399   present: 7649   in FES: 123
** Event #2941440   t=168.593123474787   Elapsed: 86.2033s (1m 26s)  33% completed  (16% total)
     Speed:     ev/sec=34547.3   simsec/sec=2.90196   ev/simsec=11904.8
     Messages:  created: 2797450   present: 8386   in FES: 138
** Event #3011072   t=174.031982242391   Elapsed: 88.2082s (1m 28s)  34% completed  (17% total)
     Speed:     ev/sec=34731.6   simsec/sec=2.71284   ev/simsec=12802.7
     Messages:  created: 2864826   present: 9035   in FES: 132
** Event #3080704   t=178.572938406723   Elapsed: 90.2087s (1m 30s)  35% completed  (17% total)
     Speed:     ev/sec=34807.9   simsec/sec=2.26995   ev/simsec=15334.2
     Messages:  created: 2932583   present: 9591   in FES: 123
** Event #3142656   t=182.561486788087   Elapsed: 92.2175s (1m 32s)  36% completed  (18% total)
     Speed:     ev/sec=30839   simsec/sec=1.98546   ev/simsec=15532.5
     Messages:  created: 2991722   present: 10146   in FES: 154
** Event #3202304   t=185.029243386094   Elapsed: 94.2222s (1m 34s)  37% completed  (18% total)
     Speed:     ev/sec=29754.3   simsec/sec=1.23099   ev/simsec=24170.9
     Messages:  created: 3047576   present: 10365   in FES: 136
** Event #3263488   t=188.515328343312   Elapsed: 96.229s (1m 36s)  37% completed  (18% total)
     Speed:     ev/sec=30488.7   simsec/sec=1.73716   ev/simsec=17550.9
     Messages:  created: 3104060   present: 10834   in FES: 145
** Event #3324928   t=191.575864480865   Elapsed: 98.2333s (1m 38s)  38% completed  (19% total)
     Speed:     ev/sec=30653.7   simsec/sec=1.52697   ev/simsec=20074.9
     Messages:  created: 3161250   present: 11287   in FES: 162
** Event #3389440   t=194.596815773276   Elapsed: 100.234s (1m 40s)  38% completed  (19% total)
     Speed:     ev/sec=32242.1   simsec/sec=1.50982   ev/simsec=21354.9
     Messages:  created: 3220730   present: 11581   in FES: 154
** Event #3451136   t=198.044183558637   Elapsed: 102.236s (1m 42s)  39% completed  (19% total)
     Speed:     ev/sec=30827.6   simsec/sec=1.72254   ev/simsec=17896.6
     Messages:  created: 3276611   present: 11962   in FES: 154
** Event #3515136   t=201.558156712809   Elapsed: 104.239s (1m 44s)  40% completed  (20% total)
     Speed:     ev/sec=31943   simsec/sec=1.75386   ev/simsec=18213
     Messages:  created: 3334819   present: 12448   in FES: 153
** Event #3581440   t=205.559156521217   Elapsed: 106.249s (1m 46s)  41% completed  (20% total)
     Speed:     ev/sec=32989.6   simsec/sec=1.9907   ev/simsec=16571.9
     Messages:  created: 3395315   present: 13023   in FES: 182
** Event #3644672   t=209.558710815607   Elapsed: 108.252s (1m 48s)  41% completed  (20% total)
     Speed:     ev/sec=31560.4   simsec/sec=1.99626   ev/simsec=15809.8
     Messages:  created: 3452608   present: 13369   in FES: 145
** Event #3708416   t=212.601818737823   Elapsed: 110.257s (1m 50s)  42% completed  (21% total)
     Speed:     ev/sec=31795   simsec/sec=1.51788   ev/simsec=20947
     Messages:  created: 3511608   present: 13787   in FES: 150
** Event #3770880   t=216.565694746089   Elapsed: 112.26s (1m 52s)  43% completed  (21% total)
     Speed:     ev/sec=31190.7   simsec/sec=1.97932   ev/simsec=15758.3
     Messages:  created: 3570282   present: 14241   in FES: 152
** Event #3832832   t=220.551783360788   Elapsed: 114.267s (1m 54s)  44% completed  (22% total)
     Speed:     ev/sec=30866.7   simsec/sec=1.98601   ev/simsec=15542.1
     Messages:  created: 3628874   present: 14741   in FES: 154
** Event #3893248   t=223.59376008933   Elapsed: 116.269s (1m 56s)  44% completed  (22% total)
     Speed:     ev/sec=30175.5   simsec/sec=1.51935   ev/simsec=19860.8
     Messages:  created: 3688421   present: 15077   in FES: 151
** Event #3954688   t=227.575346325867   Elapsed: 118.272s (1m 58s)  45% completed  (22% total)
     Speed:     ev/sec=30673.2   simsec/sec=1.98776   ev/simsec=15431
     Messages:  created: 3747996   present: 15529   in FES: 158
** Event #4025600   t=232.060109741906   Elapsed: 120.274s (2m 00s)  46% completed  (23% total)
     Speed:     ev/sec=35418.2   simsec/sec=2.23999   ev/simsec=15811.8
     Messages:  created: 3819008   present: 16093   in FES: 184
** Event #4089856   t=236.562931510984   Elapsed: 122.282s (2m 02s)  47% completed  (23% total)
     Speed:     ev/sec=32007.1   simsec/sec=2.24294   ev/simsec=14270.2
     Messages:  created: 3883253   present: 11130   in FES: 201
** Event #4154880   t=242.08052232021   Elapsed: 124.282s (2m 04s)  48% completed  (24% total)
     Speed:     ev/sec=32506   simsec/sec=2.75828   ev/simsec=11784.9
     Messages:  created: 3945670   present: 1772   in FES: 124
** Event #4223744   t=247.554041729651   Elapsed: 126.287s (2m 06s)  49% completed  (24% total)
     Speed:     ev/sec=34354.3   simsec/sec=2.73058   ev/simsec=12581.3
     Messages:  created: 4013151   present: 2526   in FES: 152
** Event #4290560   t=252.570499708146   Elapsed: 128.292s (2m 08s)  50% completed  (25% total)
     Speed:     ev/sec=33315.4   simsec/sec=2.50128   ev/simsec=13319.4
     Messages:  created: 4077785   present: 3109   in FES: 129
** Event #4361472   t=258.587400460891   Elapsed: 130.293s (2m 10s)  51% completed  (25% total)
     Speed:     ev/sec=35439.9   simsec/sec=3.00709   ev/simsec=11785.5
     Messages:  created: 4146719   present: 3844   in FES: 153
** Event #4428288   t=264.062682771285   Elapsed: 132.298s (2m 12s)  52% completed  (26% total)
     Speed:     ev/sec=33326.1   simsec/sec=2.73093   ev/simsec=12203.2
     Messages:  created: 4211896   present: 4501   in FES: 152
** Event #4486400   t=266.524124748754   Elapsed: 134.301s (2m 14s)  53% completed  (26% total)
     Speed:     ev/sec=29012.6   simsec/sec=1.22888   ev/simsec=23608.9
     Messages:  created: 4266763   present: 4765   in FES: 131
** Event #4544000   t=267.562609717846   Elapsed: 136.305s (2m 16s)  53% completed  (26% total)
     Speed:     ev/sec=28742.5   simsec/sec=0.518207   ev/simsec=55465.4
     Messages:  created: 4320544   present: 4967   in FES: 135
** Event #4601344   t=269.563624969122   Elapsed: 138.307s (2m 18s)  53% completed  (26% total)
     Speed:     ev/sec=28649.7   simsec/sec=0.999729   ev/simsec=28657.5
     Messages:  created: 4373487   present: 5207   in FES: 153
** Event #4657152   t=271.563743241094   Elapsed: 140.307s (2m 20s)  54% completed  (27% total)
     Speed:     ev/sec=27894.3   simsec/sec=0.999711   ev/simsec=27902.3
     Messages:  created: 4423804   present: 5409   in FES: 156
** Event #4712448   t=273.55269486527   Elapsed: 142.314s (2m 22s)  54% completed  (27% total)
     Speed:     ev/sec=27557.6   simsec/sec=0.991226   ev/simsec=27801.6
     Messages:  created: 4474081   present: 5774   in FES: 156
** Event #4768768   t=275.031979034122   Elapsed: 144.32s (2m 24s)  55% completed  (27% total)
     Speed:     ev/sec=28079.5   simsec/sec=0.737526   ev/simsec=38072.5
     Messages:  created: 4525718   present: 5780   in FES: 141
** Event #4826880   t=277.582470860443   Elapsed: 146.323s (2m 26s)  55% completed  (27% total)
     Speed:     ev/sec=29015.3   simsec/sec=1.27346   ev/simsec=22784.6
     Messages:  created: 4577236   present: 6193   in FES: 154
** Event #4878592   t=279.540782033761   Elapsed: 148.324s (2m 28s)  55% completed  (27% total)
     Speed:     ev/sec=25841.8   simsec/sec=0.978619   ev/simsec=26406.4
     Messages:  created: 4624593   present: 6456   in FES: 155
** Event #4929024   t=280.573713898479   Elapsed: 150.324s (2m 30s)  56% completed  (28% total)
     Speed:     ev/sec=25212.6   simsec/sec=0.516397   ev/simsec=48824.1
     Messages:  created: 4671258   present: 6655   in FES: 170
** Event #4983296   t=284.511604301611   Elapsed: 152.325s (2m 32s)  56% completed  (28% total)
     Speed:     ev/sec=27127.5   simsec/sec=1.96833   ev/simsec=13782
     Messages:  created: 4721073   present: 6976   in FES: 156
** Event #5040640   t=286.583263328576   Elapsed: 154.328s (2m 34s)  57% completed  (28% total)
     Speed:     ev/sec=28622.9   simsec/sec=1.03406   ev/simsec=27680.2
     Messages:  created: 4778254   present: 7266   in FES: 156
** Event #5097216   t=288.593867601998   Elapsed: 156.332s (2m 36s)  57% completed  (28% total)
     Speed:     ev/sec=28226.3   simsec/sec=1.00311   ev/simsec=28138.8
     Messages:  created: 4834460   present: 7423   in FES: 153
** Event #5156864   t=291.08052237933   Elapsed: 158.339s (2m 38s)  58% completed  (29% total)
     Speed:     ev/sec=29729   simsec/sec=1.23937   ev/simsec=23987.2
     Messages:  created: 4894062   present: 7719   in FES: 154
** Event #5220608   t=294.009048383447   Elapsed: 160.343s (2m 40s)  58% completed  (29% total)
     Speed:     ev/sec=31808.7   simsec/sec=1.46135   ev/simsec=21766.6
     Messages:  created: 4957517   present: 8084   in FES: 154
** Event #5290240   t=299.6028596094   Elapsed: 162.349s (2m 42s)  59% completed  (29% total)
     Speed:     ev/sec=34712.2   simsec/sec=2.78857   ev/simsec=12448
     Messages:  created: 5025430   present: 8761   in FES: 153
** Event #5364736   t=305.540886230128   Elapsed: 164.352s (2m 44s)  61% completed  (30% total)
     Speed:     ev/sec=37182.6   simsec/sec=2.9638   ev/simsec=12545.6
     Messages:  created: 5098049   present: 9461   in FES: 151
** Event #5432576   t=310.570490188571   Elapsed: 166.356s (2m 46s)  62% completed  (31% total)
     Speed:     ev/sec=33854.6   simsec/sec=2.50995   ev/simsec=13488.1
     Messages:  created: 5163970   present: 10116   in FES: 152
** Event #5493760   t=314.0513138243   Elapsed: 168.361s (2m 48s)  62% completed  (31% total)
     Speed:     ev/sec=30518.3   simsec/sec=1.73622   ev/simsec=17577.4
     Messages:  created: 5222796   present: 10408   in FES: 124
** Event #5552640   t=315.633881951234   Elapsed: 170.374s (2m 50s)  63% completed  (31% total)
     Speed:     ev/sec=29251.9   simsec/sec=0.786229   ev/simsec=37205.3
     Messages:  created: 5278400   present: 10672   in FES: 171
** Event #5614848   t=316.548977099776   Elapsed: 172.38s (2m 52s)  63% completed  (31% total)
     Speed:     ev/sec=31008.1   simsec/sec=0.456137   ev/simsec=67979.8
     Messages:  created: 5349916   present: 10813   in FES: 147
** Event #5679360   t=317.518838721964   Elapsed: 174.381s (2m 54s)  63% completed  (31% total)
     Speed:     ev/sec=32234.1   simsec/sec=0.484601   ev/simsec=66516.7
     Messages:  created: 5424095   present: 10809   in FES: 142
** Event #5736960   t=318.225031022294   Elapsed: 176.381s (2m 56s)  63% completed  (31% total)
     Speed:     ev/sec=28797.5   simsec/sec=0.353065   ev/simsec=81564.2
     Messages:  created: 5486212   present: 10776   in FES: 170
** Event #5797376   t=319.049482179314   Elapsed: 178.386s (2m 58s)  63% completed  (31% total)
     Speed:     ev/sec=30146   simsec/sec=0.411379   ev/simsec=73280.3
     Messages:  created: 5551696   present: 10761   in FES: 155
** Event #5854720   t=320.510346258605   Elapsed: 180.391s (3m 00s)  64% completed  (32% total)
     Speed:     ev/sec=28599.5   simsec/sec=0.728584   ev/simsec=39253.5
     Messages:  created: 5618690   present: 10856   in FES: 157
** Event #5913856   t=321.506964093295   Elapsed: 182.397s (3m 02s)  64% completed  (32% total)
     Speed:     ev/sec=29475.7   simsec/sec=0.496754   ev/simsec=59336.7
     Messages:  created: 5683462   present: 11062   in FES: 226
** Event #5972480   t=322.548091033658   Elapsed: 184.403s (3m 04s)  64% completed  (32% total)
     Speed:     ev/sec=29217.8   simsec/sec=0.518891   ev/simsec=56308.2
     Messages:  created: 5747730   present: 11052   in FES: 161
** Event #6035456   t=323.561090690838   Elapsed: 186.405s (3m 06s)  64% completed  (32% total)
     Speed:     ev/sec=31457.7   simsec/sec=0.506013   ev/simsec=62167.8
     Messages:  created: 5816053   present: 11091   in FES: 184
** Event #6092032   t=324.602217062063   Elapsed: 188.41s (3m 08s)  64% completed  (32% total)
     Speed:     ev/sec=28224.5   simsec/sec=0.519395   ev/simsec=54341.1
     Messages:  created: 5878698   present: 11019   in FES: 154
** Event #6158080   t=326.332812194986   Elapsed: 190.412s (3m 10s)  65% completed  (32% total)
     Speed:     ev/sec=32995.7   simsec/sec=0.864555   ev/simsec=38164.9
     Messages:  created: 5956032   present: 11036   in FES: 155
** Event #6220544   t=327.532536651076   Elapsed: 192.415s (3m 12s)  65% completed  (32% total)
     Speed:     ev/sec=31181.8   simsec/sec=0.598899   ev/simsec=52065.3
     Messages:  created: 6025164   present: 11097   in FES: 158
** Event #6282240   t=328.772777872201   Elapsed: 194.415s (3m 14s)  65% completed  (32% total)
     Speed:     ev/sec=30843.1   simsec/sec=0.620023   ev/simsec=49745.2
     Messages:  created: 6095614   present: 11097   in FES: 131
** Event #6344192   t=330.334454717472   Elapsed: 196.422s (3m 16s)  66% completed  (33% total)
     Speed:     ev/sec=30874   simsec/sec=0.778268   ev/simsec=39670.2
     Messages:  created: 6167535   present: 11211   in FES: 176
** Event #6405632   t=331.519463385227   Elapsed: 198.426s (3m 18s)  66% completed  (33% total)
     Speed:     ev/sec=30658.9   simsec/sec=0.591326   ev/simsec=51847.7
     Messages:  created: 6235349   present: 11311   in FES: 153
** Event #6466304   t=332.79954664746   Elapsed: 200.428s (3m 20s)  66% completed  (33% total)
     Speed:     ev/sec=30307   simsec/sec=0.63943   ev/simsec=47396.9
     Messages:  created: 6305084   present: 11286   in FES: 146
** Event #6529536   t=334.495713131595   Elapsed: 202.432s (3m 22s)  66% completed  (33% total)
     Speed:     ev/sec=31548.2   simsec/sec=0.846264   ev/simsec=37279.4
     Messages:  created: 6379430   present: 11283   in FES: 147
** Event #6589696   t=335.641051851561   Elapsed: 204.439s (3m 24s)  67% completed  (33% total)
     Speed:     ev/sec=29966.6   simsec/sec=0.570511   ev/simsec=52525.9
     Messages:  created: 6448079   present: 11394   in FES: 165
** Event #6652672   t=337.184055713809   Elapsed: 206.443s (3m 26s)  67% completed  (33% total)
     Speed:     ev/sec=31439.6   simsec/sec=0.770315   ev/simsec=40813.9
     Messages:  created: 6522358   present: 11455   in FES: 175
** Event #6713856   t=338.542953719084   Elapsed: 208.45s (3m 28s)  67% completed  (33% total)
     Speed:     ev/sec=30484.9   simsec/sec=0.677071   ev/simsec=45024.7
     Messages:  created: 6594407   present: 11647   in FES: 184
** Event #6781440   t=340.06741551384   Elapsed: 210.451s (3m 30s)  68% completed  (34% total)
     Speed:     ev/sec=33763.2   simsec/sec=0.761582   ev/simsec=44333
     Messages:  created: 6674408   present: 11571   in FES: 154
** Event #6842880   t=341.312621070818   Elapsed: 212.454s (3m 32s)  68% completed  (34% total)
     Speed:     ev/sec=30682.4   simsec/sec=0.621842   ev/simsec=49341.3
     Messages:  created: 6745402   present: 11580   in FES: 154
** Event #6903296   t=342.494813281142   Elapsed: 214.463s (3m 34s)  68% completed  (34% total)
     Speed:     ev/sec=30063.2   simsec/sec=0.588264   ev/simsec=51105.1
     Messages:  created: 6812528   present: 11614   in FES: 155
** Event #6962688   t=343.030125428272   Elapsed: 216.473s (3m 36s)  68% completed  (34% total)
     Speed:     ev/sec=29548.2   simsec/sec=0.266324   ev/simsec=110948
     Messages:  created: 6873905   present: 11653   in FES: 142
** Event #7028224   t=344.133871644753   Elapsed: 218.478s (3m 38s)  68% completed  (34% total)
     Speed:     ev/sec=32689.2   simsec/sec=0.550546   ev/simsec=59376
     Messages:  created: 6944316   present: 11660   in FES: 156
** Event #7089664   t=345.534303939763   Elapsed: 220.49s (3m 40s)  69% completed  (34% total)
     Speed:     ev/sec=30538.4   simsec/sec=0.696077   ev/simsec=43872.2
     Messages:  created: 7015774   present: 11767   in FES: 158
** Event #7148288   t=346.891038782409   Elapsed: 222.497s (3m 42s)  69% completed  (34% total)
     Speed:     ev/sec=29215.7   simsec/sec=0.676138   ev/simsec=43209.6
     Messages:  created: 7082816   present: 11786   in FES: 155
** Event #7206144   t=348.030127047602   Elapsed: 224.499s (3m 44s)  69% completed  (34% total)
     Speed:     ev/sec=28897.6   simsec/sec=0.568946   ev/simsec=50791.5
     Messages:  created: 7147848   present: 11788   in FES: 127
** Event #7269376   t=349.521597602055   Elapsed: 226.5s (3m 46s)  69% completed  (34% total)
     Speed:     ev/sec=31593.3   simsec/sec=0.745199   ev/simsec=42395.7
     Messages:  created: 7221222   present: 11891   in FES: 148
** Event #7335168   t=351.054812713483   Elapsed: 228.504s (3m 48s)  70% completed  (35% total)
     Speed:     ev/sec=32835.9   simsec/sec=0.765206   ev/simsec=42911.1
     Messages:  created: 7296946   present: 11953   in FES: 148
** Event #7400192   t=352.316836558329   Elapsed: 230.509s (3m 50s)  70% completed  (35% total)
     Speed:     ev/sec=32425.8   simsec/sec=0.629339   ev/simsec=51523.6
     Messages:  created: 7369397   present: 11985   in FES: 176
** Event #7462400   t=353.633648231626   Elapsed: 232.514s (3m 52s)  70% completed  (35% total)
     Speed:     ev/sec=31025   simsec/sec=0.656734   ev/simsec=47241.4
     Messages:  created: 7440194   present: 11956   in FES: 123
** Event #7527424   t=355.33607158321   Elapsed: 234.519s (3m 54s)  71% completed  (35% total)
     Speed:     ev/sec=32438   simsec/sec=0.849274   ev/simsec=38195
     Messages:  created: 7517068   present: 12034   in FES: 124
** Event #7584256   t=356.272073645302   Elapsed: 236.52s (3m 56s)  71% completed  (35% total)
     Speed:     ev/sec=28402.3   simsec/sec=0.467775   ev/simsec=60717.8
     Messages:  created: 7579470   present: 12142   in FES: 149
** Event #7648000   t=357.038420425988   Elapsed: 238.526s (3m 58s)  71% completed  (35% total)
     Speed:     ev/sec=31766.5   simsec/sec=0.381905   ev/simsec=83179.1
     Messages:  created: 7655933   present: 12239   in FES: 154
** Event #7712512   t=357.221245865385   Elapsed: 240.529s (4m 00s)  71% completed  (35% total)
     Speed:     ev/sec=32207.7   simsec/sec=0.0912759   ev/simsec=352861
     Messages:  created: 7742678   present: 12269   in FES: 180
** Event #7774720   t=357.372744873161   Elapsed: 242.531s (4m 02s)  71% completed  (35% total)
     Speed:     ev/sec=31077.8   simsec/sec=0.0756856   ev/simsec=410617
     Messages:  created: 7827850   present: 12247   in FES: 159
** Event #7835136   t=357.521225865537   Elapsed: 244.543s (4m 04s)  71% completed  (35% total)
     Speed:     ev/sec=30022.1   simsec/sec=0.0737836   ev/simsec=406894
     Messages:  created: 7910631   present: 12257   in FES: 152
** Event #7893504   t=357.646457425185   Elapsed: 246.546s (4m 06s)  71% completed  (35% total)
     Speed:     ev/sec=29153.2   simsec/sec=0.0625498   ev/simsec=466081
     Messages:  created: 7986282   present: 12252   in FES: 161
** Event #7952128   t=357.78730024596   Elapsed: 248.546s (4m 08s)  71% completed  (35% total)
     Speed:     ev/sec=29299.2   simsec/sec=0.0703905   ev/simsec=416237
     Messages:  created: 8066764   present: 12274   in FES: 159
** Event #8017408   t=357.944457833041   Elapsed: 250.547s (4m 10s)  71% completed  (35% total)
     Speed:     ev/sec=32635.5   simsec/sec=0.078568   ev/simsec=415379
     Messages:  created: 8155994   present: 12290   in FES: 161
** Event #8080896   t=358.088627489657   Elapsed: 252.554s (4m 12s)  71% completed  (35% total)
     Speed:     ev/sec=31622.5   simsec/sec=0.071809   ev/simsec=440370
     Messages:  created: 8241143   present: 12318   in FES: 165
** Event #8143104   t=358.236286787783   Elapsed: 254.557s (4m 14s)  71% completed  (35% total)
     Speed:     ev/sec=31064.4   simsec/sec=0.0737356   ev/simsec=421294
     Messages:  created: 8326287   present: 12317   in FES: 166
** Event #8206592   t=358.382852219127   Elapsed: 256.559s (4m 16s)  71% completed  (35% total)
     Speed:     ev/sec=31707.6   simsec/sec=0.0731988   ev/simsec=433172
     Messages:  created: 8411851   present: 12338   in FES: 160
** Event #8267520   t=358.523601252471   Elapsed: 258.561s (4m 18s)  71% completed  (35% total)
     Speed:     ev/sec=30433.8   simsec/sec=0.0703048   ev/simsec=432884
     Messages:  created: 8493697   present: 12349   in FES: 157
** Event #8324352   t=358.640950003198   Elapsed: 260.565s (4m 20s)  71% completed  (35% total)
     Speed:     ev/sec=28360.6   simsec/sec=0.0585599   ev/simsec=484300
     Messages:  created: 8565844   present: 12347   in FES: 182
** Event #8383232   t=358.780143514564   Elapsed: 262.568s (4m 22s)  71% completed  (35% total)
     Speed:     ev/sec=29402.1   simsec/sec=0.0695071   ev/simsec=423008
     Messages:  created: 8646733   present: 12373   in FES: 162
** Event #8443392   t=358.922999964634   Elapsed: 264.572s (4m 24s)  71% completed  (35% total)
     Speed:     ev/sec=30012.5   simsec/sec=0.0712681   ev/simsec=421122
     Messages:  created: 8729359   present: 12387   in FES: 175
** Event #8506624   t=359.065095793929   Elapsed: 266.576s (4m 26s)  71% completed  (35% total)
     Speed:     ev/sec=31563.2   simsec/sec=0.0709294   ev/simsec=444995
     Messages:  created: 8814756   present: 12458   in FES: 176
** Event #8566016   t=359.202351677568   Elapsed: 268.581s (4m 28s)  71% completed  (35% total)
     Speed:     ev/sec=29620   simsec/sec=0.0684522   ev/simsec=432710
     Messages:  created: 8895563   present: 12393   in FES: 167
** Event #8629504   t=359.353535061556   Elapsed: 270.589s (4m 30s)  71% completed  (35% total)
     Speed:     ev/sec=31615.1   simsec/sec=0.0752846   ev/simsec=419940
     Messages:  created: 8982703   present: 12354   in FES: 136
** Event #8691968   t=359.504377338235   Elapsed: 272.594s (4m 32s)  71% completed  (35% total)
     Speed:     ev/sec=31144.9   simsec/sec=0.0752109   ev/simsec=414101
     Messages:  created: 9068509   present: 12419   in FES: 162
** Event #8748800   t=359.612474133915   Elapsed: 274.601s (4m 34s)  71% completed  (35% total)
     Speed:     ev/sec=28321   simsec/sec=0.0538677   ev/simsec=525751
     Messages:  created: 9135965   present: 12435   in FES: 157
** Event #8810496   t=359.747748999882   Elapsed: 276.601s (4m 36s)  71% completed  (35% total)
     Speed:     ev/sec=30844.4   simsec/sec=0.0676295   ev/simsec=456079
     Messages:  created: 9219761   present: 12444   in FES: 162
** Event #8874496   t=359.899682749233   Elapsed: 278.602s (4m 38s)  71% completed  (35% total)
     Speed:     ev/sec=31984.6   simsec/sec=0.0759303   ev/simsec=421236
     Messages:  created: 9307620   present: 12401   in FES: 144
** Event #8931584   t=360.034220500062   Elapsed: 280.608s (4m 40s)  72% completed  (36% total)
     Speed:     ev/sec=28466.4   simsec/sec=0.0670861   ev/simsec=424327
     Messages:  created: 9385503   present: 12474   in FES: 163
** Event #8990976   t=360.172036707597   Elapsed: 282.614s (4m 42s)  72% completed  (36% total)
     Speed:     ev/sec=29599.4   simsec/sec=0.0686839   ev/simsec=430951
     Messages:  created: 9465370   present: 12421   in FES: 147
** Event #9055744   t=360.326977375806   Elapsed: 284.616s (4m 44s)  72% completed  (36% total)
     Speed:     ev/sec=32361.2   simsec/sec=0.0774158   ev/simsec=418018
     Messages:  created: 9554368   present: 12463   in FES: 183
** Event #9115392   t=360.472364476265   Elapsed: 286.619s (4m 46s)  72% completed  (36% total)
     Speed:     ev/sec=29778.2   simsec/sec=0.072582   ev/simsec=410270
     Messages:  created: 9636302   present: 12447   in FES: 151
** Event #9171712   t=360.58886458264   Elapsed: 288.622s (4m 48s)  72% completed  (36% total)
     Speed:     ev/sec=28111.3   simsec/sec=0.0581494   ev/simsec=483433
     Messages:  created: 9708666   present: 12480   in FES: 183
** Event #9230848   t=361.542373129375   Elapsed: 290.628s (4m 50s)  72% completed  (36% total)
     Speed:     ev/sec=29481.1   simsec/sec=0.475352   ev/simsec=62019.4
     Messages:  created: 9781367   present: 12537   in FES: 184
** Event #9286144   t=363.537910256593   Elapsed: 292.628s (4m 52s)  72% completed  (36% total)
     Speed:     ev/sec=27646.5   simsec/sec=0.997716   ev/simsec=27709.8
     Messages:  created: 9835049   present: 12688   in FES: 176
** Event #9335552   t=364.560103635665   Elapsed: 294.641s (4m 54s)  72% completed  (36% total)
     Speed:     ev/sec=24552.8   simsec/sec=0.507969   ev/simsec=48335.3
     Messages:  created: 9881681   present: 12842   in FES: 194
** Event #9388032   t=366.570278300815   Elapsed: 296.647s (4m 56s)  73% completed  (36% total)
     Speed:     ev/sec=26152.6   simsec/sec=1.00174   ev/simsec=26107.2
     Messages:  created: 9929653   present: 9962   in FES: 182
** Event #9447168   t=369.544507438724   Elapsed: 298.654s (4m 58s)  73% completed  (36% total)
     Speed:     ev/sec=29465.2   simsec/sec=1.48194   ev/simsec=19882.8
     Messages:  created: 9984054   present: 1481   in FES: 153
** Event #9501184   t=371.512066965621   Elapsed: 300.67s (5m 00s)  74% completed  (37% total)
     Speed:     ev/sec=26796   simsec/sec=0.976058   ev/simsec=27453.3
     Messages:  created: 10033542   present: 1698   in FES: 153
** Event #9559040   t=372.563739547959   Elapsed: 302.671s (5m 02s)  74% completed  (37% total)
     Speed:     ev/sec=28910.8   simsec/sec=0.525523   ev/simsec=55013.3
     Messages:  created: 10088139   present: 1856   in FES: 154
** Event #9619200   t=374.545136344054   Elapsed: 304.678s (5m 04s)  74% completed  (37% total)
     Speed:     ev/sec=29984.8   simsec/sec=0.987562   ev/simsec=30362.4
     Messages:  created: 10144594   present: 2164   in FES: 185
** Event #9679616   t=377.587074498115   Elapsed: 306.68s (5m 06s)  75% completed  (37% total)
     Speed:     ev/sec=30178.2   simsec/sec=1.51947   ev/simsec=19861
     Messages:  created: 10199258   present: 2432   in FES: 148
** Event #9740288   t=381.511527569356   Elapsed: 308.681s (5m 08s)  76% completed  (38% total)
     Speed:     ev/sec=30314.1   simsec/sec=1.96081   ev/simsec=15460
     Messages:  created: 10253359   present: 2904   in FES: 161
** Event #9799680   t=384.052220275655   Elapsed: 310.691s (5m 10s)  76% completed  (38% total)
     Speed:     ev/sec=29549.1   simsec/sec=1.26406   ev/simsec=23376.3
     Messages:  created: 10307102   present: 3143   in FES: 144
** Event #9863936   t=388.557718506091   Elapsed: 312.695s (5m 12s)  77% completed  (38% total)
     Speed:     ev/sec=32066.8   simsec/sec=2.24846   ev/simsec=14261.7
     Messages:  created: 10368121   present: 3646   in FES: 127
** Event #9928192   t=392.541019863981   Elapsed: 314.702s (5m 14s)  78% completed  (39% total)
     Speed:     ev/sec=32006.6   simsec/sec=1.98413   ev/simsec=16131.3
     Messages:  created: 10431771   present: 4219   in FES: 149
** Event #9995520   t=395.044237443398   Elapsed: 316.707s (5m 16s)  79% completed  (39% total)
     Speed:     ev/sec=33578.7   simsec/sec=1.24844   ev/simsec=26896.6
     Messages:  created: 10500009   present: 4474   in FES: 148
** Event #10062848   t=400.538362609403   Elapsed: 318.713s (5m 18s)  80% completed  (40% total)
     Speed:     ev/sec=33563.3   simsec/sec=2.73885   ev/simsec=12254.5
     Messages:  created: 10565883   present: 5144   in FES: 151
** Event #10129152   t=405.583844525963   Elapsed: 320.716s (5m 20s)  81% completed  (40% total)
     Speed:     ev/sec=33111.9   simsec/sec=2.51969   ev/simsec=13141.3
     Messages:  created: 10630059   present: 5756   in FES: 147
** Event #10199808   t=411.090579952368   Elapsed: 322.719s (5m 22s)  82% completed  (41% total)
     Speed:     ev/sec=35268   simsec/sec=2.74869   ev/simsec=12830.8
     Messages:  created: 10698036   present: 6326   in FES: 123
** Event #10268928   t=416.58210481177   Elapsed: 324.729s (5m 24s)  83% completed  (41% total)
     Speed:     ev/sec=34391.9   simsec/sec=2.73241   ev/simsec=12586.7
     Messages:  created: 10765593   present: 7087   in FES: 154
** Event #10340864   t=422.56753525105   Elapsed: 326.737s (5m 26s)  84% completed  (42% total)
     Speed:     ev/sec=35820   simsec/sec=2.9804   ev/simsec=12018.5
     Messages:  created: 10835712   present: 7797   in FES: 154
** Event #10409728   t=428.090918929295   Elapsed: 328.743s (5m 28s)  85% completed  (42% total)
     Speed:     ev/sec=34334.5   simsec/sec=2.75387   ev/simsec=12467.7
     Messages:  created: 10902782   present: 8450   in FES: 151
** Event #10476544   t=433.583103798008   Elapsed: 330.744s (5m 30s)  86% completed  (43% total)
     Speed:     ev/sec=33400.1   simsec/sec=2.74544   ev/simsec=12165.7
     Messages:  created: 10967675   present: 9131   in FES: 154
** Event #10549504   t=439.546765538673   Elapsed: 332.751s (5m 32s)  87% completed  (43% total)
     Speed:     ev/sec=36351.1   simsec/sec=2.97129   ev/simsec=12234.1
     Messages:  created: 11038398   present: 9825   in FES: 148
** Event #10623488   t=445.564317325017   Elapsed: 334.755s (5m 34s)  89% completed  (44% total)
     Speed:     ev/sec=36917.5   simsec/sec=3.00272   ev/simsec=12294.7
     Messages:  created: 11109922   present: 10536   in FES: 149
** Event #10690304   t=450.581257717501   Elapsed: 336.755s (5m 36s)  90% completed  (45% total)
     Speed:     ev/sec=33406.7   simsec/sec=2.50838   ev/simsec=13318.1
     Messages:  created: 11174866   present: 11142   in FES: 153
** Event #10765568   t=456.564383771781   Elapsed: 338.756s (5m 38s)  91% completed  (45% total)
     Speed:     ev/sec=37606.1   simsec/sec=2.9895   ev/simsec=12579.4
     Messages:  created: 11247630   present: 11907   in FES: 154
** Event #10838016   t=462.53781420275   Elapsed: 340.759s (5m 40s)  92% completed  (46% total)
     Speed:     ev/sec=36170.6   simsec/sec=2.98231   ev/simsec=12128.4
     Messages:  created: 11317777   present: 12605   in FES: 150
** Event #10907136   t=468.065039759385   Elapsed: 342.76s (5m 42s)  93% completed  (46% total)
     Speed:     ev/sec=34539.2   simsec/sec=2.76195   ev/simsec=12505.4
     Messages:  created: 11384833   present: 13230   in FES: 154
** Event #10976768   t=473.584019707756   Elapsed: 344.763s (5m 44s)  94% completed  (47% total)
     Speed:     ev/sec=34776.7   simsec/sec=2.75638   ev/simsec=12616.8
     Messages:  created: 11452298   present: 13889   in FES: 136
** Event #11047424   t=479.545399171545   Elapsed: 346.77s (5m 46s)  95% completed  (47% total)
     Speed:     ev/sec=35198.3   simsec/sec=2.96974   ev/simsec=11852.3
     Messages:  created: 11521341   present: 14596   in FES: 148
** Event #11117056   t=485.044237443201   Elapsed: 348.775s (5m 48s)  97% completed  (48% total)
     Speed:     ev/sec=34733.6   simsec/sec=2.74291   ev/simsec=12663
     Messages:  created: 11589347   present: 15276   in FES: 150
** Event #11191808   t=489.514355700284   Elapsed: 350.776s (5m 50s)  97% completed  (48% total)
     Speed:     ev/sec=37342.4   simsec/sec=2.23305   ev/simsec=16722.6
     Messages:  created: 11670582   present: 15765   in FES: 175
** Event #11267328   t=492.55706295558   Elapsed: 352.786s (5m 52s)  98% completed  (49% total)
     Speed:     ev/sec=37577.5   simsec/sec=1.514   ev/simsec=24820
     Messages:  created: 11757073   present: 16024   in FES: 170
** Event #11339520   t=495.574317843446   Elapsed: 354.79s (5m 54s)  99% completed  (49% total)
     Speed:     ev/sec=36023.3   simsec/sec=1.50559   ev/simsec=23926.4
     Messages:  created: 11839579   present: 15717   in FES: 143
** Event #11405824   t=498.578527117577   Elapsed: 356.8s (5m 56s)  99% completed  (49% total)
     Speed:     ev/sec=32986.5   simsec/sec=1.4946   ev/simsec=22070.4
     Messages:  created: 11914172   present: 7912   in FES: 189
** Event #11431324   t=500   Elapsed: 357.546s (5m 57s)  100% completed  (50% total)
     Speed:     ev/sec=34174   simsec/sec=1.90347   ev/simsec=17953.5
     Messages:  created: 11942382   present: 5754   in FES: 122

<!> Simulation time limit reached -- at t=500s, event #11431324
undisposed object: (omnetpp::cMessage) FanetSarNetwork.groundStation.app.debugTimer -- check module destructor
undisposed object: (omnetpp::cMessage) FanetSarNetwork.uav[0].app.debugTimer -- check module destructor
undisposed object: (omnetpp::cMessage) FanetSarNetwork.uav[1].app.debugTimer -- check module destructor
undisposed object: (omnetpp::cMessage) FanetSarNetwork.uav[2].app.debugTimer -- check module destructor
undisposed object: (omnetpp::cMessage) FanetSarNetwork.uav[3].app.debugTimer -- check module destructor
undisposed object: (omnetpp::cMessage) FanetSarNetwork.uav[4].app.debugTimer -- check module destructor
undisposed object: (omnetpp::cMessage) FanetSarNetwork.uav[5].app.debugTimer -- check module destructor
undisposed object: (omnetpp::cMessage) FanetSarNetwork.uav[6].app.debugTimer -- check module destructor
undisposed object: (omnetpp::cMessage) FanetSarNetwork.uav[7].app.debugTimer -- check module destructor
undisposed object: (omnetpp::cMessage) FanetSarNetwork.uav[8].app.debugTimer -- check module destructor
undisposed object: (omnetpp::cMessage) FanetSarNetwork.uav[9].app.debugTimer -- check module destructor
undisposed object: (omnetpp::cMessage) FanetSarNetwork.uav[10].app.debugTimer -- check module destructor
undisposed object: (omnetpp::cMessage) FanetSarNetwork.uav[11].app.debugTimer -- check module destructor
undisposed object: (omnetpp::cMessage) FanetSarNetwork.uav[12].app.debugTimer -- check module destructor
undisposed object: (omnetpp::cMessage) FanetSarNetwork.uav[13].app.debugTimer -- check module destructor
undisposed object: (omnetpp::cMessage) FanetSarNetwork.uav[14].app.debugTimer -- check module destructor
undisposed object: (omnetpp::cMessage) FanetSarNetwork.uav[15].app.debugTimer -- check module destructor
undisposed object: (omnetpp::cMessage) FanetSarNetwork.uav[16].app.debugTimer -- check module destructor
undisposed object: (omnetpp::cMessage) FanetSarNetwork.uav[17].app.debugTimer -- check module destructor
undisposed object: (omnetpp::cMessage) FanetSarNetwork.uav[18].app.debugTimer -- check module destructor
undisposed object: (omnetpp::cMessage) FanetSarNetwork.uav[19].app.debugTimer -- check module destructor
undisposed object: (omnetpp::cMessage) FanetSarNetwork.uav[20].app.debugTimer -- check module destructor
undisposed object: (omnetpp::cMessage) FanetSarNetwork.uav[21].app.debugTimer -- check module destructor
undisposed object: (omnetpp::cMessage) FanetSarNetwork.uav[22].app.debugTimer -- check module destructor
undisposed object: (omnetpp::cMessage) FanetSarNetwork.uav[23].app.debugTimer -- check module destructor
undisposed object: (omnetpp::cMessage) FanetSarNetwork.uav[24].app.debugTimer -- check module destructor
undisposed object: (omnetpp::cMessage) FanetSarNetwork.uav[25].app.debugTimer -- check module destructor
undisposed object: (omnetpp::cMessage) FanetSarNetwork.uav[26].app.debugTimer -- check module destructor
undisposed object: (omnetpp::cMessage) FanetSarNetwork.uav[27].app.debugTimer -- check module destructor
undisposed object: (omnetpp::cMessage) FanetSarNetwork.uav[28].app.debugTimer -- check module destructor
undisposed object: (omnetpp::cMessage) FanetSarNetwork.uav[29].app.debugTimer -- check module destructor
