** Event #0   t=0   Elapsed: 1.3e-05s (0m 00s)  0% completed  (0% total)
     Speed:     ev/sec=0   simsec/sec=0   ev/simsec=0
     Messages:  created: 1178   present: 1178   in FES: 186
** Event #56064   t=5.07636812838   Elapsed: 2.00569s (0m 02s)  1% completed  (0% total)
     Speed:     ev/sec=27953.2   simsec/sec=2.53101   ev/simsec=11044.3
     Messages:  created: 46150   present: 1196   in FES: 145
** Event #99584   t=9.577830763688   Elapsed: 4.01s (0m 04s)  1% completed  (0% total)
     Speed:     ev/sec=21713.1   simsec/sec=2.24588   ev/simsec=9667.97
     Messages:  created: 81520   present: 1173   in FES: 140
** Event #140544   t=14.030011505515   Elapsed: 6.01025s (0m 06s)  2% completed  (1% total)
     Speed:     ev/sec=20477.5   simsec/sec=2.22582   ev/simsec=9199.99
     Messages:  created: 114992   present: 1207   in FES: 154
** Event #176896   t=17.604131221267   Elapsed: 8.02491s (0m 08s)  3% completed  (1% total)
     Speed:     ev/sec=18043.8   simsec/sec=1.77406   ev/simsec=10170.9
     Messages:  created: 144944   present: 1120   in FES: 123
** Event #219648   t=22.515216965006   Elapsed: 10.0316s (0m 10s)  4% completed  (2% total)
     Speed:     ev/sec=21305.1   simsec/sec=2.4474   ev/simsec=8705.2
     Messages:  created: 180422   present: 1209   in FES: 154
** Event #265216   t=27.508799536283   Elapsed: 12.0408s (0m 12s)  5% completed  (2% total)
     Speed:     ev/sec=22679.6   simsec/sec=2.48535   ev/simsec=9125.31
     Messages:  created: 218418   present: 1181   in FES: 144
** Event #305664   t=31.585394909754   Elapsed: 14.0441s (0m 14s)  6% completed  (3% total)
     Speed:     ev/sec=20190.5   simsec/sec=2.03493   ev/simsec=9922.01
     Messages:  created: 252256   present: 1153   in FES: 132
** Event #356608   t=37.515216214182   Elapsed: 16.0504s (0m 16s)  7% completed  (3% total)
     Speed:     ev/sec=25391.9   simsec/sec=2.95559   ev/simsec=8591.15
     Messages:  created: 295152   present: 1193   in FES: 154
** Event #408832   t=44.074251160533   Elapsed: 18.0509s (0m 18s)  8% completed  (4% total)
     Speed:     ev/sec=26105.9   simsec/sec=3.27875   ev/simsec=7962.15
     Messages:  created: 343153   present: 1192   in FES: 154
** Event #471040   t=52.549490576631   Elapsed: 20.058s (0m 20s)  10% completed  (5% total)
     Speed:     ev/sec=30994.1   simsec/sec=4.22264   ev/simsec=7339.97
     Messages:  created: 401362   present: 1132   in FES: 125
** Event #533504   t=61.032260524739   Elapsed: 22.0594s (0m 22s)  12% completed  (6% total)
     Speed:     ev/sec=31209.2   simsec/sec=4.23828   ev/simsec=7363.63
     Messages:  created: 459878   present: 1194   in FES: 147
** Event #596736   t=69.544794009989   Elapsed: 24.065s (0m 24s)  13% completed  (6% total)
     Speed:     ev/sec=31528.7   simsec/sec=4.24451   ev/simsec=7428.11
     Messages:  created: 519144   present: 1197   in FES: 154
** Event #659200   t=77.590836033163   Elapsed: 26.0655s (0m 26s)  15% completed  (7% total)
     Speed:     ev/sec=31224   simsec/sec=4.022   ev/simsec=7763.32
     Messages:  created: 577014   present: 1186   in FES: 145
** Event #708864   t=83.544043218936   Elapsed: 28.0759s (0m 28s)  16% completed  (8% total)
     Speed:     ev/sec=24703.5   simsec/sec=2.9612   ev/simsec=8342.39
     Messages:  created: 619795   present: 1171   in FES: 140
** Event #757248   t=89.067347842668   Elapsed: 30.0761s (0m 30s)  17% completed  (8% total)
     Speed:     ev/sec=24189.1   simsec/sec=2.76133   ev/simsec=8759.97
     Messages:  created: 661820   present: 1196   in FES: 149
** Event #807680   t=95.067299324963   Elapsed: 32.0803s (0m 32s)  19% completed  (9% total)
     Speed:     ev/sec=25162.6   simsec/sec=2.99363   ev/simsec=8405.4
     Messages:  created: 706250   present: 1211   in FES: 154
** Event #862464   t=101.575333451159   Elapsed: 34.0893s (0m 34s)  20% completed  (10% total)
     Speed:     ev/sec=27269.3   simsec/sec=3.23944   ev/simsec=8417.9
     Messages:  created: 759296   present: 1362   in FES: 174
** Event #923392   t=109.535841312583   Elapsed: 36.0921s (0m 36s)  21% completed  (10% total)
     Speed:     ev/sec=30421.5   simsec/sec=3.97471   ev/simsec=7653.78
     Messages:  created: 814627   present: 1354   in FES: 153
** Event #989696   t=118.031646001856   Elapsed: 38.0954s (0m 38s)  23% completed  (11% total)
     Speed:     ev/sec=33097.1   simsec/sec=4.24087   ev/simsec=7804.32
     Messages:  created: 874862   present: 2358   in FES: 148
** Event #1054976   t=125.605413405682   Elapsed: 40.1157s (0m 40s)  25% completed  (12% total)
     Speed:     ev/sec=32313.4   simsec/sec=3.749   ev/simsec=8619.22
     Messages:  created: 932147   present: 3277   in FES: 150
** Event #1105920   t=131.518515163942   Elapsed: 42.1249s (0m 42s)  26% completed  (13% total)
     Speed:     ev/sec=25354.9   simsec/sec=2.94296   ev/simsec=8615.44
     Messages:  created: 974983   present: 3984   in FES: 149
** Event #1154304   t=136.59783583864   Elapsed: 44.1438s (0m 44s)  27% completed  (13% total)
     Speed:     ev/sec=23965.2   simsec/sec=2.51585   ev/simsec=9525.68
     Messages:  created: 1016265   present: 4602   in FES: 151
** Event #1206016   t=142.52416878869   Elapsed: 46.155s (0m 46s)  28% completed  (14% total)
     Speed:     ev/sec=25711.7   simsec/sec=2.94663   ev/simsec=8725.8
     Messages:  created: 1059734   present: 5309   in FES: 149
** Event #1265408   t=149.468959697755   Elapsed: 48.157s (0m 48s)  29% completed  (14% total)
     Speed:     ev/sec=29666.9   simsec/sec=3.469   ev/simsec=8552.02
     Messages:  created: 1111154   present: 6051   in FES: 122
** Event #1325312   t=156.516497960271   Elapsed: 50.1648s (0m 50s)  31% completed  (15% total)
     Speed:     ev/sec=29835.2   simsec/sec=3.51003   ev/simsec=8499.99
     Messages:  created: 1163425   present: 6948   in FES: 137
** Event #1390336   t=163.541865778019   Elapsed: 52.1659s (0m 52s)  32% completed  (16% total)
     Speed:     ev/sec=32495   simsec/sec=3.51085   ev/simsec=9255.6
     Messages:  created: 1218352   present: 7820   in FES: 148
** Event #1459200   t=171.035797706031   Elapsed: 54.1688s (0m 54s)  34% completed  (17% total)
     Speed:     ev/sec=34382.1   simsec/sec=3.74154   ev/simsec=9189.3
     Messages:  created: 1276531   present: 8728   in FES: 149
** Event #1529088   t=178.598417962719   Elapsed: 56.1817s (0m 56s)  35% completed  (17% total)
     Speed:     ev/sec=34719.1   simsec/sec=3.75697   ev/simsec=9241.24
     Messages:  created: 1335493   present: 9598   in FES: 137
** Event #1599232   t=186.093309887696   Elapsed: 58.185s (0m 58s)  37% completed  (18% total)
     Speed:     ev/sec=35014.6   simsec/sec=3.74131   ev/simsec=9358.91
     Messages:  created: 1394665   present: 10542   in FES: 153
** Event #1644544   t=190.54434837304   Elapsed: 60.2028s (1m 00s)  38% completed  (19% total)
     Speed:     ev/sec=22456   simsec/sec=2.20587   ev/simsec=10180.1
     Messages:  created: 1430598   present: 11066   in FES: 150
** Event #1683712   t=194.528173702415   Elapsed: 62.2258s (1m 02s)  38% completed  (19% total)
     Speed:     ev/sec=19361.2   simsec/sec=1.96925   ev/simsec=9831.76
     Messages:  created: 1461822   present: 11538   in FES: 146
** Event #1730560   t=199.519237411439   Elapsed: 64.2321s (1m 04s)  39% completed  (19% total)
     Speed:     ev/sec=23351.1   simsec/sec=2.48777   ev/simsec=9386.38
     Messages:  created: 1499937   present: 12153   in FES: 154
** Event #1781504   t=204.585309857873   Elapsed: 66.2406s (1m 06s)  40% completed  (20% total)
     Speed:     ev/sec=25364.6   simsec/sec=2.52236   ev/simsec=10055.9
     Messages:  created: 1541662   present: 12748   in FES: 146
** Event #1836288   t=210.523441136894   Elapsed: 68.2562s (1m 08s)  42% completed  (21% total)
     Speed:     ev/sec=27179.4   simsec/sec=2.94602   ev/simsec=9225.8
     Messages:  created: 1586179   present: 13464   in FES: 149
** Event #1886208   t=215.573806058567   Elapsed: 70.2631s (1m 10s)  43% completed  (21% total)
     Speed:     ev/sec=24874.4   simsec/sec=2.51652   ev/simsec=9884.43
     Messages:  created: 1626702   present: 14081   in FES: 153
** Event #1947392   t=222.532200974553   Elapsed: 72.2679s (1m 12s)  44% completed  (22% total)
     Speed:     ev/sec=30518.3   simsec/sec=3.47082   ev/simsec=8792.83
     Messages:  created: 1678354   present: 14892   in FES: 154
** Event #1997312   t=227.767654151759   Elapsed: 74.2712s (1m 14s)  45% completed  (22% total)
     Speed:     ev/sec=24919.5   simsec/sec=2.61348   ev/simsec=9534.99
     Messages:  created: 1719845   present: 15476   in FES: 150
** Event #2053376   t=233.584336380814   Elapsed: 76.2756s (1m 16s)  46% completed  (23% total)
     Speed:     ev/sec=27969.6   simsec/sec=2.90187   ev/simsec=9638.48
     Messages:  created: 1766151   present: 16217   in FES: 163
** Event #2111232   t=240.01904249151   Elapsed: 78.2768s (1m 18s)  48% completed  (24% total)
     Speed:     ev/sec=28911   simsec/sec=3.21546   ev/simsec=8991.24
     Messages:  created: 1813661   present: 1774   in FES: 137
** Event #2173696   t=246.540750889673   Elapsed: 80.2872s (1m 20s)  49% completed  (24% total)
     Speed:     ev/sec=31070.9   simsec/sec=3.24404   ev/simsec=9577.86
     Messages:  created: 1865429   present: 2570   in FES: 136
** Event #2241024   t=254.531679649194   Elapsed: 82.2918s (1m 22s)  50% completed  (25% total)
     Speed:     ev/sec=33587.1   simsec/sec=3.98633   ev/simsec=8425.55
     Messages:  created: 1923686   present: 3533   in FES: 141
** Event #2308096   t=263.040793734175   Elapsed: 84.2927s (1m 24s)  52% completed  (26% total)
     Speed:     ev/sec=33520.7   simsec/sec=4.25261   ev/simsec=7882.37
     Messages:  created: 1984564   present: 4576   in FES: 154
** Event #2385664   t=273.035797786945   Elapsed: 86.2966s (1m 26s)  54% completed  (27% total)
     Speed:     ev/sec=38708.2   simsec/sec=4.98773   ev/simsec=7760.68
     Messages:  created: 2055009   present: 5775   in FES: 148
** Event #2461184   t=282.589128059557   Elapsed: 88.2991s (1m 28s)  56% completed  (28% total)
     Speed:     ev/sec=37712.1   simsec/sec=4.77061   ev/simsec=7905.1
     Messages:  created: 2123686   present: 6923   in FES: 149
** Event #2537984   t=292.547344075935   Elapsed: 90.2997s (1m 30s)  58% completed  (29% total)
     Speed:     ev/sec=38388.7   simsec/sec=4.97764   ev/simsec=7712.22
     Messages:  created: 2193160   present: 8116   in FES: 150
** Event #2594304   t=298.537218352913   Elapsed: 92.3163s (1m 32s)  59% completed  (29% total)
     Speed:     ev/sec=27928.9   simsec/sec=2.97035   ev/simsec=9402.53
     Messages:  created: 2239678   present: 8828   in FES: 154
** Event #2636800   t=302.55927062387   Elapsed: 94.3198s (1m 34s)  60% completed  (30% total)
     Speed:     ev/sec=21210.6   simsec/sec=2.00749   ev/simsec=10565.8
     Messages:  created: 2273783   present: 9317   in FES: 154
** Event #2688000   t=308.073203557627   Elapsed: 96.3241s (1m 36s)  61% completed  (30% total)
     Speed:     ev/sec=25544.4   simsec/sec=2.75098   ev/simsec=9285.57
     Messages:  created: 2316008   present: 9947   in FES: 137
** Event #2744320   t=314.073203364677   Elapsed: 98.3263s (1m 38s)  62% completed  (31% total)
     Speed:     ev/sec=28129   simsec/sec=2.9967   ev/simsec=9386.67
     Messages:  created: 2362628   present: 10667   in FES: 137
** Event #2803968   t=320.523094820702   Elapsed: 100.33s (1m 40s)  64% completed  (32% total)
     Speed:     ev/sec=29766.2   simsec/sec=3.21869   ev/simsec=9247.91
     Messages:  created: 2411235   present: 11436   in FES: 139
** Event #2847488   t=324.573350402104   Elapsed: 102.336s (1m 42s)  64% completed  (32% total)
     Speed:     ev/sec=21696.2   simsec/sec=2.01919   ev/simsec=10745
     Messages:  created: 2446527   present: 11953   in FES: 154
** Event #2889472   t=329.006235004799   Elapsed: 104.339s (1m 44s)  65% completed  (32% total)
     Speed:     ev/sec=20957.8   simsec/sec=2.21283   ev/simsec=9471.03
     Messages:  created: 2479645   present: 12408   in FES: 124
** Event #2930432   t=332.588411780173   Elapsed: 106.36s (1m 46s)  66% completed  (33% total)
     Speed:     ev/sec=20268.2   simsec/sec=1.77257   ev/simsec=11434.4
     Messages:  created: 2512028   present: 12907   in FES: 145
** Event #2969856   t=336.540218401239   Elapsed: 108.368s (1m 48s)  67% completed  (33% total)
     Speed:     ev/sec=19632.6   simsec/sec=1.96794   ev/simsec=9976.2
     Messages:  created: 2542889   present: 13395   in FES: 154
** Event #3017728   t=341.535715338585   Elapsed: 110.371s (1m 50s)  68% completed  (34% total)
     Speed:     ev/sec=23905.7   simsec/sec=2.49459   ev/simsec=9583.03
     Messages:  created: 2581965   present: 13981   in FES: 144
** Event #3075584   t=347.576575210221   Elapsed: 112.376s (1m 52s)  69% completed  (34% total)
     Speed:     ev/sec=28858.1   simsec/sec=3.01313   ev/simsec=9577.44
     Messages:  created: 2630159   present: 14734   in FES: 154
** Event #3135488   t=354.037480041624   Elapsed: 114.38s (1m 54s)  70% completed  (35% total)
     Speed:     ev/sec=29884.6   simsec/sec=3.22318   ev/simsec=9271.77
     Messages:  created: 2680925   present: 15499   in FES: 162
** Event #3199744   t=359.71632707119   Elapsed: 116.384s (1m 56s)  71% completed  (35% total)
     Speed:     ev/sec=32072.4   simsec/sec=2.83451   ev/simsec=11315
     Messages:  created: 2741053   present: 16120   in FES: 153
** Event #3262720   t=366.614119773963   Elapsed: 118.389s (1m 58s)  73% completed  (36% total)
     Speed:     ev/sec=31405.8   simsec/sec=3.43989   ev/simsec=9129.88
     Messages:  created: 2797012   present: 1686   in FES: 123
** Event #3339520   t=376.545865668006   Elapsed: 120.39s (2m 00s)  75% completed  (37% total)
     Speed:     ev/sec=38380.3   simsec/sec=4.96332   ev/simsec=7732.78
     Messages:  created: 2866226   present: 2976   in FES: 153
** Event #3419648   t=387.006289055288   Elapsed: 122.396s (2m 02s)  77% completed  (38% total)
     Speed:     ev/sec=39951.1   simsec/sec=5.21547   ev/simsec=7660.11
     Messages:  created: 2938970   present: 4220   in FES: 153
** Event #3495936   t=396.57748291773   Elapsed: 124.4s (2m 04s)  79% completed  (39% total)
     Speed:     ev/sec=38054.6   simsec/sec=4.77438   ev/simsec=7970.58
     Messages:  created: 3008409   present: 5366   in FES: 154
** Event #3550720   t=402.582743198477   Elapsed: 126.408s (2m 06s)  80% completed  (40% total)
     Speed:     ev/sec=27282   simsec/sec=2.99057   ev/simsec=9122.67
     Messages:  created: 3054694   present: 6022   in FES: 127
** Event #3613696   t=409.534160241941   Elapsed: 128.412s (2m 08s)  81% completed  (40% total)
     Speed:     ev/sec=31425.1   simsec/sec=3.46877   ev/simsec=9059.45
     Messages:  created: 3106580   present: 6922   in FES: 149
** Event #3685632   t=412.258476632934   Elapsed: 130.414s (2m 10s)  82% completed  (41% total)
     Speed:     ev/sec=35944.8   simsec/sec=1.36128   ev/simsec=26405.2
     Messages:  created: 3189065   present: 7045   in FES: 124
** Event #3765248   t=414.522164944469   Elapsed: 132.417s (2m 12s)  82% completed  (41% total)
     Speed:     ev/sec=39732.9   simsec/sec=1.12971   ev/simsec=35170.9
     Messages:  created: 3285931   present: 7148   in FES: 125
** Event #3839488   t=416.601043661532   Elapsed: 134.427s (2m 14s)  83% completed  (41% total)
     Speed:     ev/sec=36948   simsec/sec=1.03462   ev/simsec=35711.6
     Messages:  created: 3374634   present: 7266   in FES: 134
** Event #3914752   t=418.785504986551   Elapsed: 136.43s (2m 16s)  83% completed  (41% total)
     Speed:     ev/sec=37571.9   simsec/sec=1.09049   ev/simsec=34454.3
     Messages:  created: 3465703   present: 7407   in FES: 174
** Event #3983872   t=420.997493715197   Elapsed: 138.433s (2m 18s)  84% completed  (42% total)
     Speed:     ev/sec=34509.4   simsec/sec=1.10438   ev/simsec=31247.9
     Messages:  created: 3549150   present: 7487   in FES: 154
** Event #4058368   t=423.273387153176   Elapsed: 140.433s (2m 20s)  84% completed  (42% total)
     Speed:     ev/sec=37243   simsec/sec=1.13779   ev/simsec=32732.6
     Messages:  created: 3637727   present: 7601   in FES: 155
** Event #4135424   t=425.773165049963   Elapsed: 142.437s (2m 22s)  85% completed  (42% total)
     Speed:     ev/sec=38445.6   simsec/sec=1.24721   ev/simsec=30825.1
     Messages:  created: 3730467   present: 7637   in FES: 125
** Event #4208384   t=428.092491150922   Elapsed: 144.441s (2m 24s)  85% completed  (42% total)
     Speed:     ev/sec=36424.8   simsec/sec=1.15791   ev/simsec=31457.4
     Messages:  created: 3817435   present: 7818   in FES: 174
** Event #4278272   t=430.370695491856   Elapsed: 146.442s (2m 26s)  86% completed  (43% total)
     Speed:     ev/sec=34912.6   simsec/sec=1.13808   ev/simsec=30676.8
     Messages:  created: 3902227   present: 7918   in FES: 152
** Event #4350976   t=432.867614614925   Elapsed: 148.443s (2m 28s)  86% completed  (43% total)
     Speed:     ev/sec=36341.9   simsec/sec=1.24811   ev/simsec=29117.5
     Messages:  created: 3989657   present: 8052   in FES: 172
** Event #4422400   t=434.508765095024   Elapsed: 150.453s (2m 30s)  86% completed  (43% total)
     Speed:     ev/sec=35535.9   simsec/sec=0.816529   ev/simsec=43520.7
     Messages:  created: 4077838   present: 8144   in FES: 154
** Event #4491008   t=437.536798728529   Elapsed: 152.455s (2m 32s)  87% completed  (43% total)
     Speed:     ev/sec=34259.7   simsec/sec=1.51206   ev/simsec=22657.6
     Messages:  created: 4154633   present: 8396   in FES: 148
** Event #4547840   t=443.535380659209   Elapsed: 154.457s (2m 34s)  88% completed  (44% total)
     Speed:     ev/sec=28395.2   simsec/sec=2.99709   ev/simsec=9474.24
     Messages:  created: 4200967   present: 9039   in FES: 125
** Event #4600064   t=449.011066473807   Elapsed: 156.459s (2m 36s)  89% completed  (44% total)
     Speed:     ev/sec=26084.7   simsec/sec=2.73498   ev/simsec=9537.44
     Messages:  created: 4243607   present: 9739   in FES: 137
** Event #4656384   t=454.820274603226   Elapsed: 158.462s (2m 38s)  90% completed  (45% total)
     Speed:     ev/sec=28120.7   simsec/sec=2.90055   ev/simsec=9694.95
     Messages:  created: 4289696   present: 10392   in FES: 122
** Event #4731392   t=464.075241892389   Elapsed: 160.462s (2m 40s)  92% completed  (46% total)
     Speed:     ev/sec=37489.8   simsec/sec=4.62574   ev/simsec=8104.62
     Messages:  created: 4356875   present: 11517   in FES: 124
** Event #4808448   t=474.067347754722   Elapsed: 162.463s (2m 42s)  94% completed  (47% total)
     Speed:     ev/sec=38527.2   simsec/sec=4.99595   ev/simsec=7711.69
     Messages:  created: 4426920   present: 12792   in FES: 153
** Event #4884736   t=484.020274603226   Elapsed: 164.464s (2m 44s)  96% completed  (48% total)
     Speed:     ev/sec=38112.9   simsec/sec=4.9724   ev/simsec=7664.88
     Messages:  created: 4496152   present: 13929   in FES: 153
** Event #4957952   t=493.464875370057   Elapsed: 166.466s (2m 46s)  98% completed  (49% total)
     Speed:     ev/sec=36573.5   simsec/sec=4.71785   ev/simsec=7752.15
     Messages:  created: 4562672   present: 1662   in FES: 122
** Event #5008476   t=500   Elapsed: 167.843s (2m 47s)  100% completed  (50% total)
     Speed:     ev/sec=36694.8   simsec/sec=4.74463   ev/simsec=7733.96
     Messages:  created: 4608545   present: 2447   in FES: 122

<!> Simulation time limit reached -- at t=500s, event #5008476
undisposed object: (omnetpp::cMessage) FanetSarNetwork.groundStation.app.debugTimer -- check module destructor
undisposed object: (omnetpp::cMessage) FanetSarNetwork.uav[0].app.debugTimer -- check module destructor
undisposed object: (omnetpp::cMessage) FanetSarNetwork.uav[1].app.debugTimer -- check module destructor
undisposed object: (omnetpp::cMessage) FanetSarNetwork.uav[2].app.debugTimer -- check module destructor
undisposed object: (omnetpp::cMessage) FanetSarNetwork.uav[3].app.debugTimer -- check module destructor
undisposed object: (omnetpp::cMessage) FanetSarNetwork.uav[4].app.debugTimer -- check module destructor
undisposed object: (omnetpp::cMessage) FanetSarNetwork.uav[5].app.debugTimer -- check module destructor
undisposed object: (omnetpp::cMessage) FanetSarNetwork.uav[6].app.debugTimer -- check module destructor
undisposed object: (omnetpp::cMessage) FanetSarNetwork.uav[7].app.debugTimer -- check module destructor
undisposed object: (omnetpp::cMessage) FanetSarNetwork.uav[8].app.debugTimer -- check module destructor
undisposed object: (omnetpp::cMessage) FanetSarNetwork.uav[9].app.debugTimer -- check module destructor
undisposed object: (omnetpp::cMessage) FanetSarNetwork.uav[10].app.debugTimer -- check module destructor
undisposed object: (omnetpp::cMessage) FanetSarNetwork.uav[11].app.debugTimer -- check module destructor
undisposed object: (omnetpp::cMessage) FanetSarNetwork.uav[12].app.debugTimer -- check module destructor
undisposed object: (omnetpp::cMessage) FanetSarNetwork.uav[13].app.debugTimer -- check module destructor
undisposed object: (omnetpp::cMessage) FanetSarNetwork.uav[14].app.debugTimer -- check module destructor
undisposed object: (omnetpp::cMessage) FanetSarNetwork.uav[15].app.debugTimer -- check module destructor
undisposed object: (omnetpp::cMessage) FanetSarNetwork.uav[16].app.debugTimer -- check module destructor
undisposed object: (omnetpp::cMessage) FanetSarNetwork.uav[17].app.debugTimer -- check module destructor
undisposed object: (omnetpp::cMessage) FanetSarNetwork.uav[18].app.debugTimer -- check module destructor
undisposed object: (omnetpp::cMessage) FanetSarNetwork.uav[19].app.debugTimer -- check module destructor
undisposed object: (omnetpp::cMessage) FanetSarNetwork.uav[20].app.debugTimer -- check module destructor
undisposed object: (omnetpp::cMessage) FanetSarNetwork.uav[21].app.debugTimer -- check module destructor
undisposed object: (omnetpp::cMessage) FanetSarNetwork.uav[22].app.debugTimer -- check module destructor
undisposed object: (omnetpp::cMessage) FanetSarNetwork.uav[23].app.debugTimer -- check module destructor
undisposed object: (omnetpp::cMessage) FanetSarNetwork.uav[24].app.debugTimer -- check module destructor
undisposed object: (omnetpp::cMessage) FanetSarNetwork.uav[25].app.debugTimer -- check module destructor
undisposed object: (omnetpp::cMessage) FanetSarNetwork.uav[26].app.debugTimer -- check module destructor
undisposed object: (omnetpp::cMessage) FanetSarNetwork.uav[27].app.debugTimer -- check module destructor
undisposed object: (omnetpp::cMessage) FanetSarNetwork.uav[28].app.debugTimer -- check module destructor
undisposed object: (omnetpp::cMessage) FanetSarNetwork.uav[29].app.debugTimer -- check module destructor
