** Event #0   t=0   Elapsed: 8e-06s (0m 00s)  0% completed  (50% total)
     Speed:     ev/sec=0   simsec/sec=0   ev/simsec=0
     Messages:  created: 1178   present: 1178   in FES: 186
** Event #59648   t=7.046068218868   Elapsed: 2.00687s (0m 02s)  1% completed  (50% total)
     Speed:     ev/sec=29722.6   simsec/sec=3.511   ev/simsec=8465.57
     Messages:  created: 54486   present: 1199   in FES: 148
** Event #109824   t=13.016838071348   Elapsed: 4.0093s (0m 04s)  2% completed  (51% total)
     Speed:     ev/sec=25057.5   simsec/sec=2.98175   ev/simsec=8403.61
     Messages:  created: 98238   present: 1170   in FES: 141
** Event #166912   t=20.027121053492   Elapsed: 6.01487s (0m 06s)  4% completed  (52% total)
     Speed:     ev/sec=28464.8   simsec/sec=3.49541   ev/simsec=8143.47
     Messages:  created: 149964   present: 1204   in FES: 151
** Event #216064   t=26.027121069834   Elapsed: 8.02602s (0m 08s)  5% completed  (52% total)
     Speed:     ev/sec=24439.8   simsec/sec=2.98337   ev/simsec=8192
     Messages:  created: 193840   present: 1198   in FES: 149
** Event #269824   t=32.051671446536   Elapsed: 10.0338s (0m 10s)  6% completed  (53% total)
     Speed:     ev/sec=26776.4   simsec/sec=3.00066   ev/simsec=8923.49
     Messages:  created: 240155   present: 1210   in FES: 154
** Event #321536   t=38.076129753113   Elapsed: 12.04s (0m 12s)  7% completed  (53% total)
     Speed:     ev/sec=25775.7   simsec/sec=3.00287   ev/simsec=8583.68
     Messages:  created: 285298   present: 1202   in FES: 149
** Event #381952   t=46.525821628561   Elapsed: 14.043s (0m 14s)  9% completed  (54% total)
     Speed:     ev/sec=30162.3   simsec/sec=4.21845   ev/simsec=7150.08
     Messages:  created: 341930   present: 1159   in FES: 136
** Event #449280   t=55.540721257862   Elapsed: 16.046s (0m 16s)  11% completed  (55% total)
     Speed:     ev/sec=33614.3   simsec/sec=4.5008   ev/simsec=7468.52
     Messages:  created: 404999   present: 1125   in FES: 124
** Event #512512   t=64.072668624751   Elapsed: 18.0468s (0m 18s)  12% completed  (56% total)
     Speed:     ev/sec=31602.7   simsec/sec=4.26418   ev/simsec=7411.2
     Messages:  created: 464739   present: 1186   in FES: 154
** Event #561920   t=70.065331219691   Elapsed: 20.0495s (0m 20s)  14% completed  (57% total)
     Speed:     ev/sec=24671.3   simsec/sec=2.99236   ev/simsec=8244.75
     Messages:  created: 508000   present: 1165   in FES: 138
** Event #609536   t=75.572434337601   Elapsed: 22.063s (0m 22s)  15% completed  (57% total)
     Speed:     ev/sec=23648.3   simsec/sec=2.73508   ev/simsec=8646.29
     Messages:  created: 549160   present: 1184   in FES: 143
** Event #658432   t=81.065275877286   Elapsed: 24.0651s (0m 24s)  16% completed  (58% total)
     Speed:     ev/sec=24421.6   simsec/sec=2.74346   ev/simsec=8901.77
     Messages:  created: 591225   present: 1188   in FES: 154
** Event #700928   t=86.016783576831   Elapsed: 26.0724s (0m 26s)  17% completed  (58% total)
     Speed:     ev/sec=21171.4   simsec/sec=2.46683   ev/simsec=8582.44
     Messages:  created: 627297   present: 1117   in FES: 123
** Event #744192   t=90.576331235911   Elapsed: 28.078s (0m 28s)  18% completed  (59% total)
     Speed:     ev/sec=21571.1   simsec/sec=2.27335   ev/simsec=9488.66
     Messages:  created: 663995   present: 1129   in FES: 124
** Event #788480   t=95.573538355897   Elapsed: 30.089s (0m 30s)  19% completed  (59% total)
     Speed:     ev/sec=22023   simsec/sec=2.48495   ev/simsec=8862.55
     Messages:  created: 701486   present: 1189   in FES: 154
** Event #827136   t=99.593986423573   Elapsed: 32.1092s (0m 32s)  19% completed  (59% total)
     Speed:     ev/sec=19134.9   simsec/sec=1.99014   ev/simsec=9614.85
     Messages:  created: 734020   present: 1199   in FES: 154
** Event #874752   t=101.597413992596   Elapsed: 34.1156s (0m 34s)  20% completed  (60% total)
     Speed:     ev/sec=23732   simsec/sec=0.998517   ev/simsec=23767.3
     Messages:  created: 788021   present: 1392   in FES: 179
** Event #935168   t=104.157839627332   Elapsed: 36.1161s (0m 36s)  20% completed  (60% total)
     Speed:     ev/sec=30200.8   simsec/sec=1.27991   ev/simsec=23596.1
     Messages:  created: 856757   present: 1694   in FES: 204
** Event #991488   t=106.536407459826   Elapsed: 38.1383s (0m 38s)  21% completed  (60% total)
     Speed:     ev/sec=27850.3   simsec/sec=1.1762   ev/simsec=23678.1
     Messages:  created: 922428   present: 1981   in FES: 183
** Event #1041152   t=110.573414229513   Elapsed: 40.1551s (0m 40s)  22% completed  (61% total)
     Speed:     ev/sec=24624.9   simsec/sec=2.00167   ev/simsec=12302.2
     Messages:  created: 972259   present: 1471   in FES: 148
** Event #1091328   t=117.041089550566   Elapsed: 42.1564s (0m 42s)  23% completed  (61% total)
     Speed:     ev/sec=25072   simsec/sec=3.23178   ev/simsec=7757.97
     Messages:  created: 1017543   present: 2253   in FES: 150
** Event #1146624   t=124.054490959196   Elapsed: 44.1629s (0m 44s)  24% completed  (62% total)
     Speed:     ev/sec=27558   simsec/sec=3.49528   ev/simsec=7884.33
     Messages:  created: 1067721   present: 3098   in FES: 151
** Event #1205248   t=131.591093440631   Elapsed: 46.1638s (0m 46s)  26% completed  (63% total)
     Speed:     ev/sec=29300.1   simsec/sec=3.76677   ev/simsec=7778.57
     Messages:  created: 1121514   present: 3955   in FES: 133
** Event #1268224   t=137.706154933094   Elapsed: 48.1648s (0m 48s)  27% completed  (63% total)
     Speed:     ev/sec=31471.7   simsec/sec=3.05594   ev/simsec=10298.5
     Messages:  created: 1186269   present: 4682   in FES: 166
** Event #1330176   t=140.798946913974   Elapsed: 50.1651s (0m 50s)  28% completed  (64% total)
     Speed:     ev/sec=30971.1   simsec/sec=1.54615   ev/simsec=20031.1
     Messages:  created: 1259620   present: 4925   in FES: 155
** Event #1395712   t=144.55001403363   Elapsed: 52.1653s (0m 52s)  28% completed  (64% total)
     Speed:     ev/sec=32765.3   simsec/sec=1.87538   ev/simsec=17471.3
     Messages:  created: 1335527   present: 5186   in FES: 154
** Event #1456384   t=148.176457687665   Elapsed: 54.1717s (0m 54s)  29% completed  (64% total)
     Speed:     ev/sec=30239.3   simsec/sec=1.80744   ev/simsec=16730.4
     Messages:  created: 1404103   present: 5434   in FES: 134
** Event #1518336   t=152.039927026722   Elapsed: 56.1804s (0m 56s)  30% completed  (65% total)
     Speed:     ev/sec=30841.8   simsec/sec=1.92336   ev/simsec=16035.3
     Messages:  created: 1472732   present: 5704   in FES: 123
** Event #1573376   t=155.52269883181   Elapsed: 58.1909s (0m 58s)  31% completed  (65% total)
     Speed:     ev/sec=27375.6   simsec/sec=1.73225   ev/simsec=15803.5
     Messages:  created: 1532047   present: 6022   in FES: 147
** Event #1627904   t=158.947909059822   Elapsed: 60.1914s (1m 00s)  31% completed  (65% total)
     Speed:     ev/sec=27258.1   simsec/sec=1.71224   ev/simsec=15919.6
     Messages:  created: 1590819   present: 6325   in FES: 165
** Event #1692160   t=162.951869177561   Elapsed: 62.1948s (1m 02s)  32% completed  (66% total)
     Speed:     ev/sec=32072.3   simsec/sec=1.99851   ev/simsec=16048.1
     Messages:  created: 1660114   present: 6611   in FES: 135
** Event #1751040   t=166.54099278427   Elapsed: 64.2131s (1m 04s)  33% completed  (66% total)
     Speed:     ev/sec=29173.8   simsec/sec=1.77833   ev/simsec=16405.1
     Messages:  created: 1723562   present: 6934   in FES: 145
** Event #1806080   t=170.026807501419   Elapsed: 66.2167s (1m 06s)  34% completed  (67% total)
     Speed:     ev/sec=27471   simsec/sec=1.7398   ev/simsec=15789.7
     Messages:  created: 1782204   present: 7197   in FES: 142
** Event #1861632   t=173.299497210532   Elapsed: 68.2177s (1m 08s)  34% completed  (67% total)
     Speed:     ev/sec=27761.3   simsec/sec=1.63548   ev/simsec=16974.4
     Messages:  created: 1840943   present: 7413   in FES: 140
** Event #1913856   t=176.540023055928   Elapsed: 70.223s (1m 10s)  35% completed  (67% total)
     Speed:     ev/sec=26042.6   simsec/sec=1.61595   ev/simsec=16115.9
     Messages:  created: 1896531   present: 7750   in FES: 150
** Event #1971456   t=180.049403762473   Elapsed: 72.2293s (1m 12s)  36% completed  (68% total)
     Speed:     ev/sec=28711   simsec/sec=1.74927   ev/simsec=16413.2
     Messages:  created: 1957470   present: 7944   in FES: 125
** Event #2023680   t=183.19767298596   Elapsed: 74.2302s (1m 14s)  36% completed  (68% total)
     Speed:     ev/sec=26099.6   simsec/sec=1.57339   ev/simsec=16588.2
     Messages:  created: 2012466   present: 8251   in FES: 154
** Event #2076672   t=186.531911062721   Elapsed: 76.2498s (1m 16s)  37% completed  (68% total)
     Speed:     ev/sec=26239   simsec/sec=1.65095   ev/simsec=15893.3
     Messages:  created: 2069448   present: 8512   in FES: 139
** Event #2131456   t=189.771888699979   Elapsed: 78.2526s (1m 18s)  37% completed  (68% total)
     Speed:     ev/sec=27353.2   simsec/sec=1.6177   ev/simsec=16908.8
     Messages:  created: 2128066   present: 8738   in FES: 131
** Event #2201600   t=193.539764410246   Elapsed: 80.2561s (1m 20s)  38% completed  (69% total)
     Speed:     ev/sec=35011   simsec/sec=1.88066   ev/simsec=18616.3
     Messages:  created: 2210285   present: 9107   in FES: 154
** Event #2266880   t=196.97096875185   Elapsed: 82.2563s (1m 22s)  39% completed  (69% total)
     Speed:     ev/sec=32636.8   simsec/sec=1.71543   ev/simsec=19025.4
     Messages:  created: 2287659   present: 9364   in FES: 154
** Event #2336256   t=197.350021872529   Elapsed: 84.26s (1m 24s)  39% completed  (69% total)
     Speed:     ev/sec=34624   simsec/sec=0.189177   ev/simsec=183024
     Messages:  created: 2381911   present: 9442   in FES: 135
** Event #2403072   t=199.587898421423   Elapsed: 86.27s (1m 26s)  39% completed  (69% total)
     Speed:     ev/sec=33241.5   simsec/sec=1.11336   ev/simsec=29856.9
     Messages:  created: 2465483   present: 9630   in FES: 155
** Event #2471680   t=203.456156524047   Elapsed: 88.2756s (1m 28s)  40% completed  (70% total)
     Speed:     ev/sec=34208.2   simsec/sec=1.92873   ev/simsec=17736.1
     Messages:  created: 2546490   present: 9932   in FES: 164
** Event #2537984   t=206.78975341209   Elapsed: 90.2846s (1m 30s)  41% completed  (70% total)
     Speed:     ev/sec=33003.6   simsec/sec=1.65934   ev/simsec=19889.6
     Messages:  created: 2625004   present: 10205   in FES: 154
** Event #2609152   t=210.53614785399   Elapsed: 92.2883s (1m 32s)  42% completed  (71% total)
     Speed:     ev/sec=35519   simsec/sec=1.86977   ev/simsec=18996.4
     Messages:  created: 2709084   present: 10483   in FES: 154
** Event #2685184   t=211.341567035511   Elapsed: 94.2915s (1m 34s)  42% completed  (71% total)
     Speed:     ev/sec=37954.8   simsec/sec=0.402061   ev/simsec=94400.5
     Messages:  created: 2810687   present: 10621   in FES: 146
** Event #2755328   t=213.536386689825   Elapsed: 96.2938s (1m 36s)  42% completed  (71% total)
     Speed:     ev/sec=35032.6   simsec/sec=1.09618   ev/simsec=31958.9
     Messages:  created: 2899607   present: 10766   in FES: 165
** Event #2824704   t=216.555151797739   Elapsed: 98.3034s (1m 38s)  43% completed  (71% total)
     Speed:     ev/sec=34522.3   simsec/sec=1.50217   ev/simsec=22981.6
     Messages:  created: 2981971   present: 11004   in FES: 151
** Event #2890496   t=219.551159844834   Elapsed: 100.308s (1m 40s)  43% completed  (71% total)
     Speed:     ev/sec=32823.3   simsec/sec=1.49469   ev/simsec=21959.9
     Messages:  created: 3059959   present: 11226   in FES: 156
** Event #2958848   t=223.048950697202   Elapsed: 102.311s (1m 42s)  44% completed  (72% total)
     Speed:     ev/sec=34113.1   simsec/sec=1.74568   ev/simsec=19541.5
     Messages:  created: 3140469   present: 11412   in FES: 138
** Event #3029504   t=226.680695531084   Elapsed: 104.316s (1m 44s)  45% completed  (72% total)
     Speed:     ev/sec=35250.7   simsec/sec=1.8119   ev/simsec=19455.1
     Messages:  created: 3223937   present: 11794   in FES: 179
** Event #3098624   t=230.207023217864   Elapsed: 106.317s (1m 46s)  46% completed  (73% total)
     Speed:     ev/sec=34544.3   simsec/sec=1.76236   ev/simsec=19601.1
     Messages:  created: 3306003   present: 12041   in FES: 167
** Event #3169792   t=234.038735754093   Elapsed: 108.319s (1m 48s)  46% completed  (73% total)
     Speed:     ev/sec=35543.4   simsec/sec=1.91367   ev/simsec=18573.4
     Messages:  created: 3390381   present: 12411   in FES: 183
** Event #3230464   t=241.68963405888   Elapsed: 110.324s (1m 50s)  48% completed  (74% total)
     Speed:     ev/sec=30258.4   simsec/sec=3.81567   ev/simsec=7930.05
     Messages:  created: 3446595   present: 2589   in FES: 128
** Event #3300352   t=246.085464472917   Elapsed: 112.331s (1m 52s)  49% completed  (74% total)
     Speed:     ev/sec=34833.8   simsec/sec=2.19098   ev/simsec=15898.7
     Messages:  created: 3525986   present: 2178   in FES: 149
** Event #3372288   t=249.528740086493   Elapsed: 114.335s (1m 54s)  49% completed  (74% total)
     Speed:     ev/sec=35884.7   simsec/sec=1.71765   ev/simsec=20891.7
     Messages:  created: 3612414   present: 2359   in FES: 124
** Event #3439872   t=252.557058829982   Elapsed: 116.342s (1m 56s)  50% completed  (75% total)
     Speed:     ev/sec=33670.6   simsec/sec=1.50872   ev/simsec=22317.3
     Messages:  created: 3693191   present: 2601   in FES: 124
** Event #3506688   t=255.597420228638   Elapsed: 118.347s (1m 58s)  51% completed  (75% total)
     Speed:     ev/sec=33334.1   simsec/sec=1.51682   ev/simsec=21976.3
     Messages:  created: 3772827   present: 2896   in FES: 154
** Event #3575552   t=258.777568748496   Elapsed: 120.352s (2m 00s)  51% completed  (75% total)
     Speed:     ev/sec=34336.5   simsec/sec=1.58566   ev/simsec=21654.3
     Messages:  created: 3855115   present: 3059   in FES: 123
** Event #3640064   t=261.656481892139   Elapsed: 122.353s (2m 02s)  52% completed  (76% total)
     Speed:     ev/sec=32242.8   simsec/sec=1.43887   ev/simsec=22408.5
     Messages:  created: 3932151   present: 3324   in FES: 134
** Event #3705600   t=270.091370648033   Elapsed: 124.36s (2m 04s)  54% completed  (77% total)
     Speed:     ev/sec=32649.5   simsec/sec=4.20219   ev/simsec=7769.63
     Messages:  created: 3992649   present: 4361   in FES: 145
** Event #3779840   t=280.054436971452   Elapsed: 126.364s (2m 06s)  56% completed  (78% total)
     Speed:     ev/sec=37045.2   simsec/sec=4.97149   ev/simsec=7451.52
     Messages:  created: 4060613   present: 5554   in FES: 154
** Event #3845632   t=288.587153801753   Elapsed: 128.371s (2m 08s)  57% completed  (78% total)
     Speed:     ev/sec=32796.7   simsec/sec=4.25348   ev/simsec=7710.56
     Messages:  created: 4121056   present: 6585   in FES: 146
** Event #3919872   t=298.574278328001   Elapsed: 130.374s (2m 10s)  59% completed  (79% total)
     Speed:     ev/sec=37056.5   simsec/sec=4.98502   ev/simsec=7433.57
     Messages:  created: 4189220   present: 7785   in FES: 154
** Event #3985664   t=307.527145082125   Elapsed: 132.377s (2m 12s)  61% completed  (80% total)
     Speed:     ev/sec=32847.6   simsec/sec=4.46985   ev/simsec=7348.71
     Messages:  created: 4249526   present: 8865   in FES: 152
** Event #4048128   t=315.587079090435   Elapsed: 134.384s (2m 14s)  63% completed  (81% total)
     Speed:     ev/sec=31124.4   simsec/sec=4.01609   ev/simsec=7749.94
     Messages:  created: 4307005   present: 9840   in FES: 154
** Event #4110336   t=324.040926021589   Elapsed: 136.386s (2m 16s)  64% completed  (82% total)
     Speed:     ev/sec=31071.1   simsec/sec=4.22245   ev/simsec=7358.54
     Messages:  created: 4364002   present: 10836   in FES: 147
** Event #4178944   t=333.060093802474   Elapsed: 138.39s (2m 18s)  66% completed  (83% total)
     Speed:     ev/sec=34242.3   simsec/sec=4.50147   ev/simsec=7606.91
     Messages:  created: 4427041   present: 11879   in FES: 133
** Event #4249088   t=342.091371452383   Elapsed: 140.393s (2m 20s)  68% completed  (84% total)
     Speed:     ev/sec=35004.7   simsec/sec=4.50698   ev/simsec=7766.79
     Messages:  created: 4491841   present: 12998   in FES: 144
** Event #4309248   t=349.609186311389   Elapsed: 142.404s (2m 22s)  69% completed  (84% total)
     Speed:     ev/sec=29928.3   simsec/sec=3.73996   ev/simsec=8002.33
     Messages:  created: 4545737   present: 13908   in FES: 148
** Event #4363776   t=355.540868470882   Elapsed: 144.417s (2m 24s)  71% completed  (85% total)
     Speed:     ev/sec=27084.6   simsec/sec=2.94633   ev/simsec=9192.67
     Messages:  created: 4592539   present: 14625   in FES: 162
** Event #4415488   t=360.530903207025   Elapsed: 146.424s (2m 26s)  72% completed  (86% total)
     Speed:     ev/sec=25764.1   simsec/sec=2.48615   ev/simsec=10363.1
     Messages:  created: 4638466   present: 15223   in FES: 162
** Event #4463360   t=364.539216032711   Elapsed: 148.433s (2m 28s)  72% completed  (86% total)
     Speed:     ev/sec=23822.5   simsec/sec=1.99466   ev/simsec=11943.2
     Messages:  created: 4682951   present: 5652   in FES: 171
** Event #4517632   t=369.538229623995   Elapsed: 150.452s (2m 30s)  73% completed  (86% total)
     Speed:     ev/sec=26881.5   simsec/sec=2.47607   ev/simsec=10856.5
     Messages:  created: 4731889   present: 1854   in FES: 142
** Event #4557824   t=373.529918896872   Elapsed: 152.464s (2m 32s)  74% completed  (87% total)
     Speed:     ev/sec=19974.9   simsec/sec=1.98382   ev/simsec=10068.9
     Messages:  created: 4763698   present: 2309   in FES: 136
** Event #4593408   t=376.569211479448   Elapsed: 154.478s (2m 34s)  75% completed  (87% total)
     Speed:     ev/sec=17671.2   simsec/sec=1.50933   ev/simsec=11708
     Messages:  created: 4790937   present: 2677   in FES: 135
** Event #4626432   t=379.544221798251   Elapsed: 156.514s (2m 36s)  75% completed  (87% total)
     Speed:     ev/sec=16221.8   simsec/sec=1.46136   ev/simsec=11100.5
     Messages:  created: 4815368   present: 3034   in FES: 137
** Event #4652032   t=381.549222721405   Elapsed: 158.546s (2m 38s)  76% completed  (88% total)
     Speed:     ev/sec=12598.4   simsec/sec=0.98671   ev/simsec=12768.1
     Messages:  created: 4833897   present: 3245   in FES: 125
** Event #4678144   t=383.555221142778   Elapsed: 160.569s (2m 40s)  76% completed  (88% total)
     Speed:     ev/sec=12908.4   simsec/sec=0.991663   ev/simsec=13017
     Messages:  created: 4852890   present: 3559   in FES: 148
** Event #4713472   t=386.530795741862   Elapsed: 162.587s (2m 42s)  77% completed  (88% total)
     Speed:     ev/sec=17501   simsec/sec=1.47406   ev/simsec=11872.7
     Messages:  created: 4877965   present: 3831   in FES: 124
** Event #4743168   t=388.571669651871   Elapsed: 164.596s (2m 44s)  77% completed  (88% total)
     Speed:     ev/sec=14781   simsec/sec=1.01583   ev/simsec=14550.6
     Messages:  created: 4899494   present: 4101   in FES: 130
** Event #4777216   t=391.52966362521   Elapsed: 166.609s (2m 46s)  78% completed  (89% total)
     Speed:     ev/sec=16918.5   simsec/sec=1.46983   ev/simsec=11510.5
     Messages:  created: 4923758   present: 4443   in FES: 128
** Event #4807936   t=394.026806356344   Elapsed: 168.614s (2m 48s)  78% completed  (89% total)
     Speed:     ev/sec=15318.5   simsec/sec=1.2452   ev/simsec=12302.1
     Messages:  created: 4946448   present: 4811   in FES: 150
** Event #4840704   t=396.547221307363   Elapsed: 170.625s (2m 50s)  79% completed  (89% total)
     Speed:     ev/sec=16301.5   simsec/sec=1.25386   ev/simsec=13001
     Messages:  created: 4970330   present: 5092   in FES: 141
** Event #4878080   t=399.553221094128   Elapsed: 172.631s (2m 52s)  79% completed  (89% total)
     Speed:     ev/sec=18627   simsec/sec=1.4981   ev/simsec=12433.8
     Messages:  created: 4997726   present: 5486   in FES: 151
** Event #4917248   t=402.572668369079   Elapsed: 174.639s (2m 54s)  80% completed  (90% total)
     Speed:     ev/sec=19510.2   simsec/sec=1.50403   ev/simsec=12971.9
     Messages:  created: 5026588   present: 5810   in FES: 137
** Event #4955392   t=405.593556959193   Elapsed: 176.657s (2m 56s)  81% completed  (90% total)
     Speed:     ev/sec=18895.5   simsec/sec=1.49646   ev/simsec=12626.7
     Messages:  created: 5054475   present: 6146   in FES: 132
** Event #4993536   t=408.882720960871   Elapsed: 178.666s (2m 58s)  81% completed  (90% total)
     Speed:     ev/sec=18992.7   simsec/sec=1.63775   ev/simsec=11596.9
     Messages:  created: 5082371   present: 6511   in FES: 122
** Event #5038336   t=412.542221637442   Elapsed: 180.68s (3m 00s)  82% completed  (91% total)
     Speed:     ev/sec=22244.6   simsec/sec=1.81706   ev/simsec=12242.1
     Messages:  created: 5114860   present: 6992   in FES: 137
** Event #5075200   t=415.533603523383   Elapsed: 182.706s (3m 02s)  83% completed  (91% total)
     Speed:     ev/sec=18190   simsec/sec=1.47606   ev/simsec=12323.4
     Messages:  created: 5141910   present: 7389   in FES: 150
** Event #5106176   t=417.777568748496   Elapsed: 184.718s (3m 04s)  83% completed  (91% total)
     Speed:     ev/sec=15394.5   simsec/sec=1.11521   ev/simsec=13804.1
     Messages:  created: 5164348   present: 7576   in FES: 122
** Event #5143808   t=420.597425868295   Elapsed: 186.721s (3m 06s)  84% completed  (92% total)
     Speed:     ev/sec=18791.4   simsec/sec=1.40808   ev/simsec=13345.4
     Messages:  created: 5191361   present: 8071   in FES: 185
** Event #5182208   t=423.679842174985   Elapsed: 188.738s (3m 08s)  84% completed  (92% total)
     Speed:     ev/sec=19034.7   simsec/sec=1.52794   ev/simsec=12457.8
     Messages:  created: 5219078   present: 8288   in FES: 123
** Event #5214976   t=426.534067757459   Elapsed: 190.741s (3m 10s)  85% completed  (92% total)
     Speed:     ev/sec=16363.6   simsec/sec=1.42533   ev/simsec=11480.5
     Messages:  created: 5242431   present: 8710   in FES: 154
** Event #5249792   t=429.075949271669   Elapsed: 192.741s (3m 12s)  85% completed  (92% total)
     Speed:     ev/sec=17405   simsec/sec=1.27072   ev/simsec=13696.9
     Messages:  created: 5267748   present: 9002   in FES: 144
** Event #5281792   t=431.591500068357   Elapsed: 194.764s (3m 14s)  86% completed  (93% total)
     Speed:     ev/sec=15820.1   simsec/sec=1.24364   ev/simsec=12720.9
     Messages:  created: 5290707   present: 9332   in FES: 152
** Event #5317632   t=434.55522262647   Elapsed: 196.773s (3m 16s)  86% completed  (93% total)
     Speed:     ev/sec=17842.3   simsec/sec=1.47543   ev/simsec=12092.9
     Messages:  created: 5316550   present: 9608   in FES: 127
** Event #5352192   t=437.089890678695   Elapsed: 198.773s (3m 18s)  87% completed  (93% total)
     Speed:     ev/sec=17275.8   simsec/sec=1.26702   ev/simsec=13634.9
     Messages:  created: 5341382   present: 9929   in FES: 130
** Event #5382400   t=439.591903080024   Elapsed: 200.776s (3m 20s)  87% completed  (93% total)
     Speed:     ev/sec=15081.8   simsec/sec=1.24917   ev/simsec=12073.5
     Messages:  created: 5363141   present: 10273   in FES: 145
** Event #5417472   t=442.587219385271   Elapsed: 202.795s (3m 22s)  88% completed  (94% total)
     Speed:     ev/sec=17368.9   simsec/sec=1.48338   ev/simsec=11708.9
     Messages:  created: 5388962   present: 10598   in FES: 133
** Event #5459456   t=446.543001974827   Elapsed: 204.799s (3m 24s)  89% completed  (94% total)
     Speed:     ev/sec=20948.5   simsec/sec=1.9738   ev/simsec=10613.3
     Messages:  created: 5420306   present: 11115   in FES: 150
** Event #5497088   t=449.607210272535   Elapsed: 206.809s (3m 26s)  89% completed  (94% total)
     Speed:     ev/sec=18723.3   simsec/sec=1.52456   ev/simsec=12281.1
     Messages:  created: 5448549   present: 11493   in FES: 153
** Event #5539584   t=453.561623699983   Elapsed: 208.824s (3m 28s)  90% completed  (95% total)
     Speed:     ev/sec=21095.2   simsec/sec=1.96299   ev/simsec=10746.5
     Messages:  created: 5480093   present: 11906   in FES: 132
** Event #5581824   t=457.091371823286   Elapsed: 210.826s (3m 30s)  91% completed  (95% total)
     Speed:     ev/sec=21097   simsec/sec=1.76295   ev/simsec=11966.9
     Messages:  created: 5511591   present: 12313   in FES: 125
** Event #5623040   t=460.593540424309   Elapsed: 212.829s (3m 32s)  92% completed  (96% total)
     Speed:     ev/sec=20580.2   simsec/sec=1.74873   ev/simsec=11768.7
     Messages:  created: 5543885   present: 12795   in FES: 151
** Event #5669120   t=464.581015755213   Elapsed: 214.85s (3m 34s)  92% completed  (96% total)
     Speed:     ev/sec=22803.1   simsec/sec=1.97324   ev/simsec=11556.2
     Messages:  created: 5580278   present: 13172   in FES: 124
** Event #5719040   t=469.244080144894   Elapsed: 216.853s (3m 36s)  93% completed  (96% total)
     Speed:     ev/sec=24920.4   simsec/sec=2.32783   ev/simsec=10705.4
     Messages:  created: 5621740   present: 13704   in FES: 122
** Event #5788672   t=474.551554471451   Elapsed: 218.856s (3m 38s)  94% completed  (97% total)
     Speed:     ev/sec=34766.6   simsec/sec=2.64997   ev/simsec=13119.6
     Messages:  created: 5689124   present: 14356   in FES: 155
** Event #5878784   t=477.180077005586   Elapsed: 220.857s (3m 40s)  95% completed  (97% total)
     Speed:     ev/sec=45028.5   simsec/sec=1.31346   ev/simsec=34282.4
     Messages:  created: 5795613   present: 14510   in FES: 175
** Event #5974528   t=479.594193919296   Elapsed: 222.862s (3m 42s)  95% completed  (97% total)
     Speed:     ev/sec=47741.4   simsec/sec=1.20376   ev/simsec=39660.1
     Messages:  created: 5913406   present: 14598   in FES: 142
** Event #6050048   t=487.567111128413   Elapsed: 224.874s (3m 44s)  97% completed  (98% total)
     Speed:     ev/sec=37546.5   simsec/sec=3.96392   ev/simsec=9472.07
     Messages:  created: 5978877   present: 15559   in FES: 173
** Event #6115584   t=494.594889622049   Elapsed: 226.882s (3m 46s)  98% completed  (99% total)
     Speed:     ev/sec=32626.3   simsec/sec=3.49869   ev/simsec=9325.28
     Messages:  created: 6034104   present: 6510   in FES: 134
** Event #6161343   t=500   Elapsed: 228.219s (3m 48s)  100% completed  (100% total)
     Speed:     ev/sec=34221.3   simsec/sec=4.03931   ev/simsec=8472.07
     Messages:  created: 6073550   present: 2222   in FES: 122

<!> Simulation time limit reached -- at t=500s, event #6161343
undisposed object: (omnetpp::cMessage) FanetSarNetwork.groundStation.app.debugTimer -- check module destructor
undisposed object: (omnetpp::cMessage) FanetSarNetwork.uav[0].app.debugTimer -- check module destructor
undisposed object: (omnetpp::cMessage) FanetSarNetwork.uav[1].app.debugTimer -- check module destructor
undisposed object: (omnetpp::cMessage) FanetSarNetwork.uav[2].app.debugTimer -- check module destructor
undisposed object: (omnetpp::cMessage) FanetSarNetwork.uav[3].app.debugTimer -- check module destructor
undisposed object: (omnetpp::cMessage) FanetSarNetwork.uav[4].app.debugTimer -- check module destructor
undisposed object: (omnetpp::cMessage) FanetSarNetwork.uav[5].app.debugTimer -- check module destructor
undisposed object: (omnetpp::cMessage) FanetSarNetwork.uav[6].app.debugTimer -- check module destructor
undisposed object: (omnetpp::cMessage) FanetSarNetwork.uav[7].app.debugTimer -- check module destructor
undisposed object: (omnetpp::cMessage) FanetSarNetwork.uav[8].app.debugTimer -- check module destructor
undisposed object: (omnetpp::cMessage) FanetSarNetwork.uav[9].app.debugTimer -- check module destructor
undisposed object: (omnetpp::cMessage) FanetSarNetwork.uav[10].app.debugTimer -- check module destructor
undisposed object: (omnetpp::cMessage) FanetSarNetwork.uav[11].app.debugTimer -- check module destructor
undisposed object: (omnetpp::cMessage) FanetSarNetwork.uav[12].app.debugTimer -- check module destructor
undisposed object: (omnetpp::cMessage) FanetSarNetwork.uav[13].app.debugTimer -- check module destructor
undisposed object: (omnetpp::cMessage) FanetSarNetwork.uav[14].app.debugTimer -- check module destructor
undisposed object: (omnetpp::cMessage) FanetSarNetwork.uav[15].app.debugTimer -- check module destructor
undisposed object: (omnetpp::cMessage) FanetSarNetwork.uav[16].app.debugTimer -- check module destructor
undisposed object: (omnetpp::cMessage) FanetSarNetwork.uav[17].app.debugTimer -- check module destructor
undisposed object: (omnetpp::cMessage) FanetSarNetwork.uav[18].app.debugTimer -- check module destructor
undisposed object: (omnetpp::cMessage) FanetSarNetwork.uav[19].app.debugTimer -- check module destructor
undisposed object: (omnetpp::cMessage) FanetSarNetwork.uav[20].app.debugTimer -- check module destructor
undisposed object: (omnetpp::cMessage) FanetSarNetwork.uav[21].app.debugTimer -- check module destructor
undisposed object: (omnetpp::cMessage) FanetSarNetwork.uav[22].app.debugTimer -- check module destructor
undisposed object: (omnetpp::cMessage) FanetSarNetwork.uav[23].app.debugTimer -- check module destructor
undisposed object: (omnetpp::cMessage) FanetSarNetwork.uav[24].app.debugTimer -- check module destructor
undisposed object: (omnetpp::cMessage) FanetSarNetwork.uav[25].app.debugTimer -- check module destructor
undisposed object: (omnetpp::cMessage) FanetSarNetwork.uav[26].app.debugTimer -- check module destructor
undisposed object: (omnetpp::cMessage) FanetSarNetwork.uav[27].app.debugTimer -- check module destructor
undisposed object: (omnetpp::cMessage) FanetSarNetwork.uav[28].app.debugTimer -- check module destructor
undisposed object: (omnetpp::cMessage) FanetSarNetwork.uav[29].app.debugTimer -- check module destructor
