** Event #0   t=0   Elapsed: 1.8e-05s (0m 00s)  0% completed  (0% total)
     Speed:     ev/sec=0   simsec/sec=0   ev/simsec=0
     Messages:  created: 418   present: 418   in FES: 66
** Event #94976   t=88.033545434286   Elapsed: 2.00417s (0m 02s)  17% completed  (8% total)
     Speed:     ev/sec=47390.2   simsec/sec=43.9257   ev/simsec=1078.87
     Messages:  created: 76046   present: 429   in FES: 54
** Event #194560   t=167.064535509096   Elapsed: 4.00745s (0m 04s)  33% completed  (16% total)
     Speed:     ev/sec=49710.3   simsec/sec=39.4506   ev/simsec=1260.06
     Messages:  created: 152423   present: 2751   in FES: 44
** Event #270080   t=216.538675971761   Elapsed: 6.01693s (0m 06s)  43% completed  (21% total)
     Speed:     ev/sec=37581.9   simsec/sec=24.6204   ev/simsec=1526.45
     Messages:  created: 205052   present: 4737   in FES: 46
** Event #341248   t=268.073235665035   Elapsed: 8.02186s (0m 08s)  53% completed  (26% total)
     Speed:     ev/sec=35496.5   simsec/sec=25.7039   ev/simsec=1380.98
     Messages:  created: 258142   present: 1723   in FES: 43
** Event #413440   t=330.071229124907   Elapsed: 10.0235s (0m 10s)  66% completed  (33% total)
     Speed:     ev/sec=36067.3   simsec/sec=30.9743   ev/simsec=1164.42
     Messages:  created: 313326   present: 4205   in FES: 44
** Event #486400   t=386.544814142141   Elapsed: 12.0278s (0m 12s)  77% completed  (38% total)
     Speed:     ev/sec=36400.3   simsec/sec=28.1751   ev/simsec=1291.93
     Messages:  created: 368897   present: 1386   in FES: 44
** Event #553728   t=438.564861935504   Elapsed: 14.0341s (0m 14s)  87% completed  (43% total)
     Speed:     ev/sec=33558.1   simsec/sec=25.9282   ev/simsec=1294.27
     Messages:  created: 418808   present: 3498   in FES: 53
** Event #618496   t=454.460569903165   Elapsed: 16.0357s (0m 16s)  90% completed  (45% total)
     Speed:     ev/sec=32358   simsec/sec=7.94148   ev/simsec=4074.56
     Messages:  created: 487005   present: 3803   in FES: 52
** Event #682496   t=470.448278237775   Elapsed: 18.0359s (0m 18s)  94% completed  (47% total)
     Speed:     ev/sec=31997   simsec/sec=7.99311   ev/simsec=4003.08
     Messages:  created: 554866   present: 4125   in FES: 51
** Event #748800   t=480.838275951507   Elapsed: 20.0409s (0m 20s)  96% completed  (48% total)
     Speed:     ev/sec=33069.1   simsec/sec=5.18201   ev/simsec=6381.52
     Messages:  created: 631318   present: 3281   in FES: 52
** Event #808192   t=490.947700683115   Elapsed: 22.048s (0m 22s)  98% completed  (49% total)
     Speed:     ev/sec=29591.2   simsec/sec=5.03688   ev/simsec=5874.91
     Messages:  created: 697921   present: 1734   in FES: 53
** Event #847086   t=500   Elapsed: 23.323s (0m 23s)  100% completed  (50% total)
     Speed:     ev/sec=30504.9   simsec/sec=7.08824   ev/simsec=4303.59
     Messages:  created: 739906   present: 1917   in FES: 45

<!> Simulation time limit reached -- at t=500s, event #847086
undisposed object: (omnetpp::cMessage) FanetSarNetwork.groundStation.app.debugTimer -- check module destructor
undisposed object: (omnetpp::cMessage) FanetSarNetwork.uav[0].app.debugTimer -- check module destructor
undisposed object: (omnetpp::cMessage) FanetSarNetwork.uav[1].app.debugTimer -- check module destructor
undisposed object: (omnetpp::cMessage) FanetSarNetwork.uav[2].app.debugTimer -- check module destructor
undisposed object: (omnetpp::cMessage) FanetSarNetwork.uav[3].app.debugTimer -- check module destructor
undisposed object: (omnetpp::cMessage) FanetSarNetwork.uav[4].app.debugTimer -- check module destructor
undisposed object: (omnetpp::cMessage) FanetSarNetwork.uav[5].app.debugTimer -- check module destructor
undisposed object: (omnetpp::cMessage) FanetSarNetwork.uav[6].app.debugTimer -- check module destructor
undisposed object: (omnetpp::cMessage) FanetSarNetwork.uav[7].app.debugTimer -- check module destructor
undisposed object: (omnetpp::cMessage) FanetSarNetwork.uav[8].app.debugTimer -- check module destructor
undisposed object: (omnetpp::cMessage) FanetSarNetwork.uav[9].app.debugTimer -- check module destructor
