** Event #0   t=0   Elapsed: 1.7e-05s (0m 00s)  0% completed  (0% total)
     Speed:     ev/sec=0   simsec/sec=0   ev/simsec=0
     Messages:  created: 1178   present: 1178   in FES: 186
** Event #57856   t=5.515607650117   Elapsed: 2.00028s (0m 02s)  1% completed  (0% total)
     Speed:     ev/sec=28924.6   simsec/sec=2.75743   ev/simsec=10489.7
     Messages:  created: 48208   present: 1214   in FES: 147
** Event #109824   t=10.520643662907   Elapsed: 4.00806s (0m 04s)  2% completed  (1% total)
     Speed:     ev/sec=25883.4   simsec/sec=2.49283   ev/simsec=10383.1
     Messages:  created: 90420   present: 1303   in FES: 174
** Event #151296   t=14.52064355687   Elapsed: 6.01306s (0m 06s)  2% completed  (1% total)
     Speed:     ev/sec=20684.2   simsec/sec=1.99501   ev/simsec=10368
     Messages:  created: 123276   present: 1233   in FES: 152
** Event #183296   t=17.518609424431   Elapsed: 8.02508s (0m 08s)  3% completed  (1% total)
     Speed:     ev/sec=15904.5   simsec/sec=1.49003   ev/simsec=10673.9
     Messages:  created: 148099   present: 1176   in FES: 133
** Event #215552   t=20.518608650732   Elapsed: 10.0404s (0m 10s)  4% completed  (2% total)
     Speed:     ev/sec=16005.7   simsec/sec=1.48863   ev/simsec=10752
     Messages:  created: 173277   present: 1204   in FES: 143
** Event #247040   t=23.51363316798   Elapsed: 12.0658s (0m 12s)  4% completed  (2% total)
     Speed:     ev/sec=15546.2   simsec/sec=1.47869   ev/simsec=10513.4
     Messages:  created: 197704   present: 1156   in FES: 129
** Event #276480   t=26.074705937315   Elapsed: 14.0669s (0m 14s)  5% completed  (2% total)
     Speed:     ev/sec=14711.8   simsec/sec=1.27982   ev/simsec=11495.2
     Messages:  created: 220306   present: 1175   in FES: 138
** Event #304128   t=28.519644502488   Elapsed: 16.0929s (0m 16s)  5% completed  (2% total)
     Speed:     ev/sec=13646.7   simsec/sec=1.20679   ev/simsec=11308.3
     Messages:  created: 241146   present: 1193   in FES: 140
** Event #329472   t=30.609079875126   Elapsed: 18.1043s (0m 18s)  6% completed  (3% total)
     Speed:     ev/sec=12600.5   simsec/sec=1.03882   ev/simsec=12129.6
     Messages:  created: 260207   present: 1208   in FES: 154
** Event #360192   t=33.510632358322   Elapsed: 20.109s (0m 20s)  6% completed  (3% total)
     Speed:     ev/sec=15323.7   simsec/sec=1.44735   ev/simsec=10587.4
     Messages:  created: 282840   present: 1208   in FES: 151
** Event #386048   t=35.552437998051   Elapsed: 22.131s (0m 22s)  7% completed  (3% total)
     Speed:     ev/sec=12787.1   simsec/sec=1.00978   ev/simsec=12663.3
     Messages:  created: 302403   present: 1192   in FES: 154
** Event #410624   t=37.587553752649   Elapsed: 24.1506s (0m 24s)  7% completed  (3% total)
     Speed:     ev/sec=12169   simsec/sec=1.0077   ev/simsec=12076
     Messages:  created: 320686   present: 1190   in FES: 145
** Event #435200   t=39.591041476024   Elapsed: 26.1861s (0m 26s)  7% completed  (3% total)
     Speed:     ev/sec=12073.4   simsec/sec=0.984252   ev/simsec=12266.6
     Messages:  created: 338612   present: 1124   in FES: 125
** Event #459264   t=41.583822019094   Elapsed: 28.217s (0m 28s)  8% completed  (4% total)
     Speed:     ev/sec=11849.3   simsec/sec=0.981265   ev/simsec=12075.6
     Messages:  created: 356122   present: 1175   in FES: 140
** Event #483072   t=43.580826457392   Elapsed: 30.2187s (0m 30s)  8% completed  (4% total)
     Speed:     ev/sec=11893.9   simsec/sec=0.997657   ev/simsec=11921.9
     Messages:  created: 373411   present: 1197   in FES: 147
** Event #507392   t=45.575826355683   Elapsed: 32.2294s (0m 32s)  9% completed  (4% total)
     Speed:     ev/sec=12095   simsec/sec=0.992165   ev/simsec=12190.5
     Messages:  created: 390938   present: 1210   in FES: 153
** Event #530944   t=47.513632946281   Elapsed: 34.2483s (0m 34s)  9% completed  (4% total)
     Speed:     ev/sec=11665.7   simsec/sec=0.959829   ev/simsec=12153.9
     Messages:  created: 407638   present: 1171   in FES: 136
** Event #553472   t=49.093789207033   Elapsed: 36.2531s (0m 36s)  9% completed  (4% total)
     Speed:     ev/sec=11237.1   simsec/sec=0.788191   ev/simsec=14256.8
     Messages:  created: 423948   present: 1183   in FES: 144
** Event #574208   t=51.012536533082   Elapsed: 38.258s (0m 38s)  10% completed  (5% total)
     Speed:     ev/sec=10342.7   simsec/sec=0.957029   ev/simsec=10807.1
     Messages:  created: 438522   present: 1198   in FES: 149
** Event #596992   t=52.586164227784   Elapsed: 40.2875s (0m 40s)  10% completed  (5% total)
     Speed:     ev/sec=11226.6   simsec/sec=0.77539   ev/simsec=14478.6
     Messages:  created: 454642   present: 1169   in FES: 138
** Event #620544   t=54.514633040548   Elapsed: 42.2911s (0m 42s)  10% completed  (5% total)
     Speed:     ev/sec=11754.6   simsec/sec=0.96248   ev/simsec=12212.8
     Messages:  created: 471550   present: 1166   in FES: 135
** Event #644864   t=56.509872531016   Elapsed: 44.3005s (0m 44s)  11% completed  (5% total)
     Speed:     ev/sec=12103.3   simsec/sec=0.992971   ev/simsec=12189
     Messages:  created: 489148   present: 1197   in FES: 148
** Event #669696   t=58.509632904712   Elapsed: 46.3459s (0m 46s)  11% completed  (5% total)
     Speed:     ev/sec=12140.1   simsec/sec=0.977661   ev/simsec=12417.5
     Messages:  created: 507207   present: 1157   in FES: 136
** Event #694784   t=60.510653903515   Elapsed: 48.3857s (0m 48s)  12% completed  (6% total)
     Speed:     ev/sec=12299.4   simsec/sec=0.981004   ev/simsec=12537.6
     Messages:  created: 525600   present: 1151   in FES: 132
** Event #721408   t=62.587404088178   Elapsed: 50.4047s (0m 50s)  12% completed  (6% total)
     Speed:     ev/sec=13187   simsec/sec=1.02863   ev/simsec=12820
     Messages:  created: 545074   present: 1141   in FES: 130
** Event #751104   t=65.059954675234   Elapsed: 52.405s (0m 52s)  13% completed  (6% total)
     Speed:     ev/sec=14845.7   simsec/sec=1.23608   ev/simsec=12010.3
     Messages:  created: 567266   present: 1204   in FES: 151
** Event #780544   t=67.513502139863   Elapsed: 54.4089s (0m 54s)  13% completed  (6% total)
     Speed:     ev/sec=14691.3   simsec/sec=1.22438   ev/simsec=11999
     Messages:  created: 588669   present: 1127   in FES: 124
** Event #807680   t=69.591272947698   Elapsed: 56.4229s (0m 56s)  13% completed  (6% total)
     Speed:     ev/sec=13473.2   simsec/sec=1.03163   ev/simsec=13060.2
     Messages:  created: 608813   present: 1342   in FES: 216
** Event #841728   t=72.524695610458   Elapsed: 58.4491s (0m 58s)  14% completed  (7% total)
     Speed:     ev/sec=16804.6   simsec/sec=1.44781   ev/simsec=11606.9
     Messages:  created: 633957   present: 1194   in FES: 154
** Event #866816   t=74.580402898235   Elapsed: 60.4602s (1m 00s)  14% completed  (7% total)
     Speed:     ev/sec=12474.4   simsec/sec=1.02215   ev/simsec=12204.1
     Messages:  created: 652268   present: 1184   in FES: 145
** Event #892416   t=76.58798533933   Elapsed: 62.4987s (1m 02s)  15% completed  (7% total)
     Speed:     ev/sec=12558.5   simsec/sec=0.98485   ev/simsec=12751.7
     Messages:  created: 671380   present: 1190   in FES: 141
** Event #916224   t=78.582402955057   Elapsed: 64.5265s (1m 04s)  15% completed  (7% total)
     Speed:     ev/sec=11740.7   simsec/sec=0.983529   ev/simsec=11937.3
     Messages:  created: 688613   present: 1193   in FES: 146
** Event #939264   t=80.522813711418   Elapsed: 66.5618s (1m 06s)  16% completed  (8% total)
     Speed:     ev/sec=11320.4   simsec/sec=0.953399   ev/simsec=11873.8
     Messages:  created: 705228   present: 1180   in FES: 143
** Event #964096   t=82.579755996274   Elapsed: 68.5803s (1m 08s)  16% completed  (8% total)
     Speed:     ev/sec=12301.9   simsec/sec=1.01902   ev/simsec=12072.3
     Messages:  created: 723650   present: 1174   in FES: 141
** Event #988672   t=84.58740383694   Elapsed: 70.5812s (1m 10s)  16% completed  (8% total)
     Speed:     ev/sec=12282.2   simsec/sec=1.00335   ev/simsec=12241.2
     Messages:  created: 742148   present: 1166   in FES: 133
** Event #1016320   t=87.070968756385   Elapsed: 72.5822s (1m 12s)  17% completed  (8% total)
     Speed:     ev/sec=13817.6   simsec/sec=1.2412   ev/simsec=11132.4
     Messages:  created: 763080   present: 1147   in FES: 132
** Event #1042176   t=89.082431408808   Elapsed: 74.5902s (1m 14s)  17% completed  (8% total)
     Speed:     ev/sec=12876.4   simsec/sec=1.00172   ev/simsec=12854.3
     Messages:  created: 782112   present: 1159   in FES: 134
** Event #1068032   t=91.517669582597   Elapsed: 76.624s (1m 16s)  18% completed  (9% total)
     Speed:     ev/sec=12713   simsec/sec=1.19737   ev/simsec=10617.4
     Messages:  created: 801204   present: 1150   in FES: 133
** Event #1092608   t=93.525669654021   Elapsed: 78.6379s (1m 18s)  18% completed  (9% total)
     Speed:     ev/sec=12203   simsec/sec=0.997059   ev/simsec=12239
     Messages:  created: 819320   present: 1135   in FES: 128
** Event #1119744   t=95.591844343543   Elapsed: 80.6582s (1m 20s)  19% completed  (9% total)
     Speed:     ev/sec=13431.6   simsec/sec=1.0227   ev/simsec=13133.4
     Messages:  created: 840102   present: 1195   in FES: 142
** Event #1152000   t=98.56227945856   Elapsed: 82.6769s (1m 22s)  19% completed  (9% total)
     Speed:     ev/sec=15979   simsec/sec=1.47149   ev/simsec=10859
     Messages:  created: 864388   present: 1272   in FES: 173
** Event #1187584   t=101.559280829632   Elapsed: 84.6815s (1m 24s)  20% completed  (10% total)
     Speed:     ev/sec=17750.8   simsec/sec=1.49503   ev/simsec=11873.2
     Messages:  created: 892068   present: 1321   in FES: 164
** Event #1217024   t=103.601684069819   Elapsed: 86.7083s (1m 26s)  20% completed  (10% total)
     Speed:     ev/sec=14525.6   simsec/sec=1.00771   ev/simsec=14414.4
     Messages:  created: 915530   present: 1732   in FES: 215
** Event #1252096   t=106.5804027857   Elapsed: 88.7229s (1m 28s)  21% completed  (10% total)
     Speed:     ev/sec=17408.8   simsec/sec=1.47856   ev/simsec=11774.2
     Messages:  created: 942348   present: 1982   in FES: 183
** Event #1279232   t=108.592904040225   Elapsed: 90.7478s (1m 30s)  21% completed  (10% total)
     Speed:     ev/sec=13401.1   simsec/sec=0.99387   ev/simsec=13483.7
     Messages:  created: 963396   present: 1636   in FES: 161
** Event #1310208   t=111.098992194648   Elapsed: 92.7513s (1m 32s)  22% completed  (11% total)
     Speed:     ev/sec=15461.5   simsec/sec=1.2509   ev/simsec=12360.3
     Messages:  created: 986407   present: 1525   in FES: 149
** Event #1337088   t=113.58340316643   Elapsed: 94.7695s (1m 34s)  22% completed  (11% total)
     Speed:     ev/sec=13318.6   simsec/sec=1.23099   ev/simsec=10819.5
     Messages:  created: 1006573   present: 1818   in FES: 144
** Event #1362688   t=116.005503189737   Elapsed: 96.7739s (1m 36s)  23% completed  (11% total)
     Speed:     ev/sec=12772.2   simsec/sec=1.20842   ev/simsec=10569.3
     Messages:  created: 1025716   present: 2055   in FES: 130
** Event #1393152   t=118.579642551266   Elapsed: 98.7923s (1m 38s)  23% completed  (11% total)
     Speed:     ev/sec=15092.8   simsec/sec=1.2753   ev/simsec=11834.6
     Messages:  created: 1048692   present: 2437   in FES: 154
** Event #1422592   t=121.071988793839   Elapsed: 100.795s (1m 40s)  24% completed  (12% total)
     Speed:     ev/sec=14696.8   simsec/sec=1.24421   ev/simsec=11812.2
     Messages:  created: 1070997   present: 2724   in FES: 154
** Event #1452800   t=123.600420873639   Elapsed: 102.813s (1m 42s)  24% completed  (12% total)
     Speed:     ev/sec=14975.1   simsec/sec=1.25343   ev/simsec=11947.3
     Messages:  created: 1093846   present: 3029   in FES: 154
** Event #1483776   t=126.582402711334   Elapsed: 104.836s (1m 44s)  25% completed  (12% total)
     Speed:     ev/sec=15310.5   simsec/sec=1.4739   ev/simsec=10387.7
     Messages:  created: 1117516   present: 3497   in FES: 184
** Event #1516288   t=129.594375943032   Elapsed: 106.855s (1m 46s)  25% completed  (12% total)
     Speed:     ev/sec=16099.8   simsec/sec=1.49152   ev/simsec=10794.3
     Messages:  created: 1142895   present: 3671   in FES: 124
** Event #1547008   t=132.604125141645   Elapsed: 108.868s (1m 48s)  26% completed  (13% total)
     Speed:     ev/sec=15260.8   simsec/sec=1.49516   ev/simsec=10206.8
     Messages:  created: 1167416   present: 4083   in FES: 140
** Event #1583360   t=136.554405683647   Elapsed: 110.875s (1m 50s)  27% completed  (13% total)
     Speed:     ev/sec=18117   simsec/sec=1.96873   ev/simsec=9202.38
     Messages:  created: 1196580   present: 4546   in FES: 137
** Event #1621504   t=140.539287259689   Elapsed: 112.877s (1m 52s)  28% completed  (14% total)
     Speed:     ev/sec=19047.4   simsec/sec=1.98987   ev/simsec=9572.18
     Messages:  created: 1227333   present: 5043   in FES: 145
** Event #1660416   t=144.539287103798   Elapsed: 114.881s (1m 54s)  28% completed  (14% total)
     Speed:     ev/sec=19421.5   simsec/sec=1.99645   ev/simsec=9728
     Messages:  created: 1258745   present: 5541   in FES: 151
** Event #1698816   t=148.525560714844   Elapsed: 116.899s (1m 56s)  29% completed  (14% total)
     Speed:     ev/sec=19032   simsec/sec=1.9757   ev/simsec=9633.06
     Messages:  created: 1289703   present: 6001   in FES: 145
** Event #1738752   t=152.548248198063   Elapsed: 118.922s (1m 58s)  30% completed  (15% total)
     Speed:     ev/sec=19736   simsec/sec=1.98797   ev/simsec=9927.69
     Messages:  created: 1321978   present: 6505   in FES: 154
** Event #1779968   t=156.593092684852   Elapsed: 120.936s (2m 00s)  31% completed  (15% total)
     Speed:     ev/sec=20464.6   simsec/sec=2.00835   ev/simsec=10189.8
     Messages:  created: 1355360   present: 6956   in FES: 139
** Event #1816320   t=160.549287812203   Elapsed: 122.939s (2m 02s)  32% completed  (16% total)
     Speed:     ev/sec=18145.9   simsec/sec=1.97483   ev/simsec=9188.63
     Messages:  created: 1384726   present: 7440   in FES: 143
** Event #1855232   t=164.554325630317   Elapsed: 124.95s (2m 04s)  32% completed  (16% total)
     Speed:     ev/sec=19356.7   simsec/sec=1.9923   ev/simsec=9715.76
     Messages:  created: 1416262   present: 7959   in FES: 155
** Event #1895424   t=168.580103904223   Elapsed: 126.97s (2m 06s)  33% completed  (16% total)
     Speed:     ev/sec=19896.6   simsec/sec=1.99291   ev/simsec=9983.66
     Messages:  created: 1448942   present: 8425   in FES: 148
** Event #1934336   t=172.581410543396   Elapsed: 128.985s (2m 08s)  34% completed  (17% total)
     Speed:     ev/sec=19303.9   simsec/sec=1.98502   ev/simsec=9724.82
     Messages:  created: 1480579   present: 8924   in FES: 154
** Event #1974528   t=176.612044904932   Elapsed: 130.995s (2m 10s)  35% completed  (17% total)
     Speed:     ev/sec=20003.3   simsec/sec=2.00602   ev/simsec=9971.63
     Messages:  created: 1513198   present: 9377   in FES: 144
** Event #2013696   t=181.00550269912   Elapsed: 132.997s (2m 12s)  36% completed  (18% total)
     Speed:     ev/sec=19563.9   simsec/sec=2.19447   ev/simsec=8915.07
     Messages:  created: 1544816   present: 9873   in FES: 136
** Event #2053632   t=185.040666183868   Elapsed: 134.997s (2m 14s)  37% completed  (18% total)
     Speed:     ev/sec=19965   simsec/sec=2.01728   ev/simsec=9897
     Messages:  created: 1577335   present: 10359   in FES: 135
** Event #2092288   t=189.040668117118   Elapsed: 137.001s (2m 17s)  37% completed  (18% total)
     Speed:     ev/sec=19292.3   simsec/sec=1.99631   ev/simsec=9664
     Messages:  created: 1608759   present: 10829   in FES: 131
** Event #2131712   t=193.0709166578   Elapsed: 139.003s (2m 19s)  38% completed  (19% total)
     Speed:     ev/sec=19692.7   simsec/sec=2.01315   ev/simsec=9782.03
     Messages:  created: 1640880   present: 11363   in FES: 154
** Event #2170880   t=197.072054125154   Elapsed: 141.01s (2m 21s)  39% completed  (19% total)
     Speed:     ev/sec=19509.3   simsec/sec=1.99293   ev/simsec=9789.22
     Messages:  created: 1672716   present: 11820   in FES: 141
** Event #2213376   t=201.575016620374   Elapsed: 143.022s (2m 23s)  40% completed  (20% total)
     Speed:     ev/sec=21124.7   simsec/sec=2.23842   ev/simsec=9437.34
     Messages:  created: 1707476   present: 12364   in FES: 143
** Event #2253568   t=206.059958159602   Elapsed: 145.023s (2m 25s)  41% completed  (20% total)
     Speed:     ev/sec=20083.9   simsec/sec=2.24112   ev/simsec=8961.54
     Messages:  created: 1741248   present: 12894   in FES: 141
** Event #2300672   t=211.583811382413   Elapsed: 147.032s (2m 27s)  42% completed  (21% total)
     Speed:     ev/sec=23450.1   simsec/sec=2.74998   ev/simsec=8527.38
     Messages:  created: 1782351   present: 13583   in FES: 147
** Event #2356480   t=218.596704832251   Elapsed: 149.034s (2m 29s)  43% completed  (21% total)
     Speed:     ev/sec=27880.6   simsec/sec=3.50351   ev/simsec=7957.91
     Messages:  created: 1832625   present: 14433   in FES: 151
** Event #2415872   t=226.525699127464   Elapsed: 151.036s (2m 31s)  45% completed  (22% total)
     Speed:     ev/sec=29666   simsec/sec=3.96049   ev/simsec=7490.48
     Messages:  created: 1886553   present: 15384   in FES: 154
** Event #2479360   t=234.569212553829   Elapsed: 153.044s (2m 33s)  46% completed  (23% total)
     Speed:     ev/sec=31614   simsec/sec=4.00529   ev/simsec=7893.07
     Messages:  created: 1944403   present: 15837   in FES: 169
** Event #2538496   t=242.080271218925   Elapsed: 155.047s (2m 35s)  48% completed  (24% total)
     Speed:     ev/sec=29526.5   simsec/sec=3.75025   ev/simsec=7873.19
     Messages:  created: 1998282   present: 2054   in FES: 146
** Event #2596352   t=249.585379951464   Elapsed: 157.051s (2m 37s)  49% completed  (24% total)
     Speed:     ev/sec=28861.8   simsec/sec=3.74397   ev/simsec=7708.88
     Messages:  created: 2050908   present: 2968   in FES: 154
** Event #2656768   t=257.53670982571   Elapsed: 159.054s (2m 39s)  51% completed  (25% total)
     Speed:     ev/sec=30173.7   simsec/sec=3.97115   ev/simsec=7598.23
     Messages:  created: 2105777   present: 3875   in FES: 138
** Event #2720000   t=265.577863724245   Elapsed: 161.06s (2m 41s)  53% completed  (26% total)
     Speed:     ev/sec=31507   simsec/sec=4.00672   ev/simsec=7863.55
     Messages:  created: 2163370   present: 4795   in FES: 124
** Event #2783232   t=273.60073495332   Elapsed: 163.065s (2m 43s)  54% completed  (27% total)
     Speed:     ev/sec=31542.2   simsec/sec=4.00207   ev/simsec=7881.47
     Messages:  created: 2220963   present: 5760   in FES: 124
** Event #2842624   t=281.53618097687   Elapsed: 165.066s (2m 45s)  56% completed  (28% total)
     Speed:     ev/sec=29687   simsec/sec=3.96652   ev/simsec=7484.39
     Messages:  created: 2274894   present: 6707   in FES: 124
** Event #2903552   t=289.098937984975   Elapsed: 167.071s (2m 47s)  57% completed  (28% total)
     Speed:     ev/sec=30388.3   simsec/sec=3.77199   ev/simsec=8056.32
     Messages:  created: 2330492   present: 7617   in FES: 124
** Event #2965504   t=297.095818753628   Elapsed: 169.081s (2m 49s)  59% completed  (29% total)
     Speed:     ev/sec=30815.5   simsec/sec=3.97772   ev/simsec=7747.02
     Messages:  created: 2386923   present: 8665   in FES: 152
** Event #3027456   t=305.093789171051   Elapsed: 171.083s (2m 51s)  61% completed  (30% total)
     Speed:     ev/sec=30943.9   simsec/sec=3.99484   ev/simsec=7745.97
     Messages:  created: 2443272   present: 9599   in FES: 145
** Event #3086848   t=313.025615474677   Elapsed: 173.086s (2m 53s)  62% completed  (31% total)
     Speed:     ev/sec=29661.7   simsec/sec=3.96134   ev/simsec=7487.81
     Messages:  created: 2497207   present: 10573   in FES: 152
** Event #3146240   t=320.571991256295   Elapsed: 175.092s (2m 55s)  64% completed  (32% total)
     Speed:     ev/sec=29607.8   simsec/sec=3.76198   ev/simsec=7870.27
     Messages:  created: 2551324   present: 11472   in FES: 150
** Event #3204608   t=328.07178175998   Elapsed: 177.092s (2m 57s)  65% completed  (32% total)
     Speed:     ev/sec=29172.5   simsec/sec=3.74841   ev/simsec=7782.62
     Messages:  created: 2604511   present: 12451   in FES: 176
** Event #3263488   t=335.025615521274   Elapsed: 179.093s (2m 59s)  67% completed  (33% total)
     Speed:     ev/sec=29428.8   simsec/sec=3.47559   ev/simsec=8467.27
     Messages:  created: 2660610   present: 13185   in FES: 150
** Event #3331840   t=338.541518564101   Elapsed: 181.105s (3m 01s)  67% completed  (33% total)
     Speed:     ev/sec=33979.9   simsec/sec=1.74786   ev/simsec=19440.8
     Messages:  created: 2741033   present: 13472   in FES: 151
** Event #3401472   t=342.099883690414   Elapsed: 183.115s (3m 03s)  68% completed  (34% total)
     Speed:     ev/sec=34643   simsec/sec=1.77034   ev/simsec=19568.5
     Messages:  created: 2822166   present: 13767   in FES: 154
** Event #3472896   t=346.108473616885   Elapsed: 185.118s (3m 05s)  69% completed  (34% total)
     Speed:     ev/sec=35651   simsec/sec=2.00087   ev/simsec=17817.7
     Messages:  created: 2905353   present: 14003   in FES: 124
** Event #3537920   t=349.858711001062   Elapsed: 187.13s (3m 07s)  69% completed  (34% total)
     Speed:     ev/sec=32321.7   simsec/sec=1.86414   ev/simsec=17338.6
     Messages:  created: 2981562   present: 14378   in FES: 165
** Event #3602944   t=353.541518609639   Elapsed: 189.138s (3m 09s)  70% completed  (35% total)
     Speed:     ev/sec=32376.3   simsec/sec=1.83372   ev/simsec=17656.1
     Messages:  created: 3057289   present: 14663   in FES: 148
** Event #3667968   t=357.085679115306   Elapsed: 191.142s (3m 11s)  71% completed  (35% total)
     Speed:     ev/sec=32455.3   simsec/sec=1.76899   ev/simsec=18346.8
     Messages:  created: 3132793   present: 14952   in FES: 162
** Event #3738368   t=361.071790491754   Elapsed: 193.145s (3m 13s)  72% completed  (36% total)
     Speed:     ev/sec=35134.4   simsec/sec=1.98934   ev/simsec=17661.3
     Messages:  created: 3214975   present: 15268   in FES: 162
** Event #3800576   t=364.551518698493   Elapsed: 195.158s (3m 15s)  72% completed  (36% total)
     Speed:     ev/sec=30909.5   simsec/sec=1.72899   ev/simsec=17877.3
     Messages:  created: 3287589   present: 5382   in FES: 146
** Event #3866880   t=368.087680873871   Elapsed: 197.159s (3m 17s)  73% completed  (36% total)
     Speed:     ev/sec=33140.7   simsec/sec=1.76748   ev/simsec=18750.3
     Messages:  created: 3365049   present: 5682   in FES: 152
** Event #3932160   t=371.546128190715   Elapsed: 199.159s (3m 19s)  74% completed  (37% total)
     Speed:     ev/sec=32632.1   simsec/sec=1.7288   ev/simsec=18875.5
     Messages:  created: 3442257   present: 5945   in FES: 145
** Event #3994880   t=374.669529003449   Elapsed: 201.16s (3m 21s)  74% completed  (37% total)
     Speed:     ev/sec=31351.4   simsec/sec=1.56127   ev/simsec=20080.7
     Messages:  created: 3516324   present: 6152   in FES: 146
** Event #4057600   t=377.873413371982   Elapsed: 203.162s (3m 23s)  75% completed  (37% total)
     Speed:     ev/sec=31322.2   simsec/sec=1.60001   ev/simsec=19576.2
     Messages:  created: 3591126   present: 6464   in FES: 165
** Event #4121856   t=381.045107148018   Elapsed: 205.169s (3m 25s)  76% completed  (38% total)
     Speed:     ev/sec=32012.2   simsec/sec=1.58013   ev/simsec=20259.2
     Messages:  created: 3667517   present: 6692   in FES: 142
** Event #4180224   t=387.68768261248   Elapsed: 207.173s (3m 27s)  77% completed  (38% total)
     Speed:     ev/sec=29129.8   simsec/sec=3.31512   ev/simsec=8786.95
     Messages:  created: 3723908   present: 7412   in FES: 132
** Event #4237056   t=395.082469936902   Elapsed: 209.178s (3m 29s)  79% completed  (39% total)
     Speed:     ev/sec=28351.6   simsec/sec=3.68901   ev/simsec=7685.41
     Messages:  created: 3776043   present: 4022   in FES: 130
** Event #4298240   t=403.08203987313   Elapsed: 211.182s (3m 31s)  80% completed  (40% total)
     Speed:     ev/sec=30520.4   simsec/sec=3.99042   ev/simsec=7648.41
     Messages:  created: 3832201   present: 5049   in FES: 153
** Event #4355328   t=410.58373673127   Elapsed: 213.184s (3m 33s)  82% completed  (41% total)
     Speed:     ev/sec=28519.6   simsec/sec=3.74765   ev/simsec=7610.01
     Messages:  created: 3884552   present: 5933   in FES: 154
** Event #4404736   t=416.583811372405   Elapsed: 215.193s (3m 35s)  83% completed  (41% total)
     Speed:     ev/sec=24591.9   simsec/sec=2.98642   ev/simsec=8234.56
     Messages:  created: 3928159   present: 6650   in FES: 148
** Event #4448512   t=421.519538283813   Elapsed: 217.199s (3m 37s)  84% completed  (42% total)
     Speed:     ev/sec=21824.5   simsec/sec=2.46071   ev/simsec=8869.21
     Messages:  created: 3964692   present: 7243   in FES: 154
** Event #4491264   t=426.045053331968   Elapsed: 219.207s (3m 39s)  85% completed  (42% total)
     Speed:     ev/sec=21292.9   simsec/sec=2.25396   ev/simsec=9446.88
     Messages:  created: 4000341   present: 7792   in FES: 154
** Event #4535040   t=430.586579013557   Elapsed: 221.226s (3m 41s)  86% completed  (43% total)
     Speed:     ev/sec=21676.2   simsec/sec=2.24879   ev/simsec=9639.05
     Messages:  created: 4036956   present: 8326   in FES: 137
** Event #4585984   t=436.095819398178   Elapsed: 223.231s (3m 43s)  87% completed  (43% total)
     Speed:     ev/sec=25407.9   simsec/sec=2.74769   ev/simsec=9247.01
     Messages:  created: 4079569   present: 8956   in FES: 136
** Event #4629504   t=441.040304732801   Elapsed: 225.237s (3m 45s)  88% completed  (44% total)
     Speed:     ev/sec=21695.5   simsec/sec=2.46491   ev/simsec=8801.72
     Messages:  created: 4115683   present: 9571   in FES: 143
** Event #4675840   t=446.040664854249   Elapsed: 227.242s (3m 47s)  89% completed  (44% total)
     Speed:     ev/sec=23115.7   simsec/sec=2.49454   ev/simsec=9266.53
     Messages:  created: 4154477   present: 10200   in FES: 152
** Event #4727552   t=451.579654792715   Elapsed: 229.249s (3m 49s)  90% completed  (45% total)
     Speed:     ev/sec=25767.9   simsec/sec=2.76006   ev/simsec=9336
     Messages:  created: 4197639   present: 10880   in FES: 154
** Event #4776704   t=457.021749519051   Elapsed: 231.253s (3m 51s)  91% completed  (45% total)
     Speed:     ev/sec=24522.4   simsec/sec=2.71511   ev/simsec=9031.82
     Messages:  created: 4238557   present: 11472   in FES: 138
** Event #4822016   t=461.596682403457   Elapsed: 233.253s (3m 53s)  92% completed  (46% total)
     Speed:     ev/sec=22651.8   simsec/sec=2.28705   ev/simsec=9904.41
     Messages:  created: 4276456   present: 12041   in FES: 154
** Event #4866048   t=466.541250066204   Elapsed: 235.256s (3m 55s)  93% completed  (46% total)
     Speed:     ev/sec=21987.7   simsec/sec=2.46911   ev/simsec=8905.13
     Messages:  created: 4312450   present: 12651   in FES: 154
** Event #4905216   t=470.572948622381   Elapsed: 237.271s (3m 57s)  94% completed  (47% total)
     Speed:     ev/sec=19433.7   simsec/sec=2.00038   ev/simsec=9715.01
     Messages:  created: 4344295   present: 13112   in FES: 154
** Event #4944128   t=474.573054702838   Elapsed: 239.287s (3m 59s)  94% completed  (47% total)
     Speed:     ev/sec=19307.1   simsec/sec=1.98475   ev/simsec=9727.74
     Messages:  created: 4375759   present: 13610   in FES: 150
** Event #4982528   t=478.572948770122   Elapsed: 241.293s (4m 01s)  95% completed  (47% total)
     Speed:     ev/sec=19144.3   simsec/sec=1.99414   ev/simsec=9600.25
     Messages:  created: 4407023   present: 14080   in FES: 154
** Event #5025536   t=482.599506821869   Elapsed: 243.305s (4m 03s)  96% completed  (48% total)
     Speed:     ev/sec=21375.8   simsec/sec=2.00127   ev/simsec=10681.1
     Messages:  created: 4446778   present: 14612   in FES: 175
** Event #5084672   t=488.098941759277   Elapsed: 245.31s (4m 05s)  97% completed  (48% total)
     Speed:     ev/sec=29493.4   simsec/sec=2.74278   ev/simsec=10753.1
     Messages:  created: 4507056   present: 15268   in FES: 174
** Event #5129984   t=493.583468999423   Elapsed: 247.331s (4m 07s)  98% completed  (49% total)
     Speed:     ev/sec=22416.1   simsec/sec=2.71323   ev/simsec=8261.79
     Messages:  created: 4546480   present: 5713   in FES: 139
** Event #5174784   t=498.58327398285   Elapsed: 249.344s (4m 09s)  99% completed  (49% total)
     Speed:     ev/sec=22252.7   simsec/sec=2.48347   ev/simsec=8960.35
     Messages:  created: 4584469   present: 6337   in FES: 154
** Event #5185895   t=500   Elapsed: 249.811s (4m 09s)  100% completed  (50% total)
     Speed:     ev/sec=23819.8   simsec/sec=3.01562   ev/simsec=7898.82
     Messages:  created: 4593894   present: 6421   in FES: 122

<!> Simulation time limit reached -- at t=500s, event #5185895
undisposed object: (omnetpp::cMessage) FanetSarNetwork.groundStation.app.debugTimer -- check module destructor
undisposed object: (omnetpp::cMessage) FanetSarNetwork.uav[0].app.debugTimer -- check module destructor
undisposed object: (omnetpp::cMessage) FanetSarNetwork.uav[1].app.debugTimer -- check module destructor
undisposed object: (omnetpp::cMessage) FanetSarNetwork.uav[2].app.debugTimer -- check module destructor
undisposed object: (omnetpp::cMessage) FanetSarNetwork.uav[3].app.debugTimer -- check module destructor
undisposed object: (omnetpp::cMessage) FanetSarNetwork.uav[4].app.debugTimer -- check module destructor
undisposed object: (omnetpp::cMessage) FanetSarNetwork.uav[5].app.debugTimer -- check module destructor
undisposed object: (omnetpp::cMessage) FanetSarNetwork.uav[6].app.debugTimer -- check module destructor
undisposed object: (omnetpp::cMessage) FanetSarNetwork.uav[7].app.debugTimer -- check module destructor
undisposed object: (omnetpp::cMessage) FanetSarNetwork.uav[8].app.debugTimer -- check module destructor
undisposed object: (omnetpp::cMessage) FanetSarNetwork.uav[9].app.debugTimer -- check module destructor
undisposed object: (omnetpp::cMessage) FanetSarNetwork.uav[10].app.debugTimer -- check module destructor
undisposed object: (omnetpp::cMessage) FanetSarNetwork.uav[11].app.debugTimer -- check module destructor
undisposed object: (omnetpp::cMessage) FanetSarNetwork.uav[12].app.debugTimer -- check module destructor
undisposed object: (omnetpp::cMessage) FanetSarNetwork.uav[13].app.debugTimer -- check module destructor
undisposed object: (omnetpp::cMessage) FanetSarNetwork.uav[14].app.debugTimer -- check module destructor
undisposed object: (omnetpp::cMessage) FanetSarNetwork.uav[15].app.debugTimer -- check module destructor
undisposed object: (omnetpp::cMessage) FanetSarNetwork.uav[16].app.debugTimer -- check module destructor
undisposed object: (omnetpp::cMessage) FanetSarNetwork.uav[17].app.debugTimer -- check module destructor
undisposed object: (omnetpp::cMessage) FanetSarNetwork.uav[18].app.debugTimer -- check module destructor
undisposed object: (omnetpp::cMessage) FanetSarNetwork.uav[19].app.debugTimer -- check module destructor
undisposed object: (omnetpp::cMessage) FanetSarNetwork.uav[20].app.debugTimer -- check module destructor
undisposed object: (omnetpp::cMessage) FanetSarNetwork.uav[21].app.debugTimer -- check module destructor
undisposed object: (omnetpp::cMessage) FanetSarNetwork.uav[22].app.debugTimer -- check module destructor
undisposed object: (omnetpp::cMessage) FanetSarNetwork.uav[23].app.debugTimer -- check module destructor
undisposed object: (omnetpp::cMessage) FanetSarNetwork.uav[24].app.debugTimer -- check module destructor
undisposed object: (omnetpp::cMessage) FanetSarNetwork.uav[25].app.debugTimer -- check module destructor
undisposed object: (omnetpp::cMessage) FanetSarNetwork.uav[26].app.debugTimer -- check module destructor
undisposed object: (omnetpp::cMessage) FanetSarNetwork.uav[27].app.debugTimer -- check module destructor
undisposed object: (omnetpp::cMessage) FanetSarNetwork.uav[28].app.debugTimer -- check module destructor
undisposed object: (omnetpp::cMessage) FanetSarNetwork.uav[29].app.debugTimer -- check module destructor
