** Event #0   t=0   Elapsed: 1.6e-05s (0m 00s)  0% completed  (0% total)
     Speed:     ev/sec=0   simsec/sec=0   ev/simsec=0
     Messages:  created: 1178   present: 1178   in FES: 186
** Event #104192   t=8.523628223995   Elapsed: 2.00266s (0m 02s)  1% completed  (0% total)
     Speed:     ev/sec=52027.8   simsec/sec=4.25619   ev/simsec=12224
     Messages:  created: 105693   present: 1521   in FES: 193
** Event #198912   t=14.4   Elapsed: 4.00527s (0m 04s)  2% completed  (1% total)
     Speed:     ev/sec=47298.3   simsec/sec=2.93436   ev/simsec=16118.8
     Messages:  created: 198524   present: 1116   in FES: 122
** Event #275456   t=16.539645149614   Elapsed: 6.00918s (0m 06s)  3% completed  (1% total)
     Speed:     ev/sec=38197.3   simsec/sec=1.06773   ev/simsec=35774.2
     Messages:  created: 272370   present: 1411   in FES: 163
** Event #340736   t=19.008020193913   Elapsed: 8.01501s (0m 08s)  3% completed  (1% total)
     Speed:     ev/sec=32545.2   simsec/sec=1.2306   ev/simsec=26446.5
     Messages:  created: 332232   present: 1154   in FES: 135
** Event #407552   t=21.519293826215   Elapsed: 10.0166s (0m 10s)  4% completed  (2% total)
     Speed:     ev/sec=33381.4   simsec/sec=1.25464   ev/simsec=26606.4
     Messages:  created: 394083   present: 1247   in FES: 146
** Event #473344   t=24.539609843365   Elapsed: 12.0192s (0m 12s)  4% completed  (2% total)
     Speed:     ev/sec=32852.4   simsec/sec=1.50816   ev/simsec=21783.2
     Messages:  created: 454409   present: 1313   in FES: 153
** Event #542720   t=28.526445493876   Elapsed: 14.0256s (0m 14s)  5% completed  (2% total)
     Speed:     ev/sec=34578.1   simsec/sec=1.9871   ev/simsec=17401.3
     Messages:  created: 517196   present: 1267   in FES: 161
** Event #612352   t=32.527442129951   Elapsed: 16.0283s (0m 16s)  6% completed  (3% total)
     Speed:     ev/sec=34770   simsec/sec=1.99785   ev/simsec=17403.7
     Messages:  created: 580800   present: 1268   in FES: 154
** Event #679168   t=36.085452967066   Elapsed: 18.0336s (0m 18s)  7% completed  (3% total)
     Speed:     ev/sec=33318.3   simsec/sec=1.77423   ev/simsec=18779
     Messages:  created: 641534   present: 1179   in FES: 142
** Event #742656   t=39.533593743587   Elapsed: 20.0355s (0m 20s)  7% completed  (3% total)
     Speed:     ev/sec=31715.1   simsec/sec=1.7225   ev/simsec=18412.2
     Messages:  created: 699942   present: 1263   in FES: 140
** Event #809216   t=43.530853657253   Elapsed: 22.0409s (0m 22s)  8% completed  (4% total)
     Speed:     ev/sec=33189.3   simsec/sec=1.99318   ev/simsec=16651.4
     Messages:  created: 761620   present: 1248   in FES: 153
** Event #878336   t=48.078535029228   Elapsed: 24.0432s (0m 24s)  9% completed  (4% total)
     Speed:     ev/sec=34520.4   simsec/sec=2.27124   ev/simsec=15199
     Messages:  created: 824577   present: 1192   in FES: 154
** Event #942592   t=51.530853927521   Elapsed: 26.0583s (0m 26s)  10% completed  (5% total)
     Speed:     ev/sec=31888.1   simsec/sec=1.71327   ev/simsec=18612.4
     Messages:  created: 883377   present: 1236   in FES: 153
** Event #1010176   t=56.52328858945   Elapsed: 28.0599s (0m 28s)  11% completed  (5% total)
     Speed:     ev/sec=33763.6   simsec/sec=2.49412   ev/simsec=13537.3
     Messages:  created: 946199   present: 1192   in FES: 154
** Event #1076224   t=60.525929659898   Elapsed: 30.0611s (0m 30s)  12% completed  (6% total)
     Speed:     ev/sec=33005.6   simsec/sec=2.00021   ev/simsec=16501.1
     Messages:  created: 1011607   present: 1369   in FES: 184
** Event #1146368   t=64.521956202731   Elapsed: 32.0647s (0m 32s)  12% completed  (6% total)
     Speed:     ev/sec=35008   simsec/sec=1.99437   ev/simsec=17553.4
     Messages:  created: 1082211   present: 1218   in FES: 155
** Event #1215744   t=68.517729685275   Elapsed: 34.0691s (0m 34s)  13% completed  (6% total)
     Speed:     ev/sec=34612.4   simsec/sec=1.99353   ev/simsec=17362.3
     Messages:  created: 1152635   present: 1268   in FES: 156
** Event #1295872   t=74.537416914053   Elapsed: 36.072s (0m 36s)  14% completed  (7% total)
     Speed:     ev/sec=40005.6   simsec/sec=3.00545   ev/simsec=13311
     Messages:  created: 1233300   present: 1210   in FES: 153
** Event #1369600   t=80.542421385255   Elapsed: 38.0763s (0m 38s)  16% completed  (8% total)
     Speed:     ev/sec=36785.8   simsec/sec=2.99614   ev/simsec=12277.8
     Messages:  created: 1307147   present: 1371   in FES: 185
** Event #1445120   t=88.022655373315   Elapsed: 40.0806s (0m 40s)  17% completed  (8% total)
     Speed:     ev/sec=37678.9   simsec/sec=3.73208   ev/simsec=10095.9
     Messages:  created: 1382004   present: 1205   in FES: 150
** Event #1518336   t=93.561780465271   Elapsed: 42.0835s (0m 42s)  18% completed  (9% total)
     Speed:     ev/sec=36553.4   simsec/sec=2.76543   ev/simsec=13218
     Messages:  created: 1455563   present: 1242   in FES: 156
** Event #1594368   t=100.531490399262   Elapsed: 44.088s (0m 44s)  20% completed  (10% total)
     Speed:     ev/sec=37932.1   simsec/sec=3.47717   ev/simsec=10908.9
     Messages:  created: 1530722   present: 1372   in FES: 179
** Event #1665024   t=106.51900939564   Elapsed: 46.0916s (0m 46s)  21% completed  (10% total)
     Speed:     ev/sec=35263.7   simsec/sec=2.98831   ev/simsec=11800.5
     Messages:  created: 1599387   present: 1901   in FES: 161
** Event #1740032   t=112.539720161645   Elapsed: 48.0931s (0m 48s)  22% completed  (11% total)
     Speed:     ev/sec=37476.7   simsec/sec=3.00816   ev/simsec=12458.3
     Messages:  created: 1673134   present: 1799   in FES: 157
** Event #1814016   t=119.079417876464   Elapsed: 50.0945s (0m 50s)  23% completed  (11% total)
     Speed:     ev/sec=36966.2   simsec/sec=3.26756   ev/simsec=11313.1
     Messages:  created: 1744429   present: 2484   in FES: 148
** Event #1886464   t=125.00653176644   Elapsed: 52.0951s (0m 52s)  25% completed  (12% total)
     Speed:     ev/sec=36212   simsec/sec=2.96257   ev/simsec=12223.1
     Messages:  created: 1815255   present: 3198   in FES: 154
** Event #1959424   t=131.574043826349   Elapsed: 54.0975s (0m 54s)  26% completed  (13% total)
     Speed:     ev/sec=36437.3   simsec/sec=3.27992   ev/simsec=11109.2
     Messages:  created: 1885679   present: 3982   in FES: 154
** Event #2028800   t=136.57053643628   Elapsed: 56.0985s (0m 56s)  27% completed  (13% total)
     Speed:     ev/sec=34671.1   simsec/sec=2.49703   ev/simsec=13884.9
     Messages:  created: 1953685   present: 4505   in FES: 122
** Event #2098432   t=143.042866323934   Elapsed: 58.1037s (0m 58s)  28% completed  (14% total)
     Speed:     ev/sec=34725.7   simsec/sec=3.22777   ev/simsec=10758.4
     Messages:  created: 2020999   present: 5361   in FES: 147
** Event #2168320   t=148.55319013923   Elapsed: 60.1042s (1m 00s)  29% completed  (14% total)
     Speed:     ev/sec=34935.1   simsec/sec=2.75446   ev/simsec=12683.1
     Messages:  created: 2089363   present: 6004   in FES: 142
** Event #2241024   t=155.533590721932   Elapsed: 62.109s (1m 02s)  31% completed  (15% total)
     Speed:     ev/sec=36264.8   simsec/sec=3.48183   ev/simsec=10415.4
     Messages:  created: 2159873   present: 6927   in FES: 185
** Event #2316288   t=161.046838548378   Elapsed: 64.1127s (1m 04s)  32% completed  (16% total)
     Speed:     ev/sec=37561.5   simsec/sec=2.75146   ev/simsec=13651.5
     Messages:  created: 2234147   present: 7455   in FES: 125
** Event #2390784   t=168.066592422537   Elapsed: 66.1183s (1m 06s)  33% completed  (16% total)
     Speed:     ev/sec=37144.6   simsec/sec=3.50013   ev/simsec=10612.3
     Messages:  created: 2305991   present: 8291   in FES: 123
** Event #2459392   t=173.089006058475   Elapsed: 68.12s (1m 08s)  34% completed  (17% total)
     Speed:     ev/sec=34275.4   simsec/sec=2.50911   ev/simsec=13660.4
     Messages:  created: 2373453   present: 8983   in FES: 153
** Event #2534144   t=180.084659711196   Elapsed: 70.122s (1m 10s)  36% completed  (18% total)
     Speed:     ev/sec=37337.3   simsec/sec=3.49421   ev/simsec=10685.5
     Messages:  created: 2445703   present: 9820   in FES: 154
** Event #2610176   t=186.13273773063   Elapsed: 72.124s (1m 12s)  37% completed  (18% total)
     Speed:     ev/sec=37979.7   simsec/sec=3.02115   ev/simsec=12571.3
     Messages:  created: 2520101   present: 10451   in FES: 123
** Event #2684160   t=192.531906623814   Elapsed: 74.1269s (1m 14s)  38% completed  (19% total)
     Speed:     ev/sec=36938.4   simsec/sec=3.19495   ev/simsec=11561.5
     Messages:  created: 2592095   present: 11369   in FES: 138
** Event #2759168   t=199.020174502869   Elapsed: 76.1278s (1m 16s)  39% completed  (19% total)
     Speed:     ev/sec=37485.5   simsec/sec=3.24254   ev/simsec=11560.6
     Messages:  created: 2664862   present: 12077   in FES: 154
** Event #2828800   t=204.540825173705   Elapsed: 78.1281s (1m 18s)  40% completed  (20% total)
     Speed:     ev/sec=34811.5   simsec/sec=2.75997   ev/simsec=12613
     Messages:  created: 2733417   present: 12812   in FES: 154
** Event #2899456   t=210.55638775436   Elapsed: 80.1405s (1m 20s)  42% completed  (21% total)
     Speed:     ev/sec=35110.3   simsec/sec=2.98925   ev/simsec=11745.5
     Messages:  created: 2802410   present: 13430   in FES: 144
** Event #2972416   t=216.556875169089   Elapsed: 82.1416s (1m 22s)  43% completed  (21% total)
     Speed:     ev/sec=36460.5   simsec/sec=2.99864   ev/simsec=12159
     Messages:  created: 2874545   present: 14212   in FES: 154
** Event #3044608   t=223.509257722629   Elapsed: 84.1454s (1m 24s)  44% completed  (22% total)
     Speed:     ev/sec=36026.7   simsec/sec=3.46952   ev/simsec=10383.8
     Messages:  created: 2944276   present: 15041   in FES: 152
** Event #3113984   t=228.5889435416   Elapsed: 86.1499s (1m 26s)  45% completed  (22% total)
     Speed:     ev/sec=34610.3   simsec/sec=2.53415   ev/simsec=13657.5
     Messages:  created: 3012509   present: 15579   in FES: 143
** Event #3184640   t=235.08539752909   Elapsed: 88.1536s (1m 28s)  47% completed  (23% total)
     Speed:     ev/sec=35262.4   simsec/sec=3.24219   ev/simsec=10876.1
     Messages:  created: 3080577   present: 14844   in FES: 151
** Event #3247104   t=240.532455799504   Elapsed: 90.1585s (1m 30s)  48% completed  (24% total)
     Speed:     ev/sec=31156.4   simsec/sec=2.71694   ev/simsec=11467.5
     Messages:  created: 3141397   present: 1834   in FES: 154
** Event #3317504   t=246.096513191312   Elapsed: 92.1623s (1m 32s)  49% completed  (24% total)
     Speed:     ev/sec=35132.6   simsec/sec=2.7767   ev/simsec=12652.6
     Messages:  created: 3210167   present: 2329   in FES: 141
** Event #3390976   t=252.533333312685   Elapsed: 94.1684s (1m 34s)  50% completed  (25% total)
     Speed:     ev/sec=36625.5   simsec/sec=3.20873   ev/simsec=11414.3
     Messages:  created: 3281914   present: 3356   in FES: 185
** Event #3461120   t=258.521328467519   Elapsed: 96.1715s (1m 36s)  51% completed  (25% total)
     Speed:     ev/sec=35016.6   simsec/sec=2.98927   ev/simsec=11714.1
     Messages:  created: 3349944   present: 3876   in FES: 154
** Event #3536128   t=264.553601024039   Elapsed: 98.1752s (1m 38s)  52% completed  (26% total)
     Speed:     ev/sec=37435.5   simsec/sec=3.01063   ev/simsec=12434.5
     Messages:  created: 3423874   present: 4591   in FES: 152
** Event #3604224   t=270.55675506409   Elapsed: 100.18s (1m 40s)  54% completed  (27% total)
     Speed:     ev/sec=33970.3   simsec/sec=2.99473   ev/simsec=11343.4
     Messages:  created: 3490359   present: 5312   in FES: 154
** Event #3674368   t=276.531392349875   Elapsed: 102.182s (1m 42s)  55% completed  (27% total)
     Speed:     ev/sec=35034.4   simsec/sec=2.98411   ev/simsec=11740.3
     Messages:  created: 3558192   present: 6188   in FES: 194
** Event #3745280   t=282.078587540148   Elapsed: 104.188s (1m 44s)  56% completed  (28% total)
     Speed:     ev/sec=35354.2   simsec/sec=2.76563   ev/simsec=12783.4
     Messages:  created: 3627383   present: 6678   in FES: 152
** Event #3816448   t=288.530734810696   Elapsed: 106.19s (1m 46s)  57% completed  (28% total)
     Speed:     ev/sec=35546   simsec/sec=3.22263   ev/simsec=11030.1
     Messages:  created: 3696330   present: 7547   in FES: 159
** Event #3889408   t=294.52399270558   Elapsed: 108.201s (1m 48s)  58% completed  (29% total)
     Speed:     ev/sec=36274.7   simsec/sec=2.97977   ev/simsec=12173.7
     Messages:  created: 3767381   present: 8265   in FES: 169
** Event #3961344   t=300.535762580687   Elapsed: 110.201s (1m 50s)  60% completed  (30% total)
     Speed:     ev/sec=35962.2   simsec/sec=3.0054   ev/simsec=11965.9
     Messages:  created: 3837648   present: 8999   in FES: 156
** Event #4028928   t=304.536965989029   Elapsed: 112.207s (1m 52s)  60% completed  (30% total)
     Speed:     ev/sec=33694.1   simsec/sec=1.9948   ev/simsec=16890.9
     Messages:  created: 3903187   present: 9496   in FES: 153
** Event #4086528   t=306.51838779118   Elapsed: 114.21s (1m 54s)  61% completed  (30% total)
     Speed:     ev/sec=28761.8   simsec/sec=0.989396   ev/simsec=29070
     Messages:  created: 3958145   present: 9601   in FES: 147
** Event #4148736   t=307.547324473503   Elapsed: 116.221s (1m 56s)  61% completed  (30% total)
     Speed:     ev/sec=30935.7   simsec/sec=0.511684   ev/simsec=60458.5
     Messages:  created: 4016298   present: 9725   in FES: 153
** Event #4207872   t=309.515545134264   Elapsed: 118.225s (1m 58s)  61% completed  (30% total)
     Speed:     ev/sec=29509.4   simsec/sec=0.982158   ev/simsec=30045.4
     Messages:  created: 4069949   present: 9962   in FES: 152
** Event #4268544   t=310.598332734439   Elapsed: 120.233s (2m 00s)  62% completed  (31% total)
     Speed:     ev/sec=30210   simsec/sec=0.539145   ev/simsec=56033.1
     Messages:  created: 4125661   present: 10088   in FES: 136
** Event #4334848   t=314.556106251306   Elapsed: 122.237s (2m 02s)  62% completed  (31% total)
     Speed:     ev/sec=33087.7   simsec/sec=1.97505   ev/simsec=16752.9
     Messages:  created: 4185574   present: 10717   in FES: 155
** Event #4398848   t=318.516488208674   Elapsed: 124.237s (2m 04s)  63% completed  (31% total)
     Speed:     ev/sec=31993.7   simsec/sec=1.9798   ev/simsec=16160.1
     Messages:  created: 4243710   present: 11172   in FES: 184
** Event #4464640   t=321.542038550296   Elapsed: 126.238s (2m 06s)  64% completed  (32% total)
     Speed:     ev/sec=32889.3   simsec/sec=1.51247   ev/simsec=21745.5
     Messages:  created: 4303028   present: 11533   in FES: 168
** Event #4528384   t=324.55106063898   Elapsed: 128.239s (2m 08s)  64% completed  (32% total)
     Speed:     ev/sec=31852.7   simsec/sec=1.5036   ev/simsec=21184.3
     Messages:  created: 4360421   present: 11847   in FES: 155
** Event #4591104   t=327.549231915559   Elapsed: 130.244s (2m 10s)  65% completed  (32% total)
     Speed:     ev/sec=31287.6   simsec/sec=1.49563   ev/simsec=20919.4
     Messages:  created: 4416508   present: 12295   in FES: 182
** Event #4653056   t=331.04942368404   Elapsed: 132.245s (2m 12s)  66% completed  (33% total)
     Speed:     ev/sec=30961   simsec/sec=1.74925   ev/simsec=17699.6
     Messages:  created: 4472926   present: 12474   in FES: 124
** Event #4713728   t=333.564399532064   Elapsed: 134.245s (2m 14s)  66% completed  (33% total)
     Speed:     ev/sec=30330   simsec/sec=1.25724   ev/simsec=24124.3
     Messages:  created: 4528651   present: 12852   in FES: 140
** Event #4766720   t=335.575478710675   Elapsed: 136.247s (2m 16s)  67% completed  (33% total)
     Speed:     ev/sec=26467.5   simsec/sec=1.00446   ev/simsec=26350
     Messages:  created: 4576205   present: 13114   in FES: 154
** Event #4820224   t=337.560900803174   Elapsed: 138.25s (2m 18s)  67% completed  (33% total)
     Speed:     ev/sec=26715.9   simsec/sec=0.991371   ev/simsec=26948.4
     Messages:  created: 4625253   present: 13551   in FES: 182
** Event #4871168   t=339.524066410267   Elapsed: 140.255s (2m 20s)  67% completed  (33% total)
     Speed:     ev/sec=25410.3   simsec/sec=0.979206   ev/simsec=25949.9
     Messages:  created: 4671331   present: 13609   in FES: 159
** Event #4921856   t=340.55009249353   Elapsed: 142.259s (2m 22s)  68% completed  (34% total)
     Speed:     ev/sec=25294.3   simsec/sec=0.512006   ev/simsec=49402.3
     Messages:  created: 4716745   present: 13765   in FES: 145
** Event #4974848   t=341.592472685804   Elapsed: 144.261s (2m 24s)  68% completed  (34% total)
     Speed:     ev/sec=26459.1   simsec/sec=0.520464   ev/simsec=50837.5
     Messages:  created: 4763128   present: 13867   in FES: 153
** Event #5026560   t=342.600458231419   Elapsed: 146.267s (2m 26s)  68% completed  (34% total)
     Speed:     ev/sec=25779.7   simsec/sec=0.502506   ev/simsec=51302.3
     Messages:  created: 4809310   present: 14014   in FES: 153
** Event #5080064   t=344.526237180057   Elapsed: 148.269s (2m 28s)  68% completed  (34% total)
     Speed:     ev/sec=26726.9   simsec/sec=0.961984   ev/simsec=27783
     Messages:  created: 4855957   present: 14280   in FES: 154
** Event #5133312   t=345.563520591393   Elapsed: 150.269s (2m 30s)  69% completed  (34% total)
     Speed:     ev/sec=26620.7   simsec/sec=0.518578   ev/simsec=51334.1
     Messages:  created: 4901908   present: 14325   in FES: 137
** Event #5188608   t=347.554094207925   Elapsed: 152.27s (2m 32s)  69% completed  (34% total)
     Speed:     ev/sec=27644.6   simsec/sec=0.995163   ev/simsec=27778.9
     Messages:  created: 4949430   present: 14738   in FES: 185
** Event #5243136   t=349.525252138876   Elapsed: 154.276s (2m 34s)  69% completed  (34% total)
     Speed:     ev/sec=27177.9   simsec/sec=0.982466   ev/simsec=27662.9
     Messages:  created: 4996012   present: 14813   in FES: 147
** Event #5292800   t=350.556922131351   Elapsed: 156.286s (2m 36s)  70% completed  (35% total)
     Speed:     ev/sec=24703.8   simsec/sec=0.513171   ev/simsec=48139.4
     Messages:  created: 5040355   present: 15018   in FES: 154
** Event #5342976   t=352.524073072352   Elapsed: 158.29s (2m 38s)  70% completed  (35% total)
     Speed:     ev/sec=25038.7   simsec/sec=0.981645   ev/simsec=25506.9
     Messages:  created: 5082592   present: 15199   in FES: 157
** Event #5396480   t=354.022087875031   Elapsed: 160.292s (2m 40s)  70% completed  (35% total)
     Speed:     ev/sec=26729.4   simsec/sec=0.748375   ev/simsec=35716.6
     Messages:  created: 5128378   present: 15232   in FES: 124
** Event #5447936   t=355.588530954794   Elapsed: 162.298s (2m 42s)  71% completed  (35% total)
     Speed:     ev/sec=25649.5   simsec/sec=0.780831   ev/simsec=32848.9
     Messages:  created: 5171529   present: 15513   in FES: 158
** Event #5499904   t=357.539677473205   Elapsed: 164.299s (2m 44s)  71% completed  (35% total)
     Speed:     ev/sec=25974.4   simsec/sec=0.975211   ev/simsec=26634.6
     Messages:  created: 5216196   present: 15796   in FES: 173
** Event #5552640   t=359.064040672639   Elapsed: 166.311s (2m 46s)  71% completed  (35% total)
     Speed:     ev/sec=26204.5   simsec/sec=0.757454   ev/simsec=34595.4
     Messages:  created: 5261839   present: 15925   in FES: 182
** Event #5605376   t=361.034215365638   Elapsed: 168.315s (2m 48s)  72% completed  (36% total)
     Speed:     ev/sec=26323.7   simsec/sec=0.983434   ev/simsec=26767.2
     Messages:  created: 5307346   present: 16188   in FES: 184
** Event #5658368   t=362.548111131671   Elapsed: 170.315s (2m 50s)  72% completed  (36% total)
     Speed:     ev/sec=26493.5   simsec/sec=0.756876   ev/simsec=35003.7
     Messages:  created: 5352933   present: 15922   in FES: 167
** Event #5709056   t=364.526540475544   Elapsed: 172.324s (2m 52s)  72% completed  (36% total)
     Speed:     ev/sec=25227.1   simsec/sec=0.984653   ev/simsec=25620.3
     Messages:  created: 5395862   present: 11038   in FES: 161
** Event #5758720   t=366.035038257207   Elapsed: 174.325s (2m 54s)  73% completed  (36% total)
     Speed:     ev/sec=24820.7   simsec/sec=0.753905   ev/simsec=32922.8
     Messages:  created: 5439398   present: 4954   in FES: 146
** Event #5809152   t=367.588384225423   Elapsed: 176.326s (2m 56s)  73% completed  (36% total)
     Speed:     ev/sec=25206.9   simsec/sec=0.776392   ev/simsec=32466.7
     Messages:  created: 5483903   present: 2615   in FES: 165
** Event #5861376   t=369.554734805848   Elapsed: 178.327s (2m 58s)  73% completed  (36% total)
     Speed:     ev/sec=26099.9   simsec/sec=0.982719   ev/simsec=26558.8
     Messages:  created: 5529315   present: 1801   in FES: 153
** Event #5911552   t=371.56236429553   Elapsed: 180.328s (3m 00s)  74% completed  (37% total)
     Speed:     ev/sec=25067.3   simsec/sec=1.00299   ev/simsec=24992.7
     Messages:  created: 5574117   present: 2109   in FES: 152
** Event #5963776   t=373.528719515647   Elapsed: 182.332s (3m 02s)  74% completed  (37% total)
     Speed:     ev/sec=26072.1   simsec/sec=0.981675   ev/simsec=26558.8
     Messages:  created: 5621283   present: 2348   in FES: 156
** Event #6014464   t=375.042867095183   Elapsed: 184.339s (3m 04s)  75% completed  (37% total)
     Speed:     ev/sec=25244.5   simsec/sec=0.754101   ev/simsec=33476.3
     Messages:  created: 5667865   present: 2387   in FES: 137
** Event #6067712   t=376.563770108586   Elapsed: 186.345s (3m 06s)  75% completed  (37% total)
     Speed:     ev/sec=26549.3   simsec/sec=0.758319   ev/simsec=35010.8
     Messages:  created: 5717915   present: 2674   in FES: 157
** Event #6119424   t=377.589768178909   Elapsed: 188.349s (3m 08s)  75% completed  (37% total)
     Speed:     ev/sec=25801   simsec/sec=0.511909   ev/simsec=50401.7
     Messages:  created: 5767555   present: 2856   in FES: 182
** Event #6174208   t=379.529930677951   Elapsed: 190.35s (3m 10s)  75% completed  (37% total)
     Speed:     ev/sec=27377.4   simsec/sec=0.969563   ev/simsec=28236.8
     Messages:  created: 5817924   present: 3007   in FES: 149
** Event #6227712   t=381.034216087615   Elapsed: 192.351s (3m 12s)  76% completed  (38% total)
     Speed:     ev/sec=26749.9   simsec/sec=0.752083   ev/simsec=35567.7
     Messages:  created: 5869303   present: 3096   in FES: 136
** Event #6283264   t=383.012716668673   Elapsed: 194.357s (3m 14s)  76% completed  (38% total)
     Speed:     ev/sec=27691.8   simsec/sec=0.986252   ev/simsec=28077.8
     Messages:  created: 5920360   present: 3381   in FES: 154
** Event #6342144   t=385.561757902607   Elapsed: 196.36s (3m 16s)  77% completed  (38% total)
     Speed:     ev/sec=29393.1   simsec/sec=1.27249   ev/simsec=23098.9
     Messages:  created: 5973769   present: 3731   in FES: 153
** Event #6403072   t=388.522442246426   Elapsed: 198.369s (3m 18s)  77% completed  (38% total)
     Speed:     ev/sec=30325.3   simsec/sec=1.4736   ev/simsec=20579
     Messages:  created: 6028024   present: 4051   in FES: 153
** Event #6466560   t=391.549193457443   Elapsed: 200.375s (3m 20s)  78% completed  (39% total)
     Speed:     ev/sec=31648.3   simsec/sec=1.50882   ev/simsec=20975.6
     Messages:  created: 6085189   present: 4415   in FES: 152
** Event #6529024   t=394.566832821707   Elapsed: 202.379s (3m 22s)  78% completed  (39% total)
     Speed:     ev/sec=31166.7   simsec/sec=1.50566   ev/simsec=20699.6
     Messages:  created: 6142975   present: 4735   in FES: 135
** Event #6587136   t=397.560373425914   Elapsed: 204.383s (3m 24s)  79% completed  (39% total)
     Speed:     ev/sec=29006.5   simsec/sec=1.49422   ev/simsec=19412.5
     Messages:  created: 6195067   present: 5154   in FES: 162
** Event #6649088   t=400.527230952542   Elapsed: 206.392s (3m 26s)  80% completed  (40% total)
     Speed:     ev/sec=30825.1   simsec/sec=1.4762   ev/simsec=20881.4
     Messages:  created: 6251244   present: 5676   in FES: 185
** Event #6714112   t=403.561172533823   Elapsed: 208.401s (3m 28s)  80% completed  (40% total)
     Speed:     ev/sec=32365.8   simsec/sec=1.51015   ev/simsec=21432.2
     Messages:  created: 6309955   present: 5891   in FES: 155
** Event #6778880   t=406.562760011988   Elapsed: 210.402s (3m 30s)  81% completed  (40% total)
     Speed:     ev/sec=32373.5   simsec/sec=1.50031   ev/simsec=21577.9
     Messages:  created: 6368860   present: 6232   in FES: 153
** Event #6839552   t=409.564174829107   Elapsed: 212.403s (3m 32s)  81% completed  (40% total)
     Speed:     ev/sec=30325   simsec/sec=1.50016   ev/simsec=20214.5
     Messages:  created: 6423728   present: 6625   in FES: 167
** Event #6901248   t=412.552479282977   Elapsed: 214.409s (3m 34s)  82% completed  (41% total)
     Speed:     ev/sec=30749.6   simsec/sec=1.48938   ev/simsec=20645.8
     Messages:  created: 6479148   present: 6952   in FES: 153
** Event #6963456   t=415.554477954363   Elapsed: 216.418s (3m 36s)  83% completed  (41% total)
     Speed:     ev/sec=30968   simsec/sec=1.49444   ev/simsec=20722.2
     Messages:  created: 6534800   present: 7298   in FES: 156
** Event #7025408   t=418.531682967749   Elapsed: 218.422s (3m 38s)  83% completed  (41% total)
     Speed:     ev/sec=30908.4   simsec/sec=1.48536   ev/simsec=20808.8
     Messages:  created: 6590740   present: 7709   in FES: 167
** Event #7087104   t=421.556602004793   Elapsed: 220.425s (3m 40s)  84% completed  (42% total)
     Speed:     ev/sec=30799.5   simsec/sec=1.51008   ev/simsec=20395.9
     Messages:  created: 6646358   present: 7995   in FES: 153
** Event #7144960   t=424.52000468845   Elapsed: 222.429s (3m 42s)  84% completed  (42% total)
     Speed:     ev/sec=28872.8   simsec/sec=1.47887   ev/simsec=19523.5
     Messages:  created: 6698838   present: 8373   in FES: 149
** Event #7206656   t=427.058001102617   Elapsed: 224.433s (3m 44s)  85% completed  (42% total)
     Speed:     ev/sec=30796.6   simsec/sec=1.26689   ev/simsec=24308.9
     Messages:  created: 6754991   present: 8672   in FES: 154
** Event #7269888   t=430.532264043616   Elapsed: 226.433s (3m 46s)  86% completed  (43% total)
     Speed:     ev/sec=31610.7   simsec/sec=1.73684   ev/simsec=18200.1
     Messages:  created: 6811371   present: 9129   in FES: 153
** Event #7333888   t=433.529917630467   Elapsed: 228.433s (3m 48s)  86% completed  (43% total)
     Speed:     ev/sec=31991.8   simsec/sec=1.49844   ev/simsec=21350
     Messages:  created: 6868461   present: 9475   in FES: 124
** Event #7395072   t=436.520671547266   Elapsed: 230.436s (3m 50s)  87% completed  (43% total)
     Speed:     ev/sec=30550.4   simsec/sec=1.49335   ev/simsec=20457.7
     Messages:  created: 6923260   present: 9920   in FES: 181
** Event #7458816   t=439.526336034211   Elapsed: 232.441s (3m 52s)  87% completed  (43% total)
     Speed:     ev/sec=31794.6   simsec/sec=1.49918   ev/simsec=21208
     Messages:  created: 6980499   present: 10150   in FES: 153
** Event #7516928   t=442.058055625385   Elapsed: 234.445s (3m 54s)  88% completed  (44% total)
     Speed:     ev/sec=29000.4   simsec/sec=1.26344   ev/simsec=22953.6
     Messages:  created: 7032407   present: 10430   in FES: 136
** Event #7576320   t=445.523223945324   Elapsed: 236.453s (3m 56s)  89% completed  (44% total)
     Speed:     ev/sec=29572   simsec/sec=1.72535   ev/simsec=17139.7
     Messages:  created: 7085588   present: 10895   in FES: 152
** Event #7636480   t=448.050581259763   Elapsed: 238.454s (3m 58s)  89% completed  (44% total)
     Speed:     ev/sec=30064.4   simsec/sec=1.26303   ev/simsec=23803.5
     Messages:  created: 7139892   present: 11141   in FES: 133
** Event #7700480   t=451.078536978326   Elapsed: 240.463s (4m 00s)  90% completed  (45% total)
     Speed:     ev/sec=31863.4   simsec/sec=1.50752   ev/simsec=21136.4
     Messages:  created: 7197244   present: 11547   in FES: 154
** Event #7759360   t=454.096511390656   Elapsed: 242.464s (4m 02s)  90% completed  (45% total)
     Speed:     ev/sec=29423.3   simsec/sec=1.50813   ev/simsec=19509.8
     Messages:  created: 7251181   present: 11839   in FES: 127
** Event #7824640   t=457.566947342734   Elapsed: 244.469s (4m 04s)  91% completed  (45% total)
     Speed:     ev/sec=32564.4   simsec/sec=1.7312   ev/simsec=18810.3
     Messages:  created: 7310931   present: 12381   in FES: 141
** Event #7886336   t=461.576261929022   Elapsed: 246.474s (4m 06s)  92% completed  (46% total)
     Speed:     ev/sec=30761.5   simsec/sec=1.99904   ev/simsec=15388.2
     Messages:  created: 7369309   present: 12837   in FES: 150
** Event #7946240   t=464.599705565183   Elapsed: 248.478s (4m 08s)  92% completed  (46% total)
     Speed:     ev/sec=29902.1   simsec/sec=1.5092   ev/simsec=19813.2
     Messages:  created: 7428789   present: 13226   in FES: 156
** Event #8006400   t=467.511267624484   Elapsed: 250.478s (4m 10s)  93% completed  (46% total)
     Speed:     ev/sec=30076   simsec/sec=1.45559   ev/simsec=20662.4
     Messages:  created: 7488811   present: 13514   in FES: 152
** Event #8065536   t=469.089006026239   Elapsed: 252.48s (4m 12s)  93% completed  (46% total)
     Speed:     ev/sec=29530.7   simsec/sec=0.787873   ev/simsec=37481.5
     Messages:  created: 7548225   present: 13718   in FES: 152
** Event #8122624   t=470.572096294355   Elapsed: 254.487s (4m 14s)  94% completed  (47% total)
     Speed:     ev/sec=28454.1   simsec/sec=0.739208   ev/simsec=38492.6
     Messages:  created: 7604432   present: 13945   in FES: 159
** Event #8185856   t=472.570211686375   Elapsed: 256.493s (4m 16s)  94% completed  (47% total)
     Speed:     ev/sec=31525.2   simsec/sec=0.996189   ev/simsec=31645.8
     Messages:  created: 7663213   present: 14202   in FES: 154
** Event #8246272   t=474.55231527094   Elapsed: 258.498s (4m 18s)  94% completed  (47% total)
     Speed:     ev/sec=30126.3   simsec/sec=0.988371   ev/simsec=30480.7
     Messages:  created: 7719598   present: 14440   in FES: 169
** Event #8304896   t=476.542848674547   Elapsed: 260.499s (4m 20s)  95% completed  (47% total)
     Speed:     ev/sec=29292   simsec/sec=0.994588   ev/simsec=29451.4
     Messages:  created: 7773368   present: 14688   in FES: 186
** Event #8367616   t=478.561553888429   Elapsed: 262.504s (4m 22s)  95% completed  (47% total)
     Speed:     ev/sec=31294.5   simsec/sec=1.00724   ev/simsec=31069.4
     Messages:  created: 7830264   present: 14949   in FES: 151
** Event #8434688   t=482.056768587843   Elapsed: 264.509s (4m 24s)  96% completed  (48% total)
     Speed:     ev/sec=33446.8   simsec/sec=1.74296   ev/simsec=19189.7
     Messages:  created: 7890650   present: 15264   in FES: 148
** Event #8498688   t=484.599882322298   Elapsed: 266.521s (4m 26s)  96% completed  (48% total)
     Speed:     ev/sec=31811.1   simsec/sec=1.26405   ev/simsec=25166
     Messages:  created: 7949385   present: 15583   in FES: 165
** Event #8557056   t=487.568749244549   Elapsed: 268.529s (4m 28s)  97% completed  (48% total)
     Speed:     ev/sec=29056.5   simsec/sec=1.47795   ev/simsec=19660
     Messages:  created: 8001607   present: 16081   in FES: 176
** Event #8616448   t=491.058054457395   Elapsed: 270.537s (4m 30s)  98% completed  (49% total)
     Speed:     ev/sec=29592.1   simsec/sec=1.73855   ev/simsec=17021.2
     Messages:  created: 8054619   present: 12307   in FES: 174
** Event #8676864   t=494.554974649435   Elapsed: 272.541s (4m 32s)  98% completed  (49% total)
     Speed:     ev/sec=30146.5   simsec/sec=1.7449   ev/simsec=17276.9
     Messages:  created: 8108597   present: 7598   in FES: 156
** Event #8733696   t=497.558535977513   Elapsed: 274.55s (4m 34s)  99% completed  (49% total)
     Speed:     ev/sec=28284.7   simsec/sec=1.49484   ev/simsec=18921.5
     Messages:  created: 8159354   present: 2783   in FES: 155
** Event #8781773   t=500   Elapsed: 276.258s (4m 36s)  100% completed  (50% total)
     Speed:     ev/sec=28142.4   simsec/sec=1.42833   ev/simsec=19703.1
     Messages:  created: 8203021   present: 1931   in FES: 122

<!> Simulation time limit reached -- at t=500s, event #8781773
undisposed object: (omnetpp::cMessage) FanetSarNetwork.groundStation.app.debugTimer -- check module destructor
undisposed object: (omnetpp::cMessage) FanetSarNetwork.uav[0].app.debugTimer -- check module destructor
undisposed object: (omnetpp::cMessage) FanetSarNetwork.uav[1].app.debugTimer -- check module destructor
undisposed object: (omnetpp::cMessage) FanetSarNetwork.uav[2].app.debugTimer -- check module destructor
undisposed object: (omnetpp::cMessage) FanetSarNetwork.uav[3].app.debugTimer -- check module destructor
undisposed object: (omnetpp::cMessage) FanetSarNetwork.uav[4].app.debugTimer -- check module destructor
undisposed object: (omnetpp::cMessage) FanetSarNetwork.uav[5].app.debugTimer -- check module destructor
undisposed object: (omnetpp::cMessage) FanetSarNetwork.uav[6].app.debugTimer -- check module destructor
undisposed object: (omnetpp::cMessage) FanetSarNetwork.uav[7].app.debugTimer -- check module destructor
undisposed object: (omnetpp::cMessage) FanetSarNetwork.uav[8].app.debugTimer -- check module destructor
undisposed object: (omnetpp::cMessage) FanetSarNetwork.uav[9].app.debugTimer -- check module destructor
undisposed object: (omnetpp::cMessage) FanetSarNetwork.uav[10].app.debugTimer -- check module destructor
undisposed object: (omnetpp::cMessage) FanetSarNetwork.uav[11].app.debugTimer -- check module destructor
undisposed object: (omnetpp::cMessage) FanetSarNetwork.uav[12].app.debugTimer -- check module destructor
undisposed object: (omnetpp::cMessage) FanetSarNetwork.uav[13].app.debugTimer -- check module destructor
undisposed object: (omnetpp::cMessage) FanetSarNetwork.uav[14].app.debugTimer -- check module destructor
undisposed object: (omnetpp::cMessage) FanetSarNetwork.uav[15].app.debugTimer -- check module destructor
undisposed object: (omnetpp::cMessage) FanetSarNetwork.uav[16].app.debugTimer -- check module destructor
undisposed object: (omnetpp::cMessage) FanetSarNetwork.uav[17].app.debugTimer -- check module destructor
undisposed object: (omnetpp::cMessage) FanetSarNetwork.uav[18].app.debugTimer -- check module destructor
undisposed object: (omnetpp::cMessage) FanetSarNetwork.uav[19].app.debugTimer -- check module destructor
undisposed object: (omnetpp::cMessage) FanetSarNetwork.uav[20].app.debugTimer -- check module destructor
undisposed object: (omnetpp::cMessage) FanetSarNetwork.uav[21].app.debugTimer -- check module destructor
undisposed object: (omnetpp::cMessage) FanetSarNetwork.uav[22].app.debugTimer -- check module destructor
undisposed object: (omnetpp::cMessage) FanetSarNetwork.uav[23].app.debugTimer -- check module destructor
undisposed object: (omnetpp::cMessage) FanetSarNetwork.uav[24].app.debugTimer -- check module destructor
undisposed object: (omnetpp::cMessage) FanetSarNetwork.uav[25].app.debugTimer -- check module destructor
undisposed object: (omnetpp::cMessage) FanetSarNetwork.uav[26].app.debugTimer -- check module destructor
undisposed object: (omnetpp::cMessage) FanetSarNetwork.uav[27].app.debugTimer -- check module destructor
undisposed object: (omnetpp::cMessage) FanetSarNetwork.uav[28].app.debugTimer -- check module destructor
undisposed object: (omnetpp::cMessage) FanetSarNetwork.uav[29].app.debugTimer -- check module destructor
