** Event #0   t=0   Elapsed: 2.7e-05s (0m 00s)  0% completed  (0% total)
     Speed:     ev/sec=0   simsec/sec=0   ev/simsec=0
     Messages:  created: 1178   present: 1178   in FES: 186
** Event #96768   t=4.544488818027   Elapsed: 2.0005s (0m 02s)  0% completed  (0% total)
     Speed:     ev/sec=48372.7   simsec/sec=2.27169   ev/simsec=21293.7
     Messages:  created: 93807   present: 1338   in FES: 152
** Event #189440   t=12.563448628501   Elapsed: 4.00377s (0m 04s)  2% completed  (1% total)
     Speed:     ev/sec=46260.3   simsec/sec=4.00293   ev/simsec=11556.6
     Messages:  created: 185008   present: 1268   in FES: 165
** Event #262656   t=14.517865671678   Elapsed: 6.00392s (0m 06s)  2% completed  (1% total)
     Speed:     ev/sec=36605.3   simsec/sec=0.977136   ev/simsec=37461.8
     Messages:  created: 254892   present: 1346   in FES: 155
** Event #320768   t=15.538903541663   Elapsed: 8.01179s (0m 08s)  3% completed  (1% total)
     Speed:     ev/sec=28942.1   simsec/sec=0.508518   ev/simsec=56914.6
     Messages:  created: 310879   present: 1274   in FES: 131
** Event #384768   t=17.53914410261   Elapsed: 10.0123s (0m 10s)  3% completed  (1% total)
     Speed:     ev/sec=31991.4   simsec/sec=0.999852   ev/simsec=31996.2
     Messages:  created: 369154   present: 1155   in FES: 138
** Event #450304   t=20.568173921993   Elapsed: 12.0147s (0m 12s)  4% completed  (2% total)
     Speed:     ev/sec=32729.1   simsec/sec=1.51272   ev/simsec=21636
     Messages:  created: 428777   present: 1317   in FES: 150
** Event #516608   t=24.553583438109   Elapsed: 14.0155s (0m 14s)  4% completed  (2% total)
     Speed:     ev/sec=33139.4   simsec/sec=1.99195   ev/simsec=16636.7
     Messages:  created: 488232   present: 1190   in FES: 136
** Event #584704   t=28.539750764416   Elapsed: 16.0222s (0m 16s)  5% completed  (2% total)
     Speed:     ev/sec=33933.5   simsec/sec=1.98638   ev/simsec=17083.1
     Messages:  created: 550301   present: 1199   in FES: 150
** Event #651776   t=31.579152833773   Elapsed: 18.0272s (0m 18s)  6% completed  (3% total)
     Speed:     ev/sec=33452.7   simsec/sec=1.51593   ev/simsec=22067.5
     Messages:  created: 611087   present: 1210   in FES: 153
** Event #718848   t=35.075182197714   Elapsed: 20.031s (0m 20s)  7% completed  (3% total)
     Speed:     ev/sec=33473.1   simsec/sec=1.74474   ev/simsec=19185.2
     Messages:  created: 671252   present: 1190   in FES: 147
** Event #782080   t=38.555177952854   Elapsed: 22.034s (0m 22s)  7% completed  (3% total)
     Speed:     ev/sec=31567.6   simsec/sec=1.73733   ev/simsec=18170.1
     Messages:  created: 728314   present: 1206   in FES: 153
** Event #848128   t=42.049239959189   Elapsed: 24.0432s (0m 24s)  8% completed  (4% total)
     Speed:     ev/sec=32872.5   simsec/sec=1.73902   ev/simsec=18902.9
     Messages:  created: 788381   present: 1206   in FES: 154
** Event #916480   t=48.049292207785   Elapsed: 26.0486s (0m 26s)  9% completed  (4% total)
     Speed:     ev/sec=34084   simsec/sec=2.99195   ev/simsec=11391.9
     Messages:  created: 855716   present: 1209   in FES: 152
** Event #984576   t=50.587605201012   Elapsed: 28.055s (0m 28s)  10% completed  (5% total)
     Speed:     ev/sec=33939.5   simsec/sec=1.26511   ev/simsec=26827.3
     Messages:  created: 924562   present: 1229   in FES: 154
** Event #1060608   t=55.580486052224   Elapsed: 30.0557s (0m 30s)  11% completed  (5% total)
     Speed:     ev/sec=38003.1   simsec/sec=2.49559   ev/simsec=15228.1
     Messages:  created: 1000025   present: 1184   in FES: 141
** Event #1133824   t=62.011671038792   Elapsed: 32.059s (0m 32s)  12% completed  (6% total)
     Speed:     ev/sec=36548.7   simsec/sec=3.21038   ev/simsec=11384.5
     Messages:  created: 1072837   present: 1196   in FES: 154
** Event #1196288   t=64.525034731437   Elapsed: 34.059s (0m 34s)  12% completed  (6% total)
     Speed:     ev/sec=31231.1   simsec/sec=1.25664   ev/simsec=24852.8
     Messages:  created: 1132223   present: 1247   in FES: 149
** Event #1257216   t=65.563919693289   Elapsed: 36.0645s (0m 36s)  13% completed  (6% total)
     Speed:     ev/sec=30380.7   simsec/sec=0.518023   ev/simsec=58647.5
     Messages:  created: 1188851   present: 1308   in FES: 162
** Event #1321216   t=67.543908432075   Elapsed: 38.0667s (0m 38s)  13% completed  (6% total)
     Speed:     ev/sec=31965.6   simsec/sec=0.988929   ev/simsec=32323.4
     Messages:  created: 1247780   present: 1299   in FES: 154
** Event #1387264   t=70.556244724854   Elapsed: 40.0704s (0m 40s)  14% completed  (7% total)
     Speed:     ev/sec=32962.7   simsec/sec=1.50337   ev/simsec=21925.8
     Messages:  created: 1307577   present: 1259   in FES: 186
** Event #1453568   t=73.563189083575   Elapsed: 42.0704s (0m 42s)  14% completed  (7% total)
     Speed:     ev/sec=33151   simsec/sec=1.50343   ev/simsec=22050.3
     Messages:  created: 1366964   present: 1475   in FES: 216
** Event #1521408   t=77.546552469083   Elapsed: 44.0718s (0m 44s)  15% completed  (7% total)
     Speed:     ev/sec=33897.2   simsec/sec=1.99034   ev/simsec=17030.8
     Messages:  created: 1427520   present: 1282   in FES: 152
** Event #1585664   t=80.547826846119   Elapsed: 46.0757s (0m 46s)  16% completed  (8% total)
     Speed:     ev/sec=32065   simsec/sec=1.49769   ev/simsec=21409.6
     Messages:  created: 1486822   present: 1272   in FES: 154
** Event #1649664   t=83.572313110521   Elapsed: 48.0854s (0m 48s)  16% completed  (8% total)
     Speed:     ev/sec=31845.8   simsec/sec=1.50496   ev/simsec=21160.6
     Messages:  created: 1543804   present: 1325   in FES: 153
** Event #1715200   t=87.555622281282   Elapsed: 50.0874s (0m 50s)  17% completed  (8% total)
     Speed:     ev/sec=32735   simsec/sec=1.98965   ev/simsec=16452.7
     Messages:  created: 1602669   present: 1162   in FES: 147
** Event #1779456   t=90.530084853005   Elapsed: 52.1047s (0m 52s)  18% completed  (9% total)
     Speed:     ev/sec=31853.2   simsec/sec=1.47451   ev/simsec=21602.6
     Messages:  created: 1660265   present: 1170   in FES: 153
** Event #1844992   t=93.565704907638   Elapsed: 54.1108s (0m 54s)  18% completed  (9% total)
     Speed:     ev/sec=32667.2   simsec/sec=1.51314   ev/simsec=21589
     Messages:  created: 1719987   present: 1216   in FES: 129
** Event #1912064   t=97.549185908561   Elapsed: 56.1148s (0m 56s)  19% completed  (9% total)
     Speed:     ev/sec=33469.7   simsec/sec=1.9878   ev/simsec=16837.5
     Messages:  created: 1780026   present: 1330   in FES: 153
** Event #1976576   t=101.031106202422   Elapsed: 58.1169s (0m 58s)  20% completed  (10% total)
     Speed:     ev/sec=32222   simsec/sec=1.73913   ev/simsec=18527.7
     Messages:  created: 1838501   present: 1266   in FES: 170
** Event #2040320   t=103.570990755779   Elapsed: 60.1249s (1m 00s)  20% completed  (10% total)
     Speed:     ev/sec=31745.7   simsec/sec=1.26491   ev/simsec=25097.2
     Messages:  created: 1895365   present: 1732   in FES: 191
** Event #2105856   t=107.560465021572   Elapsed: 62.1306s (1m 02s)  21% completed  (10% total)
     Speed:     ev/sec=32675.3   simsec/sec=1.98909   ev/simsec=16427.2
     Messages:  created: 1953446   present: 2223   in FES: 208
** Event #2168832   t=110.589378669872   Elapsed: 64.1308s (1m 04s)  22% completed  (11% total)
     Speed:     ev/sec=31484.1   simsec/sec=1.51427   ev/simsec=20791.6
     Messages:  created: 2010143   present: 1461   in FES: 151
** Event #2227712   t=113.563239672587   Elapsed: 66.1372s (1m 06s)  22% completed  (11% total)
     Speed:     ev/sec=29346   simsec/sec=1.48218   ev/simsec=19799.2
     Messages:  created: 2062399   present: 1844   in FES: 143
** Event #2293760   t=119.023975959711   Elapsed: 68.138s (1m 08s)  23% completed  (11% total)
     Speed:     ev/sec=33010.4   simsec/sec=2.72925   ev/simsec=12095.1
     Messages:  created: 2124808   present: 2457   in FES: 150
** Event #2356224   t=121.604816997334   Elapsed: 70.1392s (1m 10s)  24% completed  (12% total)
     Speed:     ev/sec=31213.4   simsec/sec=1.28965   ev/simsec=24203
     Messages:  created: 2187003   present: 2766   in FES: 146
** Event #2418944   t=124.535322618841   Elapsed: 72.1444s (1m 12s)  24% completed  (12% total)
     Speed:     ev/sec=31278   simsec/sec=1.46142   ev/simsec=21402.4
     Messages:  created: 2249302   present: 3241   in FES: 181
** Event #2490880   t=129.53266327585   Elapsed: 74.1511s (1m 14s)  25% completed  (12% total)
     Speed:     ev/sec=35848   simsec/sec=2.49033   ev/simsec=14394.9
     Messages:  created: 2320399   present: 3774   in FES: 154
** Event #2561024   t=135.536954504154   Elapsed: 76.153s (1m 16s)  27% completed  (13% total)
     Speed:     ev/sec=35038.6   simsec/sec=2.99929   ev/simsec=11682.3
     Messages:  created: 2388330   present: 4462   in FES: 158
** Event #2632448   t=141.095034118171   Elapsed: 78.1572s (1m 18s)  28% completed  (14% total)
     Speed:     ev/sec=35638.8   simsec/sec=2.77335   ev/simsec=12850.5
     Messages:  created: 2457626   present: 5073   in FES: 138
** Event #2708992   t=147.536424528588   Elapsed: 80.1584s (1m 20s)  29% completed  (14% total)
     Speed:     ev/sec=38249   simsec/sec=3.21876   ev/simsec=11883.1
     Messages:  created: 2532065   present: 5940   in FES: 172
** Event #2784000   t=153.530212698169   Elapsed: 82.1673s (1m 22s)  30% completed  (15% total)
     Speed:     ev/sec=37337.9   simsec/sec=2.98362   ev/simsec=12514.3
     Messages:  created: 2605262   present: 6611   in FES: 164
** Event #2856448   t=159.536441081142   Elapsed: 84.1701s (1m 24s)  31% completed  (15% total)
     Speed:     ev/sec=36172.4   simsec/sec=2.99884   ev/simsec=12062.1
     Messages:  created: 2676079   present: 7419   in FES: 184
** Event #2930688   t=165.528960164153   Elapsed: 86.1773s (1m 26s)  33% completed  (16% total)
     Speed:     ev/sec=36986.5   simsec/sec=2.98548   ev/simsec=12388.8
     Messages:  created: 2748298   present: 8031   in FES: 153
** Event #2999296   t=170.588612056101   Elapsed: 88.1845s (1m 28s)  34% completed  (17% total)
     Speed:     ev/sec=34181.4   simsec/sec=2.52078   ev/simsec=13559.8
     Messages:  created: 2815407   present: 8685   in FES: 154
** Event #3067136   t=176.569221138034   Elapsed: 90.1947s (1m 30s)  35% completed  (17% total)
     Speed:     ev/sec=33747.7   simsec/sec=2.97512   ev/simsec=11343.3
     Messages:  created: 2881718   present: 9384   in FES: 147
** Event #3130624   t=179.095032026866   Elapsed: 92.1956s (1m 32s)  35% completed  (17% total)
     Speed:     ev/sec=31730.3   simsec/sec=1.26236   ev/simsec=25135.7
     Messages:  created: 2942734   present: 9661   in FES: 148
** Event #3188992   t=180.550948300359   Elapsed: 94.202s (1m 34s)  36% completed  (18% total)
     Speed:     ev/sec=29090.8   simsec/sec=0.725632   ev/simsec=40090.2
     Messages:  created: 2996865   present: 9871   in FES: 153
** Event #3250688   t=182.536780014772   Elapsed: 96.2053s (1m 36s)  36% completed  (18% total)
     Speed:     ev/sec=30797.6   simsec/sec=0.991295   ev/simsec=31068.1
     Messages:  created: 3052913   present: 10030   in FES: 129
** Event #3314176   t=185.513572628056   Elapsed: 98.2091s (1m 38s)  37% completed  (18% total)
     Speed:     ev/sec=31682.8   simsec/sec=1.48553   ev/simsec=21327.7
     Messages:  created: 3109276   present: 10499   in FES: 146
** Event #3373312   t=187.574288441573   Elapsed: 100.213s (1m 40s)  37% completed  (18% total)
     Speed:     ev/sec=29509   simsec/sec=1.0283   ev/simsec=28696.8
     Messages:  created: 3163722   present: 10720   in FES: 153
** Event #3424000   t=188.559546246585   Elapsed: 102.213s (1m 42s)  37% completed  (18% total)
     Speed:     ev/sec=25340.7   simsec/sec=0.492565   ev/simsec=51446.4
     Messages:  created: 3210038   present: 10882   in FES: 144
** Event #3474944   t=190.53884917257   Elapsed: 104.214s (1m 44s)  38% completed  (19% total)
     Speed:     ev/sec=25467.1   simsec/sec=0.989461   ev/simsec=25738.4
     Messages:  created: 3256261   present: 11000   in FES: 147
** Event #3531264   t=193.537087474132   Elapsed: 106.214s (1m 46s)  38% completed  (19% total)
     Speed:     ev/sec=28156.2   simsec/sec=1.49891   ev/simsec=18784.4
     Messages:  created: 3307148   present: 11602   in FES: 187
** Event #3587072   t=195.5135371868   Elapsed: 108.219s (1m 48s)  39% completed  (19% total)
     Speed:     ev/sec=27829.6   simsec/sec=0.98559   ev/simsec=28236.5
     Messages:  created: 3359146   present: 11632   in FES: 150
** Event #3647488   t=197.03110538063   Elapsed: 110.228s (1m 50s)  39% completed  (19% total)
     Speed:     ev/sec=30080.6   simsec/sec=0.755583   ev/simsec=39811.1
     Messages:  created: 3417077   present: 11811   in FES: 145
** Event #3705344   t=198.550020140515   Elapsed: 112.233s (1m 52s)  39% completed  (19% total)
     Speed:     ev/sec=28850.4   simsec/sec=0.757419   ev/simsec=38090.4
     Messages:  created: 3471630   present: 11991   in FES: 149
** Event #3766016   t=200.589843221623   Elapsed: 114.239s (1m 54s)  40% completed  (20% total)
     Speed:     ev/sec=30255.3   simsec/sec=1.0172   ev/simsec=29743.8
     Messages:  created: 3528007   present: 12236   in FES: 151
** Event #3827712   t=203.559206803958   Elapsed: 116.243s (1m 56s)  40% completed  (20% total)
     Speed:     ev/sec=30774.1   simsec/sec=1.48112   ev/simsec=20777.5
     Messages:  created: 3582899   present: 12593   in FES: 153
** Event #3893248   t=206.585516904112   Elapsed: 118.253s (1m 58s)  41% completed  (20% total)
     Speed:     ev/sec=32611.9   simsec/sec=1.50595   ev/simsec=21655.4
     Messages:  created: 3641690   present: 13026   in FES: 153
** Event #3956736   t=209.592227407771   Elapsed: 120.258s (2m 00s)  41% completed  (20% total)
     Speed:     ev/sec=31659.6   simsec/sec=1.49936   ev/simsec=21115.4
     Messages:  created: 3698797   present: 13536   in FES: 185
** Event #4019456   t=213.517082229599   Elapsed: 122.268s (2m 02s)  42% completed  (21% total)
     Speed:     ev/sec=31215.8   simsec/sec=1.95341   ev/simsec=15980.2
     Messages:  created: 3754411   present: 13820   in FES: 153
** Event #4082176   t=216.509554283077   Elapsed: 124.268s (2m 04s)  43% completed  (21% total)
     Speed:     ev/sec=31359.7   simsec/sec=1.49622   ev/simsec=20959.3
     Messages:  created: 3810775   present: 14104   in FES: 133
** Event #4143104   t=219.031105355787   Elapsed: 126.272s (2m 06s)  43% completed  (21% total)
     Speed:     ev/sec=30395.5   simsec/sec=1.25794   ev/simsec=24162.9
     Messages:  created: 3865423   present: 14457   in FES: 147
** Event #4205312   t=222.073388713055   Elapsed: 128.279s (2m 08s)  44% completed  (22% total)
     Speed:     ev/sec=30991.6   simsec/sec=1.51565   ev/simsec=20447.8
     Messages:  created: 3921184   present: 14746   in FES: 123
** Event #4267520   t=225.572043792728   Elapsed: 130.279s (2m 10s)  45% completed  (22% total)
     Speed:     ev/sec=31101.3   simsec/sec=1.74917   ev/simsec=17780.5
     Messages:  created: 3977586   present: 15306   in FES: 153
** Event #4327680   t=228.570250723207   Elapsed: 132.28s (2m 12s)  45% completed  (22% total)
     Speed:     ev/sec=30075.7   simsec/sec=1.49889   ev/simsec=20065.3
     Messages:  created: 4031812   present: 15622   in FES: 163
** Event #4393728   t=231.57825935397   Elapsed: 134.288s (2m 14s)  46% completed  (23% total)
     Speed:     ev/sec=32895.6   simsec/sec=1.49816   ev/simsec=21957.4
     Messages:  created: 4090017   present: 16007   in FES: 184
** Event #4458240   t=234.593633796946   Elapsed: 136.291s (2m 16s)  46% completed  (23% total)
     Speed:     ev/sec=32208.5   simsec/sec=1.50547   ev/simsec=21394.4
     Messages:  created: 4147599   present: 16380   in FES: 178
** Event #4517120   t=237.590779768222   Elapsed: 138.295s (2m 18s)  47% completed  (23% total)
     Speed:     ev/sec=29374.3   simsec/sec=1.49523   ev/simsec=19645.4
     Messages:  created: 4200723   present: 8640   in FES: 168
** Event #4578048   t=241.0949800516   Elapsed: 140.298s (2m 20s)  48% completed  (24% total)
     Speed:     ev/sec=30413   simsec/sec=1.74917   ev/simsec=17387.1
     Messages:  created: 4255097   present: 1703   in FES: 154
** Event #4637696   t=243.603064723998   Elapsed: 142.305s (2m 22s)  48% completed  (24% total)
     Speed:     ev/sec=29726.5   simsec/sec=1.24994   ev/simsec=23782.3
     Messages:  created: 4308517   present: 1950   in FES: 133
** Event #4696320   t=246.584932748684   Elapsed: 144.317s (2m 24s)  49% completed  (24% total)
     Speed:     ev/sec=29140.2   simsec/sec=1.48219   ev/simsec=19660.2
     Messages:  created: 4360729   present: 2416   in FES: 151
** Event #4758528   t=249.587333056027   Elapsed: 146.324s (2m 26s)  49% completed  (24% total)
     Speed:     ev/sec=30984.8   simsec/sec=1.49545   ev/simsec=20719.4
     Messages:  created: 4417190   present: 2794   in FES: 154
** Event #4824832   t=253.517162102479   Elapsed: 148.336s (2m 28s)  50% completed  (25% total)
     Speed:     ev/sec=32955.4   simsec/sec=1.95326   ev/simsec=16872
     Messages:  created: 4476437   present: 3212   in FES: 153
** Event #4884224   t=255.603100484381   Elapsed: 150.341s (2m 30s)  51% completed  (25% total)
     Speed:     ev/sec=29629.7   simsec/sec=1.04064   ev/simsec=28472.6
     Messages:  created: 4530524   present: 3440   in FES: 150
** Event #4944640   t=258.587081278298   Elapsed: 152.348s (2m 32s)  51% completed  (25% total)
     Speed:     ev/sec=30094.6   simsec/sec=1.48639   ev/simsec=20246.8
     Messages:  created: 4585131   present: 3981   in FES: 178
** Event #5007360   t=261.587585561425   Elapsed: 154.355s (2m 34s)  52% completed  (26% total)
     Speed:     ev/sec=31250.4   simsec/sec=1.49501   ev/simsec=20903.2
     Messages:  created: 4641807   present: 4341   in FES: 190
** Event #5073152   t=265.094977902179   Elapsed: 156.356s (2m 36s)  53% completed  (26% total)
     Speed:     ev/sec=32884.5   simsec/sec=1.75308   ev/simsec=18758.1
     Messages:  created: 4700645   present: 4496   in FES: 124
** Event #5133824   t=268.067995326018   Elapsed: 158.358s (2m 38s)  53% completed  (26% total)
     Speed:     ev/sec=30303   simsec/sec=1.48489   ev/simsec=20407.5
     Messages:  created: 4754936   present: 4910   in FES: 140
** Event #5189888   t=270.597370573599   Elapsed: 160.364s (2m 40s)  54% completed  (27% total)
     Speed:     ev/sec=27946.9   simsec/sec=1.26085   ev/simsec=22165.2
     Messages:  created: 4806740   present: 5262   in FES: 150
** Event #5251840   t=274.05111818596   Elapsed: 162.366s (2m 42s)  54% completed  (27% total)
     Speed:     ev/sec=30951.8   simsec/sec=1.72553   ev/simsec=17937.6
     Messages:  created: 4862687   present: 5651   in FES: 148
** Event #5312000   t=277.564955724462   Elapsed: 164.374s (2m 44s)  55% completed  (27% total)
     Speed:     ev/sec=29961.8   simsec/sec=1.75001   ev/simsec=17120.9
     Messages:  created: 4917035   present: 6102   in FES: 153
** Event #5372672   t=280.515362555095   Elapsed: 166.378s (2m 46s)  56% completed  (28% total)
     Speed:     ev/sec=30279.3   simsec/sec=1.47244   ev/simsec=20563.9
     Messages:  created: 4972984   present: 6490   in FES: 149
** Event #5431296   t=283.529528466673   Elapsed: 168.378s (2m 48s)  56% completed  (28% total)
     Speed:     ev/sec=29304.1   simsec/sec=1.50668   ev/simsec=19449.5
     Messages:  created: 5026446   present: 6804   in FES: 154
** Event #5493760   t=286.581588660352   Elapsed: 170.394s (2m 50s)  57% completed  (28% total)
     Speed:     ev/sec=30978.5   simsec/sec=1.51364   ev/simsec=20466.2
     Messages:  created: 5082955   present: 7176   in FES: 154
** Event #5558272   t=289.768510947004   Elapsed: 172.397s (2m 52s)  57% completed  (28% total)
     Speed:     ev/sec=32219.8   simsec/sec=1.59167   ev/simsec=20242.7
     Messages:  created: 5143347   present: 7452   in FES: 123
** Event #5619968   t=293.094980091664   Elapsed: 174.401s (2m 54s)  58% completed  (29% total)
     Speed:     ev/sec=30775.5   simsec/sec=1.65933   ev/simsec=18547
     Messages:  created: 5199186   present: 7946   in FES: 154
** Event #5686784   t=296.515639402811   Elapsed: 176.402s (2m 56s)  59% completed  (29% total)
     Speed:     ev/sec=33397.8   simsec/sec=1.70981   ev/simsec=19533.1
     Messages:  created: 5260779   present: 8429   in FES: 151
** Event #5748224   t=299.540638095341   Elapsed: 178.402s (2m 58s)  59% completed  (29% total)
     Speed:     ev/sec=30712.8   simsec/sec=1.51214   ev/simsec=20310.8
     Messages:  created: 5316844   present: 8764   in FES: 151
** Event #5808384   t=302.581320988059   Elapsed: 180.415s (3m 00s)  60% completed  (30% total)
     Speed:     ev/sec=29888.5   simsec/sec=1.51066   ev/simsec=19785
     Messages:  created: 5371975   present: 9103   in FES: 153
** Event #5869056   t=305.578321424502   Elapsed: 182.421s (3m 02s)  61% completed  (30% total)
     Speed:     ev/sec=30245.7   simsec/sec=1.49404   ev/simsec=20244.2
     Messages:  created: 5427568   present: 9550   in FES: 154
** Event #5930752   t=308.590658927963   Elapsed: 184.423s (3m 04s)  61% completed  (30% total)
     Speed:     ev/sec=30814.9   simsec/sec=1.50455   ev/simsec=20481.1
     Messages:  created: 5484152   present: 9782   in FES: 147
** Event #5996032   t=312.055799234212   Elapsed: 186.429s (3m 06s)  62% completed  (31% total)
     Speed:     ev/sec=32555.4   simsec/sec=1.72808   ev/simsec=18839.1
     Messages:  created: 5544139   present: 10179   in FES: 136
** Event #6057728   t=315.058280413987   Elapsed: 188.432s (3m 08s)  63% completed  (31% total)
     Speed:     ev/sec=30789.4   simsec/sec=1.49839   ev/simsec=20548.3
     Messages:  created: 5600543   present: 10575   in FES: 148
** Event #6119680   t=318.550293088073   Elapsed: 190.438s (3m 10s)  63% completed  (31% total)
     Speed:     ev/sec=30890.6   simsec/sec=1.74119   ev/simsec=17741.1
     Messages:  created: 5656823   present: 11002   in FES: 151
** Event #6179072   t=321.566025242811   Elapsed: 192.44s (3m 12s)  64% completed  (32% total)
     Speed:     ev/sec=29667.8   simsec/sec=1.50643   ev/simsec=19694.1
     Messages:  created: 5710446   present: 11395   in FES: 154
** Event #6240768   t=324.508113173904   Elapsed: 194.444s (3m 14s)  64% completed  (32% total)
     Speed:     ev/sec=30779.2   simsec/sec=1.46776   ev/simsec=20970.1
     Messages:  created: 5766111   present: 11717   in FES: 159
** Event #6301440   t=327.062687373323   Elapsed: 196.449s (3m 16s)  65% completed  (32% total)
     Speed:     ev/sec=30266.7   simsec/sec=1.27437   ev/simsec=23750.3
     Messages:  created: 5820889   present: 12019   in FES: 154
** Event #6365440   t=330.549948806696   Elapsed: 198.453s (3m 18s)  66% completed  (33% total)
     Speed:     ev/sec=31931.3   simsec/sec=1.73989   ev/simsec=18352.5
     Messages:  created: 5878965   present: 12455   in FES: 154
** Event #6428416   t=333.57285285926   Elapsed: 200.458s (3m 20s)  66% completed  (33% total)
     Speed:     ev/sec=31409.8   simsec/sec=1.5077   ev/simsec=20832.9
     Messages:  created: 5936803   present: 12910   in FES: 163
** Event #6494720   t=336.591582167875   Elapsed: 202.46s (3m 22s)  67% completed  (33% total)
     Speed:     ev/sec=33118.7   simsec/sec=1.50785   ev/simsec=21964.2
     Messages:  created: 5996963   present: 13223   in FES: 164
** Event #6555392   t=339.583242889169   Elapsed: 204.467s (3m 24s)  67% completed  (33% total)
     Speed:     ev/sec=30231.7   simsec/sec=1.49069   ev/simsec=20280.4
     Messages:  created: 6051968   present: 13541   in FES: 150
** Event #6618624   t=342.594314511473   Elapsed: 206.472s (3m 26s)  68% completed  (34% total)
     Speed:     ev/sec=31536.6   simsec/sec=1.50176   ev/simsec=20999.8
     Messages:  created: 6108795   present: 13947   in FES: 154
** Event #6683136   t=346.011669560858   Elapsed: 208.474s (3m 28s)  69% completed  (34% total)
     Speed:     ev/sec=32227.4   simsec/sec=1.70716   ev/simsec=18877.8
     Messages:  created: 6166619   present: 14277   in FES: 154
** Event #6745856   t=349.566017860476   Elapsed: 210.479s (3m 30s)  69% completed  (34% total)
     Speed:     ev/sec=31287.2   simsec/sec=1.77305   ev/simsec=17646
     Messages:  created: 6223663   present: 14833   in FES: 174
** Event #6808320   t=352.514245558261   Elapsed: 212.48s (3m 32s)  70% completed  (35% total)
     Speed:     ev/sec=31213.1   simsec/sec=1.47322   ev/simsec=21187
     Messages:  created: 6279628   present: 15141   in FES: 153
** Event #6867968   t=355.529738556726   Elapsed: 214.483s (3m 34s)  71% completed  (35% total)
     Speed:     ev/sec=29774.4   simsec/sec=1.50524   ev/simsec=19780.5
     Messages:  created: 6333382   present: 15406   in FES: 145
** Event #6934016   t=358.58334319636   Elapsed: 216.489s (3m 36s)  71% completed  (35% total)
     Speed:     ev/sec=32927.7   simsec/sec=1.52235   ev/simsec=21629.5
     Messages:  created: 6393555   present: 15893   in FES: 175
** Event #6995968   t=361.590354968159   Elapsed: 218.499s (3m 38s)  72% completed  (36% total)
     Speed:     ev/sec=30822   simsec/sec=1.49603   ev/simsec=20602.5
     Messages:  created: 6449519   present: 16280   in FES: 184
** Event #7055360   t=365.051066209923   Elapsed: 220.5s (3m 40s)  73% completed  (36% total)
     Speed:     ev/sec=29674.5   simsec/sec=1.72911   ev/simsec=17161.8
     Messages:  created: 6503197   present: 8922   in FES: 169
** Event #7109376   t=367.560118953425   Elapsed: 222.503s (3m 42s)  73% completed  (36% total)
     Speed:     ev/sec=26966.9   simsec/sec=1.25262   ev/simsec=21528.4
     Messages:  created: 6551685   present: 1610   in FES: 181
** Event #7171072   t=370.579754590186   Elapsed: 224.504s (3m 44s)  74% completed  (37% total)
     Speed:     ev/sec=30841.8   simsec/sec=1.50952   ev/simsec=20431.6
     Messages:  created: 6606642   present: 1898   in FES: 151
** Event #7232000   t=373.58383106569   Elapsed: 226.505s (3m 46s)  74% completed  (37% total)
     Speed:     ev/sec=30442.7   simsec/sec=1.50099   ev/simsec=20281.8
     Messages:  created: 6661527   present: 2265   in FES: 146
** Event #7297536   t=377.077079389896   Elapsed: 228.506s (3m 48s)  75% completed  (37% total)
     Speed:     ev/sec=32753.2   simsec/sec=1.74583   ev/simsec=18760.8
     Messages:  created: 6721106   present: 2656   in FES: 150
** Event #7358464   t=380.026417007917   Elapsed: 230.514s (3m 50s)  76% completed  (38% total)
     Speed:     ev/sec=30344.2   simsec/sec=1.46887   ev/simsec=20658.2
     Messages:  created: 6776099   present: 3006   in FES: 147
** Event #7419136   t=382.592249285132   Elapsed: 232.522s (3m 52s)  76% completed  (38% total)
     Speed:     ev/sec=30219.5   simsec/sec=1.27799   ev/simsec=23646.1
     Messages:  created: 6830186   present: 3333   in FES: 145
** Event #7485696   t=385.673778399663   Elapsed: 234.526s (3m 54s)  77% completed  (38% total)
     Speed:     ev/sec=33206.6   simsec/sec=1.53737   ev/simsec=21599.7
     Messages:  created: 6892422   present: 3688   in FES: 174
** Event #7554048   t=387.218872019632   Elapsed: 236.53s (3m 56s)  77% completed  (38% total)
     Speed:     ev/sec=34106.4   simsec/sec=0.770974   ev/simsec=44238.1
     Messages:  created: 6972291   present: 3759   in FES: 164
** Event #7617792   t=388.59006319051   Elapsed: 238.536s (3m 58s)  77% completed  (38% total)
     Speed:     ev/sec=31781.4   simsec/sec=0.683646   ev/simsec=46488
     Messages:  created: 7047006   present: 3828   in FES: 153
** Event #7677952   t=389.769387249015   Elapsed: 240.543s (4m 00s)  77% completed  (38% total)
     Speed:     ev/sec=29968.7   simsec/sec=0.58748   ev/simsec=51012.3
     Messages:  created: 7114705   present: 3847   in FES: 154
** Event #7745024   t=391.40818485088   Elapsed: 242.546s (4m 02s)  78% completed  (39% total)
     Speed:     ev/sec=33488.2   simsec/sec=0.818232   ev/simsec=40927.6
     Messages:  created: 7193856   present: 3927   in FES: 173
** Event #7810560   t=392.775978657102   Elapsed: 244.556s (4m 04s)  78% completed  (39% total)
     Speed:     ev/sec=32603   simsec/sec=0.680453   ev/simsec=47913.7
     Messages:  created: 7268589   present: 4020   in FES: 174
** Event #7880960   t=394.269170072803   Elapsed: 246.564s (4m 06s)  78% completed  (39% total)
     Speed:     ev/sec=35057.7   simsec/sec=0.743578   ev/simsec=47147.3
     Messages:  created: 7347528   present: 4040   in FES: 155
** Event #7942656   t=395.566223734854   Elapsed: 248.575s (4m 08s)  79% completed  (39% total)
     Speed:     ev/sec=30692.6   simsec/sec=0.645261   ev/simsec=47566.3
     Messages:  created: 7417892   present: 4133   in FES: 152
** Event #8009728   t=397.275923061285   Elapsed: 250.579s (4m 10s)  79% completed  (39% total)
     Speed:     ev/sec=33461.2   simsec/sec=0.852942   ev/simsec=39230.3
     Messages:  created: 7496610   present: 4192   in FES: 154
** Event #8072704   t=398.580832226142   Elapsed: 252.579s (4m 12s)  79% completed  (39% total)
     Speed:     ev/sec=31486.9   simsec/sec=0.652432   ev/simsec=48260.8
     Messages:  created: 7567091   present: 4303   in FES: 154
** Event #8130304   t=399.784620444182   Elapsed: 254.586s (4m 14s)  79% completed  (39% total)
     Speed:     ev/sec=28707.9   simsec/sec=0.59997   ev/simsec=47848.9
     Messages:  created: 7631960   present: 4306   in FES: 174
** Event #8195328   t=401.541408330445   Elapsed: 256.588s (4m 16s)  80% completed  (40% total)
     Speed:     ev/sec=32471   simsec/sec=0.877287   ev/simsec=37013
     Messages:  created: 7708768   present: 4382   in FES: 174
** Event #8257536   t=402.73548952255   Elapsed: 258.591s (4m 18s)  80% completed  (40% total)
     Speed:     ev/sec=31063.4   simsec/sec=0.596262   ev/simsec=52097
     Messages:  created: 7776361   present: 4419   in FES: 155
** Event #8323072   t=404.48526745285   Elapsed: 260.592s (4m 20s)  80% completed  (40% total)
     Speed:     ev/sec=32740.1   simsec/sec=0.874145   ev/simsec=37453.9
     Messages:  created: 7853094   present: 4497   in FES: 154
** Event #8386304   t=405.588954345558   Elapsed: 262.595s (4m 22s)  81% completed  (40% total)
     Speed:     ev/sec=31567.9   simsec/sec=0.551004   ev/simsec=57291.6
     Messages:  created: 7921616   present: 4646   in FES: 152
** Event #8452864   t=407.52618335107   Elapsed: 264.596s (4m 24s)  81% completed  (40% total)
     Speed:     ev/sec=33272.5   simsec/sec=0.968396   ev/simsec=34358.4
     Messages:  created: 7999827   present: 4648   in FES: 154
** Event #8515840   t=409.01851111501   Elapsed: 266.604s (4m 26s)  81% completed  (40% total)
     Speed:     ev/sec=31357.1   simsec/sec=0.743061   ev/simsec=42199.8
     Messages:  created: 8071558   present: 4693   in FES: 154
** Event #8576768   t=410.041396703682   Elapsed: 268.606s (4m 28s)  82% completed  (41% total)
     Speed:     ev/sec=30443   simsec/sec=0.511091   ev/simsec=59564.8
     Messages:  created: 8137382   present: 4751   in FES: 156
** Event #8640256   t=411.56932182185   Elapsed: 270.613s (4m 30s)  82% completed  (41% total)
     Speed:     ev/sec=31621.7   simsec/sec=0.761019   ev/simsec=41551.8
     Messages:  created: 8209139   present: 4829   in FES: 132
** Event #8701184   t=412.647716291232   Elapsed: 272.619s (4m 32s)  82% completed  (41% total)
     Speed:     ev/sec=30376.1   simsec/sec=0.537641   ev/simsec=56498.8
     Messages:  created: 8278389   present: 4870   in FES: 154
** Event #8755968   t=413.535876179294   Elapsed: 274.625s (4m 34s)  82% completed  (41% total)
     Speed:     ev/sec=27311.2   simsec/sec=0.44277   ev/simsec=61682.6
     Messages:  created: 8339957   present: 5113   in FES: 182
** Event #8817152   t=414.397982602455   Elapsed: 276.626s (4m 36s)  82% completed  (41% total)
     Speed:     ev/sec=30579.8   simsec/sec=0.430882   ev/simsec=70970.4
     Messages:  created: 8409553   present: 4900   in FES: 143
** Event #8873728   t=414.841809834404   Elapsed: 278.628s (4m 38s)  82% completed  (41% total)
     Speed:     ev/sec=28258.1   simsec/sec=0.221679   ev/simsec=127473
     Messages:  created: 8470367   present: 4912   in FES: 174
** Event #8927232   t=415.54034737136   Elapsed: 280.629s (4m 40s)  83% completed  (41% total)
     Speed:     ev/sec=26736   simsec/sec=0.34906   ev/simsec=76594.3
     Messages:  created: 8529955   present: 5046   in FES: 146
** Event #8978944   t=416.018747124106   Elapsed: 282.636s (4m 42s)  83% completed  (41% total)
     Speed:     ev/sec=25765   simsec/sec=0.238358   ev/simsec=108094
     Messages:  created: 8586819   present: 4931   in FES: 174
** Event #9036288   t=416.558691777114   Elapsed: 284.639s (4m 44s)  83% completed  (41% total)
     Speed:     ev/sec=28633.9   simsec/sec=0.269613   ev/simsec=106203
     Messages:  created: 8651968   present: 5018   in FES: 157
** Event #9094656   t=417.137646620095   Elapsed: 286.642s (4m 46s)  83% completed  (41% total)
     Speed:     ev/sec=29133.5   simsec/sec=0.288977   ev/simsec=100816
     Messages:  created: 8717887   present: 4934   in FES: 175
** Event #9147136   t=417.565494797016   Elapsed: 288.662s (4m 48s)  83% completed  (41% total)
     Speed:     ev/sec=25980.3   simsec/sec=0.211807   ev/simsec=122660
     Messages:  created: 8775312   present: 5059   in FES: 174
** Event #9200128   t=418.062739449321   Elapsed: 290.666s (4m 50s)  83% completed  (41% total)
     Speed:     ev/sec=26450.8   simsec/sec=0.248198   ev/simsec=106571
     Messages:  created: 8834558   present: 4915   in FES: 146
** Event #9255936   t=418.575532167313   Elapsed: 292.666s (4m 52s)  83% completed  (41% total)
     Speed:     ev/sec=27901.9   simsec/sec=0.256377   ev/simsec=108831
     Messages:  created: 8895829   present: 5271   in FES: 247
** Event #9315840   t=419.538410899582   Elapsed: 294.675s (4m 54s)  83% completed  (41% total)
     Speed:     ev/sec=29823.9   simsec/sec=0.47938   ev/simsec=62213.4
     Messages:  created: 8970795   present: 4964   in FES: 153
** Event #9376256   t=420.372772294445   Elapsed: 296.676s (4m 56s)  84% completed  (42% total)
     Speed:     ev/sec=30180.3   simsec/sec=0.416798   ev/simsec=72409.9
     Messages:  created: 9043111   present: 4934   in FES: 149
** Event #9431552   t=421.068792921467   Elapsed: 298.686s (4m 58s)  84% completed  (42% total)
     Speed:     ev/sec=27508.8   simsec/sec=0.346258   ev/simsec=79445.9
     Messages:  created: 9108638   present: 4911   in FES: 157
** Event #9484032   t=421.574214144643   Elapsed: 300.687s (5m 00s)  84% completed  (42% total)
     Speed:     ev/sec=26231.1   simsec/sec=0.252625   ev/simsec=103834
     Messages:  created: 9168275   present: 5025   in FES: 141
** Event #9543424   t=422.45324267173   Elapsed: 302.69s (5m 02s)  84% completed  (42% total)
     Speed:     ev/sec=29650.8   simsec/sec=0.438846   ev/simsec=67565.5
     Messages:  created: 9240947   present: 4934   in FES: 152
** Event #9598720   t=422.977847197646   Elapsed: 304.695s (5m 04s)  84% completed  (42% total)
     Speed:     ev/sec=27582.4   simsec/sec=0.26168   ev/simsec=105405
     Messages:  created: 9303331   present: 4942   in FES: 154
** Event #9657088   t=423.728388180614   Elapsed: 306.695s (5m 06s)  84% completed  (42% total)
     Speed:     ev/sec=29177.4   simsec/sec=0.375185   ev/simsec=77767.9
     Messages:  created: 9372548   present: 4913   in FES: 155
** Event #9717760   t=424.588670798424   Elapsed: 308.702s (5m 08s)  84% completed  (42% total)
     Speed:     ev/sec=30235   simsec/sec=0.42871   ev/simsec=70525.7
     Messages:  created: 9445705   present: 4908   in FES: 155
** Event #9776896   t=425.533528449125   Elapsed: 310.705s (5m 10s)  85% completed  (42% total)
     Speed:     ev/sec=29524.3   simsec/sec=0.47173   ev/simsec=62587.2
     Messages:  created: 9519200   present: 5175   in FES: 216
** Event #9827840   t=425.727610856572   Elapsed: 312.706s (5m 12s)  85% completed  (42% total)
     Speed:     ev/sec=25461.1   simsec/sec=0.0969996   ev/simsec=262486
     Messages:  created: 9570617   present: 4871   in FES: 156
** Event #9883392   t=426.529537293886   Elapsed: 314.716s (5m 14s)  85% completed  (42% total)
     Speed:     ev/sec=27640.8   simsec/sec=0.399012   ev/simsec=69273.2
     Messages:  created: 9636445   present: 4994   in FES: 152
** Event #9942272   t=427.202544011925   Elapsed: 316.719s (5m 16s)  85% completed  (42% total)
     Speed:     ev/sec=29388.3   simsec/sec=0.335912   ev/simsec=87488
     Messages:  created: 9702695   present: 4953   in FES: 171
** Event #9993472   t=427.558594669761   Elapsed: 318.721s (5m 18s)  85% completed  (42% total)
     Speed:     ev/sec=25574   simsec/sec=0.177845   ev/simsec=143800
     Messages:  created: 9757261   present: 4886   in FES: 123
** Event #10052096   t=428.510870771347   Elapsed: 320.732s (5m 20s)  85% completed  (42% total)
     Speed:     ev/sec=29155.3   simsec/sec=0.473593   ev/simsec=61562
     Messages:  created: 9827732   present: 4952   in FES: 153
** Event #10099968   t=428.588835919571   Elapsed: 322.759s (5m 22s)  85% completed  (42% total)
     Speed:     ev/sec=23622.3   simsec/sec=0.0384716   ev/simsec=614018
     Messages:  created: 9872054   present: 5005   in FES: 154
** Event #10157824   t=429.452500871707   Elapsed: 324.762s (5m 24s)  85% completed  (42% total)
     Speed:     ev/sec=28875.4   simsec/sec=0.431047   ev/simsec=66988.9
     Messages:  created: 9940416   present: 4890   in FES: 155
** Event #10206720   t=429.56898700374   Elapsed: 326.765s (5m 26s)  85% completed  (42% total)
     Speed:     ev/sec=24419.6   simsec/sec=0.0581754   ev/simsec=419758
     Messages:  created: 9987422   present: 5150   in FES: 185
** Event #10260992   t=430.048152467711   Elapsed: 328.769s (5m 28s)  86% completed  (43% total)
     Speed:     ev/sec=27071.4   simsec/sec=0.239012   ev/simsec=113264
     Messages:  created: 10044389   present: 4932   in FES: 151
** Event #10315264   t=430.564217535663   Elapsed: 330.774s (5m 30s)  86% completed  (43% total)
     Speed:     ev/sec=27072.9   simsec/sec=0.257433   ev/simsec=105165
     Messages:  created: 10101320   present: 5020   in FES: 162
** Event #10370560   t=431.116425330922   Elapsed: 332.782s (5m 32s)  86% completed  (43% total)
     Speed:     ev/sec=27537.4   simsec/sec=0.274999   ev/simsec=100136
     Messages:  created: 10159387   present: 4866   in FES: 156
** Event #10430976   t=432.08836536593   Elapsed: 334.786s (5m 34s)  86% completed  (43% total)
     Speed:     ev/sec=30146.5   simsec/sec=0.48498   ev/simsec=62160.2
     Messages:  created: 10229663   present: 4936   in FES: 184
** Event #10487296   t=432.954634359373   Elapsed: 336.787s (5m 36s)  86% completed  (43% total)
     Speed:     ev/sec=28152.4   simsec/sec=0.433018   ev/simsec=65014.4
     Messages:  created: 10295414   present: 4940   in FES: 155
** Event #10540544   t=433.565665920788   Elapsed: 338.791s (5m 38s)  86% completed  (43% total)
     Speed:     ev/sec=26563   simsec/sec=0.304815   ev/simsec=87144.4
     Messages:  created: 10352391   present: 5021   in FES: 166
** Event #10595328   t=434.192435706313   Elapsed: 340.793s (5m 40s)  86% completed  (43% total)
     Speed:     ev/sec=27370.9   simsec/sec=0.313143   ev/simsec=87406.9
     Messages:  created: 10411924   present: 4925   in FES: 154
** Event #10647040   t=434.567429382933   Elapsed: 342.795s (5m 42s)  86% completed  (43% total)
     Speed:     ev/sec=25826.1   simsec/sec=0.18728   ev/simsec=137901
     Messages:  created: 10466634   present: 5020   in FES: 185
** Event #10707200   t=435.323525520352   Elapsed: 344.801s (5m 44s)  87% completed  (43% total)
     Speed:     ev/sec=29988.9   simsec/sec=0.376903   ev/simsec=79566.6
     Messages:  created: 10533094   present: 4860   in FES: 123
** Event #10765568   t=436.236034090743   Elapsed: 346.806s (5m 46s)  87% completed  (43% total)
     Speed:     ev/sec=29106.8   simsec/sec=0.455047   ev/simsec=63964.3
     Messages:  created: 10601311   present: 4898   in FES: 137
** Event #10819328   t=437.011669373652   Elapsed: 348.809s (5m 48s)  87% completed  (43% total)
     Speed:     ev/sec=26848   simsec/sec=0.387356   ev/simsec=69310.9
     Messages:  created: 10663157   present: 4847   in FES: 124
** Event #10873856   t=437.577134576047   Elapsed: 350.816s (5m 50s)  87% completed  (43% total)
     Speed:     ev/sec=27167.2   simsec/sec=0.281729   ev/simsec=96430.3
     Messages:  created: 10721954   present: 5019   in FES: 153
** Event #10932224   t=438.526667296874   Elapsed: 352.817s (5m 52s)  87% completed  (43% total)
     Speed:     ev/sec=29174.2   simsec/sec=0.474606   ev/simsec=61470.2
     Messages:  created: 10790274   present: 4993   in FES: 154
** Event #10983168   t=438.78644995008   Elapsed: 354.822s (5m 54s)  87% completed  (43% total)
     Speed:     ev/sec=25408.4   simsec/sec=0.129567   ev/simsec=196102
     Messages:  created: 10841717   present: 4878   in FES: 155
** Event #11041792   t=439.640355800059   Elapsed: 356.826s (5m 56s)  87% completed  (43% total)
     Speed:     ev/sec=29247.1   simsec/sec=0.426008   ev/simsec=68653.9
     Messages:  created: 10908480   present: 4925   in FES: 154
** Event #11099136   t=440.573004929651   Elapsed: 358.832s (5m 58s)  88% completed  (44% total)
     Speed:     ev/sec=28591.2   simsec/sec=0.46501   ev/simsec=61485.1
     Messages:  created: 10975831   present: 4942   in FES: 129
** Event #11154944   t=441.42286565667   Elapsed: 360.836s (6m 00s)  88% completed  (44% total)
     Speed:     ev/sec=27841.3   simsec/sec=0.423975   ev/simsec=65667.2
     Messages:  created: 11039587   present: 4841   in FES: 123
** Event #11209216   t=442.026959204181   Elapsed: 362.842s (6m 02s)  88% completed  (44% total)
     Speed:     ev/sec=27054.3   simsec/sec=0.301137   ev/simsec=89840.4
     Messages:  created: 11097684   present: 4946   in FES: 148
** Event #11259136   t=442.552204045677   Elapsed: 364.85s (6m 04s)  88% completed  (44% total)
     Speed:     ev/sec=24859.3   simsec/sec=0.261563   ev/simsec=95041.4
     Messages:  created: 11152050   present: 4950   in FES: 155
** Event #11313664   t=443.100562598564   Elapsed: 366.852s (6m 06s)  88% completed  (44% total)
     Speed:     ev/sec=27235.2   simsec/sec=0.273889   ev/simsec=99438.6
     Messages:  created: 11209904   present: 4931   in FES: 184
** Event #11371520   t=444.049794007349   Elapsed: 368.859s (6m 08s)  88% completed  (44% total)
     Speed:     ev/sec=28833.9   simsec/sec=0.473073   ev/simsec=60950.4
     Messages:  created: 11278502   present: 4881   in FES: 126
** Event #11427840   t=444.581518825034   Elapsed: 370.887s (6m 10s)  88% completed  (44% total)
     Speed:     ev/sec=27767.1   simsec/sec=0.262153   ev/simsec=105919
     Messages:  created: 11346047   present: 5030   in FES: 179
** Event #11488256   t=445.209306425326   Elapsed: 372.889s (6m 12s)  89% completed  (44% total)
     Speed:     ev/sec=30189.2   simsec/sec=0.313698   ev/simsec=96236.4
     Messages:  created: 11419051   present: 5032   in FES: 157
** Event #11549696   t=445.527935471147   Elapsed: 374.89s (6m 14s)  89% completed  (44% total)
     Speed:     ev/sec=30701.5   simsec/sec=0.159219   ev/simsec=192826
     Messages:  created: 11499600   present: 5123   in FES: 185
** Event #11604736   t=445.916114091409   Elapsed: 376.896s (6m 16s)  89% completed  (44% total)
     Speed:     ev/sec=27428.7   simsec/sec=0.193445   ev/simsec=141790
     Messages:  created: 11560732   present: 4903   in FES: 155
** Event #11663872   t=446.553615710396   Elapsed: 378.913s (6m 18s)  89% completed  (44% total)
     Speed:     ev/sec=29319.2   simsec/sec=0.316069   ev/simsec=92762.1
     Messages:  created: 11630838   present: 4986   in FES: 154
** Event #11719168   t=446.87894916916   Elapsed: 380.92s (6m 20s)  89% completed  (44% total)
     Speed:     ev/sec=27553.3   simsec/sec=0.162109   ev/simsec=169967
     Messages:  created: 11689312   present: 4890   in FES: 129
** Event #11779840   t=447.13956895478   Elapsed: 382.929s (6m 22s)  89% completed  (44% total)
     Speed:     ev/sec=30201.6   simsec/sec=0.129733   ev/simsec=232799
     Messages:  created: 11769758   present: 5022   in FES: 149
** Event #11841792   t=447.281466268974   Elapsed: 384.932s (6m 24s)  89% completed  (44% total)
     Speed:     ev/sec=30928.2   simsec/sec=0.0708392   ev/simsec=436597
     Messages:  created: 11854680   present: 5033   in FES: 152
** Event #11902464   t=447.421271937157   Elapsed: 386.937s (6m 26s)  89% completed  (44% total)
     Speed:     ev/sec=30257.8   simsec/sec=0.0697227   ev/simsec=433974
     Messages:  created: 11937915   present: 5055   in FES: 157
** Event #11957760   t=447.546443795866   Elapsed: 388.94s (6m 28s)  89% completed  (44% total)
     Speed:     ev/sec=27609.7   simsec/sec=0.0624992   ev/simsec=441761
     Messages:  created: 12012453   present: 5065   in FES: 159
** Event #12021760   t=447.690857992069   Elapsed: 390.942s (6m 30s)  89% completed  (44% total)
     Speed:     ev/sec=31975   simsec/sec=0.0721506   ev/simsec=443170
     Messages:  created: 12098874   present: 5065   in FES: 152
** Event #12084480   t=447.83257387159   Elapsed: 392.944s (6m 32s)  89% completed  (44% total)
     Speed:     ev/sec=31317.3   simsec/sec=0.0707614   ev/simsec=442576
     Messages:  created: 12184929   present: 5064   in FES: 150
** Event #12150528   t=447.982421024082   Elapsed: 394.949s (6m 34s)  89% completed  (44% total)
     Speed:     ev/sec=32950.6   simsec/sec=0.0747569   ev/simsec=440769
     Messages:  created: 12275543   present: 5106   in FES: 174
** Event #12208128   t=448.106996127559   Elapsed: 396.956s (6m 36s)  89% completed  (44% total)
     Speed:     ev/sec=28699.9   simsec/sec=0.062071   ev/simsec=462372
     Messages:  created: 12352207   present: 5075   in FES: 149
** Event #12272640   t=448.253712667621   Elapsed: 398.958s (6m 38s)  89% completed  (44% total)
     Speed:     ev/sec=32222.8   simsec/sec=0.0732828   ev/simsec=439705
     Messages:  created: 12440616   present: 5113   in FES: 155
** Event #12335616   t=448.395267759717   Elapsed: 400.966s (6m 40s)  89% completed  (44% total)
     Speed:     ev/sec=31358.9   simsec/sec=0.0704875   ev/simsec=444887
     Messages:  created: 12526623   present: 5091   in FES: 155
** Event #12397056   t=448.53400802112   Elapsed: 402.972s (6m 42s)  89% completed  (44% total)
     Speed:     ev/sec=30631.9   simsec/sec=0.0691711   ev/simsec=442842
     Messages:  created: 12610851   present: 5099   in FES: 147
** Event #12460288   t=448.712109444653   Elapsed: 404.972s (6m 44s)  89% completed  (44% total)
     Speed:     ev/sec=31609.6   simsec/sec=0.0890327   ev/simsec=355034
     Messages:  created: 12694322   present: 5071   in FES: 154
** Event #12523008   t=449.279011710154   Elapsed: 406.975s (6m 46s)  89% completed  (44% total)
     Speed:     ev/sec=31314.7   simsec/sec=0.283041   ev/simsec=110636
     Messages:  created: 12771659   present: 4990   in FES: 126
** Event #12580096   t=449.860082451678   Elapsed: 408.975s (6m 48s)  89% completed  (44% total)
     Speed:     ev/sec=28543   simsec/sec=0.290525   ev/simsec=98246.2
     Messages:  created: 12841560   present: 5063   in FES: 155
** Event #12638208   t=450.101297065643   Elapsed: 410.976s (6m 50s)  90% completed  (45% total)
     Speed:     ev/sec=29043.5   simsec/sec=0.120555   ev/simsec=240914
     Messages:  created: 12916494   present: 5017   in FES: 157
** Event #12695808   t=450.605078006482   Elapsed: 412.986s (6m 52s)  90% completed  (45% total)
     Speed:     ev/sec=28662.1   simsec/sec=0.250684   ev/simsec=114335
     Messages:  created: 12983377   present: 5232   in FES: 185
** Event #12757248   t=451.533880805413   Elapsed: 415.012s (6m 55s)  90% completed  (45% total)
     Speed:     ev/sec=30329.4   simsec/sec=0.458497   ev/simsec=66149.7
     Messages:  created: 13056703   present: 5183   in FES: 168
** Event #12813824   t=451.92593653949   Elapsed: 417.018s (6m 57s)  90% completed  (45% total)
     Speed:     ev/sec=28197.1   simsec/sec=0.195398   ev/simsec=144306
     Messages:  created: 13118320   present: 5264   in FES: 173
** Event #12873728   t=452.143840106138   Elapsed: 419.02s (6m 59s)  90% completed  (45% total)
     Speed:     ev/sec=29927.6   simsec/sec=0.108863   ev/simsec=274911
     Messages:  created: 13196741   present: 5121   in FES: 141
** Event #12932864   t=452.410521903313   Elapsed: 421.023s (7m 01s)  90% completed  (45% total)
     Speed:     ev/sec=29525.3   simsec/sec=0.133148   ev/simsec=221747
     Messages:  created: 13277675   present: 5181   in FES: 156
** Event #12991232   t=453.032977566641   Elapsed: 423.027s (7m 03s)  90% completed  (45% total)
     Speed:     ev/sec=29119.5   simsec/sec=0.31054   ev/simsec=93770.5
     Messages:  created: 13347453   present: 5147   in FES: 131
** Event #13054464   t=454.528041303491   Elapsed: 425.04s (7m 05s)  90% completed  (45% total)
     Speed:     ev/sec=31404.6   simsec/sec=0.742532   ev/simsec=42293.8
     Messages:  created: 13417038   present: 5373   in FES: 184
** Event #13110528   t=456.032975176087   Elapsed: 427.043s (7m 07s)  91% completed  (45% total)
     Speed:     ev/sec=27995.2   simsec/sec=0.751479   ev/simsec=37253.5
     Messages:  created: 13468791   present: 5450   in FES: 143
** Event #13167360   t=459.540530882069   Elapsed: 429.047s (7m 09s)  91% completed  (45% total)
     Speed:     ev/sec=28358.4   simsec/sec=1.75023   ev/simsec=16202.7
     Messages:  created: 13519596   present: 6049   in FES: 185
** Event #13226496   t=462.528505828791   Elapsed: 431.049s (7m 11s)  92% completed  (46% total)
     Speed:     ev/sec=29543.9   simsec/sec=1.49277   ev/simsec=19791.3
     Messages:  created: 13571854   present: 6365   in FES: 182
** Event #13281792   t=463.603823392632   Elapsed: 433.056s (7m 13s)  92% completed  (46% total)
     Speed:     ev/sec=27549.9   simsec/sec=0.535752   ev/simsec=51422.9
     Messages:  created: 13621468   present: 6386   in FES: 140
** Event #13342464   t=467.541914416738   Elapsed: 435.065s (7m 15s)  93% completed  (46% total)
     Speed:     ev/sec=30197.6   simsec/sec=1.96006   ev/simsec=15406.4
     Messages:  created: 13674689   present: 6883   in FES: 144
** Event #13401856   t=470.516180514806   Elapsed: 437.067s (7m 17s)  94% completed  (47% total)
     Speed:     ev/sec=29674.2   simsec/sec=1.48604   ev/simsec=19968.6
     Messages:  created: 13726793   present: 7145   in FES: 136
** Event #13458176   t=472.529309515172   Elapsed: 439.072s (7m 19s)  94% completed  (47% total)
     Speed:     ev/sec=28084.4   simsec/sec=1.00386   ev/simsec=27976.3
     Messages:  created: 13778035   present: 7419   in FES: 141
** Event #13516544   t=475.560316437563   Elapsed: 441.072s (7m 21s)  95% completed  (47% total)
     Speed:     ev/sec=29183.5   simsec/sec=1.51548   ev/simsec=19257
     Messages:  created: 13829925   present: 7866   in FES: 157
** Event #13576960   t=479.558585936329   Elapsed: 443.078s (7m 23s)  95% completed  (47% total)
     Speed:     ev/sec=30118.3   simsec/sec=1.9932   ev/simsec=15110.5
     Messages:  created: 13886375   present: 8309   in FES: 154
** Event #13640448   t=483.520901487392   Elapsed: 445.084s (7m 25s)  96% completed  (48% total)
     Speed:     ev/sec=31650   simsec/sec=1.97529   ev/simsec=16023
     Messages:  created: 13948718   present: 8782   in FES: 168
** Event #13703936   t=485.564022832229   Elapsed: 447.094s (7m 27s)  97% completed  (48% total)
     Speed:     ev/sec=31590.4   simsec/sec=1.01662   ev/simsec=31074
     Messages:  created: 14012698   present: 9186   in FES: 202
** Event #13770496   t=489.594957126719   Elapsed: 449.096s (7m 29s)  97% completed  (48% total)
     Speed:     ev/sec=33244   simsec/sec=2.01329   ev/simsec=16512.3
     Messages:  created: 14078183   present: 9543   in FES: 184
** Event #13834496   t=494.577520089423   Elapsed: 451.103s (7m 31s)  98% completed  (49% total)
     Speed:     ev/sec=31887.5   simsec/sec=2.48252   ev/simsec=12844.8
     Messages:  created: 14140134   present: 2907   in FES: 159
** Event #13901056   t=499.560949671344   Elapsed: 453.108s (7m 33s)  99% completed  (49% total)
     Speed:     ev/sec=33195.6   simsec/sec=2.48539   ev/simsec=13356.3
     Messages:  created: 14204756   present: 2205   in FES: 185
** Event #13905456   t=500   Elapsed: 453.25s (7m 33s)  100% completed  (50% total)
     Speed:     ev/sec=30936   simsec/sec=2.98401   ev/simsec=10367.2
     Messages:  created: 14208920   present: 2021   in FES: 122

<!> Simulation time limit reached -- at t=500s, event #13905456
undisposed object: (omnetpp::cMessage) FanetSarNetwork.groundStation.app.debugTimer -- check module destructor
undisposed object: (omnetpp::cMessage) FanetSarNetwork.uav[0].app.debugTimer -- check module destructor
undisposed object: (omnetpp::cMessage) FanetSarNetwork.uav[1].app.debugTimer -- check module destructor
undisposed object: (omnetpp::cMessage) FanetSarNetwork.uav[2].app.debugTimer -- check module destructor
undisposed object: (omnetpp::cMessage) FanetSarNetwork.uav[3].app.debugTimer -- check module destructor
undisposed object: (omnetpp::cMessage) FanetSarNetwork.uav[4].app.debugTimer -- check module destructor
undisposed object: (omnetpp::cMessage) FanetSarNetwork.uav[5].app.debugTimer -- check module destructor
undisposed object: (omnetpp::cMessage) FanetSarNetwork.uav[6].app.debugTimer -- check module destructor
undisposed object: (omnetpp::cMessage) FanetSarNetwork.uav[7].app.debugTimer -- check module destructor
undisposed object: (omnetpp::cMessage) FanetSarNetwork.uav[8].app.debugTimer -- check module destructor
undisposed object: (omnetpp::cMessage) FanetSarNetwork.uav[9].app.debugTimer -- check module destructor
undisposed object: (omnetpp::cMessage) FanetSarNetwork.uav[10].app.debugTimer -- check module destructor
undisposed object: (omnetpp::cMessage) FanetSarNetwork.uav[11].app.debugTimer -- check module destructor
undisposed object: (omnetpp::cMessage) FanetSarNetwork.uav[12].app.debugTimer -- check module destructor
undisposed object: (omnetpp::cMessage) FanetSarNetwork.uav[13].app.debugTimer -- check module destructor
undisposed object: (omnetpp::cMessage) FanetSarNetwork.uav[14].app.debugTimer -- check module destructor
undisposed object: (omnetpp::cMessage) FanetSarNetwork.uav[15].app.debugTimer -- check module destructor
undisposed object: (omnetpp::cMessage) FanetSarNetwork.uav[16].app.debugTimer -- check module destructor
undisposed object: (omnetpp::cMessage) FanetSarNetwork.uav[17].app.debugTimer -- check module destructor
undisposed object: (omnetpp::cMessage) FanetSarNetwork.uav[18].app.debugTimer -- check module destructor
undisposed object: (omnetpp::cMessage) FanetSarNetwork.uav[19].app.debugTimer -- check module destructor
undisposed object: (omnetpp::cMessage) FanetSarNetwork.uav[20].app.debugTimer -- check module destructor
undisposed object: (omnetpp::cMessage) FanetSarNetwork.uav[21].app.debugTimer -- check module destructor
undisposed object: (omnetpp::cMessage) FanetSarNetwork.uav[22].app.debugTimer -- check module destructor
undisposed object: (omnetpp::cMessage) FanetSarNetwork.uav[23].app.debugTimer -- check module destructor
undisposed object: (omnetpp::cMessage) FanetSarNetwork.uav[24].app.debugTimer -- check module destructor
undisposed object: (omnetpp::cMessage) FanetSarNetwork.uav[25].app.debugTimer -- check module destructor
undisposed object: (omnetpp::cMessage) FanetSarNetwork.uav[26].app.debugTimer -- check module destructor
undisposed object: (omnetpp::cMessage) FanetSarNetwork.uav[27].app.debugTimer -- check module destructor
undisposed object: (omnetpp::cMessage) FanetSarNetwork.uav[28].app.debugTimer -- check module destructor
undisposed object: (omnetpp::cMessage) FanetSarNetwork.uav[29].app.debugTimer -- check module destructor
