** Event #0   t=0   Elapsed: 2.3e-05s (0m 00s)  0% completed  (0% total)
     Speed:     ev/sec=0   simsec/sec=0   ev/simsec=0
     Messages:  created: 418   present: 418   in FES: 66
** Event #96000   t=82.098395613662   Elapsed: 2.00306s (0m 02s)  16% completed  (8% total)
     Speed:     ev/sec=47927.7   simsec/sec=40.9869   ev/simsec=1169.34
     Messages:  created: 75714   present: 413   in FES: 48
** Event #196352   t=165.098340067337   Elapsed: 4.00464s (0m 04s)  33% completed  (16% total)
     Speed:     ev/sec=50136.1   simsec/sec=41.467   ev/simsec=1209.06
     Messages:  created: 152556   present: 2662   in FES: 45
** Event #284160   t=230.566266201309   Elapsed: 6.007s (0m 06s)  46% completed  (23% total)
     Speed:     ev/sec=43852.2   simsec/sec=32.6954   ev/simsec=1341.24
     Messages:  created: 216539   present: 5287   in FES: 53
** Event #356096   t=290.585000365075   Elapsed: 8.01501s (0m 08s)  58% completed  (29% total)
     Speed:     ev/sec=35824.6   simsec/sec=29.8897   ev/simsec=1198.56
     Messages:  created: 271695   present: 2634   in FES: 53
** Event #423168   t=338.59542659989   Elapsed: 10.0201s (0m 10s)  67% completed  (33% total)
     Speed:     ev/sec=33451.6   simsec/sec=23.9448   ev/simsec=1397.03
     Messages:  created: 319721   present: 4544   in FES: 49
** Event #491264   t=394.097681445473   Elapsed: 12.0219s (0m 12s)  78% completed  (39% total)
     Speed:     ev/sec=34017.1   simsec/sec=27.726   ev/simsec=1226.91
     Messages:  created: 372606   present: 1699   in FES: 54
** Event #560384   t=423.401398625635   Elapsed: 14.0245s (0m 14s)  84% completed  (42% total)
     Speed:     ev/sec=34514.9   simsec/sec=14.6327   ev/simsec=2358.75
     Messages:  created: 439395   present: 2606   in FES: 54
** Event #629248   t=448.019822565035   Elapsed: 16.0287s (0m 16s)  89% completed  (44% total)
     Speed:     ev/sec=34359.2   simsec/sec=12.2832   ev/simsec=2797.25
     Messages:  created: 507373   present: 3304   in FES: 53
** Event #689571   t=500   Elapsed: 17.6254s (0m 17s)  100% completed  (50% total)
     Speed:     ev/sec=37780.2   simsec/sec=32.5513   ev/simsec=1160.64
     Messages:  created: 554267   present: 824   in FES: 42

<!> Simulation time limit reached -- at t=500s, event #689571
undisposed object: (omnetpp::cMessage) FanetSarNetwork.groundStation.app.debugTimer -- check module destructor
undisposed object: (omnetpp::cMessage) FanetSarNetwork.uav[0].app.debugTimer -- check module destructor
undisposed object: (omnetpp::cMessage) FanetSarNetwork.uav[1].app.debugTimer -- check module destructor
undisposed object: (omnetpp::cMessage) FanetSarNetwork.uav[2].app.debugTimer -- check module destructor
undisposed object: (omnetpp::cMessage) FanetSarNetwork.uav[3].app.debugTimer -- check module destructor
undisposed object: (omnetpp::cMessage) FanetSarNetwork.uav[4].app.debugTimer -- check module destructor
undisposed object: (omnetpp::cMessage) FanetSarNetwork.uav[5].app.debugTimer -- check module destructor
undisposed object: (omnetpp::cMessage) FanetSarNetwork.uav[6].app.debugTimer -- check module destructor
undisposed object: (omnetpp::cMessage) FanetSarNetwork.uav[7].app.debugTimer -- check module destructor
undisposed object: (omnetpp::cMessage) FanetSarNetwork.uav[8].app.debugTimer -- check module destructor
undisposed object: (omnetpp::cMessage) FanetSarNetwork.uav[9].app.debugTimer -- check module destructor
