** Event #0   t=0   Elapsed: 8e-06s (0m 00s)  0% completed  (50% total)
     Speed:     ev/sec=0   simsec/sec=0   ev/simsec=0
     Messages:  created: 1178   present: 1178   in FES: 186
** Event #63744   t=7.515452602805   Elapsed: 2.01094s (0m 02s)  1% completed  (50% total)
     Speed:     ev/sec=31699.3   simsec/sec=3.7373   ev/simsec=8481.86
     Messages:  created: 58731   present: 1216   in FES: 155
** Event #114944   t=13.512559725865   Elapsed: 4.03183s (0m 04s)  2% completed  (51% total)
     Speed:     ev/sec=25335.4   simsec/sec=2.96756   ev/simsec=8537.45
     Messages:  created: 103248   present: 1183   in FES: 140
** Event #163328   t=18.544568717283   Elapsed: 6.04684s (0m 06s)  3% completed  (51% total)
     Speed:     ev/sec=24011.7   simsec/sec=2.49725   ev/simsec=9615.25
     Messages:  created: 143974   present: 1213   in FES: 154
** Event #200960   t=22.517849898191   Elapsed: 8.0646s (0m 08s)  4% completed  (52% total)
     Speed:     ev/sec=18650.5   simsec/sec=1.96916   ev/simsec=9471.27
     Messages:  created: 174724   present: 1177   in FES: 140
** Event #236288   t=26.090337487276   Elapsed: 10.072s (0m 10s)  5% completed  (52% total)
     Speed:     ev/sec=17598.8   simsec/sec=1.77965   ev/simsec=9888.91
     Messages:  created: 204114   present: 1203   in FES: 150
** Event #274688   t=30.547148945874   Elapsed: 12.0739s (0m 12s)  6% completed  (53% total)
     Speed:     ev/sec=19181.7   simsec/sec=2.22628   ev/simsec=8616.03
     Messages:  created: 236560   present: 1180   in FES: 141
** Event #318720   t=35.544616174653   Elapsed: 14.0752s (0m 14s)  7% completed  (53% total)
     Speed:     ev/sec=22001.9   simsec/sec=2.49713   ev/simsec=8810.86
     Messages:  created: 273838   present: 1214   in FES: 153
** Event #361984   t=40.527689328638   Elapsed: 16.0818s (0m 16s)  8% completed  (54% total)
     Speed:     ev/sec=21561.1   simsec/sec=2.48337   ev/simsec=8682.19
     Messages:  created: 310608   present: 1211   in FES: 154
** Event #406784   t=45.552887372109   Elapsed: 18.0899s (0m 18s)  9% completed  (54% total)
     Speed:     ev/sec=22309.2   simsec/sec=2.50241   ev/simsec=8915.07
     Messages:  created: 349238   present: 1201   in FES: 148
** Event #454912   t=51.536739955031   Elapsed: 20.0946s (0m 20s)  10% completed  (55% total)
     Speed:     ev/sec=24007.3   simsec/sec=2.98487   ev/simsec=8042.98
     Messages:  created: 391840   present: 1174   in FES: 139
** Event #508416   t=58.531012898348   Elapsed: 22.097s (0m 22s)  11% completed  (55% total)
     Speed:     ev/sec=26720   simsec/sec=3.49295   ev/simsec=7649.69
     Messages:  created: 440826   present: 1180   in FES: 143
** Event #570368   t=66.579111498309   Elapsed: 24.0994s (0m 24s)  13% completed  (56% total)
     Speed:     ev/sec=30939.2   simsec/sec=4.01927   ev/simsec=7697.72
     Messages:  created: 498842   present: 1176   in FES: 141
** Event #634624   t=75.533003315947   Elapsed: 26.1058s (0m 26s)  15% completed  (57% total)
     Speed:     ev/sec=32025.6   simsec/sec=4.46268   ev/simsec=7176.32
     Messages:  created: 559086   present: 1211   in FES: 152
** Event #694528   t=83.541775604462   Elapsed: 28.116s (0m 28s)  16% completed  (58% total)
     Speed:     ev/sec=29799.7   simsec/sec=3.98402   ev/simsec=7479.8
     Messages:  created: 615024   present: 1189   in FES: 144
** Event #747776   t=90.090341369209   Elapsed: 30.1182s (0m 30s)  18% completed  (59% total)
     Speed:     ev/sec=26595.2   simsec/sec=3.27074   ev/simsec=8131.25
     Messages:  created: 663520   present: 1143   in FES: 130
** Event #793856   t=95.590718302017   Elapsed: 32.1214s (0m 32s)  19% completed  (59% total)
     Speed:     ev/sec=23003.7   simsec/sec=2.74585   ev/simsec=8377.61
     Messages:  created: 704016   present: 1181   in FES: 144
** Event #843008   t=101.044099559155   Elapsed: 34.1217s (0m 34s)  20% completed  (60% total)
     Speed:     ev/sec=24571.9   simsec/sec=2.72623   ev/simsec=9013.12
     Messages:  created: 746967   present: 1326   in FES: 178
** Event #893184   t=106.520850031911   Elapsed: 36.1317s (0m 36s)  21% completed  (60% total)
     Speed:     ev/sec=24963.4   simsec/sec=2.72478   ev/simsec=9161.64
     Messages:  created: 790562   present: 1939   in FES: 165
** Event #944128   t=112.069367927645   Elapsed: 38.1336s (0m 38s)  22% completed  (61% total)
     Speed:     ev/sec=25448.1   simsec/sec=2.77166   ev/simsec=9181.55
     Messages:  created: 834812   present: 1653   in FES: 148
** Event #1002752   t=119.022508997744   Elapsed: 40.1337s (0m 40s)  23% completed  (61% total)
     Speed:     ev/sec=29309.2   simsec/sec=3.47623   ev/simsec=8431.3
     Messages:  created: 885585   present: 2486   in FES: 154
** Event #1054720   t=124.7   Elapsed: 42.137s (0m 42s)  24% completed  (62% total)
     Speed:     ev/sec=25941.4   simsec/sec=2.83409   ev/simsec=9153.34
     Messages:  created: 930650   present: 3088   in FES: 122
** Event #1106432   t=130.548852962662   Elapsed: 44.1385s (0m 44s)  26% completed  (63% total)
     Speed:     ev/sec=25837.4   simsec/sec=2.92233   ev/simsec=8841.39
     Messages:  created: 975493   present: 4012   in FES: 216
** Event #1158400   t=136.540959018058   Elapsed: 46.1502s (0m 46s)  27% completed  (63% total)
     Speed:     ev/sec=25831.9   simsec/sec=2.97852   ev/simsec=8672.74
     Messages:  created: 1020229   present: 4590   in FES: 148
** Event #1212416   t=142.549959617223   Elapsed: 48.1518s (0m 48s)  28% completed  (64% total)
     Speed:     ev/sec=26986.9   simsec/sec=3.00215   ev/simsec=8989.18
     Messages:  created: 1067125   present: 5296   in FES: 138
** Event #1264640   t=148.545852910154   Elapsed: 50.1543s (0m 50s)  29% completed  (64% total)
     Speed:     ev/sec=26079.4   simsec/sec=2.9942   ev/simsec=8709.96
     Messages:  created: 1112164   present: 6094   in FES: 185
** Event #1316864   t=154.540853569847   Elapsed: 52.1622s (0m 52s)  30% completed  (65% total)
     Speed:     ev/sec=26009.7   simsec/sec=2.98576   ev/simsec=8711.26
     Messages:  created: 1157289   present: 6754   in FES: 154
** Event #1371392   t=160.55407846513   Elapsed: 54.171s (0m 54s)  32% completed  (66% total)
     Speed:     ev/sec=27144.4   simsec/sec=2.99342   ev/simsec=9068.01
     Messages:  created: 1204583   present: 7459   in FES: 137
** Event #1422848   t=166.543958895748   Elapsed: 56.1717s (0m 56s)  33% completed  (66% total)
     Speed:     ev/sec=25719.3   simsec/sec=2.99393   ev/simsec=8590.49
     Messages:  created: 1248841   present: 8194   in FES: 148
** Event #1475840   t=172.543959108106   Elapsed: 58.184s (0m 58s)  34% completed  (67% total)
     Speed:     ev/sec=26334   simsec/sec=2.98166   ev/simsec=8832
     Messages:  created: 1294563   present: 8875   in FES: 135
** Event #1537024   t=179.533926775324   Elapsed: 60.1859s (1m 00s)  35% completed  (67% total)
     Speed:     ev/sec=30562.9   simsec/sec=3.49167   ev/simsec=8753.12
     Messages:  created: 1347454   present: 9755   in FES: 154
** Event #1595136   t=186.054519520195   Elapsed: 62.1904s (1m 02s)  37% completed  (68% total)
     Speed:     ev/sec=28989.9   simsec/sec=3.25288   ev/simsec=8912.07
     Messages:  created: 1397639   present: 10520   in FES: 144
** Event #1650432   t=192.516851286937   Elapsed: 64.197s (1m 04s)  38% completed  (69% total)
     Speed:     ev/sec=27557.9   simsec/sec=3.22064   ev/simsec=8556.66
     Messages:  created: 1445278   present: 11238   in FES: 125
** Event #1705216   t=198.544960194391   Elapsed: 66.2024s (1m 06s)  39% completed  (69% total)
     Speed:     ev/sec=27318.1   simsec/sec=3.00592   ev/simsec=9088.09
     Messages:  created: 1492815   present: 12016   in FES: 142
** Event #1764352   t=205.517742430688   Elapsed: 68.2196s (1m 08s)  41% completed  (70% total)
     Speed:     ev/sec=29315.3   simsec/sec=3.4566   ev/simsec=8480.98
     Messages:  created: 1544073   present: 12856   in FES: 154
** Event #1816064   t=211.583113606034   Elapsed: 70.236s (1m 10s)  42% completed  (71% total)
     Speed:     ev/sec=25645.3   simsec/sec=3.00797   ev/simsec=8525.78
     Messages:  created: 1590123   present: 13585   in FES: 145
** Event #1877248   t=219.55746870576   Elapsed: 72.2427s (1m 12s)  43% completed  (71% total)
     Speed:     ev/sec=30490.1   simsec/sec=3.9739   ev/simsec=7672.6
     Messages:  created: 1645762   present: 14565   in FES: 154
** Event #1936896   t=227.187061940087   Elapsed: 74.2431s (1m 14s)  45% completed  (72% total)
     Speed:     ev/sec=29818.2   simsec/sec=3.81405   ev/simsec=7817.98
     Messages:  created: 1700054   present: 15408   in FES: 144
** Event #1995776   t=232.706939427134   Elapsed: 76.2444s (1m 16s)  46% completed  (73% total)
     Speed:     ev/sec=29421.2   simsec/sec=2.75817   ev/simsec=10666.9
     Messages:  created: 1760765   present: 16184   in FES: 192
** Event #2046976   t=238.559033335301   Elapsed: 78.2565s (1m 18s)  47% completed  (73% total)
     Speed:     ev/sec=25446.4   simsec/sec=2.90849   ev/simsec=8749.01
     Messages:  created: 1808989   present: 1627   in FES: 142
** Event #2104576   t=246.025925388902   Elapsed: 80.2614s (1m 20s)  49% completed  (74% total)
     Speed:     ev/sec=28729.5   simsec/sec=3.72431   ev/simsec=7714.05
     Messages:  created: 1860629   present: 2533   in FES: 154
** Event #2164224   t=253.528686932842   Elapsed: 82.2705s (1m 22s)  50% completed  (75% total)
     Speed:     ev/sec=29688.4   simsec/sec=3.73433   ev/simsec=7950.14
     Messages:  created: 1914350   present: 3529   in FES: 185
** Event #2220288   t=260.551972247561   Elapsed: 84.2761s (1m 24s)  52% completed  (76% total)
     Speed:     ev/sec=27954.1   simsec/sec=3.50188   ev/simsec=7982.59
     Messages:  created: 1965197   present: 4289   in FES: 146
** Event #2277888   t=268.040706080954   Elapsed: 86.2832s (1m 26s)  53% completed  (76% total)
     Speed:     ev/sec=28697.8   simsec/sec=3.73108   ev/simsec=7691.55
     Messages:  created: 2017598   present: 5199   in FES: 153
** Event #2338048   t=275.611681105634   Elapsed: 88.2868s (1m 28s)  55% completed  (77% total)
     Speed:     ev/sec=30026.4   simsec/sec=3.77875   ev/simsec=7946.14
     Messages:  created: 2072414   present: 6033   in FES: 129
** Event #2400256   t=283.875585315982   Elapsed: 90.2888s (1m 30s)  56% completed  (78% total)
     Speed:     ev/sec=31073.2   simsec/sec=4.12786   ev/simsec=7527.68
     Messages:  created: 2128894   present: 7003   in FES: 122
** Event #2466560   t=292.527507592729   Elapsed: 92.3029s (1m 32s)  58% completed  (79% total)
     Speed:     ev/sec=32919.8   simsec/sec=4.29566   ev/simsec=7663.5
     Messages:  created: 2189241   present: 8117   in FES: 154
** Event #2529024   t=300.529259973428   Elapsed: 94.3084s (1m 34s)  60% completed  (80% total)
     Speed:     ev/sec=31146.1   simsec/sec=3.98988   ev/simsec=7806.29
     Messages:  created: 2246068   present: 9024   in FES: 128
** Event #2588160   t=308.041564272876   Elapsed: 96.3133s (1m 36s)  61% completed  (80% total)
     Speed:     ev/sec=29495.8   simsec/sec=3.74699   ev/simsec=7871.89
     Messages:  created: 2299963   present: 9987   in FES: 148
** Event #2651392   t=316.069370828165   Elapsed: 98.3239s (1m 38s)  63% completed  (81% total)
     Speed:     ev/sec=31449   simsec/sec=3.9927   ev/simsec=7876.62
     Messages:  created: 2357560   present: 10915   in FES: 137
** Event #2715648   t=324.542588191989   Elapsed: 100.33s (1m 40s)  64% completed  (82% total)
     Speed:     ev/sec=32034.5   simsec/sec=4.22427   ev/simsec=7583.42
     Messages:  created: 2415979   present: 11982   in FES: 153
** Event #2766848   t=330.548813755185   Elapsed: 102.335s (1m 42s)  66% completed  (83% total)
     Speed:     ev/sec=25532.1   simsec/sec=2.99515   ev/simsec=8524.49
     Messages:  created: 2460719   present: 12707   in FES: 150
** Event #2808832   t=335.059140378752   Elapsed: 104.342s (1m 44s)  67% completed  (83% total)
     Speed:     ev/sec=20919.6   simsec/sec=2.24739   ev/simsec=9308.42
     Messages:  created: 2495687   present: 13235   in FES: 150
** Event #2856960   t=340.548707628792   Elapsed: 106.353s (1m 46s)  68% completed  (84% total)
     Speed:     ev/sec=23927.8   simsec/sec=2.72925   ev/simsec=8767.18
     Messages:  created: 2536460   present: 13888   in FES: 156
** Event #2917632   t=347.117622501109   Elapsed: 108.354s (1m 48s)  69% completed  (84% total)
     Speed:     ev/sec=30322.3   simsec/sec=3.28298   ev/simsec=9236.23
     Messages:  created: 2588470   present: 14591   in FES: 122
** Event #2974208   t=353.60269406675   Elapsed: 110.366s (1m 50s)  70% completed  (85% total)
     Speed:     ev/sec=28125   simsec/sec=3.22385   ev/simsec=8724.04
     Messages:  created: 2637340   present: 15452   in FES: 159
** Event #3026944   t=359.595694016235   Elapsed: 112.38s (1m 52s)  71% completed  (85% total)
     Speed:     ev/sec=26182.1   simsec/sec=2.97537   ev/simsec=8799.6
     Messages:  created: 2682604   present: 16254   in FES: 217
** Event #3080704   t=365.600800546479   Elapsed: 114.388s (1m 54s)  73% completed  (86% total)
     Speed:     ev/sec=26774.1   simsec/sec=2.99073   ev/simsec=8952.38
     Messages:  created: 2728767   present: 1646   in FES: 142
** Event #3137024   t=372.040706606449   Elapsed: 116.391s (1m 56s)  74% completed  (87% total)
     Speed:     ev/sec=28122.4   simsec/sec=3.21565   ev/simsec=8745.47
     Messages:  created: 2776844   present: 2421   in FES: 144
** Event #3195136   t=378.562963720126   Elapsed: 118.396s (1m 58s)  75% completed  (87% total)
     Speed:     ev/sec=28979   simsec/sec=3.25249   ev/simsec=8909.8
     Messages:  created: 2826833   present: 3203   in FES: 145
** Event #3247872   t=384.550813748619   Elapsed: 120.405s (2m 00s)  76% completed  (88% total)
     Speed:     ev/sec=26249.8   simsec/sec=2.9805   ev/simsec=8807.17
     Messages:  created: 2871950   present: 3948   in FES: 149
** Event #3299840   t=389.716324881372   Elapsed: 122.412s (2m 02s)  77% completed  (88% total)
     Speed:     ev/sec=25892.5   simsec/sec=2.57366   ev/simsec=10060.6
     Messages:  created: 2919086   present: 4515   in FES: 133
** Event #3358976   t=391.445990030111   Elapsed: 124.414s (2m 04s)  78% completed  (89% total)
     Speed:     ev/sec=29532.9   simsec/sec=0.863807   ev/simsec=34189.3
     Messages:  created: 2990684   present: 4601   in FES: 137
** Event #3416064   t=393.038851245138   Elapsed: 126.42s (2m 06s)  78% completed  (89% total)
     Speed:     ev/sec=28464   simsec/sec=0.794199   ev/simsec=35839.9
     Messages:  created: 3059370   present: 4710   in FES: 147
** Event #3473920   t=394.791433053629   Elapsed: 128.427s (2m 08s)  78% completed  (89% total)
     Speed:     ev/sec=28832   simsec/sec=0.873383   ev/simsec=33011.9
     Messages:  created: 3128885   present: 4810   in FES: 158
** Event #3532288   t=396.645597738295   Elapsed: 130.433s (2m 10s)  79% completed  (89% total)
     Speed:     ev/sec=29086.8   simsec/sec=0.923996   ev/simsec=31479.4
     Messages:  created: 3199261   present: 4817   in FES: 141
** Event #3592960   t=398.578427179813   Elapsed: 132.44s (2m 12s)  79% completed  (89% total)
     Speed:     ev/sec=30236.1   simsec/sec=0.963234   ev/simsec=31390.3
     Messages:  created: 3274163   present: 4976   in FES: 150
** Event #3656192   t=401.086108998466   Elapsed: 134.444s (2m 14s)  80% completed  (90% total)
     Speed:     ev/sec=31556.4   simsec/sec=1.25148   ev/simsec=25215.3
     Messages:  created: 3350420   present: 5133   in FES: 151
** Event #3720960   t=404.691446163847   Elapsed: 136.444s (2m 16s)  80% completed  (90% total)
     Speed:     ev/sec=32372.2   simsec/sec=1.80201   ev/simsec=17964.5
     Messages:  created: 3425723   present: 5400   in FES: 154
** Event #3790080   t=408.691032024341   Elapsed: 138.45s (2m 18s)  81% completed  (90% total)
     Speed:     ev/sec=34468.8   simsec/sec=1.99452   ev/simsec=17281.8
     Messages:  created: 3505364   present: 5723   in FES: 155
** Event #3863808   t=413.036210660559   Elapsed: 140.455s (2m 20s)  82% completed  (91% total)
     Speed:     ev/sec=36765.8   simsec/sec=2.1668   ev/simsec=16967.8
     Messages:  created: 3590524   present: 6073   in FES: 145
** Event #3927296   t=416.612724729013   Elapsed: 142.46s (2m 22s)  83% completed  (91% total)
     Speed:     ev/sec=31673.6   simsec/sec=1.78429   ev/simsec=17751.4
     Messages:  created: 3663304   present: 6287   in FES: 123
** Event #3996672   t=420.646529435248   Elapsed: 144.463s (2m 24s)  84% completed  (92% total)
     Speed:     ev/sec=34624.2   simsec/sec=2.01319   ev/simsec=17198.7
     Messages:  created: 3743334   present: 6704   in FES: 164
** Event #4061696   t=424.540430647614   Elapsed: 146.467s (2m 26s)  84% completed  (92% total)
     Speed:     ev/sec=32455.3   simsec/sec=1.94356   ev/simsec=16698.9
     Messages:  created: 3818498   present: 6996   in FES: 146
** Event #4126976   t=428.248913824854   Elapsed: 148.472s (2m 28s)  85% completed  (92% total)
     Speed:     ev/sec=32559.9   simsec/sec=1.84969   ev/simsec=17602.9
     Messages:  created: 3893552   present: 7290   in FES: 145
** Event #4192256   t=432.026977868039   Elapsed: 150.474s (2m 30s)  86% completed  (93% total)
     Speed:     ev/sec=32604.8   simsec/sec=1.88699   ev/simsec=17278.7
     Messages:  created: 3969201   present: 7600   in FES: 146
** Event #4267520   t=435.896951513733   Elapsed: 152.475s (2m 32s)  87% completed  (93% total)
     Speed:     ev/sec=37600.5   simsec/sec=1.93337   ev/simsec=19448.2
     Messages:  created: 4057635   present: 7920   in FES: 155
** Event #4334848   t=439.126538181052   Elapsed: 154.479s (2m 34s)  87% completed  (93% total)
     Speed:     ev/sec=33596.8   simsec/sec=1.61157   ev/simsec=20847.2
     Messages:  created: 4137057   present: 8170   in FES: 165
** Event #4403456   t=442.552654144852   Elapsed: 156.481s (2m 36s)  88% completed  (94% total)
     Speed:     ev/sec=34271.7   simsec/sec=1.71144   ev/simsec=20025
     Messages:  created: 4218683   present: 8426   in FES: 138
** Event #4470528   t=445.941459421198   Elapsed: 158.485s (2m 38s)  89% completed  (94% total)
     Speed:     ev/sec=33467.6   simsec/sec=1.69095   ev/simsec=19792.2
     Messages:  created: 4298367   present: 8666   in FES: 132
** Event #4536064   t=453.030640473124   Elapsed: 160.487s (2m 40s)  90% completed  (95% total)
     Speed:     ev/sec=32750   simsec/sec=3.54265   ev/simsec=9244.51
     Messages:  created: 4362521   present: 9543   in FES: 154
** Event #4597504   t=461.022505524883   Elapsed: 162.491s (2m 42s)  92% completed  (96% total)
     Speed:     ev/sec=30654.8   simsec/sec=3.98745   ev/simsec=7687.82
     Messages:  created: 4418390   present: 10486   in FES: 154
** Event #4660224   t=469.030695420284   Elapsed: 164.491s (2m 44s)  93% completed  (96% total)
     Speed:     ev/sec=31356.9   simsec/sec=4.0037   ev/simsec=7831.98
     Messages:  created: 4475455   present: 11402   in FES: 127
** Event #4723968   t=477.069367850604   Elapsed: 166.493s (2m 46s)  95% completed  (97% total)
     Speed:     ev/sec=31845.6   simsec/sec=4.01601   ev/simsec=7929.67
     Messages:  created: 4533606   present: 12429   in FES: 151
** Event #4784640   t=485.038851385034   Elapsed: 168.495s (2m 48s)  97% completed  (98% total)
     Speed:     ev/sec=30307.9   simsec/sec=3.98106   ev/simsec=7613.04
     Messages:  created: 4588769   present: 13409   in FES: 178
** Event #4839424   t=492.045822752448   Elapsed: 170.5s (2m 50s)  98% completed  (99% total)
     Speed:     ev/sec=27313.2   simsec/sec=3.4934   ev/simsec=7818.5
     Messages:  created: 4638649   present: 1614   in FES: 152
** Event #4899497   t=500   Elapsed: 172.209s (2m 52s)  100% completed  (100% total)
     Speed:     ev/sec=35155.1   simsec/sec=4.65368   ev/simsec=7554.26
     Messages:  created: 4693167   present: 2469   in FES: 122

<!> Simulation time limit reached -- at t=500s, event #4899497
undisposed object: (omnetpp::cMessage) FanetSarNetwork.groundStation.app.debugTimer -- check module destructor
undisposed object: (omnetpp::cMessage) FanetSarNetwork.uav[0].app.debugTimer -- check module destructor
undisposed object: (omnetpp::cMessage) FanetSarNetwork.uav[1].app.debugTimer -- check module destructor
undisposed object: (omnetpp::cMessage) FanetSarNetwork.uav[2].app.debugTimer -- check module destructor
undisposed object: (omnetpp::cMessage) FanetSarNetwork.uav[3].app.debugTimer -- check module destructor
undisposed object: (omnetpp::cMessage) FanetSarNetwork.uav[4].app.debugTimer -- check module destructor
undisposed object: (omnetpp::cMessage) FanetSarNetwork.uav[5].app.debugTimer -- check module destructor
undisposed object: (omnetpp::cMessage) FanetSarNetwork.uav[6].app.debugTimer -- check module destructor
undisposed object: (omnetpp::cMessage) FanetSarNetwork.uav[7].app.debugTimer -- check module destructor
undisposed object: (omnetpp::cMessage) FanetSarNetwork.uav[8].app.debugTimer -- check module destructor
undisposed object: (omnetpp::cMessage) FanetSarNetwork.uav[9].app.debugTimer -- check module destructor
undisposed object: (omnetpp::cMessage) FanetSarNetwork.uav[10].app.debugTimer -- check module destructor
undisposed object: (omnetpp::cMessage) FanetSarNetwork.uav[11].app.debugTimer -- check module destructor
undisposed object: (omnetpp::cMessage) FanetSarNetwork.uav[12].app.debugTimer -- check module destructor
undisposed object: (omnetpp::cMessage) FanetSarNetwork.uav[13].app.debugTimer -- check module destructor
undisposed object: (omnetpp::cMessage) FanetSarNetwork.uav[14].app.debugTimer -- check module destructor
undisposed object: (omnetpp::cMessage) FanetSarNetwork.uav[15].app.debugTimer -- check module destructor
undisposed object: (omnetpp::cMessage) FanetSarNetwork.uav[16].app.debugTimer -- check module destructor
undisposed object: (omnetpp::cMessage) FanetSarNetwork.uav[17].app.debugTimer -- check module destructor
undisposed object: (omnetpp::cMessage) FanetSarNetwork.uav[18].app.debugTimer -- check module destructor
undisposed object: (omnetpp::cMessage) FanetSarNetwork.uav[19].app.debugTimer -- check module destructor
undisposed object: (omnetpp::cMessage) FanetSarNetwork.uav[20].app.debugTimer -- check module destructor
undisposed object: (omnetpp::cMessage) FanetSarNetwork.uav[21].app.debugTimer -- check module destructor
undisposed object: (omnetpp::cMessage) FanetSarNetwork.uav[22].app.debugTimer -- check module destructor
undisposed object: (omnetpp::cMessage) FanetSarNetwork.uav[23].app.debugTimer -- check module destructor
undisposed object: (omnetpp::cMessage) FanetSarNetwork.uav[24].app.debugTimer -- check module destructor
undisposed object: (omnetpp::cMessage) FanetSarNetwork.uav[25].app.debugTimer -- check module destructor
undisposed object: (omnetpp::cMessage) FanetSarNetwork.uav[26].app.debugTimer -- check module destructor
undisposed object: (omnetpp::cMessage) FanetSarNetwork.uav[27].app.debugTimer -- check module destructor
undisposed object: (omnetpp::cMessage) FanetSarNetwork.uav[28].app.debugTimer -- check module destructor
undisposed object: (omnetpp::cMessage) FanetSarNetwork.uav[29].app.debugTimer -- check module destructor
