** Event #0   t=0   Elapsed: 1.5e-05s (0m 00s)  0% completed  (0% total)
     Speed:     ev/sec=0   simsec/sec=0   ev/simsec=0
     Messages:  created: 418   present: 418   in FES: 66
** Event #103936   t=95.052968421923   Elapsed: 2.00474s (0m 02s)  19% completed  (9% total)
     Speed:     ev/sec=51846   simsec/sec=47.4145   ev/simsec=1093.46
     Messages:  created: 84888   present: 418   in FES: 49
** Event #187136   t=143.020465888765   Elapsed: 4.00717s (0m 04s)  28% completed  (14% total)
     Speed:     ev/sec=41549.4   simsec/sec=23.9546   ev/simsec=1734.51
     Messages:  created: 147887   present: 1745   in FES: 54
** Event #267264   t=192.033087562102   Elapsed: 6.01209s (0m 06s)  38% completed  (19% total)
     Speed:     ev/sec=39965.7   simsec/sec=24.4462   ev/simsec=1634.84
     Messages:  created: 213004   present: 3505   in FES: 51
** Event #342784   t=251.061981151733   Elapsed: 8.01419s (0m 08s)  50% completed  (25% total)
     Speed:     ev/sec=37720.4   simsec/sec=29.4835   ev/simsec=1279.37
     Messages:  created: 269872   present: 1077   in FES: 53
** Event #416000   t=311.185994902626   Elapsed: 10.0203s (0m 10s)  62% completed  (31% total)
     Speed:     ev/sec=36496.2   simsec/sec=29.9702   ev/simsec=1217.75
     Messages:  created: 325522   present: 3451   in FES: 42
** Event #493312   t=377.061927097035   Elapsed: 12.0276s (0m 12s)  75% completed  (37% total)
     Speed:     ev/sec=38516.6   simsec/sec=32.8192   ev/simsec=1173.6
     Messages:  created: 385389   present: 1031   in FES: 54
** Event #570368   t=432.935544485004   Elapsed: 14.028s (0m 14s)  86% completed  (43% total)
     Speed:     ev/sec=38519.4   simsec/sec=27.9305   ev/simsec=1379.11
     Messages:  created: 447338   present: 3201   in FES: 55
** Event #642048   t=481.53303160676   Elapsed: 16.0333s (0m 16s)  96% completed  (48% total)
     Speed:     ev/sec=35746.1   simsec/sec=24.2351   ev/simsec=1474.97
     Messages:  created: 508812   present: 5023   in FES: 57
** Event #664328   t=500   Elapsed: 16.6273s (0m 16s)  100% completed  (50% total)
     Speed:     ev/sec=37504   simsec/sec=31.0612   ev/simsec=1207.42
     Messages:  created: 525766   present: 843   in FES: 42

<!> Simulation time limit reached -- at t=500s, event #664328
undisposed object: (omnetpp::cMessage) FanetSarNetwork.groundStation.app.debugTimer -- check module destructor
undisposed object: (omnetpp::cMessage) FanetSarNetwork.uav[0].app.debugTimer -- check module destructor
undisposed object: (omnetpp::cMessage) FanetSarNetwork.uav[1].app.debugTimer -- check module destructor
undisposed object: (omnetpp::cMessage) FanetSarNetwork.uav[2].app.debugTimer -- check module destructor
undisposed object: (omnetpp::cMessage) FanetSarNetwork.uav[3].app.debugTimer -- check module destructor
undisposed object: (omnetpp::cMessage) FanetSarNetwork.uav[4].app.debugTimer -- check module destructor
undisposed object: (omnetpp::cMessage) FanetSarNetwork.uav[5].app.debugTimer -- check module destructor
undisposed object: (omnetpp::cMessage) FanetSarNetwork.uav[6].app.debugTimer -- check module destructor
undisposed object: (omnetpp::cMessage) FanetSarNetwork.uav[7].app.debugTimer -- check module destructor
undisposed object: (omnetpp::cMessage) FanetSarNetwork.uav[8].app.debugTimer -- check module destructor
undisposed object: (omnetpp::cMessage) FanetSarNetwork.uav[9].app.debugTimer -- check module destructor
