** Event #0   t=0   Elapsed: 2e-05s (0m 00s)  0% completed  (0% total)
     Speed:     ev/sec=0   simsec/sec=0   ev/simsec=0
     Messages:  created: 1178   present: 1178   in FES: 186
** Event #102144   t=14.515154620015   Elapsed: 2.00238s (0m 02s)  2% completed  (1% total)
     Speed:     ev/sec=51012.3   simsec/sec=7.24902   ev/simsec=7037.13
     Messages:  created: 101891   present: 1321   in FES: 185
** Event #207872   t=29.517447050532   Elapsed: 4.00421s (0m 04s)  5% completed  (2% total)
     Speed:     ev/sec=52815.5   simsec/sec=7.49426   ev/simsec=7047.46
     Messages:  created: 204847   present: 1214   in FES: 154
** Event #286720   t=40.537028997817   Elapsed: 6.01417s (0m 06s)  8% completed  (4% total)
     Speed:     ev/sec=39228.7   simsec/sec=5.4825   ev/simsec=7155.26
     Messages:  created: 280912   present: 1185   in FES: 144
** Event #349952   t=49.510158197415   Elapsed: 8.01432s (0m 08s)  9% completed  (4% total)
     Speed:     ev/sec=31613.6   simsec/sec=4.48623   ev/simsec=7046.82
     Messages:  created: 341198   present: 1151   in FES: 130
** Event #411904   t=57.5597527995   Elapsed: 10.02s (0m 10s)  11% completed  (5% total)
     Speed:     ev/sec=30888.9   simsec/sec=4.01348   ev/simsec=7696.29
     Messages:  created: 399218   present: 1197   in FES: 148
** Event #465664   t=64.517076158061   Elapsed: 12.0209s (0m 12s)  12% completed  (6% total)
     Speed:     ev/sec=26867   simsec/sec=3.47698   ev/simsec=7727.11
     Messages:  created: 447584   present: 1191   in FES: 154
** Event #513536   t=70.052186398601   Elapsed: 14.0247s (0m 14s)  14% completed  (7% total)
     Speed:     ev/sec=23891.5   simsec/sec=2.76241   ev/simsec=8648.79
     Messages:  created: 489035   present: 1202   in FES: 154
** Event #557568   t=75.011881553555   Elapsed: 16.0295s (0m 16s)  15% completed  (7% total)
     Speed:     ev/sec=21963   simsec/sec=2.47387   ev/simsec=8877.97
     Messages:  created: 526126   present: 1211   in FES: 152
** Event #608256   t=80.591585100792   Elapsed: 18.0425s (0m 18s)  16% completed  (8% total)
     Speed:     ev/sec=25180.6   simsec/sec=2.77186   ev/simsec=9084.35
     Messages:  created: 570710   present: 1210   in FES: 153
** Event #662016   t=87.052240209626   Elapsed: 20.0434s (0m 20s)  17% completed  (8% total)
     Speed:     ev/sec=26866.8   simsec/sec=3.22875   ev/simsec=8321.14
     Messages:  created: 617618   present: 1167   in FES: 138
** Event #718848   t=93.574839707658   Elapsed: 22.053s (0m 22s)  18% completed  (9% total)
     Speed:     ev/sec=28280.9   simsec/sec=3.24579   ev/simsec=8713.09
     Messages:  created: 667670   present: 1178   in FES: 141
** Event #770048   t=99.568839640516   Elapsed: 24.0555s (0m 24s)  19% completed  (9% total)
     Speed:     ev/sec=25567.9   simsec/sec=2.99324   ev/simsec=8541.88
     Messages:  created: 712534   present: 1157   in FES: 136
** Event #822016   t=105.509935967155   Elapsed: 26.0695s (0m 26s)  21% completed  (10% total)
     Speed:     ev/sec=25803.3   simsec/sec=2.94989   ev/simsec=8747.21
     Messages:  created: 756911   present: 1842   in FES: 184
** Event #877056   t=111.517312914781   Elapsed: 28.0726s (0m 28s)  22% completed  (11% total)
     Speed:     ev/sec=27477.1   simsec/sec=2.99901   ev/simsec=9162.07
     Messages:  created: 804144   present: 1571   in FES: 155
** Event #931072   t=117.51739073125   Elapsed: 30.0787s (0m 30s)  23% completed  (11% total)
     Speed:     ev/sec=26926.1   simsec/sec=2.99094   ev/simsec=9002.55
     Messages:  created: 850251   present: 2296   in FES: 148
** Event #974080   t=122.06673079189   Elapsed: 32.081s (0m 32s)  24% completed  (12% total)
     Speed:     ev/sec=21479.4   simsec/sec=2.27207   ev/simsec=9453.68
     Messages:  created: 885911   present: 2840   in FES: 150
** Event #1008128   t=125.516936439715   Elapsed: 34.0833s (0m 34s)  25% completed  (12% total)
     Speed:     ev/sec=17004.8   simsec/sec=1.72316   ev/simsec=9868.4
     Messages:  created: 913187   present: 3351   in FES: 185
** Event #1037056   t=128.061265202158   Elapsed: 36.0931s (0m 36s)  25% completed  (12% total)
     Speed:     ev/sec=14393.5   simsec/sec=1.26596   ev/simsec=11369.6
     Messages:  created: 934896   present: 3493   in FES: 130
** Event #1064192   t=130.508323177612   Elapsed: 38.1183s (0m 38s)  26% completed  (13% total)
     Speed:     ev/sec=13398.7   simsec/sec=1.20826   ev/simsec=11089.2
     Messages:  created: 955063   present: 3813   in FES: 139
** Event #1088512   t=132.508899619788   Elapsed: 40.1243s (0m 40s)  26% completed  (13% total)
     Speed:     ev/sec=12123.7   simsec/sec=0.997305   ev/simsec=12156.5
     Messages:  created: 972771   present: 4055   in FES: 141
** Event #1110784   t=134.062472607752   Elapsed: 42.1305s (0m 42s)  26% completed  (13% total)
     Speed:     ev/sec=11101.7   simsec/sec=0.774392   ev/simsec=14336
     Messages:  created: 988789   present: 4231   in FES: 135
** Event #1139200   t=136.578862498101   Elapsed: 44.1657s (0m 44s)  27% completed  (13% total)
     Speed:     ev/sec=13962.3   simsec/sec=1.23643   ev/simsec=11292.4
     Messages:  created: 1010053   present: 4655   in FES: 173
** Event #1171712   t=139.068236188309   Elapsed: 46.1666s (0m 46s)  27% completed  (13% total)
     Speed:     ev/sec=16248.4   simsec/sec=1.24411   ev/simsec=13060.3
     Messages:  created: 1034334   present: 4880   in FES: 149
** Event #1202432   t=141.607048745542   Elapsed: 48.1889s (0m 48s)  28% completed  (14% total)
     Speed:     ev/sec=15190.9   simsec/sec=1.25543   ev/simsec=12100.1
     Messages:  created: 1057351   present: 5125   in FES: 131
** Event #1237504   t=144.590259772158   Elapsed: 50.1952s (0m 50s)  28% completed  (14% total)
     Speed:     ev/sec=17480.9   simsec/sec=1.48692   ev/simsec=11756.5
     Messages:  created: 1083581   present: 5506   in FES: 136
** Event #1270016   t=147.08331713309   Elapsed: 52.1963s (0m 52s)  29% completed  (14% total)
     Speed:     ev/sec=16247.1   simsec/sec=1.24585   ev/simsec=13041
     Messages:  created: 1107679   present: 5818   in FES: 142
** Event #1298944   t=149.592066755331   Elapsed: 54.2108s (0m 54s)  29% completed  (14% total)
     Speed:     ev/sec=14359.7   simsec/sec=1.24533   ev/simsec=11530.8
     Messages:  created: 1129237   present: 6122   in FES: 142
** Event #1334272   t=152.583545725446   Elapsed: 56.2446s (0m 56s)  30% completed  (15% total)
     Speed:     ev/sec=17370.6   simsec/sec=1.4709   ev/simsec=11809.5
     Messages:  created: 1155527   present: 6506   in FES: 148
** Event #1364736   t=155.056897475029   Elapsed: 58.2452s (0m 58s)  31% completed  (15% total)
     Speed:     ev/sec=15227.2   simsec/sec=1.23629   ev/simsec=12316.9
     Messages:  created: 1178244   present: 6794   in FES: 151
** Event #1395200   t=157.586108561215   Elapsed: 60.2552s (1m 00s)  31% completed  (15% total)
     Speed:     ev/sec=15156.3   simsec/sec=1.25832   ev/simsec=12044.9
     Messages:  created: 1200875   present: 7029   in FES: 124
** Event #1423872   t=160.014390445967   Elapsed: 62.2621s (1m 02s)  32% completed  (16% total)
     Speed:     ev/sec=14286.5   simsec/sec=1.20995   ev/simsec=11807.5
     Messages:  created: 1222345   present: 7331   in FES: 131
** Event #1455360   t=162.580733145977   Elapsed: 64.2802s (1m 04s)  32% completed  (16% total)
     Speed:     ev/sec=15602.8   simsec/sec=1.27166   ev/simsec=12269.6
     Messages:  created: 1245863   present: 7779   in FES: 185
** Event #1483776   t=165.008712929697   Elapsed: 66.2866s (1m 06s)  33% completed  (16% total)
     Speed:     ev/sec=14163.1   simsec/sec=1.21015   ev/simsec=11703.6
     Messages:  created: 1267139   present: 7911   in FES: 125
** Event #1516288   t=167.583416335271   Elapsed: 68.2968s (1m 08s)  33% completed  (16% total)
     Speed:     ev/sec=16173.6   simsec/sec=1.28083   ev/simsec=12627.5
     Messages:  created: 1291340   present: 8311   in FES: 154
** Event #1551616   t=170.575863696704   Elapsed: 70.3024s (1m 10s)  34% completed  (17% total)
     Speed:     ev/sec=17614.3   simsec/sec=1.49201   ev/simsec=11805.7
     Messages:  created: 1317453   present: 8609   in FES: 133
** Event #1581312   t=173.011882663057   Elapsed: 72.3132s (1m 12s)  34% completed  (17% total)
     Speed:     ev/sec=14768.2   simsec/sec=1.21146   ev/simsec=12190.4
     Messages:  created: 1339895   present: 8899   in FES: 133
** Event #1614592   t=175.591265715617   Elapsed: 74.317s (1m 14s)  35% completed  (17% total)
     Speed:     ev/sec=16608.8   simsec/sec=1.28727   ev/simsec=12902.3
     Messages:  created: 1364605   present: 9261   in FES: 149
** Event #1648128   t=178.097916865706   Elapsed: 76.324s (1m 16s)  35% completed  (17% total)
     Speed:     ev/sec=16709.5   simsec/sec=1.24895   ev/simsec=13378.8
     Messages:  created: 1389264   present: 9528   in FES: 139
** Event #1677056   t=180.607049098101   Elapsed: 78.3285s (1m 18s)  36% completed  (18% total)
     Speed:     ev/sec=14431.2   simsec/sec=1.25172   ev/simsec=11529.1
     Messages:  created: 1410825   present: 9790   in FES: 126
** Event #1710592   t=183.580259592794   Elapsed: 80.3386s (1m 20s)  36% completed  (18% total)
     Speed:     ev/sec=16684.3   simsec/sec=1.47918   ev/simsec=11279.4
     Messages:  created: 1435813   present: 10191   in FES: 139
** Event #1736192   t=185.580373964221   Elapsed: 82.3702s (1m 22s)  37% completed  (18% total)
     Speed:     ev/sec=12600.8   simsec/sec=0.984492   ev/simsec=12799.3
     Messages:  created: 1454357   present: 10417   in FES: 133
** Event #1760256   t=187.568862502211   Elapsed: 84.3927s (1m 24s)  37% completed  (18% total)
     Speed:     ev/sec=11898   simsec/sec=0.983171   ev/simsec=12101.7
     Messages:  created: 1471620   present: 10682   in FES: 147
** Event #1782272   t=189.077869840658   Elapsed: 86.4029s (1m 26s)  37% completed  (18% total)
     Speed:     ev/sec=10952.2   simsec/sec=0.750677   ev/simsec=14589.7
     Messages:  created: 1487733   present: 10872   in FES: 148
** Event #1804544   t=191.04620209869   Elapsed: 88.4104s (1m 28s)  38% completed  (19% total)
     Speed:     ev/sec=11094.2   simsec/sec=0.980475   ev/simsec=11315.2
     Messages:  created: 1503745   present: 11100   in FES: 146
** Event #1830400   t=193.077478483803   Elapsed: 90.4132s (1m 30s)  38% completed  (19% total)
     Speed:     ev/sec=12910.5   simsec/sec=1.01426   ev/simsec=12728.9
     Messages:  created: 1522775   present: 11311   in FES: 135
** Event #1856000   t=195.516828017514   Elapsed: 92.4358s (1m 32s)  39% completed  (19% total)
     Speed:     ev/sec=12656.8   simsec/sec=1.20603   ev/simsec=10494.6
     Messages:  created: 1541711   present: 11607   in FES: 137
** Event #1880320   t=197.561843517763   Elapsed: 94.4517s (1m 34s)  39% completed  (19% total)
     Speed:     ev/sec=12064.1   simsec/sec=1.01444   ev/simsec=11892.3
     Messages:  created: 1559850   present: 11883   in FES: 154
** Event #1905664   t=199.591265844336   Elapsed: 96.4852s (1m 36s)  39% completed  (19% total)
     Speed:     ev/sec=12463   simsec/sec=0.997978   ev/simsec=12488.3
     Messages:  created: 1578910   present: 12139   in FES: 146
** Event #1937408   t=202.550255058132   Elapsed: 98.5027s (1m 38s)  40% completed  (20% total)
     Speed:     ev/sec=15734.2   simsec/sec=1.46665   ev/simsec=10728
     Messages:  created: 1602489   present: 12445   in FES: 135
** Event #1963008   t=204.590260210273   Elapsed: 100.509s (1m 40s)  40% completed  (20% total)
     Speed:     ev/sec=12759.6   simsec/sec=1.01679   ev/simsec=12549
     Messages:  created: 1621771   present: 12685   in FES: 127
** Event #1995008   t=207.554722559993   Elapsed: 102.524s (1m 42s)  41% completed  (20% total)
     Speed:     ev/sec=15884.7   simsec/sec=1.47155   ev/simsec=10794.5
     Messages:  created: 1645595   present: 13053   in FES: 137
** Event #2021632   t=209.599967885113   Elapsed: 104.532s (1m 44s)  41% completed  (20% total)
     Speed:     ev/sec=13257.2   simsec/sec=1.01842   ev/simsec=13017.5
     Messages:  created: 1665586   present: 13358   in FES: 153
** Event #2052864   t=212.572897701325   Elapsed: 106.533s (1m 46s)  42% completed  (21% total)
     Speed:     ev/sec=15608.2   simsec/sec=1.48572   ev/simsec=10505.5
     Messages:  created: 1688861   present: 13613   in FES: 123
** Event #2083072   t=215.187587209977   Elapsed: 108.535s (1m 48s)  43% completed  (21% total)
     Speed:     ev/sec=15089.9   simsec/sec=1.30612   ev/simsec=11553.2
     Messages:  created: 1711989   present: 13927   in FES: 123
** Event #2116096   t=218.569996222388   Elapsed: 110.537s (1m 50s)  43% completed  (21% total)
     Speed:     ev/sec=16495.5   simsec/sec=1.68952   ev/simsec=9763.46
     Messages:  created: 1738207   present: 14428   in FES: 154
** Event #2155264   t=222.570070223228   Elapsed: 112.546s (1m 52s)  44% completed  (22% total)
     Speed:     ev/sec=19491.1   simsec/sec=1.99055   ev/simsec=9791.82
     Messages:  created: 1769694   present: 14896   in FES: 149
** Event #2193408   t=226.553693114791   Elapsed: 114.547s (1m 54s)  45% completed  (22% total)
     Speed:     ev/sec=19063.7   simsec/sec=1.99094   ev/simsec=9575.2
     Messages:  created: 1800463   present: 15374   in FES: 150
** Event #2233856   t=230.581022787007   Elapsed: 116.553s (1m 56s)  46% completed  (23% total)
     Speed:     ev/sec=20162.5   simsec/sec=2.00754   ev/simsec=10043.4
     Messages:  created: 1833105   present: 15848   in FES: 166
** Event #2274560   t=234.857945619849   Elapsed: 118.562s (1m 58s)  46% completed  (23% total)
     Speed:     ev/sec=20260.3   simsec/sec=2.12883   ev/simsec=9517.12
     Messages:  created: 1865794   present: 8724   in FES: 138
** Event #2312192   t=238.582819061041   Elapsed: 120.577s (2m 00s)  47% completed  (23% total)
     Speed:     ev/sec=18676.8   simsec/sec=1.84866   ev/simsec=10102.9
     Messages:  created: 1896240   present: 1639   in FES: 154
** Event #2348800   t=242.540458927986   Elapsed: 122.579s (2m 02s)  48% completed  (24% total)
     Speed:     ev/sec=18285.6   simsec/sec=1.97683   ev/simsec=9249.96
     Messages:  created: 1925629   present: 2098   in FES: 154
** Event #2387712   t=246.519413400206   Elapsed: 124.596s (2m 04s)  49% completed  (24% total)
     Speed:     ev/sec=19292.3   simsec/sec=1.97274   ev/simsec=9779.45
     Messages:  created: 1956955   present: 2573   in FES: 149
** Event #2424832   t=250.083263041348   Elapsed: 126.603s (2m 06s)  50% completed  (25% total)
     Speed:     ev/sec=18497.5   simsec/sec=1.77592   ev/simsec=10415.7
     Messages:  created: 1987007   present: 3010   in FES: 154
** Event #2463232   t=254.077427178934   Elapsed: 128.606s (2m 08s)  50% completed  (25% total)
     Speed:     ev/sec=19171   simsec/sec=1.99407   ev/simsec=9614.03
     Messages:  created: 2017919   present: 3490   in FES: 154
** Event #2504448   t=258.513820078561   Elapsed: 130.615s (2m 10s)  51% completed  (25% total)
     Speed:     ev/sec=20511.9   simsec/sec=2.20785   ev/simsec=9290.43
     Messages:  created: 2050969   present: 3995   in FES: 143
** Event #2544128   t=262.546466253455   Elapsed: 132.632s (2m 12s)  52% completed  (26% total)
     Speed:     ev/sec=19677.3   simsec/sec=1.99979   ev/simsec=9839.69
     Messages:  created: 2082979   present: 4484   in FES: 154
** Event #2584320   t=266.572870701644   Elapsed: 134.644s (2m 14s)  53% completed  (26% total)
     Speed:     ev/sec=19977.5   simsec/sec=2.00133   ev/simsec=9982.11
     Messages:  created: 2115523   present: 4970   in FES: 144
** Event #2623744   t=270.576872552359   Elapsed: 136.668s (2m 16s)  54% completed  (27% total)
     Speed:     ev/sec=19473.3   simsec/sec=1.97776   ev/simsec=9846.15
     Messages:  created: 2147233   present: 5395   in FES: 125
** Event #2665216   t=275.014392984592   Elapsed: 138.669s (2m 18s)  55% completed  (27% total)
     Speed:     ev/sec=20727.7   simsec/sec=2.21787   ev/simsec=9345.76
     Messages:  created: 2180659   present: 5962   in FES: 138
** Event #2711296   t=279.597470395254   Elapsed: 140.672s (2m 20s)  55% completed  (27% total)
     Speed:     ev/sec=23007.2   simsec/sec=2.28828   ev/simsec=10054.4
     Messages:  created: 2218388   present: 6530   in FES: 143
** Event #2756096   t=284.598001214526   Elapsed: 142.685s (2m 22s)  56% completed  (28% total)
     Speed:     ev/sec=22254.2   simsec/sec=2.48399   ev/simsec=8959.05
     Messages:  created: 2256057   present: 7071   in FES: 124
** Event #2812672   t=291.572264193859   Elapsed: 144.692s (2m 24s)  58% completed  (29% total)
     Speed:     ev/sec=28185.3   simsec/sec=3.47447   ev/simsec=8112.11
     Messages:  created: 2305863   present: 7978   in FES: 146
** Event #2870528   t=299.051525872278   Elapsed: 146.694s (2m 26s)  59% completed  (29% total)
     Speed:     ev/sec=28897.6   simsec/sec=3.7357   ev/simsec=7735.52
     Messages:  created: 2358153   present: 8801   in FES: 123
** Event #2935296   t=307.513715242126   Elapsed: 148.706s (2m 28s)  61% completed  (30% total)
     Speed:     ev/sec=32204.5   simsec/sec=4.20764   ev/simsec=7653.81
     Messages:  created: 2417114   present: 9893   in FES: 154
** Event #3006208   t=316.557226048606   Elapsed: 150.706s (2m 30s)  63% completed  (31% total)
     Speed:     ev/sec=35441.5   simsec/sec=4.51991   ev/simsec=7841.2
     Messages:  created: 2481674   present: 10978   in FES: 149
** Event #3074304   t=325.097916005888   Elapsed: 152.713s (2m 32s)  65% completed  (32% total)
     Speed:     ev/sec=33937.9   simsec/sec=4.25653   ev/simsec=7973.13
     Messages:  created: 2543762   present: 12000   in FES: 147
** Event #3141376   t=334.036005132708   Elapsed: 154.717s (2m 34s)  66% completed  (33% total)
     Speed:     ev/sec=33471.6   simsec/sec=4.46047   ev/simsec=7504.06
     Messages:  created: 2604651   present: 13062   in FES: 146
** Event #3201024   t=341.574265857862   Elapsed: 156.719s (2m 36s)  68% completed  (34% total)
     Speed:     ev/sec=29784.5   simsec/sec=3.76414   ev/simsec=7912.7
     Messages:  created: 2658927   present: 13915   in FES: 125
** Event #3261184   t=349.513713021631   Elapsed: 158.723s (2m 38s)  69% completed  (34% total)
     Speed:     ev/sec=30021.8   simsec/sec=3.96204   ev/simsec=7577.35
     Messages:  created: 2713559   present: 14920   in FES: 154
** Event #3319552   t=355.79494523026   Elapsed: 160.723s (2m 40s)  71% completed  (35% total)
     Speed:     ev/sec=29181.6   simsec/sec=3.14036   ev/simsec=9292.44
     Messages:  created: 2770384   present: 15722   in FES: 187
** Event #3384576   t=362.01433532855   Elapsed: 162.726s (2m 42s)  72% completed  (36% total)
     Speed:     ev/sec=32461.3   simsec/sec=3.10485   ev/simsec=10455
     Messages:  created: 2837164   present: 8751   in FES: 139
** Event #3439872   t=369.052190930213   Elapsed: 164.733s (2m 44s)  73% completed  (36% total)
     Speed:     ev/sec=27552.6   simsec/sec=3.50679   ev/simsec=7856.94
     Messages:  created: 2887494   present: 2037   in FES: 154
** Event #3501056   t=377.011833377742   Elapsed: 166.74s (2m 46s)  75% completed  (37% total)
     Speed:     ev/sec=30494.6   simsec/sec=3.96716   ev/simsec=7686.78
     Messages:  created: 2943076   present: 3003   in FES: 154
** Event #3566848   t=385.517105710143   Elapsed: 168.745s (2m 48s)  77% completed  (38% total)
     Speed:     ev/sec=32817.8   simsec/sec=4.24253   ev/simsec=7735.44
     Messages:  created: 3002899   present: 3931   in FES: 123
** Event #3629568   t=393.547029158677   Elapsed: 170.749s (2m 50s)  78% completed  (39% total)
     Speed:     ev/sec=31291.8   simsec/sec=4.00623   ev/simsec=7810.78
     Messages:  created: 3060035   present: 4963   in FES: 145
** Event #3691008   t=401.511179787961   Elapsed: 172.756s (2m 52s)  80% completed  (40% total)
     Speed:     ev/sec=30606.3   simsec/sec=3.96734   ev/simsec=7714.57
     Messages:  created: 3115805   present: 5928   in FES: 148
** Event #3741696   t=407.576243592194   Elapsed: 174.761s (2m 54s)  81% completed  (40% total)
     Speed:     ev/sec=25290.1   simsec/sec=3.02608   ev/simsec=8357.37
     Messages:  created: 3160937   present: 6655   in FES: 145
** Event #3792384   t=413.077871104935   Elapsed: 176.764s (2m 56s)  82% completed  (41% total)
     Speed:     ev/sec=25300   simsec/sec=2.74604   ev/simsec=9213.27
     Messages:  created: 3203673   present: 7302   in FES: 142
** Event #3843584   t=418.60754503963   Elapsed: 178.765s (2m 58s)  83% completed  (41% total)
     Speed:     ev/sec=25590.5   simsec/sec=2.76381   ev/simsec=9259.14
     Messages:  created: 3246805   present: 7994   in FES: 148
** Event #3896064   t=424.519339382299   Elapsed: 180.776s (3m 00s)  84% completed  (42% total)
     Speed:     ev/sec=26089.2   simsec/sec=2.93891   ev/simsec=8877.17
     Messages:  created: 3290669   present: 8696   in FES: 154
** Event #3943680   t=429.602540342059   Elapsed: 182.776s (3m 02s)  85% completed  (42% total)
     Speed:     ev/sec=23807.6   simsec/sec=2.54156   ev/simsec=9367.33
     Messages:  created: 3330668   present: 9237   in FES: 126
** Event #3991040   t=435.011830963516   Elapsed: 184.781s (3m 04s)  87% completed  (43% total)
     Speed:     ev/sec=23621.6   simsec/sec=2.69798   ev/simsec=8755.31
     Messages:  created: 3370592   present: 9961   in FES: 154
** Event #4038656   t=440.062243163805   Elapsed: 186.783s (3m 06s)  88% completed  (44% total)
     Speed:     ev/sec=23793.2   simsec/sec=2.52363   ev/simsec=9428.14
     Messages:  created: 3410617   present: 10485   in FES: 123
** Event #4085504   t=445.078254542445   Elapsed: 188.787s (3m 08s)  89% completed  (44% total)
     Speed:     ev/sec=23375.5   simsec/sec=2.50282   ev/simsec=9339.69
     Messages:  created: 3450081   present: 11138   in FES: 140
** Event #4135680   t=450.594539423349   Elapsed: 190.793s (3m 10s)  90% completed  (45% total)
     Speed:     ev/sec=25007.2   simsec/sec=2.74926   ev/simsec=9095.98
     Messages:  created: 3492149   present: 11774   in FES: 132
** Event #4188928   t=456.519335367598   Elapsed: 192.798s (3m 12s)  91% completed  (45% total)
     Speed:     ev/sec=26557   simsec/sec=2.95494   ev/simsec=8987.31
     Messages:  created: 3536930   present: 12525   in FES: 154
** Event #4235520   t=461.565921478591   Elapsed: 194.802s (3m 14s)  92% completed  (46% total)
     Speed:     ev/sec=23254.4   simsec/sec=2.51878   ev/simsec=9232.38
     Messages:  created: 3576159   present: 13140   in FES: 150
** Event #4281344   t=466.569995260468   Elapsed: 196.812s (3m 16s)  93% completed  (46% total)
     Speed:     ev/sec=22796.8   simsec/sec=2.48946   ev/simsec=9157.34
     Messages:  created: 3614735   present: 13746   in FES: 154
** Event #4327936   t=471.604537294604   Elapsed: 198.815s (3m 18s)  94% completed  (47% total)
     Speed:     ev/sec=23260.5   simsec/sec=2.51344   ev/simsec=9254.47
     Messages:  created: 3654073   present: 14393   in FES: 163
** Event #4378624   t=477.087056324522   Elapsed: 200.818s (3m 20s)  95% completed  (47% total)
     Speed:     ev/sec=25299.9   simsec/sec=2.73649   ev/simsec=9245.39
     Messages:  created: 3696720   present: 14978   in FES: 139
** Event #4425728   t=482.507186541776   Elapsed: 202.837s (3m 22s)  96% completed  (48% total)
     Speed:     ev/sec=23333.6   simsec/sec=2.68493   ev/simsec=8690.57
     Messages:  created: 3736185   present: 15625   in FES: 159
** Event #4473344   t=487.570070271673   Elapsed: 204.85s (3m 24s)  97% completed  (48% total)
     Speed:     ev/sec=23651.3   simsec/sec=2.51478   ev/simsec=9404.92
     Messages:  created: 3776450   present: 16278   in FES: 175
** Event #4513024   t=491.605537760501   Elapsed: 206.86s (3m 26s)  98% completed  (49% total)
     Speed:     ev/sec=19742.3   simsec/sec=2.0078   ev/simsec=9832.81
     Messages:  created: 3809073   present: 1497   in FES: 140
** Event #4544768   t=494.805765504544   Elapsed: 208.863s (3m 28s)  98% completed  (49% total)
     Speed:     ev/sec=15852.6   simsec/sec=1.59816   ev/simsec=9919.29
     Messages:  created: 3833817   present: 1818   in FES: 122
** Event #4575488   t=497.591071145907   Elapsed: 210.875s (3m 30s)  99% completed  (49% total)
     Speed:     ev/sec=15263.6   simsec/sec=1.38391   ev/simsec=11029.3
     Messages:  created: 3857829   present: 2210   in FES: 139
** Event #4597012   t=500   Elapsed: 212.183s (3m 32s)  100% completed  (50% total)
     Speed:     ev/sec=16458.2   simsec/sec=1.83462   ev/simsec=8970.93
     Messages:  created: 3874609   present: 2442   in FES: 122

<!> Simulation time limit reached -- at t=500s, event #4597012
undisposed object: (omnetpp::cMessage) FanetSarNetwork.groundStation.app.debugTimer -- check module destructor
undisposed object: (omnetpp::cMessage) FanetSarNetwork.uav[0].app.debugTimer -- check module destructor
undisposed object: (omnetpp::cMessage) FanetSarNetwork.uav[1].app.debugTimer -- check module destructor
undisposed object: (omnetpp::cMessage) FanetSarNetwork.uav[2].app.debugTimer -- check module destructor
undisposed object: (omnetpp::cMessage) FanetSarNetwork.uav[3].app.debugTimer -- check module destructor
undisposed object: (omnetpp::cMessage) FanetSarNetwork.uav[4].app.debugTimer -- check module destructor
undisposed object: (omnetpp::cMessage) FanetSarNetwork.uav[5].app.debugTimer -- check module destructor
undisposed object: (omnetpp::cMessage) FanetSarNetwork.uav[6].app.debugTimer -- check module destructor
undisposed object: (omnetpp::cMessage) FanetSarNetwork.uav[7].app.debugTimer -- check module destructor
undisposed object: (omnetpp::cMessage) FanetSarNetwork.uav[8].app.debugTimer -- check module destructor
undisposed object: (omnetpp::cMessage) FanetSarNetwork.uav[9].app.debugTimer -- check module destructor
undisposed object: (omnetpp::cMessage) FanetSarNetwork.uav[10].app.debugTimer -- check module destructor
undisposed object: (omnetpp::cMessage) FanetSarNetwork.uav[11].app.debugTimer -- check module destructor
undisposed object: (omnetpp::cMessage) FanetSarNetwork.uav[12].app.debugTimer -- check module destructor
undisposed object: (omnetpp::cMessage) FanetSarNetwork.uav[13].app.debugTimer -- check module destructor
undisposed object: (omnetpp::cMessage) FanetSarNetwork.uav[14].app.debugTimer -- check module destructor
undisposed object: (omnetpp::cMessage) FanetSarNetwork.uav[15].app.debugTimer -- check module destructor
undisposed object: (omnetpp::cMessage) FanetSarNetwork.uav[16].app.debugTimer -- check module destructor
undisposed object: (omnetpp::cMessage) FanetSarNetwork.uav[17].app.debugTimer -- check module destructor
undisposed object: (omnetpp::cMessage) FanetSarNetwork.uav[18].app.debugTimer -- check module destructor
undisposed object: (omnetpp::cMessage) FanetSarNetwork.uav[19].app.debugTimer -- check module destructor
undisposed object: (omnetpp::cMessage) FanetSarNetwork.uav[20].app.debugTimer -- check module destructor
undisposed object: (omnetpp::cMessage) FanetSarNetwork.uav[21].app.debugTimer -- check module destructor
undisposed object: (omnetpp::cMessage) FanetSarNetwork.uav[22].app.debugTimer -- check module destructor
undisposed object: (omnetpp::cMessage) FanetSarNetwork.uav[23].app.debugTimer -- check module destructor
undisposed object: (omnetpp::cMessage) FanetSarNetwork.uav[24].app.debugTimer -- check module destructor
undisposed object: (omnetpp::cMessage) FanetSarNetwork.uav[25].app.debugTimer -- check module destructor
undisposed object: (omnetpp::cMessage) FanetSarNetwork.uav[26].app.debugTimer -- check module destructor
undisposed object: (omnetpp::cMessage) FanetSarNetwork.uav[27].app.debugTimer -- check module destructor
undisposed object: (omnetpp::cMessage) FanetSarNetwork.uav[28].app.debugTimer -- check module destructor
undisposed object: (omnetpp::cMessage) FanetSarNetwork.uav[29].app.debugTimer -- check module destructor
