** Event #0   t=0   Elapsed: 1.5e-05s (0m 00s)  0% completed  (0% total)
     Speed:     ev/sec=0   simsec/sec=0   ev/simsec=0
     Messages:  created: 1178   present: 1178   in FES: 186
** Event #69632   t=8.501206196412   Elapsed: 2.00257s (0m 02s)  1% completed  (0% total)
     Speed:     ev/sec=34772.1   simsec/sec=4.24518   ev/simsec=8190.96
     Messages:  created: 63650   present: 1395   in FES: 216
** Event #129536   t=15.510306362365   Elapsed: 4.00367s (0m 04s)  3% completed  (1% total)
     Speed:     ev/sec=29935.5   simsec/sec=3.50262   ev/simsec=8546.6
     Messages:  created: 116228   present: 1174   in FES: 139
** Event #181760   t=21.557902080516   Elapsed: 6.01143s (0m 06s)  4% completed  (2% total)
     Speed:     ev/sec=26011.1   simsec/sec=3.01211   ev/simsec=8635.5
     Messages:  created: 162092   present: 1178   in FES: 143
** Event #229120   t=27.029404207741   Elapsed: 8.01503s (0m 08s)  5% completed  (2% total)
     Speed:     ev/sec=23637.5   simsec/sec=2.73084   ev/simsec=8655.76
     Messages:  created: 202674   present: 1163   in FES: 136
** Event #267520   t=31.517279411659   Elapsed: 10.0273s (0m 10s)  6% completed  (3% total)
     Speed:     ev/sec=19083.1   simsec/sec=2.23028   ev/simsec=8556.39
     Messages:  created: 235715   present: 1206   in FES: 154
** Event #310784   t=36.510381069796   Elapsed: 12.028s (0m 12s)  7% completed  (3% total)
     Speed:     ev/sec=21624.5   simsec/sec=2.49568   ev/simsec=8664.75
     Messages:  created: 272930   present: 1177   in FES: 142
** Event #356864   t=41.570180000654   Elapsed: 14.0424s (0m 14s)  8% completed  (4% total)
     Speed:     ev/sec=22874.6   simsec/sec=2.51174   ev/simsec=9107.08
     Messages:  created: 313018   present: 1207   in FES: 152
** Event #403712   t=47.056698971144   Elapsed: 16.0486s (0m 16s)  9% completed  (4% total)
     Speed:     ev/sec=23352.5   simsec/sec=2.73488   ev/simsec=8538.75
     Messages:  created: 353360   present: 1188   in FES: 145
** Event #451072   t=52.552840301318   Elapsed: 18.0502s (0m 18s)  10% completed  (5% total)
     Speed:     ev/sec=23660.4   simsec/sec=2.74579   ev/simsec=8616.95
     Messages:  created: 394188   present: 1210   in FES: 151
** Event #495616   t=57.566919195844   Elapsed: 20.0649s (0m 20s)  11% completed  (5% total)
     Speed:     ev/sec=22109.4   simsec/sec=2.48874   ev/simsec=8883.79
     Messages:  created: 432498   present: 1146   in FES: 131
** Event #542976   t=63.06602571539   Elapsed: 22.0663s (0m 22s)  12% completed  (6% total)
     Speed:     ev/sec=23663.5   simsec/sec=2.74764   ev/simsec=8612.31
     Messages:  created: 473298   present: 1191   in FES: 146
** Event #590592   t=68.554409226391   Elapsed: 24.0675s (0m 24s)  13% completed  (6% total)
     Speed:     ev/sec=23793.4   simsec/sec=2.74251   ev/simsec=8675.78
     Messages:  created: 514300   present: 1208   in FES: 149
** Event #638208   t=74.054383864052   Elapsed: 26.072s (0m 26s)  14% completed  (7% total)
     Speed:     ev/sec=23755.6   simsec/sec=2.74394   ev/simsec=8657.49
     Messages:  created: 555260   present: 1155   in FES: 132
** Event #684288   t=79.514038253244   Elapsed: 28.0847s (0m 28s)  15% completed  (7% total)
     Speed:     ev/sec=22894.6   simsec/sec=2.7126   ev/simsec=8440.09
     Messages:  created: 594882   present: 1208   in FES: 151
** Event #730112   t=84.558840858636   Elapsed: 30.1021s (0m 30s)  16% completed  (8% total)
     Speed:     ev/sec=22713.8   simsec/sec=2.50058   ev/simsec=9083.41
     Messages:  created: 634406   present: 1187   in FES: 140
** Event #781312   t=90.553840929455   Elapsed: 32.1188s (0m 32s)  18% completed  (9% total)
     Speed:     ev/sec=25387.7   simsec/sec=2.97264   ev/simsec=8540.45
     Messages:  created: 678526   present: 1194   in FES: 145
** Event #826880   t=95.573763261777   Elapsed: 34.1346s (0m 34s)  19% completed  (9% total)
     Speed:     ev/sec=22605.6   simsec/sec=2.49031   ev/simsec=9077.43
     Messages:  created: 717422   present: 1214   in FES: 149
** Event #869120   t=100.213693488069   Elapsed: 36.1372s (0m 36s)  20% completed  (10% total)
     Speed:     ev/sec=21093.3   simsec/sec=2.31703   ev/simsec=9103.59
     Messages:  created: 753088   present: 1134   in FES: 131
** Event #908032   t=104.021560440588   Elapsed: 38.1415s (0m 38s)  20% completed  (10% total)
     Speed:     ev/sec=19414.2   simsec/sec=1.89984   ev/simsec=10218.8
     Messages:  created: 787311   present: 1670   in FES: 178
** Event #958464   t=108.598871781207   Elapsed: 40.1517s (0m 40s)  21% completed  (10% total)
     Speed:     ev/sec=25087.6   simsec/sec=2.277   ev/simsec=11017.8
     Messages:  created: 831543   present: 1499   in FES: 147
** Event #1006080   t=114.005384439006   Elapsed: 42.1523s (0m 42s)  22% completed  (11% total)
     Speed:     ev/sec=23801   simsec/sec=2.70247   ev/simsec=8807.16
     Messages:  created: 870655   present: 1859   in FES: 141
** Event #1059840   t=119.570180065525   Elapsed: 44.1594s (0m 44s)  23% completed  (11% total)
     Speed:     ev/sec=26785.4   simsec/sec=2.7726   ev/simsec=9660.73
     Messages:  created: 915080   present: 2549   in FES: 148
** Event #1110528   t=125.056645720334   Elapsed: 46.1595s (0m 46s)  25% completed  (12% total)
     Speed:     ev/sec=25342.3   simsec/sec=2.74304   ev/simsec=9238.73
     Messages:  created: 957105   present: 3212   in FES: 154
** Event #1168640   t=131.60487078957   Elapsed: 48.1603s (0m 48s)  26% completed  (13% total)
     Speed:     ev/sec=29043.7   simsec/sec=3.27272   ev/simsec=8874.47
     Messages:  created: 1007318   present: 3995   in FES: 150
** Event #1238528   t=140.560284096408   Elapsed: 50.1651s (0m 50s)  28% completed  (14% total)
     Speed:     ev/sec=34861.8   simsec/sec=4.46717   ev/simsec=7803.99
     Messages:  created: 1070280   present: 5056   in FES: 145
** Event #1292800   t=146.570576626753   Elapsed: 52.1696s (0m 52s)  29% completed  (14% total)
     Speed:     ev/sec=27075   simsec/sec=2.99839   ev/simsec=9029.84
     Messages:  created: 1116187   present: 5796   in FES: 150
** Event #1350912   t=152.55558182458   Elapsed: 54.1842s (0m 54s)  30% completed  (15% total)
     Speed:     ev/sec=28845.4   simsec/sec=2.97081   ev/simsec=9709.6
     Messages:  created: 1162900   present: 6426   in FES: 123
** Event #1399808   t=157.548961757615   Elapsed: 56.1897s (0m 56s)  31% completed  (15% total)
     Speed:     ev/sec=24380.5   simsec/sec=2.4898   ev/simsec=9792.16
     Messages:  created: 1202391   present: 7085   in FES: 143
** Event #1452800   t=163.046480937748   Elapsed: 58.1911s (0m 58s)  32% completed  (16% total)
     Speed:     ev/sec=26477.7   simsec/sec=2.74686   ev/simsec=9639.26
     Messages:  created: 1245209   present: 7732   in FES: 138
** Event #1504256   t=168.091825111111   Elapsed: 60.1914s (1m 00s)  33% completed  (16% total)
     Speed:     ev/sec=25723.4   simsec/sec=2.52222   ev/simsec=10198.7
     Messages:  created: 1286767   present: 8302   in FES: 126
** Event #1561344   t=174.057854939949   Elapsed: 62.1949s (1m 02s)  34% completed  (17% total)
     Speed:     ev/sec=28493.9   simsec/sec=2.97778   ev/simsec=9568.84
     Messages:  created: 1332781   present: 9072   in FES: 144
** Event #1606144   t=178.515239093297   Elapsed: 64.2125s (1m 04s)  35% completed  (17% total)
     Speed:     ev/sec=22205.2   simsec/sec=2.20931   ev/simsec=10050.7
     Messages:  created: 1368109   present: 9607   in FES: 139
** Event #1641472   t=181.53561547857   Elapsed: 66.2295s (1m 06s)  36% completed  (18% total)
     Speed:     ev/sec=17515.3   simsec/sec=1.49748   ev/simsec=11696.6
     Messages:  created: 1394740   present: 9973   in FES: 144
** Event #1675264   t=184.508277776009   Elapsed: 68.2347s (1m 08s)  36% completed  (18% total)
     Speed:     ev/sec=16852   simsec/sec=1.48246   ev/simsec=11367.6
     Messages:  created: 1419506   present: 10272   in FES: 124
** Event #1702400   t=186.535253164913   Elapsed: 70.2397s (1m 10s)  37% completed  (18% total)
     Speed:     ev/sec=13534.1   simsec/sec=1.01095   ev/simsec=13387.4
     Messages:  created: 1438680   present: 10591   in FES: 152
** Event #1731328   t=188.58910167879   Elapsed: 72.2565s (1m 12s)  37% completed  (18% total)
     Speed:     ev/sec=14343.6   simsec/sec=1.01838   ev/simsec=14084.8
     Messages:  created: 1459693   present: 10850   in FES: 154
** Event #1767680   t=191.572688328848   Elapsed: 74.2762s (1m 14s)  38% completed  (19% total)
     Speed:     ev/sec=17998.7   simsec/sec=1.47724   ev/simsec=12184
     Messages:  created: 1485641   present: 11181   in FES: 147
** Event #1804544   t=194.513409030705   Elapsed: 76.2926s (1m 16s)  38% completed  (19% total)
     Speed:     ev/sec=18281.9   simsec/sec=1.45839   ev/simsec=12535.7
     Messages:  created: 1511995   present: 11483   in FES: 127
** Event #1836288   t=197.021560936848   Elapsed: 78.2999s (1m 18s)  39% completed  (19% total)
     Speed:     ev/sec=15814.6   simsec/sec=1.24954   ev/simsec=12656.3
     Messages:  created: 1535001   present: 11806   in FES: 136
** Event #1870848   t=199.580231472051   Elapsed: 80.3202s (1m 20s)  39% completed  (19% total)
     Speed:     ev/sec=17106.1   simsec/sec=1.26646   ev/simsec=13507
     Messages:  created: 1559705   present: 12107   in FES: 133
** Event #1900288   t=202.014019361523   Elapsed: 82.3263s (1m 22s)  40% completed  (20% total)
     Speed:     ev/sec=14675   simsec/sec=1.21317   ev/simsec=12096.4
     Messages:  created: 1580949   present: 12378   in FES: 126
** Event #1934080   t=204.545253526165   Elapsed: 84.3373s (1m 24s)  40% completed  (20% total)
     Speed:     ev/sec=16803.6   simsec/sec=1.2587   ev/simsec=13350
     Messages:  created: 1605148   present: 12721   in FES: 140
** Event #1970688   t=207.511408893507   Elapsed: 86.3724s (1m 26s)  41% completed  (20% total)
     Speed:     ev/sec=17988.9   simsec/sec=1.45755   ev/simsec=12341.9
     Messages:  created: 1631423   present: 13057   in FES: 133
** Event #2000384   t=209.588185538522   Elapsed: 88.4004s (1m 28s)  41% completed  (20% total)
     Speed:     ev/sec=14642.4   simsec/sec=1.02401   ev/simsec=14299.1
     Messages:  created: 1653010   present: 13363   in FES: 154
** Event #2035200   t=212.513407912827   Elapsed: 90.4218s (1m 30s)  42% completed  (21% total)
     Speed:     ev/sec=17224.2   simsec/sec=1.44717   ev/simsec=11902
     Messages:  created: 1677777   present: 13712   in FES: 150
** Event #2066688   t=215.012143433981   Elapsed: 92.4234s (1m 32s)  43% completed  (21% total)
     Speed:     ev/sec=15731.4   simsec/sec=1.24836   ev/simsec=12601.6
     Messages:  created: 1700535   present: 13945   in FES: 129
** Event #2096640   t=217.077184438087   Elapsed: 94.4276s (1m 34s)  43% completed  (21% total)
     Speed:     ev/sec=14944.6   simsec/sec=1.03036   ev/simsec=14504.3
     Messages:  created: 1722214   present: 14222   in FES: 137
** Event #2124032   t=219.545253072914   Elapsed: 96.4415s (1m 36s)  43% completed  (21% total)
     Speed:     ev/sec=13601.2   simsec/sec=1.2255   ev/simsec=11098.6
     Messages:  created: 1742288   present: 14559   in FES: 152
** Event #2158592   t=222.548909627109   Elapsed: 98.4621s (1m 38s)  44% completed  (22% total)
     Speed:     ev/sec=17103.8   simsec/sec=1.48652   ev/simsec=11506
     Messages:  created: 1768543   present: 14925   in FES: 153
** Event #2198784   t=226.54139184667   Elapsed: 100.477s (1m 40s)  45% completed  (22% total)
     Speed:     ev/sec=19944.1   simsec/sec=1.98115   ev/simsec=10066.9
     Messages:  created: 1800171   present: 15404   in FES: 154
** Event #2260992   t=229.044736860458   Elapsed: 102.482s (1m 42s)  45% completed  (22% total)
     Speed:     ev/sec=31029.5   simsec/sec=1.24868   ev/simsec=24850
     Messages:  created: 1868733   present: 15706   in FES: 174
** Event #2321152   t=233.012144326343   Elapsed: 104.484s (1m 44s)  46% completed  (23% total)
     Speed:     ev/sec=30046.9   simsec/sec=1.98152   ev/simsec=15163.6
     Messages:  created: 1928508   present: 16134   in FES: 158
** Event #2376192   t=238.573607174402   Elapsed: 106.489s (1m 46s)  47% completed  (23% total)
     Speed:     ev/sec=27458   simsec/sec=2.77446   ev/simsec=9896.68
     Messages:  created: 1973372   present: 1577   in FES: 128
** Event #2428672   t=244.066025664516   Elapsed: 108.492s (1m 48s)  48% completed  (24% total)
     Speed:     ev/sec=26202.9   simsec/sec=2.74233   ev/simsec=9554.99
     Messages:  created: 2016100   present: 2303   in FES: 151
** Event #2483712   t=250.007276984782   Elapsed: 110.493s (1m 50s)  50% completed  (25% total)
     Speed:     ev/sec=27505.8   simsec/sec=2.96909   ev/simsec=9264.04
     Messages:  created: 2060711   present: 2977   in FES: 138
** Event #2536960   t=255.534609280849   Elapsed: 112.502s (1m 52s)  51% completed  (25% total)
     Speed:     ev/sec=26501.5   simsec/sec=2.75095   ev/simsec=9633.58
     Messages:  created: 2104064   present: 3642   in FES: 140
** Event #2595584   t=261.568187958136   Elapsed: 114.512s (1m 54s)  52% completed  (26% total)
     Speed:     ev/sec=29164.3   simsec/sec=3.00159   ev/simsec=9716.29
     Messages:  created: 2151946   present: 4401   in FES: 151
** Event #2658048   t=268.091822900619   Elapsed: 116.514s (1m 56s)  53% completed  (26% total)
     Speed:     ev/sec=31206.1   simsec/sec=3.25911   ev/simsec=9575.03
     Messages:  created: 2203541   present: 5162   in FES: 145
** Event #2717696   t=275.421022362774   Elapsed: 118.515s (1m 58s)  55% completed  (27% total)
     Speed:     ev/sec=29805.2   simsec/sec=3.66229   ev/simsec=8138.41
     Messages:  created: 2255060   present: 5977   in FES: 123
** Event #2784256   t=284.021560435745   Elapsed: 120.517s (2m 00s)  56% completed  (28% total)
     Speed:     ev/sec=33253.3   simsec/sec=4.29682   ev/simsec=7739.05
     Messages:  created: 2315733   present: 7081   in FES: 146
** Event #2874880   t=296.066161989083   Elapsed: 122.519s (2m 02s)  59% completed  (29% total)
     Speed:     ev/sec=45261.4   simsec/sec=6.01558   ev/simsec=7524.03
     Messages:  created: 2400438   present: 8497   in FES: 135
** Event #2949888   t=306.012141996938   Elapsed: 124.523s (2m 04s)  61% completed  (30% total)
     Speed:     ev/sec=37425.2   simsec/sec=4.96254   ev/simsec=7541.54
     Messages:  created: 2468945   present: 9730   in FES: 149
** Event #3016192   t=313.533534816718   Elapsed: 126.526s (2m 06s)  62% completed  (31% total)
     Speed:     ev/sec=33097.6   simsec/sec=3.75452   ev/simsec=8815.39
     Messages:  created: 2526310   present: 10626   in FES: 148
** Event #3076352   t=320.509303416631   Elapsed: 128.526s (2m 08s)  64% completed  (32% total)
     Speed:     ev/sec=30078.7   simsec/sec=3.48773   ev/simsec=8624.14
     Messages:  created: 2578086   present: 11427   in FES: 134
** Event #3140096   t=327.531584286828   Elapsed: 130.53s (2m 10s)  65% completed  (32% total)
     Speed:     ev/sec=31820.5   simsec/sec=3.50546   ev/simsec=9077.39
     Messages:  created: 2631848   present: 12313   in FES: 151
** Event #3193088   t=333.066630527035   Elapsed: 132.53s (2m 12s)  66% completed  (33% total)
     Speed:     ev/sec=26486.3   simsec/sec=2.76651   ev/simsec=9573.9
     Messages:  created: 2676436   present: 12992   in FES: 154
** Event #3245568   t=339.021508286437   Elapsed: 134.533s (2m 14s)  67% completed  (33% total)
     Speed:     ev/sec=26205.2   simsec/sec=2.97349   ev/simsec=8812.94
     Messages:  created: 2720611   present: 13689   in FES: 154
** Event #3305728   t=345.545335095608   Elapsed: 136.536s (2m 16s)  69% completed  (34% total)
     Speed:     ev/sec=30030.5   simsec/sec=3.25654   ev/simsec=9221.58
     Messages:  created: 2771053   present: 14398   in FES: 124
** Event #3364608   t=352.012142020796   Elapsed: 138.538s (2m 18s)  70% completed  (35% total)
     Speed:     ev/sec=29417.4   simsec/sec=3.23093   ev/simsec=9104.96
     Messages:  created: 2820045   present: 15238   in FES: 145
** Event #3425792   t=358.545937181844   Elapsed: 140.546s (2m 20s)  71% completed  (35% total)
     Speed:     ev/sec=30471.8   simsec/sec=3.25406   ev/simsec=9364.24
     Messages:  created: 2871072   present: 16057   in FES: 176
** Event #3482368   t=364.5792299191   Elapsed: 142.547s (2m 22s)  72% completed  (36% total)
     Speed:     ev/sec=28270.4   simsec/sec=3.01477   ev/simsec=9377.3
     Messages:  created: 2918529   present: 1521   in FES: 148
** Event #3544320   t=371.563883410352   Elapsed: 144.547s (2m 24s)  74% completed  (37% total)
     Speed:     ev/sec=30969.8   simsec/sec=3.49163   ev/simsec=8869.73
     Messages:  created: 2971050   present: 2362   in FES: 153
** Event #3618304   t=381.068999228647   Elapsed: 146.551s (2m 26s)  76% completed  (38% total)
     Speed:     ev/sec=36929.8   simsec/sec=4.74457   ev/simsec=7783.6
     Messages:  created: 3038951   present: 3499   in FES: 154
** Event #3697664   t=392.007276221233   Elapsed: 148.554s (2m 28s)  78% completed  (39% total)
     Speed:     ev/sec=39620.3   simsec/sec=5.46091   ev/simsec=7255.26
     Messages:  created: 3113507   present: 4818   in FES: 151
** Event #3776512   t=402.068504202189   Elapsed: 150.56s (2m 30s)  80% completed  (40% total)
     Speed:     ev/sec=39301   simsec/sec=5.01492   ev/simsec=7836.82
     Messages:  created: 3186421   present: 6019   in FES: 154
** Event #3827968   t=407.579133084414   Elapsed: 152.569s (2m 32s)  81% completed  (40% total)
     Speed:     ev/sec=25618.6   simsec/sec=2.7436   ev/simsec=9337.59
     Messages:  created: 3228755   present: 6695   in FES: 154
** Event #3877632   t=412.582665205579   Elapsed: 154.574s (2m 34s)  82% completed  (41% total)
     Speed:     ev/sec=24769.6   simsec/sec=2.49547   ev/simsec=9925.79
     Messages:  created: 3268817   present: 7269   in FES: 142
** Event #3926784   t=417.582981071017   Elapsed: 156.577s (2m 36s)  83% completed  (41% total)
     Speed:     ev/sec=24534.8   simsec/sec=2.49597   ev/simsec=9829.78
     Messages:  created: 3308468   present: 7865   in FES: 140
** Event #3969280   t=422.046481084984   Elapsed: 158.581s (2m 38s)  84% completed  (42% total)
     Speed:     ev/sec=21208.5   simsec/sec=2.2276   ev/simsec=9520.78
     Messages:  created: 3342683   present: 8391   in FES: 142
** Event #4015872   t=426.728629594877   Elapsed: 160.592s (2m 40s)  85% completed  (42% total)
     Speed:     ev/sec=23163.9   simsec/sec=2.3278   ev/simsec=9950.99
     Messages:  created: 3380272   present: 8897   in FES: 122
** Event #4071680   t=432.540407019973   Elapsed: 162.597s (2m 42s)  86% completed  (43% total)
     Speed:     ev/sec=27835.7   simsec/sec=2.89878   ev/simsec=9602.57
     Messages:  created: 3425338   present: 9679   in FES: 153
** Event #4129792   t=438.522253276585   Elapsed: 164.612s (2m 44s)  87% completed  (43% total)
     Speed:     ev/sec=28835.8   simsec/sec=2.96825   ev/simsec=9714.73
     Messages:  created: 3472337   present: 10344   in FES: 129
** Event #4191232   t=441.532388410812   Elapsed: 166.615s (2m 46s)  88% completed  (44% total)
     Speed:     ev/sec=30680.9   simsec/sec=1.50315   ev/simsec=20411
     Messages:  created: 3538437   present: 10642   in FES: 138
** Event #4261888   t=443.078482504279   Elapsed: 168.62s (2m 48s)  88% completed  (44% total)
     Speed:     ev/sec=35245.6   simsec/sec=0.771244   ev/simsec=45699.7
     Messages:  created: 3624348   present: 10726   in FES: 126
** Event #4347136   t=443.283092541595   Elapsed: 170.62s (2m 50s)  88% completed  (44% total)
     Speed:     ev/sec=42619.1   simsec/sec=0.102293   ev/simsec=416636
     Messages:  created: 3741271   present: 10816   in FES: 176
** Event #4443904   t=443.513620468706   Elapsed: 172.621s (2m 52s)  88% completed  (44% total)
     Speed:     ev/sec=48353   simsec/sec=0.11519   ev/simsec=419767
     Messages:  created: 3874137   present: 10823   in FES: 176
** Event #4512256   t=445.301406028693   Elapsed: 174.627s (2m 54s)  89% completed  (44% total)
     Speed:     ev/sec=34082.4   simsec/sec=0.891446   ev/simsec=38232.8
     Messages:  created: 3956295   present: 10899   in FES: 155
** Event #4582912   t=447.050701982791   Elapsed: 176.627s (2m 56s)  89% completed  (44% total)
     Speed:     ev/sec=35315.1   simsec/sec=0.874329   ev/simsec=40391.1
     Messages:  created: 4041602   present: 10950   in FES: 154
** Event #4681216   t=447.289361049664   Elapsed: 178.63s (2m 58s)  89% completed  (44% total)
     Speed:     ev/sec=49085.3   simsec/sec=0.119168   ev/simsec=411901
     Messages:  created: 4175536   present: 10952   in FES: 125
** Event #4766720   t=447.488785410909   Elapsed: 180.632s (3m 00s)  89% completed  (44% total)
     Speed:     ev/sec=42699.1   simsec/sec=0.0995888   ev/simsec=428754
     Messages:  created: 4292993   present: 11063   in FES: 176
** Event #4832000   t=448.860951486147   Elapsed: 182.633s (3m 02s)  89% completed  (44% total)
     Speed:     ev/sec=32625.5   simsec/sec=0.685779   ev/simsec=47574.4
     Messages:  created: 4373878   present: 11052   in FES: 155
** Event #4905216   t=450.610997428652   Elapsed: 184.636s (3m 04s)  90% completed  (45% total)
     Speed:     ev/sec=36567.4   simsec/sec=0.874051   ev/simsec=41836.6
     Messages:  created: 4461654   present: 11116   in FES: 140
** Event #4989440   t=451.227697754639   Elapsed: 186.639s (3m 06s)  90% completed  (45% total)
     Speed:     ev/sec=42033.5   simsec/sec=0.307775   ev/simsec=136572
     Messages:  created: 4574223   present: 11273   in FES: 171
** Event #5070592   t=451.42527923667   Elapsed: 188.643s (3m 08s)  90% completed  (45% total)
     Speed:     ev/sec=40506.5   simsec/sec=0.0986214   ev/simsec=410727
     Messages:  created: 4685742   present: 11272   in FES: 175
** Event #5140224   t=452.556465593745   Elapsed: 190.645s (3m 10s)  90% completed  (45% total)
     Speed:     ev/sec=34773.5   simsec/sec=0.564903   ev/simsec=61556.6
     Messages:  created: 4774564   present: 11302   in FES: 154
** Event #5211904   t=454.580665137376   Elapsed: 192.66s (3m 12s)  90% completed  (45% total)
     Speed:     ev/sec=35580.3   simsec/sec=1.00477   ev/simsec=35411.5
     Messages:  created: 4859483   present: 11365   in FES: 134
** Event #5292032   t=455.233192798993   Elapsed: 194.661s (3m 14s)  91% completed  (45% total)
     Speed:     ev/sec=40046.9   simsec/sec=0.326125   ev/simsec=122796
     Messages:  created: 4965782   present: 11498   in FES: 154
** Event #5387264   t=455.497793474385   Elapsed: 196.664s (3m 16s)  91% completed  (45% total)
     Speed:     ev/sec=47534.6   simsec/sec=0.132074   ev/simsec=359908
     Messages:  created: 5096834   present: 11466   in FES: 130
** Event #5454336   t=457.581665326935   Elapsed: 198.666s (3m 18s)  91% completed  (45% total)
     Speed:     ev/sec=33501.7   simsec/sec=1.04087   ev/simsec=32186.2
     Messages:  created: 5175607   present: 11591   in FES: 135
** Event #5535232   t=459.226723326524   Elapsed: 200.669s (3m 20s)  91% completed  (45% total)
     Speed:     ev/sec=40382.2   simsec/sec=0.821192   ev/simsec=49175.2
     Messages:  created: 5276649   present: 11793   in FES: 156
** Event #5621504   t=459.541679876284   Elapsed: 202.674s (3m 22s)  91% completed  (45% total)
     Speed:     ev/sec=43043.6   simsec/sec=0.157141   ev/simsec=273917
     Messages:  created: 5395015   present: 11819   in FES: 154
** Event #5692160   t=462.800704935406   Elapsed: 204.678s (3m 24s)  92% completed  (46% total)
     Speed:     ev/sec=35246.1   simsec/sec=1.62574   ev/simsec=21680.1
     Messages:  created: 5472743   present: 12034   in FES: 154
** Event #5779712   t=463.373239933154   Elapsed: 206.68s (3m 26s)  92% completed  (46% total)
     Speed:     ev/sec=43746.3   simsec/sec=0.286073   ev/simsec=152920
     Messages:  created: 5590851   present: 12134   in FES: 154
** Event #5841664   t=464.589882111818   Elapsed: 208.681s (3m 28s)  92% completed  (46% total)
     Speed:     ev/sec=30960.7   simsec/sec=0.608021   ev/simsec=50920.5
     Messages:  created: 5668421   present: 12167   in FES: 136
** Event #5925632   t=467.136079296401   Elapsed: 210.685s (3m 30s)  93% completed  (46% total)
     Speed:     ev/sec=41895.7   simsec/sec=1.27042   ev/simsec=32977.8
     Messages:  created: 5769714   present: 12437   in FES: 156
** Event #6012160   t=467.495569604712   Elapsed: 212.694s (3m 32s)  93% completed  (46% total)
     Speed:     ev/sec=43071.7   simsec/sec=0.178946   ev/simsec=240696
     Messages:  created: 5888920   present: 12449   in FES: 154
** Event #6084096   t=470.57780915612   Elapsed: 214.698s (3m 34s)  94% completed  (47% total)
     Speed:     ev/sec=35898.2   simsec/sec=1.53813   ev/simsec=23338.9
     Messages:  created: 5971795   present: 12684   in FES: 167
** Event #6172928   t=472.3032116143   Elapsed: 216.7s (3m 36s)  94% completed  (47% total)
     Speed:     ev/sec=44364.7   simsec/sec=0.861706   ev/simsec=51484.8
     Messages:  created: 6087152   present: 12846   in FES: 167
** Event #6262784   t=474.031513722014   Elapsed: 218.709s (3m 38s)  94% completed  (47% total)
     Speed:     ev/sec=44724.1   simsec/sec=0.860229   ev/simsec=51990.9
     Messages:  created: 6204317   present: 12912   in FES: 127
** Event #6340864   t=476.204697933561   Elapsed: 220.712s (3m 40s)  95% completed  (47% total)
     Speed:     ev/sec=38991   simsec/sec=1.08523   ev/simsec=35928.8
     Messages:  created: 6302687   present: 13109   in FES: 166
** Event #6439680   t=477.029402725732   Elapsed: 222.712s (3m 42s)  95% completed  (47% total)
     Speed:     ev/sec=49393.5   simsec/sec=0.412231   ev/simsec=119820
     Messages:  created: 6436617   present: 13214   in FES: 153
** Event #6523392   t=480.124923190156   Elapsed: 224.717s (3m 44s)  96% completed  (48% total)
     Speed:     ev/sec=41755.5   simsec/sec=1.54404   ev/simsec=27042.9
     Messages:  created: 6538768   present: 13442   in FES: 125
** Event #6614016   t=480.49533161113   Elapsed: 226.72s (3m 46s)  96% completed  (48% total)
     Speed:     ev/sec=45238.8   simsec/sec=0.184905   ev/simsec=244660
     Messages:  created: 6663612   present: 13477   in FES: 146
** Event #6693632   t=481.78490495404   Elapsed: 228.721s (3m 48s)  96% completed  (48% total)
     Speed:     ev/sec=39791.2   simsec/sec=0.644514   ev/simsec=61738.2
     Messages:  created: 6767497   present: 12489   in FES: 183
** Event #6767616   t=481.969817014504   Elapsed: 230.723s (3m 50s)  96% completed  (48% total)
     Speed:     ev/sec=36954.8   simsec/sec=0.092363   ev/simsec=400104
     Messages:  created: 6869498   present: 11942   in FES: 148
** Event #6852864   t=482.683518139537   Elapsed: 232.734s (3m 52s)  96% completed  (48% total)
     Speed:     ev/sec=42399.2   simsec/sec=0.354969   ev/simsec=119445
     Messages:  created: 6982087   present: 11168   in FES: 188
** Event #6931456   t=482.940940163622   Elapsed: 234.734s (3m 54s)  96% completed  (48% total)
     Speed:     ev/sec=39290.6   simsec/sec=0.128693   ev/simsec=305304
     Messages:  created: 7089793   present: 10645   in FES: 168
** Event #7012352   t=484.415525703705   Elapsed: 236.735s (3m 56s)  96% completed  (48% total)
     Speed:     ev/sec=40437.8   simsec/sec=0.737106   ev/simsec=54860.2
     Messages:  created: 7193890   present: 10347   in FES: 162
** Event #7083520   t=486.273432112793   Elapsed: 238.736s (3m 58s)  97% completed  (48% total)
     Speed:     ev/sec=35565.5   simsec/sec=0.928469   ev/simsec=38305.5
     Messages:  created: 7280854   present: 10415   in FES: 144
** Event #7152896   t=487.904852442307   Elapsed: 240.74s (4m 00s)  97% completed  (48% total)
     Speed:     ev/sec=34603.7   simsec/sec=0.813727   ev/simsec=42524.9
     Messages:  created: 7366588   present: 10518   in FES: 184
** Event #7237632   t=488.248580852745   Elapsed: 242.741s (4m 02s)  97% completed  (48% total)
     Speed:     ev/sec=42367   simsec/sec=0.17186   ev/simsec=246520
     Messages:  created: 7480600   present: 10577   in FES: 149
** Event #7310080   t=488.435756650575   Elapsed: 244.75s (4m 04s)  97% completed  (48% total)
     Speed:     ev/sec=36058.3   simsec/sec=0.0931597   ev/simsec=387059
     Messages:  created: 7580241   present: 10652   in FES: 164
** Event #7375360   t=488.691872926013   Elapsed: 246.752s (4m 06s)  97% completed  (48% total)
     Speed:     ev/sec=32597   simsec/sec=0.12789   ev/simsec=254884
     Messages:  created: 7667653   present: 9514   in FES: 147
** Event #7452672   t=490.974950770068   Elapsed: 248.754s (4m 08s)  98% completed  (49% total)
     Speed:     ev/sec=38629.4   simsec/sec=1.14075   ev/simsec=33863.1
     Messages:  created: 7761234   present: 6096   in FES: 176
** Event #7536896   t=492.1545836978   Elapsed: 250.755s (4m 10s)  98% completed  (49% total)
     Speed:     ev/sec=42088.9   simsec/sec=0.589493   ev/simsec=71398.5
     Messages:  created: 7868159   present: 6140   in FES: 148
** Event #7615488   t=492.345719092765   Elapsed: 252.755s (4m 12s)  98% completed  (49% total)
     Speed:     ev/sec=39287.5   simsec/sec=0.0955471   ev/simsec=411185
     Messages:  created: 7976138   present: 6238   in FES: 154
** Event #7688192   t=492.518975100453   Elapsed: 254.758s (4m 14s)  98% completed  (49% total)
     Speed:     ev/sec=36306.6   simsec/sec=0.0865198   ev/simsec=419633
     Messages:  created: 8075350   present: 6256   in FES: 172
** Event #7751424   t=493.689464332173   Elapsed: 256.76s (4m 16s)  98% completed  (49% total)
     Speed:     ev/sec=31582.5   simsec/sec=0.584625   ev/simsec=54021.9
     Messages:  created: 8154612   present: 6210   in FES: 154
** Event #7815936   t=495.320325444123   Elapsed: 258.764s (4m 18s)  99% completed  (49% total)
     Speed:     ev/sec=32195.7   simsec/sec=0.813906   ev/simsec=39557
     Messages:  created: 8233084   present: 6274   in FES: 154
** Event #7890688   t=496.165581645188   Elapsed: 260.764s (4m 20s)  99% completed  (49% total)
     Speed:     ev/sec=37368.9   simsec/sec=0.422548   ev/simsec=88437.1
     Messages:  created: 8329940   present: 6370   in FES: 148
** Event #7969536   t=496.35251914549   Elapsed: 262.771s (4m 22s)  99% completed  (49% total)
     Speed:     ev/sec=39293.9   simsec/sec=0.0931604   ev/simsec=421788
     Messages:  created: 8438312   present: 6428   in FES: 176
** Event #8043008   t=496.522883070081   Elapsed: 264.771s (4m 24s)  99% completed  (49% total)
     Speed:     ev/sec=36722.3   simsec/sec=0.0851502   ev/simsec=431265
     Messages:  created: 8538340   present: 6399   in FES: 143
** Event #8103680   t=497.796725952038   Elapsed: 266.775s (4m 26s)  99% completed  (49% total)
     Speed:     ev/sec=30279.1   simsec/sec=0.635727   ev/simsec=47629.1
     Messages:  created: 8613916   present: 6420   in FES: 162
** Event #8173824   t=499.536229354998   Elapsed: 268.781s (4m 28s)  99% completed  (49% total)
     Speed:     ev/sec=34964.7   simsec/sec=0.86709   ev/simsec=40324.2
     Messages:  created: 8698785   present: 6442   in FES: 142
** Event #8191087   t=500   Elapsed: 269.225s (4m 29s)  100% completed  (50% total)
     Speed:     ev/sec=38921.9   simsec/sec=1.01233   ev/simsec=38447.7
     Messages:  created: 8720510   present: 6401   in FES: 122

<!> Simulation time limit reached -- at t=500s, event #8191087
undisposed object: (omnetpp::cMessage) FanetSarNetwork.groundStation.app.debugTimer -- check module destructor
undisposed object: (omnetpp::cMessage) FanetSarNetwork.uav[0].app.debugTimer -- check module destructor
undisposed object: (omnetpp::cMessage) FanetSarNetwork.uav[1].app.debugTimer -- check module destructor
undisposed object: (omnetpp::cMessage) FanetSarNetwork.uav[2].app.debugTimer -- check module destructor
undisposed object: (omnetpp::cMessage) FanetSarNetwork.uav[3].app.debugTimer -- check module destructor
undisposed object: (omnetpp::cMessage) FanetSarNetwork.uav[4].app.debugTimer -- check module destructor
undisposed object: (omnetpp::cMessage) FanetSarNetwork.uav[5].app.debugTimer -- check module destructor
undisposed object: (omnetpp::cMessage) FanetSarNetwork.uav[6].app.debugTimer -- check module destructor
undisposed object: (omnetpp::cMessage) FanetSarNetwork.uav[7].app.debugTimer -- check module destructor
undisposed object: (omnetpp::cMessage) FanetSarNetwork.uav[8].app.debugTimer -- check module destructor
undisposed object: (omnetpp::cMessage) FanetSarNetwork.uav[9].app.debugTimer -- check module destructor
undisposed object: (omnetpp::cMessage) FanetSarNetwork.uav[10].app.debugTimer -- check module destructor
undisposed object: (omnetpp::cMessage) FanetSarNetwork.uav[11].app.debugTimer -- check module destructor
undisposed object: (omnetpp::cMessage) FanetSarNetwork.uav[12].app.debugTimer -- check module destructor
undisposed object: (omnetpp::cMessage) FanetSarNetwork.uav[13].app.debugTimer -- check module destructor
undisposed object: (omnetpp::cMessage) FanetSarNetwork.uav[14].app.debugTimer -- check module destructor
undisposed object: (omnetpp::cMessage) FanetSarNetwork.uav[15].app.debugTimer -- check module destructor
undisposed object: (omnetpp::cMessage) FanetSarNetwork.uav[16].app.debugTimer -- check module destructor
undisposed object: (omnetpp::cMessage) FanetSarNetwork.uav[17].app.debugTimer -- check module destructor
undisposed object: (omnetpp::cMessage) FanetSarNetwork.uav[18].app.debugTimer -- check module destructor
undisposed object: (omnetpp::cMessage) FanetSarNetwork.uav[19].app.debugTimer -- check module destructor
undisposed object: (omnetpp::cMessage) FanetSarNetwork.uav[20].app.debugTimer -- check module destructor
undisposed object: (omnetpp::cMessage) FanetSarNetwork.uav[21].app.debugTimer -- check module destructor
undisposed object: (omnetpp::cMessage) FanetSarNetwork.uav[22].app.debugTimer -- check module destructor
undisposed object: (omnetpp::cMessage) FanetSarNetwork.uav[23].app.debugTimer -- check module destructor
undisposed object: (omnetpp::cMessage) FanetSarNetwork.uav[24].app.debugTimer -- check module destructor
undisposed object: (omnetpp::cMessage) FanetSarNetwork.uav[25].app.debugTimer -- check module destructor
undisposed object: (omnetpp::cMessage) FanetSarNetwork.uav[26].app.debugTimer -- check module destructor
undisposed object: (omnetpp::cMessage) FanetSarNetwork.uav[27].app.debugTimer -- check module destructor
undisposed object: (omnetpp::cMessage) FanetSarNetwork.uav[28].app.debugTimer -- check module destructor
undisposed object: (omnetpp::cMessage) FanetSarNetwork.uav[29].app.debugTimer -- check module destructor
