** Event #0   t=0   Elapsed: 1.6e-05s (0m 00s)  0% completed  (0% total)
     Speed:     ev/sec=0   simsec/sec=0   ev/simsec=0
     Messages:  created: 1178   present: 1178   in FES: 186
** Event #80128   t=9.519913930658   Elapsed: 2.00473s (0m 02s)  1% completed  (0% total)
     Speed:     ev/sec=39970.3   simsec/sec=4.74876   ev/simsec=8416.99
     Messages:  created: 73028   present: 1176   in FES: 139
** Event #160000   t=19.076456061814   Elapsed: 4.00678s (0m 04s)  3% completed  (1% total)
     Speed:     ev/sec=39895.1   simsec/sec=4.77338   ev/simsec=8357.83
     Messages:  created: 144002   present: 1187   in FES: 154
** Event #227328   t=28.070316376308   Elapsed: 6.01112s (0m 06s)  5% completed  (2% total)
     Speed:     ev/sec=33591.1   simsec/sec=4.48719   ev/simsec=7486
     Messages:  created: 206908   present: 1204   in FES: 151
** Event #296192   t=37.541958678828   Elapsed: 8.01152s (0m 08s)  7% completed  (3% total)
     Speed:     ev/sec=34425   simsec/sec=4.73486   ev/simsec=7270.54
     Messages:  created: 271947   present: 1121   in FES: 124
** Event #360704   t=46.503140052322   Elapsed: 10.0169s (0m 10s)  9% completed  (4% total)
     Speed:     ev/sec=32169   simsec/sec=4.4685   ev/simsec=7199.05
     Messages:  created: 332943   present: 1291   in FES: 185
** Event #424448   t=55.04853793246   Elapsed: 12.0205s (0m 12s)  11% completed  (5% total)
     Speed:     ev/sec=31815.3   simsec/sec=4.2651   ev/simsec=7459.45
     Messages:  created: 393199   present: 1202   in FES: 154
** Event #490240   t=64.04518512272   Elapsed: 14.0227s (0m 14s)  12% completed  (6% total)
     Speed:     ev/sec=32859.9   simsec/sec=4.49339   ev/simsec=7312.95
     Messages:  created: 455310   present: 1189   in FES: 144
** Event #552704   t=72.077074073718   Elapsed: 16.0297s (0m 16s)  14% completed  (7% total)
     Speed:     ev/sec=31123   simsec/sec=4.00192   ev/simsec=7777
     Messages:  created: 513036   present: 1216   in FES: 153
** Event #605952   t=78.516138905251   Elapsed: 18.0332s (0m 18s)  15% completed  (7% total)
     Speed:     ev/sec=26576.8   simsec/sec=3.21383   ev/simsec=8269.52
     Messages:  created: 559886   present: 1217   in FES: 154
** Event #660480   t=85.029013335482   Elapsed: 20.0401s (0m 20s)  17% completed  (8% total)
     Speed:     ev/sec=27171.6   simsec/sec=3.2454   ev/simsec=8372.34
     Messages:  created: 608040   present: 1170   in FES: 141
** Event #717056   t=91.522916056819   Elapsed: 22.0482s (0m 22s)  18% completed  (9% total)
     Speed:     ev/sec=28173.2   simsec/sec=3.23377   ev/simsec=8712.17
     Messages:  created: 657792   present: 1152   in FES: 131
** Event #771072   t=98.028958863644   Elapsed: 24.0513s (0m 24s)  19% completed  (9% total)
     Speed:     ev/sec=26966.4   simsec/sec=3.24801   ev/simsec=8302.44
     Messages:  created: 705454   present: 1187   in FES: 154
** Event #805632   t=100.546086731738   Elapsed: 26.0667s (0m 26s)  20% completed  (10% total)
     Speed:     ev/sec=17147.7   simsec/sec=1.24893   ev/simsec=13729.9
     Messages:  created: 736765   present: 1246   in FES: 166
** Event #839680   t=102.528706928034   Elapsed: 28.089s (0m 28s)  20% completed  (10% total)
     Speed:     ev/sec=16836.5   simsec/sec=0.980391   ev/simsec=17173.2
     Messages:  created: 769312   present: 1488   in FES: 173
** Event #869376   t=104.519579994533   Elapsed: 30.0917s (0m 30s)  20% completed  (10% total)
     Speed:     ev/sec=14827.6   simsec/sec=0.994072   ev/simsec=14916.1
     Messages:  created: 794961   present: 1751   in FES: 185
** Event #895488   t=106.507136608895   Elapsed: 32.1254s (0m 32s)  21% completed  (10% total)
     Speed:     ev/sec=12839.9   simsec/sec=0.977333   ev/simsec=13137.7
     Messages:  created: 815457   present: 1889   in FES: 154
** Event #923904   t=108.544944187747   Elapsed: 34.1356s (0m 34s)  21% completed  (10% total)
     Speed:     ev/sec=14135.7   simsec/sec=1.01372   ev/simsec=13944.4
     Messages:  created: 838199   present: 1588   in FES: 137
** Event #958976   t=111.542943791362   Elapsed: 36.1599s (0m 36s)  22% completed  (11% total)
     Speed:     ev/sec=17325.6   simsec/sec=1.48102   ev/simsec=11698.5
     Messages:  created: 864781   present: 1538   in FES: 131
** Event #993536   t=114.53681264873   Elapsed: 38.1656s (0m 38s)  22% completed  (11% total)
     Speed:     ev/sec=17231.2   simsec/sec=1.49271   ev/simsec=11543.6
     Messages:  created: 890970   present: 2011   in FES: 185
** Event #1028096   t=117.527707425002   Elapsed: 40.1814s (0m 40s)  23% completed  (11% total)
     Speed:     ev/sec=17144.5   simsec/sec=1.48372   ev/simsec=11555.1
     Messages:  created: 916997   present: 2427   in FES: 184
** Event #1062400   t=120.5207075656   Elapsed: 42.1854s (0m 42s)  24% completed  (12% total)
     Speed:     ev/sec=17117.9   simsec/sec=1.49353   ev/simsec=11461.4
     Messages:  created: 942737   present: 2655   in FES: 144
** Event #1098240   t=123.527577506718   Elapsed: 44.2102s (0m 44s)  24% completed  (12% total)
     Speed:     ev/sec=17700.1   simsec/sec=1.48498   ev/simsec=11919.4
     Messages:  created: 970300   present: 3186   in FES: 216
** Event #1131264   t=126.518576641577   Elapsed: 46.2342s (0m 46s)  25% completed  (12% total)
     Speed:     ev/sec=16316.1   simsec/sec=1.47776   ev/simsec=11041.1
     Messages:  created: 995166   present: 3309   in FES: 124
** Event #1158912   t=129.029012845298   Elapsed: 48.2395s (0m 48s)  25% completed  (12% total)
     Speed:     ev/sec=13787.9   simsec/sec=1.25194   ev/simsec=11013.2
     Messages:  created: 1016467   present: 3668   in FES: 147
** Event #1188096   t=131.525706713218   Elapsed: 50.2519s (0m 50s)  26% completed  (13% total)
     Speed:     ev/sec=14502   simsec/sec=1.24065   ev/simsec=11689.1
     Messages:  created: 1038371   present: 3995   in FES: 152
** Event #1213952   t=133.609260919449   Elapsed: 52.2572s (0m 52s)  26% completed  (13% total)
     Speed:     ev/sec=12893.9   simsec/sec=1.03903   ev/simsec=12409.6
     Messages:  created: 1058074   present: 4222   in FES: 154
** Event #1244416   t=136.520707928689   Elapsed: 54.2644s (0m 54s)  27% completed  (13% total)
     Speed:     ev/sec=15177.5   simsec/sec=1.45051   ev/simsec=10463.5
     Messages:  created: 1080825   present: 4538   in FES: 133
** Event #1288704   t=138.519707435442   Elapsed: 56.2893s (0m 56s)  27% completed  (13% total)
     Speed:     ev/sec=21871.6   simsec/sec=0.987204   ev/simsec=22155.1
     Messages:  created: 1127201   present: 4741   in FES: 143
** Event #1335040   t=139.846351229187   Elapsed: 58.2922s (0m 58s)  27% completed  (13% total)
     Speed:     ev/sec=23134.3   simsec/sec=0.662358   ev/simsec=34927.2
     Messages:  created: 1179658   present: 4815   in FES: 155
** Event #1385984   t=141.526698808437   Elapsed: 60.3021s (1m 00s)  28% completed  (14% total)
     Speed:     ev/sec=25346.5   simsec/sec=0.836033   ev/simsec=30317.5
     Messages:  created: 1237355   present: 4936   in FES: 149
** Event #1432576   t=143.040664030518   Elapsed: 62.3099s (1m 02s)  28% completed  (14% total)
     Speed:     ev/sec=23205.7   simsec/sec=0.754047   ev/simsec=30774.8
     Messages:  created: 1290101   present: 4975   in FES: 124
** Event #1481984   t=145.017810647788   Elapsed: 64.3129s (1m 04s)  29% completed  (14% total)
     Speed:     ev/sec=24666.5   simsec/sec=0.987074   ev/simsec=24989.5
     Messages:  created: 1345469   present: 5146   in FES: 147
** Event #1532672   t=147.981797350024   Elapsed: 66.3236s (1m 06s)  29% completed  (14% total)
     Speed:     ev/sec=25208.9   simsec/sec=1.47409   ev/simsec=17101.3
     Messages:  created: 1398014   present: 5399   in FES: 155
** Event #1582848   t=150.944495442062   Elapsed: 68.3249s (1m 08s)  30% completed  (15% total)
     Speed:     ev/sec=25071.7   simsec/sec=1.48039   ev/simsec=16935.9
     Messages:  created: 1449614   present: 5583   in FES: 135
** Event #1628928   t=153.581419857945   Elapsed: 70.3262s (1m 10s)  30% completed  (15% total)
     Speed:     ev/sec=23025.6   simsec/sec=1.31764   ev/simsec=17474.9
     Messages:  created: 1496554   present: 5821   in FES: 146
** Event #1678080   t=156.558643867398   Elapsed: 72.3315s (1m 12s)  31% completed  (15% total)
     Speed:     ev/sec=24510.8   simsec/sec=1.48466   ev/simsec=16509.3
     Messages:  created: 1547426   present: 6070   in FES: 148
** Event #1726976   t=159.533830374382   Elapsed: 74.3428s (1m 14s)  31% completed  (15% total)
     Speed:     ev/sec=24310.4   simsec/sec=1.47922   ev/simsec=16434.6
     Messages:  created: 1597949   present: 6311   in FES: 155
** Event #1775872   t=162.53382865578   Elapsed: 76.3448s (1m 16s)  32% completed  (16% total)
     Speed:     ev/sec=24423.8   simsec/sec=1.49852   ev/simsec=16298.7
     Messages:  created: 1649194   present: 6546   in FES: 154
** Event #1835008   t=165.940111708708   Elapsed: 78.3491s (1m 18s)  33% completed  (16% total)
     Speed:     ev/sec=29504.4   simsec/sec=1.69948   ev/simsec=17360.9
     Messages:  created: 1715278   present: 6812   in FES: 165
** Event #1903104   t=167.099568036052   Elapsed: 80.3543s (1m 20s)  33% completed  (16% total)
     Speed:     ev/sec=33959.2   simsec/sec=0.578216   ev/simsec=58731
     Messages:  created: 1803537   present: 6906   in FES: 145
** Event #1974784   t=167.43705852636   Elapsed: 82.3599s (1m 22s)  33% completed  (16% total)
     Speed:     ev/sec=35740.1   simsec/sec=0.168275   ev/simsec=212391
     Messages:  created: 1902459   present: 7009   in FES: 156
** Event #2036736   t=170.545436830493   Elapsed: 84.3632s (1m 24s)  34% completed  (17% total)
     Speed:     ev/sec=30925.1   simsec/sec=1.55164   ev/simsec=19930.6
     Messages:  created: 1976075   present: 7237   in FES: 124
** Event #2094848   t=178.016125810533   Elapsed: 86.3695s (1m 26s)  35% completed  (17% total)
     Speed:     ev/sec=28964.8   simsec/sec=3.72362   ev/simsec=7778.67
     Messages:  created: 2028412   present: 8196   in FES: 145
** Event #2142464   t=183.554216889451   Elapsed: 88.3863s (1m 28s)  36% completed  (18% total)
     Speed:     ev/sec=23610   simsec/sec=2.74602   ev/simsec=8597.91
     Messages:  created: 2070119   present: 8871   in FES: 149
** Event #2184192   t=188.052176751562   Elapsed: 90.3881s (1m 30s)  37% completed  (18% total)
     Speed:     ev/sec=20844.7   simsec/sec=2.2469   ev/simsec=9277.09
     Messages:  created: 2105033   present: 9403   in FES: 145
** Event #2227712   t=192.594693066746   Elapsed: 92.4063s (1m 32s)  38% completed  (19% total)
     Speed:     ev/sec=21564.5   simsec/sec=2.25086   ev/simsec=9580.59
     Messages:  created: 2141631   present: 9938   in FES: 142
** Event #2273280   t=197.580020503945   Elapsed: 94.4231s (1m 34s)  39% completed  (19% total)
     Speed:     ev/sec=22593.6   simsec/sec=2.47183   ev/simsec=9140.42
     Messages:  created: 2179564   present: 10563   in FES: 154
** Event #2319872   t=202.578386734202   Elapsed: 96.4301s (1m 36s)  40% completed  (20% total)
     Speed:     ev/sec=23215   simsec/sec=2.4905   ev/simsec=9321.45
     Messages:  created: 2218341   present: 11150   in FES: 148
** Event #2374400   t=208.526682916526   Elapsed: 98.4312s (1m 38s)  41% completed  (20% total)
     Speed:     ev/sec=27249.4   simsec/sec=2.97255   ev/simsec=9166.99
     Messages:  created: 2263853   present: 11799   in FES: 124
** Event #2418176   t=213.543466877701   Elapsed: 100.434s (1m 40s)  42% completed  (21% total)
     Speed:     ev/sec=21856.7   simsec/sec=2.5048   ev/simsec=8725.91
     Messages:  created: 2301450   present: 12467   in FES: 154
** Event #2471680   t=220.515163123499   Elapsed: 102.439s (1m 42s)  44% completed  (22% total)
     Speed:     ev/sec=26691.3   simsec/sec=3.47793   ev/simsec=7674.46
     Messages:  created: 2349936   present: 13296   in FES: 147
** Event #2531328   t=227.062513834125   Elapsed: 104.44s (1m 44s)  45% completed  (22% total)
     Speed:     ev/sec=29797.7   simsec/sec=3.27079   ev/simsec=9110.25
     Messages:  created: 2406625   present: 14087   in FES: 159
** Event #2583552   t=231.536117722528   Elapsed: 106.452s (1m 46s)  46% completed  (23% total)
     Speed:     ev/sec=25964.1   simsec/sec=2.22413   ev/simsec=11673.8
     Messages:  created: 2458701   present: 14655   in FES: 174
** Event #2625792   t=235.544191104361   Elapsed: 108.472s (1m 48s)  47% completed  (23% total)
     Speed:     ev/sec=20908.4   simsec/sec=1.98396   ev/simsec=10538.7
     Messages:  created: 2496144   present: 7165   in FES: 166
** Event #2668800   t=240.095031503339   Elapsed: 110.475s (1m 50s)  48% completed  (24% total)
     Speed:     ev/sec=21467.2   simsec/sec=2.27152   ev/simsec=9450.56
     Messages:  created: 2532160   present: 1795   in FES: 154
** Event #2718208   t=245.600319946383   Elapsed: 112.481s (1m 52s)  49% completed  (24% total)
     Speed:     ev/sec=24638.4   simsec/sec=2.74533   ev/simsec=8974.64
     Messages:  created: 2574001   present: 2577   in FES: 185
** Event #2771456   t=251.544116402829   Elapsed: 114.49s (1m 54s)  50% completed  (25% total)
     Speed:     ev/sec=26507   simsec/sec=2.95884   ev/simsec=8958.58
     Messages:  created: 2618836   present: 3203   in FES: 152
** Event #2823168   t=257.082555202979   Elapsed: 116.492s (1m 56s)  51% completed  (25% total)
     Speed:     ev/sec=25826.7   simsec/sec=2.76608   ev/simsec=9336.93
     Messages:  created: 2662458   present: 3842   in FES: 145
** Event #2870016   t=262.526071875693   Elapsed: 118.495s (1m 58s)  52% completed  (26% total)
     Speed:     ev/sec=23387.7   simsec/sec=2.71754   ev/simsec=8606.2
     Messages:  created: 2701832   present: 4495   in FES: 154
** Event #2918912   t=267.611316351353   Elapsed: 120.506s (2m 00s)  53% completed  (26% total)
     Speed:     ev/sec=24312.7   simsec/sec=2.52855   ev/simsec=9615.27
     Messages:  created: 2743388   present: 5115   in FES: 154
** Event #2961920   t=272.542014332804   Elapsed: 122.511s (2m 02s)  54% completed  (27% total)
     Speed:     ev/sec=21448.7   simsec/sec=2.459   ev/simsec=8722.5
     Messages:  created: 2779502   present: 5697   in FES: 155
** Event #3012352   t=278.622834461275   Elapsed: 124.514s (2m 04s)  55% completed  (27% total)
     Speed:     ev/sec=25177.2   simsec/sec=3.03573   ev/simsec=8293.62
     Messages:  created: 2824795   present: 6349   in FES: 123
** Event #3073792   t=286.582899751786   Elapsed: 126.52s (2m 06s)  57% completed  (28% total)
     Speed:     ev/sec=30631.4   simsec/sec=3.96856   ev/simsec=7718.53
     Messages:  created: 2880622   present: 7330   in FES: 127
** Event #3133952   t=294.535034823907   Elapsed: 128.525s (2m 08s)  58% completed  (29% total)
     Speed:     ev/sec=30013.4   simsec/sec=3.96727   ev/simsec=7565.26
     Messages:  created: 2935194   present: 8324   in FES: 141
** Event #3197184   t=302.561622354917   Elapsed: 130.533s (2m 10s)  60% completed  (30% total)
     Speed:     ev/sec=31480.5   simsec/sec=3.99609   ev/simsec=7877.82
     Messages:  created: 2992731   present: 9272   in FES: 136
** Event #3256576   t=310.081676718937   Elapsed: 132.537s (2m 12s)  62% completed  (31% total)
     Speed:     ev/sec=29638.2   simsec/sec=3.75271   ev/simsec=7897.82
     Messages:  created: 3046785   present: 10160   in FES: 132
** Event #3314944   t=317.588694623105   Elapsed: 134.538s (2m 14s)  63% completed  (31% total)
     Speed:     ev/sec=29175.8   simsec/sec=3.75245   ev/simsec=7775.12
     Messages:  created: 3099833   present: 11087   in FES: 139
** Event #3378688   t=326.031043898068   Elapsed: 136.538s (2m 16s)  65% completed  (32% total)
     Speed:     ev/sec=31871.8   simsec/sec=4.22114   ev/simsec=7550.5
     Messages:  created: 3157648   present: 12118   in FES: 149
** Event #3438848   t=333.582456124738   Elapsed: 138.541s (2m 18s)  66% completed  (33% total)
     Speed:     ev/sec=30030.1   simsec/sec=3.76944   ev/simsec=7966.72
     Messages:  created: 3212466   present: 13021   in FES: 154
** Event #3500288   t=341.561619860459   Elapsed: 140.548s (2m 20s)  68% completed  (34% total)
     Speed:     ev/sec=30609.9   simsec/sec=3.97528   ev/simsec=7700.06
     Messages:  created: 3268225   present: 13977   in FES: 145
** Event #3559680   t=349.081675426617   Elapsed: 142.551s (2m 22s)  69% completed  (34% total)
     Speed:     ev/sec=29655   simsec/sec=3.75483   ev/simsec=7897.81
     Messages:  created: 3322281   present: 14852   in FES: 136
** Event #3623680   t=357.536470431435   Elapsed: 144.555s (2m 24s)  71% completed  (35% total)
     Speed:     ev/sec=31935   simsec/sec=4.21881   ev/simsec=7569.67
     Messages:  created: 3380375   present: 15945   in FES: 184
** Event #3679232   t=364.563285763349   Elapsed: 146.558s (2m 26s)  72% completed  (36% total)
     Speed:     ev/sec=27737.5   simsec/sec=3.50854   ev/simsec=7905.72
     Messages:  created: 3430915   present: 1530   in FES: 154
** Event #3737856   t=372.067202030082   Elapsed: 148.56s (2m 28s)  74% completed  (37% total)
     Speed:     ev/sec=29278.3   simsec/sec=3.74764   ev/simsec=7812.45
     Messages:  created: 3484191   present: 2390   in FES: 142
** Event #3803136   t=380.555141269246   Elapsed: 150.565s (2m 30s)  76% completed  (38% total)
     Speed:     ev/sec=32563.5   simsec/sec=4.23402   ev/simsec=7690.91
     Messages:  created: 3543489   present: 3434   in FES: 150
** Event #3865344   t=388.555143250201   Elapsed: 152.575s (2m 32s)  77% completed  (38% total)
     Speed:     ev/sec=30951.6   simsec/sec=3.9804   ev/simsec=7776
     Messages:  created: 3600011   present: 4375   in FES: 143
** Event #3924224   t=396.062512329071   Elapsed: 154.575s (2m 34s)  79% completed  (39% total)
     Speed:     ev/sec=29434.7   simsec/sec=3.753   ev/simsec=7842.96
     Messages:  created: 3653601   present: 5295   in FES: 151
** Event #3983616   t=403.550719686499   Elapsed: 156.579s (2m 36s)  80% completed  (40% total)
     Speed:     ev/sec=29643.1   simsec/sec=3.73743   ev/simsec=7931.4
     Messages:  created: 3707088   present: 6118   in FES: 124
** Event #4028160   t=408.542623750566   Elapsed: 158.591s (2m 38s)  81% completed  (40% total)
     Speed:     ev/sec=22129.9   simsec/sec=2.48003   ev/simsec=8923.25
     Messages:  created: 3744308   present: 6757   in FES: 136
** Event #4075008   t=413.573227286378   Elapsed: 160.604s (2m 40s)  82% completed  (41% total)
     Speed:     ev/sec=23279.2   simsec/sec=2.49975   ev/simsec=9312.6
     Messages:  created: 3783633   present: 7405   in FES: 153
** Event #4125184   t=419.055257878223   Elapsed: 162.607s (2m 42s)  83% completed  (41% total)
     Speed:     ev/sec=25052   simsec/sec=2.73708   ev/simsec=9152.81
     Messages:  created: 3825647   present: 8050   in FES: 148
** Event #4182528   t=421.726773199629   Elapsed: 164.609s (2m 44s)  84% completed  (42% total)
     Speed:     ev/sec=28634   simsec/sec=1.33399   ev/simsec=21465
     Messages:  created: 3890053   present: 8264   in FES: 155
** Event #4245504   t=423.502259239089   Elapsed: 166.612s (2m 46s)  84% completed  (42% total)
     Speed:     ev/sec=31448.5   simsec/sec=0.886629   ev/simsec=35469.7
     Messages:  created: 3967026   present: 8276   in FES: 123
** Event #4305920   t=425.08284718661   Elapsed: 168.616s (2m 48s)  85% completed  (42% total)
     Speed:     ev/sec=30145.5   simsec/sec=0.788659   ev/simsec=38223.8
     Messages:  created: 4039504   present: 8436   in FES: 154
** Event #4364544   t=426.663207971592   Elapsed: 170.616s (2m 50s)  85% completed  (42% total)
     Speed:     ev/sec=29306.9   simsec/sec=0.790043   ev/simsec=37095.3
     Messages:  created: 4110466   present: 8431   in FES: 126
** Event #4422912   t=428.284379827166   Elapsed: 172.621s (2m 52s)  85% completed  (42% total)
     Speed:     ev/sec=29120.2   simsec/sec=0.808813   ev/simsec=36003.6
     Messages:  created: 4181273   present: 8568   in FES: 156
** Event #4480768   t=429.913258195265   Elapsed: 174.628s (2m 54s)  85% completed  (42% total)
     Speed:     ev/sec=28816.5   simsec/sec=0.811301   ev/simsec=35518.9
     Messages:  created: 4251673   present: 8654   in FES: 155
** Event #4540160   t=431.547625572181   Elapsed: 176.635s (2m 56s)  86% completed  (43% total)
     Speed:     ev/sec=29596.4   simsec/sec=0.814444   ev/simsec=36339.4
     Messages:  created: 4322951   present: 8679   in FES: 130
** Event #4597248   t=433.129899725244   Elapsed: 178.641s (2m 58s)  86% completed  (43% total)
     Speed:     ev/sec=28454.5   simsec/sec=0.788657   ev/simsec=36079.7
     Messages:  created: 4391202   present: 8711   in FES: 126
** Event #4663808   t=435.207510180166   Elapsed: 180.646s (3m 00s)  87% completed  (43% total)
     Speed:     ev/sec=33210.6   simsec/sec=1.03664   ev/simsec=32036.8
     Messages:  created: 4471837   present: 8897   in FES: 154
** Event #4724224   t=438.33371158835   Elapsed: 182.652s (3m 02s)  87% completed  (43% total)
     Speed:     ev/sec=30105.4   simsec/sec=1.55779   ev/simsec=19325.7
     Messages:  created: 4542692   present: 9105   in FES: 135
** Event #4789760   t=442.099567946453   Elapsed: 184.656s (3m 04s)  88% completed  (44% total)
     Speed:     ev/sec=32716   simsec/sec=1.87994   ev/simsec=17402.7
     Messages:  created: 4617819   present: 9461   in FES: 149
** Event #4856576   t=445.883772722223   Elapsed: 186.656s (3m 06s)  89% completed  (44% total)
     Speed:     ev/sec=33399   simsec/sec=1.8916   ev/simsec=17656.5
     Messages:  created: 4695863   present: 9703   in FES: 126
** Event #4925952   t=449.387914906576   Elapsed: 188.661s (3m 08s)  89% completed  (44% total)
     Speed:     ev/sec=34608.1   simsec/sec=1.74803   ev/simsec=19798.3
     Messages:  created: 4777997   present: 10082   in FES: 151
** Event #4989184   t=455.584747939512   Elapsed: 190.666s (3m 10s)  91% completed  (45% total)
     Speed:     ev/sec=31530.6   simsec/sec=3.09005   ev/simsec=10203.9
     Messages:  created: 4841703   present: 10771   in FES: 154
** Event #5051136   t=463.58245884572   Elapsed: 192.668s (3m 12s)  92% completed  (46% total)
     Speed:     ev/sec=30946.4   simsec/sec=3.99503   ev/simsec=7746.22
     Messages:  created: 4897988   present: 11736   in FES: 154
** Event #5115136   t=472.016071730549   Elapsed: 194.673s (3m 14s)  94% completed  (47% total)
     Speed:     ev/sec=31929.2   simsec/sec=4.20747   ev/simsec=7588.68
     Messages:  created: 4956029   present: 12737   in FES: 154
** Event #5184768   t=477.651576251508   Elapsed: 196.679s (3m 16s)  95% completed  (47% total)
     Speed:     ev/sec=34706.3   simsec/sec=2.80888   ev/simsec=12355.9
     Messages:  created: 5030041   present: 13280   in FES: 137
** Event #5252864   t=481.475954162655   Elapsed: 198.683s (3m 18s)  96% completed  (48% total)
     Speed:     ev/sec=33982.5   simsec/sec=1.90851   ev/simsec=17805.8
     Messages:  created: 5110104   present: 13598   in FES: 134
** Event #5317888   t=485.03346122902   Elapsed: 200.683s (3m 20s)  97% completed  (48% total)
     Speed:     ev/sec=32508.2   simsec/sec=1.77855   ev/simsec=18278
     Messages:  created: 5185809   present: 13981   in FES: 175
** Event #5384192   t=488.583284595251   Elapsed: 202.684s (3m 22s)  97% completed  (48% total)
     Speed:     ev/sec=33137.8   simsec/sec=1.77415   ev/simsec=18678.1
     Messages:  created: 5262910   present: 13815   in FES: 170
** Event #5441792   t=491.783655346381   Elapsed: 204.689s (3m 24s)  98% completed  (49% total)
     Speed:     ev/sec=28726.7   simsec/sec=1.59611   ev/simsec=17997.9
     Messages:  created: 5329924   present: 4447   in FES: 172
** Event #5497600   t=494.45722159545   Elapsed: 206.689s (3m 26s)  98% completed  (49% total)
     Speed:     ev/sec=27901.5   simsec/sec=1.33666   ev/simsec=20874
     Messages:  created: 5393712   present: 4611   in FES: 133
** Event #5552896   t=496.017196266173   Elapsed: 208.69s (3m 28s)  99% completed  (49% total)
     Speed:     ev/sec=27634.8   simsec/sec=0.779614   ev/simsec=35446.7
     Messages:  created: 5460857   present: 4715   in FES: 155
** Event #5618432   t=497.545436830493   Elapsed: 210.699s (3m 30s)  99% completed  (49% total)
     Speed:     ev/sec=32628.1   simsec/sec=0.760857   ev/simsec=42883.3
     Messages:  created: 5541526   present: 4807   in FES: 154
** Event #5677568   t=499.138117895006   Elapsed: 212.7s (3m 32s)  99% completed  (49% total)
     Speed:     ev/sec=29543.8   simsec/sec=0.795688   ev/simsec=37129.8
     Messages:  created: 5612987   present: 4821   in FES: 132
** Event #5705615   t=500   Elapsed: 213.694s (3m 33s)  100% completed  (50% total)
     Speed:     ev/sec=28225.1   simsec/sec=0.86207   ev/simsec=32741.1
     Messages:  created: 5648461   present: 4824   in FES: 122

<!> Simulation time limit reached -- at t=500s, event #5705615
undisposed object: (omnetpp::cMessage) FanetSarNetwork.groundStation.app.debugTimer -- check module destructor
undisposed object: (omnetpp::cMessage) FanetSarNetwork.uav[0].app.debugTimer -- check module destructor
undisposed object: (omnetpp::cMessage) FanetSarNetwork.uav[1].app.debugTimer -- check module destructor
undisposed object: (omnetpp::cMessage) FanetSarNetwork.uav[2].app.debugTimer -- check module destructor
undisposed object: (omnetpp::cMessage) FanetSarNetwork.uav[3].app.debugTimer -- check module destructor
undisposed object: (omnetpp::cMessage) FanetSarNetwork.uav[4].app.debugTimer -- check module destructor
undisposed object: (omnetpp::cMessage) FanetSarNetwork.uav[5].app.debugTimer -- check module destructor
undisposed object: (omnetpp::cMessage) FanetSarNetwork.uav[6].app.debugTimer -- check module destructor
undisposed object: (omnetpp::cMessage) FanetSarNetwork.uav[7].app.debugTimer -- check module destructor
undisposed object: (omnetpp::cMessage) FanetSarNetwork.uav[8].app.debugTimer -- check module destructor
undisposed object: (omnetpp::cMessage) FanetSarNetwork.uav[9].app.debugTimer -- check module destructor
undisposed object: (omnetpp::cMessage) FanetSarNetwork.uav[10].app.debugTimer -- check module destructor
undisposed object: (omnetpp::cMessage) FanetSarNetwork.uav[11].app.debugTimer -- check module destructor
undisposed object: (omnetpp::cMessage) FanetSarNetwork.uav[12].app.debugTimer -- check module destructor
undisposed object: (omnetpp::cMessage) FanetSarNetwork.uav[13].app.debugTimer -- check module destructor
undisposed object: (omnetpp::cMessage) FanetSarNetwork.uav[14].app.debugTimer -- check module destructor
undisposed object: (omnetpp::cMessage) FanetSarNetwork.uav[15].app.debugTimer -- check module destructor
undisposed object: (omnetpp::cMessage) FanetSarNetwork.uav[16].app.debugTimer -- check module destructor
undisposed object: (omnetpp::cMessage) FanetSarNetwork.uav[17].app.debugTimer -- check module destructor
undisposed object: (omnetpp::cMessage) FanetSarNetwork.uav[18].app.debugTimer -- check module destructor
undisposed object: (omnetpp::cMessage) FanetSarNetwork.uav[19].app.debugTimer -- check module destructor
undisposed object: (omnetpp::cMessage) FanetSarNetwork.uav[20].app.debugTimer -- check module destructor
undisposed object: (omnetpp::cMessage) FanetSarNetwork.uav[21].app.debugTimer -- check module destructor
undisposed object: (omnetpp::cMessage) FanetSarNetwork.uav[22].app.debugTimer -- check module destructor
undisposed object: (omnetpp::cMessage) FanetSarNetwork.uav[23].app.debugTimer -- check module destructor
undisposed object: (omnetpp::cMessage) FanetSarNetwork.uav[24].app.debugTimer -- check module destructor
undisposed object: (omnetpp::cMessage) FanetSarNetwork.uav[25].app.debugTimer -- check module destructor
undisposed object: (omnetpp::cMessage) FanetSarNetwork.uav[26].app.debugTimer -- check module destructor
undisposed object: (omnetpp::cMessage) FanetSarNetwork.uav[27].app.debugTimer -- check module destructor
undisposed object: (omnetpp::cMessage) FanetSarNetwork.uav[28].app.debugTimer -- check module destructor
undisposed object: (omnetpp::cMessage) FanetSarNetwork.uav[29].app.debugTimer -- check module destructor
