** Event #0   t=0   Elapsed: 1e-05s (0m 00s)  0% completed  (50% total)
     Speed:     ev/sec=0   simsec/sec=0   ev/simsec=0
     Messages:  created: 1178   present: 1178   in FES: 186
** Event #64256   t=7.527454303366   Elapsed: 2.00004s (0m 02s)  1% completed  (50% total)
     Speed:     ev/sec=32128.1   simsec/sec=3.76368   ev/simsec=8536.35
     Messages:  created: 59628   present: 1193   in FES: 144
** Event #119296   t=14.505646277267   Elapsed: 4.00581s (0m 04s)  2% completed  (51% total)
     Speed:     ev/sec=27440.8   simsec/sec=3.47905   ev/simsec=7887.43
     Messages:  created: 108916   present: 1196   in FES: 149
** Event #178688   t=21.520453008384   Elapsed: 6.01064s (0m 06s)  4% completed  (52% total)
     Speed:     ev/sec=29624.5   simsec/sec=3.49896   ev/simsec=8466.66
     Messages:  created: 162560   present: 1222   in FES: 153
** Event #232704   t=28.04779425583   Elapsed: 8.01529s (0m 08s)  5% completed  (52% total)
     Speed:     ev/sec=26945.3   simsec/sec=3.25609   ev/simsec=8275.34
     Messages:  created: 211188   present: 1190   in FES: 145
** Event #293376   t=35.525453153963   Elapsed: 10.0212s (0m 10s)  7% completed  (53% total)
     Speed:     ev/sec=30246.3   simsec/sec=3.72777   ev/simsec=8113.77
     Messages:  created: 266720   present: 1208   in FES: 149
** Event #334592   t=40.508654210151   Elapsed: 12.0257s (0m 12s)  8% completed  (54% total)
     Speed:     ev/sec=20561.7   simsec/sec=2.486   ev/simsec=8270.99
     Messages:  created: 302378   present: 1148   in FES: 133
** Event #374016   t=44.567822030498   Elapsed: 14.0337s (0m 14s)  8% completed  (54% total)
     Speed:     ev/sec=19633.6   simsec/sec=2.02152   ev/simsec=9712.34
     Messages:  created: 335924   present: 1206   in FES: 151
** Event #424960   t=50.53364749505   Elapsed: 16.0409s (0m 16s)  10% completed  (55% total)
     Speed:     ev/sec=25381.1   simsec/sec=2.97227   ev/simsec=8539.3
     Messages:  created: 380018   present: 1194   in FES: 145
** Event #475648   t=56.259703984906   Elapsed: 18.0447s (0m 18s)  11% completed  (55% total)
     Speed:     ev/sec=25295.2   simsec/sec=2.85751   ev/simsec=8852.17
     Messages:  created: 423664   present: 1116   in FES: 122
** Event #522752   t=61.569343269418   Elapsed: 20.0552s (0m 20s)  12% completed  (56% total)
     Speed:     ev/sec=23429.5   simsec/sec=2.64101   ev/simsec=8871.41
     Messages:  created: 464728   present: 1158   in FES: 135
** Event #577024   t=68.035300895773   Elapsed: 22.0597s (0m 22s)  13% completed  (56% total)
     Speed:     ev/sec=27074.7   simsec/sec=3.22568   ev/simsec=8393.5
     Messages:  created: 511640   present: 1201   in FES: 154
** Event #627968   t=73.584942986403   Elapsed: 24.0642s (0m 24s)  14% completed  (57% total)
     Speed:     ev/sec=25415   simsec/sec=2.76861   ev/simsec=9179.69
     Messages:  created: 555860   present: 1194   in FES: 149
** Event #676864   t=79.503592831672   Elapsed: 26.0693s (0m 26s)  15% completed  (57% total)
     Speed:     ev/sec=24386   simsec/sec=2.95182   ev/simsec=8261.34
     Messages:  created: 597864   present: 1178   in FES: 143
** Event #722944   t=84.558011723388   Elapsed: 28.0731s (0m 28s)  16% completed  (58% total)
     Speed:     ev/sec=22995.9   simsec/sec=2.52237   ev/simsec=9116.78
     Messages:  created: 637882   present: 1160   in FES: 135
** Event #770816   t=90.052396531633   Elapsed: 30.0744s (0m 30s)  18% completed  (59% total)
     Speed:     ev/sec=23920.2   simsec/sec=2.74538   ev/simsec=8712.9
     Messages:  created: 679118   present: 1163   in FES: 134
** Event #818944   t=95.55801171741   Elapsed: 32.0789s (0m 32s)  19% completed  (59% total)
     Speed:     ev/sec=24011   simsec/sec=2.74674   ev/simsec=8741.62
     Messages:  created: 720848   present: 1187   in FES: 144
** Event #871680   t=101.023518777075   Elapsed: 34.0827s (0m 34s)  20% completed  (60% total)
     Speed:     ev/sec=26316.9   simsec/sec=2.72746   ev/simsec=9648.88
     Messages:  created: 769885   present: 1332   in FES: 186
** Event #931328   t=104.321080503808   Elapsed: 36.09s (0m 36s)  20% completed  (60% total)
     Speed:     ev/sec=29716.7   simsec/sec=1.64285   ev/simsec=18088.5
     Messages:  created: 836775   present: 1696   in FES: 180
** Event #994816   t=108.049078929511   Elapsed: 38.0943s (0m 38s)  21% completed  (60% total)
     Speed:     ev/sec=31675.5   simsec/sec=1.85998   ev/simsec=17030.1
     Messages:  created: 909052   present: 2140   in FES: 183
** Event #1052160   t=115.527412642945   Elapsed: 40.1077s (0m 40s)  23% completed  (61% total)
     Speed:     ev/sec=28480.6   simsec/sec=3.71421   ev/simsec=7668.02
     Messages:  created: 960977   present: 2061   in FES: 149
** Event #1108224   t=122.533648071235   Elapsed: 42.1178s (0m 42s)  24% completed  (62% total)
     Speed:     ev/sec=27891.4   simsec/sec=3.48555   ev/simsec=8002.01
     Messages:  created: 1011535   present: 2883   in FES: 139
** Event #1150976   t=127.07504098583   Elapsed: 44.1181s (0m 44s)  25% completed  (62% total)
     Speed:     ev/sec=21373.1   simsec/sec=2.27039   ev/simsec=9413.85
     Messages:  created: 1047598   present: 3377   in FES: 124
** Event #1191936   t=131.54545816372   Elapsed: 46.1228s (0m 46s)  26% completed  (63% total)
     Speed:     ev/sec=20431.5   simsec/sec=2.22991   ev/simsec=9162.46
     Messages:  created: 1081692   present: 4007   in FES: 154
** Event #1236992   t=136.533104288331   Elapsed: 48.1253s (0m 48s)  27% completed  (63% total)
     Speed:     ev/sec=22499.9   simsec/sec=2.49071   ev/simsec=9033.52
     Messages:  created: 1119323   present: 4601   in FES: 153
** Event #1278720   t=141.021392625337   Elapsed: 50.1325s (0m 50s)  28% completed  (64% total)
     Speed:     ev/sec=20789.9   simsec/sec=2.23617   ev/simsec=9297.09
     Messages:  created: 1154091   present: 5124   in FES: 150
** Event #1326848   t=146.04596436183   Elapsed: 52.1403s (0m 52s)  29% completed  (64% total)
     Speed:     ev/sec=23970.3   simsec/sec=2.5025   ev/simsec=9578.53
     Messages:  created: 1194251   present: 5689   in FES: 135
** Event #1369344   t=150.551340623698   Elapsed: 54.1426s (0m 54s)  30% completed  (65% total)
     Speed:     ev/sec=21223.9   simsec/sec=2.25013   ev/simsec=9432.29
     Messages:  created: 1229511   present: 6269   in FES: 149
** Event #1413376   t=155.083846993458   Elapsed: 56.1464s (0m 56s)  31% completed  (65% total)
     Speed:     ev/sec=21973.8   simsec/sec=2.26191   ev/simsec=9714.71
     Messages:  created: 1265908   present: 6791   in FES: 142
** Event #1458688   t=160.047794147611   Elapsed: 58.148s (0m 58s)  32% completed  (66% total)
     Speed:     ev/sec=22637.7   simsec/sec=2.47997   ev/simsec=9128.22
     Messages:  created: 1303397   present: 7415   in FES: 151
** Event #1501952   t=164.547910515029   Elapsed: 60.1669s (1m 00s)  32% completed  (66% total)
     Speed:     ev/sec=21430.1   simsec/sec=2.22905   ev/simsec=9613.97
     Messages:  created: 1339032   present: 7955   in FES: 154
** Event #1543424   t=169.031400374114   Elapsed: 62.1737s (1m 02s)  33% completed  (66% total)
     Speed:     ev/sec=20665.5   simsec/sec=2.23412   ev/simsec=9249.94
     Messages:  created: 1372760   present: 8479   in FES: 154
** Event #1587456   t=173.547821442889   Elapsed: 64.1859s (1m 04s)  34% completed  (67% total)
     Speed:     ev/sec=21882.6   simsec/sec=2.24453   ev/simsec=9749.31
     Messages:  created: 1409121   present: 9006   in FES: 140
** Event #1633024   t=179.036643169423   Elapsed: 66.1883s (1m 06s)  35% completed  (67% total)
     Speed:     ev/sec=22756.8   simsec/sec=2.74113   ev/simsec=8301.96
     Messages:  created: 1448595   present: 9679   in FES: 147
** Event #1687296   t=186.0353519446   Elapsed: 68.1891s (1m 08s)  37% completed  (68% total)
     Speed:     ev/sec=27124.8   simsec/sec=3.49791   ev/simsec=7754.57
     Messages:  created: 1497931   present: 10517   in FES: 147
** Event #1751552   t=194.076918878888   Elapsed: 70.1981s (1m 10s)  38% completed  (69% total)
     Speed:     ev/sec=31984.6   simsec/sec=4.00284   ev/simsec=7990.48
     Messages:  created: 1556493   present: 11487   in FES: 147
** Event #1811456   t=202.031453538521   Elapsed: 72.1998s (1m 12s)  40% completed  (70% total)
     Speed:     ev/sec=29925.5   simsec/sec=3.97374   ev/simsec=7530.8
     Messages:  created: 1610835   present: 12443   in FES: 149
** Event #1874432   t=210.04779425425   Elapsed: 74.2048s (1m 14s)  42% completed  (71% total)
     Speed:     ev/sec=31410.2   simsec/sec=3.99827   ev/simsec=7855.95
     Messages:  created: 1668277   present: 13405   in FES: 147
** Event #1936384   t=218.083791889602   Elapsed: 76.2092s (1m 16s)  43% completed  (71% total)
     Speed:     ev/sec=30907.4   simsec/sec=4.00909   ev/simsec=7709.31
     Messages:  created: 1725417   present: 14364   in FES: 154
** Event #1999616   t=226.565818040538   Elapsed: 78.2185s (1m 18s)  45% completed  (72% total)
     Speed:     ev/sec=31469.9   simsec/sec=4.22142   ev/simsec=7454.82
     Messages:  created: 1783500   present: 15396   in FES: 152
** Event #2060032   t=234.569262717423   Elapsed: 80.2389s (1m 20s)  46% completed  (73% total)
     Speed:     ev/sec=29903.4   simsec/sec=3.96137   ev/simsec=7548.75
     Messages:  created: 1839030   present: 14852   in FES: 181
** Event #2119424   t=242.557818166241   Elapsed: 82.2449s (1m 22s)  48% completed  (74% total)
     Speed:     ev/sec=29607   simsec/sec=3.98231   ev/simsec=7434.64
     Messages:  created: 1893487   present: 2126   in FES: 150
** Event #2178048   t=250.527412623714   Elapsed: 84.248s (1m 24s)  50% completed  (75% total)
     Speed:     ev/sec=29266.6   simsec/sec=3.97863   ev/simsec=7355.96
     Messages:  created: 1947229   present: 3073   in FES: 149
** Event #2237952   t=258.526562995323   Elapsed: 86.2539s (1m 26s)  51% completed  (75% total)
     Speed:     ev/sec=29863.9   simsec/sec=3.98781   ev/simsec=7488.8
     Messages:  created: 2002219   present: 4031   in FES: 149
** Event #2300160   t=266.554284539738   Elapsed: 88.2542s (1m 28s)  53% completed  (76% total)
     Speed:     ev/sec=31099.5   simsec/sec=4.01327   ev/simsec=7749.15
     Messages:  created: 2059566   present: 5011   in FES: 154
** Event #2363648   t=275.045963297559   Elapsed: 90.26s (1m 30s)  55% completed  (77% total)
     Speed:     ev/sec=31652.1   simsec/sec=4.23355   ev/simsec=7476.5
     Messages:  created: 2118365   present: 6040   in FES: 154
** Event #2429440   t=283.59879392661   Elapsed: 92.2648s (1m 32s)  56% completed  (78% total)
     Speed:     ev/sec=32817.9   simsec/sec=4.26627   ev/simsec=7692.42
     Messages:  created: 2179568   present: 7041   in FES: 154
** Event #2491904   t=292.045966402844   Elapsed: 94.2711s (1m 34s)  58% completed  (79% total)
     Speed:     ev/sec=31132.8   simsec/sec=4.21018   ev/simsec=7394.66
     Messages:  created: 2237351   present: 8007   in FES: 129
** Event #2558464   t=298.329240955501   Elapsed: 96.2749s (1m 36s)  59% completed  (79% total)
     Speed:     ev/sec=33216.9   simsec/sec=3.13568   ev/simsec=10593.2
     Messages:  created: 2307245   present: 8679   in FES: 123
** Event #2633472   t=302.553967246113   Elapsed: 98.2795s (1m 38s)  60% completed  (80% total)
     Speed:     ev/sec=37418.1   simsec/sec=2.10753   ev/simsec=17754.5
     Messages:  created: 2395593   present: 9273   in FES: 216
** Event #2707712   t=307.021340565991   Elapsed: 100.283s (1m 40s)  61% completed  (80% total)
     Speed:     ev/sec=37059.5   simsec/sec=2.23004   ev/simsec=16618.3
     Messages:  created: 2482617   present: 9478   in FES: 154
** Event #2786048   t=312.065794085123   Elapsed: 102.284s (1m 42s)  62% completed  (81% total)
     Speed:     ev/sec=39152.5   simsec/sec=2.52123   ev/simsec=15529.1
     Messages:  created: 2572514   present: 9899   in FES: 148
** Event #2859264   t=317.052342982717   Elapsed: 104.285s (1m 44s)  63% completed  (81% total)
     Speed:     ev/sec=36578.2   simsec/sec=2.49124   ev/simsec=14682.7
     Messages:  created: 2656268   present: 10325   in FES: 154
** Event #2916352   t=319.83696549099   Elapsed: 106.286s (1m 46s)  63% completed  (81% total)
     Speed:     ev/sec=28530.1   simsec/sec=1.39164   ev/simsec=20501.2
     Messages:  created: 2722638   present: 10515   in FES: 155
** Event #2977792   t=322.000682152595   Elapsed: 108.29s (1m 48s)  64% completed  (82% total)
     Speed:     ev/sec=30656.5   simsec/sec=1.07962   ev/simsec=28395.6
     Messages:  created: 2795964   present: 10627   in FES: 154
** Event #3041280   t=323.978213754593   Elapsed: 110.302s (1m 50s)  64% completed  (82% total)
     Speed:     ev/sec=31565.4   simsec/sec=0.983203   ev/simsec=32104.7
     Messages:  created: 2871485   present: 10642   in FES: 148
** Event #3098624   t=325.670480039649   Elapsed: 112.303s (1m 52s)  65% completed  (82% total)
     Speed:     ev/sec=28658.6   simsec/sec=0.845739   ev/simsec=33885.9
     Messages:  created: 2939461   present: 10735   in FES: 135
** Event #3156480   t=327.520150160594   Elapsed: 114.32s (1m 54s)  65% completed  (82% total)
     Speed:     ev/sec=28682.2   simsec/sec=0.916975   ev/simsec=31279.1
     Messages:  created: 3009387   present: 10846   in FES: 138
** Event #3219968   t=329.500360949407   Elapsed: 116.326s (1m 56s)  65% completed  (82% total)
     Speed:     ev/sec=31644.5   simsec/sec=0.987002   ev/simsec=32061.2
     Messages:  created: 3085386   present: 10940   in FES: 154
** Event #3284992   t=331.420432701183   Elapsed: 118.334s (1m 58s)  66% completed  (83% total)
     Speed:     ev/sec=32381   simsec/sec=0.956167   ev/simsec=33865.4
     Messages:  created: 3163044   present: 10988   in FES: 155
** Event #3345664   t=333.169595344599   Elapsed: 120.342s (2m 00s)  66% completed  (83% total)
     Speed:     ev/sec=30218.5   simsec/sec=0.871194   ev/simsec=34686.3
     Messages:  created: 3235146   present: 11072   in FES: 156
** Event #3402496   t=334.688409367293   Elapsed: 122.346s (2m 02s)  66% completed  (83% total)
     Speed:     ev/sec=28358.6   simsec/sec=0.757873   ev/simsec=37418.7
     Messages:  created: 3304579   present: 11160   in FES: 154
** Event #3465216   t=336.516691042147   Elapsed: 124.353s (2m 04s)  67% completed  (83% total)
     Speed:     ev/sec=31254.1   simsec/sec=0.911055   ev/simsec=34305.4
     Messages:  created: 3380976   present: 11221   in FES: 156
** Event #3527168   t=338.251343414462   Elapsed: 126.359s (2m 06s)  67% completed  (83% total)
     Speed:     ev/sec=30879.2   simsec/sec=0.864616   ev/simsec=35714.4
     Messages:  created: 3455173   present: 11303   in FES: 155
** Event #3586048   t=339.978050579958   Elapsed: 128.366s (2m 08s)  67% completed  (83% total)
     Speed:     ev/sec=29330.1   simsec/sec=0.860131   ev/simsec=34099.6
     Messages:  created: 3526879   present: 11403   in FES: 174
** Event #3656704   t=341.538966957067   Elapsed: 130.374s (2m 10s)  68% completed  (84% total)
     Speed:     ev/sec=35199.5   simsec/sec=0.77762   ev/simsec=45265.7
     Messages:  created: 3613202   present: 11466   in FES: 153
** Event #3713536   t=344.534085965905   Elapsed: 132.383s (2m 12s)  68% completed  (84% total)
     Speed:     ev/sec=28285.7   simsec/sec=1.49069   ev/simsec=18974.9
     Messages:  created: 3675781   present: 11844   in FES: 185
** Event #3766784   t=350.524192685796   Elapsed: 134.391s (2m 14s)  70% completed  (85% total)
     Speed:     ev/sec=26522.1   simsec/sec=2.98359   ev/simsec=8889.32
     Messages:  created: 3720736   present: 12479   in FES: 143
** Event #3814144   t=355.51508973899   Elapsed: 136.4s (2m 16s)  71% completed  (85% total)
     Speed:     ev/sec=23569.4   simsec/sec=2.4838   ev/simsec=9489.28
     Messages:  created: 3761612   present: 13043   in FES: 153
** Event #3863040   t=360.075095126986   Elapsed: 138.4s (2m 18s)  72% completed  (86% total)
     Speed:     ev/sec=24446.6   simsec/sec=2.27987   ev/simsec=10722.8
     Messages:  created: 3805539   present: 13668   in FES: 177
** Event #3913216   t=365.531192167355   Elapsed: 140.419s (2m 20s)  73% completed  (86% total)
     Speed:     ev/sec=24854.9   simsec/sec=2.7027   ev/simsec=9196.32
     Messages:  created: 3847890   present: 1644   in FES: 146
** Event #3957504   t=370.515026691665   Elapsed: 142.421s (2m 22s)  74% completed  (87% total)
     Speed:     ev/sec=22124   simsec/sec=2.48967   ev/simsec=8886.33
     Messages:  created: 3885082   present: 2233   in FES: 149
** Event #4008192   t=376.037292681211   Elapsed: 144.421s (2m 24s)  75% completed  (87% total)
     Speed:     ev/sec=25336.7   simsec/sec=2.76034   ev/simsec=9178.84
     Messages:  created: 3928126   present: 2896   in FES: 146
** Event #4064512   t=382.527764791157   Elapsed: 146.433s (2m 26s)  76% completed  (88% total)
     Speed:     ev/sec=27999.1   simsec/sec=3.2267   ev/simsec=8677.33
     Messages:  created: 3976035   present: 3598   in FES: 124
** Event #4125440   t=390.091013397063   Elapsed: 148.434s (2m 28s)  78% completed  (89% total)
     Speed:     ev/sec=30444.2   simsec/sec=3.77916   ev/simsec=8055.8
     Messages:  created: 4031482   present: 4595   in FES: 151
** Event #4185344   t=398.090959423022   Elapsed: 150.438s (2m 30s)  79% completed  (89% total)
     Speed:     ev/sec=29900.4   simsec/sec=3.99308   ev/simsec=7488.05
     Messages:  created: 4086534   present: 5631   in FES: 185
** Event #4253184   t=407.095017266671   Elapsed: 152.44s (2m 32s)  81% completed  (90% total)
     Speed:     ev/sec=33875.3   simsec/sec=4.49609   ev/simsec=7534.38
     Messages:  created: 4148791   present: 6643   in FES: 154
** Event #4315648   t=415.558419320254   Elapsed: 154.446s (2m 34s)  83% completed  (91% total)
     Speed:     ev/sec=31134   simsec/sec=4.21842   ev/simsec=7380.48
     Messages:  created: 4206026   present: 7655   in FES: 151
** Event #4384256   t=424.556965140299   Elapsed: 156.461s (2m 36s)  84% completed  (92% total)
     Speed:     ev/sec=34062.2   simsec/sec=4.46755   ev/simsec=7624.34
     Messages:  created: 4269414   present: 8730   in FES: 154
** Event #4456192   t=434.052341257851   Elapsed: 158.461s (2m 38s)  86% completed  (93% total)
     Speed:     ev/sec=35955.9   simsec/sec=4.74609   ev/simsec=7575.9
     Messages:  created: 4335775   present: 9792   in FES: 124
** Event #4526592   t=443.52933853538   Elapsed: 160.462s (2m 40s)  88% completed  (94% total)
     Speed:     ev/sec=35192.3   simsec/sec=4.73746   ev/simsec=7428.51
     Messages:  created: 4400812   present: 10919   in FES: 124
** Event #4599040   t=453.023030523928   Elapsed: 162.466s (2m 42s)  90% completed  (95% total)
     Speed:     ev/sec=36155   simsec/sec=4.7378   ev/simsec=7631.17
     Messages:  created: 4467861   present: 12131   in FES: 154
** Event #4658688   t=460.558047175863   Elapsed: 164.469s (2m 44s)  92% completed  (96% total)
     Speed:     ev/sec=29779.4   simsec/sec=3.76188   ev/simsec=7916.11
     Messages:  created: 4523038   present: 13124   in FES: 168
** Event #4723712   t=469.075041242536   Elapsed: 166.47s (2m 46s)  93% completed  (96% total)
     Speed:     ev/sec=32485.8   simsec/sec=4.25506   ev/simsec=7634.62
     Messages:  created: 4583095   present: 14063   in FES: 154
** Event #4790784   t=478.035356174062   Elapsed: 168.475s (2m 48s)  95% completed  (97% total)
     Speed:     ev/sec=33451.7   simsec/sec=4.46889   ev/simsec=7485.45
     Messages:  created: 4644560   present: 15081   in FES: 129
** Event #4861952   t=486.052341408706   Elapsed: 170.479s (2m 50s)  97% completed  (98% total)
     Speed:     ev/sec=35521.5   simsec/sec=4.00145   ev/simsec=8877.15
     Messages:  created: 4713619   present: 16127   in FES: 184
** Event #4931584   t=494.091013441209   Elapsed: 172.482s (2m 52s)  98% completed  (99% total)
     Speed:     ev/sec=34766.2   simsec/sec=4.01358   ev/simsec=8662.13
     Messages:  created: 4780041   present: 1859   in FES: 153
** Event #4974782   t=500   Elapsed: 173.773s (2m 53s)  100% completed  (100% total)
     Speed:     ev/sec=33455.2   simsec/sec=4.5763   ev/simsec=7310.54
     Messages:  created: 4819189   present: 2469   in FES: 122

<!> Simulation time limit reached -- at t=500s, event #4974782
undisposed object: (omnetpp::cMessage) FanetSarNetwork.groundStation.app.debugTimer -- check module destructor
undisposed object: (omnetpp::cMessage) FanetSarNetwork.uav[0].app.debugTimer -- check module destructor
undisposed object: (omnetpp::cMessage) FanetSarNetwork.uav[1].app.debugTimer -- check module destructor
undisposed object: (omnetpp::cMessage) FanetSarNetwork.uav[2].app.debugTimer -- check module destructor
undisposed object: (omnetpp::cMessage) FanetSarNetwork.uav[3].app.debugTimer -- check module destructor
undisposed object: (omnetpp::cMessage) FanetSarNetwork.uav[4].app.debugTimer -- check module destructor
undisposed object: (omnetpp::cMessage) FanetSarNetwork.uav[5].app.debugTimer -- check module destructor
undisposed object: (omnetpp::cMessage) FanetSarNetwork.uav[6].app.debugTimer -- check module destructor
undisposed object: (omnetpp::cMessage) FanetSarNetwork.uav[7].app.debugTimer -- check module destructor
undisposed object: (omnetpp::cMessage) FanetSarNetwork.uav[8].app.debugTimer -- check module destructor
undisposed object: (omnetpp::cMessage) FanetSarNetwork.uav[9].app.debugTimer -- check module destructor
undisposed object: (omnetpp::cMessage) FanetSarNetwork.uav[10].app.debugTimer -- check module destructor
undisposed object: (omnetpp::cMessage) FanetSarNetwork.uav[11].app.debugTimer -- check module destructor
undisposed object: (omnetpp::cMessage) FanetSarNetwork.uav[12].app.debugTimer -- check module destructor
undisposed object: (omnetpp::cMessage) FanetSarNetwork.uav[13].app.debugTimer -- check module destructor
undisposed object: (omnetpp::cMessage) FanetSarNetwork.uav[14].app.debugTimer -- check module destructor
undisposed object: (omnetpp::cMessage) FanetSarNetwork.uav[15].app.debugTimer -- check module destructor
undisposed object: (omnetpp::cMessage) FanetSarNetwork.uav[16].app.debugTimer -- check module destructor
undisposed object: (omnetpp::cMessage) FanetSarNetwork.uav[17].app.debugTimer -- check module destructor
undisposed object: (omnetpp::cMessage) FanetSarNetwork.uav[18].app.debugTimer -- check module destructor
undisposed object: (omnetpp::cMessage) FanetSarNetwork.uav[19].app.debugTimer -- check module destructor
undisposed object: (omnetpp::cMessage) FanetSarNetwork.uav[20].app.debugTimer -- check module destructor
undisposed object: (omnetpp::cMessage) FanetSarNetwork.uav[21].app.debugTimer -- check module destructor
undisposed object: (omnetpp::cMessage) FanetSarNetwork.uav[22].app.debugTimer -- check module destructor
undisposed object: (omnetpp::cMessage) FanetSarNetwork.uav[23].app.debugTimer -- check module destructor
undisposed object: (omnetpp::cMessage) FanetSarNetwork.uav[24].app.debugTimer -- check module destructor
undisposed object: (omnetpp::cMessage) FanetSarNetwork.uav[25].app.debugTimer -- check module destructor
undisposed object: (omnetpp::cMessage) FanetSarNetwork.uav[26].app.debugTimer -- check module destructor
undisposed object: (omnetpp::cMessage) FanetSarNetwork.uav[27].app.debugTimer -- check module destructor
undisposed object: (omnetpp::cMessage) FanetSarNetwork.uav[28].app.debugTimer -- check module destructor
undisposed object: (omnetpp::cMessage) FanetSarNetwork.uav[29].app.debugTimer -- check module destructor
