** Event #0   t=0   Elapsed: 8e-06s (0m 00s)  0% completed  (50% total)
     Speed:     ev/sec=0   simsec/sec=0   ev/simsec=0
     Messages:  created: 1178   present: 1178   in FES: 186
** Event #55808   t=6.514744127532   Elapsed: 2.00566s (0m 02s)  1% completed  (50% total)
     Speed:     ev/sec=27825.9   simsec/sec=3.2482   ev/simsec=8566.57
     Messages:  created: 50563   present: 1159   in FES: 130
** Event #117504   t=14.056324595371   Elapsed: 4.01229s (0m 04s)  2% completed  (51% total)
     Speed:     ev/sec=30746.1   simsec/sec=3.75833   ev/simsec=8180.78
     Messages:  created: 105558   present: 1199   in FES: 146
** Event #174592   t=21.511871751954   Elapsed: 6.02382s (0m 06s)  4% completed  (52% total)
     Speed:     ev/sec=28380.4   simsec/sec=3.70641   ev/simsec=7657.12
     Messages:  created: 157822   present: 1213   in FES: 152
** Event #221440   t=27.007768154451   Elapsed: 8.02883s (0m 08s)  5% completed  (52% total)
     Speed:     ev/sec=23365.4   simsec/sec=2.74108   ev/simsec=8524.18
     Messages:  created: 198068   present: 1193   in FES: 148
** Event #273664   t=33.051481147963   Elapsed: 10.031s (0m 10s)  6% completed  (53% total)
     Speed:     ev/sec=26083.2   simsec/sec=3.01852   ev/simsec=8641.05
     Messages:  created: 243682   present: 1132   in FES: 125
** Event #336640   t=41.560638110191   Elapsed: 12.0331s (0m 12s)  8% completed  (54% total)
     Speed:     ev/sec=31455.9   simsec/sec=4.25025   ev/simsec=7400.97
     Messages:  created: 302968   present: 1192   in FES: 145
** Event #391936   t=48.508605605427   Elapsed: 14.0417s (0m 14s)  9% completed  (54% total)
     Speed:     ev/sec=27529.4   simsec/sec=3.45908   ev/simsec=7958.59
     Messages:  created: 352448   present: 1139   in FES: 128
** Event #445184   t=54.559234479845   Elapsed: 16.0537s (0m 16s)  10% completed  (55% total)
     Speed:     ev/sec=26464.5   simsec/sec=3.00719   ev/simsec=8800.41
     Messages:  created: 399796   present: 1162   in FES: 137
** Event #495360   t=60.561028269002   Elapsed: 18.0642s (0m 18s)  12% completed  (56% total)
     Speed:     ev/sec=24957.1   simsec/sec=2.98525   ev/simsec=8360.17
     Messages:  created: 444312   present: 1124   in FES: 123
** Event #552192   t=67.51260383577   Elapsed: 20.0714s (0m 20s)  13% completed  (56% total)
     Speed:     ev/sec=28314.3   simsec/sec=3.46335   ev/simsec=8175.41
     Messages:  created: 494518   present: 1198   in FES: 143
** Event #584192   t=70.561961471474   Elapsed: 22.0914s (0m 22s)  14% completed  (57% total)
     Speed:     ev/sec=15841.5   simsec/sec=1.50958   ev/simsec=10494
     Messages:  created: 520009   present: 1220   in FES: 154
** Event #616192   t=73.562067475312   Elapsed: 24.1141s (0m 24s)  14% completed  (57% total)
     Speed:     ev/sec=15820.3   simsec/sec=1.48321   ev/simsec=10666.3
     Messages:  created: 544704   present: 1177   in FES: 136
** Event #648192   t=76.555611493187   Elapsed: 26.1256s (0m 26s)  15% completed  (57% total)
     Speed:     ev/sec=15908.6   simsec/sec=1.48822   ev/simsec=10689.7
     Messages:  created: 569602   present: 1174   in FES: 139
** Event #673280   t=78.586714106671   Elapsed: 28.1321s (0m 28s)  15% completed  (57% total)
     Speed:     ev/sec=12503.7   simsec/sec=1.01229   ev/simsec=12351.9
     Messages:  created: 588168   present: 1192   in FES: 147
** Event #705280   t=81.513900716652   Elapsed: 30.1345s (0m 30s)  16% completed  (58% total)
     Speed:     ev/sec=15980.4   simsec/sec=1.4618   ev/simsec=10932
     Messages:  created: 611412   present: 1156   in FES: 133
** Event #730624   t=83.542791580999   Elapsed: 32.1697s (0m 32s)  16% completed  (58% total)
     Speed:     ev/sec=12452.8   simsec/sec=0.9969   ev/simsec=12491.6
     Messages:  created: 629852   present: 1133   in FES: 126
** Event #755456   t=85.559611125302   Elapsed: 34.1834s (0m 34s)  17% completed  (58% total)
     Speed:     ev/sec=12331.9   simsec/sec=1.00158   ev/simsec=12312.5
     Messages:  created: 648468   present: 1188   in FES: 145
** Event #780800   t=87.586713961618   Elapsed: 36.1842s (0m 36s)  17% completed  (58% total)
     Speed:     ev/sec=12667   simsec/sec=1.01315   ev/simsec=12502.6
     Messages:  created: 667314   present: 1209   in FES: 152
** Event #812800   t=90.539661136532   Elapsed: 38.2236s (0m 38s)  18% completed  (59% total)
     Speed:     ev/sec=15690.7   simsec/sec=1.44793   ev/simsec=10836.6
     Messages:  created: 690940   present: 1193   in FES: 154
** Event #839936   t=92.586714175839   Elapsed: 40.247s (0m 40s)  18% completed  (59% total)
     Speed:     ev/sec=13411.3   simsec/sec=1.01171   ev/simsec=13256.1
     Messages:  created: 711152   present: 1186   in FES: 145
** Event #870656   t=95.513901087595   Elapsed: 42.2636s (0m 42s)  19% completed  (59% total)
     Speed:     ev/sec=15233.4   simsec/sec=1.45153   ev/simsec=10494.7
     Messages:  created: 733948   present: 1159   in FES: 134
** Event #899840   t=98.549306861413   Elapsed: 44.2832s (0m 44s)  19% completed  (59% total)
     Speed:     ev/sec=14450.1   simsec/sec=1.50294   ev/simsec=9614.53
     Messages:  created: 757734   present: 1209   in FES: 154
** Event #943616   t=101.088377583011   Elapsed: 46.2904s (0m 46s)  20% completed  (60% total)
     Speed:     ev/sec=21809.4   simsec/sec=1.26498   ev/simsec=17241
     Messages:  created: 803885   present: 1287   in FES: 166
** Event #989184   t=105.028172701841   Elapsed: 48.2918s (0m 48s)  21% completed  (60% total)
     Speed:     ev/sec=22768.3   simsec/sec=1.96854   ev/simsec=11566.1
     Messages:  created: 848209   present: 1790   in FES: 184
** Event #1043200   t=110.052479521564   Elapsed: 50.2962s (0m 50s)  22% completed  (61% total)
     Speed:     ev/sec=26948.4   simsec/sec=2.50661   ev/simsec=10750.9
     Messages:  created: 902292   present: 1417   in FES: 149
** Event #1105664   t=118.099808382893   Elapsed: 52.2976s (0m 52s)  23% completed  (61% total)
     Speed:     ev/sec=31211   simsec/sec=4.02095   ev/simsec=7762.08
     Messages:  created: 960148   present: 2361   in FES: 145
** Event #1170688   t=127.003501537153   Elapsed: 54.2979s (0m 54s)  25% completed  (62% total)
     Speed:     ev/sec=32506.8   simsec/sec=4.45113   ev/simsec=7303.04
     Messages:  created: 1020004   present: 3396   in FES: 134
** Event #1231104   t=134.030928297181   Elapsed: 56.3023s (0m 56s)  26% completed  (63% total)
     Speed:     ev/sec=30140.8   simsec/sec=3.5059   ev/simsec=8597.17
     Messages:  created: 1078468   present: 4271   in FES: 154
** Event #1292800   t=137.627352363982   Elapsed: 58.3027s (0m 58s)  27% completed  (63% total)
     Speed:     ev/sec=30842.7   simsec/sec=1.7979   ev/simsec=17154.8
     Messages:  created: 1149149   present: 4478   in FES: 123
** Event #1361920   t=142.306465342902   Elapsed: 60.3052s (1m 00s)  28% completed  (64% total)
     Speed:     ev/sec=34516.6   simsec/sec=2.33662   ev/simsec=14772
     Messages:  created: 1227160   present: 4941   in FES: 164
** Event #1431552   t=147.545605112693   Elapsed: 62.306s (1m 02s)  29% completed  (64% total)
     Speed:     ev/sec=34803   simsec/sec=2.61859   ev/simsec=13290.7
     Messages:  created: 1304442   present: 5390   in FES: 124
** Event #1492480   t=155.535005638348   Elapsed: 64.3152s (1m 04s)  31% completed  (65% total)
     Speed:     ev/sec=30323.9   simsec/sec=3.97633   ev/simsec=7626.1
     Messages:  created: 1360067   present: 6377   in FES: 133
** Event #1552128   t=163.082423513973   Elapsed: 66.316s (1m 06s)  32% completed  (66% total)
     Speed:     ev/sec=29812.2   simsec/sec=3.77222   ev/simsec=7903.1
     Messages:  created: 1414469   present: 7337   in FES: 153
** Event #1612288   t=171.074533710783   Elapsed: 68.3232s (1m 08s)  34% completed  (67% total)
     Speed:     ev/sec=29971.5   simsec/sec=3.98164   ev/simsec=7527.42
     Messages:  created: 1469830   present: 8297   in FES: 154
** Event #1676032   t=179.602946998301   Elapsed: 70.3248s (1m 10s)  35% completed  (67% total)
     Speed:     ev/sec=31846.8   simsec/sec=4.26083   ev/simsec=7474.31
     Messages:  created: 1528881   present: 9393   in FES: 173
** Event #1740544   t=188.099756835425   Elapsed: 72.3276s (1m 12s)  37% completed  (68% total)
     Speed:     ev/sec=32210.4   simsec/sec=4.2424   ev/simsec=7592.5
     Messages:  created: 1589477   present: 10338   in FES: 154
** Event #1802240   t=196.55892786827   Elapsed: 74.3338s (1m 14s)  39% completed  (69% total)
     Speed:     ev/sec=30753.3   simsec/sec=4.2166   ev/simsec=7293.39
     Messages:  created: 1646429   present: 11358   in FES: 154
** Event #1858560   t=203.59491245916   Elapsed: 76.3389s (1m 16s)  40% completed  (70% total)
     Speed:     ev/sec=28088   simsec/sec=3.509   ev/simsec=8004.57
     Messages:  created: 1698062   present: 12125   in FES: 128
** Event #1899776   t=208.082423444636   Elapsed: 78.3405s (1m 18s)  41% completed  (70% total)
     Speed:     ev/sec=20591.7   simsec/sec=2.24198   ev/simsec=9184.6
     Messages:  created: 1732505   present: 12740   in FES: 154
** Event #1942272   t=213.028170075733   Elapsed: 80.3437s (1m 20s)  42% completed  (71% total)
     Speed:     ev/sec=21214.1   simsec/sec=2.46892   ev/simsec=8592.43
     Messages:  created: 1768206   present: 13242   in FES: 123
** Event #1991936   t=218.082892316028   Elapsed: 82.3441s (1m 22s)  43% completed  (71% total)
     Speed:     ev/sec=24826.7   simsec/sec=2.52682   ev/simsec=9825.27
     Messages:  created: 1809967   present: 13902   in FES: 140
** Event #2033920   t=222.604971393149   Elapsed: 84.3507s (1m 24s)  44% completed  (72% total)
     Speed:     ev/sec=20923.7   simsec/sec=2.25369   ev/simsec=9284.23
     Messages:  created: 1845077   present: 14578   in FES: 182
** Event #2082304   t=228.030979885447   Elapsed: 86.3544s (1m 26s)  45% completed  (72% total)
     Speed:     ev/sec=24146.2   simsec/sec=2.70787   ev/simsec=8917.05
     Messages:  created: 1885367   present: 15148   in FES: 177
** Event #2126080   t=232.083637484994   Elapsed: 88.3573s (1m 28s)  46% completed  (73% total)
     Speed:     ev/sec=21856.8   simsec/sec=2.02344   ev/simsec=10801.8
     Messages:  created: 1923838   present: 15627   in FES: 184
** Event #2180096   t=238.036693630148   Elapsed: 90.3611s (1m 30s)  47% completed  (73% total)
     Speed:     ev/sec=26956.6   simsec/sec=2.97086   ev/simsec=9073.66
     Messages:  created: 1975678   present: 1574   in FES: 146
** Event #2237952   t=245.555983379603   Elapsed: 92.3614s (1m 32s)  49% completed  (74% total)
     Speed:     ev/sec=28924.3   simsec/sec=3.75917   ev/simsec=7694.34
     Messages:  created: 2028850   present: 2486   in FES: 152
** Event #2293760   t=252.539135706656   Elapsed: 94.3667s (1m 34s)  50% completed  (75% total)
     Speed:     ev/sec=27830.2   simsec/sec=3.48235   ev/simsec=7991.81
     Messages:  created: 2078886   present: 3286   in FES: 136
** Event #2340608   t=257.566309788811   Elapsed: 96.3793s (1m 36s)  51% completed  (75% total)
     Speed:     ev/sec=23276.6   simsec/sec=2.49777   ev/simsec=9318.95
     Messages:  created: 2118977   present: 3906   in FES: 141
** Event #2387200   t=262.540639454518   Elapsed: 98.3856s (1m 38s)  52% completed  (76% total)
     Speed:     ev/sec=23222.8   simsec/sec=2.47935   ev/simsec=9366.49
     Messages:  created: 2159243   present: 4414   in FES: 124
** Event #2430976   t=267.003499158759   Elapsed: 100.387s (1m 40s)  53% completed  (76% total)
     Speed:     ev/sec=21869.6   simsec/sec=2.22956   ev/simsec=9808.96
     Messages:  created: 2197294   present: 4994   in FES: 146
** Event #2480384   t=272.003502756083   Elapsed: 102.388s (1m 42s)  54% completed  (77% total)
     Speed:     ev/sec=24700.7   simsec/sec=2.49966   ev/simsec=9881.59
     Messages:  created: 2240064   present: 5516   in FES: 126
** Event #2531840   t=276.043748515957   Elapsed: 104.392s (1m 44s)  55% completed  (77% total)
     Speed:     ev/sec=25665.6   simsec/sec=2.01522   ev/simsec=12735.9
     Messages:  created: 2289118   present: 5989   in FES: 135
** Event #2584320   t=278.604971030145   Elapsed: 106.405s (1m 46s)  55% completed  (77% total)
     Speed:     ev/sec=26071.6   simsec/sec=1.27239   ev/simsec=20490.2
     Messages:  created: 2346621   present: 6246   in FES: 148
** Event #2637056   t=281.608553707596   Elapsed: 108.411s (1m 48s)  56% completed  (78% total)
     Speed:     ev/sec=26298.9   simsec/sec=1.49785   ev/simsec=17557.7
     Messages:  created: 2403038   present: 6506   in FES: 136
** Event #2685952   t=286.572996852723   Elapsed: 110.424s (1m 50s)  57% completed  (78% total)
     Speed:     ev/sec=24288.4   simsec/sec=2.46602   ev/simsec=9849.24
     Messages:  created: 2445279   present: 7104   in FES: 145
** Event #2737664   t=292.099808206226   Elapsed: 112.427s (1m 52s)  58% completed  (79% total)
     Speed:     ev/sec=25815.7   simsec/sec=2.75909   ev/simsec=9356.57
     Messages:  created: 2489006   present: 7767   in FES: 147
** Event #2783744   t=298.045665350163   Elapsed: 114.429s (1m 54s)  59% completed  (79% total)
     Speed:     ev/sec=23011.7   simsec/sec=2.96927   ev/simsec=7749.93
     Messages:  created: 2529844   present: 8441   in FES: 131
** Event #2841856   t=305.556150105179   Elapsed: 116.435s (1m 56s)  61% completed  (80% total)
     Speed:     ev/sec=28969   simsec/sec=3.744   ev/simsec=7737.45
     Messages:  created: 2582806   present: 9384   in FES: 148
** Event #2904320   t=313.559502753338   Elapsed: 118.442s (1m 58s)  62% completed  (81% total)
     Speed:     ev/sec=31128.5   simsec/sec=3.98841   ev/simsec=7804.73
     Messages:  created: 2639713   present: 10350   in FES: 147
** Event #2972672   t=322.533006388444   Elapsed: 120.45s (2m 00s)  64% completed  (82% total)
     Speed:     ev/sec=34043   simsec/sec=4.46929   ev/simsec=7617.09
     Messages:  created: 2701852   present: 11394   in FES: 138
** Event #3038208   t=331.038361100398   Elapsed: 122.452s (2m 02s)  66% completed  (83% total)
     Speed:     ev/sec=32735.7   simsec/sec=4.24848   ev/simsec=7705.26
     Messages:  created: 2761928   present: 12428   in FES: 140
** Event #3106048   t=340.045661007353   Elapsed: 124.453s (2m 04s)  68% completed  (84% total)
     Speed:     ev/sec=33899.6   simsec/sec=4.50095   ev/simsec=7531.67
     Messages:  created: 2824252   present: 13536   in FES: 150
** Event #3173888   t=348.572999653178   Elapsed: 126.459s (2m 06s)  69% completed  (84% total)
     Speed:     ev/sec=33810.9   simsec/sec=4.24995   ev/simsec=7955.59
     Messages:  created: 2885451   present: 14512   in FES: 137
** Event #3217664   t=353.520431376007   Elapsed: 128.46s (2m 08s)  70% completed  (85% total)
     Speed:     ev/sec=21883.3   simsec/sec=2.47318   ev/simsec=8848.23
     Messages:  created: 2921312   present: 15073   in FES: 124
** Event #3265536   t=358.559502538917   Elapsed: 130.465s (2m 10s)  71% completed  (85% total)
     Speed:     ev/sec=23872.3   simsec/sec=2.51283   ev/simsec=9500.16
     Messages:  created: 2960636   present: 15789   in FES: 182
** Event #3309568   t=363.509602616072   Elapsed: 132.473s (2m 12s)  72% completed  (86% total)
     Speed:     ev/sec=21929   simsec/sec=2.46527   ev/simsec=8895.17
     Messages:  created: 2996651   present: 1397   in FES: 150
** Event #3357696   t=368.538084544387   Elapsed: 134.474s (2m 14s)  73% completed  (86% total)
     Speed:     ev/sec=24049.1   simsec/sec=2.51268   ev/simsec=9571.08
     Messages:  created: 3036012   present: 1985   in FES: 143
** Event #3404544   t=373.559424448821   Elapsed: 136.483s (2m 16s)  74% completed  (87% total)
     Speed:     ev/sec=23322.4   simsec/sec=2.49978   ev/simsec=9329.78
     Messages:  created: 3074580   present: 2525   in FES: 124
** Event #3451392   t=378.579049851245   Elapsed: 138.498s (2m 18s)  75% completed  (87% total)
     Speed:     ev/sec=23254.4   simsec/sec=2.49164   ev/simsec=9332.97
     Messages:  created: 3113397   present: 3203   in FES: 154
** Event #3504896   t=385.04215449324   Elapsed: 140.5s (2m 20s)  77% completed  (88% total)
     Speed:     ev/sec=26720.2   simsec/sec=3.22771   ev/simsec=8278.37
     Messages:  created: 3159044   present: 3979   in FES: 147
** Event #3567616   t=390.529170098232   Elapsed: 142.501s (2m 22s)  78% completed  (89% total)
     Speed:     ev/sec=31352.1   simsec/sec=2.74282   ev/simsec=11430.6
     Messages:  created: 3225999   present: 4555   in FES: 154
** Event #3638784   t=395.036693540555   Elapsed: 144.501s (2m 24s)  79% completed  (89% total)
     Speed:     ev/sec=35576.2   simsec/sec=2.25327   ev/simsec=15788.7
     Messages:  created: 3307457   present: 4951   in FES: 150
** Event #3699200   t=397.198325309124   Elapsed: 146.505s (2m 26s)  79% completed  (89% total)
     Speed:     ev/sec=30142.2   simsec/sec=1.07846   ev/simsec=27949.3
     Messages:  created: 3380207   present: 5029   in FES: 155
** Event #3765504   t=399.512771329013   Elapsed: 148.518s (2m 28s)  79% completed  (89% total)
     Speed:     ev/sec=32943.3   simsec/sec=1.14994   ev/simsec=28647.9
     Messages:  created: 3461109   present: 5157   in FES: 154
** Event #3834112   t=401.651680839581   Elapsed: 150.523s (2m 30s)  80% completed  (90% total)
     Speed:     ev/sec=34219.5   simsec/sec=1.06682   ev/simsec=32076.2
     Messages:  created: 3542481   present: 5173   in FES: 144
** Event #3894272   t=403.600959060438   Elapsed: 152.531s (2m 32s)  80% completed  (90% total)
     Speed:     ev/sec=29958   simsec/sec=0.970686   ev/simsec=30862.7
     Messages:  created: 3614955   present: 5347   in FES: 154
** Event #3958016   t=405.592599391633   Elapsed: 154.537s (2m 34s)  81% completed  (90% total)
     Speed:     ev/sec=31779.3   simsec/sec=0.992923   ev/simsec=32005.8
     Messages:  created: 3691609   present: 5420   in FES: 142
** Event #4021760   t=406.054037708783   Elapsed: 156.545s (2m 36s)  81% completed  (90% total)
     Speed:     ev/sec=31742.6   simsec/sec=0.229782   ev/simsec=138142
     Messages:  created: 3776930   present: 5540   in FES: 154
** Event #4082176   t=406.19504050358   Elapsed: 158.55s (2m 38s)  81% completed  (90% total)
     Speed:     ev/sec=30128.5   simsec/sec=0.0703158   ev/simsec=428474
     Messages:  created: 3858934   present: 5488   in FES: 150
** Event #4146944   t=406.353486000481   Elapsed: 160.552s (2m 40s)  81% completed  (90% total)
     Speed:     ev/sec=32364.8   simsec/sec=0.0791757   ev/simsec=408771
     Messages:  created: 3947802   present: 5561   in FES: 154
** Event #4212992   t=406.513172631817   Elapsed: 162.553s (2m 42s)  81% completed  (90% total)
     Speed:     ev/sec=33002.8   simsec/sec=0.079792   ev/simsec=413610
     Messages:  created: 4038573   present: 5551   in FES: 174
** Event #4276224   t=407.036693585619   Elapsed: 164.553s (2m 44s)  81% completed  (90% total)
     Speed:     ev/sec=31614.6   simsec/sec=0.261749   ev/simsec=120782
     Messages:  created: 4121489   present: 5504   in FES: 148
** Event #4318464   t=409.55824486626   Elapsed: 166.555s (2m 46s)  81% completed  (90% total)
     Speed:     ev/sec=21102.9   simsec/sec=1.25975   ev/simsec=16751.6
     Messages:  created: 4162570   present: 5732   in FES: 154
** Event #4351232   t=412.509501440663   Elapsed: 168.556s (2m 48s)  82% completed  (91% total)
     Speed:     ev/sec=16369   simsec/sec=1.47427   ev/simsec=11103.1
     Messages:  created: 4187937   present: 6107   in FES: 154
** Event #4379648   t=414.601995310803   Elapsed: 170.565s (2m 50s)  82% completed  (91% total)
     Speed:     ev/sec=14146.8   simsec/sec=1.04174   ev/simsec=13580
     Messages:  created: 4209253   present: 6319   in FES: 138
** Event #4414208   t=417.547472131117   Elapsed: 172.57s (2m 52s)  83% completed  (91% total)
     Speed:     ev/sec=17240.2   simsec/sec=1.46935   ev/simsec=11733.2
     Messages:  created: 4235273   present: 6653   in FES: 128
** Event #4450048   t=420.547471279798   Elapsed: 174.605s (2m 54s)  84% completed  (92% total)
     Speed:     ev/sec=17612.8   simsec/sec=1.47429   ev/simsec=11946.7
     Messages:  created: 4262181   present: 7043   in FES: 138
** Event #4485120   t=423.547351895034   Elapsed: 176.61s (2m 56s)  84% completed  (92% total)
     Speed:     ev/sec=17488.4   simsec/sec=1.49587   ev/simsec=11691.1
     Messages:  created: 4288743   present: 7421   in FES: 144
** Event #4516608   t=426.069973698343   Elapsed: 178.617s (2m 58s)  85% completed  (92% total)
     Speed:     ev/sec=15688.3   simsec/sec=1.25685   ev/simsec=12482.3
     Messages:  created: 4311810   present: 7704   in FES: 140
** Event #4545536   t=428.542300222291   Elapsed: 180.644s (3m 00s)  85% completed  (92% total)
     Speed:     ev/sec=14269.7   simsec/sec=1.21956   ev/simsec=11700.7
     Messages:  created: 4332253   present: 8024   in FES: 147
** Event #4571904   t=430.556201981807   Elapsed: 182.649s (3m 02s)  86% completed  (93% total)
     Speed:     ev/sec=13155.1   simsec/sec=1.00474   ev/simsec=13093
     Messages:  created: 4351165   present: 8278   in FES: 149
** Event #4601088   t=433.546729755036   Elapsed: 184.677s (3m 04s)  86% completed  (93% total)
     Speed:     ev/sec=14388.9   simsec/sec=1.47445   ev/simsec=9758.81
     Messages:  created: 4374123   present: 8597   in FES: 138
** Event #4647936   t=438.555502533563   Elapsed: 186.688s (3m 06s)  87% completed  (93% total)
     Speed:     ev/sec=23300.4   simsec/sec=2.49117   ev/simsec=9353.19
     Messages:  created: 4412649   present: 9232   in FES: 151
** Event #4706304   t=444.612754243551   Elapsed: 188.695s (3m 08s)  88% completed  (94% total)
     Speed:     ev/sec=29071   simsec/sec=3.0169   ev/simsec=9636.05
     Messages:  created: 4460568   present: 9952   in FES: 154
** Event #4779264   t=453.056284347599   Elapsed: 190.704s (3m 10s)  90% completed  (95% total)
     Speed:     ev/sec=36314   simsec/sec=4.20256   ev/simsec=8640.94
     Messages:  created: 4523654   present: 10979   in FES: 149
** Event #4846848   t=461.02903922038   Elapsed: 192.71s (3m 12s)  92% completed  (96% total)
     Speed:     ev/sec=33698.1   simsec/sec=3.9753   ev/simsec=8476.87
     Messages:  created: 4582418   present: 11864   in FES: 128
** Event #4917248   t=468.668379550001   Elapsed: 194.715s (3m 14s)  93% completed  (96% total)
     Speed:     ev/sec=35110   simsec/sec=3.80991   ev/simsec=9215.46
     Messages:  created: 4642682   present: 12761   in FES: 122
** Event #4982272   t=476.556071879036   Elapsed: 196.725s (3m 16s)  95% completed  (97% total)
     Speed:     ev/sec=32356.8   simsec/sec=3.92501   ev/simsec=8243.73
     Messages:  created: 4699064   present: 13711   in FES: 124
** Event #5067008   t=487.536611693764   Elapsed: 198.73s (3m 18s)  97% completed  (98% total)
     Speed:     ev/sec=42263.8   simsec/sec=5.47677   ev/simsec=7716.92
     Messages:  created: 4776525   present: 15147   in FES: 184
** Event #5139456   t=496.575071084659   Elapsed: 200.732s (3m 20s)  99% completed  (99% total)
     Speed:     ev/sec=36180.5   simsec/sec=4.5138   ev/simsec=8015.53
     Messages:  created: 4842670   present: 2143   in FES: 151
** Event #5163769   t=500   Elapsed: 201.268s (3m 21s)  100% completed  (100% total)
     Speed:     ev/sec=45349.5   simsec/sec=6.36542   ev/simsec=7124.36
     Messages:  created: 4864587   present: 2462   in FES: 122

<!> Simulation time limit reached -- at t=500s, event #5163769
undisposed object: (omnetpp::cMessage) FanetSarNetwork.groundStation.app.debugTimer -- check module destructor
undisposed object: (omnetpp::cMessage) FanetSarNetwork.uav[0].app.debugTimer -- check module destructor
undisposed object: (omnetpp::cMessage) FanetSarNetwork.uav[1].app.debugTimer -- check module destructor
undisposed object: (omnetpp::cMessage) FanetSarNetwork.uav[2].app.debugTimer -- check module destructor
undisposed object: (omnetpp::cMessage) FanetSarNetwork.uav[3].app.debugTimer -- check module destructor
undisposed object: (omnetpp::cMessage) FanetSarNetwork.uav[4].app.debugTimer -- check module destructor
undisposed object: (omnetpp::cMessage) FanetSarNetwork.uav[5].app.debugTimer -- check module destructor
undisposed object: (omnetpp::cMessage) FanetSarNetwork.uav[6].app.debugTimer -- check module destructor
undisposed object: (omnetpp::cMessage) FanetSarNetwork.uav[7].app.debugTimer -- check module destructor
undisposed object: (omnetpp::cMessage) FanetSarNetwork.uav[8].app.debugTimer -- check module destructor
undisposed object: (omnetpp::cMessage) FanetSarNetwork.uav[9].app.debugTimer -- check module destructor
undisposed object: (omnetpp::cMessage) FanetSarNetwork.uav[10].app.debugTimer -- check module destructor
undisposed object: (omnetpp::cMessage) FanetSarNetwork.uav[11].app.debugTimer -- check module destructor
undisposed object: (omnetpp::cMessage) FanetSarNetwork.uav[12].app.debugTimer -- check module destructor
undisposed object: (omnetpp::cMessage) FanetSarNetwork.uav[13].app.debugTimer -- check module destructor
undisposed object: (omnetpp::cMessage) FanetSarNetwork.uav[14].app.debugTimer -- check module destructor
undisposed object: (omnetpp::cMessage) FanetSarNetwork.uav[15].app.debugTimer -- check module destructor
undisposed object: (omnetpp::cMessage) FanetSarNetwork.uav[16].app.debugTimer -- check module destructor
undisposed object: (omnetpp::cMessage) FanetSarNetwork.uav[17].app.debugTimer -- check module destructor
undisposed object: (omnetpp::cMessage) FanetSarNetwork.uav[18].app.debugTimer -- check module destructor
undisposed object: (omnetpp::cMessage) FanetSarNetwork.uav[19].app.debugTimer -- check module destructor
undisposed object: (omnetpp::cMessage) FanetSarNetwork.uav[20].app.debugTimer -- check module destructor
undisposed object: (omnetpp::cMessage) FanetSarNetwork.uav[21].app.debugTimer -- check module destructor
undisposed object: (omnetpp::cMessage) FanetSarNetwork.uav[22].app.debugTimer -- check module destructor
undisposed object: (omnetpp::cMessage) FanetSarNetwork.uav[23].app.debugTimer -- check module destructor
undisposed object: (omnetpp::cMessage) FanetSarNetwork.uav[24].app.debugTimer -- check module destructor
undisposed object: (omnetpp::cMessage) FanetSarNetwork.uav[25].app.debugTimer -- check module destructor
undisposed object: (omnetpp::cMessage) FanetSarNetwork.uav[26].app.debugTimer -- check module destructor
undisposed object: (omnetpp::cMessage) FanetSarNetwork.uav[27].app.debugTimer -- check module destructor
undisposed object: (omnetpp::cMessage) FanetSarNetwork.uav[28].app.debugTimer -- check module destructor
undisposed object: (omnetpp::cMessage) FanetSarNetwork.uav[29].app.debugTimer -- check module destructor
