** Event #0   t=0   Elapsed: 7e-06s (0m 00s)  0% completed  (50% total)
     Speed:     ev/sec=0   simsec/sec=0   ev/simsec=0
     Messages:  created: 1938   present: 1938   in FES: 306
** Event #45568   t=1.509575429597   Elapsed: 2.0449s (0m 02s)  0% completed  (50% total)
     Speed:     ev/sec=22284.3   simsec/sec=0.738218   ev/simsec=30186.6
     Messages:  created: 37682   present: 1946   in FES: 238
** Event #68608   t=2.083010977775   Elapsed: 4.04632s (0m 04s)  0% completed  (50% total)
     Speed:     ev/sec=11511.8   simsec/sec=0.286514   ev/simsec=40178.9
     Messages:  created: 56932   present: 1941   in FES: 236
** Event #90112   t=3.045709862841   Elapsed: 6.04855s (0m 06s)  0% completed  (50% total)
     Speed:     ev/sec=10740   simsec/sec=0.480812   ev/simsec=22337.2
     Messages:  created: 74991   present: 1962   in FES: 254
** Event #109312   t=3.574012498147   Elapsed: 8.07821s (0m 08s)  0% completed  (50% total)
     Speed:     ev/sec=9459.73   simsec/sec=0.260292   ev/simsec=36342.8
     Messages:  created: 90562   present: 1861   in FES: 210
** Event #134912   t=4.551002962995   Elapsed: 10.1225s (0m 10s)  0% completed  (50% total)
     Speed:     ev/sec=12522.7   simsec/sec=0.477913   ev/simsec=26202.9
     Messages:  created: 111282   present: 1920   in FES: 231
** Event #159744   t=5.522649600017   Elapsed: 12.1459s (0m 12s)  1% completed  (50% total)
     Speed:     ev/sec=12272.6   simsec/sec=0.480212   ev/simsec=25556.6
     Messages:  created: 131190   present: 1919   in FES: 220
** Event #187136   t=6.521113788148   Elapsed: 14.1649s (0m 14s)  1% completed  (50% total)
     Speed:     ev/sec=13566.5   simsec/sec=0.494513   ev/simsec=27434.1
     Messages:  created: 153128   present: 1981   in FES: 242
** Event #215040   t=7.520841720158   Elapsed: 16.1695s (0m 16s)  1% completed  (50% total)
     Speed:     ev/sec=13920   simsec/sec=0.498719   ev/simsec=27911.6
     Messages:  created: 175378   present: 1875   in FES: 208
** Event #242944   t=8.522129903654   Elapsed: 18.1893s (0m 18s)  1% completed  (50% total)
     Speed:     ev/sec=13815.4   simsec/sec=0.495741   ev/simsec=27868.1
     Messages:  created: 198040   present: 1906   in FES: 217
** Event #267520   t=9.511993905243   Elapsed: 20.2023s (0m 20s)  1% completed  (50% total)
     Speed:     ev/sec=12208.7   simsec/sec=0.491737   ev/simsec=24827.7
     Messages:  created: 217478   present: 1977   in FES: 248
** Event #290816   t=10.077416640357   Elapsed: 22.2058s (0m 22s)  2% completed  (51% total)
     Speed:     ev/sec=11627.6   simsec/sec=0.282216   ev/simsec=41201
     Messages:  created: 236398   present: 1903   in FES: 224
** Event #310016   t=11.014804375785   Elapsed: 24.2113s (0m 24s)  2% completed  (51% total)
     Speed:     ev/sec=9573.76   simsec/sec=0.467413   ev/simsec=20482.5
     Messages:  created: 252090   present: 1982   in FES: 247
** Event #335360   t=11.9   Elapsed: 26.2332s (0m 26s)  2% completed  (51% total)
     Speed:     ev/sec=12534.9   simsec/sec=0.43781   ev/simsec=28631
     Messages:  created: 272724   present: 1836   in FES: 202
** Event #368640   t=13.045079642332   Elapsed: 28.235s (0m 28s)  2% completed  (51% total)
     Speed:     ev/sec=16625   simsec/sec=0.572023   ev/simsec=29063.5
     Messages:  created: 299794   present: 1971   in FES: 246
** Event #389632   t=13.601248410787   Elapsed: 30.2725s (0m 30s)  2% completed  (51% total)
     Speed:     ev/sec=10302.8   simsec/sec=0.272965   ev/simsec=37743.9
     Messages:  created: 316728   present: 1932   in FES: 231
** Event #415488   t=14.600794691655   Elapsed: 32.281s (0m 32s)  2% completed  (51% total)
     Speed:     ev/sec=12873.3   simsec/sec=0.497659   ev/simsec=25867.7
     Messages:  created: 338197   present: 1964   in FES: 254
** Event #439552   t=15.597777306097   Elapsed: 34.2917s (0m 34s)  3% completed  (51% total)
     Speed:     ev/sec=11967.9   simsec/sec=0.495837   ev/simsec=24136.8
     Messages:  created: 358862   present: 1970   in FES: 243
** Event #470528   t=17.061652760072   Elapsed: 36.2922s (0m 36s)  3% completed  (51% total)
     Speed:     ev/sec=15484.5   simsec/sec=0.731771   ev/simsec=21160.3
     Messages:  created: 386212   present: 1982   in FES: 249
** Event #503552   t=18.58189445689   Elapsed: 38.3125s (0m 38s)  3% completed  (51% total)
     Speed:     ev/sec=16345.4   simsec/sec=0.752451   ev/simsec=21722.9
     Messages:  created: 416372   present: 1931   in FES: 232
** Event #545280   t=20.580883276885   Elapsed: 40.3264s (0m 40s)  4% completed  (52% total)
     Speed:     ev/sec=20720.2   simsec/sec=0.992604   ev/simsec=20874.6
     Messages:  created: 455032   present: 1969   in FES: 246
** Event #603904   t=23.556159707057   Elapsed: 42.3295s (0m 42s)  4% completed  (52% total)
     Speed:     ev/sec=29266.3   simsec/sec=1.48532   ev/simsec=19703.7
     Messages:  created: 510332   present: 1953   in FES: 254
** Event #670464   t=27.01992416499   Elapsed: 44.3302s (0m 44s)  5% completed  (52% total)
     Speed:     ev/sec=33268.9   simsec/sec=1.73131   ev/simsec=19216.1
     Messages:  created: 574082   present: 1908   in FES: 221
** Event #753920   t=31.071839401486   Elapsed: 46.3333s (0m 46s)  6% completed  (53% total)
     Speed:     ev/sec=41664.1   simsec/sec=2.02286   ev/simsec=20596.7
     Messages:  created: 654484   present: 1952   in FES: 239
** Event #832768   t=35.077419574915   Elapsed: 48.3362s (0m 48s)  7% completed  (53% total)
     Speed:     ev/sec=39367.4   simsec/sec=1.99991   ev/simsec=19684.5
     Messages:  created: 730244   present: 1851   in FES: 206
** Event #906240   t=39.019922301197   Elapsed: 50.3393s (0m 50s)  7% completed  (53% total)
     Speed:     ev/sec=36678.1   simsec/sec=1.96815   ev/simsec=18635.9
     Messages:  created: 800772   present: 1978   in FES: 245
** Event #966400   t=42.025570023823   Elapsed: 52.344s (0m 52s)  8% completed  (54% total)
     Speed:     ev/sec=30009.4   simsec/sec=1.4993   ev/simsec=20015.7
     Messages:  created: 858586   present: 1911   in FES: 222
** Event #1038592   t=45.580883206441   Elapsed: 54.3453s (0m 54s)  9% completed  (54% total)
     Speed:     ev/sec=36072.4   simsec/sec=1.77649   ev/simsec=20305.4
     Messages:  created: 928138   present: 1990   in FES: 253
** Event #1113344   t=49.526133043329   Elapsed: 56.3455s (0m 56s)  9% completed  (54% total)
     Speed:     ev/sec=37373   simsec/sec=1.97247   ev/simsec=18947.3
     Messages:  created: 999478   present: 1863   in FES: 206
** Event #1179136   t=52.565736550658   Elapsed: 58.3585s (0m 58s)  10% completed  (55% total)
     Speed:     ev/sec=32682.8   simsec/sec=1.50995   ev/simsec=21644.9
     Messages:  created: 1061878   present: 1973   in FES: 244
** Event #1238272   t=55.530035272497   Elapsed: 60.3789s (1m 00s)  11% completed  (55% total)
     Speed:     ev/sec=29270.1   simsec/sec=1.46722   ev/simsec=19949.4
     Messages:  created: 1116652   present: 1983   in FES: 244
** Event #1284608   t=57.54274702988   Elapsed: 62.3835s (1m 02s)  11% completed  (55% total)
     Speed:     ev/sec=23114.4   simsec/sec=1.00403   ev/simsec=23021.7
     Messages:  created: 1159204   present: 1993   in FES: 252
** Event #1330944   t=59.55486839812   Elapsed: 64.4026s (1m 04s)  11% completed  (55% total)
     Speed:     ev/sec=22949.2   simsec/sec=0.99656   ev/simsec=23028.4
     Messages:  created: 1200578   present: 1981   in FES: 248
** Event #1377536   t=61.561715231392   Elapsed: 66.414s (1m 06s)  12% completed  (56% total)
     Speed:     ev/sec=23163.7   simsec/sec=0.997725   ev/simsec=23216.5
     Messages:  created: 1241950   present: 1971   in FES: 244
** Event #1422336   t=63.534376955054   Elapsed: 68.4272s (1m 08s)  12% completed  (56% total)
     Speed:     ev/sec=22253.5   simsec/sec=0.979881   ev/simsec=22710.4
     Messages:  created: 1280496   present: 1980   in FES: 245
** Event #1460736   t=65.04676292162   Elapsed: 70.4288s (1m 10s)  13% completed  (56% total)
     Speed:     ev/sec=19184.9   simsec/sec=0.755598   ev/simsec=25390.3
     Messages:  created: 1313498   present: 1859   in FES: 206
** Event #1496832   t=66.544869602534   Elapsed: 72.4328s (1m 12s)  13% completed  (56% total)
     Speed:     ev/sec=18011.5   simsec/sec=0.747537   ev/simsec=24094.4
     Messages:  created: 1344804   present: 1933   in FES: 228
** Event #1543424   t=68.543571624495   Elapsed: 74.4453s (1m 14s)  13% completed  (56% total)
     Speed:     ev/sec=23151.7   simsec/sec=0.99316   ev/simsec=23311.1
     Messages:  created: 1386190   present: 1932   in FES: 227
** Event #1582592   t=70.065638574694   Elapsed: 76.4491s (1m 16s)  14% completed  (57% total)
     Speed:     ev/sec=19546.6   simsec/sec=0.75958   ev/simsec=25733.4
     Messages:  created: 1420208   present: 1992   in FES: 251
** Event #1620736   t=71.589725774962   Elapsed: 78.4531s (1m 18s)  14% completed  (57% total)
     Speed:     ev/sec=19034.3   simsec/sec=0.760538   ev/simsec=25027.4
     Messages:  created: 1453544   present: 1838   in FES: 203
** Event #1666048   t=73.547978222236   Elapsed: 80.463s (1m 20s)  14% completed  (57% total)
     Speed:     ev/sec=22543.5   simsec/sec=0.974263   ev/simsec=23139
     Messages:  created: 1492718   present: 2008   in FES: 249
** Event #1710592   t=75.533376936576   Elapsed: 82.4736s (1m 22s)  15% completed  (57% total)
     Speed:     ev/sec=22154.9   simsec/sec=0.987479   ev/simsec=22435.8
     Messages:  created: 1531010   present: 1980   in FES: 245
** Event #1752576   t=77.065639766535   Elapsed: 84.474s (1m 24s)  15% completed  (57% total)
     Speed:     ev/sec=20988.4   simsec/sec=0.766001   ev/simsec=27400
     Messages:  created: 1567358   present: 1939   in FES: 234
** Event #1787904   t=78.547731531785   Elapsed: 86.4757s (1m 26s)  15% completed  (57% total)
     Speed:     ev/sec=17648.9   simsec/sec=0.740413   ev/simsec=23836.6
     Messages:  created: 1597407   present: 1992   in FES: 254
** Event #1822976   t=80.039679506157   Elapsed: 88.4759s (1m 28s)  16% completed  (58% total)
     Speed:     ev/sec=17533.9   simsec/sec=0.745884   ev/simsec=23507.5
     Messages:  created: 1627354   present: 1977   in FES: 254
** Event #1861632   t=81.542869464728   Elapsed: 90.4807s (1m 30s)  16% completed  (58% total)
     Speed:     ev/sec=19281.5   simsec/sec=0.749788   ev/simsec=25716
     Messages:  created: 1659915   present: 1935   in FES: 230
** Event #1901824   t=83.071786428918   Elapsed: 92.4822s (1m 32s)  16% completed  (58% total)
     Speed:     ev/sec=20081.3   simsec/sec=0.763899   ev/simsec=26287.9
     Messages:  created: 1694121   present: 1974   in FES: 254
** Event #1935104   t=84.541842679224   Elapsed: 94.4899s (1m 34s)  16% completed  (58% total)
     Speed:     ev/sec=16576.4   simsec/sec=0.732219   ev/simsec=22638.6
     Messages:  created: 1722214   present: 2006   in FES: 253
** Event #1969664   t=86.01625619306   Elapsed: 96.4903s (1m 36s)  17% completed  (58% total)
     Speed:     ev/sec=17276.3   simsec/sec=0.73705   ev/simsec=23439.8
     Messages:  created: 1751392   present: 1929   in FES: 228
** Event #2009600   t=87.542130065622   Elapsed: 98.5045s (1m 38s)  17% completed  (58% total)
     Speed:     ev/sec=19826.8   simsec/sec=0.757541   ev/simsec=26172.5
     Messages:  created: 1785403   present: 1960   in FES: 239
** Event #2039552   t=88.582208960902   Elapsed: 100.526s (1m 40s)  17% completed  (58% total)
     Speed:     ev/sec=14818.5   simsec/sec=0.514571   ev/simsec=28797.8
     Messages:  created: 1810832   present: 1942   in FES: 237
** Event #2081792   t=90.533239617958   Elapsed: 102.552s (1m 42s)  18% completed  (59% total)
     Speed:     ev/sec=20850.6   simsec/sec=0.963074   ev/simsec=21650.1
     Messages:  created: 1846619   present: 1980   in FES: 254
** Event #2110464   t=91.546868903033   Elapsed: 104.58s (1m 44s)  18% completed  (59% total)
     Speed:     ev/sec=14138.2   simsec/sec=0.49982   ev/simsec=28286.5
     Messages:  created: 1870734   present: 1955   in FES: 236
** Event #2140160   t=92.602349996845   Elapsed: 106.584s (1m 46s)  18% completed  (59% total)
     Speed:     ev/sec=14816.2   simsec/sec=0.526609   ev/simsec=28135
     Messages:  created: 1896054   present: 1961   in FES: 242
** Event #2180864   t=94.5323770872   Elapsed: 108.603s (1m 48s)  18% completed  (59% total)
     Speed:     ev/sec=20163.7   simsec/sec=0.956086   ev/simsec=21089.9
     Messages:  created: 1930464   present: 1963   in FES: 240
** Event #2209792   t=95.546874278479   Elapsed: 110.604s (1m 50s)  19% completed  (59% total)
     Speed:     ev/sec=14455   simsec/sec=0.506933   ev/simsec=28514.6
     Messages:  created: 1954770   present: 1879   in FES: 210
** Event #2237952   t=96.582208262439   Elapsed: 112.606s (1m 52s)  19% completed  (59% total)
     Speed:     ev/sec=14063.9   simsec/sec=0.517074   ev/simsec=27199
     Messages:  created: 1978828   present: 1972   in FES: 247
** Event #2281728   t=98.540842902323   Elapsed: 114.627s (1m 54s)  19% completed  (59% total)
     Speed:     ev/sec=21664.1   simsec/sec=0.9693   ev/simsec=22350.3
     Messages:  created: 2015785   present: 1927   in FES: 228
** Event #2311424   t=99.562908778472   Elapsed: 116.649s (1m 56s)  19% completed  (59% total)
     Speed:     ev/sec=14683.7   simsec/sec=0.50538   ev/simsec=29054.9
     Messages:  created: 2041016   present: 1981   in FES: 248
** Event #2342144   t=101.017878964839   Elapsed: 118.653s (1m 58s)  20% completed  (60% total)
     Speed:     ev/sec=15331.1   simsec/sec=0.726116   ev/simsec=21113.8
     Messages:  created: 2066788   present: 2132   in FES: 287
** Event #2379520   t=102.526577872924   Elapsed: 120.669s (2m 00s)  20% completed  (60% total)
     Speed:     ev/sec=18541.6   simsec/sec=0.748441   ev/simsec=24773.7
     Messages:  created: 2098013   present: 2461   in FES: 298
** Event #2410752   t=103.549868587719   Elapsed: 122.67s (2m 02s)  20% completed  (60% total)
     Speed:     ev/sec=15608.6   simsec/sec=0.511403   ev/simsec=30521.1
     Messages:  created: 2123998   present: 2612   in FES: 277
** Event #2448128   t=105.05072552249   Elapsed: 124.67s (2m 04s)  21% completed  (60% total)
     Speed:     ev/sec=18683.6   simsec/sec=0.750252   ev/simsec=24903.1
     Messages:  created: 2155402   present: 2989   in FES: 304
** Event #2483968   t=106.541630879702   Elapsed: 126.7s (2m 06s)  21% completed  (60% total)
     Speed:     ev/sec=17659.1   simsec/sec=0.734599   ev/simsec=24039.1
     Messages:  created: 2185386   present: 3244   in FES: 290
** Event #2515712   t=107.595262335776   Elapsed: 128.704s (2m 08s)  21% completed  (60% total)
     Speed:     ev/sec=15836.1   simsec/sec=0.525625   ev/simsec=30128.2
     Messages:  created: 2211933   present: 3388   in FES: 272
** Event #2560512   t=109.542388140859   Elapsed: 130.71s (2m 10s)  21% completed  (60% total)
     Speed:     ev/sec=22330.3   simsec/sec=0.970533   ev/simsec=23008.3
     Messages:  created: 2249386   present: 2205   in FES: 243
** Event #2592768   t=110.607573984575   Elapsed: 132.711s (2m 12s)  22% completed  (61% total)
     Speed:     ev/sec=16126.9   simsec/sec=0.532558   ev/simsec=30282
     Messages:  created: 2276450   present: 2289   in FES: 204
** Event #2636288   t=112.54186027894   Elapsed: 134.735s (2m 14s)  22% completed  (61% total)
     Speed:     ev/sec=21499.7   simsec/sec=0.955573   ev/simsec=22499.3
     Messages:  created: 2312741   present: 2756   in FES: 227
** Event #2665472   t=113.558331617841   Elapsed: 136.755s (2m 16s)  22% completed  (61% total)
     Speed:     ev/sec=14444.9   simsec/sec=0.503113   ev/simsec=28711.1
     Messages:  created: 2337154   present: 2884   in FES: 204
** Event #2707968   t=115.517976377917   Elapsed: 138.758s (2m 18s)  23% completed  (61% total)
     Speed:     ev/sec=21213.4   simsec/sec=0.978225   ev/simsec=21685.6
     Messages:  created: 2372529   present: 3400   in FES: 254
** Event #2739712   t=116.54786841792   Elapsed: 140.787s (2m 20s)  23% completed  (61% total)
     Speed:     ev/sec=15650.4   simsec/sec=0.507756   ev/simsec=30822.6
     Messages:  created: 2399216   present: 3598   in FES: 239
** Event #2777344   t=118.051220963561   Elapsed: 142.788s (2m 22s)  23% completed  (61% total)
     Speed:     ev/sec=18806   simsec/sec=0.751278   ev/simsec=25032.1
     Messages:  created: 2430782   present: 3907   in FES: 254
** Event #2814464   t=119.543118538261   Elapsed: 144.824s (2m 24s)  23% completed  (61% total)
     Speed:     ev/sec=18226.1   simsec/sec=0.73253   ev/simsec=24881.1
     Messages:  created: 2461843   present: 4146   in FES: 222
** Event #2843392   t=120.571722651542   Elapsed: 146.835s (2m 26s)  24% completed  (62% total)
     Speed:     ev/sec=14391.1   simsec/sec=0.511711   ev/simsec=28123.6
     Messages:  created: 2486160   present: 4416   in FES: 251
** Event #2886400   t=122.528611172996   Elapsed: 148.837s (2m 28s)  24% completed  (62% total)
     Speed:     ev/sec=21474.9   simsec/sec=0.977122   ev/simsec=21977.7
     Messages:  created: 2521970   present: 4809   in FES: 248
** Event #2915584   t=123.542891345274   Elapsed: 150.87s (2m 30s)  24% completed  (62% total)
     Speed:     ev/sec=14355.2   simsec/sec=0.498911   ev/simsec=28773.1
     Messages:  created: 2546343   present: 5018   in FES: 254
** Event #2946304   t=124.595261229676   Elapsed: 152.873s (2m 32s)  24% completed  (62% total)
     Speed:     ev/sec=15336.4   simsec/sec=0.525376   ev/simsec=29191.3
     Messages:  created: 2572037   present: 5165   in FES: 231
** Event #2989824   t=126.535227500489   Elapsed: 154.881s (2m 34s)  25% completed  (62% total)
     Speed:     ev/sec=21674.9   simsec/sec=0.966188   ev/simsec=22433.4
     Messages:  created: 2608276   present: 5560   in FES: 227
** Event #3021056   t=127.562910105188   Elapsed: 156.916s (2m 36s)  25% completed  (62% total)
     Speed:     ev/sec=15349.7   simsec/sec=0.505079   ev/simsec=30390.7
     Messages:  created: 2634407   present: 5742   in FES: 224
** Event #3065344   t=129.533378148853   Elapsed: 158.933s (2m 38s)  25% completed  (62% total)
     Speed:     ev/sec=21960.5   simsec/sec=0.977068   ev/simsec=22475.9
     Messages:  created: 2671438   present: 6183   in FES: 236
** Event #3097088   t=130.571722686014   Elapsed: 160.955s (2m 40s)  26% completed  (63% total)
     Speed:     ev/sec=15697   simsec/sec=0.513449   ev/simsec=30571.7
     Messages:  created: 2698096   present: 6392   in FES: 243
** Event #3140864   t=132.535378359737   Elapsed: 162.977s (2m 42s)  26% completed  (63% total)
     Speed:     ev/sec=21644.9   simsec/sec=0.970921   ev/simsec=22293.1
     Messages:  created: 2735666   present: 6744   in FES: 223
** Event #3213056   t=133.521970866986   Elapsed: 164.991s (2m 44s)  26% completed  (63% total)
     Speed:     ev/sec=35849.5   simsec/sec=0.489928   ev/simsec=73173.1
     Messages:  created: 2824184   present: 6785   in FES: 205
** Event #3274496   t=134.411930095637   Elapsed: 166.994s (2m 46s)  26% completed  (63% total)
     Speed:     ev/sec=30672.2   simsec/sec=0.444287   ev/simsec=69036.9
     Messages:  created: 2898035   present: 6872   in FES: 203
** Event #3345152   t=135.526340827477   Elapsed: 168.999s (2m 48s)  27% completed  (63% total)
     Speed:     ev/sec=35237.8   simsec/sec=0.555783   ev/simsec=63402.1
     Messages:  created: 2983788   present: 7124   in FES: 236
** Event #3412224   t=136.584537600176   Elapsed: 171.004s (2m 51s)  27% completed  (63% total)
     Speed:     ev/sec=33459.4   simsec/sec=0.52789   ev/simsec=63383.3
     Messages:  created: 3063654   present: 7266   in FES: 255
** Event #3498496   t=138.535223395957   Elapsed: 173.015s (2m 53s)  27% completed  (63% total)
     Speed:     ev/sec=42898.7   simsec/sec=0.969977   ev/simsec=44226.5
     Messages:  created: 3166710   present: 7526   in FES: 240
** Event #3579904   t=140.397092610401   Elapsed: 175.018s (2m 55s)  28% completed  (64% total)
     Speed:     ev/sec=40634.3   simsec/sec=0.929341   ev/simsec=43723.8
     Messages:  created: 3262381   present: 7652   in FES: 219
** Event #3663616   t=142.521077961684   Elapsed: 177.031s (2m 57s)  28% completed  (64% total)
     Speed:     ev/sec=41585.5   simsec/sec=1.05513   ev/simsec=39412.7
     Messages:  created: 3359889   present: 7968   in FES: 214
** Event #3744768   t=144.558946768409   Elapsed: 179.04s (2m 59s)  28% completed  (64% total)
     Speed:     ev/sec=40397.4   simsec/sec=1.01445   ev/simsec=39822
     Messages:  created: 3452465   present: 8335   in FES: 240
** Event #3827712   t=146.681794278854   Elapsed: 181.041s (3m 01s)  29% completed  (64% total)
     Speed:     ev/sec=41448.6   simsec/sec=1.06083   ev/simsec=39072
     Messages:  created: 3547630   present: 8625   in FES: 271
** Event #3911936   t=149.01787875457   Elapsed: 183.042s (3m 03s)  29% completed  (64% total)
     Speed:     ev/sec=42106.8   simsec/sec=1.1679   ev/simsec=36053.5
     Messages:  created: 3645361   present: 8979   in FES: 253
** Event #4004096   t=151.497134404779   Elapsed: 185.043s (3m 05s)  30% completed  (65% total)
     Speed:     ev/sec=46049.5   simsec/sec=1.23881   ev/simsec=37172.4
     Messages:  created: 3751671   present: 9276   in FES: 245
** Event #4087552   t=153.570966999021   Elapsed: 187.045s (3m 07s)  30% completed  (65% total)
     Speed:     ev/sec=41687.3   simsec/sec=1.0359   ev/simsec=40242.4
     Messages:  created: 3846836   present: 9556   in FES: 254
** Event #4164608   t=155.583561226438   Elapsed: 189.047s (3m 09s)  31% completed  (65% total)
     Speed:     ev/sec=38493.5   simsec/sec=1.0054   ev/simsec=38286.9
     Messages:  created: 3935326   present: 9849   in FES: 256
** Event #4242176   t=157.591973170837   Elapsed: 191.051s (3m 11s)  31% completed  (65% total)
     Speed:     ev/sec=38710.5   simsec/sec=1.0023   ev/simsec=38621.6
     Messages:  created: 4024508   present: 10146   in FES: 253
** Event #4327424   t=159.996868430787   Elapsed: 193.054s (3m 13s)  31% completed  (65% total)
     Speed:     ev/sec=42552.7   simsec/sec=1.20044   ev/simsec=35447.7
     Messages:  created: 4123511   present: 10443   in FES: 254
** Event #4418816   t=162.252733666558   Elapsed: 195.057s (3m 15s)  32% completed  (66% total)
     Speed:     ev/sec=45616   simsec/sec=1.12596   ev/simsec=40513.1
     Messages:  created: 4227993   present: 10757   in FES: 248
** Event #4506112   t=164.567871825403   Elapsed: 197.07s (3m 17s)  32% completed  (66% total)
     Speed:     ev/sec=43375.7   simsec/sec=1.15035   ev/simsec=37706.6
     Messages:  created: 4328305   present: 10969   in FES: 214
** Event #4587520   t=166.662154986603   Elapsed: 199.072s (3m 19s)  33% completed  (66% total)
     Speed:     ev/sec=40663.6   simsec/sec=1.0461   ev/simsec=38871.5
     Messages:  created: 4421645   present: 11282   in FES: 244
** Event #4680704   t=169.0916947955   Elapsed: 201.073s (3m 21s)  33% completed  (66% total)
     Speed:     ev/sec=46575.5   simsec/sec=1.21434   ev/simsec=38354.6
     Messages:  created: 4529066   present: 11716   in FES: 253
** Event #4771840   t=171.526922790888   Elapsed: 203.075s (3m 23s)  34% completed  (67% total)
     Speed:     ev/sec=45520.3   simsec/sec=1.21634   ev/simsec=37424
     Messages:  created: 4635589   present: 12030   in FES: 250
** Event #4857088   t=173.384255713687   Elapsed: 205.075s (3m 25s)  34% completed  (67% total)
     Speed:     ev/sec=42620.7   simsec/sec=0.928594   ev/simsec=45898.1
     Messages:  created: 4736403   present: 12230   in FES: 255
** Event #4933120   t=174.595328245269   Elapsed: 207.084s (3m 27s)  34% completed  (67% total)
     Speed:     ev/sec=37846   simsec/sec=0.602829   ev/simsec=62780.7
     Messages:  created: 4829440   present: 12436   in FES: 270
** Event #5054208   t=175.340508140457   Elapsed: 209.084s (3m 29s)  35% completed  (67% total)
     Speed:     ev/sec=60531.5   simsec/sec=0.372513   ev/simsec=162495
     Messages:  created: 4994768   present: 12630   in FES: 269
** Event #5158656   t=175.532208305087   Elapsed: 211.092s (3m 31s)  35% completed  (67% total)
     Speed:     ev/sec=52033.7   simsec/sec=0.0955008   ev/simsec=544851
     Messages:  created: 5141115   present: 12653   in FES: 255
** Event #5255680   t=177.007961767843   Elapsed: 213.094s (3m 33s)  35% completed  (67% total)
     Speed:     ev/sec=48457.5   simsec/sec=0.737048   ev/simsec=65745.4
     Messages:  created: 5264990   present: 12749   in FES: 233
** Event #5316608   t=180.010138776572   Elapsed: 215.1s (3m 35s)  36% completed  (68% total)
     Speed:     ev/sec=30370.9   simsec/sec=1.4965   ev/simsec=20294.6
     Messages:  created: 5322546   present: 13382   in FES: 254
** Event #5386240   t=183.095214782079   Elapsed: 217.101s (3m 37s)  36% completed  (68% total)
     Speed:     ev/sec=34802.3   simsec/sec=1.54193   ev/simsec=22570.6
     Messages:  created: 5388372   present: 13955   in FES: 228
** Event #5452032   t=186.522959750931   Elapsed: 219.103s (3m 39s)  37% completed  (68% total)
     Speed:     ev/sec=32852.6   simsec/sec=1.71161   ev/simsec=19194
     Messages:  created: 5449257   present: 14699   in FES: 246
** Event #5495296   t=188.509096781809   Elapsed: 221.108s (3m 41s)  37% completed  (68% total)
     Speed:     ev/sec=21579.3   simsec/sec=0.990648   ev/simsec=21783
     Messages:  created: 5487608   present: 15018   in FES: 224
** Event #5534976   t=190.039728697255   Elapsed: 223.11s (3m 43s)  38% completed  (69% total)
     Speed:     ev/sec=19821.6   simsec/sec=0.764605   ev/simsec=25923.9
     Messages:  created: 5522153   present: 15388   in FES: 245
** Event #5576448   t=191.599355301486   Elapsed: 225.112s (3m 45s)  38% completed  (69% total)
     Speed:     ev/sec=20712.5   simsec/sec=0.77893   ev/simsec=26591
     Messages:  created: 5559117   present: 15659   in FES: 228
** Event #5619968   t=193.557257809073   Elapsed: 227.122s (3m 47s)  38% completed  (69% total)
     Speed:     ev/sec=21654   simsec/sec=0.974181   ev/simsec=22227.9
     Messages:  created: 5596569   present: 16084   in FES: 241
** Event #5670400   t=195.593217404641   Elapsed: 229.131s (3m 49s)  39% completed  (69% total)
     Speed:     ev/sec=25108.3   simsec/sec=1.01363   ev/simsec=24770.6
     Messages:  created: 5640776   present: 16516   in FES: 254
** Event #5718528   t=197.599035808827   Elapsed: 231.135s (3m 51s)  39% completed  (69% total)
     Speed:     ev/sec=24015.8   simsec/sec=1.0009   ev/simsec=23994.2
     Messages:  created: 5683013   present: 16902   in FES: 241
** Event #5771264   t=200.051254268962   Elapsed: 233.136s (3m 53s)  40% completed  (70% total)
     Speed:     ev/sec=26357.6   simsec/sec=1.22563   ev/simsec=21505.4
     Messages:  created: 5730023   present: 17410   in FES: 247
** Event #5818368   t=202.517297883285   Elapsed: 235.15s (3m 55s)  40% completed  (70% total)
     Speed:     ev/sec=23381.3   simsec/sec=1.22408   ev/simsec=19101
     Messages:  created: 5773704   present: 17763   in FES: 204
** Event #5879552   t=205.522361287778   Elapsed: 237.152s (3m 57s)  41% completed  (70% total)
     Speed:     ev/sec=30560.1   simsec/sec=1.50096   ev/simsec=20360.3
     Messages:  created: 5831375   present: 18378   in FES: 208
** Event #5944320   t=208.529848457399   Elapsed: 239.156s (3m 59s)  41% completed  (70% total)
     Speed:     ev/sec=32317.1   simsec/sec=1.50064   ev/simsec=21535.6
     Messages:  created: 5892144   present: 19284   in FES: 300
** Event #5998080   t=211.024039523205   Elapsed: 241.157s (4m 01s)  42% completed  (71% total)
     Speed:     ev/sec=26868.2   simsec/sec=1.24655   ev/simsec=21554.1
     Messages:  created: 5940390   present: 19570   in FES: 235
** Event #6039040   t=212.565233864846   Elapsed: 243.161s (4m 03s)  42% completed  (71% total)
     Speed:     ev/sec=20439.2   simsec/sec=0.769063   ev/simsec=26576.8
     Messages:  created: 5976738   present: 19914   in FES: 248
** Event #6085120   t=214.559399672618   Elapsed: 245.168s (4m 05s)  42% completed  (71% total)
     Speed:     ev/sec=22967.9   simsec/sec=0.993961   ev/simsec=23107.4
     Messages:  created: 6017508   present: 20312   in FES: 247
** Event #6133760   t=217.034649104765   Elapsed: 247.172s (4m 07s)  43% completed  (71% total)
     Speed:     ev/sec=24268.5   simsec/sec=1.235   ev/simsec=19650.5
     Messages:  created: 6062225   present: 20771   in FES: 254
** Event #6185472   t=219.552025684217   Elapsed: 249.175s (4m 09s)  43% completed  (71% total)
     Speed:     ev/sec=25820.4   simsec/sec=1.25695   ev/simsec=20542
     Messages:  created: 6110901   present: 21279   in FES: 254
** Event #6257664   t=223.054801603996   Elapsed: 251.176s (4m 11s)  44% completed  (72% total)
     Speed:     ev/sec=36072.9   simsec/sec=1.75027   ev/simsec=20609.9
     Messages:  created: 6178992   present: 22024   in FES: 254
** Event #6330624   t=226.589897653583   Elapsed: 253.178s (4m 13s)  45% completed  (72% total)
     Speed:     ev/sec=36437.3   simsec/sec=1.76548   ev/simsec=20638.8
     Messages:  created: 6247808   present: 22688   in FES: 257
** Event #6430208   t=227.828208276468   Elapsed: 255.186s (4m 15s)  45% completed  (72% total)
     Speed:     ev/sec=49598   simsec/sec=0.616744   ev/simsec=80419.2
     Messages:  created: 6376765   present: 21691   in FES: 324
** Event #6529280   t=227.971715227472   Elapsed: 257.191s (4m 17s)  45% completed  (72% total)
     Speed:     ev/sec=49407.4   simsec/sec=0.0715673   ev/simsec=690364
     Messages:  created: 6515502   present: 19914   in FES: 285
** Event #6627072   t=228.162196425947   Elapsed: 259.196s (4m 19s)  45% completed  (72% total)
     Speed:     ev/sec=48789.5   simsec/sec=0.0950332   ev/simsec=513395
     Messages:  created: 6647350   present: 19730   in FES: 290
** Event #6703616   t=228.625061608551   Elapsed: 261.197s (4m 21s)  45% completed  (72% total)
     Speed:     ev/sec=38247.2   simsec/sec=0.231283   ev/simsec=165370
     Messages:  created: 6749955   present: 19115   in FES: 341
** Event #6802432   t=228.770589671659   Elapsed: 263.199s (4m 23s)  45% completed  (72% total)
     Speed:     ev/sec=49357.1   simsec/sec=0.0726891   ev/simsec=679017
     Messages:  created: 6887344   present: 16620   in FES: 281
** Event #6907904   t=228.953705675459   Elapsed: 265.202s (4m 25s)  45% completed  (72% total)
     Speed:     ev/sec=52660.7   simsec/sec=0.0914273   ev/simsec=575985
     Messages:  created: 7034179   present: 15666   in FES: 289
** Event #7001856   t=229.089502480943   Elapsed: 267.206s (4m 27s)  45% completed  (72% total)
     Speed:     ev/sec=46889.1   simsec/sec=0.0677728   ev/simsec=691857
     Messages:  created: 7161642   present: 15510   in FES: 279
** Event #7086592   t=229.66193183931   Elapsed: 269.208s (4m 29s)  45% completed  (72% total)
     Speed:     ev/sec=42312.6   simsec/sec=0.28584   ev/simsec=148029
     Messages:  created: 7273839   present: 15488   in FES: 277
** Event #7187456   t=230.295860511241   Elapsed: 271.209s (4m 31s)  46% completed  (73% total)
     Speed:     ev/sec=50401.5   simsec/sec=0.316773   ev/simsec=159109
     Messages:  created: 7408812   present: 15538   in FES: 275
** Event #7264000   t=230.911383328709   Elapsed: 273.212s (4m 33s)  46% completed  (73% total)
     Speed:     ev/sec=38231.1   simsec/sec=0.307433   ev/simsec=124356
     Messages:  created: 7509885   present: 15596   in FES: 292
** Event #7345152   t=231.53273258893   Elapsed: 275.218s (4m 35s)  46% completed  (73% total)
     Speed:     ev/sec=40452.7   simsec/sec=0.309731   ev/simsec=130606
     Messages:  created: 7613684   present: 15576   in FES: 255
** Event #7429376   t=232.230272979265   Elapsed: 277.223s (4m 37s)  46% completed  (73% total)
     Speed:     ev/sec=41999.2   simsec/sec=0.347836   ev/simsec=120744
     Messages:  created: 7721130   present: 15657   in FES: 271
** Event #7503360   t=232.895163197589   Elapsed: 279.224s (4m 39s)  46% completed  (73% total)
     Speed:     ev/sec=36981.8   simsec/sec=0.332353   ev/simsec=111273
     Messages:  created: 7817638   present: 15681   in FES: 272
** Event #7582208   t=233.564438586211   Elapsed: 281.235s (4m 41s)  46% completed  (73% total)
     Speed:     ev/sec=39190.9   simsec/sec=0.332659   ev/simsec=117811
     Messages:  created: 7917442   present: 15724   in FES: 263
** Event #7675904   t=234.396070962047   Elapsed: 283.236s (4m 43s)  46% completed  (73% total)
     Speed:     ev/sec=46836.3   simsec/sec=0.415712   ev/simsec=112665
     Messages:  created: 8038874   present: 15772   in FES: 303
** Event #7749888   t=235.024499558097   Elapsed: 285.239s (4m 45s)  47% completed  (73% total)
     Speed:     ev/sec=36927.9   simsec/sec=0.31367   ev/simsec=117729
     Messages:  created: 8132413   present: 10784   in FES: 233
** Event #7816704   t=235.642251032787   Elapsed: 287.241s (4m 47s)  47% completed  (73% total)
     Speed:     ev/sec=33375.4   simsec/sec=0.308574   ev/simsec=108160
     Messages:  created: 8215639   present: 9888   in FES: 278
** Event #7905536   t=236.550679719435   Elapsed: 289.246s (4m 49s)  47% completed  (73% total)
     Speed:     ev/sec=44322.2   simsec/sec=0.453255   ev/simsec=97786.4
     Messages:  created: 8329281   present: 7329   in FES: 213
** Event #7986432   t=237.375491241216   Elapsed: 291.246s (4m 51s)  47% completed  (73% total)
     Speed:     ev/sec=40433.1   simsec/sec=0.412253   ev/simsec=98078.2
     Messages:  created: 8431572   present: 7364   in FES: 228
** Event #8055296   t=238.208329834189   Elapsed: 293.25s (4m 53s)  47% completed  (73% total)
     Speed:     ev/sec=34376.7   simsec/sec=0.415751   ev/simsec=82685.9
     Messages:  created: 8517187   present: 7496   in FES: 221
** Event #8113664   t=239.03837231234   Elapsed: 295.255s (4m 55s)  47% completed  (73% total)
     Speed:     ev/sec=29102.2   simsec/sec=0.413858   ev/simsec=70319.3
     Messages:  created: 8591118   present: 7612   in FES: 251
** Event #8193536   t=240.255202243239   Elapsed: 297.258s (4m 57s)  48% completed  (74% total)
     Speed:     ev/sec=39881.1   simsec/sec=0.607578   ev/simsec=65639.4
     Messages:  created: 8689362   present: 7748   in FES: 236
** Event #8283904   t=241.528906483234   Elapsed: 299.259s (4m 59s)  48% completed  (74% total)
     Speed:     ev/sec=45149.2   simsec/sec=0.636362   ev/simsec=70949
     Messages:  created: 8804073   present: 7800   in FES: 269
** Event #8380160   t=242.523137120251   Elapsed: 301.266s (5m 01s)  48% completed  (74% total)
     Speed:     ev/sec=47967.4   simsec/sec=0.495457   ev/simsec=96814.6
     Messages:  created: 8930540   present: 7831   in FES: 269
** Event #8462592   t=243.754839244192   Elapsed: 303.269s (5m 03s)  48% completed  (74% total)
     Speed:     ev/sec=41163.7   simsec/sec=0.615069   ev/simsec=66925.3
     Messages:  created: 9031996   present: 7957   in FES: 257
** Event #8540928   t=245.572736652782   Elapsed: 305.27s (5m 05s)  49% completed  (74% total)
     Speed:     ev/sec=39145   simsec/sec=0.908415   ev/simsec=43091.5
     Messages:  created: 9124737   present: 7991   in FES: 252
** Event #8623872   t=248.071785286714   Elapsed: 307.274s (5m 07s)  49% completed  (74% total)
     Speed:     ev/sec=41396.4   simsec/sec=1.24725   ev/simsec=33190.2
     Messages:  created: 9217761   present: 8226   in FES: 260
** Event #8703744   t=250.552434391408   Elapsed: 309.275s (5m 09s)  50% completed  (75% total)
     Speed:     ev/sec=39916.1   simsec/sec=1.23971   ev/simsec=32198
     Messages:  created: 9307592   present: 8560   in FES: 209
** Event #8771584   t=252.56894994196   Elapsed: 311.289s (5m 11s)  50% completed  (75% total)
     Speed:     ev/sec=33681.4   simsec/sec=1.00117   ev/simsec=33642.2
     Messages:  created: 9383429   present: 8997   in FES: 237
** Event #8848128   t=255.012960427094   Elapsed: 313.29s (5m 13s)  51% completed  (75% total)
     Speed:     ev/sec=38240.5   simsec/sec=1.221   ev/simsec=31319
     Messages:  created: 9469957   present: 7507   in FES: 251
** Event #8934400   t=257.552331881662   Elapsed: 315.293s (5m 15s)  51% completed  (75% total)
     Speed:     ev/sec=43087.5   simsec/sec=1.26826   ev/simsec=33973.8
     Messages:  created: 9566391   present: 7919   in FES: 254
** Event #9016832   t=260.045079586289   Elapsed: 317.295s (5m 17s)  52% completed  (76% total)
     Speed:     ev/sec=41170.4   simsec/sec=1.245   ev/simsec=33068.7
     Messages:  created: 9658805   present: 8383   in FES: 250
** Event #9096704   t=262.528248200088   Elapsed: 319.305s (5m 19s)  52% completed  (76% total)
     Speed:     ev/sec=39736.9   simsec/sec=1.23539   ev/simsec=32165.4
     Messages:  created: 9748530   present: 8803   in FES: 244
** Event #9171456   t=264.725958401332   Elapsed: 321.307s (5m 21s)  52% completed  (76% total)
     Speed:     ev/sec=37326.3   simsec/sec=1.09739   ev/simsec=34013.6
     Messages:  created: 9831468   present: 9179   in FES: 254
** Event #9255168   t=267.252697402352   Elapsed: 323.313s (5m 23s)  53% completed  (76% total)
     Speed:     ev/sec=41751.3   simsec/sec=1.26021   ev/simsec=33130.4
     Messages:  created: 9925669   present: 9626   in FES: 270
** Event #9332224   t=269.569775664117   Elapsed: 325.315s (5m 25s)  53% completed  (76% total)
     Speed:     ev/sec=38482.9   simsec/sec=1.15718   ev/simsec=33255.7
     Messages:  created: 10012232   present: 10052   in FES: 254
** Event #9403136   t=271.750797502336   Elapsed: 327.316s (5m 27s)  54% completed  (77% total)
     Speed:     ev/sec=35436.8   simsec/sec=1.08992   ev/simsec=32513.2
     Messages:  created: 10091480   present: 10439   in FES: 255
** Event #9474048   t=274.007910953277   Elapsed: 329.317s (5m 29s)  54% completed  (77% total)
     Speed:     ev/sec=35443.3   simsec/sec=1.12815   ev/simsec=31417.1
     Messages:  created: 10171997   present: 10852   in FES: 254
** Event #9558016   t=276.526971983975   Elapsed: 331.318s (5m 31s)  55% completed  (77% total)
     Speed:     ev/sec=41965.1   simsec/sec=1.25896   ev/simsec=33333.1
     Messages:  created: 10265887   present: 11207   in FES: 225
** Event #9640192   t=279.016258736306   Elapsed: 333.319s (5m 33s)  55% completed  (77% total)
     Speed:     ev/sec=41061.5   simsec/sec=1.24384   ev/simsec=33011.9
     Messages:  created: 10358071   present: 11664   in FES: 231
** Event #9725696   t=281.550134618201   Elapsed: 335.333s (5m 35s)  56% completed  (78% total)
     Speed:     ev/sec=42448.9   simsec/sec=1.25795   ev/simsec=33744.4
     Messages:  created: 10453787   present: 12131   in FES: 240
** Event #9804032   t=284.010191145593   Elapsed: 337.334s (5m 37s)  56% completed  (78% total)
     Speed:     ev/sec=39156.7   simsec/sec=1.22967   ev/simsec=31843.2
     Messages:  created: 10542011   present: 12605   in FES: 247
** Event #9883904   t=286.475957928451   Elapsed: 339.334s (5m 39s)  57% completed  (78% total)
     Speed:     ev/sec=39933   simsec/sec=1.23279   ev/simsec=32392.4
     Messages:  created: 10631131   present: 13000   in FES: 254
** Event #9962240   t=288.676765776308   Elapsed: 341.338s (5m 41s)  57% completed  (78% total)
     Speed:     ev/sec=39078.5   simsec/sec=1.09789   ev/simsec=35594.2
     Messages:  created: 10718225   present: 13385   in FES: 254
** Event #10052096   t=291.523979094662   Elapsed: 343.343s (5m 43s)  58% completed  (79% total)
     Speed:     ev/sec=44828.9   simsec/sec=1.42047   ev/simsec=31559.3
     Messages:  created: 10820149   present: 13906   in FES: 254
** Event #10135040   t=294.019868315613   Elapsed: 345.346s (5m 45s)  58% completed  (79% total)
     Speed:     ev/sec=41416.8   simsec/sec=1.24628   ev/simsec=33232.2
     Messages:  created: 10913073   present: 14336   in FES: 255
** Event #10218752   t=296.535611201927   Elapsed: 347.348s (5m 47s)  59% completed  (79% total)
     Speed:     ev/sec=41811.9   simsec/sec=1.25655   ev/simsec=33275.3
     Messages:  created: 11006781   present: 14793   in FES: 247
** Event #10292992   t=298.7265732778   Elapsed: 349.351s (5m 49s)  59% completed  (79% total)
     Speed:     ev/sec=37065   simsec/sec=1.09386   ev/simsec=33884.7
     Messages:  created: 11089373   present: 15195   in FES: 262
** Event #10366976   t=301.025513081974   Elapsed: 351.353s (5m 51s)  60% completed  (80% total)
     Speed:     ev/sec=36940.6   simsec/sec=1.14787   ev/simsec=32181.8
     Messages:  created: 11172943   present: 15457   in FES: 205
** Event #10450176   t=303.538819519163   Elapsed: 353.356s (5m 53s)  60% completed  (80% total)
     Speed:     ev/sec=41547.4   simsec/sec=1.25506   ev/simsec=33103.8
     Messages:  created: 11266412   present: 15943   in FES: 217
** Event #10525696   t=305.788171981424   Elapsed: 355.357s (5m 55s)  61% completed  (80% total)
     Speed:     ev/sec=37732.1   simsec/sec=1.12385   ev/simsec=33574.1
     Messages:  created: 11350823   present: 16404   in FES: 271
** Event #10603264   t=308.084500919841   Elapsed: 357.359s (5m 57s)  61% completed  (80% total)
     Speed:     ev/sec=38751.6   simsec/sec=1.14721   ev/simsec=33779.1
     Messages:  created: 11437407   present: 16694   in FES: 206
** Event #10690560   t=310.788171624892   Elapsed: 359.362s (5m 59s)  62% completed  (81% total)
     Speed:     ev/sec=43587.2   simsec/sec=1.34995   ev/simsec=32288
     Messages:  created: 11535722   present: 17283   in FES: 271
** Event #10776832   t=313.518999806101   Elapsed: 361.367s (6m 01s)  62% completed  (81% total)
     Speed:     ev/sec=43019.6   simsec/sec=1.36173   ev/simsec=31591.9
     Messages:  created: 11633007   present: 17765   in FES: 243
** Event #10852608   t=315.676991080631   Elapsed: 363.372s (6m 03s)  63% completed  (81% total)
     Speed:     ev/sec=37801.4   simsec/sec=1.07653   ev/simsec=35114.1
     Messages:  created: 11716754   present: 18104   in FES: 248
** Event #10942720   t=318.524854806486   Elapsed: 365.38s (6m 05s)  63% completed  (81% total)
     Speed:     ev/sec=44866.3   simsec/sec=1.41794   ev/simsec=31642
     Messages:  created: 11818858   present: 18539   in FES: 205
** Event #11023616   t=321.007757939674   Elapsed: 367.383s (6m 07s)  64% completed  (82% total)
     Speed:     ev/sec=40388.4   simsec/sec=1.23962   ev/simsec=32581.2
     Messages:  created: 11909882   present: 19135   in FES: 254
** Event #11108608   t=323.535058352853   Elapsed: 369.391s (6m 09s)  64% completed  (82% total)
     Speed:     ev/sec=42333.6   simsec/sec=1.25882   ev/simsec=33629.6
     Messages:  created: 12004853   present: 19566   in FES: 255
** Event #11187712   t=326.003079239953   Elapsed: 371.392s (6m 11s)  65% completed  (82% total)
     Speed:     ev/sec=39521.9   simsec/sec=1.23307   ev/simsec=32051.6
     Messages:  created: 12093689   present: 19970   in FES: 255
** Event #11277056   t=328.565348057102   Elapsed: 373.4s (6m 13s)  65% completed  (82% total)
     Speed:     ev/sec=44498.4   simsec/sec=1.27615   ev/simsec=34869.1
     Messages:  created: 12193486   present: 20432   in FES: 254
** Event #11366656   t=331.288204600091   Elapsed: 375.405s (6m 15s)  66% completed  (83% total)
     Speed:     ev/sec=44702.9   simsec/sec=1.35848   ev/simsec=32906.6
     Messages:  created: 12293954   present: 20830   in FES: 224
** Event #11443456   t=333.587501073423   Elapsed: 377.407s (6m 17s)  66% completed  (83% total)
     Speed:     ev/sec=38350.9   simsec/sec=1.14818   ev/simsec=33401.5
     Messages:  created: 12379866   present: 21286   in FES: 254
** Event #11536896   t=336.530035200621   Elapsed: 379.409s (6m 19s)  67% completed  (83% total)
     Speed:     ev/sec=46666.1   simsec/sec=1.46957   ev/simsec=31754.9
     Messages:  created: 12485226   present: 21841   in FES: 251
** Event #11613440   t=338.755051025396   Elapsed: 381.412s (6m 21s)  67% completed  (83% total)
     Speed:     ev/sec=38229.4   simsec/sec=1.11127   ev/simsec=34401.6
     Messages:  created: 12570660   present: 22194   in FES: 250
** Event #11693056   t=341.09563212002   Elapsed: 383.415s (6m 23s)  68% completed  (84% total)
     Speed:     ev/sec=39750.3   simsec/sec=1.16859   ev/simsec=34015.5
     Messages:  created: 12659430   present: 22564   in FES: 222
** Event #11779840   t=343.976176973783   Elapsed: 385.418s (6m 25s)  68% completed  (84% total)
     Speed:     ev/sec=43324.8   simsec/sec=1.43804   ev/simsec=30127.6
     Messages:  created: 12757447   present: 23137   in FES: 255
** Event #11864320   t=346.504981393814   Elapsed: 387.418s (6m 27s)  69% completed  (84% total)
     Speed:     ev/sec=42224.3   simsec/sec=1.26393   ev/simsec=33407.1
     Messages:  created: 12852744   present: 23601   in FES: 270
** Event #11943680   t=348.788753727593   Elapsed: 389.421s (6m 29s)  69% completed  (84% total)
     Speed:     ev/sec=39630.5   simsec/sec=1.14046   ev/simsec=34749.5
     Messages:  created: 12941163   present: 23986   in FES: 259
** Event #12033024   t=351.543747081593   Elapsed: 391.422s (6m 31s)  70% completed  (85% total)
     Speed:     ev/sec=44645.7   simsec/sec=1.37669   ev/simsec=32429.8
     Messages:  created: 13041641   present: 24469   in FES: 249
** Event #12119552   t=354.082124275996   Elapsed: 393.422s (6m 33s)  70% completed  (85% total)
     Speed:     ev/sec=43262.9   simsec/sec=1.26916   ev/simsec=34087.9
     Messages:  created: 13138121   present: 24928   in FES: 264
** Event #12198144   t=356.54495843047   Elapsed: 395.437s (6m 35s)  71% completed  (85% total)
     Speed:     ev/sec=39015.3   simsec/sec=1.22262   ev/simsec=31911.2
     Messages:  created: 13226780   present: 21408   in FES: 256
** Event #12276480   t=359.005061695017   Elapsed: 397.441s (6m 37s)  71% completed  (85% total)
     Speed:     ev/sec=39090.3   simsec/sec=1.22761   ev/simsec=31842.6
     Messages:  created: 13314987   present: 21125   in FES: 287
** Event #12350720   t=361.082875287359   Elapsed: 399.441s (6m 39s)  72% completed  (86% total)
     Speed:     ev/sec=37112.2   simsec/sec=1.03869   ev/simsec=35729.9
     Messages:  created: 13397363   present: 21459   in FES: 271
** Event #12426496   t=363.524848431233   Elapsed: 401.448s (6m 41s)  72% completed  (86% total)
     Speed:     ev/sec=37757.9   simsec/sec=1.21679   ev/simsec=31030.6
     Messages:  created: 13483031   present: 13270   in FES: 253
** Event #12503296   t=365.753263949036   Elapsed: 403.449s (6m 43s)  73% completed  (86% total)
     Speed:     ev/sec=38375   simsec/sec=1.11348   ev/simsec=34463.9
     Messages:  created: 13568489   present: 13585   in FES: 250
** Event #12591104   t=368.523975629466   Elapsed: 405.464s (6m 45s)  73% completed  (86% total)
     Speed:     ev/sec=43580.9   simsec/sec=1.37516   ev/simsec=31691.5
     Messages:  created: 13667615   present: 14022   in FES: 219
** Event #12663040   t=370.573484818462   Elapsed: 407.465s (6m 47s)  74% completed  (87% total)
     Speed:     ev/sec=35951.7   simsec/sec=1.02429   ev/simsec=35099.1
     Messages:  created: 13747754   present: 13510   in FES: 263
** Event #12746240   t=373.082128995359   Elapsed: 409.467s (6m 49s)  74% completed  (87% total)
     Speed:     ev/sec=41554.8   simsec/sec=1.25296   ev/simsec=33165.3
     Messages:  created: 13840885   present: 9807   in FES: 234
** Event #12825344   t=375.550316835024   Elapsed: 411.472s (6m 51s)  75% completed  (87% total)
     Speed:     ev/sec=39462.7   simsec/sec=1.23131   ev/simsec=32049.4
     Messages:  created: 13930074   present: 7754   in FES: 243
** Event #12908800   t=378.050630007253   Elapsed: 413.473s (6m 53s)  75% completed  (87% total)
     Speed:     ev/sec=41702.9   simsec/sec=1.2494   ev/simsec=33378.2
     Messages:  created: 14023557   present: 8244   in FES: 257
** Event #12991232   t=380.563598722845   Elapsed: 415.477s (6m 55s)  76% completed  (88% total)
     Speed:     ev/sec=41131.3   simsec/sec=1.2539   ev/simsec=32802.6
     Messages:  created: 14116032   present: 5589   in FES: 255
** Event #13069056   t=383.014152392228   Elapsed: 417.482s (6m 57s)  76% completed  (88% total)
     Speed:     ev/sec=38816.3   simsec/sec=1.22226   ev/simsec=31757.7
     Messages:  created: 14203733   present: 6055   in FES: 254
** Event #13156864   t=385.568848581999   Elapsed: 419.492s (6m 59s)  77% completed  (88% total)
     Speed:     ev/sec=43672.3   simsec/sec=1.27061   ev/simsec=34371.2
     Messages:  created: 14301571   present: 6363   in FES: 205
** Event #13244928   t=388.25110662959   Elapsed: 421.495s (7m 01s)  77% completed  (88% total)
     Speed:     ev/sec=43970.6   simsec/sec=1.33926   ev/simsec=32832
     Messages:  created: 14400117   present: 6872   in FES: 215
** Event #13326336   t=390.726177024851   Elapsed: 423.496s (7m 03s)  78% completed  (89% total)
     Speed:     ev/sec=40691.2   simsec/sec=1.23715   ev/simsec=32891.2
     Messages:  created: 14491184   present: 7386   in FES: 256
** Event #13411840   t=393.255411090018   Elapsed: 425.499s (7m 05s)  78% completed  (89% total)
     Speed:     ev/sec=42680.5   simsec/sec=1.2625   ev/simsec=33806.3
     Messages:  created: 14586994   present: 7882   in FES: 261
** Event #13474816   t=395.068850251461   Elapsed: 427.501s (7m 07s)  79% completed  (89% total)
     Speed:     ev/sec=31466.2   simsec/sec=0.906093   ev/simsec=34727.4
     Messages:  created: 14655907   present: 8139   in FES: 237
** Event #13528576   t=396.556345400162   Elapsed: 429.52s (7m 09s)  79% completed  (89% total)
     Speed:     ev/sec=26625.8   simsec/sec=0.736713   ev/simsec=36141.3
     Messages:  created: 14713374   present: 8431   in FES: 246
** Event #13583872   t=398.058948317255   Elapsed: 431.526s (7m 11s)  79% completed  (89% total)
     Speed:     ev/sec=27562.2   simsec/sec=0.748969   ev/simsec=36800.1
     Messages:  created: 14771403   present: 8690   in FES: 254
** Event #13635072   t=399.525181601869   Elapsed: 433.528s (7m 13s)  79% completed  (89% total)
     Speed:     ev/sec=25567.5   simsec/sec=0.732185   ev/simsec=34919.4
     Messages:  created: 14825282   present: 8974   in FES: 252
** Event #13677824   t=400.549670484524   Elapsed: 435.532s (7m 15s)  80% completed  (90% total)
     Speed:     ev/sec=21336   simsec/sec=0.511287   ev/simsec=41730.1
     Messages:  created: 14869643   present: 9119   in FES: 243
** Event #13722112   t=401.750921479824   Elapsed: 437.533s (7m 17s)  80% completed  (90% total)
     Speed:     ev/sec=22132.5   simsec/sec=0.600315   ev/simsec=36868.2
     Messages:  created: 14915629   present: 9239   in FES: 229
** Event #13785856   t=403.530187417946   Elapsed: 439.559s (7m 19s)  80% completed  (90% total)
     Speed:     ev/sec=31465.3   simsec/sec=0.878281   ev/simsec=35826
     Messages:  created: 14983166   present: 9666   in FES: 255
** Event #13836288   t=404.927204632903   Elapsed: 441.559s (7m 21s)  80% completed  (90% total)
     Speed:     ev/sec=25213.8   simsec/sec=0.698447   ev/simsec=36099.8
     Messages:  created: 15036805   present: 9896   in FES: 254
** Event #13898752   t=406.533322873586   Elapsed: 443.581s (7m 23s)  81% completed  (90% total)
     Speed:     ev/sec=30892.1   simsec/sec=0.79432   ev/simsec=38891.3
     Messages:  created: 15102283   present: 10203   in FES: 249
** Event #13946368   t=407.754794910894   Elapsed: 445.583s (7m 25s)  81% completed  (90% total)
     Speed:     ev/sec=23783.5   simsec/sec=0.610107   ev/simsec=38982.5
     Messages:  created: 15152811   present: 10424   in FES: 255
** Event #14009600   t=409.53332286593   Elapsed: 447.591s (7m 27s)  81% completed  (90% total)
     Speed:     ev/sec=31490.4   simsec/sec=0.885731   ev/simsec=35553
     Messages:  created: 15219934   present: 10736   in FES: 252
** Event #14071552   t=411.07736501473   Elapsed: 449.594s (7m 29s)  82% completed  (91% total)
     Speed:     ev/sec=30940.7   simsec/sec=0.77114   ev/simsec=40123.3
     Messages:  created: 15284798   present: 10995   in FES: 254
** Event #14128128   t=412.582840816649   Elapsed: 451.595s (7m 31s)  82% completed  (91% total)
     Speed:     ev/sec=28264.5   simsec/sec=0.752113   ev/simsec=37580.1
     Messages:  created: 15344982   present: 11135   in FES: 204
** Event #14193664   t=414.525182235764   Elapsed: 453.605s (7m 33s)  82% completed  (91% total)
     Speed:     ev/sec=32604.4   simsec/sec=0.966321   ev/simsec=33740.7
     Messages:  created: 15414888   present: 11550   in FES: 233
** Event #14256384   t=416.06884943384   Elapsed: 455.61s (7m 35s)  83% completed  (91% total)
     Speed:     ev/sec=31293.7   simsec/sec=0.770201   ev/simsec=40630.5
     Messages:  created: 15480865   present: 11817   in FES: 231
** Event #14313472   t=417.582983620361   Elapsed: 457.621s (7m 37s)  83% completed  (91% total)
     Speed:     ev/sec=28379.1   simsec/sec=0.752693   ev/simsec=37703.4
     Messages:  created: 15541638   present: 12098   in FES: 231
** Event #14378752   t=419.525181693565   Elapsed: 459.654s (7m 39s)  83% completed  (91% total)
     Speed:     ev/sec=32113.5   simsec/sec=0.955436   ev/simsec=33611.4
     Messages:  created: 15611328   present: 12461   in FES: 243
** Event #14429696   t=420.927384409675   Elapsed: 461.655s (7m 41s)  84% completed  (92% total)
     Speed:     ev/sec=25458.2   simsec/sec=0.700721   ev/simsec=36331.4
     Messages:  created: 15665696   present: 12727   in FES: 254
** Event #14491648   t=422.533322886462   Elapsed: 463.658s (7m 43s)  84% completed  (92% total)
     Speed:     ev/sec=30930.6   simsec/sec=0.801791   ev/simsec=38576.8
     Messages:  created: 15731027   present: 13013   in FES: 247
** Event #14548480   t=424.038964484397   Elapsed: 465.661s (7m 45s)  84% completed  (92% total)
     Speed:     ev/sec=28370.1   simsec/sec=0.751604   ev/simsec=37746
     Messages:  created: 15791540   present: 13138   in FES: 203
** Event #14605568   t=425.549578932318   Elapsed: 467.664s (7m 47s)  85% completed  (92% total)
     Speed:     ev/sec=28506.9   simsec/sec=0.754326   ev/simsec=37791.2
     Messages:  created: 15851809   present: 13538   in FES: 255
** Event #14674944   t=427.525182241426   Elapsed: 469.679s (7m 49s)  85% completed  (92% total)
     Speed:     ev/sec=34424.7   simsec/sec=0.980305   ev/simsec=35116.4
     Messages:  created: 15925692   present: 13827   in FES: 230
** Event #14735616   t=429.055824844966   Elapsed: 471.683s (7m 51s)  85% completed  (92% total)
     Speed:     ev/sec=30283.3   simsec/sec=0.763992   ev/simsec=39638.3
     Messages:  created: 15990191   present: 14130   in FES: 241
** Event #14789888   t=430.53718319026   Elapsed: 473.694s (7m 53s)  86% completed  (93% total)
     Speed:     ev/sec=26975.6   simsec/sec=0.7363   ev/simsec=36636.6
     Messages:  created: 16047369   present: 14733   in FES: 356
** Event #14832640   t=431.564434400603   Elapsed: 475.696s (7m 55s)  86% completed  (93% total)
     Speed:     ev/sec=21358   simsec/sec=0.513193   ev/simsec=41617.9
     Messages:  created: 16091344   present: 14606   in FES: 253
** Event #14874368   t=432.599255962501   Elapsed: 477.705s (7m 57s)  86% completed  (93% total)
     Speed:     ev/sec=20776.4   simsec/sec=0.515239   ev/simsec=40323.9
     Messages:  created: 16134184   present: 14727   in FES: 234
** Event #14917120   t=433.752732543265   Elapsed: 479.708s (7m 59s)  86% completed  (93% total)
     Speed:     ev/sec=21341.8   simsec/sec=0.575816   ev/simsec=37063.6
     Messages:  created: 16178219   present: 14952   in FES: 238
** Event #14954240   t=434.548631919943   Elapsed: 481.733s (8m 01s)  86% completed  (93% total)
     Speed:     ev/sec=18332.4   simsec/sec=0.39307   ev/simsec=46639.1
     Messages:  created: 16215680   present: 14994   in FES: 204
** Event #14991872   t=435.533069141735   Elapsed: 483.749s (8m 03s)  87% completed  (93% total)
     Speed:     ev/sec=18661.4   simsec/sec=0.488174   ev/simsec=38226.9
     Messages:  created: 16253989   present: 15277   in FES: 235
** Event #15031040   t=436.522332536721   Elapsed: 485.768s (8m 05s)  87% completed  (93% total)
     Speed:     ev/sec=19405.5   simsec/sec=0.490124   ev/simsec=39593.1
     Messages:  created: 16293940   present: 15384   in FES: 217
** Event #15049728   t=437.007808418781   Elapsed: 487.772s (8m 07s)  87% completed  (93% total)
     Speed:     ev/sec=9322.07   simsec/sec=0.242168   ev/simsec=38494.2
     Messages:  created: 16313936   present: 15517   in FES: 230
** Event #15082752   t=437.542648523392   Elapsed: 489.789s (8m 09s)  87% completed  (93% total)
     Speed:     ev/sec=16376.5   simsec/sec=0.265226   ev/simsec=61745.6
     Messages:  created: 16345985   present: 15641   in FES: 239
** Event #15121152   t=438.525523951145   Elapsed: 491.835s (8m 11s)  87% completed  (93% total)
     Speed:     ev/sec=18764.4   simsec/sec=0.480288   ev/simsec=39069
     Messages:  created: 16384512   present: 15737   in FES: 218
** Event #15155200   t=439.250349331165   Elapsed: 493.838s (8m 13s)  87% completed  (93% total)
     Speed:     ev/sec=17001.3   simsec/sec=0.361928   ev/simsec=46974.1
     Messages:  created: 16417017   present: 15925   in FES: 261
** Event #15170048   t=439.529956654754   Elapsed: 495.843s (8m 15s)  87% completed  (93% total)
     Speed:     ev/sec=7404.47   simsec/sec=0.139436   ev/simsec=53103
     Messages:  created: 16432098   present: 15957   in FES: 229
** Event #15207936   t=440.515108313616   Elapsed: 497.854s (8m 17s)  88% completed  (94% total)
     Speed:     ev/sec=18843.9   simsec/sec=0.489974   ev/simsec=38459.1
     Messages:  created: 16470606   present: 16119   in FES: 230
** Event #15220736   t=440.726187074728   Elapsed: 499.856s (8m 19s)  88% completed  (94% total)
     Speed:     ev/sec=6394.55   simsec/sec=0.105449   ev/simsec=60640.9
     Messages:  created: 16482737   present: 16180   in FES: 290
** Event #15257856   t=441.524067332665   Elapsed: 501.877s (8m 21s)  88% completed  (94% total)
     Speed:     ev/sec=18367.4   simsec/sec=0.3948   ev/simsec=46523.3
     Messages:  created: 16519616   present: 16316   in FES: 229
** Event #15269376   t=441.750821450769   Elapsed: 503.881s (8m 23s)  88% completed  (94% total)
     Speed:     ev/sec=5746.9   simsec/sec=0.113119   ev/simsec=50803.9
     Messages:  created: 16530044   present: 16376   in FES: 268
** Event #15306496   t=442.529871208211   Elapsed: 505.889s (8m 25s)  88% completed  (94% total)
     Speed:     ev/sec=18486.8   simsec/sec=0.38799   ev/simsec=47647.8
     Messages:  created: 16566941   present: 16554   in FES: 254
** Event #15315456   t=442.559631632172   Elapsed: 507.973s (8m 27s)  88% completed  (94% total)
     Speed:     ev/sec=4299.2   simsec/sec=0.0142797   ev/simsec=301071
     Messages:  created: 16574132   present: 16504   in FES: 254
** Event #15353088   t=443.518368977232   Elapsed: 509.998s (8m 29s)  88% completed  (94% total)
     Speed:     ev/sec=18583.1   simsec/sec=0.473435   ev/simsec=39251.6
     Messages:  created: 16611908   present: 16581   in FES: 206
** Event #15361280   t=443.542901309302   Elapsed: 512s (8m 31s)  88% completed  (94% total)
     Speed:     ev/sec=4092.63   simsec/sec=0.0122561   ev/simsec=333927
     Messages:  created: 16619435   present: 16615   in FES: 216
** Event #15401216   t=444.51940449264   Elapsed: 514.048s (8m 34s)  88% completed  (94% total)
     Speed:     ev/sec=19501.5   simsec/sec=0.476845   ev/simsec=40896.9
     Messages:  created: 16659543   present: 16847   in FES: 238
** Event #15410944   t=444.539900329774   Elapsed: 516.066s (8m 36s)  88% completed  (94% total)
     Speed:     ev/sec=4820.02   simsec/sec=0.0101553   ev/simsec=474633
     Messages:  created: 16668010   present: 16896   in FES: 244
** Event #15452672   t=445.527813445594   Elapsed: 518.098s (8m 38s)  89% completed  (94% total)
     Speed:     ev/sec=20535.3   simsec/sec=0.486175   ev/simsec=42238.5
     Messages:  created: 16709754   present: 17080   in FES: 251
** Event #15460352   t=445.537613353262   Elapsed: 520.168s (8m 40s)  89% completed  (94% total)
     Speed:     ev/sec=3709.18   simsec/sec=0.00473303   ev/simsec=783681
     Messages:  created: 16715152   present: 16999   in FES: 219
** Event #15495168   t=446.250315254431   Elapsed: 522.173s (8m 42s)  89% completed  (94% total)
     Speed:     ev/sec=17369.8   simsec/sec=0.35557   ev/simsec=48850.7
     Messages:  created: 16747223   present: 17143   in FES: 303
** Event #15508736   t=446.529067865406   Elapsed: 524.179s (8m 44s)  89% completed  (94% total)
     Speed:     ev/sec=6762.98   simsec/sec=0.138944   ev/simsec=48674
     Messages:  created: 16761338   present: 17135   in FES: 210
** Event #15517440   t=446.55417623985   Elapsed: 526.217s (8m 46s)  89% completed  (94% total)
     Speed:     ev/sec=4271.29   simsec/sec=0.0123214   ev/simsec=346657
     Messages:  created: 16768795   present: 17104   in FES: 207
** Event #15558656   t=447.526120323423   Elapsed: 528.277s (8m 48s)  89% completed  (94% total)
     Speed:     ev/sec=20005   simsec/sec=0.471753   ev/simsec=42405.7
     Messages:  created: 16809279   present: 17304   in FES: 209
** Event #15567360   t=447.539025473453   Elapsed: 530.32s (8m 50s)  89% completed  (94% total)
     Speed:     ev/sec=4260.09   simsec/sec=0.0063163   ev/simsec=674459
     Messages:  created: 16816014   present: 17441   in FES: 255
** Event #15609856   t=448.526008629718   Elapsed: 532.385s (8m 52s)  89% completed  (94% total)
     Speed:     ev/sec=20583.2   simsec/sec=0.478051   ev/simsec=43056.5
     Messages:  created: 16858052   present: 17467   in FES: 206
** Event #15617280   t=448.533912069914   Elapsed: 534.397s (8m 54s)  89% completed  (94% total)
     Speed:     ev/sec=3690.5   simsec/sec=0.00392883   ev/simsec=939338
     Messages:  created: 16863365   present: 17539   in FES: 220
** Event #15651840   t=449.177663623698   Elapsed: 536.4s (8m 56s)  89% completed  (94% total)
     Speed:     ev/sec=17248.9   simsec/sec=0.321297   ev/simsec=53685.3
     Messages:  created: 16894553   present: 17688   in FES: 280
** Event #15666944   t=449.529618687457   Elapsed: 538.439s (8m 58s)  89% completed  (94% total)
     Speed:     ev/sec=7407.6   simsec/sec=0.172613   ev/simsec=42914.6
     Messages:  created: 16910271   present: 17770   in FES: 242
** Event #15674368   t=449.538060249393   Elapsed: 540.461s (9m 00s)  89% completed  (94% total)
     Speed:     ev/sec=3671.8   simsec/sec=0.00417507   ev/simsec=879458
     Messages:  created: 16915578   present: 17805   in FES: 248
** Event #15716096   t=450.525066455495   Elapsed: 542.473s (9m 02s)  90% completed  (95% total)
     Speed:     ev/sec=20738.7   simsec/sec=0.49054   ev/simsec=42277.3
     Messages:  created: 16957193   present: 17957   in FES: 251
** Event #15724288   t=450.534922259343   Elapsed: 544.516s (9m 04s)  90% completed  (95% total)
     Speed:     ev/sec=4010.74   simsec/sec=0.00482532   ev/simsec=831185
     Messages:  created: 16963533   present: 17884   in FES: 219
** Event #15765504   t=451.522126457182   Elapsed: 546.529s (9m 06s)  90% completed  (95% total)
     Speed:     ev/sec=20473.5   simsec/sec=0.49038   ev/simsec=41750.2
     Messages:  created: 17004760   present: 18101   in FES: 254
** Event #15774208   t=451.533533438357   Elapsed: 548.597s (9m 08s)  90% completed  (95% total)
     Speed:     ev/sec=4208.4   simsec/sec=0.00551529   ev/simsec=763041
     Messages:  created: 17011567   present: 18025   in FES: 210
** Event #15809792   t=452.252731020164   Elapsed: 550.6s (9m 10s)  90% completed  (95% total)
     Speed:     ev/sec=17761.3   simsec/sec=0.358978   ev/simsec=49477.4
     Messages:  created: 17045226   present: 18251   in FES: 292
** Event #15823872   t=452.532286829763   Elapsed: 552.645s (9m 12s)  90% completed  (95% total)
     Speed:     ev/sec=6885.89   simsec/sec=0.136718   ev/simsec=50365.6
     Messages:  created: 17059428   present: 18234   in FES: 220
** Event #15835904   t=452.788156588632   Elapsed: 554.65s (9m 14s)  90% completed  (95% total)
     Speed:     ev/sec=6002.64   simsec/sec=0.127651   ev/simsec=47023.9
     Messages:  created: 17071228   present: 18294   in FES: 255
** Event #15872000   t=453.5290895827   Elapsed: 556.674s (9m 16s)  90% completed  (95% total)
     Speed:     ev/sec=17828.5   simsec/sec=0.36596   ev/simsec=48717
     Messages:  created: 17105878   present: 18484   in FES: 249
** Event #15880960   t=453.549343241162   Elapsed: 558.73s (9m 18s)  90% completed  (95% total)
     Speed:     ev/sec=4359.49   simsec/sec=0.00985441   ev/simsec=442389
     Messages:  created: 17113127   present: 18387   in FES: 221
** Event #15920896   t=454.526126409709   Elapsed: 560.757s (9m 20s)  90% completed  (95% total)
     Speed:     ev/sec=19693.7   simsec/sec=0.481682   ev/simsec=40885.2
     Messages:  created: 17153333   present: 18655   in FES: 254
** Event #15929600   t=454.549331445642   Elapsed: 562.773s (9m 22s)  90% completed  (95% total)
     Speed:     ev/sec=4318.24   simsec/sec=0.0115125   ev/simsec=375091
     Messages:  created: 17160341   present: 18522   in FES: 210
** Event #15970304   t=455.525340944321   Elapsed: 564.806s (9m 24s)  91% completed  (95% total)
     Speed:     ev/sec=20019.8   simsec/sec=0.480039   ev/simsec=41704.5
     Messages:  created: 17202234   present: 18753   in FES: 226
** Event #15980288   t=455.556497701468   Elapsed: 566.849s (9m 26s)  91% completed  (95% total)
     Speed:     ev/sec=4887.66   simsec/sec=0.0152528   ev/simsec=320444
     Messages:  created: 17210441   present: 18806   in FES: 247
** Event #16056832   t=456.192183088876   Elapsed: 568.853s (9m 28s)  91% completed  (95% total)
     Speed:     ev/sec=38198.6   simsec/sec=0.317233   ev/simsec=120412
     Messages:  created: 17302750   present: 18850   in FES: 240
** Event #16093952   t=456.530947698872   Elapsed: 570.89s (9m 30s)  91% completed  (95% total)
     Speed:     ev/sec=18218.8   simsec/sec=0.166268   ev/simsec=109575
     Messages:  created: 17349080   present: 18786   in FES: 212
** Event #16110080   t=456.634812367317   Elapsed: 572.891s (9m 32s)  91% completed  (95% total)
     Speed:     ev/sec=8061.66   simsec/sec=0.0519173   ev/simsec=155279
     Messages:  created: 17365803   present: 18835   in FES: 255
** Event #16209664   t=457.522312554499   Elapsed: 574.944s (9m 34s)  91% completed  (95% total)
     Speed:     ev/sec=48494.5   simsec/sec=0.432187   ev/simsec=112207
     Messages:  created: 17490429   present: 18847   in FES: 211
** Event #16224768   t=457.591363083767   Elapsed: 576.948s (9m 36s)  91% completed  (95% total)
     Speed:     ev/sec=7539.33   simsec/sec=0.0344674   ev/simsec=218738
     Messages:  created: 17505770   present: 18964   in FES: 254
** Event #16322048   t=458.50479591102   Elapsed: 578.948s (9m 38s)  91% completed  (95% total)
     Speed:     ev/sec=48631.2   simsec/sec=0.456634   ev/simsec=106499
     Messages:  created: 17627227   present: 18949   in FES: 256
** Event #16336640   t=458.557948599266   Elapsed: 580.99s (9m 40s)  91% completed  (95% total)
     Speed:     ev/sec=7147.55   simsec/sec=0.0260356   ev/simsec=274530
     Messages:  created: 17641308   present: 18939   in FES: 222
** Event #16405504   t=459.167897397152   Elapsed: 582.995s (9m 42s)  91% completed  (95% total)
     Speed:     ev/sec=34339.4   simsec/sec=0.304154   ev/simsec=112901
     Messages:  created: 17724305   present: 19060   in FES: 255
** Event #16444928   t=459.536430523386   Elapsed: 585.025s (9m 45s)  91% completed  (95% total)
     Speed:     ev/sec=19418.7   simsec/sec=0.181525   ev/simsec=106975
     Messages:  created: 17773304   present: 19078   in FES: 243
** Event #16498688   t=460.045080668597   Elapsed: 587.03s (9m 47s)  92% completed  (96% total)
     Speed:     ev/sec=26823   simsec/sec=0.253786   ev/simsec=105692
     Messages:  created: 17838283   present: 19036   in FES: 224
** Event #16551936   t=460.531916173383   Elapsed: 589.033s (9m 49s)  92% completed  (96% total)
     Speed:     ev/sec=26579.4   simsec/sec=0.24301   ev/simsec=109376
     Messages:  created: 17901578   present: 19161   in FES: 288
** Event #16578048   t=460.753382176764   Elapsed: 591.034s (9m 51s)  92% completed  (96% total)
     Speed:     ev/sec=13045.4   simsec/sec=0.110643   ev/simsec=117905
     Messages:  created: 17931743   present: 19174   in FES: 254
** Event #16658176   t=461.527814430617   Elapsed: 593.045s (9m 53s)  92% completed  (96% total)
     Speed:     ev/sec=39851.4   simsec/sec=0.385161   ev/simsec=103467
     Messages:  created: 18028970   present: 19114   in FES: 217
** Event #16674304   t=461.618052344071   Elapsed: 595.048s (9m 55s)  92% completed  (96% total)
     Speed:     ev/sec=8051.47   simsec/sec=0.0450488   ev/simsec=178728
     Messages:  created: 18044659   present: 19057   in FES: 203
** Event #16763136   t=462.526311427414   Elapsed: 597.061s (9m 57s)  92% completed  (96% total)
     Speed:     ev/sec=44128.4   simsec/sec=0.451189   ev/simsec=97804.7
     Messages:  created: 18154261   present: 19264   in FES: 246
** Event #16776960   t=462.58440691365   Elapsed: 599.063s (9m 59s)  92% completed  (96% total)
     Speed:     ev/sec=6907.04   simsec/sec=0.0290269   ev/simsec=237953
     Messages:  created: 18166788   present: 19154   in FES: 208
** Event #16866560   t=463.522313286921   Elapsed: 601.089s (10m 01s)  92% completed  (96% total)
     Speed:     ev/sec=44217.5   simsec/sec=0.462856   ev/simsec=95531.9
     Messages:  created: 18277258   present: 19196   in FES: 203
** Event #16879616   t=463.573928136499   Elapsed: 603.113s (10m 03s)  92% completed  (96% total)
     Speed:     ev/sec=6451.78   simsec/sec=0.0255061   ev/simsec=252950
     Messages:  created: 18288720   present: 19249   in FES: 223
** Event #16965376   t=464.478659850602   Elapsed: 605.113s (10m 05s)  92% completed  (96% total)
     Speed:     ev/sec=42877.2   simsec/sec=0.452337   ev/simsec=94790.5
     Messages:  created: 18394261   present: 19367   in FES: 304
** Event #16983040   t=464.567797675049   Elapsed: 607.116s (10m 07s)  92% completed  (96% total)
     Speed:     ev/sec=8818.38   simsec/sec=0.0445002   ev/simsec=198165
     Messages:  created: 18412000   present: 19360   in FES: 254
** Event #17058560   t=465.301273340532   Elapsed: 609.119s (10m 09s)  93% completed  (96% total)
     Speed:     ev/sec=37711.5   simsec/sec=0.366266   ev/simsec=102962
     Messages:  created: 18502701   present: 19451   in FES: 263
** Event #17085952   t=465.564759141847   Elapsed: 611.154s (10m 11s)  93% completed  (96% total)
     Speed:     ev/sec=13459.5   simsec/sec=0.129468   ev/simsec=103960
     Messages:  created: 18534710   present: 19357   in FES: 217
** Event #17137920   t=466.051750273323   Elapsed: 613.157s (10m 13s)  93% completed  (96% total)
     Speed:     ev/sec=25942.5   simsec/sec=0.243107   ev/simsec=106712
     Messages:  created: 18596387   present: 19508   in FES: 254
** Event #17189376   t=466.553576402417   Elapsed: 615.186s (10m 15s)  93% completed  (96% total)
     Speed:     ev/sec=25356.5   simsec/sec=0.24729   ev/simsec=102538
     Messages:  created: 18658104   present: 19497   in FES: 254
** Event #17231360   t=467.006182946419   Elapsed: 617.188s (10m 17s)  93% completed  (96% total)
     Speed:     ev/sec=20976   simsec/sec=0.226131   ev/simsec=92760.5
     Messages:  created: 18710449   present: 19567   in FES: 288
** Event #17292800   t=467.569482583703   Elapsed: 619.194s (10m 19s)  93% completed  (96% total)
     Speed:     ev/sec=30617.6   simsec/sec=0.280711   ev/simsec=109072
     Messages:  created: 18781548   present: 19577   in FES: 248
** Event #17329152   t=467.942180808505   Elapsed: 621.196s (10m 21s)  93% completed  (96% total)
     Speed:     ev/sec=18163.9   simsec/sec=0.186225   ev/simsec=97537.4
     Messages:  created: 18826001   present: 19631   in FES: 262
** Event #17397248   t=468.56794061335   Elapsed: 623.229s (10m 23s)  93% completed  (96% total)
     Speed:     ev/sec=33485.3   simsec/sec=0.307709   ev/simsec=108821
     Messages:  created: 18906652   present: 19564   in FES: 223
** Event #17438464   t=469.003544231765   Elapsed: 625.229s (10m 25s)  93% completed  (96% total)
     Speed:     ev/sec=20607.7   simsec/sec=0.217798   ev/simsec=94618.1
     Messages:  created: 18957809   present: 19606   in FES: 256
** Event #17500672   t=469.566341749924   Elapsed: 627.243s (10m 27s)  93% completed  (96% total)
     Speed:     ev/sec=30893.9   simsec/sec=0.279498   ev/simsec=110534
     Messages:  created: 19030417   present: 19696   in FES: 254
** Event #17541120   t=470.000560261933   Elapsed: 629.245s (10m 29s)  94% completed  (97% total)
     Speed:     ev/sec=20201.7   simsec/sec=0.21687   ev/simsec=93151.3
     Messages:  created: 19080361   present: 19734   in FES: 254
** Event #17605632   t=470.570641011249   Elapsed: 631.29s (10m 31s)  94% completed  (97% total)
     Speed:     ev/sec=31545   simsec/sec=0.278757   ev/simsec=113163
     Messages:  created: 19155547   present: 19779   in FES: 254
** Event #17655040   t=471.039491618474   Elapsed: 633.292s (10m 33s)  94% completed  (97% total)
     Speed:     ev/sec=24687.7   simsec/sec=0.23427   ev/simsec=105381
     Messages:  created: 19215068   present: 19773   in FES: 255
** Event #17710592   t=471.574653643716   Elapsed: 635.329s (10m 35s)  94% completed  (97% total)
     Speed:     ev/sec=27266.7   simsec/sec=0.262675   ev/simsec=103804
     Messages:  created: 19280830   present: 19835   in FES: 254
** Event #17762304   t=472.050728604725   Elapsed: 637.332s (10m 37s)  94% completed  (97% total)
     Speed:     ev/sec=25821.2   simsec/sec=0.237717   ev/simsec=108622
     Messages:  created: 19342376   present: 19867   in FES: 254
** Event #17816320   t=472.584484922278   Elapsed: 639.334s (10m 39s)  94% completed  (97% total)
     Speed:     ev/sec=26976   simsec/sec=0.266562   ev/simsec=101200
     Messages:  created: 19406824   present: 19905   in FES: 245
** Event #17874176   t=473.090425399946   Elapsed: 641.337s (10m 41s)  94% completed  (97% total)
     Speed:     ev/sec=28878.6   simsec/sec=0.252538   ev/simsec=114353
     Messages:  created: 19473188   present: 19935   in FES: 254
** Event #17921280   t=473.595327590431   Elapsed: 643.345s (10m 43s)  94% completed  (97% total)
     Speed:     ev/sec=23465.8   simsec/sec=0.251527   ev/simsec=93293.3
     Messages:  created: 19532147   present: 19965   in FES: 297
** Event #17983744   t=474.17066713152   Elapsed: 645.346s (10m 45s)  94% completed  (97% total)
     Speed:     ev/sec=31211.9   simsec/sec=0.287485   ev/simsec=108569
     Messages:  created: 19604823   present: 20013   in FES: 288
** Event #18026240   t=474.595807722586   Elapsed: 647.347s (10m 47s)  94% completed  (97% total)
     Speed:     ev/sec=21240.6   simsec/sec=0.212496   ev/simsec=99957.5
     Messages:  created: 19658059   present: 20051   in FES: 290
** Event #18078208   t=474.72573611282   Elapsed: 649.349s (10m 49s)  94% completed  (97% total)
     Speed:     ev/sec=25950.2   simsec/sec=0.0648798   ev/simsec=399974
     Messages:  created: 19725567   present: 19614   in FES: 254
** Event #18164480   t=475.536733428264   Elapsed: 651.365s (10m 51s)  95% completed  (97% total)
     Speed:     ev/sec=42803.6   simsec/sec=0.402374   ev/simsec=106378
     Messages:  created: 19832751   present: 19545   in FES: 255
** Event #18197760   t=475.839849036254   Elapsed: 653.367s (10m 53s)  95% completed  (97% total)
     Speed:     ev/sec=16626   simsec/sec=0.15143   ev/simsec=109793
     Messages:  created: 19872817   present: 19640   in FES: 277
** Event #18271488   t=476.549861307562   Elapsed: 655.372s (10m 55s)  95% completed  (97% total)
     Speed:     ev/sec=36763.6   simsec/sec=0.35404   ev/simsec=103840
     Messages:  created: 19962791   present: 19664   in FES: 254
** Event #18301952   t=476.833605376189   Elapsed: 657.376s (10m 57s)  95% completed  (97% total)
     Speed:     ev/sec=15203   simsec/sec=0.141602   ev/simsec=107364
     Messages:  created: 19999183   present: 19705   in FES: 288
** Event #18377984   t=477.559465689175   Elapsed: 659.402s (10m 59s)  95% completed  (97% total)
     Speed:     ev/sec=37528.8   simsec/sec=0.358279   ev/simsec=104747
     Messages:  created: 20092274   present: 19752   in FES: 253
** Event #18439424   t=478.005549539425   Elapsed: 661.404s (11m 01s)  95% completed  (97% total)
     Speed:     ev/sec=30680.5   simsec/sec=0.222755   ev/simsec=137732
     Messages:  created: 20172337   present: 19802   in FES: 255
** Event #18524928   t=478.539648646913   Elapsed: 663.422s (11m 03s)  95% completed  (97% total)
     Speed:     ev/sec=42375.7   simsec/sec=0.264699   ev/simsec=160090
     Messages:  created: 20280738   present: 19759   in FES: 232
** Event #18578176   t=479.019923766284   Elapsed: 665.427s (11m 05s)  95% completed  (97% total)
     Speed:     ev/sec=26556.6   simsec/sec=0.239529   ev/simsec=110870
     Messages:  created: 20347509   present: 19805   in FES: 236
** Event #18642432   t=479.565453256506   Elapsed: 667.431s (11m 07s)  95% completed  (97% total)
     Speed:     ev/sec=32072.6   simsec/sec=0.272294   ev/simsec=117786
     Messages:  created: 20425749   present: 19716   in FES: 204
** Event #18714368   t=480.170019364683   Elapsed: 669.434s (11m 09s)  96% completed  (98% total)
     Speed:     ev/sec=35906.1   simsec/sec=0.301763   ev/simsec=118988
     Messages:  created: 20514278   present: 19930   in FES: 281
** Event #18769152   t=480.575772217003   Elapsed: 671.438s (11m 11s)  96% completed  (98% total)
     Speed:     ev/sec=27335.2   simsec/sec=0.202455   ev/simsec=135018
     Messages:  created: 20584379   present: 19903   in FES: 240
** Event #18865664   t=481.39376818193   Elapsed: 673.442s (11m 13s)  96% completed  (98% total)
     Speed:     ev/sec=48176.9   simsec/sec=0.408327   ev/simsec=117986
     Messages:  created: 20707852   present: 20016   in FES: 257
** Event #18963968   t=481.536347931355   Elapsed: 675.444s (11m 15s)  96% completed  (98% total)
     Speed:     ev/sec=49091.7   simsec/sec=0.0712024   ev/simsec=689467
     Messages:  created: 20843917   present: 20054   in FES: 241
** Event #19022848   t=481.720370813877   Elapsed: 677.446s (11m 17s)  96% completed  (98% total)
     Speed:     ev/sec=29413.8   simsec/sec=0.0919296   ev/simsec=319960
     Messages:  created: 20920829   present: 19967   in FES: 257
** Event #19115008   t=482.555057240516   Elapsed: 679.462s (11m 19s)  96% completed  (98% total)
     Speed:     ev/sec=45698.9   simsec/sec=0.413892   ev/simsec=110413
     Messages:  created: 21036681   present: 19988   in FES: 226
** Event #19192832   t=483.181480840346   Elapsed: 681.464s (11m 21s)  96% completed  (98% total)
     Speed:     ev/sec=38878.3   simsec/sec=0.31294   ev/simsec=124235
     Messages:  created: 21132903   present: 19714   in FES: 257
** Event #19252992   t=483.595316009865   Elapsed: 683.469s (11m 23s)  96% completed  (98% total)
     Speed:     ev/sec=30009.4   simsec/sec=0.206432   ev/simsec=145372
     Messages:  created: 21210115   present: 19799   in FES: 259
** Event #19348992   t=484.250350429636   Elapsed: 685.472s (11m 25s)  96% completed  (98% total)
     Speed:     ev/sec=47919   simsec/sec=0.326964   ev/simsec=146557
     Messages:  created: 21333819   present: 19414   in FES: 258
** Event #19409152   t=485.085489837101   Elapsed: 687.474s (11m 27s)  97% completed  (98% total)
     Speed:     ev/sec=30053.7   simsec/sec=0.417204   ev/simsec=72035.9
     Messages:  created: 21403403   present: 18498   in FES: 270
** Event #19516928   t=485.246475286861   Elapsed: 689.479s (11m 29s)  97% completed  (98% total)
     Speed:     ev/sec=53766.1   simsec/sec=0.0803107   ev/simsec=669477
     Messages:  created: 21552943   present: 17840   in FES: 296
** Event #19625472   t=485.416999233705   Elapsed: 691.483s (11m 31s)  97% completed  (98% total)
     Speed:     ev/sec=54142.8   simsec/sec=0.085059   ev/simsec=636532
     Messages:  created: 21704907   present: 17721   in FES: 253
** Event #19713024   t=485.548730994224   Elapsed: 693.49s (11m 33s)  97% completed  (98% total)
     Speed:     ev/sec=43623.7   simsec/sec=0.0656367   ev/simsec=664623
     Messages:  created: 21825537   present: 17872   in FES: 303
** Event #19779840   t=485.650833464282   Elapsed: 695.492s (11m 35s)  97% completed  (98% total)
     Speed:     ev/sec=33375.2   simsec/sec=0.0510011   ev/simsec=654401
     Messages:  created: 21915202   present: 18008   in FES: 321
** Event #19881728   t=485.805593454432   Elapsed: 697.496s (11m 37s)  97% completed  (98% total)
     Speed:     ev/sec=50841.4   simsec/sec=0.0772242   ev/simsec=658361
     Messages:  created: 22057790   present: 17895   in FES: 303
** Event #19985664   t=485.968334549272   Elapsed: 699.5s (11m 39s)  97% completed  (98% total)
     Speed:     ev/sec=51859.7   simsec/sec=0.0812009   ev/simsec=638659
     Messages:  created: 22203204   present: 17897   in FES: 262
** Event #20092416   t=486.119332671566   Elapsed: 701.503s (11m 41s)  97% completed  (98% total)
     Speed:     ev/sec=53308.6   simsec/sec=0.0754038   ev/simsec=706976
     Messages:  created: 22346490   present: 17911   in FES: 257
** Event #20198912   t=486.27764098475   Elapsed: 703.503s (11m 43s)  97% completed  (98% total)
     Speed:     ev/sec=53242.9   simsec/sec=0.0791465   ev/simsec=672713
     Messages:  created: 22495536   present: 17866   in FES: 241
** Event #20307968   t=486.459234746117   Elapsed: 705.509s (11m 45s)  97% completed  (98% total)
     Speed:     ev/sec=54383.2   simsec/sec=0.0905558   ev/simsec=600549
     Messages:  created: 22648267   present: 17923   in FES: 303
** Event #20380672   t=486.575680945114   Elapsed: 707.51s (11m 47s)  97% completed  (98% total)
     Speed:     ev/sec=36317.1   simsec/sec=0.0581673   ev/simsec=624357
     Messages:  created: 22745382   present: 17971   in FES: 266
** Event #20475136   t=486.834900085185   Elapsed: 709.517s (11m 49s)  97% completed  (98% total)
     Speed:     ev/sec=47085.2   simsec/sec=0.129207   ev/simsec=364418
     Messages:  created: 22875759   present: 17954   in FES: 298
** Event #20583680   t=487.103020671803   Elapsed: 711.52s (11m 51s)  97% completed  (98% total)
     Speed:     ev/sec=54172.6   simsec/sec=0.133815   ev/simsec=404833
     Messages:  created: 23021360   present: 17960   in FES: 272
** Event #20691968   t=487.473384017418   Elapsed: 713.523s (11m 53s)  97% completed  (98% total)
     Speed:     ev/sec=54076.2   simsec/sec=0.18495   ev/simsec=292383
     Messages:  created: 23172684   present: 18092   in FES: 264
** Event #20760320   t=487.584100004819   Elapsed: 715.524s (11m 55s)  97% completed  (98% total)
     Speed:     ev/sec=34155.6   simsec/sec=0.055325   ev/simsec=617363
     Messages:  created: 23263243   present: 18018   in FES: 272
** Event #20857344   t=487.849704420373   Elapsed: 717.528s (11m 57s)  97% completed  (98% total)
     Speed:     ev/sec=48418.6   simsec/sec=0.132547   ev/simsec=365295
     Messages:  created: 23397697   present: 18152   in FES: 287
** Event #20955904   t=488.095787798364   Elapsed: 719.529s (11m 59s)  97% completed  (98% total)
     Speed:     ev/sec=49251.4   simsec/sec=0.12297   ev/simsec=400515
     Messages:  created: 23529406   present: 18121   in FES: 249
** Event #21068288   t=488.473753805654   Elapsed: 721.533s (12m 01s)  97% completed  (98% total)
     Speed:     ev/sec=56084.2   simsec/sec=0.18862   ev/simsec=297339
     Messages:  created: 23686294   present: 18234   in FES: 278
** Event #21137920   t=488.584634316454   Elapsed: 723.534s (12m 03s)  97% completed  (98% total)
     Speed:     ev/sec=34799.3   simsec/sec=0.0554137   ev/simsec=627991
     Messages:  created: 23778889   present: 18164   in FES: 269
** Event #21235200   t=488.845277440597   Elapsed: 725.534s (12m 05s)  97% completed  (98% total)
     Speed:     ev/sec=48633.7   simsec/sec=0.130305   ev/simsec=373231
     Messages:  created: 23913833   present: 18240   in FES: 303
** Event #21335296   t=489.098817360168   Elapsed: 727.541s (12m 07s)  97% completed  (98% total)
     Speed:     ev/sec=49872   simsec/sec=0.126324   ev/simsec=394794
     Messages:  created: 24047442   present: 18286   in FES: 304
** Event #21442304   t=489.46687293154   Elapsed: 729.541s (12m 09s)  97% completed  (98% total)
     Speed:     ev/sec=53502.8   simsec/sec=0.184024   ev/simsec=290739
     Messages:  created: 24196982   present: 18286   in FES: 273
** Event #21513984   t=489.579803453671   Elapsed: 731.542s (12m 11s)  97% completed  (98% total)
     Speed:     ev/sec=35830   simsec/sec=0.0564495   ev/simsec=634727
     Messages:  created: 24292338   present: 18378   in FES: 283
** Event #21615360   t=489.94371835928   Elapsed: 733.542s (12m 13s)  97% completed  (98% total)
     Speed:     ev/sec=50676.4   simsec/sec=0.181916   ev/simsec=278571
     Messages:  created: 24432669   present: 18259   in FES: 233
** Event #21720576   t=490.201821552624   Elapsed: 735.545s (12m 15s)  98% completed  (99% total)
     Speed:     ev/sec=52527.6   simsec/sec=0.128854   ev/simsec=407651
     Messages:  created: 24574087   present: 18462   in FES: 303
** Event #21827584   t=490.486301870873   Elapsed: 737.546s (12m 17s)  98% completed  (99% total)
     Speed:     ev/sec=53488   simsec/sec=0.142198   ev/simsec=376153
     Messages:  created: 24723839   present: 18499   in FES: 272
** Event #21895680   t=490.601913013835   Elapsed: 739.547s (12m 19s)  98% completed  (99% total)
     Speed:     ev/sec=34024   simsec/sec=0.0577649   ev/simsec=589009
     Messages:  created: 24813625   present: 18517   in FES: 275
** Event #21986048   t=490.941913861373   Elapsed: 741.551s (12m 21s)  98% completed  (99% total)
     Speed:     ev/sec=45096.5   simsec/sec=0.169671   ev/simsec=265788
     Messages:  created: 24939364   present: 18476   in FES: 278
** Event #22071808   t=491.082827058178   Elapsed: 743.552s (12m 23s)  98% completed  (99% total)
     Speed:     ev/sec=42860.2   simsec/sec=0.0704241   ev/simsec=608602
     Messages:  created: 25054546   present: 18487   in FES: 260
** Event #22184192   t=491.463623424256   Elapsed: 745.554s (12m 25s)  98% completed  (99% total)
     Speed:     ev/sec=56150.8   simsec/sec=0.190259   ev/simsec=295129
     Messages:  created: 25210397   present: 18556   in FES: 242
** Event #22251264   t=491.575456477924   Elapsed: 747.56s (12m 27s)  98% completed  (99% total)
     Speed:     ev/sec=33432   simsec/sec=0.0557431   ev/simsec=599751
     Messages:  created: 25299568   present: 18601   in FES: 279
** Event #22347264   t=491.834911407034   Elapsed: 749.56s (12m 29s)  98% completed  (99% total)
     Speed:     ev/sec=47990.4   simsec/sec=0.129702   ev/simsec=370006
     Messages:  created: 25432154   present: 18635   in FES: 309
** Event #22453760   t=492.097255732783   Elapsed: 751.562s (12m 31s)  98% completed  (99% total)
     Speed:     ev/sec=53188.6   simsec/sec=0.131026   ev/simsec=405940
     Messages:  created: 25574867   present: 17224   in FES: 326
** Event #22561792   t=492.471452033919   Elapsed: 753.567s (12m 33s)  98% completed  (99% total)
     Speed:     ev/sec=53906.3   simsec/sec=0.186718   ev/simsec=288704
     Messages:  created: 25725715   present: 12535   in FES: 248
** Event #22630144   t=492.584125538355   Elapsed: 755.568s (12m 35s)  98% completed  (99% total)
     Speed:     ev/sec=34145   simsec/sec=0.0562857   ev/simsec=606638
     Messages:  created: 25816885   present: 12576   in FES: 264
** Event #22726400   t=492.845782449475   Elapsed: 757.572s (12m 37s)  98% completed  (99% total)
     Speed:     ev/sec=48041.3   simsec/sec=0.130593   ev/simsec=367871
     Messages:  created: 25950213   present: 12575   in FES: 253
** Event #22824448   t=493.095771619752   Elapsed: 759.574s (12m 39s)  98% completed  (99% total)
     Speed:     ev/sec=48961.5   simsec/sec=0.124835   ev/simsec=392209
     Messages:  created: 26081399   present: 12612   in FES: 270
** Event #22933504   t=493.470672527628   Elapsed: 761.575s (12m 41s)  98% completed  (99% total)
     Speed:     ev/sec=54519.8   simsec/sec=0.187422   ev/simsec=290893
     Messages:  created: 26233613   present: 12695   in FES: 257
** Event #23005696   t=493.588822933826   Elapsed: 763.601s (12m 43s)  98% completed  (99% total)
     Speed:     ev/sec=35625.8   simsec/sec=0.0583056   ev/simsec=611018
     Messages:  created: 26329912   present: 12737   in FES: 269
** Event #23107072   t=493.951527278354   Elapsed: 765.603s (12m 45s)  98% completed  (99% total)
     Speed:     ev/sec=50642.5   simsec/sec=0.181189   ev/simsec=279500
     Messages:  created: 26470599   present: 12722   in FES: 247
** Event #23211264   t=494.209749647729   Elapsed: 767.605s (12m 47s)  98% completed  (99% total)
     Speed:     ev/sec=52051.5   simsec/sec=0.129001   ev/simsec=403497
     Messages:  created: 26610305   present: 12780   in FES: 272
** Event #23321344   t=494.500932978213   Elapsed: 769.609s (12m 49s)  98% completed  (99% total)
     Speed:     ev/sec=54912.5   simsec/sec=0.145255   ev/simsec=378044
     Messages:  created: 26764357   present: 12890   in FES: 302
** Event #23390720   t=494.701866940074   Elapsed: 771.612s (12m 51s)  98% completed  (99% total)
     Speed:     ev/sec=34647.5   simsec/sec=0.10035   ev/simsec=345268
     Messages:  created: 26855954   present: 12906   in FES: 275
** Event #23498240   t=494.991068270884   Elapsed: 773.612s (12m 53s)  98% completed  (99% total)
     Speed:     ev/sec=53748.4   simsec/sec=0.144569   ev/simsec=371783
     Messages:  created: 27006603   present: 12822   in FES: 247
** Event #23602944   t=495.28609525781   Elapsed: 775.614s (12m 55s)  99% completed  (99% total)
     Speed:     ev/sec=52301.7   simsec/sec=0.147372   ev/simsec=354896
     Messages:  created: 27146962   present: 12885   in FES: 290
** Event #23675904   t=496.516378052518   Elapsed: 777.635s (12m 57s)  99% completed  (99% total)
     Speed:     ev/sec=36108.6   simsec/sec=0.608879   ev/simsec=59303.4
     Messages:  created: 27234660   present: 12965   in FES: 222
** Event #23741184   t=497.550046554883   Elapsed: 779.64s (12m 59s)  99% completed  (99% total)
     Speed:     ev/sec=32553   simsec/sec=0.515457   ev/simsec=63153.7
     Messages:  created: 27311540   present: 12272   in FES: 269
** Event #23830528   t=497.693272509433   Elapsed: 781.643s (13m 01s)  99% completed  (99% total)
     Speed:     ev/sec=44607.1   simsec/sec=0.071509   ev/simsec=623798
     Messages:  created: 27433407   present: 11748   in FES: 267
** Event #23946496   t=498.014205733598   Elapsed: 783.643s (13m 03s)  99% completed  (99% total)
     Speed:     ev/sec=57973.5   simsec/sec=0.160437   ev/simsec=361346
     Messages:  created: 27595198   present: 11795   in FES: 239
** Event #24064000   t=498.45109973943   Elapsed: 785.646s (13m 05s)  99% completed  (99% total)
     Speed:     ev/sec=58670.6   simsec/sec=0.218144   ev/simsec=268953
     Messages:  created: 27755382   present: 11902   in FES: 271
** Event #24151552   t=498.708476171659   Elapsed: 787.646s (13m 07s)  99% completed  (99% total)
     Speed:     ev/sec=43767.4   simsec/sec=0.128663   ev/simsec=340171
     Messages:  created: 27872915   present: 10386   in FES: 245
** Event #24274432   t=499.039759204961   Elapsed: 789.65s (13m 09s)  99% completed  (99% total)
     Speed:     ev/sec=61329.9   simsec/sec=0.165345   ev/simsec=370922
     Messages:  created: 28043578   present: 8973   in FES: 273
** Event #24399616   t=499.495323026329   Elapsed: 791.651s (13m 11s)  99% completed  (99% total)
     Speed:     ev/sec=62552.5   simsec/sec=0.227638   ev/simsec=274789
     Messages:  created: 28215747   present: 8999   in FES: 260
** Event #24492800   t=499.768724765676   Elapsed: 793.653s (13m 13s)  99% completed  (99% total)
     Speed:     ev/sec=46555.4   simsec/sec=0.136593   ev/simsec=340832
     Messages:  created: 28341793   present: 8475   in FES: 249
** Event #24552020   t=500   Elapsed: 794.584s (13m 14s)  100% completed  (100% total)
     Speed:     ev/sec=63624.4   simsec/sec=0.248303   ev/simsec=256237
     Messages:  created: 28424954   present: 8609   in FES: 265

<!> Simulation time limit reached -- at t=500s, event #24552020
undisposed object: (omnetpp::cMessage) FanetSarNetwork.groundStation.app.debugTimer -- check module destructor
undisposed object: (omnetpp::cMessage) FanetSarNetwork.uav[0].app.debugTimer -- check module destructor
undisposed object: (omnetpp::cMessage) FanetSarNetwork.uav[1].app.debugTimer -- check module destructor
undisposed object: (omnetpp::cMessage) FanetSarNetwork.uav[2].app.debugTimer -- check module destructor
undisposed object: (omnetpp::cMessage) FanetSarNetwork.uav[3].app.debugTimer -- check module destructor
undisposed object: (omnetpp::cMessage) FanetSarNetwork.uav[4].app.debugTimer -- check module destructor
undisposed object: (omnetpp::cMessage) FanetSarNetwork.uav[5].app.debugTimer -- check module destructor
undisposed object: (omnetpp::cMessage) FanetSarNetwork.uav[6].app.debugTimer -- check module destructor
undisposed object: (omnetpp::cMessage) FanetSarNetwork.uav[7].app.debugTimer -- check module destructor
undisposed object: (omnetpp::cMessage) FanetSarNetwork.uav[8].app.debugTimer -- check module destructor
undisposed object: (omnetpp::cMessage) FanetSarNetwork.uav[9].app.debugTimer -- check module destructor
undisposed object: (omnetpp::cMessage) FanetSarNetwork.uav[10].app.debugTimer -- check module destructor
undisposed object: (omnetpp::cMessage) FanetSarNetwork.uav[11].app.debugTimer -- check module destructor
undisposed object: (omnetpp::cMessage) FanetSarNetwork.uav[12].app.debugTimer -- check module destructor
undisposed object: (omnetpp::cMessage) FanetSarNetwork.uav[13].app.debugTimer -- check module destructor
undisposed object: (omnetpp::cMessage) FanetSarNetwork.uav[14].app.debugTimer -- check module destructor
undisposed object: (omnetpp::cMessage) FanetSarNetwork.uav[15].app.debugTimer -- check module destructor
undisposed object: (omnetpp::cMessage) FanetSarNetwork.uav[16].app.debugTimer -- check module destructor
undisposed object: (omnetpp::cMessage) FanetSarNetwork.uav[17].app.debugTimer -- check module destructor
undisposed object: (omnetpp::cMessage) FanetSarNetwork.uav[18].app.debugTimer -- check module destructor
undisposed object: (omnetpp::cMessage) FanetSarNetwork.uav[19].app.debugTimer -- check module destructor
undisposed object: (omnetpp::cMessage) FanetSarNetwork.uav[20].app.debugTimer -- check module destructor
undisposed object: (omnetpp::cMessage) FanetSarNetwork.uav[21].app.debugTimer -- check module destructor
undisposed object: (omnetpp::cMessage) FanetSarNetwork.uav[22].app.debugTimer -- check module destructor
undisposed object: (omnetpp::cMessage) FanetSarNetwork.uav[23].app.debugTimer -- check module destructor
undisposed object: (omnetpp::cMessage) FanetSarNetwork.uav[24].app.debugTimer -- check module destructor
undisposed object: (omnetpp::cMessage) FanetSarNetwork.uav[25].app.debugTimer -- check module destructor
undisposed object: (omnetpp::cMessage) FanetSarNetwork.uav[26].app.debugTimer -- check module destructor
undisposed object: (omnetpp::cMessage) FanetSarNetwork.uav[27].app.debugTimer -- check module destructor
undisposed object: (omnetpp::cMessage) FanetSarNetwork.uav[28].app.debugTimer -- check module destructor
undisposed object: (omnetpp::cMessage) FanetSarNetwork.uav[29].app.debugTimer -- check module destructor
undisposed object: (omnetpp::cMessage) FanetSarNetwork.uav[30].app.debugTimer -- check module destructor
undisposed object: (omnetpp::cMessage) FanetSarNetwork.uav[31].app.debugTimer -- check module destructor
undisposed object: (omnetpp::cMessage) FanetSarNetwork.uav[32].app.debugTimer -- check module destructor
undisposed object: (omnetpp::cMessage) FanetSarNetwork.uav[33].app.debugTimer -- check module destructor
undisposed object: (omnetpp::cMessage) FanetSarNetwork.uav[34].app.debugTimer -- check module destructor
undisposed object: (omnetpp::cMessage) FanetSarNetwork.uav[35].app.debugTimer -- check module destructor
undisposed object: (omnetpp::cMessage) FanetSarNetwork.uav[36].app.debugTimer -- check module destructor
undisposed object: (omnetpp::cMessage) FanetSarNetwork.uav[37].app.debugTimer -- check module destructor
undisposed object: (omnetpp::cMessage) FanetSarNetwork.uav[38].app.debugTimer -- check module destructor
undisposed object: (omnetpp::cMessage) FanetSarNetwork.uav[39].app.debugTimer -- check module destructor
undisposed object: (omnetpp::cMessage) FanetSarNetwork.uav[40].app.debugTimer -- check module destructor
undisposed object: (omnetpp::cMessage) FanetSarNetwork.uav[41].app.debugTimer -- check module destructor
undisposed object: (omnetpp::cMessage) FanetSarNetwork.uav[42].app.debugTimer -- check module destructor
undisposed object: (omnetpp::cMessage) FanetSarNetwork.uav[43].app.debugTimer -- check module destructor
undisposed object: (omnetpp::cMessage) FanetSarNetwork.uav[44].app.debugTimer -- check module destructor
undisposed object: (omnetpp::cMessage) FanetSarNetwork.uav[45].app.debugTimer -- check module destructor
undisposed object: (omnetpp::cMessage) FanetSarNetwork.uav[46].app.debugTimer -- check module destructor
undisposed object: (omnetpp::cMessage) FanetSarNetwork.uav[47].app.debugTimer -- check module destructor
undisposed object: (omnetpp::cMessage) FanetSarNetwork.uav[48].app.debugTimer -- check module destructor
undisposed object: (omnetpp::cMessage) FanetSarNetwork.uav[49].app.debugTimer -- check module destructor
