** Event #0   t=0   Elapsed: 7e-06s (0m 00s)  0% completed  (50% total)
     Speed:     ev/sec=0   simsec/sec=0   ev/simsec=0
     Messages:  created: 1938   present: 1938   in FES: 306
** Event #44032   t=1.084351133861   Elapsed: 2.00148s (0m 02s)  0% completed  (50% total)
     Speed:     ev/sec=22000.3   simsec/sec=0.541776   ev/simsec=40607.7
     Messages:  created: 36218   present: 1982   in FES: 247
** Event #58368   t=1.589908035936   Elapsed: 4.05009s (0m 04s)  0% completed  (50% total)
     Speed:     ev/sec=6997.93   simsec/sec=0.246781   ev/simsec=28356.8
     Messages:  created: 48342   present: 1883   in FES: 218
** Event #84992   t=2.556961569461   Elapsed: 6.11351s (0m 06s)  0% completed  (50% total)
     Speed:     ev/sec=12902.8   simsec/sec=0.468664   ev/simsec=27531.1
     Messages:  created: 69459   present: 1970   in FES: 254
** Event #111360   t=3.517969352726   Elapsed: 8.11525s (0m 08s)  0% completed  (50% total)
     Speed:     ev/sec=13172.6   simsec/sec=0.480087   ev/simsec=27437.9
     Messages:  created: 90155   present: 1982   in FES: 239
** Event #137216   t=4.509988847763   Elapsed: 10.1197s (0m 10s)  0% completed  (50% total)
     Speed:     ev/sec=12899.3   simsec/sec=0.494909   ev/simsec=26064
     Messages:  created: 110024   present: 1913   in FES: 220
** Event #154112   t=5.041522801103   Elapsed: 12.1218s (0m 12s)  1% completed  (50% total)
     Speed:     ev/sec=8439.18   simsec/sec=0.265489   ev/simsec=31787.2
     Messages:  created: 122960   present: 1971   in FES: 254
** Event #175616   t=5.581481023047   Elapsed: 14.1612s (0m 14s)  1% completed  (50% total)
     Speed:     ev/sec=10544.4   simsec/sec=0.264767   ev/simsec=39825.3
     Messages:  created: 140218   present: 1978   in FES: 247
** Event #200448   t=6.510683989241   Elapsed: 16.1842s (0m 16s)  1% completed  (50% total)
     Speed:     ev/sec=12274.4   simsec/sec=0.459302   ev/simsec=26724
     Messages:  created: 158407   present: 1895   in FES: 214
** Event #210688   t=6.579770354165   Elapsed: 18.2285s (0m 18s)  1% completed  (50% total)
     Speed:     ev/sec=5009.27   simsec/sec=0.0337961   ev/simsec=148220
     Messages:  created: 166502   present: 1948   in FES: 239
** Event #235776   t=7.518682780174   Elapsed: 20.261s (0m 20s)  1% completed  (50% total)
     Speed:     ev/sec=12343.2   simsec/sec=0.461941   ev/simsec=26720.3
     Messages:  created: 185426   present: 1983   in FES: 242
** Event #242944   t=7.576771206474   Elapsed: 22.3008s (0m 22s)  1% completed  (50% total)
     Speed:     ev/sec=3514.13   simsec/sec=0.028478   ev/simsec=123398
     Messages:  created: 190496   present: 1877   in FES: 216
** Event #268288   t=8.514099373304   Elapsed: 24.318s (0m 24s)  1% completed  (50% total)
     Speed:     ev/sec=12563.5   simsec/sec=0.46465   ev/simsec=27038.6
     Messages:  created: 209209   present: 1978   in FES: 238
** Event #275456   t=8.555764645066   Elapsed: 26.3272s (0m 26s)  1% completed  (50% total)
     Speed:     ev/sec=3567.58   simsec/sec=0.0207372   ev/simsec=172038
     Messages:  created: 214472   present: 1908   in FES: 221
** Event #301568   t=9.514686758184   Elapsed: 28.3657s (0m 28s)  1% completed  (50% total)
     Speed:     ev/sec=12809.9   simsec/sec=0.470422   ev/simsec=27230.6
     Messages:  created: 233882   present: 2011   in FES: 250
** Event #313856   t=10.025248639364   Elapsed: 30.3678s (0m 30s)  2% completed  (51% total)
     Speed:     ev/sec=6137.49   simsec/sec=0.25501   ev/simsec=24067.6
     Messages:  created: 243502   present: 1891   in FES: 220
** Event #336128   t=10.546991850237   Elapsed: 32.3803s (0m 32s)  2% completed  (51% total)
     Speed:     ev/sec=11066.5   simsec/sec=0.259243   ev/simsec=42687.7
     Messages:  created: 260652   present: 1987   in FES: 254
** Event #362240   t=11.507988065414   Elapsed: 34.3919s (0m 34s)  2% completed  (51% total)
     Speed:     ev/sec=12980.8   simsec/sec=0.477732   ev/simsec=27171.8
     Messages:  created: 280069   present: 1958   in FES: 239
** Event #371712   t=11.576583992236   Elapsed: 36.3937s (0m 36s)  2% completed  (51% total)
     Speed:     ev/sec=4731.73   simsec/sec=0.0342671   ev/simsec=138084
     Messages:  created: 287977   present: 2049   in FES: 306
** Event #398848   t=12.515425504595   Elapsed: 38.4592s (0m 38s)  2% completed  (51% total)
     Speed:     ev/sec=13138.2   simsec/sec=0.454551   ev/simsec=28903.7
     Messages:  created: 308048   present: 1878   in FES: 205
** Event #427520   t=13.508996536224   Elapsed: 40.4894s (0m 40s)  2% completed  (51% total)
     Speed:     ev/sec=14122.5   simsec/sec=0.489387   ev/simsec=28857.5
     Messages:  created: 329738   present: 1886   in FES: 213
** Event #437504   t=13.579770663037   Elapsed: 42.5268s (0m 42s)  2% completed  (51% total)
     Speed:     ev/sec=4900.45   simsec/sec=0.0347381   ev/simsec=141069
     Messages:  created: 338000   present: 1918   in FES: 227
** Event #465152   t=14.546892035391   Elapsed: 44.56s (0m 44s)  2% completed  (51% total)
     Speed:     ev/sec=13598.1   simsec/sec=0.47566   ev/simsec=28587.9
     Messages:  created: 359072   present: 2128   in FES: 305
** Event #493312   t=15.514043869975   Elapsed: 46.5892s (0m 46s)  3% completed  (51% total)
     Speed:     ev/sec=13877.5   simsec/sec=0.476622   ev/simsec=29116.4
     Messages:  created: 380632   present: 1931   in FES: 224
** Event #520448   t=16.506989561354   Elapsed: 48.6251s (0m 48s)  3% completed  (51% total)
     Speed:     ev/sec=13328.5   simsec/sec=0.487711   ev/simsec=27328.8
     Messages:  created: 401282   present: 1856   in FES: 207
** Event #547584   t=17.091422175178   Elapsed: 50.6261s (0m 50s)  3% completed  (51% total)
     Speed:     ev/sec=13560.9   simsec/sec=0.292063   ev/simsec=46431.4
     Messages:  created: 423434   present: 1952   in FES: 237
** Event #559616   t=17.580770765551   Elapsed: 52.6347s (0m 52s)  3% completed  (51% total)
     Speed:     ev/sec=5990.22   simsec/sec=0.243626   ev/simsec=24587.8
     Messages:  created: 433572   present: 1937   in FES: 232
** Event #584704   t=18.562088324666   Elapsed: 54.6601s (0m 54s)  3% completed  (51% total)
     Speed:     ev/sec=12386.9   simsec/sec=0.484514   ev/simsec=25565.6
     Messages:  created: 452992   present: 1902   in FES: 223
** Event #608768   t=19.528324306616   Elapsed: 56.6782s (0m 56s)  3% completed  (51% total)
     Speed:     ev/sec=11923.9   simsec/sec=0.478776   ev/simsec=24904.9
     Messages:  created: 471864   present: 1966   in FES: 245
** Event #617472   t=19.581528602755   Elapsed: 58.7071s (0m 58s)  3% completed  (51% total)
     Speed:     ev/sec=4290.17   simsec/sec=0.0262242   ev/simsec=163596
     Messages:  created: 478558   present: 1918   in FES: 227
** Event #640512   t=20.539399982967   Elapsed: 60.7677s (1m 00s)  4% completed  (52% total)
     Speed:     ev/sec=11180.8   simsec/sec=0.464834   ev/simsec=24053.3
     Messages:  created: 496186   present: 1979   in FES: 254
** Event #649472   t=20.593693844609   Elapsed: 62.8307s (1m 02s)  4% completed  (52% total)
     Speed:     ev/sec=4343.27   simsec/sec=0.0263184   ev/simsec=165028
     Messages:  created: 503239   present: 1972   in FES: 254
** Event #672256   t=21.552075601441   Elapsed: 64.8663s (1m 04s)  4% completed  (52% total)
     Speed:     ev/sec=11192.9   simsec/sec=0.470817   ev/simsec=23773.4
     Messages:  created: 520556   present: 1951   in FES: 238
** Event #693248   t=22.076702793634   Elapsed: 66.87s (1m 06s)  4% completed  (52% total)
     Speed:     ev/sec=10476.7   simsec/sec=0.261831   ev/simsec=40013.2
     Messages:  created: 536964   present: 1980   in FES: 247
** Event #706816   t=22.571123366329   Elapsed: 68.8848s (1m 08s)  4% completed  (52% total)
     Speed:     ev/sec=6733.91   simsec/sec=0.245385   ev/simsec=27442.2
     Messages:  created: 547322   present: 1974   in FES: 241
** Event #731648   t=23.544831667728   Elapsed: 70.8885s (1m 10s)  4% completed  (52% total)
     Speed:     ev/sec=12393.3   simsec/sec=0.485966   ev/simsec=25502.5
     Messages:  created: 566332   present: 1967   in FES: 242
** Event #756224   t=24.105867492642   Elapsed: 72.8887s (1m 12s)  4% completed  (52% total)
     Speed:     ev/sec=12286.6   simsec/sec=0.280486   ev/simsec=43804.7
     Messages:  created: 585496   present: 1836   in FES: 202
** Event #768000   t=24.58143333263   Elapsed: 74.9151s (1m 14s)  4% completed  (52% total)
     Speed:     ev/sec=5811.25   simsec/sec=0.234683   ev/simsec=24762.1
     Messages:  created: 594748   present: 1965   in FES: 242
** Event #791296   t=25.55383368325   Elapsed: 76.9161s (1m 16s)  5% completed  (52% total)
     Speed:     ev/sec=11642.6   simsec/sec=0.485976   ev/simsec=23957.2
     Messages:  created: 612828   present: 1934   in FES: 233
** Event #815104   t=26.526805418335   Elapsed: 78.9291s (1m 18s)  5% completed  (52% total)
     Speed:     ev/sec=11826.7   simsec/sec=0.483328   ev/simsec=24469.4
     Messages:  created: 632142   present: 1922   in FES: 229
** Event #838656   t=27.535801356204   Elapsed: 80.973s (1m 20s)  5% completed  (52% total)
     Speed:     ev/sec=11523.5   simsec/sec=0.493681   ev/simsec=23342
     Messages:  created: 653058   present: 1941   in FES: 236
** Event #862464   t=28.562120728763   Elapsed: 82.9753s (1m 22s)  5% completed  (52% total)
     Speed:     ev/sec=11889.9   simsec/sec=0.512552   ev/simsec=23197.5
     Messages:  created: 675179   present: 1992   in FES: 254
** Event #899840   t=30.541669284166   Elapsed: 84.9842s (1m 24s)  6% completed  (53% total)
     Speed:     ev/sec=18605.8   simsec/sec=0.985421   ev/simsec=18881.1
     Messages:  created: 710862   present: 1982   in FES: 249
** Event #958720   t=33.536193726714   Elapsed: 86.9858s (1m 26s)  6% completed  (53% total)
     Speed:     ev/sec=29416.3   simsec/sec=1.49606   ev/simsec=19662.6
     Messages:  created: 767375   present: 1847   in FES: 204
** Event #1032448   t=37.071996517882   Elapsed: 88.9883s (1m 28s)  7% completed  (53% total)
     Speed:     ev/sec=36818.1   simsec/sec=1.7657   ev/simsec=20851.8
     Messages:  created: 838438   present: 1997   in FES: 254
** Event #1110528   t=41.068039300186   Elapsed: 90.9899s (1m 30s)  8% completed  (54% total)
     Speed:     ev/sec=39008.1   simsec/sec=1.99639   ev/simsec=19539.3
     Messages:  created: 913462   present: 1986   in FES: 249
** Event #1180160   t=44.580531916082   Elapsed: 92.997s (1m 32s)  8% completed  (54% total)
     Speed:     ev/sec=34693.5   simsec/sec=1.75007   ev/simsec=19824.1
     Messages:  created: 980422   present: 1963   in FES: 240
** Event #1256960   t=48.573310220897   Elapsed: 95.0025s (1m 35s)  9% completed  (54% total)
     Speed:     ev/sec=38293.1   simsec/sec=1.99083   ev/simsec=19234.7
     Messages:  created: 1054320   present: 1959   in FES: 242
** Event #1338368   t=52.592369474491   Elapsed: 97.0037s (1m 37s)  10% completed  (55% total)
     Speed:     ev/sec=40679.6   simsec/sec=2.00832   ev/simsec=20255.5
     Messages:  created: 1134253   present: 2121   in FES: 305
** Event #1424128   t=57.071309371208   Elapsed: 99.0052s (1m 39s)  11% completed  (55% total)
     Speed:     ev/sec=42849.5   simsec/sec=2.23788   ev/simsec=19147.4
     Messages:  created: 1217804   present: 1969   in FES: 244
** Event #1502976   t=61.082369637897   Elapsed: 101.006s (1m 41s)  12% completed  (56% total)
     Speed:     ev/sec=39400.4   simsec/sec=2.00433   ev/simsec=19657.6
     Messages:  created: 1294811   present: 1962   in FES: 254
** Event #1586176   t=65.53720639463   Elapsed: 103.012s (1m 43s)  13% completed  (56% total)
     Speed:     ev/sec=41482   simsec/sec=2.2211   ev/simsec=18676.3
     Messages:  created: 1374852   present: 1891   in FES: 218
** Event #1663744   t=69.516812286897   Elapsed: 105.016s (1m 45s)  13% completed  (56% total)
     Speed:     ev/sec=38706.2   simsec/sec=1.98581   ev/simsec=19491.4
     Messages:  created: 1449572   present: 1950   in FES: 239
** Event #1741824   t=73.243071330159   Elapsed: 107.018s (1m 47s)  14% completed  (57% total)
     Speed:     ev/sec=38993.6   simsec/sec=1.86091   ev/simsec=20954
     Messages:  created: 1524860   present: 1836   in FES: 202
** Event #1821440   t=77.516812228031   Elapsed: 109.026s (1m 49s)  15% completed  (57% total)
     Speed:     ev/sec=39660.5   simsec/sec=2.12895   ev/simsec=18629.1
     Messages:  created: 1601348   present: 1973   in FES: 246
** Event #1890816   t=81.01642477669   Elapsed: 111.026s (1m 51s)  16% completed  (58% total)
     Speed:     ev/sec=34686.8   simsec/sec=1.74975   ev/simsec=19823.9
     Messages:  created: 1667970   present: 1881   in FES: 214
** Event #1971968   t=85.045612187468   Elapsed: 113.027s (1m 53s)  17% completed  (58% total)
     Speed:     ev/sec=40549.1   simsec/sec=2.01326   ev/simsec=20141
     Messages:  created: 1746113   present: 1990   in FES: 254
** Event #2043136   t=88.573349229179   Elapsed: 115.034s (1m 55s)  17% completed  (58% total)
     Speed:     ev/sec=35457.6   simsec/sec=1.7576   ev/simsec=20173.8
     Messages:  created: 1814580   present: 1998   in FES: 253
** Event #2116864   t=92.520462311519   Elapsed: 117.035s (1m 57s)  18% completed  (59% total)
     Speed:     ev/sec=36852.1   simsec/sec=1.97292   ev/simsec=18679
     Messages:  created: 1885306   present: 1930   in FES: 229
** Event #2192384   t=96.08256809264   Elapsed: 119.037s (1m 59s)  19% completed  (59% total)
     Speed:     ev/sec=37726   simsec/sec=1.77945   ev/simsec=21200.9
     Messages:  created: 1958054   present: 1969   in FES: 244
** Event #2261248   t=99.590932649247   Elapsed: 121.038s (2m 01s)  19% completed  (59% total)
     Speed:     ev/sec=34419.2   simsec/sec=1.75353   ev/simsec=19628.5
     Messages:  created: 2024266   present: 1990   in FES: 253
** Event #2335488   t=103.533925789633   Elapsed: 123.041s (2m 03s)  20% completed  (60% total)
     Speed:     ev/sec=37053.8   simsec/sec=1.96798   ev/simsec=18828.3
     Messages:  created: 2094388   present: 2635   in FES: 304
** Event #2412032   t=107.074582382951   Elapsed: 125.044s (2m 05s)  21% completed  (60% total)
     Speed:     ev/sec=38223.9   simsec/sec=1.7681   ev/simsec=21618.6
     Messages:  created: 2166720   present: 3392   in FES: 303
** Event #2480128   t=110.557428228259   Elapsed: 127.045s (2m 07s)  22% completed  (61% total)
     Speed:     ev/sec=34032.4   simsec/sec=1.74062   ev/simsec=19551.8
     Messages:  created: 2230779   present: 2422   in FES: 254
** Event #2552576   t=114.06454029703   Elapsed: 129.045s (2m 09s)  22% completed  (61% total)
     Speed:     ev/sec=36216.1   simsec/sec=1.75317   ev/simsec=20657.5
     Messages:  created: 2299072   present: 3110   in FES: 243
** Event #2622208   t=117.558335773102   Elapsed: 131.054s (2m 11s)  23% completed  (61% total)
     Speed:     ev/sec=34663.7   simsec/sec=1.73926   ev/simsec=19930.2
     Messages:  created: 2364668   present: 3803   in FES: 238
** Event #2699008   t=121.515774951737   Elapsed: 133.063s (2m 13s)  24% completed  (62% total)
     Speed:     ev/sec=38227.1   simsec/sec=1.96981   ev/simsec=19406.5
     Messages:  created: 2436908   present: 4514   in FES: 215
** Event #2770432   t=125.01636515297   Elapsed: 135.064s (2m 15s)  25% completed  (62% total)
     Speed:     ev/sec=35695.9   simsec/sec=1.74951   ev/simsec=20403.4
     Messages:  created: 2504220   present: 5184   in FES: 205
** Event #2835968   t=128.064227945136   Elapsed: 137.068s (2m 17s)  25% completed  (62% total)
     Speed:     ev/sec=32702.7   simsec/sec=1.52089   ev/simsec=21502.3
     Messages:  created: 2566182   present: 5871   in FES: 230
** Event #2908672   t=131.580331342538   Elapsed: 139.08s (2m 19s)  26% completed  (63% total)
     Speed:     ev/sec=36139.1   simsec/sec=1.74776   ev/simsec=20677.4
     Messages:  created: 2634773   present: 6509   in FES: 207
** Event #2981888   t=135.511841489087   Elapsed: 141.081s (2m 21s)  27% completed  (63% total)
     Speed:     ev/sec=36580.8   simsec/sec=1.96429   ev/simsec=18622.9
     Messages:  created: 2703610   present: 7414   in FES: 252
** Event #3048192   t=138.567464517712   Elapsed: 143.085s (2m 23s)  27% completed  (63% total)
     Speed:     ev/sec=33080   simsec/sec=1.52449   ev/simsec=21699
     Messages:  created: 2766315   present: 8038   in FES: 254
** Event #3114496   t=142.009849813066   Elapsed: 145.089s (2m 25s)  28% completed  (64% total)
     Speed:     ev/sec=33090.8   simsec/sec=1.71801   ev/simsec=19261.1
     Messages:  created: 2828590   present: 8673   in FES: 234
** Event #3192576   t=145.586788891951   Elapsed: 147.094s (2m 27s)  29% completed  (64% total)
     Speed:     ev/sec=38952.4   simsec/sec=1.78446   ev/simsec=21828.7
     Messages:  created: 2902436   present: 9380   in FES: 231
** Event #3259392   t=149.050921370088   Elapsed: 149.099s (2m 29s)  29% completed  (64% total)
     Speed:     ev/sec=33313.5   simsec/sec=1.72717   ev/simsec=19287.9
     Messages:  created: 2965348   present: 10097   in FES: 254
** Event #3333632   t=152.580162934981   Elapsed: 151.1s (2m 31s)  30% completed  (65% total)
     Speed:     ev/sec=37099.2   simsec/sec=1.76363   ev/simsec=21035.7
     Messages:  created: 3035446   present: 10809   in FES: 255
** Event #3407872   t=156.513901190776   Elapsed: 153.102s (2m 33s)  31% completed  (65% total)
     Speed:     ev/sec=37089.8   simsec/sec=1.96527   ev/simsec=18872.6
     Messages:  created: 3105061   present: 11602   in FES: 246
** Event #3470592   t=159.516968241721   Elapsed: 155.11s (2m 35s)  31% completed  (65% total)
     Speed:     ev/sec=31238.8   simsec/sec=1.49573   ev/simsec=20885.3
     Messages:  created: 3164093   present: 12234   in FES: 254
** Event #3516928   t=161.53981586486   Elapsed: 157.111s (2m 37s)  32% completed  (66% total)
     Speed:     ev/sec=23148.3   simsec/sec=1.01057   ev/simsec=22906.3
     Messages:  created: 3206142   present: 12628   in FES: 249
** Event #3552768   t=163.04560696411   Elapsed: 159.112s (2m 39s)  32% completed  (66% total)
     Speed:     ev/sec=17918.6   simsec/sec=0.752836   ev/simsec=23801.4
     Messages:  created: 3237235   present: 12898   in FES: 254
** Event #3587584   t=164.517965670254   Elapsed: 161.117s (2m 41s)  32% completed  (66% total)
     Speed:     ev/sec=17361.9   simsec/sec=0.73423   ev/simsec=23646.4
     Messages:  created: 3266627   present: 13107   in FES: 209
** Event #3615744   t=165.533683531153   Elapsed: 163.137s (2m 43s)  33% completed  (66% total)
     Speed:     ev/sec=13940.9   simsec/sec=0.502843   ev/simsec=27724.2
     Messages:  created: 3290293   present: 13440   in FES: 254
** Event #3643136   t=166.532819500116   Elapsed: 165.161s (2m 45s)  33% completed  (66% total)
     Speed:     ev/sec=13536.2   simsec/sec=0.493738   ev/simsec=27415.7
     Messages:  created: 3312918   present: 13615   in FES: 244
** Event #3672576   t=167.555707591806   Elapsed: 167.162s (2m 47s)  33% completed  (66% total)
     Speed:     ev/sec=14707.4   simsec/sec=0.511008   ev/simsec=28781.3
     Messages:  created: 3337218   present: 13846   in FES: 253
** Event #3699456   t=168.552388651197   Elapsed: 169.186s (2m 49s)  33% completed  (66% total)
     Speed:     ev/sec=13285.4   simsec/sec=0.492608   ev/simsec=26969.5
     Messages:  created: 3359136   present: 14044   in FES: 253
** Event #3724544   t=169.53616569117   Elapsed: 171.202s (2m 51s)  33% completed  (66% total)
     Speed:     ev/sec=12443   simsec/sec=0.48793   ev/simsec=25501.7
     Messages:  created: 3379190   present: 14161   in FES: 224
** Event #3752704   t=170.55249034698   Elapsed: 173.229s (2m 53s)  34% completed  (67% total)
     Speed:     ev/sec=13890.3   simsec/sec=0.501317   ev/simsec=27707.7
     Messages:  created: 3401982   present: 14347   in FES: 222
** Event #3779584   t=171.534819454569   Elapsed: 175.231s (2m 55s)  34% completed  (67% total)
     Speed:     ev/sec=13428.9   simsec/sec=0.490758   ev/simsec=27363.5
     Messages:  created: 3423172   present: 14949   in FES: 352
** Event #3805440   t=172.531420986672   Elapsed: 177.237s (2m 57s)  34% completed  (67% total)
     Speed:     ev/sec=12888.7   simsec/sec=0.496785   ev/simsec=25944.2
     Messages:  created: 3443536   present: 14803   in FES: 254
** Event #3828480   t=173.083692816435   Elapsed: 179.24s (2m 59s)  34% completed  (67% total)
     Speed:     ev/sec=11504.2   simsec/sec=0.275757   ev/simsec=41718.6
     Messages:  created: 3461481   present: 14793   in FES: 204
** Event #3844864   t=174.00892577011   Elapsed: 181.24s (3m 01s)  34% completed  (67% total)
     Speed:     ev/sec=8189.17   simsec/sec=0.462457   ev/simsec=17708
     Messages:  created: 3474945   present: 15053   in FES: 229
** Event #3874560   t=175.029598706094   Elapsed: 183.241s (3m 03s)  35% completed  (67% total)
     Speed:     ev/sec=14839.7   simsec/sec=0.510051   ev/simsec=29094.5
     Messages:  created: 3499165   present: 15249   in FES: 225
** Event #3906304   t=176.055960669841   Elapsed: 185.243s (3m 05s)  35% completed  (67% total)
     Speed:     ev/sec=15858.7   simsec/sec=0.512751   ev/simsec=30928.7
     Messages:  created: 3524954   present: 15466   in FES: 230
** Event #3930368   t=177.037454380906   Elapsed: 187.247s (3m 07s)  35% completed  (67% total)
     Speed:     ev/sec=12007.6   simsec/sec=0.489751   ev/simsec=24517.7
     Messages:  created: 3544612   present: 15673   in FES: 232
** Event #3958272   t=178.037453045796   Elapsed: 189.25s (3m 09s)  35% completed  (67% total)
     Speed:     ev/sec=13932.2   simsec/sec=0.49929   ev/simsec=27904
     Messages:  created: 3567130   present: 15906   in FES: 243
** Event #3988736   t=179.052637394123   Elapsed: 191.252s (3m 11s)  35% completed  (67% total)
     Speed:     ev/sec=15216   simsec/sec=0.507059   ev/simsec=30008.3
     Messages:  created: 3591848   present: 16081   in FES: 234
** Event #4025344   t=180.524611260006   Elapsed: 193.279s (3m 13s)  36% completed  (68% total)
     Speed:     ev/sec=18060.3   simsec/sec=0.726188   ev/simsec=24870
     Messages:  created: 3622174   present: 16352   in FES: 221
** Event #4055040   t=181.53524784658   Elapsed: 195.313s (3m 15s)  36% completed  (68% total)
     Speed:     ev/sec=14599.6   simsec/sec=0.496866   ev/simsec=29383.5
     Messages:  created: 3647708   present: 16641   in FES: 248
** Event #4083456   t=182.535968472226   Elapsed: 197.332s (3m 17s)  36% completed  (68% total)
     Speed:     ev/sec=14075.5   simsec/sec=0.495694   ev/simsec=28395.5
     Messages:  created: 3670802   present: 16818   in FES: 241
** Event #4111360   t=183.543522021386   Elapsed: 199.36s (3m 19s)  36% completed  (68% total)
     Speed:     ev/sec=13758.4   simsec/sec=0.496785   ev/simsec=27694.8
     Messages:  created: 3693555   present: 17002   in FES: 254
** Event #4139264   t=184.535955820135   Elapsed: 201.388s (3m 21s)  36% completed  (68% total)
     Speed:     ev/sec=13759.7   simsec/sec=0.489377   ev/simsec=28116.7
     Messages:  created: 3715894   present: 17253   in FES: 252
** Event #4165888   t=185.533820940685   Elapsed: 203.398s (3m 23s)  37% completed  (68% total)
     Speed:     ev/sec=13244.1   simsec/sec=0.496388   ev/simsec=26681
     Messages:  created: 3737234   present: 17397   in FES: 232
** Event #4194816   t=186.536402417348   Elapsed: 205.428s (3m 25s)  37% completed  (68% total)
     Speed:     ev/sec=14255.1   simsec/sec=0.494049   ev/simsec=28853.5
     Messages:  created: 3760508   present: 17600   in FES: 235
** Event #4223232   t=187.545252235796   Elapsed: 207.429s (3m 27s)  37% completed  (68% total)
     Speed:     ev/sec=14198.4   simsec/sec=0.504083   ev/simsec=28166.7
     Messages:  created: 3783456   present: 17792   in FES: 241
** Event #4251392   t=188.552697212926   Elapsed: 209.46s (3m 29s)  37% completed  (68% total)
     Speed:     ev/sec=13865.4   simsec/sec=0.496043   ev/simsec=27951.9
     Messages:  created: 3806034   present: 17981   in FES: 236
** Event #4278272   t=189.545253746236   Elapsed: 211.494s (3m 31s)  37% completed  (68% total)
     Speed:     ev/sec=13214   simsec/sec=0.487935   ev/simsec=27081.6
     Messages:  created: 3827520   present: 18116   in FES: 215
** Event #4305664   t=190.535405050622   Elapsed: 213.535s (3m 33s)  38% completed  (69% total)
     Speed:     ev/sec=13419.3   simsec/sec=0.485075   ev/simsec=27664.5
     Messages:  created: 3849456   present: 18388   in FES: 229
** Event #4332288   t=191.534626799301   Elapsed: 215.561s (3m 35s)  38% completed  (69% total)
     Speed:     ev/sec=13142.2   simsec/sec=0.493238   ev/simsec=26644.7
     Messages:  created: 3870850   present: 18605   in FES: 238
** Event #4359680   t=192.534306181148   Elapsed: 217.564s (3m 37s)  38% completed  (69% total)
     Speed:     ev/sec=13674.5   simsec/sec=0.499056   ev/simsec=27400.8
     Messages:  created: 3892875   present: 18727   in FES: 212
** Event #4386304   t=193.531819458787   Elapsed: 219.583s (3m 39s)  38% completed  (69% total)
     Speed:     ev/sec=13189.9   simsec/sec=0.494183   ev/simsec=26690.4
     Messages:  created: 3914513   present: 19039   in FES: 249
** Event #4413440   t=194.531559037078   Elapsed: 221.606s (3m 41s)  38% completed  (69% total)
     Speed:     ev/sec=13410.4   simsec/sec=0.494062   ev/simsec=27143.1
     Messages:  created: 3936415   present: 19204   in FES: 238
** Event #4440320   t=195.52753678379   Elapsed: 223.615s (3m 43s)  39% completed  (69% total)
     Speed:     ev/sec=13378.7   simsec/sec=0.495718   ev/simsec=26988.6
     Messages:  created: 3957999   present: 19329   in FES: 214
** Event #4465408   t=196.522422906627   Elapsed: 225.632s (3m 45s)  39% completed  (69% total)
     Speed:     ev/sec=12442.8   simsec/sec=0.49343   ev/simsec=25217
     Messages:  created: 3978291   present: 19642   in FES: 254
** Event #4492800   t=197.525420878952   Elapsed: 227.641s (3m 47s)  39% completed  (69% total)
     Speed:     ev/sec=13634.3   simsec/sec=0.499238   ev/simsec=27310.1
     Messages:  created: 4001089   present: 20127   in FES: 407
** Event #4521216   t=198.528541830812   Elapsed: 229.663s (3m 49s)  39% completed  (69% total)
     Speed:     ev/sec=14054.7   simsec/sec=0.496148   ev/simsec=28327.6
     Messages:  created: 4024273   present: 19939   in FES: 214
** Event #4550400   t=199.556228223207   Elapsed: 231.676s (3m 51s)  39% completed  (69% total)
     Speed:     ev/sec=14494.3   simsec/sec=0.510403   ev/simsec=28397.8
     Messages:  created: 4048319   present: 20210   in FES: 244
** Event #4579072   t=200.586369570704   Elapsed: 233.69s (3m 53s)  40% completed  (70% total)
     Speed:     ev/sec=14234.1   simsec/sec=0.511409   ev/simsec=27833.1
     Messages:  created: 4072157   present: 20400   in FES: 254
** Event #4606208   t=201.597027440466   Elapsed: 235.697s (3m 55s)  40% completed  (70% total)
     Speed:     ev/sec=13524.2   simsec/sec=0.503699   ev/simsec=26849.8
     Messages:  created: 4094816   present: 20593   in FES: 254
** Event #4648192   t=203.522948853132   Elapsed: 237.727s (3m 57s)  40% completed  (70% total)
     Speed:     ev/sec=20682.7   simsec/sec=0.948774   ev/simsec=21799.4
     Messages:  created: 4129632   present: 20960   in FES: 225
** Event #4679424   t=204.572391360432   Elapsed: 239.746s (3m 59s)  40% completed  (70% total)
     Speed:     ev/sec=15469.2   simsec/sec=0.519789   ev/simsec=29760.6
     Messages:  created: 4156604   present: 21206   in FES: 243
** Event #4720896   t=206.516558993817   Elapsed: 241.757s (4m 01s)  41% completed  (70% total)
     Speed:     ev/sec=20623.5   simsec/sec=0.966809   ev/simsec=21331.5
     Messages:  created: 4191401   present: 21590   in FES: 240
** Event #4751872   t=207.55580767996   Elapsed: 243.764s (4m 03s)  41% completed  (70% total)
     Speed:     ev/sec=15428   simsec/sec=0.51761   ev/simsec=29806.1
     Messages:  created: 4218043   present: 21798   in FES: 240
** Event #4795136   t=209.517559124186   Elapsed: 245.79s (4m 05s)  41% completed  (70% total)
     Speed:     ev/sec=21358.8   simsec/sec=0.968489   ev/simsec=22053.8
     Messages:  created: 4254531   present: 22182   in FES: 238
** Event #4827648   t=210.568915837772   Elapsed: 247.804s (4m 07s)  42% completed  (71% total)
     Speed:     ev/sec=16141.2   simsec/sec=0.521967   ev/simsec=30923.9
     Messages:  created: 4282412   present: 22430   in FES: 251
** Event #4871424   t=212.523559892934   Elapsed: 249.816s (4m 09s)  42% completed  (71% total)
     Speed:     ev/sec=21763.2   simsec/sec=0.971748   ev/simsec=22395.9
     Messages:  created: 4319258   present: 22758   in FES: 225
** Event #4903168   t=213.583652044803   Elapsed: 251.848s (4m 11s)  42% completed  (71% total)
     Speed:     ev/sec=15620.1   simsec/sec=0.521633   ev/simsec=29944.6
     Messages:  created: 4346636   present: 23019   in FES: 248
** Event #4946176   t=215.522422613131   Elapsed: 253.861s (4m 13s)  43% completed  (71% total)
     Speed:     ev/sec=21361.9   simsec/sec=0.962981   ev/simsec=22183.1
     Messages:  created: 4382557   present: 23432   in FES: 254
** Event #4978432   t=216.583652095702   Elapsed: 255.883s (4m 15s)  43% completed  (71% total)
     Speed:     ev/sec=15957.9   simsec/sec=0.525019   ev/simsec=30394.9
     Messages:  created: 4410186   present: 23607   in FES: 244
** Event #5017600   t=218.084396875949   Elapsed: 257.887s (4m 17s)  43% completed  (71% total)
     Speed:     ev/sec=19540.1   simsec/sec=0.748689   ev/simsec=26099
     Messages:  created: 4442752   present: 23798   in FES: 205
** Event #5048832   t=219.524625729929   Elapsed: 259.916s (4m 19s)  43% completed  (71% total)
     Speed:     ev/sec=15391.9   simsec/sec=0.709781   ev/simsec=21685.4
     Messages:  created: 4468479   present: 24099   in FES: 204
** Event #5075200   t=220.525399786884   Elapsed: 261.94s (4m 21s)  44% completed  (72% total)
     Speed:     ev/sec=13027.2   simsec/sec=0.494437   ev/simsec=26347.6
     Messages:  created: 4490396   present: 24432   in FES: 247
** Event #5103104   t=221.54433494373   Elapsed: 263.95s (4m 23s)  44% completed  (72% total)
     Speed:     ev/sec=13887.1   simsec/sec=0.507097   ev/simsec=27385.5
     Messages:  created: 4514006   present: 24575   in FES: 234
** Event #5131776   t=222.566089602235   Elapsed: 265.962s (4m 25s)  44% completed  (72% total)
     Speed:     ev/sec=14248.7   simsec/sec=0.507766   ev/simsec=28061.5
     Messages:  created: 4537997   present: 24816   in FES: 254
** Event #5158400   t=223.57657192374   Elapsed: 268.01s (4m 28s)  44% completed  (72% total)
     Speed:     ev/sec=12997.6   simsec/sec=0.493309   ev/simsec=26347.8
     Messages:  created: 4560033   present: 25010   in FES: 254
** Event #5186560   t=224.595507579541   Elapsed: 270.036s (4m 30s)  44% completed  (72% total)
     Speed:     ev/sec=13900.7   simsec/sec=0.502981   ev/simsec=27636.7
     Messages:  created: 4583252   present: 25121   in FES: 214
** Event #5212160   t=225.587831727625   Elapsed: 272.079s (4m 32s)  45% completed  (72% total)
     Speed:     ev/sec=12530.5   simsec/sec=0.485716   ev/simsec=25798
     Messages:  created: 4604430   present: 25386   in FES: 235
** Event #5240064   t=226.579394028891   Elapsed: 274.094s (4m 34s)  45% completed  (72% total)
     Speed:     ev/sec=13848.2   simsec/sec=0.492093   ev/simsec=28141.4
     Messages:  created: 4628157   present: 25588   in FES: 240
** Event #5295872   t=227.541187796654   Elapsed: 276.115s (4m 36s)  45% completed  (72% total)
     Speed:     ev/sec=27611.3   simsec/sec=0.475852   ev/simsec=58024.9
     Messages:  created: 4693368   present: 25738   in FES: 243
** Event #5339904   t=228.527560067806   Elapsed: 278.15s (4m 38s)  45% completed  (72% total)
     Speed:     ev/sec=21645.2   simsec/sec=0.484879   ev/simsec=44640.3
     Messages:  created: 4739781   present: 25999   in FES: 272
** Event #5367808   t=228.731405060516   Elapsed: 280.15s (4m 40s)  45% completed  (72% total)
     Speed:     ev/sec=13949.8   simsec/sec=0.101906   ev/simsec=136888
     Messages:  created: 4772955   present: 26133   in FES: 321
** Event #5405440   t=229.571676396003   Elapsed: 282.157s (4m 42s)  45% completed  (72% total)
     Speed:     ev/sec=18747   simsec/sec=0.418595   ev/simsec=44785.5
     Messages:  created: 4811023   present: 26252   in FES: 293
** Event #5449216   t=230.534332680571   Elapsed: 284.191s (4m 44s)  46% completed  (73% total)
     Speed:     ev/sec=21524.1   simsec/sec=0.473327   ev/simsec=45474.2
     Messages:  created: 4858079   present: 26411   in FES: 276
** Event #5493504   t=231.029597221432   Elapsed: 286.195s (4m 46s)  46% completed  (73% total)
     Speed:     ev/sec=22105.6   simsec/sec=0.247203   ev/simsec=89422.9
     Messages:  created: 4912492   present: 26577   in FES: 301
** Event #5517824   t=231.588184816206   Elapsed: 288.227s (4m 48s)  46% completed  (73% total)
     Speed:     ev/sec=11963   simsec/sec=0.274769   ev/simsec=43538.4
     Messages:  created: 4932623   present: 26630   in FES: 279
** Event #5560320   t=232.558479334437   Elapsed: 290.24s (4m 50s)  46% completed  (73% total)
     Speed:     ev/sec=21118.8   simsec/sec=0.482196   ev/simsec=43797
     Messages:  created: 4977692   present: 26867   in FES: 294
** Event #5612800   t=233.505675708218   Elapsed: 292.256s (4m 52s)  46% completed  (73% total)
     Speed:     ev/sec=26031.2   simsec/sec=0.46983   ev/simsec=55405.6
     Messages:  created: 5037917   present: 26982   in FES: 275
** Event #5629184   t=233.615990908203   Elapsed: 294.26s (4m 54s)  46% completed  (73% total)
     Speed:     ev/sec=8175.68   simsec/sec=0.0550477   ev/simsec=148520
     Messages:  created: 5053294   present: 26957   in FES: 261
** Event #5667584   t=234.565139219054   Elapsed: 296.294s (4m 56s)  46% completed  (73% total)
     Speed:     ev/sec=18877.8   simsec/sec=0.466611   ev/simsec=40457.3
     Messages:  created: 5092263   present: 26751   in FES: 291
** Event #5691136   t=235.545157208651   Elapsed: 298.324s (4m 58s)  47% completed  (73% total)
     Speed:     ev/sec=11599.9   simsec/sec=0.482681   ev/simsec=24032.2
     Messages:  created: 5110865   present: 10752   in FES: 271
** Event #5716736   t=236.519793903808   Elapsed: 300.349s (5m 00s)  47% completed  (73% total)
     Speed:     ev/sec=12643.5   simsec/sec=0.48136   ev/simsec=26266.2
     Messages:  created: 5130777   present: 2285   in FES: 254
** Event #5728768   t=236.600986994821   Elapsed: 302.352s (5m 02s)  47% completed  (73% total)
     Speed:     ev/sec=6007.86   simsec/sec=0.0405416   ev/simsec=148190
     Messages:  created: 5140551   present: 2300   in FES: 243
** Event #5755136   t=237.585073454287   Elapsed: 304.353s (5m 04s)  47% completed  (73% total)
     Speed:     ev/sec=13174.7   simsec/sec=0.491697   ev/simsec=26794.4
     Messages:  created: 5161268   present: 2469   in FES: 231
** Event #5778688   t=238.546590877484   Elapsed: 306.371s (5m 06s)  47% completed  (73% total)
     Speed:     ev/sec=11673.2   simsec/sec=0.476563   ev/simsec=24494.6
     Messages:  created: 5179475   present: 2606   in FES: 211
** Event #5804544   t=239.527559076363   Elapsed: 308.406s (5m 08s)  47% completed  (73% total)
     Speed:     ev/sec=12704.7   simsec/sec=0.48201   ev/simsec=26357.6
     Messages:  created: 5199781   present: 2895   in FES: 242
** Event #5830400   t=240.505671818523   Elapsed: 310.423s (5m 10s)  48% completed  (74% total)
     Speed:     ev/sec=12817.4   simsec/sec=0.484873   ev/simsec=26434.6
     Messages:  created: 5220061   present: 3054   in FES: 235
** Event #5843456   t=240.594354767951   Elapsed: 312.463s (5m 12s)  48% completed  (74% total)
     Speed:     ev/sec=6399.76   simsec/sec=0.0434704   ev/simsec=147221
     Messages:  created: 5230531   present: 3045   in FES: 224
** Event #5868288   t=241.56514054623   Elapsed: 314.492s (5m 14s)  48% completed  (74% total)
     Speed:     ev/sec=12236.8   simsec/sec=0.478388   ev/simsec=25579.3
     Messages:  created: 5249815   present: 3191   in FES: 208
** Event #5894912   t=242.554818168082   Elapsed: 316.531s (5m 16s)  48% completed  (74% total)
     Speed:     ev/sec=13063.4   simsec/sec=0.485599   ev/simsec=26901.7
     Messages:  created: 5270747   present: 3425   in FES: 218
** Event #5920000   t=243.539120769197   Elapsed: 318.539s (5m 18s)  48% completed  (74% total)
     Speed:     ev/sec=12489.8   simsec/sec=0.490026   ev/simsec=25488.1
     Messages:  created: 5290511   present: 3671   in FES: 236
** Event #5945088   t=244.509870258928   Elapsed: 320.582s (5m 20s)  48% completed  (74% total)
     Speed:     ev/sec=12283.5   simsec/sec=0.475297   ev/simsec=25843.9
     Messages:  created: 5310207   present: 3865   in FES: 254
** Event #5958400   t=244.601979380913   Elapsed: 322.623s (5m 22s)  48% completed  (74% total)
     Speed:     ev/sec=6519.68   simsec/sec=0.0451114   ev/simsec=144524
     Messages:  created: 5320881   present: 3903   in FES: 244
** Event #5984512   t=245.585767413011   Elapsed: 324.646s (5m 24s)  49% completed  (74% total)
     Speed:     ev/sec=12912.5   simsec/sec=0.486487   ev/simsec=26542.3
     Messages:  created: 5341352   present: 4067   in FES: 231
** Event #6010624   t=246.564047841838   Elapsed: 326.679s (5m 26s)  49% completed  (74% total)
     Speed:     ev/sec=12841.7   simsec/sec=0.481112   ev/simsec=26691.7
     Messages:  created: 5361927   present: 4269   in FES: 232
** Event #6034176   t=247.543523944914   Elapsed: 328.681s (5m 28s)  49% completed  (74% total)
     Speed:     ev/sec=11766.1   simsec/sec=0.489327   ev/simsec=24045.5
     Messages:  created: 5380587   present: 4475   in FES: 234
** Event #6060288   t=248.535171987916   Elapsed: 330.706s (5m 30s)  49% completed  (74% total)
     Speed:     ev/sec=12893.1   simsec/sec=0.489637   ev/simsec=26331.9
     Messages:  created: 5401546   present: 4714   in FES: 254
** Event #6086144   t=249.519932685038   Elapsed: 332.728s (5m 32s)  49% completed  (74% total)
     Speed:     ev/sec=12789.3   simsec/sec=0.487096   ev/simsec=26256.1
     Messages:  created: 5422291   present: 4845   in FES: 228
** Event #6113024   t=250.514421471507   Elapsed: 334.748s (5m 34s)  50% completed  (75% total)
     Speed:     ev/sec=13306.9   simsec/sec=0.492319   ev/simsec=27029
     Messages:  created: 5443837   present: 5020   in FES: 221
** Event #6125056   t=250.616394545184   Elapsed: 336.751s (5m 36s)  50% completed  (75% total)
     Speed:     ev/sec=6004.57   simsec/sec=0.0508897   ev/simsec=117992
     Messages:  created: 5453759   present: 4978   in FES: 203
** Event #6150656   t=251.594354388773   Elapsed: 338.761s (5m 38s)  50% completed  (75% total)
     Speed:     ev/sec=12740.7   simsec/sec=0.486716   ev/simsec=26176.9
     Messages:  created: 5474544   present: 5248   in FES: 226
** Event #6178304   t=252.599133572118   Elapsed: 340.769s (5m 40s)  50% completed  (75% total)
     Speed:     ev/sec=13770.2   simsec/sec=0.500434   ev/simsec=27516.5
     Messages:  created: 5497130   present: 5506   in FES: 244
** Event #6206464   t=254.007728963784   Elapsed: 342.771s (5m 42s)  50% completed  (75% total)
     Speed:     ev/sec=14066.4   simsec/sec=0.703618   ev/simsec=19991.5
     Messages:  created: 5519915   present: 5881   in FES: 276
** Event #6236416   t=255.039708901111   Elapsed: 344.773s (5m 44s)  51% completed  (75% total)
     Speed:     ev/sec=14955.4   simsec/sec=0.515279   ev/simsec=29023.8
     Messages:  created: 5544371   present: 5947   in FES: 228
** Event #6260224   t=256.016419805274   Elapsed: 346.779s (5m 46s)  51% completed  (75% total)
     Speed:     ev/sec=11868.3   simsec/sec=0.486892   ev/simsec=24375.7
     Messages:  created: 5563941   present: 6172   in FES: 237
** Event #6287872   t=257.03097999231   Elapsed: 348.781s (5m 48s)  51% completed  (75% total)
     Speed:     ev/sec=13815.7   simsec/sec=0.506976   ev/simsec=27251.2
     Messages:  created: 5586682   present: 6384   in FES: 240
** Event #6320128   t=258.07204862544   Elapsed: 350.784s (5m 50s)  51% completed  (75% total)
     Speed:     ev/sec=16100.5   simsec/sec=0.519648   ev/simsec=30983.5
     Messages:  created: 5613375   present: 6581   in FES: 236
** Event #6351872   t=259.52350389536   Elapsed: 352.802s (5m 52s)  51% completed  (75% total)
     Speed:     ev/sec=15726.1   simsec/sec=0.719057   ev/simsec=21870.5
     Messages:  created: 5639409   present: 6850   in FES: 227
** Event #6381312   t=260.554571573018   Elapsed: 354.808s (5m 54s)  52% completed  (76% total)
     Speed:     ev/sec=14676   simsec/sec=0.513993   ev/simsec=28552.9
     Messages:  created: 5663889   present: 7095   in FES: 242
** Event #6410496   t=261.580043528026   Elapsed: 356.817s (5m 56s)  52% completed  (76% total)
     Speed:     ev/sec=14531.9   simsec/sec=0.510624   ev/simsec=28459.1
     Messages:  created: 5688308   present: 7319   in FES: 249
** Event #6444032   t=263.042154574682   Elapsed: 358.818s (5m 58s)  52% completed  (76% total)
     Speed:     ev/sec=16760   simsec/sec=0.730706   ev/simsec=22936.7
     Messages:  created: 5715893   present: 7594   in FES: 243
** Event #6480640   t=264.520869113327   Elapsed: 360.848s (6m 00s)  52% completed  (76% total)
     Speed:     ev/sec=18027.8   simsec/sec=0.728199   ev/simsec=24756.6
     Messages:  created: 5746852   present: 7814   in FES: 214
** Event #6510848   t=265.577704264992   Elapsed: 362.864s (6m 02s)  53% completed  (76% total)
     Speed:     ev/sec=14988.8   simsec/sec=0.524386   ev/simsec=28583.5
     Messages:  created: 5772608   present: 8082   in FES: 254
** Event #6539264   t=266.585980301782   Elapsed: 364.891s (6m 04s)  53% completed  (76% total)
     Speed:     ev/sec=14018.4   simsec/sec=0.49741   ev/simsec=28182.8
     Messages:  created: 5796134   present: 8243   in FES: 219
** Event #6573312   t=268.050976199975   Elapsed: 366.896s (6m 06s)  53% completed  (76% total)
     Speed:     ev/sec=16975.7   simsec/sec=0.730418   ev/simsec=23241
     Messages:  created: 5823869   present: 8548   in FES: 227
** Event #6599168   t=269.041576801802   Elapsed: 368.899s (6m 08s)  53% completed  (76% total)
     Speed:     ev/sec=12912.2   simsec/sec=0.494694   ev/simsec=26101.3
     Messages:  created: 5844723   present: 8735   in FES: 224
** Event #6628864   t=270.056185919744   Elapsed: 370.901s (6m 10s)  54% completed  (77% total)
     Speed:     ev/sec=14829.4   simsec/sec=0.506669   ev/simsec=29268.4
     Messages:  created: 5868964   present: 8917   in FES: 215
** Event #6654208   t=271.050976205019   Elapsed: 372.904s (6m 12s)  54% completed  (77% total)
     Speed:     ev/sec=12655.8   simsec/sec=0.496757   ev/simsec=25476.7
     Messages:  created: 5889657   present: 9169   in FES: 234
** Event #6675712   t=271.771555063315   Elapsed: 374.91s (6m 14s)  54% completed  (77% total)
     Speed:     ev/sec=10718.8   simsec/sec=0.359176   ev/simsec=29842.7
     Messages:  created: 5906889   present: 9214   in FES: 202
** Event #6698240   t=272.557092499852   Elapsed: 376.911s (6m 16s)  54% completed  (77% total)
     Speed:     ev/sec=11258.7   simsec/sec=0.392585   ev/simsec=28678.5
     Messages:  created: 5924713   present: 9475   in FES: 236
** Event #6722560   t=273.532720881417   Elapsed: 378.937s (6m 18s)  54% completed  (77% total)
     Speed:     ev/sec=12006.6   simsec/sec=0.481659   ev/simsec=24927.5
     Messages:  created: 5943613   present: 9718   in FES: 251
** Event #6739712   t=274.050976895312   Elapsed: 380.941s (6m 20s)  54% completed  (77% total)
     Speed:     ev/sec=8557.31   simsec/sec=0.258563   ev/simsec=33095.6
     Messages:  created: 5957297   present: 9697   in FES: 210
** Event #6759424   t=274.583661606476   Elapsed: 382.974s (6m 22s)  54% completed  (77% total)
     Speed:     ev/sec=9696.26   simsec/sec=0.262026   ev/simsec=37005
     Messages:  created: 5972838   present: 9862   in FES: 229
** Event #6785280   t=275.518867227959   Elapsed: 385.014s (6m 25s)  55% completed  (77% total)
     Speed:     ev/sec=12677.6   simsec/sec=0.458548   ev/simsec=27647.4
     Messages:  created: 5993144   present: 10154   in FES: 248
** Event #6810624   t=276.517730278888   Elapsed: 387.029s (6m 27s)  55% completed  (77% total)
     Speed:     ev/sec=12575.9   simsec/sec=0.495645   ev/simsec=25372.8
     Messages:  created: 6013333   present: 10807   in FES: 458
** Event #6835968   t=277.508562580873   Elapsed: 389.055s (6m 29s)  55% completed  (77% total)
     Speed:     ev/sec=12507.4   simsec/sec=0.488982   ev/simsec=25578.5
     Messages:  created: 6032538   present: 10411   in FES: 221
** Event #6853632   t=278.039708259121   Elapsed: 391.057s (6m 31s)  55% completed  (77% total)
     Speed:     ev/sec=8825.01   simsec/sec=0.265363   ev/simsec=33256.4
     Messages:  created: 6047239   present: 10622   in FES: 253
** Event #6876416   t=278.602515227117   Elapsed: 393.081s (6m 33s)  55% completed  (77% total)
     Speed:     ev/sec=11257.2   simsec/sec=0.278075   ev/simsec=40482.8
     Messages:  created: 6065969   present: 10666   in FES: 231
** Event #6901504   t=279.571040801275   Elapsed: 395.143s (6m 35s)  55% completed  (77% total)
     Speed:     ev/sec=12162.1   simsec/sec=0.46952   ev/simsec=25903.3
     Messages:  created: 6085396   present: 10775   in FES: 204
** Event #6927360   t=280.521871956531   Elapsed: 397.154s (6m 37s)  56% completed  (78% total)
     Speed:     ev/sec=12857.8   simsec/sec=0.472834   ev/simsec=27193.1
     Messages:  created: 6105809   present: 11101   in FES: 238
** Event #6953728   t=281.513867251403   Elapsed: 399.183s (6m 39s)  56% completed  (78% total)
     Speed:     ev/sec=12998.8   simsec/sec=0.489031   ev/simsec=26580.8
     Messages:  created: 6126238   present: 11290   in FES: 240
** Event #6980608   t=282.509729275656   Elapsed: 401.204s (6m 41s)  56% completed  (78% total)
     Speed:     ev/sec=13298.5   simsec/sec=0.49269   ev/simsec=26991.7
     Messages:  created: 6147603   present: 11580   in FES: 305
** Event #6992128   t=282.597256657722   Elapsed: 403.24s (6m 43s)  56% completed  (78% total)
     Speed:     ev/sec=5658.36   simsec/sec=0.0429915   ev/simsec=131616
     Messages:  created: 6157585   present: 11419   in FES: 216
** Event #7021056   t=284.002802813224   Elapsed: 405.241s (6m 45s)  56% completed  (78% total)
     Speed:     ev/sec=14457.4   simsec/sec=0.702454   ev/simsec=20581.3
     Messages:  created: 6180627   present: 11752   in FES: 235
** Event #7049216   t=284.597256705534   Elapsed: 407.244s (6m 47s)  56% completed  (78% total)
     Speed:     ev/sec=14059.2   simsec/sec=0.296787   ev/simsec=47371.2
     Messages:  created: 6203217   present: 11820   in FES: 217
** Event #7076096   t=285.584316701946   Elapsed: 409.257s (6m 49s)  57% completed  (78% total)
     Speed:     ev/sec=13354   simsec/sec=0.490373   ev/simsec=27232.4
     Messages:  created: 6224763   present: 12038   in FES: 221
** Event #7103744   t=286.583184081557   Elapsed: 411.262s (6m 51s)  57% completed  (78% total)
     Speed:     ev/sec=13786.4   simsec/sec=0.498076   ev/simsec=27679.4
     Messages:  created: 6246963   present: 12272   in FES: 231
** Event #7132160   t=287.586077419576   Elapsed: 413.263s (6m 53s)  57% completed  (78% total)
     Speed:     ev/sec=14204.3   simsec/sec=0.501318   ev/simsec=28334
     Messages:  created: 6269938   present: 12479   in FES: 233
** Event #7161856   t=289.007729498081   Elapsed: 415.267s (6m 55s)  57% completed  (78% total)
     Speed:     ev/sec=14818.3   simsec/sec=0.709405   ev/simsec=20888.4
     Messages:  created: 6294033   present: 12734   in FES: 228
** Event #7200256   t=290.088377619212   Elapsed: 417.271s (6m 57s)  58% completed  (79% total)
     Speed:     ev/sec=19159   simsec/sec=0.539172   ev/simsec=35534.2
     Messages:  created: 6325709   present: 12884   in FES: 203
** Event #7230464   t=291.54665432588   Elapsed: 419.308s (6m 59s)  58% completed  (79% total)
     Speed:     ev/sec=14831.3   simsec/sec=0.715975   ev/simsec=20714.9
     Messages:  created: 6351293   present: 13287   in FES: 254
** Event #7259904   t=292.578171672938   Elapsed: 421.336s (7m 01s)  58% completed  (79% total)
     Speed:     ev/sec=14516.5   simsec/sec=0.508628   ev/simsec=28540.5
     Messages:  created: 6376607   present: 13392   in FES: 204
** Event #7288064   t=293.69606597675   Elapsed: 423.351s (7m 03s)  58% completed  (79% total)
     Speed:     ev/sec=13974.4   simsec/sec=0.554755   ev/simsec=25190.2
     Messages:  created: 6400494   present: 13599   in FES: 202
** Event #7327488   t=295.517730741617   Elapsed: 425.374s (7m 05s)  59% completed  (79% total)
     Speed:     ev/sec=19489.6   simsec/sec=0.900555   ev/simsec=21641.7
     Messages:  created: 6433716   present: 14233   in FES: 305
** Event #7362560   t=297.007728432412   Elapsed: 427.374s (7m 07s)  59% completed  (79% total)
     Speed:     ev/sec=17533.2   simsec/sec=0.744878   ev/simsec=23538.3
     Messages:  created: 6464217   present: 14370   in FES: 239
** Event #7407872   t=298.581041855984   Elapsed: 429.379s (7m 09s)  59% completed  (79% total)
     Speed:     ev/sec=22601.1   simsec/sec=0.78475   ev/simsec=28800.4
     Messages:  created: 6503424   present: 14726   in FES: 254
** Event #7455744   t=300.577344379467   Elapsed: 431.411s (7m 11s)  60% completed  (80% total)
     Speed:     ev/sec=23555.9   simsec/sec=0.982303   ev/simsec=23980.3
     Messages:  created: 6544442   present: 15084   in FES: 234
** Event #7503360   t=302.57404410599   Elapsed: 433.416s (7m 13s)  60% completed  (80% total)
     Speed:     ev/sec=23755.9   simsec/sec=0.996164   ev/simsec=23847.4
     Messages:  created: 6585503   present: 15837   in FES: 356
** Event #7548928   t=304.535287775815   Elapsed: 435.425s (7m 15s)  60% completed  (80% total)
     Speed:     ev/sec=22675.6   simsec/sec=0.975958   ev/simsec=23234.2
     Messages:  created: 6624225   present: 15909   in FES: 248
** Event #7595264   t=306.512749945873   Elapsed: 437.429s (7m 17s)  61% completed  (80% total)
     Speed:     ev/sec=23122.9   simsec/sec=0.986805   ev/simsec=23432.1
     Messages:  created: 6663945   present: 16295   in FES: 254
** Event #7640064   t=308.072365077255   Elapsed: 439.431s (7m 19s)  61% completed  (80% total)
     Speed:     ev/sec=22373.5   simsec/sec=0.778883   ev/simsec=28725
     Messages:  created: 6702787   present: 16578   in FES: 235
** Event #7686656   t=310.060266124582   Elapsed: 441.431s (7m 21s)  62% completed  (81% total)
     Speed:     ev/sec=23296   simsec/sec=0.99395   ev/simsec=23437.8
     Messages:  created: 6743019   present: 17010   in FES: 245
** Event #7726080   t=311.583500740676   Elapsed: 443.439s (7m 23s)  62% completed  (81% total)
     Speed:     ev/sec=19637.7   simsec/sec=0.758748   ev/simsec=25881.8
     Messages:  created: 6777257   present: 17299   in FES: 236
** Event #7773696   t=313.580044194175   Elapsed: 445.459s (7m 25s)  62% completed  (81% total)
     Speed:     ev/sec=23571.3   simsec/sec=0.988346   ev/simsec=23849.2
     Messages:  created: 6818137   present: 17870   in FES: 305
** Event #7819264   t=315.561862126657   Elapsed: 447.473s (7m 27s)  63% completed  (81% total)
     Speed:     ev/sec=22629.7   simsec/sec=0.9842   ev/simsec=22993
     Messages:  created: 6856833   present: 17974   in FES: 203
** Event #7868416   t=317.568183300175   Elapsed: 449.476s (7m 29s)  63% completed  (81% total)
     Speed:     ev/sec=24539.6   simsec/sec=1.00167   ev/simsec=24498.6
     Messages:  created: 6899209   present: 18464   in FES: 233
** Event #7917056   t=319.568183290466   Elapsed: 451.49s (7m 31s)  63% completed  (81% total)
     Speed:     ev/sec=24142.6   simsec/sec=0.992706   ev/simsec=24320
     Messages:  created: 6941143   present: 18849   in FES: 228
** Event #7965440   t=321.568183084878   Elapsed: 453.493s (7m 33s)  64% completed  (82% total)
     Speed:     ev/sec=24163.5   simsec/sec=0.998822   ev/simsec=24192
     Messages:  created: 6982975   present: 19285   in FES: 240
** Event #8010496   t=323.521872241998   Elapsed: 455.493s (7m 35s)  64% completed  (82% total)
     Speed:     ev/sec=22520   simsec/sec=0.976496   ev/simsec=23062
     Messages:  created: 7021809   present: 19653   in FES: 228
** Event #8060672   t=325.547615933405   Elapsed: 457.495s (7m 37s)  65% completed  (82% total)
     Speed:     ev/sec=25074.5   simsec/sec=1.01233   ev/simsec=24769.2
     Messages:  created: 7065249   present: 20120   in FES: 253
** Event #8109312   t=327.549492964466   Elapsed: 459.503s (7m 39s)  65% completed  (82% total)
     Speed:     ev/sec=24221.4   simsec/sec=0.996882   ev/simsec=24297.2
     Messages:  created: 7107291   present: 20522   in FES: 253
** Event #8157952   t=329.551085960395   Elapsed: 461.506s (7m 41s)  65% completed  (82% total)
     Speed:     ev/sec=24274.7   simsec/sec=0.998932   ev/simsec=24300.6
     Messages:  created: 7149315   present: 20913   in FES: 254
** Event #8204288   t=331.521871859738   Elapsed: 463.508s (7m 43s)  66% completed  (83% total)
     Speed:     ev/sec=23144.9   simsec/sec=0.984411   ev/simsec=23511.4
     Messages:  created: 7189209   present: 21289   in FES: 240
** Event #8249856   t=333.090028187026   Elapsed: 465.512s (7m 45s)  66% completed  (83% total)
     Speed:     ev/sec=22748.2   simsec/sec=0.782845   ev/simsec=29058.3
     Messages:  created: 7228729   present: 21621   in FES: 254
** Event #8288512   t=335.020679855329   Elapsed: 467.515s (7m 47s)  67% completed  (83% total)
     Speed:     ev/sec=19299.1   simsec/sec=0.963882   ev/simsec=20022.3
     Messages:  created: 7262229   present: 21992   in FES: 245
** Event #8332800   t=336.583128085372   Elapsed: 469.523s (7m 49s)  67% completed  (83% total)
     Speed:     ev/sec=22049.7   simsec/sec=0.777896   ev/simsec=28345.3
     Messages:  created: 7300740   present: 22256   in FES: 223
** Event #8381696   t=338.588608055133   Elapsed: 471.539s (7m 51s)  67% completed  (83% total)
     Speed:     ev/sec=24255.4   simsec/sec=0.994839   ev/simsec=24381.2
     Messages:  created: 7342997   present: 22709   in FES: 244
** Event #8434176   t=341.025252827187   Elapsed: 473.542s (7m 53s)  68% completed  (84% total)
     Speed:     ev/sec=26204.7   simsec/sec=1.21668   ev/simsec=21537.8
     Messages:  created: 7387997   present: 23100   in FES: 213
** Event #8483072   t=343.029034587932   Elapsed: 475.543s (7m 55s)  68% completed  (84% total)
     Speed:     ev/sec=24429.8   simsec/sec=1.00114   ev/simsec=24401.9
     Messages:  created: 7430252   present: 23594   in FES: 244
** Event #8532736   t=345.039654261534   Elapsed: 477.543s (7m 57s)  69% completed  (84% total)
     Speed:     ev/sec=24829   simsec/sec=1.00519   ev/simsec=24700.8
     Messages:  created: 7473115   present: 23979   in FES: 254
** Event #8581376   t=347.041521923686   Elapsed: 479.545s (7m 59s)  69% completed  (84% total)
     Speed:     ev/sec=24300.2   simsec/sec=1.00012   ev/simsec=24297.3
     Messages:  created: 7515050   present: 24273   in FES: 204
** Event #8625152   t=348.598952656577   Elapsed: 481.556s (8m 01s)  69% completed  (84% total)
     Speed:     ev/sec=21773.6   simsec/sec=0.774647   ev/simsec=28107.8
     Messages:  created: 7553256   present: 24661   in FES: 229
** Event #8681472   t=351.076705262822   Elapsed: 483.556s (8m 03s)  70% completed  (85% total)
     Speed:     ev/sec=28149.1   simsec/sec=1.2384   ev/simsec=22730.3
     Messages:  created: 7602690   present: 25131   in FES: 219
** Event #8729344   t=353.523011906008   Elapsed: 485.574s (8m 05s)  70% completed  (85% total)
     Speed:     ev/sec=23722.8   simsec/sec=1.21226   ev/simsec=19569.1
     Messages:  created: 7646459   present: 25616   in FES: 232
** Event #8790528   t=355.532779696674   Elapsed: 487.577s (8m 07s)  71% completed  (85% total)
     Speed:     ev/sec=30556.3   simsec/sec=1.00371   ev/simsec=30443.3
     Messages:  created: 7711930   present: 26084   in FES: 288
** Event #8870912   t=356.728195584008   Elapsed: 489.579s (8m 09s)  71% completed  (85% total)
     Speed:     ev/sec=40154.5   simsec/sec=0.59715   ev/simsec=67243.5
     Messages:  created: 7809216   present: 26392   in FES: 308
** Event #8962048   t=359.512975115987   Elapsed: 491.582s (8m 11s)  71% completed  (85% total)
     Speed:     ev/sec=45479.1   simsec/sec=1.38967   ev/simsec=32726.5
     Messages:  created: 7911058   present: 26817   in FES: 253
** Event #9031168   t=362.571188448388   Elapsed: 493.583s (8m 13s)  72% completed  (86% total)
     Speed:     ev/sec=34543   simsec/sec=1.52835   ev/simsec=22601.4
     Messages:  created: 7977940   present: 10804   in FES: 276
** Event #9092352   t=365.571737899098   Elapsed: 495.591s (8m 15s)  73% completed  (86% total)
     Speed:     ev/sec=30484.1   simsec/sec=1.49499   ev/simsec=20390.9
     Messages:  created: 8035599   present: 2726   in FES: 250
** Event #9168896   t=369.530170204843   Elapsed: 497.592s (8m 17s)  73% completed  (86% total)
     Speed:     ev/sec=38235.5   simsec/sec=1.97733   ev/simsec=19336.9
     Messages:  created: 8107601   present: 3480   in FES: 254
** Event #9237248   t=372.602533899696   Elapsed: 499.594s (8m 19s)  74% completed  (87% total)
     Speed:     ev/sec=34148.2   simsec/sec=1.53493   ev/simsec=22247.4
     Messages:  created: 8172261   present: 4108   in FES: 244
** Event #9311232   t=376.534202559782   Elapsed: 501.605s (8m 21s)  75% completed  (87% total)
     Speed:     ev/sec=36797.1   simsec/sec=1.95548   ev/simsec=18817.5
     Messages:  created: 8241851   present: 4893   in FES: 241
** Event #9377024   t=379.583750017019   Elapsed: 503.608s (8m 23s)  75% completed  (87% total)
     Speed:     ev/sec=32846.4   simsec/sec=1.52247   ev/simsec=21574.3
     Messages:  created: 8304009   present: 5402   in FES: 210
** Event #9448192   t=383.076702835807   Elapsed: 505.609s (8m 25s)  76% completed  (88% total)
     Speed:     ev/sec=35567.1   simsec/sec=1.74565   ev/simsec=20374.7
     Messages:  created: 8371124   present: 6195   in FES: 240
** Event #9512960   t=386.527459200749   Elapsed: 507.611s (8m 27s)  77% completed  (88% total)
     Speed:     ev/sec=32344.3   simsec/sec=1.72326   ev/simsec=18769.2
     Messages:  created: 8432005   present: 6903   in FES: 247
** Event #9580544   t=389.593102724617   Elapsed: 509.618s (8m 29s)  77% completed  (88% total)
     Speed:     ev/sec=33670.6   simsec/sec=1.52731   ev/simsec=22045.6
     Messages:  created: 8495870   present: 7388   in FES: 204
** Event #9659392   t=393.57162905136   Elapsed: 511.623s (8m 31s)  78% completed  (89% total)
     Speed:     ev/sec=39325.1   simsec/sec=1.98427   ev/simsec=19818.4
     Messages:  created: 8570167   present: 8244   in FES: 222
** Event #9735168   t=397.515543070963   Elapsed: 513.634s (8m 33s)  79% completed  (89% total)
     Speed:     ev/sec=37687.6   simsec/sec=1.96153   ev/simsec=19213.4
     Messages:  created: 8641457   present: 9102   in FES: 246
** Event #9797120   t=400.531641365262   Elapsed: 515.64s (8m 35s)  80% completed  (90% total)
     Speed:     ev/sec=30876.5   simsec/sec=1.50321   ev/simsec=20540.4
     Messages:  created: 8699872   present: 9687   in FES: 240
** Event #9867520   t=404.025247764527   Elapsed: 517.641s (8m 37s)  80% completed  (90% total)
     Speed:     ev/sec=35192.1   simsec/sec=1.74641   ev/simsec=20151.1
     Messages:  created: 8766219   present: 10412   in FES: 250
** Event #9941504   t=407.560705015642   Elapsed: 519.645s (8m 39s)  81% completed  (90% total)
     Speed:     ev/sec=36914.2   simsec/sec=1.76401   ev/simsec=20926.3
     Messages:  created: 8836029   present: 11124   in FES: 250
** Event #10003200   t=410.55668537919   Elapsed: 521.653s (8m 41s)  82% completed  (91% total)
     Speed:     ev/sec=30731.3   simsec/sec=1.49232   ev/simsec=20592.9
     Messages:  created: 8893229   present: 11656   in FES: 228
** Event #10065920   t=413.521403777207   Elapsed: 523.656s (8m 43s)  82% completed  (91% total)
     Speed:     ev/sec=31306.7   simsec/sec=1.47984   ev/simsec=21155.5
     Messages:  created: 8950538   present: 12316   in FES: 245
** Event #10116352   t=415.585310924499   Elapsed: 525.666s (8m 45s)  83% completed  (91% total)
     Speed:     ev/sec=25087.5   simsec/sec=1.0267   ev/simsec=24435.2
     Messages:  created: 8995920   present: 12693   in FES: 254
** Event #10163456   t=417.607981030502   Elapsed: 527.677s (8m 47s)  83% completed  (91% total)
     Speed:     ev/sec=23427.5   simsec/sec=1.00599   ev/simsec=23288
     Messages:  created: 9037646   present: 13018   in FES: 215
** Event #10214144   t=420.043699716635   Elapsed: 529.679s (8m 49s)  84% completed  (92% total)
     Speed:     ev/sec=25319.4   simsec/sec=1.21667   ev/simsec=20810.3
     Messages:  created: 9082234   present: 13631   in FES: 254
** Event #10254080   t=421.582993062439   Elapsed: 531.686s (8m 51s)  84% completed  (92% total)
     Speed:     ev/sec=19901.6   simsec/sec=0.767086   ev/simsec=25944.4
     Messages:  created: 9117685   present: 13892   in FES: 254
** Event #10299392   t=423.591932652043   Elapsed: 533.687s (8m 53s)  84% completed  (92% total)
     Speed:     ev/sec=22644.2   simsec/sec=1.00395   ev/simsec=22555.2
     Messages:  created: 9158312   present: 14333   in FES: 252
** Event #10358272   t=426.521811571269   Elapsed: 535.708s (8m 55s)  85% completed  (92% total)
     Speed:     ev/sec=29127.4   simsec/sec=1.44939   ev/simsec=20096.4
     Messages:  created: 9210753   present: 14884   in FES: 240
** Event #10403328   t=428.51579784634   Elapsed: 537.715s (8m 57s)  85% completed  (92% total)
     Speed:     ev/sec=22453.4   simsec/sec=0.99369   ev/simsec=22595.9
     Messages:  created: 9250861   present: 15262   in FES: 234
** Event #10453504   t=430.567701950054   Elapsed: 539.724s (8m 59s)  86% completed  (93% total)
     Speed:     ev/sec=24975.8   simsec/sec=1.02137   ev/simsec=24453.4
     Messages:  created: 9296243   present: 15615   in FES: 213
** Event #10501632   t=432.594640880184   Elapsed: 541.737s (9m 01s)  86% completed  (93% total)
     Speed:     ev/sec=23907.9   simsec/sec=1.0069   ev/simsec=23744.2
     Messages:  created: 9339937   present: 16128   in FES: 250
** Event #10558208   t=435.522737443086   Elapsed: 543.743s (9m 03s)  87% completed  (93% total)
     Speed:     ev/sec=28195.2   simsec/sec=1.45925   ev/simsec=19321.8
     Messages:  created: 9390860   present: 16730   in FES: 255
** Event #10601216   t=437.517675989178   Elapsed: 545.754s (9m 05s)  87% completed  (93% total)
     Speed:     ev/sec=21391.4   simsec/sec=0.992245   ev/simsec=21558.6
     Messages:  created: 9430253   present: 17104   in FES: 254
** Event #10657536   t=440.054831975302   Elapsed: 547.757s (9m 07s)  88% completed  (94% total)
     Speed:     ev/sec=28109.7   simsec/sec=1.26631   ev/simsec=22198.1
     Messages:  created: 9482433   present: 17599   in FES: 243
** Event #10718720   t=443.052635978811   Elapsed: 549.76s (9m 09s)  88% completed  (94% total)
     Speed:     ev/sec=30550.6   simsec/sec=1.49687   ev/simsec=20409.6
     Messages:  created: 9539821   present: 18228   in FES: 252
** Event #10777856   t=446.039708198462   Elapsed: 551.765s (9m 11s)  89% completed  (94% total)
     Speed:     ev/sec=29502   simsec/sec=1.4902   ev/simsec=19797.3
     Messages:  created: 9595445   present: 18816   in FES: 250
** Event #10849536   t=449.55174818653   Elapsed: 553.771s (9m 13s)  89% completed  (94% total)
     Speed:     ev/sec=35728.7   simsec/sec=1.75057   ev/simsec=20409.8
     Messages:  created: 9663087   present: 19529   in FES: 253
** Event #10925568   t=453.088376226057   Elapsed: 555.772s (9m 15s)  90% completed  (95% total)
     Speed:     ev/sec=37989.7   simsec/sec=1.76709   ev/simsec=21498.4
     Messages:  created: 9734897   present: 20171   in FES: 231
** Event #10993152   t=456.564110238736   Elapsed: 557.777s (9m 17s)  91% completed  (95% total)
     Speed:     ev/sec=33712.6   simsec/sec=1.73378   ev/simsec=19444.5
     Messages:  created: 9798449   present: 20831   in FES: 217
** Event #11068928   t=460.515543089957   Elapsed: 559.783s (9m 19s)  92% completed  (96% total)
     Speed:     ev/sec=37766.1   simsec/sec=1.96936   ev/simsec=19176.8
     Messages:  created: 9869739   present: 21693   in FES: 245
** Event #11136256   t=463.581085453335   Elapsed: 561.789s (9m 21s)  92% completed  (96% total)
     Speed:     ev/sec=33574.2   simsec/sec=1.52868   ev/simsec=21962.8
     Messages:  created: 9933409   present: 22279   in FES: 236
** Event #11208192   t=467.082572381209   Elapsed: 563.791s (9m 23s)  93% completed  (96% total)
     Speed:     ev/sec=35935.1   simsec/sec=1.74914   ev/simsec=20544.4
     Messages:  created: 10001248   present: 22924   in FES: 218
** Event #11274752   t=470.550495120256   Elapsed: 565.794s (9m 25s)  94% completed  (97% total)
     Speed:     ev/sec=33219.6   simsec/sec=1.73081   ev/simsec=19193
     Messages:  created: 10063861   present: 23674   in FES: 234
** Event #11345920   t=474.045661096855   Elapsed: 567.795s (9m 27s)  94% completed  (97% total)
     Speed:     ev/sec=35566   simsec/sec=1.7467   ev/simsec=20361.8
     Messages:  created: 10130967   present: 24404   in FES: 244
** Event #11419904   t=477.581083170331   Elapsed: 569.8s (9m 29s)  95% completed  (97% total)
     Speed:     ev/sec=36902.4   simsec/sec=1.76343   ev/simsec=20926.5
     Messages:  created: 10200858   present: 25125   in FES: 250
** Event #11495680   t=481.530980592886   Elapsed: 571.804s (9m 31s)  96% completed  (98% total)
     Speed:     ev/sec=37819.6   simsec/sec=1.97138   ev/simsec=19184.3
     Messages:  created: 10272146   present: 25923   in FES: 288
** Event #11568128   t=485.042104476516   Elapsed: 573.807s (9m 33s)  97% completed  (98% total)
     Speed:     ev/sec=36157.2   simsec/sec=1.75233   ev/simsec=20633.8
     Messages:  created: 10340501   present: 26652   in FES: 304
** Event #11636224   t=488.515543202111   Elapsed: 575.809s (9m 35s)  97% completed  (98% total)
     Speed:     ev/sec=34022.9   simsec/sec=1.73544   ev/simsec=19604.8
     Messages:  created: 10404529   present: 26816   in FES: 287
** Event #11685120   t=490.591932691474   Elapsed: 577.81s (9m 37s)  98% completed  (99% total)
     Speed:     ev/sec=24429.9   simsec/sec=1.03743   ev/simsec=23548.6
     Messages:  created: 10450941   present: 2344   in FES: 252
** Event #11758592   t=494.522974115625   Elapsed: 579.818s (9m 39s)  98% completed  (99% total)
     Speed:     ev/sec=36602.5   simsec/sec=1.95838   ev/simsec=18690.2
     Messages:  created: 10519835   present: 3010   in FES: 212
** Event #11820032   t=497.531078573748   Elapsed: 581.822s (9m 41s)  99% completed  (99% total)
     Speed:     ev/sec=30657.7   simsec/sec=1.501   ev/simsec=20424.8
     Messages:  created: 10577842   present: 3715   in FES: 246
** Event #11868552   t=500   Elapsed: 583.193s (9m 43s)  100% completed  (100% total)
     Speed:     ev/sec=35372.6   simsec/sec=1.79817   ev/simsec=19671.5
     Messages:  created: 10623443   present: 4065   in FES: 202

<!> Simulation time limit reached -- at t=500s, event #11868552
undisposed object: (omnetpp::cMessage) FanetSarNetwork.groundStation.app.debugTimer -- check module destructor
undisposed object: (omnetpp::cMessage) FanetSarNetwork.uav[0].app.debugTimer -- check module destructor
undisposed object: (omnetpp::cMessage) FanetSarNetwork.uav[1].app.debugTimer -- check module destructor
undisposed object: (omnetpp::cMessage) FanetSarNetwork.uav[2].app.debugTimer -- check module destructor
undisposed object: (omnetpp::cMessage) FanetSarNetwork.uav[3].app.debugTimer -- check module destructor
undisposed object: (omnetpp::cMessage) FanetSarNetwork.uav[4].app.debugTimer -- check module destructor
undisposed object: (omnetpp::cMessage) FanetSarNetwork.uav[5].app.debugTimer -- check module destructor
undisposed object: (omnetpp::cMessage) FanetSarNetwork.uav[6].app.debugTimer -- check module destructor
undisposed object: (omnetpp::cMessage) FanetSarNetwork.uav[7].app.debugTimer -- check module destructor
undisposed object: (omnetpp::cMessage) FanetSarNetwork.uav[8].app.debugTimer -- check module destructor
undisposed object: (omnetpp::cMessage) FanetSarNetwork.uav[9].app.debugTimer -- check module destructor
undisposed object: (omnetpp::cMessage) FanetSarNetwork.uav[10].app.debugTimer -- check module destructor
undisposed object: (omnetpp::cMessage) FanetSarNetwork.uav[11].app.debugTimer -- check module destructor
undisposed object: (omnetpp::cMessage) FanetSarNetwork.uav[12].app.debugTimer -- check module destructor
undisposed object: (omnetpp::cMessage) FanetSarNetwork.uav[13].app.debugTimer -- check module destructor
undisposed object: (omnetpp::cMessage) FanetSarNetwork.uav[14].app.debugTimer -- check module destructor
undisposed object: (omnetpp::cMessage) FanetSarNetwork.uav[15].app.debugTimer -- check module destructor
undisposed object: (omnetpp::cMessage) FanetSarNetwork.uav[16].app.debugTimer -- check module destructor
undisposed object: (omnetpp::cMessage) FanetSarNetwork.uav[17].app.debugTimer -- check module destructor
undisposed object: (omnetpp::cMessage) FanetSarNetwork.uav[18].app.debugTimer -- check module destructor
undisposed object: (omnetpp::cMessage) FanetSarNetwork.uav[19].app.debugTimer -- check module destructor
undisposed object: (omnetpp::cMessage) FanetSarNetwork.uav[20].app.debugTimer -- check module destructor
undisposed object: (omnetpp::cMessage) FanetSarNetwork.uav[21].app.debugTimer -- check module destructor
undisposed object: (omnetpp::cMessage) FanetSarNetwork.uav[22].app.debugTimer -- check module destructor
undisposed object: (omnetpp::cMessage) FanetSarNetwork.uav[23].app.debugTimer -- check module destructor
undisposed object: (omnetpp::cMessage) FanetSarNetwork.uav[24].app.debugTimer -- check module destructor
undisposed object: (omnetpp::cMessage) FanetSarNetwork.uav[25].app.debugTimer -- check module destructor
undisposed object: (omnetpp::cMessage) FanetSarNetwork.uav[26].app.debugTimer -- check module destructor
undisposed object: (omnetpp::cMessage) FanetSarNetwork.uav[27].app.debugTimer -- check module destructor
undisposed object: (omnetpp::cMessage) FanetSarNetwork.uav[28].app.debugTimer -- check module destructor
undisposed object: (omnetpp::cMessage) FanetSarNetwork.uav[29].app.debugTimer -- check module destructor
undisposed object: (omnetpp::cMessage) FanetSarNetwork.uav[30].app.debugTimer -- check module destructor
undisposed object: (omnetpp::cMessage) FanetSarNetwork.uav[31].app.debugTimer -- check module destructor
undisposed object: (omnetpp::cMessage) FanetSarNetwork.uav[32].app.debugTimer -- check module destructor
undisposed object: (omnetpp::cMessage) FanetSarNetwork.uav[33].app.debugTimer -- check module destructor
undisposed object: (omnetpp::cMessage) FanetSarNetwork.uav[34].app.debugTimer -- check module destructor
undisposed object: (omnetpp::cMessage) FanetSarNetwork.uav[35].app.debugTimer -- check module destructor
undisposed object: (omnetpp::cMessage) FanetSarNetwork.uav[36].app.debugTimer -- check module destructor
undisposed object: (omnetpp::cMessage) FanetSarNetwork.uav[37].app.debugTimer -- check module destructor
undisposed object: (omnetpp::cMessage) FanetSarNetwork.uav[38].app.debugTimer -- check module destructor
undisposed object: (omnetpp::cMessage) FanetSarNetwork.uav[39].app.debugTimer -- check module destructor
undisposed object: (omnetpp::cMessage) FanetSarNetwork.uav[40].app.debugTimer -- check module destructor
undisposed object: (omnetpp::cMessage) FanetSarNetwork.uav[41].app.debugTimer -- check module destructor
undisposed object: (omnetpp::cMessage) FanetSarNetwork.uav[42].app.debugTimer -- check module destructor
undisposed object: (omnetpp::cMessage) FanetSarNetwork.uav[43].app.debugTimer -- check module destructor
undisposed object: (omnetpp::cMessage) FanetSarNetwork.uav[44].app.debugTimer -- check module destructor
undisposed object: (omnetpp::cMessage) FanetSarNetwork.uav[45].app.debugTimer -- check module destructor
undisposed object: (omnetpp::cMessage) FanetSarNetwork.uav[46].app.debugTimer -- check module destructor
undisposed object: (omnetpp::cMessage) FanetSarNetwork.uav[47].app.debugTimer -- check module destructor
undisposed object: (omnetpp::cMessage) FanetSarNetwork.uav[48].app.debugTimer -- check module destructor
undisposed object: (omnetpp::cMessage) FanetSarNetwork.uav[49].app.debugTimer -- check module destructor
