** Event #0   t=0   Elapsed: 1.6e-05s (0m 00s)  0% completed  (0% total)
     Speed:     ev/sec=0   simsec/sec=0   ev/simsec=0
     Messages:  created: 1178   present: 1178   in FES: 186
** Event #104192   t=15.076794632152   Elapsed: 2.00335s (0m 02s)  3% completed  (1% total)
     Speed:     ev/sec=52009.7   simsec/sec=7.52584   ev/simsec=6910.82
     Messages:  created: 105762   present: 1190   in FES: 147
** Event #205568   t=30.086632715909   Elapsed: 4.00681s (0m 04s)  6% completed  (3% total)
     Speed:     ev/sec=50600.3   simsec/sec=7.49194   ev/simsec=6753.97
     Messages:  created: 207612   present: 1211   in FES: 154
** Event #285440   t=42.015824176476   Elapsed: 6.01104s (0m 06s)  8% completed  (4% total)
     Speed:     ev/sec=39851.9   simsec/sec=5.95203   ev/simsec=6695.51
     Messages:  created: 286836   present: 1201   in FES: 154
** Event #335360   t=48.060129894284   Elapsed: 8.01467s (0m 08s)  9% completed  (4% total)
     Speed:     ev/sec=24914.8   simsec/sec=3.01668   ev/simsec=8259.01
     Messages:  created: 332148   present: 1176   in FES: 139
** Event #381696   t=53.544776417867   Elapsed: 10.0313s (0m 10s)  10% completed  (5% total)
     Speed:     ev/sec=22976.5   simsec/sec=2.71966   ev/simsec=8448.31
     Messages:  created: 372560   present: 1196   in FES: 147
** Event #435200   t=60.05025772743   Elapsed: 12.0353s (0m 12s)  12% completed  (6% total)
     Speed:     ev/sec=26699.1   simsec/sec=3.2463   ev/simsec=8224.45
     Messages:  created: 421008   present: 1211   in FES: 154
** Event #494592   t=67.095719523113   Elapsed: 14.0409s (0m 14s)  13% completed  (6% total)
     Speed:     ev/sec=29612.4   simsec/sec=3.51282   ev/simsec=8429.82
     Messages:  created: 474970   present: 1188   in FES: 145
** Event #552960   t=74.54477637711   Elapsed: 16.0519s (0m 16s)  14% completed  (7% total)
     Speed:     ev/sec=29024.3   simsec/sec=3.70415   ev/simsec=7835.62
     Messages:  created: 528350   present: 1208   in FES: 151
** Event #608000   t=81.059788936595   Elapsed: 18.0554s (0m 18s)  16% completed  (8% total)
     Speed:     ev/sec=27472.7   simsec/sec=3.25191   ev/simsec=8448.18
     Messages:  created: 577678   present: 1168   in FES: 137
** Event #657664   t=87.059787446175   Elapsed: 20.0596s (0m 20s)  17% completed  (8% total)
     Speed:     ev/sec=24780.2   simsec/sec=2.99374   ev/simsec=8277.34
     Messages:  created: 621992   present: 1213   in FES: 152
** Event #712704   t=94.522951637587   Elapsed: 22.0657s (0m 22s)  18% completed  (9% total)
     Speed:     ev/sec=27435.7   simsec/sec=3.72016   ev/simsec=7374.89
     Messages:  created: 673271   present: 1259   in FES: 185
** Event #782336   t=104.052223655559   Elapsed: 24.0668s (0m 24s)  20% completed  (10% total)
     Speed:     ev/sec=34797.8   simsec/sec=4.76214   ev/simsec=7307.17
     Messages:  created: 740054   present: 1673   in FES: 182
** Event #846848   t=112.596630898785   Elapsed: 26.0734s (0m 26s)  22% completed  (11% total)
     Speed:     ev/sec=32148.8   simsec/sec=4.258   ev/simsec=7550.2
     Messages:  created: 800707   present: 1696   in FES: 154
** Event #909568   t=121.052223709601   Elapsed: 28.0758s (0m 28s)  24% completed  (12% total)
     Speed:     ev/sec=31323.1   simsec/sec=4.22282   ev/simsec=7417.58
     Messages:  created: 859046   present: 2708   in FES: 147
** Event #980992   t=130.565869132536   Elapsed: 30.0792s (0m 30s)  26% completed  (13% total)
     Speed:     ev/sec=35650.6   simsec/sec=4.74864   ev/simsec=7507.53
     Messages:  created: 926106   present: 3840   in FES: 145
** Event #1048576   t=139.598897863152   Elapsed: 32.0859s (0m 32s)  27% completed  (13% total)
     Speed:     ev/sec=33679.8   simsec/sec=4.50152   ev/simsec=7481.88
     Messages:  created: 989550   present: 4925   in FES: 154
** Event #1114624   t=148.531956297984   Elapsed: 34.0894s (0m 34s)  29% completed  (14% total)
     Speed:     ev/sec=32965.8   simsec/sec=4.45866   ev/simsec=7393.66
     Messages:  created: 1051042   present: 6031   in FES: 154
** Event #1180160   t=157.093759067918   Elapsed: 36.0924s (0m 36s)  31% completed  (15% total)
     Speed:     ev/sec=32719.3   simsec/sec=4.27454   ev/simsec=7654.46
     Messages:  created: 1112067   present: 7032   in FES: 154
** Event #1245952   t=166.040898508637   Elapsed: 38.0969s (0m 38s)  33% completed  (16% total)
     Speed:     ev/sec=32821.5   simsec/sec=4.46344   ev/simsec=7353.41
     Messages:  created: 1173255   present: 8111   in FES: 147
** Event #1308928   t=174.52295144955   Elapsed: 40.0982s (0m 40s)  34% completed  (17% total)
     Speed:     ev/sec=31467.9   simsec/sec=4.23832   ev/simsec=7424.62
     Messages:  created: 1231777   present: 9057   in FES: 124
** Event #1371392   t=182.593419226593   Elapsed: 42.1013s (0m 42s)  36% completed  (18% total)
     Speed:     ev/sec=31184.5   simsec/sec=4.0291   ev/simsec=7739.82
     Messages:  created: 1290195   present: 10015   in FES: 123
** Event #1435392   t=191.07868765496   Elapsed: 44.1083s (0m 44s)  38% completed  (19% total)
     Speed:     ev/sec=31887.6   simsec/sec=4.22773   ev/simsec=7542.48
     Messages:  created: 1349739   present: 11075   in FES: 135
** Event #1508096   t=201.040228193455   Elapsed: 46.1117s (0m 46s)  40% completed  (20% total)
     Speed:     ev/sec=36291.2   simsec/sec=4.97243   ev/simsec=7298.47
     Messages:  created: 1417843   present: 12317   in FES: 149
** Event #1558784   t=207.053181441031   Elapsed: 48.1149s (0m 48s)  41% completed  (20% total)
     Speed:     ev/sec=25303.1   simsec/sec=3.00163   ev/simsec=8429.8
     Messages:  created: 1462428   present: 13011   in FES: 140
** Event #1600000   t=211.550311299576   Elapsed: 50.1302s (0m 50s)  42% completed  (21% total)
     Speed:     ev/sec=20451.7   simsec/sec=2.23151   ev/simsec=9164.96
     Messages:  created: 1496504   present: 13574   in FES: 147
** Event #1645568   t=216.547311315559   Elapsed: 52.1352s (0m 52s)  43% completed  (21% total)
     Speed:     ev/sec=22727.4   simsec/sec=2.49229   ev/simsec=9119.07
     Messages:  created: 1534576   present: 14176   in FES: 149
** Event #1691392   t=221.54153677665   Elapsed: 54.1499s (0m 54s)  44% completed  (22% total)
     Speed:     ev/sec=22744.2   simsec/sec=2.47883   ev/simsec=9175.4
     Messages:  created: 1572815   present: 14732   in FES: 136
** Event #1739008   t=226.56723674456   Elapsed: 56.1636s (0m 56s)  45% completed  (22% total)
     Speed:     ev/sec=23646.2   simsec/sec=2.49577   ev/simsec=9474.5
     Messages:  created: 1612584   present: 15351   in FES: 142
** Event #1786624   t=231.612993235234   Elapsed: 58.1669s (0m 58s)  46% completed  (23% total)
     Speed:     ev/sec=23769.3   simsec/sec=2.51878   ev/simsec=9436.84
     Messages:  created: 1652646   present: 15931   in FES: 154
** Event #1829632   t=236.541429709019   Elapsed: 60.1685s (1m 00s)  47% completed  (23% total)
     Speed:     ev/sec=21486   simsec/sec=2.46215   ev/simsec=8726.5
     Messages:  created: 1688244   present: 1290   in FES: 124
** Event #1876992   t=241.5543704188   Elapsed: 62.1699s (1m 02s)  48% completed  (24% total)
     Speed:     ev/sec=23663.6   simsec/sec=2.50473   ev/simsec=9447.55
     Messages:  created: 1727839   present: 1982   in FES: 154
** Event #1923584   t=246.567239328113   Elapsed: 64.1751s (1m 04s)  49% completed  (24% total)
     Speed:     ev/sec=23236.3   simsec/sec=2.50001   ev/simsec=9294.48
     Messages:  created: 1766638   present: 2498   in FES: 125
** Event #1969664   t=251.567236815803   Elapsed: 66.1761s (1m 06s)  50% completed  (25% total)
     Speed:     ev/sec=23027.7   simsec/sec=2.49866   ev/simsec=9216
     Messages:  created: 1805114   present: 3132   in FES: 137
** Event #2015488   t=256.560235910568   Elapsed: 68.1788s (1m 08s)  51% completed  (25% total)
     Speed:     ev/sec=22882.1   simsec/sec=2.49324   ev/simsec=9177.65
     Messages:  created: 1843428   present: 3786   in FES: 153
** Event #2061824   t=261.567237157463   Elapsed: 70.2016s (1m 10s)  52% completed  (26% total)
     Speed:     ev/sec=22907   simsec/sec=2.47529   ev/simsec=9254.24
     Messages:  created: 1882074   present: 4332   in FES: 137
** Event #2108928   t=266.592708692986   Elapsed: 72.2041s (1m 12s)  53% completed  (26% total)
     Speed:     ev/sec=23521.5   simsec/sec=2.50948   ev/simsec=9373.05
     Messages:  created: 1921689   present: 4969   in FES: 149
** Event #2161920   t=272.552735301287   Elapsed: 74.2114s (1m 14s)  54% completed  (27% total)
     Speed:     ev/sec=26399.7   simsec/sec=2.96918   ev/simsec=8891.24
     Messages:  created: 1965886   present: 5689   in FES: 148
** Event #2215424   t=279.038713374594   Elapsed: 76.2171s (1m 16s)  55% completed  (27% total)
     Speed:     ev/sec=26676.2   simsec/sec=3.2338   ev/simsec=8249.18
     Messages:  created: 2012959   present: 6421   in FES: 133
** Event #2275072   t=286.565901333117   Elapsed: 78.2259s (1m 18s)  57% completed  (28% total)
     Speed:     ev/sec=29693.2   simsec/sec=3.74709   ev/simsec=7924.34
     Messages:  created: 2067118   present: 7319   in FES: 130
** Event #2338304   t=294.574898832014   Elapsed: 80.2297s (1m 20s)  58% completed  (29% total)
     Speed:     ev/sec=31556.6   simsec/sec=3.99697   ev/simsec=7895.12
     Messages:  created: 2124347   present: 8337   in FES: 149
** Event #2399232   t=302.551227685577   Elapsed: 82.2304s (1m 22s)  60% completed  (30% total)
     Speed:     ev/sec=30454.1   simsec/sec=3.98687   ev/simsec=7638.6
     Messages:  created: 2179620   present: 9285   in FES: 146
** Event #2462464   t=310.568061198194   Elapsed: 84.2324s (1m 24s)  62% completed  (31% total)
     Speed:     ev/sec=31583.4   simsec/sec=4.00428   ev/simsec=7887.4
     Messages:  created: 2237212   present: 10188   in FES: 125
** Event #2522624   t=318.526899369952   Elapsed: 86.2388s (1m 26s)  63% completed  (31% total)
     Speed:     ev/sec=29985   simsec/sec=3.96686   ev/simsec=7558.89
     Messages:  created: 2291909   present: 11208   in FES: 154
** Event #2584832   t=326.530394719732   Elapsed: 88.2418s (1m 28s)  65% completed  (32% total)
     Speed:     ev/sec=31057.4   simsec/sec=3.99576   ev/simsec=7772.6
     Messages:  created: 2348507   present: 12166   in FES: 146
** Event #2647552   t=334.553768173818   Elapsed: 90.2454s (1m 30s)  66% completed  (33% total)
     Speed:     ev/sec=31303.3   simsec/sec=4.00443   ev/simsec=7817.16
     Messages:  created: 2405634   present: 13137   in FES: 150
** Event #2709760   t=342.558169612446   Elapsed: 92.2551s (1m 32s)  68% completed  (34% total)
     Speed:     ev/sec=30953.6   simsec/sec=3.98285   ev/simsec=7771.72
     Messages:  created: 2462211   present: 14017   in FES: 124
** Event #2763264   t=349.065034681882   Elapsed: 94.2604s (1m 34s)  69% completed  (34% total)
     Speed:     ev/sec=26681.1   simsec/sec=3.24481   ev/simsec=8222.7
     Messages:  created: 2509984   present: 14874   in FES: 149
** Event #2805760   t=353.672695324989   Elapsed: 96.2614s (1m 36s)  70% completed  (35% total)
     Speed:     ev/sec=21237.1   simsec/sec=2.30265   ev/simsec=9222.9
     Messages:  created: 2545394   present: 15348   in FES: 128
** Event #2855680   t=359.197728824336   Elapsed: 98.2639s (1m 38s)  71% completed  (35% total)
     Speed:     ev/sec=24929.6   simsec/sec=2.75915   ev/simsec=9035.24
     Messages:  created: 2587737   present: 16035   in FES: 152
** Event #2902528   t=364.551227643306   Elapsed: 100.27s (1m 40s)  72% completed  (36% total)
     Speed:     ev/sec=23349.7   simsec/sec=2.66826   ev/simsec=8750.91
     Messages:  created: 2627676   present: 1499   in FES: 153
** Event #2953728   t=370.073392773335   Elapsed: 102.272s (1m 42s)  74% completed  (37% total)
     Speed:     ev/sec=25578.1   simsec/sec=2.75872   ev/simsec=9271.73
     Messages:  created: 2671229   present: 2119   in FES: 138
** Event #2998016   t=375.040844805874   Elapsed: 104.273s (1m 44s)  75% completed  (37% total)
     Speed:     ev/sec=22129   simsec/sec=2.48204   ev/simsec=8915.64
     Messages:  created: 2708290   present: 2754   in FES: 154
** Event #3045632   t=380.052791175866   Elapsed: 106.279s (1m 46s)  76% completed  (38% total)
     Speed:     ev/sec=23738.2   simsec/sec=2.49863   ev/simsec=9500.5
     Messages:  created: 2747704   present: 3356   in FES: 154
** Event #3087104   t=384.546313079264   Elapsed: 108.288s (1m 48s)  76% completed  (38% total)
     Speed:     ev/sec=20645   simsec/sec=2.2369   ev/simsec=9229.29
     Messages:  created: 2781789   present: 3827   in FES: 128
** Event #3126784   t=388.599059684781   Elapsed: 110.302s (1m 50s)  77% completed  (38% total)
     Speed:     ev/sec=19703.1   simsec/sec=2.01239   ev/simsec=9790.89
     Messages:  created: 2814597   present: 4391   in FES: 153
** Event #3171072   t=393.526975611987   Elapsed: 112.316s (1m 52s)  78% completed  (39% total)
     Speed:     ev/sec=21990.4   simsec/sec=2.44686   ev/simsec=8987.17
     Messages:  created: 2851122   present: 4966   in FES: 146
** Event #3216384   t=398.094952444005   Elapsed: 114.324s (1m 54s)  79% completed  (39% total)
     Speed:     ev/sec=22562.5   simsec/sec=2.27456   ev/simsec=9919.49
     Messages:  created: 2888869   present: 5470   in FES: 135
** Event #3257344   t=402.598492918183   Elapsed: 116.33s (1m 56s)  80% completed  (40% total)
     Speed:     ev/sec=20417.6   simsec/sec=2.24491   ev/simsec=9095.07
     Messages:  created: 2922762   present: 6064   in FES: 152
** Event #3302656   t=407.530984122059   Elapsed: 118.337s (1m 58s)  81% completed  (40% total)
     Speed:     ev/sec=22584.8   simsec/sec=2.4585   ev/simsec=9186.43
     Messages:  created: 2959949   present: 6656   in FES: 149
** Event #3341568   t=411.545312449569   Elapsed: 120.352s (2m 00s)  82% completed  (41% total)
     Speed:     ev/sec=19307.7   simsec/sec=1.99187   ev/simsec=9693.28
     Messages:  created: 2991579   present: 7113   in FES: 144
** Event #3375360   t=415.039692508753   Elapsed: 122.357s (2m 02s)  83% completed  (41% total)
     Speed:     ev/sec=16849.5   simsec/sec=1.74239   ev/simsec=9670.38
     Messages:  created: 3019086   present: 7556   in FES: 154
** Event #3417856   t=419.520983966602   Elapsed: 124.372s (2m 04s)  83% completed  (41% total)
     Speed:     ev/sec=21095.9   simsec/sec=2.22461   ev/simsec=9482.98
     Messages:  created: 3053518   present: 8104   in FES: 154
** Event #3457280   t=423.54761644994   Elapsed: 126.384s (2m 06s)  84% completed  (42% total)
     Speed:     ev/sec=19590.7   simsec/sec=2.00092   ev/simsec=9790.81
     Messages:  created: 3085983   present: 8581   in FES: 154
** Event #3500544   t=428.561044695938   Elapsed: 128.395s (2m 08s)  85% completed  (42% total)
     Speed:     ev/sec=21514.9   simsec/sec=2.49314   ev/simsec=8629.62
     Messages:  created: 3123469   present: 9191   in FES: 154
** Event #3546368   t=434.010874873808   Elapsed: 130.398s (2m 10s)  86% completed  (43% total)
     Speed:     ev/sec=22879.2   simsec/sec=2.72101   ev/simsec=8408.34
     Messages:  created: 3162722   present: 9798   in FES: 138
** Event #3596544   t=439.523878149276   Elapsed: 132.409s (2m 12s)  87% completed  (43% total)
     Speed:     ev/sec=24946.3   simsec/sec=2.74093   ev/simsec=9101.39
     Messages:  created: 3205132   present: 10557   in FES: 185
** Event #3640576   t=444.093811289628   Elapsed: 134.417s (2m 14s)  88% completed  (44% total)
     Speed:     ev/sec=21937.5   simsec/sec=2.27682   ev/simsec=9635.15
     Messages:  created: 3242209   present: 11027   in FES: 148
** Event #3689728   t=449.563332583358   Elapsed: 136.427s (2m 16s)  89% completed  (44% total)
     Speed:     ev/sec=24445.6   simsec/sec=2.72025   ev/simsec=8986.53
     Messages:  created: 3283550   present: 11681   in FES: 139
** Event #3742976   t=455.558332649832   Elapsed: 138.442s (2m 18s)  91% completed  (45% total)
     Speed:     ev/sec=26422.6   simsec/sec=2.97482   ev/simsec=8882.07
     Messages:  created: 3328664   present: 12386   in FES: 136
** Event #3789312   t=460.560229366035   Elapsed: 140.449s (2m 20s)  92% completed  (46% total)
     Speed:     ev/sec=23094.5   simsec/sec=2.49301   ev/simsec=9263.69
     Messages:  created: 3367535   present: 13041   in FES: 154
** Event #3838976   t=466.017901678542   Elapsed: 142.456s (2m 22s)  93% completed  (46% total)
     Speed:     ev/sec=24749.2   simsec/sec=2.71973   ev/simsec=9099.85
     Messages:  created: 3409209   present: 13687   in FES: 154
** Event #3886848   t=471.059737050803   Elapsed: 144.464s (2m 24s)  94% completed  (47% total)
     Speed:     ev/sec=23837.5   simsec/sec=2.51054   ev/simsec=9494.96
     Messages:  created: 3449363   present: 14273   in FES: 154
** Event #3936512   t=476.559683007459   Elapsed: 146.475s (2m 26s)  95% completed  (47% total)
     Speed:     ev/sec=24693.5   simsec/sec=2.73463   ev/simsec=9029.91
     Messages:  created: 3491046   present: 14921   in FES: 141
** Event #3986688   t=482.03761258385   Elapsed: 148.475s (2m 28s)  96% completed  (48% total)
     Speed:     ev/sec=25084.4   simsec/sec=2.73857   ev/simsec=9159.67
     Messages:  created: 3533070   present: 15577   in FES: 166
** Event #4033280   t=487.040149544249   Elapsed: 150.476s (2m 30s)  97% completed  (48% total)
     Speed:     ev/sec=23290.8   simsec/sec=2.50071   ev/simsec=9313.67
     Messages:  created: 3572076   present: 16147   in FES: 154
** Event #4078336   t=492.010873475909   Elapsed: 152.483s (2m 32s)  98% completed  (49% total)
     Speed:     ev/sec=22442.3   simsec/sec=2.47591   ev/simsec=9064.27
     Messages:  created: 3609842   present: 1554   in FES: 149
** Event #4124416   t=497.010873523216   Elapsed: 154.492s (2m 34s)  99% completed  (49% total)
     Speed:     ev/sec=22946.1   simsec/sec=2.48981   ev/simsec=9216
     Messages:  created: 3648500   present: 2127   in FES: 140
** Event #4151424   t=500   Elapsed: 155.488s (2m 35s)  100% completed  (50% total)
     Speed:     ev/sec=27101.3   simsec/sec=2.98291   ev/simsec=9085.54
     Messages:  created: 3671179   present: 2427   in FES: 122

<!> Simulation time limit reached -- at t=500s, event #4151424
undisposed object: (omnetpp::cMessage) FanetSarNetwork.groundStation.app.debugTimer -- check module destructor
undisposed object: (omnetpp::cMessage) FanetSarNetwork.uav[0].app.debugTimer -- check module destructor
undisposed object: (omnetpp::cMessage) FanetSarNetwork.uav[1].app.debugTimer -- check module destructor
undisposed object: (omnetpp::cMessage) FanetSarNetwork.uav[2].app.debugTimer -- check module destructor
undisposed object: (omnetpp::cMessage) FanetSarNetwork.uav[3].app.debugTimer -- check module destructor
undisposed object: (omnetpp::cMessage) FanetSarNetwork.uav[4].app.debugTimer -- check module destructor
undisposed object: (omnetpp::cMessage) FanetSarNetwork.uav[5].app.debugTimer -- check module destructor
undisposed object: (omnetpp::cMessage) FanetSarNetwork.uav[6].app.debugTimer -- check module destructor
undisposed object: (omnetpp::cMessage) FanetSarNetwork.uav[7].app.debugTimer -- check module destructor
undisposed object: (omnetpp::cMessage) FanetSarNetwork.uav[8].app.debugTimer -- check module destructor
undisposed object: (omnetpp::cMessage) FanetSarNetwork.uav[9].app.debugTimer -- check module destructor
undisposed object: (omnetpp::cMessage) FanetSarNetwork.uav[10].app.debugTimer -- check module destructor
undisposed object: (omnetpp::cMessage) FanetSarNetwork.uav[11].app.debugTimer -- check module destructor
undisposed object: (omnetpp::cMessage) FanetSarNetwork.uav[12].app.debugTimer -- check module destructor
undisposed object: (omnetpp::cMessage) FanetSarNetwork.uav[13].app.debugTimer -- check module destructor
undisposed object: (omnetpp::cMessage) FanetSarNetwork.uav[14].app.debugTimer -- check module destructor
undisposed object: (omnetpp::cMessage) FanetSarNetwork.uav[15].app.debugTimer -- check module destructor
undisposed object: (omnetpp::cMessage) FanetSarNetwork.uav[16].app.debugTimer -- check module destructor
undisposed object: (omnetpp::cMessage) FanetSarNetwork.uav[17].app.debugTimer -- check module destructor
undisposed object: (omnetpp::cMessage) FanetSarNetwork.uav[18].app.debugTimer -- check module destructor
undisposed object: (omnetpp::cMessage) FanetSarNetwork.uav[19].app.debugTimer -- check module destructor
undisposed object: (omnetpp::cMessage) FanetSarNetwork.uav[20].app.debugTimer -- check module destructor
undisposed object: (omnetpp::cMessage) FanetSarNetwork.uav[21].app.debugTimer -- check module destructor
undisposed object: (omnetpp::cMessage) FanetSarNetwork.uav[22].app.debugTimer -- check module destructor
undisposed object: (omnetpp::cMessage) FanetSarNetwork.uav[23].app.debugTimer -- check module destructor
undisposed object: (omnetpp::cMessage) FanetSarNetwork.uav[24].app.debugTimer -- check module destructor
undisposed object: (omnetpp::cMessage) FanetSarNetwork.uav[25].app.debugTimer -- check module destructor
undisposed object: (omnetpp::cMessage) FanetSarNetwork.uav[26].app.debugTimer -- check module destructor
undisposed object: (omnetpp::cMessage) FanetSarNetwork.uav[27].app.debugTimer -- check module destructor
undisposed object: (omnetpp::cMessage) FanetSarNetwork.uav[28].app.debugTimer -- check module destructor
undisposed object: (omnetpp::cMessage) FanetSarNetwork.uav[29].app.debugTimer -- check module destructor
