** Event #0   t=0   Elapsed: 8e-06s (0m 00s)  0% completed  (50% total)
     Speed:     ev/sec=0   simsec/sec=0   ev/simsec=0
     Messages:  created: 1178   present: 1178   in FES: 186
** Event #48384   t=4.530553641223   Elapsed: 2.01336s (0m 02s)  0% completed  (50% total)
     Speed:     ev/sec=24032.1   simsec/sec=2.25026   ev/simsec=10679.7
     Messages:  created: 39516   present: 1200   in FES: 149
** Event #91136   t=8.535041326163   Elapsed: 4.01702s (0m 04s)  1% completed  (50% total)
     Speed:     ev/sec=21337   simsec/sec=1.99859   ev/simsec=10676
     Messages:  created: 72828   present: 1194   in FES: 147
** Event #132608   t=12.513044657627   Elapsed: 6.03238s (0m 06s)  2% completed  (51% total)
     Speed:     ev/sec=20578.2   simsec/sec=1.97387   ev/simsec=10425.3
     Messages:  created: 105292   present: 1187   in FES: 144
** Event #172800   t=16.557056512001   Elapsed: 8.04331s (0m 08s)  3% completed  (51% total)
     Speed:     ev/sec=19986.5   simsec/sec=2.01099   ev/simsec=9938.65
     Messages:  created: 138090   present: 1185   in FES: 146
** Event #235520   t=24.52164988847   Elapsed: 10.0455s (0m 10s)  4% completed  (52% total)
     Speed:     ev/sec=31326.4   simsec/sec=3.97803   ev/simsec=7874.85
     Messages:  created: 194294   present: 1202   in FES: 151
** Event #309504   t=34.047988436943   Elapsed: 12.0495s (0m 12s)  6% completed  (53% total)
     Speed:     ev/sec=36917.4   simsec/sec=4.75356   ev/simsec=7766.26
     Messages:  created: 262803   present: 1184   in FES: 154
** Event #389120   t=44.540711863441   Elapsed: 14.0567s (0m 14s)  8% completed  (54% total)
     Speed:     ev/sec=39664.3   simsec/sec=5.22743   ev/simsec=7587.73
     Messages:  created: 336698   present: 1174   in FES: 139
** Event #473856   t=55.522923751879   Elapsed: 16.0578s (0m 16s)  11% completed  (55% total)
     Speed:     ev/sec=42346.1   simsec/sec=5.48826   ev/simsec=7715.75
     Messages:  created: 414812   present: 1196   in FES: 147
** Event #539392   t=63.025354818121   Elapsed: 18.0596s (0m 18s)  12% completed  (56% total)
     Speed:     ev/sec=32738.4   simsec/sec=3.74783   ev/simsec=8735.3
     Messages:  created: 471610   present: 1212   in FES: 153
** Event #589056   t=68.515733384653   Elapsed: 20.0723s (0m 20s)  13% completed  (56% total)
     Speed:     ev/sec=24674.5   simsec/sec=2.72778   ev/simsec=9045.64
     Messages:  created: 513800   present: 1225   in FES: 154
** Event #651264   t=75.3   Elapsed: 22.0734s (0m 22s)  15% completed  (57% total)
     Speed:     ev/sec=31088.4   simsec/sec=3.39043   ev/simsec=9169.45
     Messages:  created: 566782   present: 1116   in FES: 122
** Event #706816   t=81.509614584894   Elapsed: 24.0786s (0m 24s)  16% completed  (58% total)
     Speed:     ev/sec=27703   simsec/sec=3.09664   ev/simsec=8946.13
     Messages:  created: 613568   present: 1202   in FES: 151
** Event #756224   t=86.59628941522   Elapsed: 26.0834s (0m 26s)  17% completed  (58% total)
     Speed:     ev/sec=24645.4   simsec/sec=2.53731   ev/simsec=9713.22
     Messages:  created: 655195   present: 1208   in FES: 154
** Event #816896   t=93.515733453151   Elapsed: 28.0868s (0m 28s)  18% completed  (59% total)
     Speed:     ev/sec=30284.6   simsec/sec=3.45386   ev/simsec=8768.33
     Messages:  created: 706176   present: 1213   in FES: 150
** Event #864000   t=98.566645533777   Elapsed: 30.0893s (0m 30s)  19% completed  (59% total)
     Speed:     ev/sec=23522.7   simsec/sec=2.52231   ev/simsec=9325.84
     Messages:  created: 745711   present: 1121   in FES: 124
** Event #925952   t=104.546541011712   Elapsed: 32.1069s (0m 32s)  20% completed  (60% total)
     Speed:     ev/sec=30705.9   simsec/sec=2.96388   ev/simsec=10360
     Messages:  created: 800681   present: 1700   in FES: 172
** Event #980224   t=110.047993879722   Elapsed: 34.1109s (0m 34s)  22% completed  (61% total)
     Speed:     ev/sec=27080.7   simsec/sec=2.74513   ev/simsec=9865.03
     Messages:  created: 846600   present: 1394   in FES: 154
** Event #1032192   t=115.576752369983   Elapsed: 36.1192s (0m 36s)  23% completed  (61% total)
     Speed:     ev/sec=25877.9   simsec/sec=2.75309   ev/simsec=9399.58
     Messages:  created: 889019   present: 1998   in FES: 131
** Event #1088512   t=121.592933285383   Elapsed: 38.1275s (0m 38s)  24% completed  (62% total)
     Speed:     ev/sec=28043   simsec/sec=2.9956   ev/simsec=9361.42
     Messages:  created: 935148   present: 2777   in FES: 151
** Event #1153536   t=128.589484784544   Elapsed: 40.1368s (0m 40s)  25% completed  (62% total)
     Speed:     ev/sec=32361.1   simsec/sec=3.48204   ev/simsec=9293.72
     Messages:  created: 988295   present: 3580   in FES: 139
** Event #1228800   t=134.203716882784   Elapsed: 42.139s (0m 42s)  26% completed  (63% total)
     Speed:     ev/sec=37590.6   simsec/sec=2.80403   ev/simsec=13405.9
     Messages:  created: 1063736   present: 4222   in FES: 156
** Event #1299200   t=138.047988339281   Elapsed: 44.1416s (0m 44s)  27% completed  (63% total)
     Speed:     ev/sec=35153.6   simsec/sec=1.9196   ev/simsec=18313
     Messages:  created: 1145277   present: 4439   in FES: 124
** Event #1397248   t=144.605635477475   Elapsed: 46.1438s (0m 46s)  28% completed  (64% total)
     Speed:     ev/sec=48970.7   simsec/sec=3.27526   ev/simsec=14951.7
     Messages:  created: 1255396   present: 5070   in FES: 152
** Event #1492480   t=151.563007684052   Elapsed: 48.145s (0m 48s)  30% completed  (65% total)
     Speed:     ev/sec=47587   simsec/sec=3.47657   ev/simsec=13687.9
     Messages:  created: 1361249   present: 5567   in FES: 123
** Event #1571072   t=157.275751258193   Elapsed: 50.1466s (0m 50s)  31% completed  (65% total)
     Speed:     ev/sec=39265.5   simsec/sec=2.85415   ev/simsec=13757.3
     Messages:  created: 1448487   present: 6085   in FES: 147
** Event #1643264   t=162.540017213501   Elapsed: 52.1518s (0m 52s)  32% completed  (66% total)
     Speed:     ev/sec=36001.7   simsec/sec=2.62525   ev/simsec=13713.6
     Messages:  created: 1528712   present: 6566   in FES: 148
** Event #1717248   t=167.703720607071   Elapsed: 54.1533s (0m 54s)  33% completed  (66% total)
     Speed:     ev/sec=36964.7   simsec/sec=2.57994   ev/simsec=14327.7
     Messages:  created: 1610991   present: 6929   in FES: 127
** Event #1800192   t=172.570987732784   Elapsed: 56.1591s (0m 56s)  34% completed  (67% total)
     Speed:     ev/sec=41351.4   simsec/sec=2.42656   ev/simsec=17041.2
     Messages:  created: 1706891   present: 7380   in FES: 154
** Event #1887232   t=178.509268433742   Elapsed: 58.1628s (0m 58s)  35% completed  (67% total)
     Speed:     ev/sec=43440.1   simsec/sec=2.96369   ev/simsec=14657.4
     Messages:  created: 1805888   present: 7960   in FES: 150
** Event #1967360   t=188.512670158504   Elapsed: 60.1722s (1m 00s)  37% completed  (68% total)
     Speed:     ev/sec=39877   simsec/sec=4.97835   ev/simsec=8010.08
     Messages:  created: 1877870   present: 9262   in FES: 182
** Event #2022912   t=194.534949444873   Elapsed: 62.1825s (1m 02s)  38% completed  (69% total)
     Speed:     ev/sec=27633.8   simsec/sec=2.99572   ev/simsec=9224.41
     Messages:  created: 1924398   present: 9896   in FES: 154
** Event #2087168   t=201.601987583687   Elapsed: 64.1894s (1m 04s)  40% completed  (70% total)
     Speed:     ev/sec=32017.8   simsec/sec=3.5214   ev/simsec=9092.35
     Messages:  created: 1979284   present: 10730   in FES: 150
** Event #2155008   t=210.074278527405   Elapsed: 66.1895s (1m 06s)  42% completed  (71% total)
     Speed:     ev/sec=33918.4   simsec/sec=4.23595   ev/simsec=8007.28
     Messages:  created: 2039843   present: 11672   in FES: 124
** Event #2214144   t=216.55015153632   Elapsed: 68.1935s (1m 08s)  43% completed  (71% total)
     Speed:     ev/sec=29508.5   simsec/sec=3.23142   ev/simsec=9131.74
     Messages:  created: 2089063   present: 12495   in FES: 138
** Event #2286592   t=226.000995320611   Elapsed: 70.197s (1m 10s)  45% completed  (72% total)
     Speed:     ev/sec=36161   simsec/sec=4.7172   ev/simsec=7665.77
     Messages:  created: 2154652   present: 13669   in FES: 153
** Event #2371584   t=229.775823830993   Elapsed: 72.2024s (1m 12s)  45% completed  (72% total)
     Speed:     ev/sec=42382.4   simsec/sec=1.88237   ev/simsec=22515.5
     Messages:  created: 2256186   present: 12780   in FES: 178
** Event #2463232   t=230.693692098814   Elapsed: 74.206s (1m 14s)  46% completed  (73% total)
     Speed:     ev/sec=45739.7   simsec/sec=0.458089   ev/simsec=99848.8
     Messages:  created: 2376803   present: 11402   in FES: 201
** Event #2546944   t=231.52625943363   Elapsed: 76.2111s (1m 16s)  46% completed  (73% total)
     Speed:     ev/sec=41751.1   simsec/sec=0.415241   ev/simsec=100547
     Messages:  created: 2487612   present: 10297   in FES: 178
** Event #2627584   t=233.55874608301   Elapsed: 78.2112s (1m 18s)  46% completed  (73% total)
     Speed:     ev/sec=40318.1   simsec/sec=1.0162   ev/simsec=39675.5
     Messages:  created: 2587046   present: 10373   in FES: 184
** Event #2702592   t=235.53570931673   Elapsed: 80.2173s (1m 20s)  47% completed  (73% total)
     Speed:     ev/sec=37389.7   simsec/sec=0.98547   ev/simsec=37941
     Messages:  created: 2679498   present: 9425   in FES: 148
** Event #2779392   t=237.50243970883   Elapsed: 82.2205s (1m 22s)  47% completed  (73% total)
     Speed:     ev/sec=38338.2   simsec/sec=0.981783   ev/simsec=39049.6
     Messages:  created: 2774521   present: 5515   in FES: 159
** Event #2865408   t=239.859308624011   Elapsed: 84.2222s (1m 24s)  47% completed  (73% total)
     Speed:     ev/sec=42971.6   simsec/sec=1.17744   ev/simsec=36495.9
     Messages:  created: 2880502   present: 5670   in FES: 156
** Event #2951168   t=241.79425343646   Elapsed: 86.2249s (1m 26s)  48% completed  (74% total)
     Speed:     ev/sec=42822   simsec/sec=0.966164   ev/simsec=44321.7
     Messages:  created: 2989666   present: 5745   in FES: 166
** Event #3030784   t=245.553072614189   Elapsed: 88.2314s (1m 28s)  49% completed  (74% total)
     Speed:     ev/sec=39679.2   simsec/sec=1.87333   ev/simsec=21181.1
     Messages:  created: 3084954   present: 6015   in FES: 143
** Event #3101952   t=249.470253221372   Elapsed: 90.2329s (1m 30s)  49% completed  (74% total)
     Speed:     ev/sec=35557.7   simsec/sec=1.95714   ev/simsec=18168.2
     Messages:  created: 3168850   present: 6290   in FES: 156
** Event #3173120   t=253.220768325542   Elapsed: 92.2333s (1m 32s)  50% completed  (75% total)
     Speed:     ev/sec=35576.3   simsec/sec=1.87485   ev/simsec=18975.5
     Messages:  created: 3252219   present: 6628   in FES: 154
** Event #3262720   t=258.071277487469   Elapsed: 94.2395s (1m 34s)  51% completed  (75% total)
     Speed:     ev/sec=44662.4   simsec/sec=2.41781   ev/simsec=18472.3
     Messages:  created: 3357409   present: 7067   in FES: 148
** Event #3349504   t=262.801785222524   Elapsed: 96.2425s (1m 36s)  52% completed  (76% total)
     Speed:     ev/sec=43326.9   simsec/sec=2.36171   ev/simsec=18345.6
     Messages:  created: 3459578   present: 7428   in FES: 140
** Event #3435776   t=269.006562634418   Elapsed: 98.2436s (1m 38s)  53% completed  (76% total)
     Speed:     ev/sec=43110.8   simsec/sec=3.10058   ev/simsec=13904.1
     Messages:  created: 3556551   present: 8127   in FES: 152
** Event #3520768   t=276.501889357783   Elapsed: 100.246s (1m 40s)  55% completed  (77% total)
     Speed:     ev/sec=42444.9   simsec/sec=3.74316   ev/simsec=11339.3
     Messages:  created: 3647736   present: 8710   in FES: 141
** Event #3604480   t=283.60756563556   Elapsed: 102.246s (1m 42s)  56% completed  (78% total)
     Speed:     ev/sec=41849.8   simsec/sec=3.55231   ev/simsec=11781
     Messages:  created: 3737330   present: 9535   in FES: 156
** Event #3695872   t=291.607565401381   Elapsed: 104.248s (1m 44s)  58% completed  (79% total)
     Speed:     ev/sec=45655.5   simsec/sec=3.99645   ev/simsec=11424
     Messages:  created: 3835429   present: 10413   in FES: 155
** Event #3787008   t=299.598933500858   Elapsed: 106.248s (1m 46s)  59% completed  (79% total)
     Speed:     ev/sec=45567.5   simsec/sec=3.99564   ev/simsec=11404.3
     Messages:  created: 3933309   present: 11256   in FES: 148
** Event #3866112   t=306.557942524314   Elapsed: 108.25s (1m 48s)  61% completed  (80% total)
     Speed:     ev/sec=39514.5   simsec/sec=3.47621   ev/simsec=11367.1
     Messages:  created: 4018680   present: 12194   in FES: 207
** Event #3953664   t=314.08738134501   Elapsed: 110.252s (1m 50s)  62% completed  (81% total)
     Speed:     ev/sec=43722.4   simsec/sec=3.76011   ev/simsec=11628
     Messages:  created: 4112741   present: 12745   in FES: 124
** Event #4048896   t=322.513079333386   Elapsed: 112.261s (1m 52s)  64% completed  (82% total)
     Speed:     ev/sec=47405.7   simsec/sec=4.19424   ev/simsec=11302.6
     Messages:  created: 4215551   present: 13735   in FES: 149
** Event #4129792   t=329.527684966332   Elapsed: 114.267s (1m 54s)  65% completed  (82% total)
     Speed:     ev/sec=40331.8   simsec/sec=3.49723   ev/simsec=11532.5
     Messages:  created: 4302627   present: 14480   in FES: 154
** Event #4210432   t=336.550946304207   Elapsed: 116.277s (1m 56s)  67% completed  (83% total)
     Speed:     ev/sec=40130.6   simsec/sec=3.49513   ev/simsec=11481.8
     Messages:  created: 4389608   present: 15252   in FES: 149
** Event #4280320   t=342.57271967804   Elapsed: 118.281s (1m 58s)  68% completed  (84% total)
     Speed:     ev/sec=34859.6   simsec/sec=3.00362   ev/simsec=11605.9
     Messages:  created: 4464609   present: 15911   in FES: 151
** Event #4358144   t=349.511571744779   Elapsed: 120.283s (2m 00s)  69% completed  (84% total)
     Speed:     ev/sec=38880.2   simsec/sec=3.46659   ev/simsec=11215.7
     Messages:  created: 4548379   present: 16648   in FES: 159
** Event #4430080   t=355.607569748184   Elapsed: 122.29s (2m 02s)  71% completed  (85% total)
     Speed:     ev/sec=35837.4   simsec/sec=3.03694   ev/simsec=11800.5
     Messages:  created: 4625235   present: 17299   in FES: 167
** Event #4510976   t=362.752262090111   Elapsed: 124.297s (2m 04s)  72% completed  (86% total)
     Speed:     ev/sec=40319.4   simsec/sec=3.56099   ev/simsec=11322.5
     Messages:  created: 4712217   present: 6570   in FES: 156
** Event #4594432   t=370.062987618863   Elapsed: 126.298s (2m 06s)  74% completed  (87% total)
     Speed:     ev/sec=41693.8   simsec/sec=3.65237   ev/simsec=11415.6
     Messages:  created: 4801803   present: 6341   in FES: 157
** Event #4684544   t=378.024501690552   Elapsed: 128.299s (2m 08s)  75% completed  (87% total)
     Speed:     ev/sec=45051.3   simsec/sec=3.98034   ev/simsec=11318.5
     Messages:  created: 4898605   present: 5686   in FES: 150
** Event #4765952   t=385.065649936006   Elapsed: 130.3s (2m 10s)  77% completed  (88% total)
     Speed:     ev/sec=40678.8   simsec/sec=3.51839   ev/simsec=11561.8
     Messages:  created: 4985881   present: 6446   in FES: 154
** Event #4853248   t=392.596283336152   Elapsed: 132.304s (2m 12s)  78% completed  (89% total)
     Speed:     ev/sec=43554   simsec/sec=3.75721   ev/simsec=11592.1
     Messages:  created: 5079419   present: 7268   in FES: 154
** Event #4925696   t=398.108065982773   Elapsed: 134.307s (2m 14s)  79% completed  (89% total)
     Speed:     ev/sec=36175.5   simsec/sec=2.7522   ev/simsec=13144.2
     Messages:  created: 5153370   present: 7292   in FES: 132
** Event #4988672   t=403.065645747671   Elapsed: 136.31s (2m 16s)  80% completed  (90% total)
     Speed:     ev/sec=31436.9   simsec/sec=2.47477   ev/simsec=12703
     Messages:  created: 5216391   present: 5848   in FES: 154
** Event #5053696   t=408.069599560051   Elapsed: 138.314s (2m 18s)  81% completed  (90% total)
     Speed:     ev/sec=32446   simsec/sec=2.4969   ev/simsec=12994.5
     Messages:  created: 5281417   present: 6364   in FES: 136
** Event #5134336   t=414.501661631336   Elapsed: 140.314s (2m 20s)  82% completed  (91% total)
     Speed:     ev/sec=40316.6   simsec/sec=3.21576   ev/simsec=12537.2
     Messages:  created: 5362454   present: 7082   in FES: 154
** Event #5206784   t=420.02562804886   Elapsed: 142.316s (2m 22s)  84% completed  (92% total)
     Speed:     ev/sec=36199.2   simsec/sec=2.7601   ev/simsec=13115.2
     Messages:  created: 5435176   present: 7685   in FES: 154
** Event #5286144   t=426.069598758012   Elapsed: 144.319s (2m 24s)  85% completed  (92% total)
     Speed:     ev/sec=39622.1   simsec/sec=3.01758   ev/simsec=13130.4
     Messages:  created: 5514391   present: 8336   in FES: 146
** Event #5344000   t=430.586360387346   Elapsed: 146.321s (2m 26s)  86% completed  (93% total)
     Speed:     ev/sec=28887.1   simsec/sec=2.25518   ev/simsec=12809.2
     Messages:  created: 5572384   present: 8782   in FES: 133
** Event #5401344   t=434.607575603215   Elapsed: 148.328s (2m 28s)  86% completed  (93% total)
     Speed:     ev/sec=28581.1   simsec/sec=2.00423   ev/simsec=14260.4
     Messages:  created: 5628331   present: 9268   in FES: 171
** Event #5458432   t=438.575832230199   Elapsed: 150.337s (2m 30s)  87% completed  (93% total)
     Speed:     ev/sec=28418.4   simsec/sec=1.9754   ev/simsec=14386.2
     Messages:  created: 5683328   present: 9680   in FES: 143
** Event #5505536   t=441.544021348935   Elapsed: 152.346s (2m 32s)  88% completed  (94% total)
     Speed:     ev/sec=23442.8   simsec/sec=1.47721   ev/simsec=15869.6
     Messages:  created: 5727741   present: 9935   in FES: 124
** Event #5541120   t=443.55110937629   Elapsed: 154.359s (2m 34s)  88% completed  (94% total)
     Speed:     ev/sec=17673.9   simsec/sec=0.996884   ev/simsec=17729.2
     Messages:  created: 5760174   present: 10180   in FES: 131
** Event #5580032   t=446.000056652161   Elapsed: 156.362s (2m 36s)  89% completed  (94% total)
     Speed:     ev/sec=19427.9   simsec/sec=1.2227   ev/simsec=15889.3
     Messages:  created: 5797309   present: 10423   in FES: 126
** Event #5629440   t=448.954245434348   Elapsed: 158.364s (2m 38s)  89% completed  (94% total)
     Speed:     ev/sec=24687.4   simsec/sec=1.4761   ev/simsec=16724.7
     Messages:  created: 5844521   present: 10738   in FES: 124
** Event #5690880   t=452.540819390517   Elapsed: 160.38s (2m 40s)  90% completed  (95% total)
     Speed:     ev/sec=30462.2   simsec/sec=1.77824   ev/simsec=17130.6
     Messages:  created: 5902748   present: 11149   in FES: 132
** Event #5739264   t=455.506376044297   Elapsed: 162.385s (2m 42s)  91% completed  (95% total)
     Speed:     ev/sec=24136.5   simsec/sec=1.47938   ev/simsec=16315.3
     Messages:  created: 5949187   present: 11540   in FES: 152
** Event #5800704   t=457.008851243929   Elapsed: 164.39s (2m 44s)  91% completed  (95% total)
     Speed:     ev/sec=30649   simsec/sec=0.749502   ev/simsec=40892.5
     Messages:  created: 6021111   present: 11590   in FES: 145
** Event #5864960   t=458.602778465259   Elapsed: 166.399s (2m 46s)  91% completed  (95% total)
     Speed:     ev/sec=31973.5   simsec/sec=0.79313   ev/simsec=40313
     Messages:  created: 6095059   present: 11663   in FES: 154
** Event #5937920   t=460.597507500821   Elapsed: 168.418s (2m 48s)  92% completed  (96% total)
     Speed:     ev/sec=36143.4   simsec/sec=0.988163   ev/simsec=36576.4
     Messages:  created: 6179659   present: 11743   in FES: 148
** Event #6006272   t=462.533734142447   Elapsed: 170.431s (2m 50s)  92% completed  (96% total)
     Speed:     ev/sec=33956.3   simsec/sec=0.961888   ev/simsec=35301.7
     Messages:  created: 6259631   present: 11855   in FES: 152
** Event #6076928   t=464.525759323515   Elapsed: 172.446s (2m 52s)  92% completed  (96% total)
     Speed:     ev/sec=35061   simsec/sec=0.988486   ev/simsec=35469.4
     Messages:  created: 6341248   present: 11844   in FES: 153
** Event #6142464   t=466.324546834008   Elapsed: 174.448s (2m 54s)  93% completed  (96% total)
     Speed:     ev/sec=32732.9   simsec/sec=0.89843   ev/simsec=36433.4
     Messages:  created: 6416458   present: 11998   in FES: 149
** Event #6206464   t=468.071277364023   Elapsed: 176.449s (2m 56s)  93% completed  (96% total)
     Speed:     ev/sec=31981.5   simsec/sec=0.872862   ev/simsec=36639.9
     Messages:  created: 6489845   present: 12085   in FES: 151
** Event #6271232   t=469.954193343443   Elapsed: 178.457s (2m 58s)  93% completed  (96% total)
     Speed:     ev/sec=32260.5   simsec/sec=0.937869   ev/simsec=34397.7
     Messages:  created: 6565434   present: 12124   in FES: 138
** Event #6331904   t=471.572773102088   Elapsed: 180.462s (3m 00s)  94% completed  (97% total)
     Speed:     ev/sec=30258.8   simsec/sec=0.807231   ev/simsec=37484.7
     Messages:  created: 6634542   present: 12158   in FES: 126
** Event #6389248   t=473.138312377071   Elapsed: 182.464s (3m 02s)  94% completed  (97% total)
     Speed:     ev/sec=28647.8   simsec/sec=0.782108   ev/simsec=36628.9
     Messages:  created: 6700497   present: 12230   in FES: 127
** Event #6445056   t=474.737765949715   Elapsed: 184.468s (3m 04s)  94% completed  (97% total)
     Speed:     ev/sec=27851.6   simsec/sec=0.798226   ev/simsec=34891.9
     Messages:  created: 6765576   present: 12308   in FES: 150
** Event #6515200   t=476.593090080118   Elapsed: 186.483s (3m 06s)  95% completed  (97% total)
     Speed:     ev/sec=34797.4   simsec/sec=0.9204   ev/simsec=37806.9
     Messages:  created: 6848292   present: 12083   in FES: 155
** Event #6597120   t=477.704408376506   Elapsed: 188.489s (3m 08s)  95% completed  (97% total)
     Speed:     ev/sec=40852.5   simsec/sec=0.5542   ev/simsec=73714.3
     Messages:  created: 6953487   present: 11552   in FES: 156
** Event #6673152   t=479.857341441123   Elapsed: 190.493s (3m 10s)  95% completed  (97% total)
     Speed:     ev/sec=37926.2   simsec/sec=1.07393   ev/simsec=35315.5
     Messages:  created: 7045292   present: 11610   in FES: 156
** Event #6753792   t=481.602884627309   Elapsed: 192.494s (3m 12s)  96% completed  (98% total)
     Speed:     ev/sec=40298.9   simsec/sec=0.872315   ev/simsec=46197.7
     Messages:  created: 7143483   present: 11670   in FES: 142
** Event #6835712   t=482.922887981522   Elapsed: 194.497s (3m 14s)  96% completed  (98% total)
     Speed:     ev/sec=40918   simsec/sec=0.659326   ev/simsec=62060.4
     Messages:  created: 7248210   present: 11089   in FES: 158
** Event #6924032   t=483.144933522278   Elapsed: 196.499s (3m 16s)  96% completed  (98% total)
     Speed:     ev/sec=44111.2   simsec/sec=0.1109   ev/simsec=397756
     Messages:  created: 7367482   present: 11089   in FES: 143
** Event #7006976   t=483.357100830916   Elapsed: 198.504s (3m 18s)  96% completed  (98% total)
     Speed:     ev/sec=41367.3   simsec/sec=0.105816   ev/simsec=390937
     Messages:  created: 7481478   present: 11085   in FES: 140
** Event #7079168   t=483.538329913195   Elapsed: 200.507s (3m 20s)  96% completed  (98% total)
     Speed:     ev/sec=36037.8   simsec/sec=0.0904684   ev/simsec=398347
     Messages:  created: 7579933   present: 11066   in FES: 136
** Event #7156224   t=483.726055836671   Elapsed: 202.512s (3m 22s)  96% completed  (98% total)
     Speed:     ev/sec=38430.6   simsec/sec=0.0936256   ev/simsec=410471
     Messages:  created: 7684356   present: 8848   in FES: 167
** Event #7243008   t=483.942302178748   Elapsed: 204.514s (3m 24s)  96% completed  (98% total)
     Speed:     ev/sec=43353.2   simsec/sec=0.108026   ev/simsec=401320
     Messages:  created: 7803499   present: 5816   in FES: 153
** Event #7326720   t=484.148896224382   Elapsed: 206.515s (3m 26s)  96% completed  (98% total)
     Speed:     ev/sec=41832.4   simsec/sec=0.103239   ev/simsec=405200
     Messages:  created: 7916536   present: 5851   in FES: 157
** Event #7414272   t=484.368597725637   Elapsed: 208.519s (3m 28s)  96% completed  (98% total)
     Speed:     ev/sec=43697.1   simsec/sec=0.109653   ev/simsec=398504
     Messages:  created: 8036858   present: 5860   in FES: 157
** Event #7495168   t=484.574500755814   Elapsed: 210.523s (3m 30s)  96% completed  (98% total)
     Speed:     ev/sec=40356.4   simsec/sec=0.102718   ev/simsec=392884
     Messages:  created: 8146717   present: 5844   in FES: 159
** Event #7580160   t=484.787245011842   Elapsed: 212.524s (3m 32s)  96% completed  (98% total)
     Speed:     ev/sec=42486.6   simsec/sec=0.106349   ev/simsec=399503
     Messages:  created: 8262685   present: 5383   in FES: 152
** Event #7671808   t=485.01673422532   Elapsed: 214.525s (3m 34s)  97% completed  (98% total)
     Speed:     ev/sec=45800   simsec/sec=0.114685   ev/simsec=399356
     Messages:  created: 8388241   present: 5404   in FES: 158
** Event #7760640   t=485.241916113613   Elapsed: 216.532s (3m 36s)  97% completed  (98% total)
     Speed:     ev/sec=44264.2   simsec/sec=0.112206   ev/simsec=394490
     Messages:  created: 8508795   present: 5417   in FES: 158
** Event #7852032   t=485.472462658016   Elapsed: 218.537s (3m 38s)  97% completed  (98% total)
     Speed:     ev/sec=45569.1   simsec/sec=0.114953   ev/simsec=396415
     Messages:  created: 8634411   present: 5433   in FES: 175
** Event #7925248   t=485.657338868109   Elapsed: 220.537s (3m 40s)  97% completed  (98% total)
     Speed:     ev/sec=36601.6   simsec/sec=0.0924218   ev/simsec=396027
     Messages:  created: 8732953   present: 5353   in FES: 127
** Event #8017152   t=485.885131242273   Elapsed: 222.538s (3m 42s)  97% completed  (98% total)
     Speed:     ev/sec=45930.4   simsec/sec=0.113843   ev/simsec=403455
     Messages:  created: 8859281   present: 5432   in FES: 147
** Event #8103424   t=486.104763682372   Elapsed: 224.54s (3m 44s)  97% completed  (98% total)
     Speed:     ev/sec=43108.9   simsec/sec=0.109747   ev/simsec=392802
     Messages:  created: 8975686   present: 5469   in FES: 156
** Event #8194304   t=486.330097930275   Elapsed: 226.545s (3m 46s)  97% completed  (98% total)
     Speed:     ev/sec=45318.6   simsec/sec=0.112366   ev/simsec=403312
     Messages:  created: 9100468   present: 5466   in FES: 158
** Event #8277248   t=486.543679505953   Elapsed: 228.548s (3m 48s)  97% completed  (98% total)
     Speed:     ev/sec=41418.6   simsec/sec=0.106653   ev/simsec=388348
     Messages:  created: 9213385   present: 5460   in FES: 159
** Event #8364032   t=486.757544569104   Elapsed: 230.551s (3m 50s)  97% completed  (98% total)
     Speed:     ev/sec=43322.7   simsec/sec=0.106762   ev/simsec=405789
     Messages:  created: 9331495   present: 5469   in FES: 174
** Event #8457216   t=486.990237820672   Elapsed: 232.555s (3m 52s)  97% completed  (98% total)
     Speed:     ev/sec=46490.7   simsec/sec=0.116094   ev/simsec=400459
     Messages:  created: 9459503   present: 5491   in FES: 156
** Event #8547584   t=487.214228171005   Elapsed: 234.559s (3m 54s)  97% completed  (98% total)
     Speed:     ev/sec=45088.8   simsec/sec=0.111759   ev/simsec=403446
     Messages:  created: 9581461   present: 5494   in FES: 156
** Event #8621056   t=487.393574451858   Elapsed: 236.561s (3m 56s)  97% completed  (98% total)
     Speed:     ev/sec=36712.9   simsec/sec=0.0896168   ev/simsec=409666
     Messages:  created: 9682413   present: 5495   in FES: 158
** Event #8712704   t=487.621842503283   Elapsed: 238.561s (3m 58s)  97% completed  (98% total)
     Speed:     ev/sec=45804.1   simsec/sec=0.114084   ev/simsec=401493
     Messages:  created: 9806535   present: 5538   in FES: 170
** Event #8796672   t=487.834423256496   Elapsed: 240.569s (4m 00s)  97% completed  (98% total)
     Speed:     ev/sec=41828.9   simsec/sec=0.105898   ev/simsec=394993
     Messages:  created: 9921868   present: 5592   in FES: 187
** Event #8883200   t=488.053338655489   Elapsed: 242.57s (4m 02s)  97% completed  (98% total)
     Speed:     ev/sec=43231.4   simsec/sec=0.109375   ev/simsec=395258
     Messages:  created: 10039471   present: 5512   in FES: 173
** Event #8964096   t=488.254935102899   Elapsed: 244.574s (4m 04s)  97% completed  (98% total)
     Speed:     ev/sec=40376.5   simsec/sec=0.10062   ev/simsec=401277
     Messages:  created: 10149667   present: 5490   in FES: 139
** Event #9056512   t=488.489280694513   Elapsed: 246.579s (4m 06s)  97% completed  (98% total)
     Speed:     ev/sec=46097.6   simsec/sec=0.116893   ev/simsec=394358
     Messages:  created: 10276649   present: 5484   in FES: 139
** Event #9135616   t=488.681680400782   Elapsed: 248.579s (4m 08s)  97% completed  (98% total)
     Speed:     ev/sec=39538.5   simsec/sec=0.0961671   ev/simsec=411144
     Messages:  created: 10383650   present: 5517   in FES: 155
** Event #9216256   t=488.88562249858   Elapsed: 250.585s (4m 10s)  97% completed  (98% total)
     Speed:     ev/sec=40214.1   simsec/sec=0.101703   ev/simsec=395406
     Messages:  created: 10494471   present: 5519   in FES: 155
** Event #9308416   t=489.114510428377   Elapsed: 252.588s (4m 12s)  97% completed  (98% total)
     Speed:     ev/sec=45993.5   simsec/sec=0.114229   ev/simsec=402642
     Messages:  created: 10619321   present: 5570   in FES: 165
** Event #9408256   t=489.362356064825   Elapsed: 254.592s (4m 14s)  97% completed  (98% total)
     Speed:     ev/sec=49828.9   simsec/sec=0.123697   ev/simsec=402831
     Messages:  created: 10756471   present: 5534   in FES: 156
** Event #9493504   t=489.574275059929   Elapsed: 256.596s (4m 16s)  97% completed  (98% total)
     Speed:     ev/sec=42535.4   simsec/sec=0.105739   ev/simsec=402267
     Messages:  created: 10872438   present: 5530   in FES: 141
** Event #9566720   t=489.755988859631   Elapsed: 258.598s (4m 18s)  97% completed  (98% total)
     Speed:     ev/sec=36583.3   simsec/sec=0.0907955   ev/simsec=402919
     Messages:  created: 10972374   present: 5510   in FES: 153
** Event #9648640   t=489.964972617031   Elapsed: 260.602s (4m 20s)  97% completed  (98% total)
     Speed:     ev/sec=40875.1   simsec/sec=0.104275   ev/simsec=391992
     Messages:  created: 11084976   present: 5582   in FES: 155
** Event #9743104   t=490.198316184091   Elapsed: 262.606s (4m 22s)  98% completed  (99% total)
     Speed:     ev/sec=47131.8   simsec/sec=0.116424   ev/simsec=404828
     Messages:  created: 11212607   present: 5524   in FES: 128
** Event #9843456   t=490.453688129716   Elapsed: 264.608s (4m 24s)  98% completed  (99% total)
     Speed:     ev/sec=50116.8   simsec/sec=0.127535   ev/simsec=392964
     Messages:  created: 11350507   present: 5598   in FES: 151
** Event #9934080   t=490.679363083477   Elapsed: 266.615s (4m 26s)  98% completed  (99% total)
     Speed:     ev/sec=45164.9   simsec/sec=0.112471   ev/simsec=401569
     Messages:  created: 11473180   present: 5627   in FES: 156
** Event #10024192   t=490.91056810876   Elapsed: 268.618s (4m 28s)  98% completed  (99% total)
     Speed:     ev/sec=44992.8   simsec/sec=0.11544   ev/simsec=389749
     Messages:  created: 11597008   present: 5646   in FES: 173
** Event #10122240   t=491.153082518215   Elapsed: 270.618s (4m 30s)  98% completed  (99% total)
     Speed:     ev/sec=49017.3   simsec/sec=0.121241   ev/simsec=404298
     Messages:  created: 11729593   present: 5656   in FES: 156
** Event #10220288   t=491.398059199439   Elapsed: 272.621s (4m 32s)  98% completed  (99% total)
     Speed:     ev/sec=48955.6   simsec/sec=0.122318   ev/simsec=400234
     Messages:  created: 11864341   present: 5639   in FES: 156
** Event #10284800   t=491.559160135307   Elapsed: 274.624s (4m 34s)  98% completed  (99% total)
     Speed:     ev/sec=32196.9   simsec/sec=0.0804028   ev/simsec=400445
     Messages:  created: 11952072   present: 5685   in FES: 157
** Event #10371584   t=491.77963726699   Elapsed: 276.625s (4m 36s)  98% completed  (99% total)
     Speed:     ev/sec=43372.5   simsec/sec=0.110189   ev/simsec=393619
     Messages:  created: 12070517   present: 5675   in FES: 159
** Event #10450688   t=491.980929933395   Elapsed: 278.629s (4m 38s)  98% completed  (99% total)
     Speed:     ev/sec=39487   simsec/sec=0.100481   ev/simsec=392980
     Messages:  created: 12179180   present: 5602   in FES: 147
** Event #10532096   t=492.179420997838   Elapsed: 280.631s (4m 40s)  98% completed  (99% total)
     Speed:     ev/sec=40653.3   simsec/sec=0.099122   ev/simsec=410134
     Messages:  created: 12288911   present: 5663   in FES: 149
** Event #10625280   t=492.414261265416   Elapsed: 282.631s (4m 42s)  98% completed  (99% total)
     Speed:     ev/sec=46587.2   simsec/sec=0.117408   ev/simsec=396797
     Messages:  created: 12416952   present: 5673   in FES: 146
** Event #10711552   t=492.629239561527   Elapsed: 284.638s (4m 44s)  98% completed  (99% total)
     Speed:     ev/sec=42983.5   simsec/sec=0.107109   ev/simsec=401306
     Messages:  created: 12533853   present: 5679   in FES: 144
** Event #10795520   t=492.840721176716   Elapsed: 286.642s (4m 46s)  98% completed  (99% total)
     Speed:     ev/sec=41901.1   simsec/sec=0.105532   ev/simsec=397046
     Messages:  created: 12649182   present: 5640   in FES: 128
** Event #10893312   t=493.081875926512   Elapsed: 288.647s (4m 48s)  98% completed  (99% total)
     Speed:     ev/sec=48774.2   simsec/sec=0.120277   ev/simsec=405516
     Messages:  created: 12782020   present: 5710   in FES: 159
** Event #10989056   t=493.319955402627   Elapsed: 290.647s (4m 50s)  98% completed  (99% total)
     Speed:     ev/sec=47869.5   simsec/sec=0.119034   ev/simsec=402151
     Messages:  created: 12913049   present: 5749   in FES: 158
** Event #11072512   t=493.529096486012   Elapsed: 292.651s (4m 52s)  98% completed  (99% total)
     Speed:     ev/sec=41657.6   simsec/sec=0.104394   ev/simsec=399042
     Messages:  created: 13027329   present: 5767   in FES: 158
** Event #11153152   t=493.72871198872   Elapsed: 294.652s (4m 54s)  98% completed  (99% total)
     Speed:     ev/sec=40296.7   simsec/sec=0.0997501   ev/simsec=403977
     Messages:  created: 13136800   present: 5791   in FES: 173
** Event #11245824   t=493.962252817748   Elapsed: 296.653s (4m 56s)  98% completed  (99% total)
     Speed:     ev/sec=46305.4   simsec/sec=0.116693   ev/simsec=396813
     Messages:  created: 13264116   present: 5709   in FES: 129
** Event #11337984   t=494.190064587384   Elapsed: 298.656s (4m 58s)  98% completed  (99% total)
     Speed:     ev/sec=46011.3   simsec/sec=0.113736   ev/simsec=404545
     Messages:  created: 13388632   present: 5796   in FES: 158
** Event #11436288   t=494.440101527559   Elapsed: 300.661s (5m 00s)  98% completed  (99% total)
     Speed:     ev/sec=49037.2   simsec/sec=0.124727   ev/simsec=393158
     Messages:  created: 13523669   present: 5749   in FES: 129
** Event #11530752   t=494.676210671953   Elapsed: 302.662s (5m 02s)  98% completed  (99% total)
     Speed:     ev/sec=47200.4   simsec/sec=0.117976   ev/simsec=400086
     Messages:  created: 13652060   present: 5832   in FES: 157
** Event #11636736   t=494.983949745132   Elapsed: 304.666s (5m 04s)  98% completed  (99% total)
     Speed:     ev/sec=52883.9   simsec/sec=0.153556   ev/simsec=344396
     Messages:  created: 13797524   present: 5816   in FES: 157
** Event #11730176   t=495.219144944434   Elapsed: 306.671s (5m 06s)  99% completed  (99% total)
     Speed:     ev/sec=46614   simsec/sec=0.117331   ev/simsec=397287
     Messages:  created: 13923913   present: 5731   in FES: 128
** Event #11822592   t=495.449602613564   Elapsed: 308.675s (5m 08s)  99% completed  (99% total)
     Speed:     ev/sec=46106.6   simsec/sec=0.114976   ev/simsec=401011
     Messages:  created: 14050990   present: 5791   in FES: 160
** Event #11919616   t=495.697238241516   Elapsed: 310.678s (5m 10s)  99% completed  (99% total)
     Speed:     ev/sec=48443.8   simsec/sec=0.123644   ev/simsec=391801
     Messages:  created: 14182333   present: 5860   in FES: 176
** Event #12016896   t=495.972551764353   Elapsed: 312.682s (5m 12s)  99% completed  (99% total)
     Speed:     ev/sec=48550.6   simsec/sec=0.137404   ev/simsec=353343
     Messages:  created: 14315889   present: 5796   in FES: 136
** Event #12115456   t=496.220762782607   Elapsed: 314.687s (5m 14s)  99% completed  (99% total)
     Speed:     ev/sec=49154.4   simsec/sec=0.123789   ev/simsec=397081
     Messages:  created: 14449451   present: 5868   in FES: 158
** Event #12206336   t=496.454447259806   Elapsed: 316.69s (5m 16s)  99% completed  (99% total)
     Speed:     ev/sec=45379.5   simsec/sec=0.116687   ev/simsec=388900
     Messages:  created: 14574407   present: 5899   in FES: 164
** Event #12303104   t=496.704702304562   Elapsed: 318.69s (5m 18s)  99% completed  (99% total)
     Speed:     ev/sec=48377.6   simsec/sec=0.125111   ev/simsec=386678
     Messages:  created: 14705526   present: 5917   in FES: 158
** Event #12404992   t=496.983240677263   Elapsed: 320.695s (5m 20s)  99% completed  (99% total)
     Speed:     ev/sec=50819.5   simsec/sec=0.138929   ev/simsec=365795
     Messages:  created: 14845525   present: 5874   in FES: 148
** Event #12501248   t=497.22310153183   Elapsed: 322.695s (5m 22s)  99% completed  (99% total)
     Speed:     ev/sec=48124.4   simsec/sec=0.119921   ev/simsec=401299
     Messages:  created: 14975991   present: 5987   in FES: 188
** Event #12605952   t=497.503588183692   Elapsed: 324.698s (5m 24s)  99% completed  (99% total)
     Speed:     ev/sec=52279.6   simsec/sec=0.140049   ev/simsec=373294
     Messages:  created: 15119815   present: 5918   in FES: 159
** Event #12701952   t=497.755707160241   Elapsed: 326.703s (5m 26s)  99% completed  (99% total)
     Speed:     ev/sec=47881.6   simsec/sec=0.125748   ev/simsec=380773
     Messages:  created: 15250123   present: 5922   in FES: 160
** Event #12798720   t=498.020148344954   Elapsed: 328.703s (5m 28s)  99% completed  (99% total)
     Speed:     ev/sec=48380.6   simsec/sec=0.132211   ev/simsec=365934
     Messages:  created: 15382477   present: 5906   in FES: 175
** Event #12890880   t=498.255944482105   Elapsed: 330.709s (5m 30s)  99% completed  (99% total)
     Speed:     ev/sec=45948.4   simsec/sec=0.117561   ev/simsec=390846
     Messages:  created: 15507668   present: 5865   in FES: 128
** Event #12981248   t=498.501116391018   Elapsed: 332.709s (5m 32s)  99% completed  (99% total)
     Speed:     ev/sec=45181.1   simsec/sec=0.122578   ev/simsec=368590
     Messages:  created: 15631954   present: 5950   in FES: 158
** Event #13071360   t=498.732601901252   Elapsed: 334.712s (5m 34s)  99% completed  (99% total)
     Speed:     ev/sec=44986.6   simsec/sec=0.115565   ev/simsec=389277
     Messages:  created: 15754357   present: 5469   in FES: 156
** Event #13168896   t=498.986058190344   Elapsed: 336.712s (5m 36s)  99% completed  (99% total)
     Speed:     ev/sec=48766.9   simsec/sec=0.126725   ev/simsec=384824
     Messages:  created: 15888497   present: 5485   in FES: 175
** Event #13268224   t=499.242761365149   Elapsed: 338.713s (5m 38s)  99% completed  (99% total)
     Speed:     ev/sec=49629.2   simsec/sec=0.128262   ev/simsec=386937
     Messages:  created: 16023122   present: 5507   in FES: 156
** Event #13359616   t=499.489312918104   Elapsed: 340.715s (5m 40s)  99% completed  (99% total)
     Speed:     ev/sec=45661.2   simsec/sec=0.123182   ev/simsec=370681
     Messages:  created: 16148694   present: 5500   in FES: 167
** Event #13449216   t=499.723870456018   Elapsed: 342.718s (5m 42s)  99% completed  (99% total)
     Speed:     ev/sec=44726.7   simsec/sec=0.117087   ev/simsec=381996
     Messages:  created: 16270119   present: 4966   in FES: 134
** Event #13542890   t=500   Elapsed: 344.707s (5m 44s)  100% completed  (100% total)
     Speed:     ev/sec=47104.9   simsec/sec=0.138856   ev/simsec=339237
     Messages:  created: 16398747   present: 5020   in FES: 155

<!> Simulation time limit reached -- at t=500s, event #13542890
undisposed object: (omnetpp::cMessage) FanetSarNetwork.groundStation.app.debugTimer -- check module destructor
undisposed object: (omnetpp::cMessage) FanetSarNetwork.uav[0].app.debugTimer -- check module destructor
undisposed object: (omnetpp::cMessage) FanetSarNetwork.uav[1].app.debugTimer -- check module destructor
undisposed object: (omnetpp::cMessage) FanetSarNetwork.uav[2].app.debugTimer -- check module destructor
undisposed object: (omnetpp::cMessage) FanetSarNetwork.uav[3].app.debugTimer -- check module destructor
undisposed object: (omnetpp::cMessage) FanetSarNetwork.uav[4].app.debugTimer -- check module destructor
undisposed object: (omnetpp::cMessage) FanetSarNetwork.uav[5].app.debugTimer -- check module destructor
undisposed object: (omnetpp::cMessage) FanetSarNetwork.uav[6].app.debugTimer -- check module destructor
undisposed object: (omnetpp::cMessage) FanetSarNetwork.uav[7].app.debugTimer -- check module destructor
undisposed object: (omnetpp::cMessage) FanetSarNetwork.uav[8].app.debugTimer -- check module destructor
undisposed object: (omnetpp::cMessage) FanetSarNetwork.uav[9].app.debugTimer -- check module destructor
undisposed object: (omnetpp::cMessage) FanetSarNetwork.uav[10].app.debugTimer -- check module destructor
undisposed object: (omnetpp::cMessage) FanetSarNetwork.uav[11].app.debugTimer -- check module destructor
undisposed object: (omnetpp::cMessage) FanetSarNetwork.uav[12].app.debugTimer -- check module destructor
undisposed object: (omnetpp::cMessage) FanetSarNetwork.uav[13].app.debugTimer -- check module destructor
undisposed object: (omnetpp::cMessage) FanetSarNetwork.uav[14].app.debugTimer -- check module destructor
undisposed object: (omnetpp::cMessage) FanetSarNetwork.uav[15].app.debugTimer -- check module destructor
undisposed object: (omnetpp::cMessage) FanetSarNetwork.uav[16].app.debugTimer -- check module destructor
undisposed object: (omnetpp::cMessage) FanetSarNetwork.uav[17].app.debugTimer -- check module destructor
undisposed object: (omnetpp::cMessage) FanetSarNetwork.uav[18].app.debugTimer -- check module destructor
undisposed object: (omnetpp::cMessage) FanetSarNetwork.uav[19].app.debugTimer -- check module destructor
undisposed object: (omnetpp::cMessage) FanetSarNetwork.uav[20].app.debugTimer -- check module destructor
undisposed object: (omnetpp::cMessage) FanetSarNetwork.uav[21].app.debugTimer -- check module destructor
undisposed object: (omnetpp::cMessage) FanetSarNetwork.uav[22].app.debugTimer -- check module destructor
undisposed object: (omnetpp::cMessage) FanetSarNetwork.uav[23].app.debugTimer -- check module destructor
undisposed object: (omnetpp::cMessage) FanetSarNetwork.uav[24].app.debugTimer -- check module destructor
undisposed object: (omnetpp::cMessage) FanetSarNetwork.uav[25].app.debugTimer -- check module destructor
undisposed object: (omnetpp::cMessage) FanetSarNetwork.uav[26].app.debugTimer -- check module destructor
undisposed object: (omnetpp::cMessage) FanetSarNetwork.uav[27].app.debugTimer -- check module destructor
undisposed object: (omnetpp::cMessage) FanetSarNetwork.uav[28].app.debugTimer -- check module destructor
undisposed object: (omnetpp::cMessage) FanetSarNetwork.uav[29].app.debugTimer -- check module destructor
