** Event #0   t=0   Elapsed: 1.9e-05s (0m 00s)  0% completed  (0% total)
     Speed:     ev/sec=0   simsec/sec=0   ev/simsec=0
     Messages:  created: 1938   present: 1938   in FES: 306
** Event #59904   t=2.519200392047   Elapsed: 2.01258s (0m 02s)  0% completed  (0% total)
     Speed:     ev/sec=29765.5   simsec/sec=1.25173   ev/simsec=23779.4
     Messages:  created: 57279   present: 1990   in FES: 254
** Event #103168   t=4.564325926267   Elapsed: 4.02066s (0m 04s)  0% completed  (0% total)
     Speed:     ev/sec=21544.9   simsec/sec=1.01845   ev/simsec=21154.7
     Messages:  created: 97386   present: 1922   in FES: 227
** Event #127488   t=5.573323433855   Elapsed: 6.05495s (0m 06s)  1% completed  (0% total)
     Speed:     ev/sec=11955   simsec/sec=0.495995   ev/simsec=24103.1
     Messages:  created: 119074   present: 1940   in FES: 231
** Event #152832   t=6.7   Elapsed: 8.07126s (0m 08s)  1% completed  (0% total)
     Speed:     ev/sec=12569.5   simsec/sec=0.558782   ev/simsec=22494.5
     Messages:  created: 141716   present: 1836   in FES: 202
** Event #174592   t=7.559356989583   Elapsed: 10.0772s (0m 10s)  1% completed  (0% total)
     Speed:     ev/sec=10847.8   simsec/sec=0.428406   ev/simsec=25321.3
     Messages:  created: 160711   present: 1970   in FES: 254
** Event #195840   t=8.545382371548   Elapsed: 12.1328s (0m 12s)  1% completed  (0% total)
     Speed:     ev/sec=10336.5   simsec/sec=0.479669   ev/simsec=21549.1
     Messages:  created: 178556   present: 1973   in FES: 255
** Event #218368   t=9.54006675169   Elapsed: 14.1771s (0m 14s)  1% completed  (0% total)
     Speed:     ev/sec=11020.3   simsec/sec=0.486582   ev/simsec=22648.4
     Messages:  created: 197940   present: 1961   in FES: 242
** Event #241152   t=10.515927480777   Elapsed: 16.2055s (0m 16s)  2% completed  (1% total)
     Speed:     ev/sec=11232.6   simsec/sec=0.481101   ev/simsec=23347.6
     Messages:  created: 217050   present: 1953   in FES: 238
** Event #254464   t=11.031054079666   Elapsed: 18.2056s (0m 18s)  2% completed  (1% total)
     Speed:     ev/sec=6655.57   simsec/sec=0.257547   ev/simsec=25842.2
     Messages:  created: 228231   present: 1998   in FES: 254
** Event #275968   t=11.588299971501   Elapsed: 20.2374s (0m 20s)  2% completed  (1% total)
     Speed:     ev/sec=10583.5   simsec/sec=0.274257   ev/simsec=38589.8
     Messages:  created: 246580   present: 1907   in FES: 226
** Event #299264   t=12.571230099772   Elapsed: 22.2436s (0m 22s)  2% completed  (1% total)
     Speed:     ev/sec=11612.2   simsec/sec=0.489953   ev/simsec=23700.6
     Messages:  created: 266262   present: 1985   in FES: 254
** Event #322304   t=13.558887021521   Elapsed: 24.2785s (0m 24s)  2% completed  (1% total)
     Speed:     ev/sec=11322.5   simsec/sec=0.485364   ev/simsec=23327.9
     Messages:  created: 285572   present: 1991   in FES: 250
** Event #345856   t=14.553125951451   Elapsed: 26.2812s (0m 26s)  2% completed  (1% total)
     Speed:     ev/sec=11760.2   simsec/sec=0.496453   ev/simsec=23688.5
     Messages:  created: 305437   present: 1958   in FES: 254
** Event #369152   t=15.538938027293   Elapsed: 28.3098s (0m 28s)  3% completed  (1% total)
     Speed:     ev/sec=11483.7   simsec/sec=0.485955   ev/simsec=23631.3
     Messages:  created: 325162   present: 1995   in FES: 254
** Event #393216   t=16.533935651458   Elapsed: 30.3195s (0m 30s)  3% completed  (1% total)
     Speed:     ev/sec=11973.7   simsec/sec=0.495087   ev/simsec=24185
     Messages:  created: 345643   present: 1983   in FES: 251
** Event #417280   t=17.520777261427   Elapsed: 32.3633s (0m 32s)  3% completed  (1% total)
     Speed:     ev/sec=11774   simsec/sec=0.482842   ev/simsec=24384.9
     Messages:  created: 366122   present: 1982   in FES: 245
** Event #442112   t=18.532195056704   Elapsed: 34.3716s (0m 34s)  3% completed  (1% total)
     Speed:     ev/sec=12364.8   simsec/sec=0.503622   ev/simsec=24551.7
     Messages:  created: 387086   present: 1880   in FES: 217
** Event #466944   t=19.537504914334   Elapsed: 36.3719s (0m 36s)  3% completed  (1% total)
     Speed:     ev/sec=12414.4   simsec/sec=0.502591   ev/simsec=24700.8
     Messages:  created: 408006   present: 1989   in FES: 252
** Event #492288   t=20.538935696978   Elapsed: 38.3863s (0m 38s)  4% completed  (2% total)
     Speed:     ev/sec=12581.2   simsec/sec=0.497126   ev/simsec=25307.8
     Messages:  created: 429380   present: 1965   in FES: 244
** Event #518400   t=21.545000016371   Elapsed: 40.3936s (0m 40s)  4% completed  (2% total)
     Speed:     ev/sec=13008.7   simsec/sec=0.501208   ev/simsec=25954.6
     Messages:  created: 451538   present: 1995   in FES: 252
** Event #544000   t=22.550623390309   Elapsed: 42.409s (0m 42s)  4% completed  (2% total)
     Speed:     ev/sec=12702.3   simsec/sec=0.498975   ev/simsec=25456.8
     Messages:  created: 473142   present: 1904   in FES: 221
** Event #570112   t=23.554702686482   Elapsed: 44.4107s (0m 44s)  4% completed  (2% total)
     Speed:     ev/sec=13044.5   simsec/sec=0.501598   ev/simsec=26005.9
     Messages:  created: 495302   present: 1928   in FES: 229
** Event #596224   t=24.559356833405   Elapsed: 46.4164s (0m 46s)  4% completed  (2% total)
     Speed:     ev/sec=13019.3   simsec/sec=0.500914   ev/simsec=25991
     Messages:  created: 517310   present: 1860   in FES: 205
** Event #624384   t=25.574137100503   Elapsed: 48.4447s (0m 48s)  5% completed  (2% total)
     Speed:     ev/sec=13883.5   simsec/sec=0.50031   ev/simsec=27749.8
     Messages:  created: 541350   present: 1998   in FES: 251
** Event #665600   t=27.518875409519   Elapsed: 50.4515s (0m 50s)  5% completed  (2% total)
     Speed:     ev/sec=20538.3   simsec/sec=0.96908   ev/simsec=21193.6
     Messages:  created: 576032   present: 1917   in FES: 228
** Event #695296   t=28.55720629255   Elapsed: 52.4542s (0m 52s)  5% completed  (2% total)
     Speed:     ev/sec=14827.8   simsec/sec=0.518457   ev/simsec=28599.7
     Messages:  created: 601182   present: 1959   in FES: 240
** Event #724224   t=29.572563506224   Elapsed: 54.4578s (0m 54s)  5% completed  (2% total)
     Speed:     ev/sec=14438   simsec/sec=0.506767   ev/simsec=28490.5
     Messages:  created: 625726   present: 1917   in FES: 224
** Event #760064   t=31.063128336324   Elapsed: 56.4604s (0m 56s)  6% completed  (3% total)
     Speed:     ev/sec=17896.9   simsec/sec=0.744322   ev/simsec=24044.6
     Messages:  created: 655994   present: 1969   in FES: 255
** Event #794624   t=32.553762186821   Elapsed: 58.4926s (0m 58s)  6% completed  (3% total)
     Speed:     ev/sec=17006   simsec/sec=0.733498   ev/simsec=23184.8
     Messages:  created: 685134   present: 1900   in FES: 221
** Event #823296   t=33.567366817473   Elapsed: 60.5004s (1m 00s)  6% completed  (3% total)
     Speed:     ev/sec=14280.5   simsec/sec=0.504839   ev/simsec=28287.2
     Messages:  created: 709410   present: 1981   in FES: 244
** Event #857600   t=35.049848784742   Elapsed: 62.5009s (1m 02s)  7% completed  (3% total)
     Speed:     ev/sec=17147.1   simsec/sec=0.741028   ev/simsec=23139.6
     Messages:  created: 738312   present: 1947   in FES: 236
** Event #893440   t=36.545001100631   Elapsed: 64.5315s (1m 04s)  7% completed  (3% total)
     Speed:     ev/sec=17650.4   simsec/sec=0.736329   ev/simsec=23970.8
     Messages:  created: 768638   present: 1905   in FES: 222
** Event #923136   t=37.566224691329   Elapsed: 66.5486s (1m 06s)  7% completed  (3% total)
     Speed:     ev/sec=14721.8   simsec/sec=0.506273   ev/simsec=29078.8
     Messages:  created: 793778   present: 1866   in FES: 205
** Event #955392   t=39.034475246998   Elapsed: 68.5492s (1m 08s)  7% completed  (3% total)
     Speed:     ev/sec=16123.3   simsec/sec=0.733913   ev/simsec=21969
     Messages:  created: 820950   present: 1957   in FES: 254
** Event #991744   t=40.532193378027   Elapsed: 70.5527s (1m 10s)  8% completed  (4% total)
     Speed:     ev/sec=18144.2   simsec/sec=0.747547   ev/simsec=24271.6
     Messages:  created: 851576   present: 1952   in FES: 241
** Event #1019904   t=41.553219826036   Elapsed: 72.5837s (1m 12s)  8% completed  (4% total)
     Speed:     ev/sec=13865.4   simsec/sec=0.502733   ev/simsec=27580.1
     Messages:  created: 875312   present: 1994   in FES: 253
** Event #1049344   t=42.575464687938   Elapsed: 74.5958s (1m 14s)  8% completed  (4% total)
     Speed:     ev/sec=14631.1   simsec/sec=0.508034   ev/simsec=28799.4
     Messages:  created: 900690   present: 1869   in FES: 204
** Event #1090816   t=44.541344862939   Elapsed: 76.6101s (1m 16s)  8% completed  (4% total)
     Speed:     ev/sec=20588.9   simsec/sec=0.975965   ev/simsec=21095.9
     Messages:  created: 936343   present: 1960   in FES: 254
** Event #1118464   t=45.564602667714   Elapsed: 78.6284s (1m 18s)  9% completed  (4% total)
     Speed:     ev/sec=13698.8   simsec/sec=0.506994   ev/simsec=27019.6
     Messages:  created: 960214   present: 1994   in FES: 251
** Event #1145600   t=46.570740224024   Elapsed: 80.664s (1m 20s)  9% completed  (4% total)
     Speed:     ev/sec=13330.9   simsec/sec=0.494279   ev/simsec=26970.5
     Messages:  created: 983584   present: 1958   in FES: 235
** Event #1187328   t=48.518875835262   Elapsed: 82.6947s (1m 22s)  9% completed  (4% total)
     Speed:     ev/sec=20548.6   simsec/sec=0.959344   ev/simsec=21419.5
     Messages:  created: 1019136   present: 1923   in FES: 230
** Event #1216768   t=49.565318581543   Elapsed: 84.7241s (1m 24s)  9% completed  (4% total)
     Speed:     ev/sec=14506.3   simsec/sec=0.515625   ev/simsec=28133.4
     Messages:  created: 1044632   present: 1890   in FES: 215
** Event #1253376   t=51.059282836648   Elapsed: 86.7276s (1m 26s)  10% completed  (5% total)
     Speed:     ev/sec=18272.8   simsec/sec=0.745709   ev/simsec=24503.9
     Messages:  created: 1076362   present: 1966   in FES: 241
** Event #1287680   t=52.566747885466   Elapsed: 88.7486s (1m 28s)  10% completed  (5% total)
     Speed:     ev/sec=16973.1   simsec/sec=0.745869   ev/simsec=22756.1
     Messages:  created: 1107045   present: 1966   in FES: 254
** Event #1326848   t=54.541283359618   Elapsed: 90.7516s (1m 30s)  10% completed  (5% total)
     Speed:     ev/sec=19554.9   simsec/sec=0.985802   ev/simsec=19836.6
     Messages:  created: 1143176   present: 1972   in FES: 243
** Event #1369856   t=56.56003283518   Elapsed: 92.7651s (1m 32s)  11% completed  (5% total)
     Speed:     ev/sec=21359.7   simsec/sec=1.0026   ev/simsec=21304.3
     Messages:  created: 1183774   present: 1887   in FES: 214
** Event #1412608   t=58.566332077092   Elapsed: 94.7788s (1m 34s)  11% completed  (5% total)
     Speed:     ev/sec=21230.9   simsec/sec=0.996341   ev/simsec=21308.9
     Messages:  created: 1224514   present: 1889   in FES: 214
** Event #1470464   t=61.53885489983   Elapsed: 96.78s (1m 36s)  12% completed  (6% total)
     Speed:     ev/sec=28910.8   simsec/sec=1.48538   ev/simsec=19463.6
     Messages:  created: 1278615   present: 1986   in FES: 254
** Event #1518848   t=63.9   Elapsed: 98.7866s (1m 38s)  12% completed  (6% total)
     Speed:     ev/sec=24112.5   simsec/sec=1.17669   ev/simsec=20491.8
     Messages:  created: 1323268   present: 1836   in FES: 202
** Event #1576192   t=66.543018766398   Elapsed: 100.8s (1m 40s)  13% completed  (6% total)
     Speed:     ev/sec=28475.2   simsec/sec=1.31244   ev/simsec=21696.4
     Messages:  created: 1375938   present: 1971   in FES: 244
** Event #1620480   t=68.547906566463   Elapsed: 102.809s (1m 42s)  13% completed  (6% total)
     Speed:     ev/sec=22046.4   simsec/sec=0.998025   ev/simsec=22090
     Messages:  created: 1416410   present: 1981   in FES: 244
** Event #1662464   t=70.542920727093   Elapsed: 104.81s (1m 44s)  14% completed  (7% total)
     Speed:     ev/sec=20979.7   simsec/sec=0.996924   ev/simsec=21044.5
     Messages:  created: 1454596   present: 1953   in FES: 254
** Event #1706240   t=72.542143815107   Elapsed: 106.821s (1m 46s)  14% completed  (7% total)
     Speed:     ev/sec=21774.9   simsec/sec=0.994445   ev/simsec=21896.5
     Messages:  created: 1494318   present: 1946   in FES: 237
** Event #1751552   t=74.554345399494   Elapsed: 108.839s (1m 48s)  14% completed  (7% total)
     Speed:     ev/sec=22450.9   simsec/sec=0.996994   ev/simsec=22518.6
     Messages:  created: 1535632   present: 1952   in FES: 237
** Event #1793792   t=76.547619491785   Elapsed: 110.842s (1m 50s)  15% completed  (7% total)
     Speed:     ev/sec=21092.6   simsec/sec=0.995343   ev/simsec=21191.3
     Messages:  created: 1574210   present: 1975   in FES: 254
** Event #1835264   t=78.537882826478   Elapsed: 112.851s (1m 52s)  15% completed  (7% total)
     Speed:     ev/sec=20642.5   simsec/sec=0.990647   ev/simsec=20837.4
     Messages:  created: 1611891   present: 1978   in FES: 254
** Event #1878016   t=80.536798943468   Elapsed: 114.876s (1m 54s)  16% completed  (8% total)
     Speed:     ev/sec=21109.7   simsec/sec=0.987008   ev/simsec=21387.6
     Messages:  created: 1650962   present: 1967   in FES: 254
** Event #1921792   t=82.543018787781   Elapsed: 116.892s (1m 56s)  16% completed  (8% total)
     Speed:     ev/sec=21718.8   simsec/sec=0.995357   ev/simsec=21820.1
     Messages:  created: 1691114   present: 1968   in FES: 243
** Event #1969920   t=84.587163221371   Elapsed: 118.893s (1m 58s)  16% completed  (8% total)
     Speed:     ev/sec=24049.3   simsec/sec=1.02145   ev/simsec=23544.3
     Messages:  created: 1735884   present: 1967   in FES: 242
** Event #2011392   t=86.595555127546   Elapsed: 120.907s (2m 00s)  17% completed  (8% total)
     Speed:     ev/sec=20591.1   simsec/sec=0.997177   ev/simsec=20649.4
     Messages:  created: 1774776   present: 1972   in FES: 247
** Event #2070528   t=89.579242654845   Elapsed: 122.916s (2m 02s)  17% completed  (8% total)
     Speed:     ev/sec=29431.2   simsec/sec=1.48494   ev/simsec=19819.8
     Messages:  created: 1830646   present: 1987   in FES: 250
** Event #2128384   t=92.565846798145   Elapsed: 124.929s (2m 04s)  18% completed  (9% total)
     Speed:     ev/sec=28749.3   simsec/sec=1.48408   ev/simsec=19371.8
     Messages:  created: 1885776   present: 1924   in FES: 225
** Event #2192384   t=96.016217046585   Elapsed: 126.932s (2m 06s)  19% completed  (9% total)
     Speed:     ev/sec=31948.5   simsec/sec=1.72241   ev/simsec=18548.7
     Messages:  created: 1947064   present: 1962   in FES: 243
** Event #2265088   t=99.56221995571   Elapsed: 128.932s (2m 08s)  19% completed  (9% total)
     Speed:     ev/sec=36351   simsec/sec=1.77295   ev/simsec=20503.1
     Messages:  created: 2017048   present: 1961   in FES: 240
** Event #2332928   t=102.565140905481   Elapsed: 130.933s (2m 10s)  20% completed  (10% total)
     Speed:     ev/sec=33898.6   simsec/sec=1.50051   ev/simsec=22591.3
     Messages:  created: 2084153   present: 2336   in FES: 256
** Event #2403840   t=106.059867531295   Elapsed: 132.936s (2m 12s)  21% completed  (10% total)
     Speed:     ev/sec=35411.7   simsec/sec=1.74518   ev/simsec=20291.1
     Messages:  created: 2150997   present: 3137   in FES: 292
** Event #2472448   t=109.549657747955   Elapsed: 134.94s (2m 14s)  21% completed  (10% total)
     Speed:     ev/sec=34233.3   simsec/sec=1.7413   ev/simsec=19659.6
     Messages:  created: 2215525   present: 2189   in FES: 244
** Event #2541312   t=113.026366293027   Elapsed: 136.943s (2m 16s)  22% completed  (11% total)
     Speed:     ev/sec=34378.1   simsec/sec=1.73563   ev/simsec=19807.2
     Messages:  created: 2280363   present: 2879   in FES: 254
** Event #2604544   t=116.046158081782   Elapsed: 138.947s (2m 18s)  23% completed  (11% total)
     Speed:     ev/sec=31553.4   simsec/sec=1.50691   ev/simsec=20939.2
     Messages:  created: 2339969   present: 3488   in FES: 243
** Event #2671104   t=119.089123754017   Elapsed: 140.954s (2m 20s)  23% completed  (11% total)
     Speed:     ev/sec=33161.6   simsec/sec=1.51607   ev/simsec=21873.4
     Messages:  created: 2402884   present: 3971   in FES: 204
** Event #2734080   t=122.536283376498   Elapsed: 142.971s (2m 22s)  24% completed  (12% total)
     Speed:     ev/sec=31216.7   simsec/sec=1.70873   ev/simsec=18269
     Messages:  created: 2461951   present: 4773   in FES: 242
** Event #2798848   t=125.56412836778   Elapsed: 144.98s (2m 24s)  25% completed  (12% total)
     Speed:     ev/sec=32252.2   simsec/sec=1.50776   ev/simsec=21390.8
     Messages:  created: 2523151   present: 5409   in FES: 254
** Event #2863872   t=128.601457048504   Elapsed: 146.984s (2m 26s)  25% completed  (12% total)
     Speed:     ev/sec=32442.1   simsec/sec=1.5154   ev/simsec=21408.3
     Messages:  created: 2584444   present: 5869   in FES: 204
** Event #2923008   t=131.581524052074   Elapsed: 148.989s (2m 28s)  26% completed  (13% total)
     Speed:     ev/sec=29485.9   simsec/sec=1.48589   ev/simsec=19843.8
     Messages:  created: 2640218   present: 6628   in FES: 254
** Event #2987776   t=135.029243284232   Elapsed: 150.993s (2m 30s)  27% completed  (13% total)
     Speed:     ev/sec=32328.7   simsec/sec=1.72092   ev/simsec=18785.8
     Messages:  created: 2700984   present: 7291   in FES: 247
** Event #3059200   t=138.538205880866   Elapsed: 153.001s (2m 33s)  27% completed  (13% total)
     Speed:     ev/sec=35572.4   simsec/sec=1.74762   ev/simsec=20354.7
     Messages:  created: 2768292   present: 7992   in FES: 246
** Event #3121664   t=141.558104123716   Elapsed: 155.002s (2m 35s)  28% completed  (14% total)
     Speed:     ev/sec=31204.2   simsec/sec=1.50861   ev/simsec=20684.1
     Messages:  created: 2827231   present: 8581   in FES: 254
** Event #3181056   t=144.543018787645   Elapsed: 157.014s (2m 37s)  28% completed  (14% total)
     Speed:     ev/sec=29532.3   simsec/sec=1.48423   ev/simsec=19897.4
     Messages:  created: 2883089   present: 9186   in FES: 243
** Event #3239936   t=147.514802586601   Elapsed: 159.015s (2m 39s)  29% completed  (14% total)
     Speed:     ev/sec=29418.2   simsec/sec=1.48479   ev/simsec=19813
     Messages:  created: 2938508   present: 9758   in FES: 240
** Event #3297536   t=150.067999609279   Elapsed: 161.016s (2m 41s)  30% completed  (15% total)
     Speed:     ev/sec=28790.8   simsec/sec=1.27619   ev/simsec=22560
     Messages:  created: 2992957   present: 10227   in FES: 218
** Event #3353088   t=153.031912086943   Elapsed: 163.02s (2m 43s)  30% completed  (15% total)
     Speed:     ev/sec=27713.2   simsec/sec=1.4786   ev/simsec=18742.8
     Messages:  created: 3045166   present: 10887   in FES: 245
** Event #3410432   t=155.589701265792   Elapsed: 165.024s (2m 45s)  31% completed  (15% total)
     Speed:     ev/sec=28622.1   simsec/sec=1.27667   ev/simsec=22419.4
     Messages:  created: 3099539   present: 11394   in FES: 243
** Event #3473408   t=159.016377507291   Elapsed: 167.024s (2m 47s)  31% completed  (15% total)
     Speed:     ev/sec=31482.3   simsec/sec=1.71303   ev/simsec=18378.2
     Messages:  created: 3158594   present: 12080   in FES: 246
** Event #3545088   t=162.537571880996   Elapsed: 169.031s (2m 49s)  32% completed  (16% total)
     Speed:     ev/sec=35714.1   simsec/sec=1.75441   ev/simsec=20356.7
     Messages:  created: 3226108   present: 12707   in FES: 219
** Event #3607040   t=165.5455785248   Elapsed: 171.036s (2m 51s)  33% completed  (16% total)
     Speed:     ev/sec=30901.9   simsec/sec=1.50041   ev/simsec=20595.7
     Messages:  created: 3284533   present: 13390   in FES: 243
** Event #3668992   t=168.558202089941   Elapsed: 173.043s (2m 53s)  33% completed  (16% total)
     Speed:     ev/sec=30864.4   simsec/sec=1.50089   ev/simsec=20564.1
     Messages:  created: 3342953   present: 13982   in FES: 243
** Event #3733504   t=171.58143013755   Elapsed: 175.046s (2m 55s)  34% completed  (17% total)
     Speed:     ev/sec=32217.7   simsec/sec=1.50982   ev/simsec=21338.8
     Messages:  created: 3403818   present: 14582   in FES: 254
** Event #3794688   t=174.582676532654   Elapsed: 177.046s (2m 57s)  34% completed  (17% total)
     Speed:     ev/sec=30583.5   simsec/sec=1.5002   ev/simsec=20386.2
     Messages:  created: 3461218   present: 15203   in FES: 245
** Event #3852544   t=177.545484499025   Elapsed: 179.052s (2m 59s)  35% completed  (17% total)
     Speed:     ev/sec=28849   simsec/sec=1.47736   ev/simsec=19527.4
     Messages:  created: 3514915   present: 15777   in FES: 254
** Event #3899648   t=179.585838327944   Elapsed: 181.054s (3m 01s)  35% completed  (17% total)
     Speed:     ev/sec=23519.1   simsec/sec=1.01875   ev/simsec=23086.2
     Messages:  created: 3558577   present: 16209   in FES: 254
** Event #3943680   t=181.592962879097   Elapsed: 183.058s (3m 03s)  36% completed  (18% total)
     Speed:     ev/sec=21976.7   simsec/sec=1.00177   ev/simsec=21937.9
     Messages:  created: 3598790   present: 16600   in FES: 246
** Event #3984896   t=183.569662606956   Elapsed: 185.066s (3m 05s)  36% completed  (18% total)
     Speed:     ev/sec=20528.2   simsec/sec=0.984523   ev/simsec=20850.9
     Messages:  created: 3635867   present: 17002   in FES: 247
** Event #4025856   t=185.540023674845   Elapsed: 187.071s (3m 07s)  37% completed  (18% total)
     Speed:     ev/sec=20429.4   simsec/sec=0.982746   ev/simsec=20788.1
     Messages:  created: 3672564   present: 17404   in FES: 248
** Event #4068864   t=187.516733290936   Elapsed: 189.073s (3m 09s)  37% completed  (18% total)
     Speed:     ev/sec=21477.9   simsec/sec=0.987155   ev/simsec=21757.4
     Messages:  created: 3710320   present: 17775   in FES: 245
** Event #4099840   t=188.581002885463   Elapsed: 191.086s (3m 11s)  37% completed  (18% total)
     Speed:     ev/sec=15389.7   simsec/sec=0.528758   ev/simsec=29105.4
     Messages:  created: 3737698   present: 17941   in FES: 225
** Event #4140800   t=190.547864583129   Elapsed: 193.095s (3m 13s)  38% completed  (19% total)
     Speed:     ev/sec=20386.7   simsec/sec=0.978953   ev/simsec=20825.1
     Messages:  created: 3773682   present: 18388   in FES: 254
** Event #4184832   t=192.522261920992   Elapsed: 195.101s (3m 15s)  38% completed  (19% total)
     Speed:     ev/sec=21950.8   simsec/sec=0.984277   ev/simsec=22301.5
     Messages:  created: 3811906   present: 18692   in FES: 216
** Event #4216576   t=193.579277751804   Elapsed: 197.103s (3m 17s)  38% completed  (19% total)
     Speed:     ev/sec=15852.8   simsec/sec=0.527868   ev/simsec=30031.7
     Messages:  created: 3839668   present: 18949   in FES: 227
** Event #4260608   t=195.566029706607   Elapsed: 199.11s (3m 19s)  39% completed  (19% total)
     Speed:     ev/sec=21941.7   simsec/sec=0.990023   ev/simsec=22162.8
     Messages:  created: 3877624   present: 19351   in FES: 229
** Event #4303872   t=197.522257015475   Elapsed: 201.116s (3m 21s)  39% completed  (19% total)
     Speed:     ev/sec=21570.4   simsec/sec=0.975327   ev/simsec=22116
     Messages:  created: 3915032   present: 19789   in FES: 249
** Event #4335872   t=198.579662224612   Elapsed: 203.121s (3m 23s)  39% completed  (19% total)
     Speed:     ev/sec=15956   simsec/sec=0.52725   ev/simsec=30262.8
     Messages:  created: 3942866   present: 20034   in FES: 254
** Event #4375808   t=200.527546166181   Elapsed: 205.129s (3m 25s)  40% completed  (20% total)
     Speed:     ev/sec=19896.5   simsec/sec=0.970452   ev/simsec=20502.2
     Messages:  created: 3977220   present: 20324   in FES: 226
** Event #4409344   t=201.599285569677   Elapsed: 207.152s (3m 27s)  40% completed  (20% total)
     Speed:     ev/sec=16570.4   simsec/sec=0.529554   ev/simsec=31291.2
     Messages:  created: 4007074   present: 20602   in FES: 244
** Event #4451584   t=203.572322759689   Elapsed: 209.156s (3m 29s)  40% completed  (20% total)
     Speed:     ev/sec=21083.1   simsec/sec=0.984793   ev/simsec=21408.6
     Messages:  created: 4043653   present: 21022   in FES: 251
** Event #4495872   t=205.557550626334   Elapsed: 211.177s (3m 31s)  41% completed  (20% total)
     Speed:     ev/sec=21912.9   simsec/sec=0.982253   ev/simsec=22308.8
     Messages:  created: 4081995   present: 21377   in FES: 240
** Event #4532736   t=207.046362069932   Elapsed: 213.18s (3m 33s)  41% completed  (20% total)
     Speed:     ev/sec=18400.5   simsec/sec=0.743135   ev/simsec=24760.7
     Messages:  created: 4114247   present: 21641   in FES: 228
** Event #4574208   t=208.599285424864   Elapsed: 215.19s (3m 35s)  41% completed  (20% total)
     Speed:     ev/sec=20635.9   simsec/sec=0.772714   ev/simsec=26705.8
     Messages:  created: 4151034   present: 22030   in FES: 252
** Event #4617728   t=210.573872913108   Elapsed: 217.211s (3m 37s)  42% completed  (21% total)
     Speed:     ev/sec=21540.4   simsec/sec=0.97733   ev/simsec=22040
     Messages:  created: 4188675   present: 22307   in FES: 212
** Event #4660992   t=212.550201139281   Elapsed: 219.214s (3m 39s)  42% completed  (21% total)
     Speed:     ev/sec=21595.4   simsec/sec=0.986494   ev/simsec=21891.1
     Messages:  created: 4226398   present: 22796   in FES: 254
** Event #4695808   t=214.045942660592   Elapsed: 221.217s (3m 41s)  42% completed  (21% total)
     Speed:     ev/sec=17378.7   simsec/sec=0.74661   ev/simsec=23276.7
     Messages:  created: 4256968   present: 23096   in FES: 254
** Event #4733952   t=215.577186402308   Elapsed: 223.231s (3m 43s)  43% completed  (21% total)
     Speed:     ev/sec=18945.5   simsec/sec=0.760545   ev/simsec=24910.5
     Messages:  created: 4290884   present: 23347   in FES: 225
** Event #4773120   t=217.540485034218   Elapsed: 225.237s (3m 45s)  43% completed  (21% total)
     Speed:     ev/sec=19522.1   simsec/sec=0.978545   ev/simsec=19950.1
     Messages:  created: 4325746   present: 23775   in FES: 239
** Event #4809216   t=219.051358501188   Elapsed: 227.246s (3m 47s)  43% completed  (21% total)
     Speed:     ev/sec=17970.3   simsec/sec=0.752186   ev/simsec=23890.8
     Messages:  created: 4358334   present: 24096   in FES: 254
** Event #4854528   t=221.064662924153   Elapsed: 229.246s (3m 49s)  44% completed  (22% total)
     Speed:     ev/sec=22654.1   simsec/sec=1.00657   ev/simsec=22506.3
     Messages:  created: 4399600   present: 24514   in FES: 254
** Event #4899072   t=223.08045114674   Elapsed: 231.246s (3m 51s)  44% completed  (22% total)
     Speed:     ev/sec=22268   simsec/sec=1.00771   ev/simsec=22097.6
     Messages:  created: 4440632   present: 24907   in FES: 247
** Event #4946688   t=225.561239992607   Elapsed: 233.255s (3m 53s)  45% completed  (22% total)
     Speed:     ev/sec=23701.4   simsec/sec=1.23484   ev/simsec=19193.9
     Messages:  created: 4484654   present: 25392   in FES: 254
** Event #5007872   t=227.588192942855   Elapsed: 235.258s (3m 55s)  45% completed  (22% total)
     Speed:     ev/sec=30552.2   simsec/sec=1.01216   ev/simsec=30185.2
     Messages:  created: 4548785   present: 25830   in FES: 283
** Event #5091072   t=229.055777022466   Elapsed: 237.262s (3m 57s)  45% completed  (22% total)
     Speed:     ev/sec=41516.5   simsec/sec=0.732319   ev/simsec=56691.8
     Messages:  created: 4650252   present: 26308   in FES: 348
** Event #5158144   t=231.572137261832   Elapsed: 239.264s (3m 59s)  46% completed  (23% total)
     Speed:     ev/sec=33504.6   simsec/sec=1.257   ev/simsec=26654.4
     Messages:  created: 4720035   present: 26628   in FES: 289
** Event #5228032   t=234.063182309605   Elapsed: 241.266s (4m 01s)  46% completed  (23% total)
     Speed:     ev/sec=34898.9   simsec/sec=1.24391   ev/simsec=28055.7
     Messages:  created: 4794124   present: 27193   in FES: 309
** Event #5285376   t=237.040870006847   Elapsed: 243.269s (4m 03s)  47% completed  (23% total)
     Speed:     ev/sec=28636.8   simsec/sec=1.48702   ev/simsec=19257.9
     Messages:  created: 4848011   present: 2370   in FES: 254
** Event #5342976   t=239.768510947004   Elapsed: 245.272s (4m 05s)  47% completed  (23% total)
     Speed:     ev/sec=28751.5   simsec/sec=1.36152   ev/simsec=21117.1
     Messages:  created: 4902292   present: 2754   in FES: 203
** Event #5401856   t=242.583877059324   Elapsed: 247.277s (4m 07s)  48% completed  (24% total)
     Speed:     ev/sec=29365.8   simsec/sec=1.40413   ev/simsec=20913.8
     Messages:  created: 4957874   present: 3398   in FES: 225
** Event #5462528   t=245.583781055122   Elapsed: 249.287s (4m 09s)  49% completed  (24% total)
     Speed:     ev/sec=30192.3   simsec/sec=1.49285   ev/simsec=20224.6
     Messages:  created: 5015101   present: 4042   in FES: 254
** Event #5527552   t=249.03110530359   Elapsed: 251.287s (4m 11s)  49% completed  (24% total)
     Speed:     ev/sec=32508.6   simsec/sec=1.72348   ev/simsec=18862.2
     Messages:  created: 5076112   present: 4733   in FES: 242
** Event #5594368   t=252.077144715503   Elapsed: 253.287s (4m 13s)  50% completed  (25% total)
     Speed:     ev/sec=33403.5   simsec/sec=1.52281   ev/simsec=21935.4
     Messages:  created: 5139337   present: 5346   in FES: 254
** Event #5659392   t=255.537882806423   Elapsed: 255.3s (4m 15s)  51% completed  (25% total)
     Speed:     ev/sec=32306.6   simsec/sec=1.71944   ev/simsec=18789.1
     Messages:  created: 5200478   present: 6228   in FES: 305
** Event #5720576   t=258.540031684412   Elapsed: 257.315s (4m 17s)  51% completed  (25% total)
     Speed:     ev/sec=30365.7   simsec/sec=1.48997   ev/simsec=20380.1
     Messages:  created: 5258008   present: 6665   in FES: 250
** Event #5782272   t=261.546974704071   Elapsed: 259.321s (4m 19s)  52% completed  (26% total)
     Speed:     ev/sec=30751   simsec/sec=1.49874   ev/simsec=20517.8
     Messages:  created: 5316084   present: 7128   in FES: 204
** Event #5841920   t=264.520510426103   Elapsed: 261.329s (4m 21s)  52% completed  (26% total)
     Speed:     ev/sec=29705.3   simsec/sec=1.48085   ev/simsec=20059.6
     Messages:  created: 5371731   present: 7841   in FES: 247
** Event #5888768   t=266.542476977767   Elapsed: 263.351s (4m 23s)  53% completed  (26% total)
     Speed:     ev/sec=23172   simsec/sec=1.00011   ev/simsec=23169.5
     Messages:  created: 5414142   present: 8253   in FES: 254
** Event #5918976   t=267.598858409104   Elapsed: 265.361s (4m 25s)  53% completed  (26% total)
     Speed:     ev/sec=15027.7   simsec/sec=0.525523   ev/simsec=28595.7
     Messages:  created: 5440595   present: 8438   in FES: 254
** Event #5958656   t=269.542475163254   Elapsed: 267.362s (4m 27s)  53% completed  (26% total)
     Speed:     ev/sec=19829.9   simsec/sec=0.971315   ev/simsec=20415.5
     Messages:  created: 5474275   present: 8726   in FES: 204
** Event #5986048   t=270.553057991225   Elapsed: 269.375s (4m 29s)  54% completed  (27% total)
     Speed:     ev/sec=13604.4   simsec/sec=0.501912   ev/simsec=27105.2
     Messages:  created: 5498059   present: 9243   in FES: 305
** Event #6014720   t=271.577222189568   Elapsed: 271.394s (4m 31s)  54% completed  (27% total)
     Speed:     ev/sec=14206.2   simsec/sec=0.507445   ev/simsec=27995.5
     Messages:  created: 5522254   present: 9281   in FES: 252
** Event #6041856   t=272.581720721698   Elapsed: 273.429s (4m 33s)  54% completed  (27% total)
     Speed:     ev/sec=13329.5   simsec/sec=0.493421   ev/simsec=27014.5
     Messages:  created: 5544877   present: 9325   in FES: 204
** Event #6072320   t=274.038034800806   Elapsed: 275.431s (4m 35s)  54% completed  (27% total)
     Speed:     ev/sec=15221.6   simsec/sec=0.727658   ev/simsec=20918.6
     Messages:  created: 5570440   present: 9736   in FES: 241
** Event #6108416   t=275.546059619933   Elapsed: 277.463s (4m 37s)  55% completed  (27% total)
     Speed:     ev/sec=17759.9   simsec/sec=0.741977   ev/simsec=23935.9
     Messages:  created: 5601123   present: 9982   in FES: 224
** Event #6136320   t=276.562202423556   Elapsed: 279.475s (4m 39s)  55% completed  (27% total)
     Speed:     ev/sec=13869.9   simsec/sec=0.505083   ev/simsec=27460.7
     Messages:  created: 5625044   present: 10254   in FES: 243
** Event #6166016   t=277.580104543681   Elapsed: 281.482s (4m 41s)  55% completed  (27% total)
     Speed:     ev/sec=14799.6   simsec/sec=0.507293   ev/simsec=29173.7
     Messages:  created: 5651294   present: 10424   in FES: 227
** Event #6192384   t=278.577320498314   Elapsed: 283.485s (4m 43s)  55% completed  (27% total)
     Speed:     ev/sec=13160.2   simsec/sec=0.497709   ev/simsec=26441.6
     Messages:  created: 5673076   present: 10594   in FES: 221
** Event #6214912   t=279.558331905269   Elapsed: 285.515s (4m 45s)  55% completed  (27% total)
     Speed:     ev/sec=11101.6   simsec/sec=0.483436   ev/simsec=22964.1
     Messages:  created: 5691077   present: 10773   in FES: 219
** Event #6236672   t=280.519096895796   Elapsed: 287.518s (4m 47s)  56% completed  (28% total)
     Speed:     ev/sec=10863.8   simsec/sec=0.479668   ev/simsec=22648.6
     Messages:  created: 5708849   present: 11076   in FES: 254
** Event #6259712   t=281.50854786446   Elapsed: 289.535s (4m 49s)  56% completed  (28% total)
     Speed:     ev/sec=11418.7   simsec/sec=0.490375   ev/simsec=23285.6
     Messages:  created: 5727916   present: 11198   in FES: 235
** Event #6276608   t=282.048098413623   Elapsed: 291.541s (4m 51s)  56% completed  (28% total)
     Speed:     ev/sec=8424.05   simsec/sec=0.26901   ev/simsec=31315
     Messages:  created: 5742120   present: 11224   in FES: 204
** Event #6295040   t=282.594584056389   Elapsed: 293.575s (4m 53s)  56% completed  (28% total)
     Speed:     ev/sec=9060.26   simsec/sec=0.268625   ev/simsec=33728.2
     Messages:  created: 5758359   present: 11462   in FES: 254
** Event #6318592   t=283.599572774107   Elapsed: 295.579s (4m 55s)  56% completed  (28% total)
     Speed:     ev/sec=11755.9   simsec/sec=0.501637   ev/simsec=23435.1
     Messages:  created: 5779066   present: 11603   in FES: 228
** Event #6353408   t=285.529364603696   Elapsed: 297.606s (4m 57s)  57% completed  (28% total)
     Speed:     ev/sec=17172.3   simsec/sec=0.951831   ev/simsec=18041.3
     Messages:  created: 5810213   present: 12042   in FES: 254
** Event #6392064   t=287.078607144929   Elapsed: 299.611s (4m 59s)  57% completed  (28% total)
     Speed:     ev/sec=19285.6   simsec/sec=0.772921   ev/simsec=24951.5
     Messages:  created: 5846309   present: 12334   in FES: 254
** Event #6438912   t=289.555484383858   Elapsed: 301.629s (5m 01s)  57% completed  (28% total)
     Speed:     ev/sec=23208.8   simsec/sec=1.22706   ev/simsec=18914.1
     Messages:  created: 5890161   present: 12789   in FES: 221
** Event #6498048   t=292.546980555394   Elapsed: 303.635s (5m 03s)  58% completed  (29% total)
     Speed:     ev/sec=29484.1   simsec/sec=1.4915   ev/simsec=19768
     Messages:  created: 5945776   present: 13324   in FES: 204
** Event #6550784   t=295.055722985725   Elapsed: 305.638s (5m 05s)  59% completed  (29% total)
     Speed:     ev/sec=26330.7   simsec/sec=1.2526   ev/simsec=21020.9
     Messages:  created: 5995621   present: 13936   in FES: 254
** Event #6607360   t=298.015641323482   Elapsed: 307.638s (5m 07s)  59% completed  (29% total)
     Speed:     ev/sec=28283.1   simsec/sec=1.47971   ev/simsec=19114
     Messages:  created: 6048794   present: 14529   in FES: 254
** Event #6673408   t=301.062045349428   Elapsed: 309.638s (5m 09s)  60% completed  (30% total)
     Speed:     ev/sec=33020   simsec/sec=1.52302   ev/simsec=21680.6
     Messages:  created: 6111175   present: 15150   in FES: 254
** Event #6729728   t=304.026417054512   Elapsed: 311.64s (5m 11s)  60% completed  (30% total)
     Speed:     ev/sec=28131.2   simsec/sec=1.48067   ev/simsec=18999
     Messages:  created: 6164024   present: 15713   in FES: 236
** Event #6794496   t=307.058227062643   Elapsed: 313.643s (5m 13s)  61% completed  (30% total)
     Speed:     ev/sec=32334   simsec/sec=1.51356   ev/simsec=21362.8
     Messages:  created: 6225232   present: 16369   in FES: 254
** Event #6851840   t=310.029244998283   Elapsed: 315.645s (5m 15s)  62% completed  (31% total)
     Speed:     ev/sec=28645.6   simsec/sec=1.48414   ev/simsec=19301.1
     Messages:  created: 6279036   present: 16912   in FES: 235
** Event #6907904   t=312.565926944872   Elapsed: 317.654s (5m 17s)  62% completed  (31% total)
     Speed:     ev/sec=27904.5   simsec/sec=1.26257   ev/simsec=22101.3
     Messages:  created: 6331452   present: 17493   in FES: 254
** Event #6950656   t=314.555198616253   Elapsed: 319.665s (5m 19s)  62% completed  (31% total)
     Speed:     ev/sec=21263.1   simsec/sec=0.989382   ev/simsec=21491.3
     Messages:  created: 6370355   present: 17751   in FES: 209
** Event #6989568   t=316.087912362442   Elapsed: 321.667s (5m 21s)  63% completed  (31% total)
     Speed:     ev/sec=19436.9   simsec/sec=0.765604   ev/simsec=25387.6
     Messages:  created: 6404610   present: 18145   in FES: 242
** Event #7020544   t=317.554293666055   Elapsed: 323.686s (5m 23s)  63% completed  (31% total)
     Speed:     ev/sec=15342   simsec/sec=0.726281   ev/simsec=21124.1
     Messages:  created: 6432261   present: 18388   in FES: 224
** Event #7073280   t=318.051645234015   Elapsed: 325.689s (5m 25s)  63% completed  (31% total)
     Speed:     ev/sec=26329   simsec/sec=0.248308   ev/simsec=106034
     Messages:  created: 6497329   present: 18450   in FES: 233
** Event #7122688   t=318.572325886592   Elapsed: 327.708s (5m 27s)  63% completed  (31% total)
     Speed:     ev/sec=24467.6   simsec/sec=0.257849   ev/simsec=94891.2
     Messages:  created: 6558199   present: 18521   in FES: 244
** Event #7181568   t=319.184962575173   Elapsed: 329.71s (5m 29s)  63% completed  (31% total)
     Speed:     ev/sec=29410.9   simsec/sec=0.306016   ev/simsec=96109.2
     Messages:  created: 6630308   present: 18572   in FES: 254
** Event #7226368   t=319.691994344297   Elapsed: 331.716s (5m 31s)  63% completed  (31% total)
     Speed:     ev/sec=22341   simsec/sec=0.252848   ev/simsec=88357.4
     Messages:  created: 6686210   present: 18603   in FES: 286
** Event #7301376   t=320.569132347508   Elapsed: 333.742s (5m 33s)  64% completed  (32% total)
     Speed:     ev/sec=37019.1   simsec/sec=0.432898   ev/simsec=85514.5
     Messages:  created: 6779040   present: 18608   in FES: 229
** Event #7382016   t=321.518400220144   Elapsed: 335.767s (5m 35s)  64% completed  (32% total)
     Speed:     ev/sec=39815.1   simsec/sec=0.468691   ev/simsec=84949.7
     Messages:  created: 6879036   present: 18696   in FES: 254
** Event #7430656   t=322.032976083104   Elapsed: 337.768s (5m 37s)  64% completed  (32% total)
     Speed:     ev/sec=24311.3   simsec/sec=0.257196   ev/simsec=94524.4
     Messages:  created: 6937920   present: 18684   in FES: 229
** Event #7485184   t=322.588154380252   Elapsed: 339.77s (5m 39s)  64% completed  (32% total)
     Speed:     ev/sec=27228.6   simsec/sec=0.277228   ev/simsec=98217.1
     Messages:  created: 7002408   present: 18738   in FES: 235
** Event #7564544   t=323.541180433099   Elapsed: 341.79s (5m 41s)  64% completed  (32% total)
     Speed:     ev/sec=39289.8   simsec/sec=0.471827   ev/simsec=83271.6
     Messages:  created: 7102083   present: 18834   in FES: 254
** Event #7627776   t=324.173100358039   Elapsed: 343.794s (5m 43s)  64% completed  (32% total)
     Speed:     ev/sec=31560.2   simsec/sec=0.315403   ev/simsec=100063
     Messages:  created: 7177055   present: 18853   in FES: 288
** Event #7688448   t=324.929050242323   Elapsed: 345.796s (5m 45s)  64% completed  (32% total)
     Speed:     ev/sec=30304.6   simsec/sec=0.377584   ev/simsec=80259.3
     Messages:  created: 7254449   present: 18868   in FES: 229
** Event #7749888   t=325.573920774972   Elapsed: 347.805s (5m 47s)  65% completed  (32% total)
     Speed:     ev/sec=30585.9   simsec/sec=0.321028   ev/simsec=95274.9
     Messages:  created: 7328227   present: 18955   in FES: 233
** Event #7828736   t=326.510935637044   Elapsed: 349.824s (5m 49s)  65% completed  (32% total)
     Speed:     ev/sec=39054.5   simsec/sec=0.464116   ev/simsec=84148.1
     Messages:  created: 7426183   present: 18941   in FES: 221
** Event #7884288   t=327.063787788208   Elapsed: 351.826s (5m 51s)  65% completed  (32% total)
     Speed:     ev/sec=27738.2   simsec/sec=0.27605   ev/simsec=100483
     Messages:  created: 7491959   present: 19062   in FES: 245
** Event #7934976   t=327.607626916178   Elapsed: 353.846s (5m 53s)  65% completed  (32% total)
     Speed:     ev/sec=25102.2   simsec/sec=0.269326   ev/simsec=93204
     Messages:  created: 7553184   present: 19075   in FES: 254
** Event #8014592   t=328.567346793661   Elapsed: 355.858s (5m 55s)  65% completed  (32% total)
     Speed:     ev/sec=39569.7   simsec/sec=0.476987   ev/simsec=82957.5
     Messages:  created: 7653141   present: 19149   in FES: 240
** Event #8085760   t=329.348401878394   Elapsed: 357.859s (5m 57s)  65% completed  (32% total)
     Speed:     ev/sec=35562.5   simsec/sec=0.390291   ev/simsec=91117.8
     Messages:  created: 7739319   present: 19074   in FES: 203
** Event #8130304   t=329.872400356221   Elapsed: 359.864s (5m 59s)  65% completed  (32% total)
     Speed:     ev/sec=22216.2   simsec/sec=0.261343   ev/simsec=85007.9
     Messages:  created: 7794957   present: 19212   in FES: 289
** Event #8198144   t=330.58608539801   Elapsed: 361.879s (6m 01s)  66% completed  (33% total)
     Speed:     ev/sec=33667.8   simsec/sec=0.354189   ev/simsec=95055.9
     Messages:  created: 7876551   present: 19230   in FES: 229
** Event #8281600   t=331.566482939088   Elapsed: 363.884s (6m 03s)  66% completed  (33% total)
     Speed:     ev/sec=41620.9   simsec/sec=0.48894   ev/simsec=85124.7
     Messages:  created: 7980670   present: 19372   in FES: 254
** Event #8345856   t=332.212167059805   Elapsed: 365.888s (6m 05s)  66% completed  (33% total)
     Speed:     ev/sec=32065.4   simsec/sec=0.322213   ev/simsec=99516.2
     Messages:  created: 8058054   present: 19345   in FES: 255
** Event #8391168   t=332.751502819754   Elapsed: 367.889s (6m 07s)  66% completed  (33% total)
     Speed:     ev/sec=22645.9   simsec/sec=0.269548   ev/simsec=84014.5
     Messages:  created: 8114435   present: 19399   in FES: 255
** Event #8464128   t=333.575030932319   Elapsed: 369.891s (6m 09s)  66% completed  (33% total)
     Speed:     ev/sec=36430.7   simsec/sec=0.411208   ev/simsec=88594.4
     Messages:  created: 8203856   present: 19421   in FES: 219
** Event #8542976   t=334.510789700613   Elapsed: 371.892s (6m 11s)  66% completed  (33% total)
     Speed:     ev/sec=39413.2   simsec/sec=0.467751   ev/simsec=84261
     Messages:  created: 8302584   present: 19534   in FES: 254
** Event #8598272   t=335.06216044946   Elapsed: 373.893s (6m 13s)  67% completed  (33% total)
     Speed:     ev/sec=27634.9   simsec/sec=0.275555   ev/simsec=100288
     Messages:  created: 8369191   present: 19544   in FES: 237
** Event #8665600   t=335.786113425739   Elapsed: 375.899s (6m 15s)  67% completed  (33% total)
     Speed:     ev/sec=33569.3   simsec/sec=0.360958   ev/simsec=93000.5
     Messages:  created: 8452822   present: 19534   in FES: 247
** Event #8735488   t=336.560632480432   Elapsed: 377.9s (6m 17s)  67% completed  (33% total)
     Speed:     ev/sec=34920.6   simsec/sec=0.387   ev/simsec=90234.1
     Messages:  created: 8539692   present: 19670   in FES: 254
** Event #8798208   t=337.178780521732   Elapsed: 379.904s (6m 19s)  67% completed  (33% total)
     Speed:     ev/sec=31302.4   simsec/sec=0.308507   ev/simsec=101464
     Messages:  created: 8616257   present: 19680   in FES: 254
** Event #8860416   t=337.953341524041   Elapsed: 381.905s (6m 21s)  67% completed  (33% total)
     Speed:     ev/sec=31080   simsec/sec=0.386981   ev/simsec=80313.9
     Messages:  created: 8695525   present: 19767   in FES: 254
** Event #8929536   t=338.628682668463   Elapsed: 383.906s (6m 23s)  67% completed  (33% total)
     Speed:     ev/sec=34548   simsec/sec=0.337553   ev/simsec=102348
     Messages:  created: 8779880   present: 19824   in FES: 254
** Event #9011712   t=339.568176702654   Elapsed: 385.912s (6m 25s)  67% completed  (33% total)
     Speed:     ev/sec=40954.1   simsec/sec=0.468216   ev/simsec=87468.4
     Messages:  created: 8883322   present: 19891   in FES: 243
** Event #9084672   t=340.570237860172   Elapsed: 387.924s (6m 27s)  68% completed  (34% total)
     Speed:     ev/sec=36276.1   simsec/sec=0.49823   ev/simsec=72809.9
     Messages:  created: 8973088   present: 19882   in FES: 211
** Event #9154048   t=341.510957598115   Elapsed: 389.944s (6m 29s)  68% completed  (34% total)
     Speed:     ev/sec=34333.3   simsec/sec=0.46555   ev/simsec=73747.8
     Messages:  created: 9059144   present: 20081   in FES: 252
** Event #9212160   t=342.107627020169   Elapsed: 391.95s (6m 31s)  68% completed  (34% total)
     Speed:     ev/sec=28970.2   simsec/sec=0.297454   ev/simsec=97394
     Messages:  created: 9127600   present: 20079   in FES: 254
** Event #9268736   t=342.786934669577   Elapsed: 393.961s (6m 33s)  68% completed  (34% total)
     Speed:     ev/sec=28134.9   simsec/sec=0.337815   ev/simsec=83284.8
     Messages:  created: 9199197   present: 20156   in FES: 263
** Event #9336320   t=343.559687400061   Elapsed: 395.976s (6m 35s)  68% completed  (34% total)
     Speed:     ev/sec=33538.9   simsec/sec=0.383483   ev/simsec=87458.8
     Messages:  created: 9281824   present: 20141   in FES: 231
** Event #9412864   t=344.442675232927   Elapsed: 397.979s (6m 37s)  68% completed  (34% total)
     Speed:     ev/sec=38217.1   simsec/sec=0.44086   ev/simsec=86687.5
     Messages:  created: 9376401   present: 20215   in FES: 254
** Event #9441792   t=344.692901228912   Elapsed: 399.985s (6m 39s)  68% completed  (34% total)
     Speed:     ev/sec=14419.3   simsec/sec=0.124727   ev/simsec=115607
     Messages:  created: 9409409   present: 20279   in FES: 283
** Event #9514240   t=345.559043934836   Elapsed: 401.99s (6m 41s)  69% completed  (34% total)
     Speed:     ev/sec=36138.5   simsec/sec=0.432049   ev/simsec=83644.4
     Messages:  created: 9499015   present: 20293   in FES: 254
** Event #9577728   t=346.202546692055   Elapsed: 403.992s (6m 43s)  69% completed  (34% total)
     Speed:     ev/sec=31720.5   simsec/sec=0.321513   ev/simsec=98660
     Messages:  created: 9575429   present: 20307   in FES: 230
** Event #9615360   t=346.628683271835   Elapsed: 405.992s (6m 45s)  69% completed  (34% total)
     Speed:     ev/sec=18807.6   simsec/sec=0.212973   ev/simsec=88309.7
     Messages:  created: 9620497   present: 20398   in FES: 254
** Event #9693440   t=347.557921784879   Elapsed: 408.014s (6m 48s)  69% completed  (34% total)
     Speed:     ev/sec=38632.3   simsec/sec=0.459767   ev/simsec=84025.8
     Messages:  created: 9717906   present: 20370   in FES: 222
** Event #9740800   t=348.051670846546   Elapsed: 410.016s (6m 50s)  69% completed  (34% total)
     Speed:     ev/sec=23645.7   simsec/sec=0.246516   ev/simsec=95919.2
     Messages:  created: 9774745   present: 20477   in FES: 254
** Event #9789440   t=348.570779630404   Elapsed: 412.023s (6m 52s)  69% completed  (34% total)
     Speed:     ev/sec=24235.4   simsec/sec=0.258651   ev/simsec=93699.1
     Messages:  created: 9833225   present: 20540   in FES: 254
** Event #9872128   t=349.552300215509   Elapsed: 414.034s (6m 54s)  69% completed  (34% total)
     Speed:     ev/sec=41117.6   simsec/sec=0.488072   ev/simsec=84244.8
     Messages:  created: 9935993   present: 20548   in FES: 240
** Event #9923584   t=350.064659501448   Elapsed: 416.04s (6m 56s)  70% completed  (35% total)
     Speed:     ev/sec=25651.6   simsec/sec=0.255419   ev/simsec=100430
     Messages:  created: 9996434   present: 20629   in FES: 254
** Event #9974272   t=350.59515154677   Elapsed: 418.054s (6m 58s)  70% completed  (35% total)
     Speed:     ev/sec=25177   simsec/sec=0.263498   ev/simsec=95549
     Messages:  created: 10057433   present: 20650   in FES: 244
** Event #10051072   t=351.541395476871   Elapsed: 420.077s (7m 00s)  70% completed  (35% total)
     Speed:     ev/sec=37951.6   simsec/sec=0.467597   ev/simsec=81163
     Messages:  created: 10153969   present: 20676   in FES: 255
** Event #10094336   t=352.02227437552   Elapsed: 422.081s (7m 02s)  70% completed  (35% total)
     Speed:     ev/sec=21587.2   simsec/sec=0.239942   ev/simsec=89968.6
     Messages:  created: 10207263   present: 20677   in FES: 255
** Event #10147072   t=352.564791620545   Elapsed: 424.099s (7m 04s)  70% completed  (35% total)
     Speed:     ev/sec=26138.2   simsec/sec=0.268894   ev/simsec=97206.1
     Messages:  created: 10269280   present: 20770   in FES: 254
** Event #10227456   t=353.518401189986   Elapsed: 426.099s (7m 06s)  70% completed  (35% total)
     Speed:     ev/sec=40183   simsec/sec=0.476698   ev/simsec=84294.5
     Messages:  created: 10369192   present: 20827   in FES: 254
** Event #10280448   t=354.058226650382   Elapsed: 428.104s (7m 08s)  70% completed  (35% total)
     Speed:     ev/sec=26431.8   simsec/sec=0.269259   ev/simsec=98165.1
     Messages:  created: 10432799   present: 20883   in FES: 261
** Event #10334976   t=354.638211939695   Elapsed: 430.105s (7m 10s)  70% completed  (35% total)
     Speed:     ev/sec=27248   simsec/sec=0.289823   ev/simsec=94016.2
     Messages:  created: 10498365   present: 20847   in FES: 267
** Event #10414336   t=355.562949200443   Elapsed: 432.128s (7m 12s)  71% completed  (35% total)
     Speed:     ev/sec=39244.5   simsec/sec=0.457294   ev/simsec=85819
     Messages:  created: 10596497   present: 20970   in FES: 271
** Event #10484224   t=356.252780079093   Elapsed: 434.131s (7m 14s)  71% completed  (35% total)
     Speed:     ev/sec=34879.1   simsec/sec=0.344274   ev/simsec=101312
     Messages:  created: 10680757   present: 20957   in FES: 271
** Event #10519296   t=356.588445890627   Elapsed: 436.138s (7m 16s)  71% completed  (35% total)
     Speed:     ev/sec=17475.8   simsec/sec=0.167257   ev/simsec=104485
     Messages:  created: 10722837   present: 20984   in FES: 272
** Event #10604800   t=357.450453930908   Elapsed: 438.14s (7m 18s)  71% completed  (35% total)
     Speed:     ev/sec=42714.7   simsec/sec=0.430628   ev/simsec=99191.7
     Messages:  created: 10830703   present: 21106   in FES: 270
** Event #10641152   t=357.751503984675   Elapsed: 440.141s (7m 20s)  71% completed  (35% total)
     Speed:     ev/sec=18163.8   simsec/sec=0.150424   ev/simsec=120751
     Messages:  created: 10874257   present: 21040   in FES: 271
** Event #10731264   t=358.511087424966   Elapsed: 442.15s (7m 22s)  71% completed  (35% total)
     Speed:     ev/sec=44868.9   simsec/sec=0.378214   ev/simsec=118633
     Messages:  created: 10989811   present: 21028   in FES: 231
** Event #10755072   t=358.647270129007   Elapsed: 444.154s (7m 24s)  71% completed  (35% total)
     Speed:     ev/sec=11876.2   simsec/sec=0.0679325   ev/simsec=174824
     Messages:  created: 11016129   present: 21199   in FES: 273
** Event #10847232   t=359.512851639   Elapsed: 446.156s (7m 26s)  71% completed  (35% total)
     Speed:     ev/sec=46032.3   simsec/sec=0.432343   ev/simsec=106472
     Messages:  created: 11135550   present: 21192   in FES: 252
** Event #10879488   t=360.558253922001   Elapsed: 448.186s (7m 28s)  72% completed  (36% total)
     Speed:     ev/sec=15896.6   simsec/sec=0.515201   ev/simsec=30855.1
     Messages:  created: 11165393   present: 21486   in FES: 301
** Event #10906880   t=361.564006905005   Elapsed: 450.211s (7m 30s)  72% completed  (36% total)
     Speed:     ev/sec=13526.2   simsec/sec=0.496642   ev/simsec=27235.3
     Messages:  created: 11189153   present: 21692   in FES: 304
** Event #10943488   t=362.566778511729   Elapsed: 452.213s (7m 32s)  72% completed  (36% total)
     Speed:     ev/sec=18284.2   simsec/sec=0.500842   ev/simsec=36506.8
     Messages:  created: 11226093   present: 16667   in FES: 244
** Event #10973184   t=363.568290882665   Elapsed: 454.222s (7m 34s)  72% completed  (36% total)
     Speed:     ev/sec=14777.9   simsec/sec=0.498392   ev/simsec=29651.2
     Messages:  created: 11253808   present: 13957   in FES: 290
** Event #11035136   t=364.042563722833   Elapsed: 456.229s (7m 36s)  72% completed  (36% total)
     Speed:     ev/sec=30879.4   simsec/sec=0.236397   ev/simsec=130625
     Messages:  created: 11334293   present: 13997   in FES: 288
** Event #11055616   t=364.580081260526   Elapsed: 458.264s (7m 38s)  72% completed  (36% total)
     Speed:     ev/sec=10064.2   simsec/sec=0.264144   ev/simsec=38101.1
     Messages:  created: 11351672   present: 14042   in FES: 252
** Event #11085312   t=365.588194671566   Elapsed: 460.266s (7m 40s)  73% completed  (36% total)
     Speed:     ev/sec=14831.9   simsec/sec=0.50351   ev/simsec=29457
     Messages:  created: 11379734   present: 14291   in FES: 283
** Event #11173120   t=366.082636496308   Elapsed: 462.266s (7m 42s)  73% completed  (36% total)
     Speed:     ev/sec=43895.1   simsec/sec=0.247171   ev/simsec=177590
     Messages:  created: 11490571   present: 14429   in FES: 279
** Event #11197440   t=367.078662691032   Elapsed: 464.269s (7m 44s)  73% completed  (36% total)
     Speed:     ev/sec=12141   simsec/sec=0.497235   ev/simsec=24417
     Messages:  created: 11511070   present: 13842   in FES: 258
** Event #11225600   t=368.511607286016   Elapsed: 466.3s (7m 46s)  73% completed  (36% total)
     Speed:     ev/sec=13865.1   simsec/sec=0.705534   ev/simsec=19651.8
     Messages:  created: 11534528   present: 2477   in FES: 233
** Event #11253504   t=369.548080408875   Elapsed: 468.306s (7m 48s)  73% completed  (36% total)
     Speed:     ev/sec=13910   simsec/sec=0.516675   ev/simsec=26922.1
     Messages:  created: 11557966   present: 2662   in FES: 223
** Event #11283456   t=370.573944610559   Elapsed: 470.332s (7m 50s)  74% completed  (37% total)
     Speed:     ev/sec=14786.7   simsec/sec=0.50645   ev/simsec=29196.8
     Messages:  created: 11583421   present: 2912   in FES: 237
** Event #11311104   t=371.5945291966   Elapsed: 472.349s (7m 52s)  74% completed  (37% total)
     Speed:     ev/sec=13707.4   simsec/sec=0.505989   ev/simsec=27090.4
     Messages:  created: 11606719   present: 3063   in FES: 221
** Event #11352064   t=373.534413342921   Elapsed: 474.372s (7m 54s)  74% completed  (37% total)
     Speed:     ev/sec=20247.3   simsec/sec=0.958923   ev/simsec=21114.7
     Messages:  created: 11641031   present: 3531   in FES: 254
** Event #11383808   t=374.57438766667   Elapsed: 476.392s (7m 56s)  74% completed  (37% total)
     Speed:     ev/sec=15715   simsec/sec=0.514845   ev/simsec=30523.8
     Messages:  created: 11667824   present: 3754   in FES: 251
** Event #11417344   t=376.043431653675   Elapsed: 478.396s (7m 58s)  75% completed  (37% total)
     Speed:     ev/sec=16735.9   simsec/sec=0.733118   ev/simsec=22828.5
     Messages:  created: 11695786   present: 3959   in FES: 220
** Event #11451392   t=377.517846502561   Elapsed: 480.416s (8m 00s)  75% completed  (37% total)
     Speed:     ev/sec=16852.4   simsec/sec=0.729777   ev/simsec=23092.6
     Messages:  created: 11724588   present: 4313   in FES: 245
** Event #11482624   t=378.568182307041   Elapsed: 482.419s (8m 02s)  75% completed  (37% total)
     Speed:     ev/sec=15593.2   simsec/sec=0.524401   ev/simsec=29735.3
     Messages:  created: 11750988   present: 4484   in FES: 231
** Event #11521536   t=380.06471206756   Elapsed: 484.42s (8m 04s)  76% completed  (38% total)
     Speed:     ev/sec=19448.7   simsec/sec=0.747984   ev/simsec=26001.5
     Messages:  created: 11783862   present: 4819   in FES: 239
** Event #11558144   t=381.568383516078   Elapsed: 486.435s (8m 06s)  76% completed  (38% total)
     Speed:     ev/sec=18165.1   simsec/sec=0.74613   ev/simsec=24345.7
     Messages:  created: 11814612   present: 5091   in FES: 232
** Event #11595008   t=383.056018309617   Elapsed: 488.441s (8m 08s)  76% completed  (38% total)
     Speed:     ev/sec=18376.9   simsec/sec=0.741595   ev/simsec=24780.3
     Messages:  created: 11845730   present: 5444   in FES: 249
** Event #11634688   t=384.602261910293   Elapsed: 490.467s (8m 10s)  76% completed  (38% total)
     Speed:     ev/sec=19589.2   simsec/sec=0.763348   ev/simsec=25662.2
     Messages:  created: 11881040   present: 5735   in FES: 246
** Event #11686400   t=387.069569797126   Elapsed: 492.469s (8m 12s)  77% completed  (38% total)
     Speed:     ev/sec=25829.7   simsec/sec=1.2324   ev/simsec=20958.9
     Messages:  created: 11927903   present: 6194   in FES: 231
** Event #11737600   t=389.577379604682   Elapsed: 494.476s (8m 14s)  77% completed  (38% total)
     Speed:     ev/sec=25503.9   simsec/sec=1.2492   ev/simsec=20416.2
     Messages:  created: 11975926   present: 6729   in FES: 243
** Event #11792640   t=392.529733332381   Elapsed: 496.49s (8m 16s)  78% completed  (39% total)
     Speed:     ev/sec=27334.8   simsec/sec=1.46624   ev/simsec=18642.8
     Messages:  created: 12027587   present: 7312   in FES: 244
** Event #11858432   t=395.571479277956   Elapsed: 498.497s (8m 18s)  79% completed  (39% total)
     Speed:     ev/sec=32783.3   simsec/sec=1.51566   ev/simsec=21629.7
     Messages:  created: 12089761   present: 7948   in FES: 249
** Event #11928576   t=399.059282909572   Elapsed: 500.5s (8m 20s)  79% completed  (39% total)
     Speed:     ev/sec=35004.5   simsec/sec=1.74055   ev/simsec=20111.2
     Messages:  created: 12155788   present: 8637   in FES: 246
** Event #11998976   t=402.564131467093   Elapsed: 502.502s (8m 22s)  80% completed  (40% total)
     Speed:     ev/sec=35168.1   simsec/sec=1.75084   ev/simsec=20086.5
     Messages:  created: 12222260   present: 9344   in FES: 257
** Event #12062464   t=405.580781048853   Elapsed: 504.507s (8m 24s)  81% completed  (40% total)
     Speed:     ev/sec=31676.4   simsec/sec=1.50511   ev/simsec=21045.9
     Messages:  created: 12282177   present: 9931   in FES: 255
** Event #12138496   t=409.548569301086   Elapsed: 506.511s (8m 26s)  81% completed  (40% total)
     Speed:     ev/sec=37937.5   simsec/sec=1.9798   ev/simsec=19162.3
     Messages:  created: 12353564   present: 10728   in FES: 247
** Event #12201728   t=412.563362304303   Elapsed: 508.513s (8m 28s)  82% completed  (41% total)
     Speed:     ev/sec=31573.1   simsec/sec=1.50535   ev/simsec=20973.9
     Messages:  created: 12413268   present: 11348   in FES: 255
** Event #12272896   t=416.059987122984   Elapsed: 510.515s (8m 30s)  83% completed  (41% total)
     Speed:     ev/sec=35557.2   simsec/sec=1.747   ev/simsec=20353.3
     Messages:  created: 12480264   present: 12029   in FES: 246
** Event #12344576   t=419.56895310249   Elapsed: 512.516s (8m 32s)  83% completed  (41% total)
     Speed:     ev/sec=35816.1   simsec/sec=1.75331   ev/simsec=20427.7
     Messages:  created: 12547885   present: 12733   in FES: 256
** Event #12420352   t=423.513510539962   Elapsed: 514.521s (8m 34s)  84% completed  (42% total)
     Speed:     ev/sec=37792.6   simsec/sec=1.96731   ev/simsec=19210.3
     Messages:  created: 12619082   present: 13507   in FES: 243
** Event #12481792   t=426.529733329869   Elapsed: 516.539s (8m 36s)  85% completed  (42% total)
     Speed:     ev/sec=30453   simsec/sec=1.495   ev/simsec=20369.8
     Messages:  created: 12676953   present: 14109   in FES: 243
** Event #12547840   t=429.572320680759   Elapsed: 518.548s (8m 38s)  85% completed  (42% total)
     Speed:     ev/sec=32866.3   simsec/sec=1.51403   ev/simsec=21707.8
     Messages:  created: 12739332   present: 14684   in FES: 227
** Event #12624384   t=433.536195327238   Elapsed: 520.554s (8m 40s)  86% completed  (43% total)
     Speed:     ev/sec=38157.3   simsec/sec=1.976   ev/simsec=19310.4
     Messages:  created: 12811368   present: 15542   in FES: 254
** Event #12690176   t=436.575633999848   Elapsed: 522.562s (8m 42s)  87% completed  (43% total)
     Speed:     ev/sec=32768.9   simsec/sec=1.51385   ev/simsec=21646.1
     Messages:  created: 12873528   present: 16136   in FES: 254
** Event #12765440   t=440.529008990446   Elapsed: 524.578s (8m 44s)  88% completed  (44% total)
     Speed:     ev/sec=37332.4   simsec/sec=1.96095   ev/simsec=19037.9
     Messages:  created: 12944310   present: 16917   in FES: 245
** Event #12834048   t=443.595397056509   Elapsed: 526.582s (8m 46s)  88% completed  (44% total)
     Speed:     ev/sec=34236.2   simsec/sec=1.53016   ev/simsec=22374.2
     Messages:  created: 13009236   present: 17516   in FES: 255
** Event #12905728   t=447.094511140861   Elapsed: 528.586s (8m 48s)  89% completed  (44% total)
     Speed:     ev/sec=35778.3   simsec/sec=1.74655   ev/simsec=20485.2
     Messages:  created: 13076794   present: 18241   in FES: 247
** Event #12972544   t=450.568046363243   Elapsed: 530.595s (8m 50s)  90% completed  (45% total)
     Speed:     ev/sec=33259.1   simsec/sec=1.72903   ev/simsec=19235.7
     Messages:  created: 13139589   present: 18939   in FES: 256
** Event #13046272   t=454.082585613107   Elapsed: 532.6s (8m 52s)  90% completed  (45% total)
     Speed:     ev/sec=36773.4   simsec/sec=1.75295   ev/simsec=20978
     Messages:  created: 13209307   present: 19659   in FES: 256
** Event #13115904   t=457.579179664797   Elapsed: 534.6s (8m 54s)  91% completed  (45% total)
     Speed:     ev/sec=34815.4   simsec/sec=1.74827   ev/simsec=19914.2
     Messages:  created: 13274796   present: 20337   in FES: 247
** Event #13177088   t=460.580874967421   Elapsed: 536.6s (8m 56s)  92% completed  (46% total)
     Speed:     ev/sec=30578.4   simsec/sec=1.50018   ev/simsec=20383.1
     Messages:  created: 13332466   present: 20948   in FES: 250
** Event #13255424   t=464.563959669817   Elapsed: 538.604s (8m 58s)  92% completed  (46% total)
     Speed:     ev/sec=39093.4   simsec/sec=1.98775   ev/simsec=19667.2
     Messages:  created: 13406221   present: 21676   in FES: 226
** Event #13315840   t=467.560909941012   Elapsed: 540.606s (9m 00s)  93% completed  (46% total)
     Speed:     ev/sec=30175   simsec/sec=1.49684   ev/simsec=20159.2
     Messages:  created: 13463142   present: 22292   in FES: 231
** Event #13382400   t=471.006735192785   Elapsed: 542.608s (9m 02s)  94% completed  (47% total)
     Speed:     ev/sec=33255.2   simsec/sec=1.72163   ev/simsec=19316.1
     Messages:  created: 13525876   present: 23018   in FES: 254
** Event #13458944   t=474.568967191729   Elapsed: 544.61s (9m 04s)  94% completed  (47% total)
     Speed:     ev/sec=38227.3   simsec/sec=1.77903   ev/simsec=21487.7
     Messages:  created: 13598122   present: 23725   in FES: 242
** Event #13533440   t=478.089123754017   Elapsed: 546.614s (9m 06s)  95% completed  (47% total)
     Speed:     ev/sec=37176.3   simsec/sec=1.75669   ev/simsec=21162.7
     Messages:  created: 13668433   present: 24316   in FES: 205
** Event #13599488   t=481.560907601531   Elapsed: 548.621s (9m 08s)  96% completed  (48% total)
     Speed:     ev/sec=32915.7   simsec/sec=1.7302   ev/simsec=19024.2
     Messages:  created: 13730509   present: 25135   in FES: 252
** Event #13664256   t=484.592858258048   Elapsed: 550.629s (9m 10s)  96% completed  (48% total)
     Speed:     ev/sec=32257.9   simsec/sec=1.51007   ev/simsec=21361.8
     Messages:  created: 13791598   present: 25627   in FES: 221
** Event #13737984   t=488.513416360081   Elapsed: 552.635s (9m 12s)  97% completed  (48% total)
     Speed:     ev/sec=36746.7   simsec/sec=1.95404   ev/simsec=18805.5
     Messages:  created: 13861061   present: 26438   in FES: 254
** Event #13838336   t=490.51351040243   Elapsed: 554.646s (9m 14s)  98% completed  (49% total)
     Speed:     ev/sec=49888.2   simsec/sec=0.994311   ev/simsec=50173.6
     Messages:  created: 13982592   present: 26844   in FES: 285
** Event #13920000   t=492.038034635461   Elapsed: 556.649s (9m 16s)  98% completed  (49% total)
     Speed:     ev/sec=40786.3   simsec/sec=0.761409   ev/simsec=53566.9
     Messages:  created: 14081897   present: 27073   in FES: 287
** Event #13995520   t=493.555473164454   Elapsed: 558.661s (9m 18s)  98% completed  (49% total)
     Speed:     ev/sec=37535   simsec/sec=0.754199   ev/simsec=49768.1
     Messages:  created: 14172928   present: 26693   in FES: 263
** Event #14073856   t=495.10059687049   Elapsed: 560.664s (9m 20s)  99% completed  (49% total)
     Speed:     ev/sec=39100.2   simsec/sec=0.771225   ev/simsec=50698.9
     Messages:  created: 14265446   present: 10166   in FES: 251
** Event #14158848   t=497.070811609831   Elapsed: 562.664s (9m 22s)  99% completed  (49% total)
     Speed:     ev/sec=42490.2   simsec/sec=0.984972   ev/simsec=43138.4
     Messages:  created: 14367261   present: 10317   in FES: 207
** Event #14246656   t=499.227623010206   Elapsed: 564.665s (9m 24s)  99% completed  (49% total)
     Speed:     ev/sec=43884   simsec/sec=1.07791   ev/simsec=40712
     Messages:  created: 14470644   present: 10709   in FES: 271
** Event #14272548   t=500   Elapsed: 565.581s (9m 25s)  100% completed  (50% total)
     Speed:     ev/sec=28265.4   simsec/sec=0.838341   ev/simsec=33715.9
     Messages:  created: 14502150   present: 10685   in FES: 202

<!> Simulation time limit reached -- at t=500s, event #14272548
undisposed object: (omnetpp::cMessage) FanetSarNetwork.groundStation.app.debugTimer -- check module destructor
undisposed object: (omnetpp::cMessage) FanetSarNetwork.uav[0].app.debugTimer -- check module destructor
undisposed object: (omnetpp::cMessage) FanetSarNetwork.uav[1].app.debugTimer -- check module destructor
undisposed object: (omnetpp::cMessage) FanetSarNetwork.uav[2].app.debugTimer -- check module destructor
undisposed object: (omnetpp::cMessage) FanetSarNetwork.uav[3].app.debugTimer -- check module destructor
undisposed object: (omnetpp::cMessage) FanetSarNetwork.uav[4].app.debugTimer -- check module destructor
undisposed object: (omnetpp::cMessage) FanetSarNetwork.uav[5].app.debugTimer -- check module destructor
undisposed object: (omnetpp::cMessage) FanetSarNetwork.uav[6].app.debugTimer -- check module destructor
undisposed object: (omnetpp::cMessage) FanetSarNetwork.uav[7].app.debugTimer -- check module destructor
undisposed object: (omnetpp::cMessage) FanetSarNetwork.uav[8].app.debugTimer -- check module destructor
undisposed object: (omnetpp::cMessage) FanetSarNetwork.uav[9].app.debugTimer -- check module destructor
undisposed object: (omnetpp::cMessage) FanetSarNetwork.uav[10].app.debugTimer -- check module destructor
undisposed object: (omnetpp::cMessage) FanetSarNetwork.uav[11].app.debugTimer -- check module destructor
undisposed object: (omnetpp::cMessage) FanetSarNetwork.uav[12].app.debugTimer -- check module destructor
undisposed object: (omnetpp::cMessage) FanetSarNetwork.uav[13].app.debugTimer -- check module destructor
undisposed object: (omnetpp::cMessage) FanetSarNetwork.uav[14].app.debugTimer -- check module destructor
undisposed object: (omnetpp::cMessage) FanetSarNetwork.uav[15].app.debugTimer -- check module destructor
undisposed object: (omnetpp::cMessage) FanetSarNetwork.uav[16].app.debugTimer -- check module destructor
undisposed object: (omnetpp::cMessage) FanetSarNetwork.uav[17].app.debugTimer -- check module destructor
undisposed object: (omnetpp::cMessage) FanetSarNetwork.uav[18].app.debugTimer -- check module destructor
undisposed object: (omnetpp::cMessage) FanetSarNetwork.uav[19].app.debugTimer -- check module destructor
undisposed object: (omnetpp::cMessage) FanetSarNetwork.uav[20].app.debugTimer -- check module destructor
undisposed object: (omnetpp::cMessage) FanetSarNetwork.uav[21].app.debugTimer -- check module destructor
undisposed object: (omnetpp::cMessage) FanetSarNetwork.uav[22].app.debugTimer -- check module destructor
undisposed object: (omnetpp::cMessage) FanetSarNetwork.uav[23].app.debugTimer -- check module destructor
undisposed object: (omnetpp::cMessage) FanetSarNetwork.uav[24].app.debugTimer -- check module destructor
undisposed object: (omnetpp::cMessage) FanetSarNetwork.uav[25].app.debugTimer -- check module destructor
undisposed object: (omnetpp::cMessage) FanetSarNetwork.uav[26].app.debugTimer -- check module destructor
undisposed object: (omnetpp::cMessage) FanetSarNetwork.uav[27].app.debugTimer -- check module destructor
undisposed object: (omnetpp::cMessage) FanetSarNetwork.uav[28].app.debugTimer -- check module destructor
undisposed object: (omnetpp::cMessage) FanetSarNetwork.uav[29].app.debugTimer -- check module destructor
undisposed object: (omnetpp::cMessage) FanetSarNetwork.uav[30].app.debugTimer -- check module destructor
undisposed object: (omnetpp::cMessage) FanetSarNetwork.uav[31].app.debugTimer -- check module destructor
undisposed object: (omnetpp::cMessage) FanetSarNetwork.uav[32].app.debugTimer -- check module destructor
undisposed object: (omnetpp::cMessage) FanetSarNetwork.uav[33].app.debugTimer -- check module destructor
undisposed object: (omnetpp::cMessage) FanetSarNetwork.uav[34].app.debugTimer -- check module destructor
undisposed object: (omnetpp::cMessage) FanetSarNetwork.uav[35].app.debugTimer -- check module destructor
undisposed object: (omnetpp::cMessage) FanetSarNetwork.uav[36].app.debugTimer -- check module destructor
undisposed object: (omnetpp::cMessage) FanetSarNetwork.uav[37].app.debugTimer -- check module destructor
undisposed object: (omnetpp::cMessage) FanetSarNetwork.uav[38].app.debugTimer -- check module destructor
undisposed object: (omnetpp::cMessage) FanetSarNetwork.uav[39].app.debugTimer -- check module destructor
undisposed object: (omnetpp::cMessage) FanetSarNetwork.uav[40].app.debugTimer -- check module destructor
undisposed object: (omnetpp::cMessage) FanetSarNetwork.uav[41].app.debugTimer -- check module destructor
undisposed object: (omnetpp::cMessage) FanetSarNetwork.uav[42].app.debugTimer -- check module destructor
undisposed object: (omnetpp::cMessage) FanetSarNetwork.uav[43].app.debugTimer -- check module destructor
undisposed object: (omnetpp::cMessage) FanetSarNetwork.uav[44].app.debugTimer -- check module destructor
undisposed object: (omnetpp::cMessage) FanetSarNetwork.uav[45].app.debugTimer -- check module destructor
undisposed object: (omnetpp::cMessage) FanetSarNetwork.uav[46].app.debugTimer -- check module destructor
undisposed object: (omnetpp::cMessage) FanetSarNetwork.uav[47].app.debugTimer -- check module destructor
undisposed object: (omnetpp::cMessage) FanetSarNetwork.uav[48].app.debugTimer -- check module destructor
undisposed object: (omnetpp::cMessage) FanetSarNetwork.uav[49].app.debugTimer -- check module destructor
