** Event #0   t=0   Elapsed: 2e-05s (0m 00s)  0% completed  (0% total)
     Speed:     ev/sec=0   simsec/sec=0   ev/simsec=0
     Messages:  created: 1178   present: 1178   in FES: 186
** Event #90112   t=12.521377711224   Elapsed: 2.00594s (0m 02s)  2% completed  (1% total)
     Speed:     ev/sec=44923.5   simsec/sec=6.24221   ev/simsec=7196.73
     Messages:  created: 88112   present: 1172   in FES: 135
** Event #157696   t=20.585818971004   Elapsed: 4.01388s (0m 04s)  4% completed  (2% total)
     Speed:     ev/sec=33658.3   simsec/sec=4.01627   ev/simsec=8380.49
     Messages:  created: 148568   present: 1136   in FES: 129
** Event #215552   t=27.527367123569   Elapsed: 6.01422s (0m 06s)  5% completed  (2% total)
     Speed:     ev/sec=28923.1   simsec/sec=3.47019   ev/simsec=8334.74
     Messages:  created: 198766   present: 1249   in FES: 162
** Event #262656   t=33.016284078987   Elapsed: 8.01506s (0m 08s)  6% completed  (3% total)
     Speed:     ev/sec=23542.1   simsec/sec=2.74331   ev/simsec=8581.66
     Messages:  created: 239494   present: 1194   in FES: 145
** Event #312576   t=38.58671320996   Elapsed: 10.0171s (0m 10s)  7% completed  (3% total)
     Speed:     ev/sec=24934.1   simsec/sec=2.78232   ev/simsec=8961.61
     Messages:  created: 282969   present: 1192   in FES: 154
** Event #361216   t=44.084710286434   Elapsed: 12.0188s (0m 12s)  8% completed  (4% total)
     Speed:     ev/sec=24300.4   simsec/sec=2.74678   ev/simsec=8846.86
     Messages:  created: 324888   present: 1204   in FES: 151
** Event #411648   t=50.050578723869   Elapsed: 14.0203s (0m 14s)  10% completed  (5% total)
     Speed:     ev/sec=25196.4   simsec/sec=2.98062   ev/simsec=8453.42
     Messages:  created: 368804   present: 1274   in FES: 171
** Event #458752   t=55.589660515074   Elapsed: 16.0282s (0m 16s)  11% completed  (5% total)
     Speed:     ev/sec=23459.7   simsec/sec=2.75868   ev/simsec=8503.94
     Messages:  created: 410346   present: 1203   in FES: 154
** Event #519936   t=64.034215619314   Elapsed: 18.0294s (0m 18s)  12% completed  (6% total)
     Speed:     ev/sec=30573.5   simsec/sec=4.21972   ev/simsec=7245.38
     Messages:  created: 467424   present: 1190   in FES: 147
** Event #592384   t=74.022601200314   Elapsed: 20.0351s (0m 20s)  14% completed  (7% total)
     Speed:     ev/sec=36120.1   simsec/sec=4.97987   ev/simsec=7253.22
     Messages:  created: 536163   present: 1125   in FES: 124
** Event #659456   t=83.059734924587   Elapsed: 22.0376s (0m 22s)  16% completed  (8% total)
     Speed:     ev/sec=33495.3   simsec/sec=4.51308   ev/simsec=7421.82
     Messages:  created: 599918   present: 1146   in FES: 129
** Event #729856   t=93.010694689172   Elapsed: 24.0389s (0m 24s)  18% completed  (9% total)
     Speed:     ev/sec=35176   simsec/sec=4.97209   ev/simsec=7074.69
     Messages:  created: 666686   present: 1191   in FES: 154
** Event #796416   t=102.02208479926   Elapsed: 26.0437s (0m 26s)  20% completed  (10% total)
     Speed:     ev/sec=33200.8   simsec/sec=4.49498   ev/simsec=7386.21
     Messages:  created: 729501   present: 1439   in FES: 181
** Event #865536   t=111.0350366488   Elapsed: 28.0506s (0m 28s)  22% completed  (11% total)
     Speed:     ev/sec=34441.6   simsec/sec=4.49103   ev/simsec=7668.96
     Messages:  created: 793075   present: 1533   in FES: 153
** Event #927232   t=119.049477752267   Elapsed: 30.0526s (0m 30s)  23% completed  (11% total)
     Speed:     ev/sec=30816.9   simsec/sec=4.00319   ev/simsec=7698.1
     Messages:  created: 849875   present: 2490   in FES: 150
** Event #990464   t=127.513606778268   Elapsed: 32.0535s (0m 32s)  25% completed  (12% total)
     Speed:     ev/sec=31601.6   simsec/sec=4.23013   ev/simsec=7470.59
     Messages:  created: 907888   present: 3495   in FES: 148
** Event #1059328   t=136.520794031843   Elapsed: 34.0602s (0m 34s)  27% completed  (13% total)
     Speed:     ev/sec=34317.2   simsec/sec=4.48858   ev/simsec=7645.45
     Messages:  created: 971253   present: 4592   in FES: 152
** Event #1122816   t=144.561688655225   Elapsed: 36.0645s (0m 36s)  28% completed  (14% total)
     Speed:     ev/sec=31675.5   simsec/sec=4.01177   ev/simsec=7895.64
     Messages:  created: 1029853   present: 5562   in FES: 152
** Event #1186816   t=153.050523671694   Elapsed: 38.0688s (0m 38s)  30% completed  (15% total)
     Speed:     ev/sec=31931.7   simsec/sec=4.23536   ev/simsec=7539.31
     Messages:  created: 1088546   present: 6496   in FES: 124
** Event #1251584   t=161.531362076354   Elapsed: 40.0759s (0m 40s)  32% completed  (16% total)
     Speed:     ev/sec=32269.8   simsec/sec=4.22547   ev/simsec=7636.98
     Messages:  created: 1148111   present: 7591   in FES: 145
** Event #1319424   t=170.52603334565   Elapsed: 42.0815s (0m 42s)  34% completed  (17% total)
     Speed:     ev/sec=33825.7   simsec/sec=4.48484   ev/simsec=7542.24
     Messages:  created: 1210349   present: 8670   in FES: 154
** Event #1381632   t=178.540060780922   Elapsed: 44.0852s (0m 44s)  35% completed  (17% total)
     Speed:     ev/sec=31045.4   simsec/sec=3.99947   ev/simsec=7762.39
     Messages:  created: 1267609   present: 9618   in FES: 146
** Event #1442560   t=186.53929365237   Elapsed: 46.0877s (0m 46s)  37% completed  (18% total)
     Speed:     ev/sec=30427.1   simsec/sec=3.99477   ev/simsec=7616.73
     Messages:  created: 1323609   present: 10597   in FES: 153
** Event #1501440   t=194.1   Elapsed: 48.0928s (0m 48s)  38% completed  (19% total)
     Speed:     ev/sec=29364.9   simsec/sec=3.7707   ev/simsec=7787.63
     Messages:  created: 1377687   present: 11409   in FES: 123
** Event #1569024   t=203.058054645455   Elapsed: 50.0957s (0m 50s)  40% completed  (20% total)
     Speed:     ev/sec=33742   simsec/sec=4.4724   ev/simsec=7544.5
     Messages:  created: 1439799   present: 12563   in FES: 145
** Event #1633024   t=211.530361945625   Elapsed: 52.0991s (0m 52s)  42% completed  (21% total)
     Speed:     ev/sec=31946.9   simsec/sec=4.22912   ev/simsec=7554.02
     Messages:  created: 1498671   present: 13607   in FES: 151
** Event #1701888   t=220.531361976267   Elapsed: 54.1s (0m 54s)  44% completed  (22% total)
     Speed:     ev/sec=34415.6   simsec/sec=4.49835   ev/simsec=7650.71
     Messages:  created: 1562041   present: 14692   in FES: 152
** Event #1765120   t=229.00801868251   Elapsed: 56.1002s (0m 56s)  45% completed  (22% total)
     Speed:     ev/sec=31612.3   simsec/sec=4.23783   ev/simsec=7459.54
     Messages:  created: 1620035   present: 15698   in FES: 176
** Event #1825792   t=236.576118946549   Elapsed: 58.1039s (0m 58s)  47% completed  (23% total)
     Speed:     ev/sec=30280.1   simsec/sec=3.77708   ev/simsec=8016.81
     Messages:  created: 1675775   present: 1379   in FES: 145
** Event #1886208   t=244.540060799211   Elapsed: 60.1082s (1m 00s)  48% completed  (24% total)
     Speed:     ev/sec=30143.1   simsec/sec=3.97342   ev/simsec=7586.19
     Messages:  created: 1731145   present: 2346   in FES: 146
** Event #1953280   t=253.512776910287   Elapsed: 62.1091s (1m 02s)  50% completed  (25% total)
     Speed:     ev/sec=33522.3   simsec/sec=4.48452   ev/simsec=7475.11
     Messages:  created: 1792435   present: 3371   in FES: 131
** Event #2012416   t=261.048361073238   Elapsed: 64.1092s (1m 04s)  52% completed  (26% total)
     Speed:     ev/sec=29566.1   simsec/sec=3.76755   ev/simsec=7847.57
     Messages:  created: 1846833   present: 4338   in FES: 150
** Event #2077440   t=269.528712473032   Elapsed: 66.1114s (1m 06s)  53% completed  (26% total)
     Speed:     ev/sec=32477   simsec/sec=4.23561   ev/simsec=7667.61
     Messages:  created: 1906468   present: 5366   in FES: 149
** Event #2141184   t=278.006582811626   Elapsed: 68.1144s (1m 08s)  55% completed  (27% total)
     Speed:     ev/sec=31822.8   simsec/sec=4.23239   ev/simsec=7518.87
     Messages:  created: 1964759   present: 6351   in FES: 145
** Event #2207744   t=286.527984283883   Elapsed: 70.1188s (1m 10s)  57% completed  (28% total)
     Speed:     ev/sec=33208.4   simsec/sec=4.25154   ev/simsec=7810.92
     Messages:  created: 2025958   present: 7416   in FES: 153
** Event #2277120   t=295.531361970428   Elapsed: 72.1277s (1m 12s)  59% completed  (29% total)
     Speed:     ev/sec=34534.2   simsec/sec=4.48173   ev/simsec=7705.55
     Messages:  created: 2089681   present: 8498   in FES: 152
** Event #2338304   t=303.531285836076   Elapsed: 74.1341s (1m 14s)  60% completed  (30% total)
     Speed:     ev/sec=30493.9   simsec/sec=3.98714   ev/simsec=7648.07
     Messages:  created: 2145679   present: 9448   in FES: 154
** Event #2384128   t=308.598475626777   Elapsed: 76.1377s (1m 16s)  61% completed  (30% total)
     Speed:     ev/sec=22870.4   simsec/sec=2.52899   ev/simsec=9043.28
     Messages:  created: 2184955   present: 10044   in FES: 152
** Event #2426368   t=313.078589934258   Elapsed: 78.1406s (1m 18s)  62% completed  (31% total)
     Speed:     ev/sec=21089.4   simsec/sec=2.23681   ev/simsec=9428.33
     Messages:  created: 2219597   present: 10518   in FES: 130
** Event #2472960   t=318.059728748437   Elapsed: 80.1477s (1m 20s)  63% completed  (31% total)
     Speed:     ev/sec=23213.8   simsec/sec=2.48178   ev/simsec=9353.68
     Messages:  created: 2258073   present: 11167   in FES: 145
** Event #2515200   t=322.563103703661   Elapsed: 82.1531s (1m 22s)  64% completed  (32% total)
     Speed:     ev/sec=21063   simsec/sec=2.24561   ev/simsec=9379.63
     Messages:  created: 2292859   present: 11679   in FES: 137
** Event #2565632   t=328.050547566434   Elapsed: 84.1541s (1m 24s)  65% completed  (32% total)
     Speed:     ev/sec=25204.1   simsec/sec=2.74243   ev/simsec=9190.44
     Messages:  created: 2334988   present: 12486   in FES: 185
** Event #2613760   t=333.056835561844   Elapsed: 86.1582s (1m 26s)  66% completed  (33% total)
     Speed:     ev/sec=24014.9   simsec/sec=2.49803   ev/simsec=9613.51
     Messages:  created: 2374269   present: 12903   in FES: 123
** Event #2654208   t=337.096509519011   Elapsed: 88.1627s (1m 28s)  67% completed  (33% total)
     Speed:     ev/sec=20178.4   simsec/sec=2.01528   ev/simsec=10012.7
     Messages:  created: 2407205   present: 13440   in FES: 144
** Event #2686720   t=340.519391684177   Elapsed: 90.1871s (1m 30s)  68% completed  (34% total)
     Speed:     ev/sec=16060.1   simsec/sec=1.69082   ev/simsec=9498.43
     Messages:  created: 2432451   present: 13877   in FES: 151
** Event #2717184   t=343.064042853477   Elapsed: 92.1922s (1m 32s)  68% completed  (34% total)
     Speed:     ev/sec=15193.1   simsec/sec=1.26908   ev/simsec=11971.8
     Messages:  created: 2456066   present: 14187   in FES: 154
** Event #2749696   t=346.064094806973   Elapsed: 94.1963s (1m 34s)  69% completed  (34% total)
     Speed:     ev/sec=16222.8   simsec/sec=1.49696   ev/simsec=10837.1
     Messages:  created: 2481339   present: 14531   in FES: 147
** Event #2781440   t=349.056769221973   Elapsed: 96.204s (1m 36s)  69% completed  (34% total)
     Speed:     ev/sec=15811.2   simsec/sec=1.49061   ev/simsec=10607.2
     Messages:  created: 2506143   present: 14868   in FES: 138
** Event #2817280   t=352.540323854564   Elapsed: 98.2237s (1m 38s)  70% completed  (35% total)
     Speed:     ev/sec=17744.8   simsec/sec=1.72475   ev/simsec=10288.3
     Messages:  created: 2534039   present: 15271   in FES: 135
** Event #2853376   t=355.058054418288   Elapsed: 100.233s (1m 40s)  71% completed  (35% total)
     Speed:     ev/sec=17965.3   simsec/sec=1.25309   ev/simsec=14336.7
     Messages:  created: 2565641   present: 15666   in FES: 184
** Event #2883840   t=357.536324274045   Elapsed: 102.234s (1m 42s)  71% completed  (35% total)
     Speed:     ev/sec=15220.6   simsec/sec=1.23821   ev/simsec=12292.4
     Messages:  created: 2591303   present: 15904   in FES: 168
** Event #2913024   t=359.553709588341   Elapsed: 104.254s (1m 44s)  71% completed  (35% total)
     Speed:     ev/sec=14453.3   simsec/sec=0.999102   ev/simsec=14466.2
     Messages:  created: 2616273   present: 16174   in FES: 172
** Event #2944256   t=362.050054889936   Elapsed: 106.258s (1m 46s)  72% completed  (36% total)
     Speed:     ev/sec=15584.3   simsec/sec=1.24564   ev/simsec=12511.1
     Messages:  created: 2642331   present: 5819   in FES: 161
** Event #2973440   t=364.558186926653   Elapsed: 108.275s (1m 48s)  72% completed  (36% total)
     Speed:     ev/sec=14468.9   simsec/sec=1.24348   ev/simsec=11635.8
     Messages:  created: 2664583   present: 1498   in FES: 138
** Event #3003136   t=367.529142090352   Elapsed: 110.278s (1m 50s)  73% completed  (36% total)
     Speed:     ev/sec=14821.1   simsec/sec=1.48279   ev/simsec=9995.44
     Messages:  created: 2687355   present: 1807   in FES: 123
** Event #3034112   t=370.519392395361   Elapsed: 112.301s (1m 52s)  74% completed  (37% total)
     Speed:     ev/sec=15314.5   simsec/sec=1.47838   ev/simsec=10359
     Messages:  created: 2711591   present: 2200   in FES: 136
** Event #3067392   t=373.569162172667   Elapsed: 114.31s (1m 54s)  74% completed  (37% total)
     Speed:     ev/sec=16568.1   simsec/sec=1.51829   ev/simsec=10912.3
     Messages:  created: 2738490   present: 2616   in FES: 149
** Event #3105536   t=377.572075891127   Elapsed: 116.314s (1m 56s)  75% completed  (37% total)
     Speed:     ev/sec=19031   simsec/sec=1.99716   ev/simsec=9529.06
     Messages:  created: 2769825   present: 3183   in FES: 185
** Event #3149312   t=382.12167414744   Elapsed: 118.319s (1m 58s)  76% completed  (38% total)
     Speed:     ev/sec=21836.5   simsec/sec=2.26945   ev/simsec=9621.95
     Messages:  created: 2805660   present: 3548   in FES: 122
** Event #3193344   t=387.035036818117   Elapsed: 120.326s (2m 00s)  77% completed  (38% total)
     Speed:     ev/sec=21932.1   simsec/sec=2.44732   ev/simsec=8961.68
     Messages:  created: 2842017   present: 4225   in FES: 151
** Event #3233792   t=391.089006615972   Elapsed: 122.327s (2m 02s)  78% completed  (39% total)
     Speed:     ev/sec=20213   simsec/sec=2.02588   ev/simsec=9977.38
     Messages:  created: 2875535   present: 4685   in FES: 141
** Event #3276032   t=395.573674703871   Elapsed: 124.338s (2m 04s)  79% completed  (39% total)
     Speed:     ev/sec=21013   simsec/sec=2.23097   ev/simsec=9418.76
     Messages:  created: 2910540   present: 5247   in FES: 154
** Event #3320064   t=400.525679424723   Elapsed: 126.343s (2m 06s)  80% completed  (40% total)
     Speed:     ev/sec=21955.5   simsec/sec=2.4692   ev/simsec=8891.75
     Messages:  created: 2946795   present: 5851   in FES: 149
** Event #3360768   t=404.57375267362   Elapsed: 128.344s (2m 08s)  80% completed  (40% total)
     Speed:     ev/sec=20343.7   simsec/sec=2.02321   ev/simsec=10055.2
     Messages:  created: 2980557   present: 6334   in FES: 150
** Event #3408384   t=410.008018598158   Elapsed: 130.348s (2m 10s)  82% completed  (41% total)
     Speed:     ev/sec=23763.6   simsec/sec=2.71206   ev/simsec=8762.18
     Messages:  created: 3019735   present: 6981   in FES: 151
** Event #3453184   t=414.558278024869   Elapsed: 132.349s (2m 12s)  82% completed  (41% total)
     Speed:     ev/sec=22384.5   simsec/sec=2.27355   ev/simsec=9845.59
     Messages:  created: 3056809   present: 7531   in FES: 149
** Event #3496704   t=419.079417797435   Elapsed: 134.351s (2m 14s)  83% completed  (41% total)
     Speed:     ev/sec=21739.8   simsec/sec=2.25847   ev/simsec=9625.89
     Messages:  created: 3092835   present: 8077   in FES: 153
** Event #3540736   t=424.016229860322   Elapsed: 136.355s (2m 16s)  84% completed  (42% total)
     Speed:     ev/sec=21976.8   simsec/sec=2.46401   ev/simsec=8919.12
     Messages:  created: 3129015   present: 8587   in FES: 124
** Event #3586560   t=428.572121853304   Elapsed: 138.37s (2m 18s)  85% completed  (42% total)
     Speed:     ev/sec=22737.7   simsec/sec=2.26062   ev/simsec=10058.2
     Messages:  created: 3167077   present: 9178   in FES: 136
** Event #3631360   t=433.556734231085   Elapsed: 140.385s (2m 20s)  86% completed  (43% total)
     Speed:     ev/sec=22236.5   simsec/sec=2.47411   ev/simsec=8987.66
     Messages:  created: 3204033   present: 9779   in FES: 141
** Event #3671296   t=437.569162862623   Elapsed: 142.39s (2m 22s)  87% completed  (43% total)
     Speed:     ev/sec=19909.1   simsec/sec=2.0003   ev/simsec=9953.07
     Messages:  created: 3237008   present: 10283   in FES: 144
** Event #3715072   t=442.521772696361   Elapsed: 144.408s (2m 24s)  88% completed  (44% total)
     Speed:     ev/sec=21697.8   simsec/sec=2.45479   ev/simsec=8838.98
     Messages:  created: 3272931   present: 10890   in FES: 152
** Event #3755776   t=446.562786370496   Elapsed: 146.416s (2m 26s)  89% completed  (44% total)
     Speed:     ev/sec=20267.3   simsec/sec=2.0121   ev/simsec=10072.7
     Messages:  created: 3306707   present: 11367   in FES: 145
** Event #3797504   t=451.049479188731   Elapsed: 148.424s (2m 28s)  90% completed  (45% total)
     Speed:     ev/sec=20786.1   simsec/sec=2.23497   ev/simsec=9300.39
     Messages:  created: 3340769   present: 11878   in FES: 140
** Event #3841024   t=455.560702030163   Elapsed: 150.424s (2m 30s)  91% completed  (45% total)
     Speed:     ev/sec=21755.5   simsec/sec=2.25514   ev/simsec=9647.05
     Messages:  created: 3376517   present: 12458   in FES: 154
** Event #3885056   t=460.592363745265   Elapsed: 152.431s (2m 32s)  92% completed  (46% total)
     Speed:     ev/sec=21946.3   simsec/sec=2.50787   ev/simsec=8750.99
     Messages:  created: 3414294   present: 12970   in FES: 124
** Event #3938048   t=467.524731150017   Elapsed: 154.431s (2m 34s)  93% completed  (46% total)
     Speed:     ev/sec=26484.9   simsec/sec=3.46473   ev/simsec=7644.14
     Messages:  created: 3462136   present: 13894   in FES: 151
** Event #3988736   t=473.527794313227   Elapsed: 156.442s (2m 36s)  94% completed  (47% total)
     Speed:     ev/sec=25209   simsec/sec=2.98554   ev/simsec=8443.69
     Messages:  created: 3506089   present: 14557   in FES: 132
** Event #4032000   t=478.078537009958   Elapsed: 158.445s (2m 38s)  95% completed  (47% total)
     Speed:     ev/sec=21600.5   simsec/sec=2.27206   ev/simsec=9507.02
     Messages:  created: 3542741   present: 15152   in FES: 154
** Event #4081920   t=484.034163903643   Elapsed: 160.446s (2m 40s)  96% completed  (48% total)
     Speed:     ev/sec=24954   simsec/sec=2.9771   ev/simsec=8381.99
     Messages:  created: 3586272   present: 15897   in FES: 184
** Event #4127488   t=489.016283901522   Elapsed: 162.447s (2m 42s)  97% completed  (48% total)
     Speed:     ev/sec=22772.4   simsec/sec=2.48979   ev/simsec=9146.31
     Messages:  created: 3626074   present: 5822   in FES: 161
** Event #4173824   t=494.042812233116   Elapsed: 164.447s (2m 44s)  98% completed  (49% total)
     Speed:     ev/sec=23164.8   simsec/sec=2.51292   ev/simsec=9218.29
     Messages:  created: 3665295   present: 1819   in FES: 145
** Event #4223744   t=499.554093772855   Elapsed: 166.454s (2m 46s)  99% completed  (49% total)
     Speed:     ev/sec=24874   simsec/sec=2.74615   ev/simsec=9057.78
     Messages:  created: 3707359   present: 2494   in FES: 148
** Event #4226682   t=500   Elapsed: 166.629s (2m 46s)  100% completed  (50% total)
     Speed:     ev/sec=16788.1   simsec/sec=2.54061   ev/simsec=6607.91
     Messages:  created: 3709875   present: 2463   in FES: 122

<!> Simulation time limit reached -- at t=500s, event #4226682
undisposed object: (omnetpp::cMessage) FanetSarNetwork.groundStation.app.debugTimer -- check module destructor
undisposed object: (omnetpp::cMessage) FanetSarNetwork.uav[0].app.debugTimer -- check module destructor
undisposed object: (omnetpp::cMessage) FanetSarNetwork.uav[1].app.debugTimer -- check module destructor
undisposed object: (omnetpp::cMessage) FanetSarNetwork.uav[2].app.debugTimer -- check module destructor
undisposed object: (omnetpp::cMessage) FanetSarNetwork.uav[3].app.debugTimer -- check module destructor
undisposed object: (omnetpp::cMessage) FanetSarNetwork.uav[4].app.debugTimer -- check module destructor
undisposed object: (omnetpp::cMessage) FanetSarNetwork.uav[5].app.debugTimer -- check module destructor
undisposed object: (omnetpp::cMessage) FanetSarNetwork.uav[6].app.debugTimer -- check module destructor
undisposed object: (omnetpp::cMessage) FanetSarNetwork.uav[7].app.debugTimer -- check module destructor
undisposed object: (omnetpp::cMessage) FanetSarNetwork.uav[8].app.debugTimer -- check module destructor
undisposed object: (omnetpp::cMessage) FanetSarNetwork.uav[9].app.debugTimer -- check module destructor
undisposed object: (omnetpp::cMessage) FanetSarNetwork.uav[10].app.debugTimer -- check module destructor
undisposed object: (omnetpp::cMessage) FanetSarNetwork.uav[11].app.debugTimer -- check module destructor
undisposed object: (omnetpp::cMessage) FanetSarNetwork.uav[12].app.debugTimer -- check module destructor
undisposed object: (omnetpp::cMessage) FanetSarNetwork.uav[13].app.debugTimer -- check module destructor
undisposed object: (omnetpp::cMessage) FanetSarNetwork.uav[14].app.debugTimer -- check module destructor
undisposed object: (omnetpp::cMessage) FanetSarNetwork.uav[15].app.debugTimer -- check module destructor
undisposed object: (omnetpp::cMessage) FanetSarNetwork.uav[16].app.debugTimer -- check module destructor
undisposed object: (omnetpp::cMessage) FanetSarNetwork.uav[17].app.debugTimer -- check module destructor
undisposed object: (omnetpp::cMessage) FanetSarNetwork.uav[18].app.debugTimer -- check module destructor
undisposed object: (omnetpp::cMessage) FanetSarNetwork.uav[19].app.debugTimer -- check module destructor
undisposed object: (omnetpp::cMessage) FanetSarNetwork.uav[20].app.debugTimer -- check module destructor
undisposed object: (omnetpp::cMessage) FanetSarNetwork.uav[21].app.debugTimer -- check module destructor
undisposed object: (omnetpp::cMessage) FanetSarNetwork.uav[22].app.debugTimer -- check module destructor
undisposed object: (omnetpp::cMessage) FanetSarNetwork.uav[23].app.debugTimer -- check module destructor
undisposed object: (omnetpp::cMessage) FanetSarNetwork.uav[24].app.debugTimer -- check module destructor
undisposed object: (omnetpp::cMessage) FanetSarNetwork.uav[25].app.debugTimer -- check module destructor
undisposed object: (omnetpp::cMessage) FanetSarNetwork.uav[26].app.debugTimer -- check module destructor
undisposed object: (omnetpp::cMessage) FanetSarNetwork.uav[27].app.debugTimer -- check module destructor
undisposed object: (omnetpp::cMessage) FanetSarNetwork.uav[28].app.debugTimer -- check module destructor
undisposed object: (omnetpp::cMessage) FanetSarNetwork.uav[29].app.debugTimer -- check module destructor
