** Event #0   t=0   Elapsed: 3.6e-05s (0m 00s)  0% completed  (0% total)
     Speed:     ev/sec=0   simsec/sec=0   ev/simsec=0
     Messages:  created: 1938   present: 1938   in FES: 306
** Event #57088   t=2.097186742294   Elapsed: 2.00367s (0m 02s)  0% completed  (0% total)
     Speed:     ev/sec=28492.4   simsec/sec=1.04668   ev/simsec=27221.7
     Messages:  created: 52918   present: 1958   in FES: 241
** Event #104704   t=4.509300652553   Elapsed: 4.01039s (0m 04s)  0% completed  (0% total)
     Speed:     ev/sec=23728.3   simsec/sec=1.20202   ev/simsec=19740.4
     Messages:  created: 96659   present: 1933   in FES: 229
** Event #138496   t=6.015683209423   Elapsed: 6.01736s (0m 06s)  1% completed  (0% total)
     Speed:     ev/sec=16837.3   simsec/sec=0.750575   ev/simsec=22432.5
     Messages:  created: 127154   present: 1927   in FES: 228
** Event #173824   t=7.509458687037   Elapsed: 8.0539s (0m 08s)  1% completed  (0% total)
     Speed:     ev/sec=17347.1   simsec/sec=0.733487   ev/simsec=23650.1
     Messages:  created: 158475   present: 2011   in FES: 253
** Event #203008   t=8.5176183747   Elapsed: 10.0959s (0m 10s)  1% completed  (0% total)
     Speed:     ev/sec=14291.7   simsec/sec=0.493705   ev/simsec=28947.8
     Messages:  created: 185413   present: 1961   in FES: 222
** Event #242432   t=10.510569792828   Elapsed: 12.1124s (0m 12s)  2% completed  (1% total)
     Speed:     ev/sec=19550.8   simsec/sec=0.988327   ev/simsec=19781.7
     Messages:  created: 220822   present: 2006   in FES: 249
** Event #271104   t=11.517879849496   Elapsed: 14.1546s (0m 14s)  2% completed  (1% total)
     Speed:     ev/sec=14040   simsec/sec=0.493257   ev/simsec=28463.9
     Messages:  created: 246900   present: 2059   in FES: 254
** Event #309760   t=13.509111695495   Elapsed: 16.1605s (0m 16s)  2% completed  (1% total)
     Speed:     ev/sec=19271.1   simsec/sec=0.992683   ev/simsec=19413.1
     Messages:  created: 281370   present: 1956   in FES: 238
** Event #338944   t=14.518700024102   Elapsed: 18.161s (0m 18s)  2% completed  (1% total)
     Speed:     ev/sec=14588.2   simsec/sec=0.504664   ev/simsec=28906.8
     Messages:  created: 308740   present: 2021   in FES: 256
** Event #381696   t=16.516702935565   Elapsed: 20.1751s (0m 20s)  3% completed  (1% total)
     Speed:     ev/sec=21226.9   simsec/sec=0.992031   ev/simsec=21397.4
     Messages:  created: 347875   present: 2193   in FES: 305
** Event #422656   t=18.512703136221   Elapsed: 22.1827s (0m 22s)  3% completed  (1% total)
     Speed:     ev/sec=20401.7   simsec/sec=0.994184   ev/simsec=20521
     Messages:  created: 384565   present: 2008   in FES: 254
** Event #451072   t=19.525604522075   Elapsed: 24.221s (0m 24s)  3% completed  (1% total)
     Speed:     ev/sec=13941.2   simsec/sec=0.496942   ev/simsec=28054.1
     Messages:  created: 410570   present: 2027   in FES: 252
** Event #481792   t=21.049835104814   Elapsed: 26.2245s (0m 26s)  4% completed  (2% total)
     Speed:     ev/sec=15333.4   simsec/sec=0.760795   ev/simsec=20154.4
     Messages:  created: 437396   present: 1984   in FES: 251
** Event #510208   t=22.083325580243   Elapsed: 28.226s (0m 28s)  4% completed  (2% total)
     Speed:     ev/sec=14196.8   simsec/sec=0.51634   ev/simsec=27495.2
     Messages:  created: 462030   present: 1989   in FES: 254
** Event #540928   t=23.515713672389   Elapsed: 30.2584s (0m 30s)  4% completed  (2% total)
     Speed:     ev/sec=15115.1   simsec/sec=0.704777   ev/simsec=21446.7
     Messages:  created: 489570   present: 1961   in FES: 230
** Event #566272   t=24.518124781401   Elapsed: 32.2623s (0m 32s)  4% completed  (2% total)
     Speed:     ev/sec=12647.4   simsec/sec=0.500234   ev/simsec=25283
     Messages:  created: 512008   present: 1970   in FES: 231
** Event #591616   t=25.524309406313   Elapsed: 34.2639s (0m 34s)  5% completed  (2% total)
     Speed:     ev/sec=12661.9   simsec/sec=0.502691   ev/simsec=25188.2
     Messages:  created: 534078   present: 1937   in FES: 226
** Event #617472   t=26.584316542216   Elapsed: 36.2864s (0m 36s)  5% completed  (2% total)
     Speed:     ev/sec=12784.1   simsec/sec=0.524104   ev/simsec=24392.3
     Messages:  created: 556488   present: 1981   in FES: 250
** Event #659200   t=28.518162517936   Elapsed: 38.3159s (0m 38s)  5% completed  (2% total)
     Speed:     ev/sec=20561.5   simsec/sec=0.952904   ev/simsec=21577.7
     Messages:  created: 594296   present: 2027   in FES: 250
** Event #701184   t=30.516331655959   Elapsed: 40.3428s (0m 40s)  6% completed  (3% total)
     Speed:     ev/sec=20713.5   simsec/sec=0.985828   ev/simsec=21011.2
     Messages:  created: 633255   present: 1979   in FES: 240
** Event #744960   t=32.516123491471   Elapsed: 42.3459s (0m 42s)  6% completed  (3% total)
     Speed:     ev/sec=21853.8   simsec/sec=0.998335   ev/simsec=21890.3
     Messages:  created: 673606   present: 2008   in FES: 248
** Event #792320   t=34.519700392874   Elapsed: 44.3633s (0m 44s)  6% completed  (3% total)
     Speed:     ev/sec=23475.7   simsec/sec=0.993144   ev/simsec=23637.7
     Messages:  created: 716932   present: 2007   in FES: 254
** Event #824064   t=36.023052542495   Elapsed: 46.3706s (0m 46s)  7% completed  (3% total)
     Speed:     ev/sec=15814.2   simsec/sec=0.748938   ev/simsec=21115.5
     Messages:  created: 744214   present: 1907   in FES: 222
** Event #862976   t=37.519794276061   Elapsed: 48.3767s (0m 48s)  7% completed  (3% total)
     Speed:     ev/sec=19396.7   simsec/sec=0.746091   ev/simsec=25997.8
     Messages:  created: 779182   present: 2005   in FES: 242
** Event #903680   t=39.507447616802   Elapsed: 50.3812s (0m 50s)  7% completed  (3% total)
     Speed:     ev/sec=20306.8   simsec/sec=0.991619   ev/simsec=20478.4
     Messages:  created: 814508   present: 1994   in FES: 253
** Event #934400   t=40.583210773039   Elapsed: 52.3988s (0m 52s)  8% completed  (4% total)
     Speed:     ev/sec=15226.1   simsec/sec=0.533193   ev/simsec=28556.5
     Messages:  created: 842372   present: 1941   in FES: 234
** Event #974592   t=42.519700065871   Elapsed: 54.4089s (0m 54s)  8% completed  (4% total)
     Speed:     ev/sec=19994.6   simsec/sec=0.96336   ev/simsec=20755.1
     Messages:  created: 878469   present: 1871   in FES: 204
** Event #1010688   t=44.078180237944   Elapsed: 56.4165s (0m 56s)  8% completed  (4% total)
     Speed:     ev/sec=17979.5   simsec/sec=0.776281   ev/simsec=23161
     Messages:  created: 911355   present: 1986   in FES: 254
** Event #1045504   t=46.013224443345   Elapsed: 58.4171s (0m 58s)  9% completed  (4% total)
     Speed:     ev/sec=17403.3   simsec/sec=0.96726   ev/simsec=17992.4
     Messages:  created: 943902   present: 1973   in FES: 244
** Event #1098240   t=48.523298487346   Elapsed: 60.433s (1m 00s)  9% completed  (4% total)
     Speed:     ev/sec=26159.5   simsec/sec=1.24511   ev/simsec=21009.7
     Messages:  created: 994670   present: 2010   in FES: 253
** Event #1155840   t=51.518458286045   Elapsed: 62.4339s (1m 02s)  10% completed  (5% total)
     Speed:     ev/sec=28787.3   simsec/sec=1.49692   ev/simsec=19231
     Messages:  created: 1050372   present: 2004   in FES: 247
** Event #1208064   t=54.049837787653   Elapsed: 64.4399s (1m 04s)  10% completed  (5% total)
     Speed:     ev/sec=26033.2   simsec/sec=1.26187   ev/simsec=20630.6
     Messages:  created: 1099340   present: 1890   in FES: 219
** Event #1246464   t=55.586170377182   Elapsed: 66.4402s (1m 06s)  11% completed  (5% total)
     Speed:     ev/sec=19197.4   simsec/sec=0.768062   ev/simsec=24994.6
     Messages:  created: 1134151   present: 1978   in FES: 254
** Event #1289472   t=57.524961440594   Elapsed: 68.4569s (1m 08s)  11% completed  (5% total)
     Speed:     ev/sec=21325.6   simsec/sec=0.961352   ev/simsec=22182.9
     Messages:  created: 1172190   present: 2016   in FES: 253
** Event #1331968   t=59.511879967878   Elapsed: 70.4579s (1m 10s)  11% completed  (5% total)
     Speed:     ev/sec=21238.1   simsec/sec=0.992997   ev/simsec=21387.9
     Messages:  created: 1209786   present: 1953   in FES: 236
** Event #1366016   t=61.015683319641   Elapsed: 72.4609s (1m 12s)  12% completed  (6% total)
     Speed:     ev/sec=16998.3   simsec/sec=0.750766   ev/simsec=22641.3
     Messages:  created: 1240824   present: 1919   in FES: 226
** Event #1409280   t=62.9   Elapsed: 74.4617s (1m 14s)  12% completed  (6% total)
     Speed:     ev/sec=21623   simsec/sec=0.941767   ev/simsec=22960
     Messages:  created: 1279728   present: 1836   in FES: 202
** Event #1452032   t=64.57273235366   Elapsed: 76.4717s (1m 16s)  12% completed  (6% total)
     Speed:     ev/sec=21269.6   simsec/sec=0.832203   ev/simsec=25558.2
     Messages:  created: 1317350   present: 1880   in FES: 217
** Event #1496576   t=66.521312570785   Elapsed: 78.4785s (1m 18s)  13% completed  (6% total)
     Speed:     ev/sec=22197   simsec/sec=0.971009   ev/simsec=22859.7
     Messages:  created: 1357312   present: 1978   in FES: 241
** Event #1542400   t=68.518458295645   Elapsed: 80.4992s (1m 20s)  13% completed  (6% total)
     Speed:     ev/sec=22677   simsec/sec=0.988331   ev/simsec=22944.7
     Messages:  created: 1397478   present: 1997   in FES: 246
** Event #1570304   t=69.599747820954   Elapsed: 82.5071s (1m 22s)  13% completed  (6% total)
     Speed:     ev/sec=13897.6   simsec/sec=0.538536   ev/simsec=25806.2
     Messages:  created: 1421812   present: 1943   in FES: 254
** Event #1615104   t=71.521247745922   Elapsed: 84.5124s (1m 24s)  14% completed  (7% total)
     Speed:     ev/sec=22340.8   simsec/sec=0.95821   ev/simsec=23315.1
     Messages:  created: 1461418   present: 1991   in FES: 255
** Event #1660160   t=73.518458306288   Elapsed: 86.5402s (1m 26s)  14% completed  (7% total)
     Speed:     ev/sec=22218.4   simsec/sec=0.98488   ev/simsec=22559.5
     Messages:  created: 1501298   present: 1997   in FES: 246
** Event #1706752   t=75.518251127138   Elapsed: 88.5407s (1m 28s)  15% completed  (7% total)
     Speed:     ev/sec=23290.3   simsec/sec=0.999652   ev/simsec=23298.4
     Messages:  created: 1542541   present: 2010   in FES: 254
** Event #1743360   t=77.05339298018   Elapsed: 90.5454s (1m 30s)  15% completed  (7% total)
     Speed:     ev/sec=18260.8   simsec/sec=0.765761   ev/simsec=23846.7
     Messages:  created: 1575100   present: 1899   in FES: 222
** Event #1780736   t=78.531389593764   Elapsed: 92.5462s (1m 32s)  15% completed  (7% total)
     Speed:     ev/sec=18681   simsec/sec=0.738722   ev/simsec=25288.3
     Messages:  created: 1608080   present: 1955   in FES: 238
** Event #1824512   t=80.51943627714   Elapsed: 94.5567s (1m 34s)  16% completed  (8% total)
     Speed:     ev/sec=21773.8   simsec/sec=0.988836   ev/simsec=22019.6
     Messages:  created: 1647090   present: 2013   in FES: 254
** Event #1852672   t=81.605747822802   Elapsed: 96.5582s (1m 36s)  16% completed  (8% total)
     Speed:     ev/sec=14069.6   simsec/sec=0.542754   ev/simsec=25922.6
     Messages:  created: 1672020   present: 1957   in FES: 255
** Event #1897984   t=83.599890485349   Elapsed: 98.5621s (1m 38s)  16% completed  (8% total)
     Speed:     ev/sec=22611.6   simsec/sec=0.995118   ev/simsec=22722.5
     Messages:  created: 1712106   present: 1984   in FES: 251
** Event #1942528   t=85.522136803546   Elapsed: 100.585s (1m 40s)  17% completed  (8% total)
     Speed:     ev/sec=22022.7   simsec/sec=0.950364   ev/simsec=23172.9
     Messages:  created: 1751960   present: 2008   in FES: 249
** Event #1986816   t=87.517079743991   Elapsed: 102.601s (1m 42s)  17% completed  (8% total)
     Speed:     ev/sec=21963.2   simsec/sec=0.989326   ev/simsec=22200.1
     Messages:  created: 1790902   present: 1865   in FES: 204
** Event #2020864   t=89.015059098701   Elapsed: 104.602s (1m 44s)  17% completed  (8% total)
     Speed:     ev/sec=17016   simsec/sec=0.748639   ev/simsec=22729.3
     Messages:  created: 1821036   present: 1971   in FES: 254
** Event #2068224   t=91.025172452776   Elapsed: 106.604s (1m 46s)  18% completed  (9% total)
     Speed:     ev/sec=23663.6   simsec/sec=1.00436   ev/simsec=23560.9
     Messages:  created: 1863506   present: 1978   in FES: 247
** Event #2123520   t=93.51279409529   Elapsed: 108.604s (1m 48s)  18% completed  (9% total)
     Speed:     ev/sec=27645.1   simsec/sec=1.24368   ev/simsec=22228.5
     Messages:  created: 1913586   present: 1983   in FES: 246
** Event #2154496   t=94.601298016988   Elapsed: 110.635s (1m 50s)  18% completed  (9% total)
     Speed:     ev/sec=15248.4   simsec/sec=0.535833   ev/simsec=28457.4
     Messages:  created: 1940850   present: 1962   in FES: 243
** Event #2180096   t=95.605748128104   Elapsed: 112.648s (1m 52s)  19% completed  (9% total)
     Speed:     ev/sec=12719.7   simsec/sec=0.499075   ev/simsec=25486.6
     Messages:  created: 1963025   present: 1968   in FES: 254
** Event #2217472   t=97.095568712333   Elapsed: 114.648s (1m 54s)  19% completed  (9% total)
     Speed:     ev/sec=18686.6   simsec/sec=0.744853   ev/simsec=25087.6
     Messages:  created: 1994680   present: 1970   in FES: 245
** Event #2249472   t=98.524530970879   Elapsed: 116.657s (1m 56s)  19% completed  (9% total)
     Speed:     ev/sec=15924.8   simsec/sec=0.711125   ev/simsec=22393.9
     Messages:  created: 2022552   present: 1948   in FES: 229
** Event #2278656   t=99.60575167907   Elapsed: 118.693s (1m 58s)  19% completed  (9% total)
     Speed:     ev/sec=14335.7   simsec/sec=0.531115   ev/simsec=26991.7
     Messages:  created: 2047266   present: 1981   in FES: 254
** Event #2312960   t=101.028477284072   Elapsed: 120.696s (2m 00s)  20% completed  (10% total)
     Speed:     ev/sec=17125.1   simsec/sec=0.710249   ev/simsec=24111.5
     Messages:  created: 2078351   present: 2158   in FES: 306
** Event #2351104   t=102.515451668845   Elapsed: 122.702s (2m 02s)  20% completed  (10% total)
     Speed:     ev/sec=19015.8   simsec/sec=0.741296   ev/simsec=25652.1
     Messages:  created: 2111537   present: 2466   in FES: 299
** Event #2383104   t=103.524390392596   Elapsed: 124.733s (2m 04s)  20% completed  (10% total)
     Speed:     ev/sec=15757.9   simsec/sec=0.496837   ev/simsec=31716.5
     Messages:  created: 2140187   present: 2680   in FES: 304
** Event #2411776   t=104.530531131553   Elapsed: 126.736s (2m 06s)  20% completed  (10% total)
     Speed:     ev/sec=14315.3   simsec/sec=0.502343   ev/simsec=28497
     Messages:  created: 2165275   present: 2837   in FES: 290
** Event #2439424   t=105.569038343331   Elapsed: 128.747s (2m 08s)  21% completed  (10% total)
     Speed:     ev/sec=13747.8   simsec/sec=0.51639   ev/simsec=26622.8
     Messages:  created: 2189911   present: 3030   in FES: 304
** Event #2471680   t=106.577507942556   Elapsed: 130.761s (2m 10s)  21% completed  (10% total)
     Speed:     ev/sec=16018   simsec/sec=0.500796   ev/simsec=31985.1
     Messages:  created: 2219951   present: 3244   in FES: 305
** Event #2501120   t=107.569176426995   Elapsed: 132.775s (2m 12s)  21% completed  (10% total)
     Speed:     ev/sec=14611.6   simsec/sec=0.492183   ev/simsec=29687.3
     Messages:  created: 2246969   present: 3431   in FES: 290
** Event #2528000   t=108.579673658311   Elapsed: 134.79s (2m 14s)  21% completed  (10% total)
     Speed:     ev/sec=13341.2   simsec/sec=0.501536   ev/simsec=26600.8
     Messages:  created: 2269377   present: 2698   in FES: 267
** Event #2555904   t=109.603893424865   Elapsed: 136.801s (2m 16s)  21% completed  (10% total)
     Speed:     ev/sec=13876.6   simsec/sec=0.509341   ev/simsec=27244.2
     Messages:  created: 2292388   present: 2121   in FES: 217
** Event #2587904   t=111.038531020644   Elapsed: 138.806s (2m 18s)  22% completed  (11% total)
     Speed:     ev/sec=15963.7   simsec/sec=0.715693   ev/simsec=22305.3
     Messages:  created: 2318898   present: 2363   in FES: 203
** Event #2619136   t=112.084168437457   Elapsed: 140.807s (2m 20s)  22% completed  (11% total)
     Speed:     ev/sec=15608.6   simsec/sec=0.522572   ev/simsec=29868.9
     Messages:  created: 2344881   present: 2590   in FES: 205
** Event #2650368   t=113.516702478349   Elapsed: 142.83s (2m 22s)  22% completed  (11% total)
     Speed:     ev/sec=15433.3   simsec/sec=0.707887   ev/simsec=21801.9
     Messages:  created: 2371385   present: 3015   in FES: 254
** Event #2677504   t=114.519683311317   Elapsed: 144.877s (2m 24s)  22% completed  (11% total)
     Speed:     ev/sec=13255.8   simsec/sec=0.489951   ev/simsec=27055.4
     Messages:  created: 2394152   present: 3250   in FES: 254
** Event #2707456   t=115.601126961864   Elapsed: 146.91s (2m 26s)  23% completed  (11% total)
     Speed:     ev/sec=14738.2   simsec/sec=0.532135   ev/simsec=27696.3
     Messages:  created: 2420285   present: 3387   in FES: 240
** Event #2748160   t=117.516796255413   Elapsed: 148.925s (2m 28s)  23% completed  (11% total)
     Speed:     ev/sec=20195.3   simsec/sec=0.950459   ev/simsec=21247.9
     Messages:  created: 2455397   present: 3778   in FES: 235
** Event #2775808   t=118.520198004342   Elapsed: 150.947s (2m 30s)  23% completed  (11% total)
     Speed:     ev/sec=13674.6   simsec/sec=0.496279   ev/simsec=27554.3
     Messages:  created: 2478433   present: 3899   in FES: 206
** Event #2803200   t=119.523645618013   Elapsed: 152.964s (2m 32s)  23% completed  (11% total)
     Speed:     ev/sec=13582.9   simsec/sec=0.497582   ev/simsec=27297.9
     Messages:  created: 2501162   present: 4154   in FES: 224
** Event #2830080   t=120.537836572929   Elapsed: 155s (2m 34s)  24% completed  (12% total)
     Speed:     ev/sec=13201.7   simsec/sec=0.498105   ev/simsec=26503.9
     Messages:  created: 2524369   present: 4401   in FES: 248
** Event #2857984   t=121.606845052897   Elapsed: 157.034s (2m 37s)  24% completed  (12% total)
     Speed:     ev/sec=13718.4   simsec/sec=0.525555   ev/simsec=26102.7
     Messages:  created: 2547967   present: 4617   in FES: 254
** Event #2898432   t=123.510056641301   Elapsed: 159.052s (2m 39s)  24% completed  (12% total)
     Speed:     ev/sec=20043.5   simsec/sec=0.943111   ev/simsec=21252.5
     Messages:  created: 2581274   present: 4930   in FES: 227
** Event #2928640   t=124.537837540052   Elapsed: 161.08s (2m 41s)  24% completed  (12% total)
     Speed:     ev/sec=14897.5   simsec/sec=0.506866   ev/simsec=29391.5
     Messages:  created: 2606991   present: 5147   in FES: 232
** Event #2957568   t=125.583465542152   Elapsed: 163.123s (2m 43s)  25% completed  (12% total)
     Speed:     ev/sec=14155.5   simsec/sec=0.511664   ev/simsec=27665.7
     Messages:  created: 2631687   present: 5344   in FES: 227
** Event #2995712   t=127.098842941184   Elapsed: 165.127s (2m 45s)  25% completed  (12% total)
     Speed:     ev/sec=19035.4   simsec/sec=0.756235   ev/simsec=25171.3
     Messages:  created: 2664279   present: 5711   in FES: 254
** Event #3026432   t=128.544396866688   Elapsed: 167.135s (2m 47s)  25% completed  (12% total)
     Speed:     ev/sec=15297.1   simsec/sec=0.719815   ev/simsec=21251.4
     Messages:  created: 2691265   present: 5928   in FES: 225
** Event #3053312   t=129.5690391711   Elapsed: 169.16s (2m 49s)  25% completed  (12% total)
     Speed:     ev/sec=13277.6   simsec/sec=0.506132   ev/simsec=26233.5
     Messages:  created: 2713637   present: 6199   in FES: 254
** Event #3082496   t=130.600889754969   Elapsed: 171.19s (2m 51s)  26% completed  (13% total)
     Speed:     ev/sec=14371.6   simsec/sec=0.508132   ev/simsec=28283.2
     Messages:  created: 2737753   present: 6404   in FES: 245
** Event #3110912   t=132.005971666509   Elapsed: 173.193s (2m 53s)  26% completed  (13% total)
     Speed:     ev/sec=14190.7   simsec/sec=0.701687   ev/simsec=20223.7
     Messages:  created: 2761109   present: 6671   in FES: 240
** Event #3147264   t=133.095568719064   Elapsed: 175.198s (2m 55s)  26% completed  (13% total)
     Speed:     ev/sec=18125.3   simsec/sec=0.543279   ev/simsec=33362.8
     Messages:  created: 2791535   present: 6910   in FES: 247
** Event #3172864   t=134.089632818508   Elapsed: 177.201s (2m 57s)  26% completed  (13% total)
     Speed:     ev/sec=12782.1   simsec/sec=0.496336   ev/simsec=25752.9
     Messages:  created: 2812585   present: 7035   in FES: 222
** Event #3206912   t=135.569040832907   Elapsed: 179.209s (2m 59s)  27% completed  (13% total)
     Speed:     ev/sec=16959.2   simsec/sec=0.736889   ev/simsec=23014.6
     Messages:  created: 2842662   present: 7412   in FES: 254
** Event #3234816   t=136.616983596294   Elapsed: 181.234s (3m 01s)  27% completed  (13% total)
     Speed:     ev/sec=13776.4   simsec/sec=0.517377   ev/simsec=26627.4
     Messages:  created: 2866336   present: 7473   in FES: 202
** Event #3269120   t=138.069929683405   Elapsed: 183.239s (3m 03s)  27% completed  (13% total)
     Speed:     ev/sec=17112.5   simsec/sec=0.724802   ev/simsec=23610
     Messages:  created: 2894631   present: 7889   in FES: 240
** Event #3294208   t=139.062772368075   Elapsed: 185.239s (3m 05s)  27% completed  (13% total)
     Speed:     ev/sec=12543.6   simsec/sec=0.496406   ev/simsec=25268.9
     Messages:  created: 2915220   present: 8040   in FES: 226
** Event #3313664   t=139.60789037835   Elapsed: 187.287s (3m 07s)  27% completed  (13% total)
     Speed:     ev/sec=9500.07   simsec/sec=0.266173   ev/simsec=35691.4
     Messages:  created: 2931248   present: 8140   in FES: 224
** Event #3335936   t=140.537698706147   Elapsed: 189.314s (3m 09s)  28% completed  (14% total)
     Speed:     ev/sec=10988.8   simsec/sec=0.45876   ev/simsec=23953.3
     Messages:  created: 2949112   present: 8382   in FES: 254
** Event #3361536   t=141.533773107289   Elapsed: 191.335s (3m 11s)  28% completed  (14% total)
     Speed:     ev/sec=12665.8   simsec/sec=0.492815   ev/simsec=25700.9
     Messages:  created: 2969434   present: 8549   in FES: 231
** Event #3386368   t=142.535177813675   Elapsed: 193.336s (3m 13s)  28% completed  (14% total)
     Speed:     ev/sec=12406.7   simsec/sec=0.500326   ev/simsec=24797.2
     Messages:  created: 2989398   present: 8738   in FES: 228
** Event #3405568   t=143.067371315638   Elapsed: 195.338s (3m 15s)  28% completed  (14% total)
     Speed:     ev/sec=9592.75   simsec/sec=0.265896   ev/simsec=36077.1
     Messages:  created: 3005526   present: 8906   in FES: 254
** Event #3423744   t=143.610887822499   Elapsed: 197.345s (3m 17s)  28% completed  (14% total)
     Speed:     ev/sec=9057.8   simsec/sec=0.270855   ev/simsec=33441.5
     Messages:  created: 3020530   present: 9151   in FES: 283
** Event #3450368   t=144.612891507207   Elapsed: 199.374s (3m 19s)  28% completed  (14% total)
     Speed:     ev/sec=13121.8   simsec/sec=0.493844   ev/simsec=26570.8
     Messages:  created: 3043107   present: 9158   in FES: 217
** Event #3476736   t=145.613750481322   Elapsed: 201.396s (3m 21s)  29% completed  (14% total)
     Speed:     ev/sec=13040.2   simsec/sec=0.49497   ev/simsec=26345.4
     Messages:  created: 3065394   present: 9589   in FES: 305
** Event #3501824   t=146.604889724063   Elapsed: 203.408s (3m 23s)  29% completed  (14% total)
     Speed:     ev/sec=12468.4   simsec/sec=0.492584   ev/simsec=25312.3
     Messages:  created: 3085456   present: 9767   in FES: 293
** Event #3527936   t=147.528117781799   Elapsed: 205.454s (3m 25s)  29% completed  (14% total)
     Speed:     ev/sec=12762.1   simsec/sec=0.451221   ev/simsec=28283.4
     Messages:  created: 3105805   present: 9760   in FES: 225
** Event #3552768   t=148.517210608138   Elapsed: 207.495s (3m 27s)  29% completed  (14% total)
     Speed:     ev/sec=12168.3   simsec/sec=0.48468   ev/simsec=25105.8
     Messages:  created: 3125168   present: 9903   in FES: 216
** Event #3561728   t=148.552313428523   Elapsed: 209.514s (3m 29s)  29% completed  (14% total)
     Speed:     ev/sec=4437.95   simsec/sec=0.0173867   ev/simsec=255250
     Messages:  created: 3132290   present: 9950   in FES: 232
** Event #3584256   t=149.510872273464   Elapsed: 211.518s (3m 31s)  29% completed  (14% total)
     Speed:     ev/sec=11240.4   simsec/sec=0.478276   ev/simsec=23501.9
     Messages:  created: 3148677   present: 10282   in FES: 277
** Event #3592448   t=149.526410274309   Elapsed: 213.577s (3m 33s)  29% completed  (14% total)
     Speed:     ev/sec=3978.44   simsec/sec=0.00754603   ev/simsec=527224
     Messages:  created: 3155458   present: 10242   in FES: 250
** Event #3599872   t=150.005971541973   Elapsed: 215.588s (3m 35s)  30% completed  (15% total)
     Speed:     ev/sec=3691.46   simsec/sec=0.238454   ev/simsec=15480.8
     Messages:  created: 3160711   present: 10308   in FES: 253
** Event #3622144   t=150.525443955399   Elapsed: 217.615s (3m 37s)  30% completed  (15% total)
     Speed:     ev/sec=10986   simsec/sec=0.256238   ev/simsec=42874.3
     Messages:  created: 3177104   present: 10421   in FES: 249
** Event #3629056   t=150.536240063955   Elapsed: 219.618s (3m 39s)  30% completed  (15% total)
     Speed:     ev/sec=3451.12   simsec/sec=0.00539043   ev/simsec=640231
     Messages:  created: 3181961   present: 10319   in FES: 212
** Event #3652864   t=151.517144576324   Elapsed: 221.632s (3m 41s)  30% completed  (15% total)
     Speed:     ev/sec=11819.8   simsec/sec=0.486985   ev/simsec=24271.5
     Messages:  created: 3198663   present: 10514   in FES: 221
** Event #3660032   t=151.531468408602   Elapsed: 223.648s (3m 43s)  30% completed  (15% total)
     Speed:     ev/sec=3555.74   simsec/sec=0.00710544   ev/simsec=500425
     Messages:  created: 3204354   present: 10546   in FES: 220
** Event #3667200   t=151.583506574705   Elapsed: 225.727s (3m 45s)  30% completed  (15% total)
     Speed:     ev/sec=3448.16   simsec/sec=0.0250329   ev/simsec=137745
     Messages:  created: 3209603   present: 10519   in FES: 216
** Event #3691776   t=152.528992458983   Elapsed: 227.763s (3m 47s)  30% completed  (15% total)
     Speed:     ev/sec=12073.7   simsec/sec=0.464498   ev/simsec=25993
     Messages:  created: 3227457   present: 10761   in FES: 226
** Event #3699968   t=152.585505316501   Elapsed: 229.832s (3m 49s)  30% completed  (15% total)
     Speed:     ev/sec=3958.71   simsec/sec=0.0273094   ev/simsec=144958
     Messages:  created: 3234133   present: 10826   in FES: 251
** Event #3725056   t=153.529238577857   Elapsed: 231.894s (3m 51s)  30% completed  (15% total)
     Speed:     ev/sec=12163.6   simsec/sec=0.457557   ev/simsec=26583.8
     Messages:  created: 3252111   present: 11036   in FES: 252
** Event #3733248   t=153.583505986059   Elapsed: 233.932s (3m 53s)  30% completed  (15% total)
     Speed:     ev/sec=4021.4   simsec/sec=0.0266395   ev/simsec=150956
     Messages:  created: 3258633   present: 10946   in FES: 225
** Event #3758848   t=154.529381587503   Elapsed: 235.936s (3m 55s)  30% completed  (15% total)
     Speed:     ev/sec=12772.3   simsec/sec=0.471914   ev/simsec=27064.9
     Messages:  created: 3277234   present: 11216   in FES: 244
** Event #3765760   t=154.573140782736   Elapsed: 238.013s (3m 58s)  30% completed  (15% total)
     Speed:     ev/sec=3328.44   simsec/sec=0.0210721   ev/simsec=157955
     Messages:  created: 3282261   present: 11138   in FES: 225
** Event #3790848   t=155.526282320552   Elapsed: 240.036s (4m 00s)  31% completed  (15% total)
     Speed:     ev/sec=12397.1   simsec/sec=0.470988   ev/simsec=26321.4
     Messages:  created: 3300728   present: 11420   in FES: 254
** Event #3799040   t=155.573140610631   Elapsed: 242.085s (4m 02s)  31% completed  (15% total)
     Speed:     ev/sec=3998.05   simsec/sec=0.0228689   ev/simsec=174825
     Messages:  created: 3307097   present: 11368   in FES: 235
** Event #3825152   t=156.527802269338   Elapsed: 244.153s (4m 04s)  31% completed  (15% total)
     Speed:     ev/sec=12630.1   simsec/sec=0.461759   ev/simsec=27352.1
     Messages:  created: 3326187   present: 11520   in FES: 215
** Event #3832320   t=156.570954623194   Elapsed: 246.176s (4m 06s)  31% completed  (15% total)
     Speed:     ev/sec=3543.08   simsec/sec=0.0213298   ev/simsec=166109
     Messages:  created: 3331734   present: 11602   in FES: 254
** Event #3858176   t=157.526468219412   Elapsed: 248.225s (4m 08s)  31% completed  (15% total)
     Speed:     ev/sec=12615.3   simsec/sec=0.4662   ev/simsec=27059.8
     Messages:  created: 3350621   present: 11739   in FES: 222
** Event #3866112   t=157.570954989976   Elapsed: 250.242s (4m 10s)  31% completed  (15% total)
     Speed:     ev/sec=3935.41   simsec/sec=0.0220607   ev/simsec=178390
     Messages:  created: 3356706   present: 11818   in FES: 254
** Event #3891968   t=158.526468427772   Elapsed: 252.28s (4m 12s)  31% completed  (15% total)
     Speed:     ev/sec=12685.4   simsec/sec=0.468793   ev/simsec=27059.8
     Messages:  created: 3375583   present: 11930   in FES: 219
** Event #3901440   t=158.586505345921   Elapsed: 254.323s (4m 14s)  31% completed  (15% total)
     Speed:     ev/sec=4635.72   simsec/sec=0.0293828   ev/simsec=157770
     Messages:  created: 3383729   present: 12161   in FES: 294
** Event #3926784   t=159.529679142089   Elapsed: 256.36s (4m 16s)  31% completed  (15% total)
     Speed:     ev/sec=12445.9   simsec/sec=0.463174   ev/simsec=26871
     Messages:  created: 3401969   present: 12211   in FES: 242
** Event #3933952   t=159.579505842337   Elapsed: 258.413s (4m 18s)  31% completed  (15% total)
     Speed:     ev/sec=3491.63   simsec/sec=0.0242713   ev/simsec=143859
     Messages:  created: 3407401   present: 12148   in FES: 227
** Event #3958784   t=160.527795869571   Elapsed: 260.426s (4m 20s)  32% completed  (16% total)
     Speed:     ev/sec=12333.5   simsec/sec=0.470995   ev/simsec=26186.1
     Messages:  created: 3425659   present: 12398   in FES: 241
** Event #3967488   t=160.580319780282   Elapsed: 262.45s (4m 22s)  32% completed  (16% total)
     Speed:     ev/sec=4299.85   simsec/sec=0.0259473   ev/simsec=165715
     Messages:  created: 3432554   present: 12529   in FES: 305
** Event #3993088   t=161.528966411616   Elapsed: 264.47s (4m 24s)  32% completed  (16% total)
     Speed:     ev/sec=12678.1   simsec/sec=0.469808   ev/simsec=26985.8
     Messages:  created: 3451220   present: 12614   in FES: 254
** Event #4001280   t=161.577506257219   Elapsed: 266.549s (4m 26s)  32% completed  (16% total)
     Speed:     ev/sec=3938.78   simsec/sec=0.0233384   ev/simsec=168769
     Messages:  created: 3457103   present: 12480   in FES: 205
** Event #4027392   t=162.529163450523   Elapsed: 268.574s (4m 28s)  32% completed  (16% total)
     Speed:     ev/sec=12895.4   simsec/sec=0.469976   ev/simsec=27438.5
     Messages:  created: 3476461   present: 12998   in FES: 305
** Event #4036096   t=162.588505772665   Elapsed: 270.581s (4m 30s)  32% completed  (16% total)
     Speed:     ev/sec=4336.36   simsec/sec=0.0295645   ev/simsec=146674
     Messages:  created: 3483641   present: 12768   in FES: 231
** Event #4061952   t=163.531380502487   Elapsed: 272.625s (4m 32s)  32% completed  (16% total)
     Speed:     ev/sec=12651.1   simsec/sec=0.461342   ev/simsec=27422.5
     Messages:  created: 3502324   present: 12918   in FES: 211
** Event #4073728   t=164.014938969478   Elapsed: 274.629s (4m 34s)  32% completed  (16% total)
     Speed:     ev/sec=5877.58   simsec/sec=0.241352   ev/simsec=24352.8
     Messages:  created: 3511145   present: 13095   in FES: 254
** Event #4096256   t=164.531636652249   Elapsed: 276.686s (4m 36s)  32% completed  (16% total)
     Speed:     ev/sec=10949.9   simsec/sec=0.251144   ev/simsec=43600
     Messages:  created: 3527543   present: 13231   in FES: 250
** Event #4109312   t=165.01973292643   Elapsed: 278.689s (4m 38s)  33% completed  (16% total)
     Speed:     ev/sec=6519   simsec/sec=0.243712   ev/simsec=26748.8
     Messages:  created: 3537191   present: 13291   in FES: 254
** Event #4130304   t=165.532066184017   Elapsed: 280.692s (4m 40s)  33% completed  (16% total)
     Speed:     ev/sec=10480.4   simsec/sec=0.255786   ev/simsec=40973.3
     Messages:  created: 3552713   present: 13397   in FES: 239
** Event #4149760   t=166.072736033686   Elapsed: 282.696s (4m 42s)  33% completed  (16% total)
     Speed:     ev/sec=9708.1   simsec/sec=0.269782   ev/simsec=35985
     Messages:  created: 3567215   present: 13475   in FES: 234
** Event #4163584   t=166.532239688826   Elapsed: 284.701s (4m 44s)  33% completed  (16% total)
     Speed:     ev/sec=6896.11   simsec/sec=0.229224   ev/simsec=30084.6
     Messages:  created: 3577468   present: 13578   in FES: 232
** Event #4188160   t=167.100374008692   Elapsed: 286.705s (4m 46s)  33% completed  (16% total)
     Speed:     ev/sec=12262   simsec/sec=0.283466   ev/simsec=43257.4
     Messages:  created: 3595787   present: 13615   in FES: 214
** Event #4197632   t=167.563955009945   Elapsed: 288.722s (4m 48s)  33% completed  (16% total)
     Speed:     ev/sec=4696.75   simsec/sec=0.229869   ev/simsec=20432.2
     Messages:  created: 3603511   present: 13815   in FES: 254
** Event #4222208   t=168.524052574644   Elapsed: 290.77s (4m 50s)  33% completed  (16% total)
     Speed:     ev/sec=11999.7   simsec/sec=0.468785   ev/simsec=25597.4
     Messages:  created: 3621599   present: 13872   in FES: 204
** Event #4230400   t=168.579808741806   Elapsed: 292.81s (4m 52s)  33% completed  (16% total)
     Speed:     ev/sec=4014.84   simsec/sec=0.0273257   ev/simsec=146925
     Messages:  created: 3628223   present: 13999   in FES: 254
** Event #4253952   t=169.543436329473   Elapsed: 294.836s (4m 54s)  33% completed  (16% total)
     Speed:     ev/sec=11625.1   simsec/sec=0.475642   ev/simsec=24441
     Messages:  created: 3646178   present: 14164   in FES: 236
** Event #4261888   t=169.586319375199   Elapsed: 296.838s (4m 56s)  33% completed  (16% total)
     Speed:     ev/sec=3963.95   simsec/sec=0.0214196   ev/simsec=185061
     Messages:  created: 3652535   present: 14320   in FES: 305
** Event #4283648   t=170.53625968957   Elapsed: 298.88s (4m 58s)  34% completed  (17% total)
     Speed:     ev/sec=10653.9   simsec/sec=0.4651   ev/simsec=22906.7
     Messages:  created: 3669198   present: 14408   in FES: 254
** Event #4291072   t=170.580567413228   Elapsed: 300.894s (5m 00s)  34% completed  (17% total)
     Speed:     ev/sec=3686.24   simsec/sec=0.0220001   ev/simsec=167555
     Messages:  created: 3674707   present: 14349   in FES: 221
** Event #4308992   t=171.08685699885   Elapsed: 302.899s (5m 02s)  34% completed  (17% total)
     Speed:     ev/sec=8939.56   simsec/sec=0.252567   ev/simsec=35394.8
     Messages:  created: 3688207   present: 14465   in FES: 232
** Event #4319488   t=171.577505241853   Elapsed: 304.95s (5m 04s)  34% completed  (17% total)
     Speed:     ev/sec=5117.94   simsec/sec=0.239244   ev/simsec=21392.1
     Messages:  created: 3696099   present: 14627   in FES: 252
** Event #4328960   t=172.013226327437   Elapsed: 306.95s (5m 06s)  34% completed  (17% total)
     Speed:     ev/sec=4735.51   simsec/sec=0.217838   ev/simsec=21738.7
     Messages:  created: 3703461   present: 14591   in FES: 210
** Event #4349440   t=172.566340667604   Elapsed: 308.977s (5m 08s)  34% completed  (17% total)
     Speed:     ev/sec=10106.3   simsec/sec=0.272947   ev/simsec=37026.7
     Messages:  created: 3719107   present: 14790   in FES: 241
** Event #4372480   t=173.512453706694   Elapsed: 311.002s (5m 11s)  34% completed  (17% total)
     Speed:     ev/sec=11375.7   simsec/sec=0.467133   ev/simsec=24352.3
     Messages:  created: 3736959   present: 14899   in FES: 216
** Event #4382208   t=173.591112320096   Elapsed: 313.035s (5m 13s)  34% completed  (17% total)
     Speed:     ev/sec=4785.43   simsec/sec=0.038694   ev/simsec=123674
     Messages:  created: 3744983   present: 15013   in FES: 254
** Event #4402944   t=174.527364356729   Elapsed: 315.092s (5m 15s)  34% completed  (17% total)
     Speed:     ev/sec=10077.6   simsec/sec=0.455016   ev/simsec=22147.9
     Messages:  created: 3761233   present: 15182   in FES: 241
** Event #4412672   t=174.610929865427   Elapsed: 317.099s (5m 17s)  34% completed  (17% total)
     Speed:     ev/sec=4847.62   simsec/sec=0.0416421   ev/simsec=116412
     Messages:  created: 3769361   present: 15150   in FES: 225
** Event #4435712   t=175.588492934552   Elapsed: 319.131s (5m 19s)  35% completed  (17% total)
     Speed:     ev/sec=11340.5   simsec/sec=0.481164   ev/simsec=23568.8
     Messages:  created: 3788315   present: 15377   in FES: 236
** Event #4458496   t=176.567709253528   Elapsed: 321.172s (5m 21s)  35% completed  (17% total)
     Speed:     ev/sec=11159.1   simsec/sec=0.479599   ev/simsec=23267.6
     Messages:  created: 3806998   present: 15620   in FES: 254
** Event #4482560   t=177.534400254556   Elapsed: 323.191s (5m 23s)  35% completed  (17% total)
     Speed:     ev/sec=11923.8   simsec/sec=0.478997   ev/simsec=24893.2
     Messages:  created: 3826774   present: 15766   in FES: 236
** Event #4507136   t=178.528139458907   Elapsed: 325.242s (5m 25s)  35% completed  (17% total)
     Speed:     ev/sec=11979.5   simsec/sec=0.484397   ev/simsec=24730.8
     Messages:  created: 3846929   present: 15941   in FES: 230
** Event #4531712   t=179.516774341341   Elapsed: 327.277s (5m 27s)  35% completed  (17% total)
     Speed:     ev/sec=12076.2   simsec/sec=0.485797   ev/simsec=24858.5
     Messages:  created: 3867219   present: 16200   in FES: 249
** Event #4558592   t=180.522080864691   Elapsed: 329.3s (5m 29s)  36% completed  (18% total)
     Speed:     ev/sec=13289.3   simsec/sec=0.497016   ev/simsec=26738.1
     Messages:  created: 3889292   present: 16346   in FES: 230
** Event #4586240   t=181.535010399514   Elapsed: 331.32s (5m 31s)  36% completed  (18% total)
     Speed:     ev/sec=13684.6   simsec/sec=0.501357   ev/simsec=27295.1
     Messages:  created: 3912118   present: 16574   in FES: 254
** Event #4614144   t=182.562201246657   Elapsed: 333.328s (5m 33s)  36% completed  (18% total)
     Speed:     ev/sec=13900.8   simsec/sec=0.511712   ev/simsec=27165.4
     Messages:  created: 3935055   present: 16778   in FES: 239
** Event #4641024   t=183.570650323422   Elapsed: 335.343s (5m 35s)  36% completed  (18% total)
     Speed:     ev/sec=13340.9   simsec/sec=0.500508   ev/simsec=26654.8
     Messages:  created: 3957123   present: 16933   in FES: 222
** Event #4666624   t=184.569859584073   Elapsed: 337.354s (5m 37s)  36% completed  (18% total)
     Speed:     ev/sec=12725.9   simsec/sec=0.496714   ev/simsec=25620.3
     Messages:  created: 3978253   present: 17210   in FES: 249
** Event #4693504   t=185.57418047036   Elapsed: 339.355s (5m 39s)  37% completed  (18% total)
     Speed:     ev/sec=13436.5   simsec/sec=0.502031   ev/simsec=26764.4
     Messages:  created: 4000325   present: 17357   in FES: 230
** Event #4721152   t=186.581373429106   Elapsed: 341.372s (5m 41s)  37% completed  (18% total)
     Speed:     ev/sec=13702.1   simsec/sec=0.499155   ev/simsec=27450.5
     Messages:  created: 4023156   present: 17630   in FES: 254
** Event #4748032   t=187.5885305587   Elapsed: 343.374s (5m 43s)  37% completed  (18% total)
     Speed:     ev/sec=13426.5   simsec/sec=0.503072   ev/simsec=26689
     Messages:  created: 4045349   present: 17837   in FES: 254
** Event #4773120   t=188.579890616411   Elapsed: 345.412s (5m 45s)  37% completed  (18% total)
     Speed:     ev/sec=12311.5   simsec/sec=0.486494   ev/simsec=25306.6
     Messages:  created: 4065809   present: 17949   in FES: 224
** Event #4801280   t=189.5984658455   Elapsed: 347.413s (5m 47s)  37% completed  (18% total)
     Speed:     ev/sec=14078.1   simsec/sec=0.509217   ev/simsec=27646.5
     Messages:  created: 4089065   present: 18150   in FES: 227
** Event #4829696   t=191.003984452919   Elapsed: 349.415s (5m 49s)  38% completed  (19% total)
     Speed:     ev/sec=14187.4   simsec/sec=0.701738   ev/simsec=20217.4
     Messages:  created: 4112221   present: 18475   in FES: 244
** Event #4864256   t=192.074263886558   Elapsed: 351.416s (5m 51s)  38% completed  (19% total)
     Speed:     ev/sec=17273.3   simsec/sec=0.534931   ev/simsec=32290.6
     Messages:  created: 4140886   present: 18696   in FES: 254
** Event #4896512   t=193.52193874859   Elapsed: 353.431s (5m 53s)  38% completed  (19% total)
     Speed:     ev/sec=16008.2   simsec/sec=0.718462   ev/simsec=22281.2
     Messages:  created: 4167243   present: 18987   in FES: 254
** Event #4922624   t=194.522080462517   Elapsed: 355.456s (5m 55s)  38% completed  (19% total)
     Speed:     ev/sec=12895.2   simsec/sec=0.493912   ev/simsec=26108.3
     Messages:  created: 4188694   present: 19192   in FES: 246
** Event #4950528   t=195.53497244863   Elapsed: 357.46s (5m 57s)  39% completed  (19% total)
     Speed:     ev/sec=13926.9   simsec/sec=0.505536   ev/simsec=27548.8
     Messages:  created: 4211624   present: 19389   in FES: 243
** Event #4979456   t=196.570650377512   Elapsed: 359.468s (5m 59s)  39% completed  (19% total)
     Speed:     ev/sec=14407.2   simsec/sec=0.515807   ev/simsec=27931.5
     Messages:  created: 4235379   present: 19528   in FES: 221
** Event #5008896   t=197.591390541352   Elapsed: 361.471s (6m 01s)  39% completed  (19% total)
     Speed:     ev/sec=14696.5   simsec/sec=0.509555   ev/simsec=28841.8
     Messages:  created: 4259813   present: 19815   in FES: 254
** Event #5036800   t=198.605889897064   Elapsed: 363.5s (6m 03s)  39% completed  (19% total)
     Speed:     ev/sec=13754.1   simsec/sec=0.500053   ev/simsec=27505.2
     Messages:  created: 4282746   present: 19946   in FES: 224
** Event #5073920   t=200.083377495005   Elapsed: 365.502s (6m 05s)  40% completed  (20% total)
     Speed:     ev/sec=18540.9   simsec/sec=0.737984   ev/simsec=25123.7
     Messages:  created: 4313255   present: 20306   in FES: 245
** Event #5104896   t=201.522080540673   Elapsed: 367.507s (6m 07s)  40% completed  (20% total)
     Speed:     ev/sec=15445.5   simsec/sec=0.71738   ev/simsec=21530.5
     Messages:  created: 4338536   present: 20571   in FES: 239
** Event #5132032   t=202.528696515287   Elapsed: 369.519s (6m 09s)  40% completed  (20% total)
     Speed:     ev/sec=13485.6   simsec/sec=0.500251   ev/simsec=26957.6
     Messages:  created: 4360821   present: 20732   in FES: 225
** Event #5161216   t=203.569859476883   Elapsed: 371.546s (6m 11s)  40% completed  (20% total)
     Speed:     ev/sec=14396.8   simsec/sec=0.513618   ev/simsec=28030.2
     Messages:  created: 4384919   present: 21024   in FES: 253
** Event #5190144   t=204.583473203575   Elapsed: 373.547s (6m 13s)  40% completed  (20% total)
     Speed:     ev/sec=14462.8   simsec/sec=0.506765   ev/simsec=28539.5
     Messages:  created: 4408691   present: 21130   in FES: 217
** Event #5219328   t=205.606835541905   Elapsed: 375.569s (6m 15s)  41% completed  (20% total)
     Speed:     ev/sec=14427.9   simsec/sec=0.505926   ev/simsec=28517.8
     Messages:  created: 4432801   present: 21342   in FES: 222
** Event #5259520   t=207.507059765743   Elapsed: 377.576s (6m 17s)  41% completed  (20% total)
     Speed:     ev/sec=20033.8   simsec/sec=0.94717   ev/simsec=21151.2
     Messages:  created: 4465663   present: 21759   in FES: 238
** Event #5287936   t=208.528320421713   Elapsed: 379.588s (6m 19s)  41% completed  (20% total)
     Speed:     ev/sec=14120.8   simsec/sec=0.507496   ev/simsec=27824.4
     Messages:  created: 4489023   present: 21984   in FES: 243
** Event #5315584   t=209.536260662728   Elapsed: 381.595s (6m 21s)  41% completed  (20% total)
     Speed:     ev/sec=13773.4   simsec/sec=0.502126   ev/simsec=27430.2
     Messages:  created: 4511727   present: 22135   in FES: 224
** Event #5344512   t=210.576677626803   Elapsed: 383.608s (6m 23s)  42% completed  (21% total)
     Speed:     ev/sec=14375.4   simsec/sec=0.517024   ev/simsec=27804.2
     Messages:  created: 4535617   present: 22407   in FES: 246
** Event #5371136   t=211.578525601865   Elapsed: 385.613s (6m 25s)  42% completed  (21% total)
     Speed:     ev/sec=13277.7   simsec/sec=0.499632   ev/simsec=26574.9
     Messages:  created: 4557471   present: 22546   in FES: 225
** Event #5399040   t=212.588669707531   Elapsed: 387.633s (6m 27s)  42% completed  (21% total)
     Speed:     ev/sec=13813.3   simsec/sec=0.500052   ev/simsec=27623.8
     Messages:  created: 4580513   present: 22744   in FES: 223
** Event #5426944   t=213.604656940369   Elapsed: 389.647s (6m 29s)  42% completed  (21% total)
     Speed:     ev/sec=13856.9   simsec/sec=0.504532   ev/simsec=27464.9
     Messages:  created: 4603558   present: 22982   in FES: 236
** Event #5464576   t=215.083382767718   Elapsed: 391.649s (6m 31s)  43% completed  (21% total)
     Speed:     ev/sec=18791.8   simsec/sec=0.738413   ev/simsec=25448.9
     Messages:  created: 4634363   present: 23194   in FES: 207
** Event #5494016   t=216.508072415317   Elapsed: 393.697s (6m 33s)  43% completed  (21% total)
     Speed:     ev/sec=14376.4   simsec/sec=0.695716   ev/simsec=20664.1
     Messages:  created: 4658495   present: 23600   in FES: 251
** Event #5521408   t=217.522080500407   Elapsed: 395.704s (6m 35s)  43% completed  (21% total)
     Speed:     ev/sec=13648.3   simsec/sec=0.505239   ev/simsec=27013.6
     Messages:  created: 4680996   present: 23777   in FES: 241
** Event #5549056   t=218.534400096693   Elapsed: 397.729s (6m 37s)  43% completed  (21% total)
     Speed:     ev/sec=13655.8   simsec/sec=0.500001   ev/simsec=27311.5
     Messages:  created: 4703704   present: 23971   in FES: 237
** Event #5577728   t=219.569722833446   Elapsed: 399.756s (6m 39s)  43% completed  (21% total)
     Speed:     ev/sec=14143   simsec/sec=0.510691   ev/simsec=27693.8
     Messages:  created: 4727369   present: 24213   in FES: 254
** Event #5604864   t=220.57667763734   Elapsed: 401.781s (6m 41s)  44% completed  (22% total)
     Speed:     ev/sec=13399.7   simsec/sec=0.497233   ev/simsec=26948.6
     Messages:  created: 4749663   present: 24397   in FES: 242
** Event #5633024   t=221.587679227696   Elapsed: 403.788s (6m 43s)  44% completed  (22% total)
     Speed:     ev/sec=14030.3   simsec/sec=0.503718   ev/simsec=27853.6
     Messages:  created: 4772921   present: 24607   in FES: 244
** Event #5660416   t=222.598470696077   Elapsed: 405.824s (6m 45s)  44% completed  (22% total)
     Speed:     ev/sec=13452.2   simsec/sec=0.496399   ev/simsec=27099.6
     Messages:  created: 4795409   present: 24704   in FES: 211
** Event #5688064   t=223.607127873175   Elapsed: 407.866s (6m 47s)  44% completed  (22% total)
     Speed:     ev/sec=13543.4   simsec/sec=0.494093   ev/simsec=27410.7
     Messages:  created: 4818252   present: 25007   in FES: 243
** Event #5728000   t=225.50691810917   Elapsed: 409.866s (6m 49s)  45% completed  (22% total)
     Speed:     ev/sec=19965.2   simsec/sec=0.949762   ev/simsec=21021.3
     Messages:  created: 4850884   present: 25390   in FES: 254
** Event #5756416   t=226.528144398479   Elapsed: 411.889s (6m 51s)  45% completed  (22% total)
     Speed:     ev/sec=14049.9   simsec/sec=0.50493   ev/simsec=27825.4
     Messages:  created: 4874117   present: 25473   in FES: 206
** Event #5784832   t=227.557923051371   Elapsed: 413.896s (6m 53s)  45% completed  (22% total)
     Speed:     ev/sec=14152.2   simsec/sec=0.512866   ev/simsec=27594.3
     Messages:  created: 4897754   present: 25997   in FES: 331
** Event #5814016   t=228.579123123675   Elapsed: 415.909s (6m 55s)  45% completed  (22% total)
     Speed:     ev/sec=14501.9   simsec/sec=0.507446   ev/simsec=28578.1
     Messages:  created: 4921621   present: 25937   in FES: 254
** Event #5842176   t=229.591332872072   Elapsed: 417.912s (6m 57s)  45% completed  (22% total)
     Speed:     ev/sec=14059.1   simsec/sec=0.505352   ev/simsec=27820.3
     Messages:  created: 4944903   present: 26198   in FES: 275
** Event #5869824   t=230.605889672159   Elapsed: 419.94s (6m 59s)  46% completed  (23% total)
     Speed:     ev/sec=13629.8   simsec/sec=0.500151   ev/simsec=27251.3
     Messages:  created: 4967748   present: 26438   in FES: 288
** Event #5908992   t=232.098895953852   Elapsed: 421.942s (7m 01s)  46% completed  (23% total)
     Speed:     ev/sec=19567.4   simsec/sec=0.74587   ev/simsec=26234.3
     Messages:  created: 4999991   present: 26769   in FES: 300
** Event #5937408   t=233.51324332812   Elapsed: 423.948s (7m 03s)  46% completed  (23% total)
     Speed:     ev/sec=14165.6   simsec/sec=0.705061   ev/simsec=20091.2
     Messages:  created: 5023035   present: 26981   in FES: 276
** Event #5966080   t=234.534841089969   Elapsed: 425.982s (7m 05s)  46% completed  (23% total)
     Speed:     ev/sec=14094.5   simsec/sec=0.502193   ev/simsec=28065.8
     Messages:  created: 5046614   present: 27188   in FES: 276
** Event #5990912   t=235.528226367635   Elapsed: 428.006s (7m 08s)  47% completed  (23% total)
     Speed:     ev/sec=12268.2   simsec/sec=0.490779   ev/simsec=24997.4
     Messages:  created: 5067069   present: 14258   in FES: 278
** Event #6016768   t=236.528139053756   Elapsed: 430.021s (7m 10s)  47% completed  (23% total)
     Speed:     ev/sec=12837   simsec/sec=0.496438   ev/simsec=25858.3
     Messages:  created: 5088303   present: 2275   in FES: 248
** Event #6043648   t=237.5303350889   Elapsed: 432.026s (7m 12s)  47% completed  (23% total)
     Speed:     ev/sec=13404.1   simsec/sec=0.499759   ev/simsec=26821.1
     Messages:  created: 5110373   present: 2425   in FES: 230
** Event #6071552   t=238.557923498182   Elapsed: 434.051s (7m 14s)  47% completed  (23% total)
     Speed:     ev/sec=13781.1   simsec/sec=0.507502   ev/simsec=27154.8
     Messages:  created: 5133426   present: 2768   in FES: 278
** Event #6100736   t=239.579320867037   Elapsed: 436.059s (7m 16s)  47% completed  (23% total)
     Speed:     ev/sec=14529.6   simsec/sec=0.508515   ev/simsec=28572.6
     Messages:  created: 5157403   present: 2864   in FES: 237
** Event #6128640   t=240.591254264267   Elapsed: 438.074s (7m 18s)  48% completed  (24% total)
     Speed:     ev/sec=13848.6   simsec/sec=0.502217   ev/simsec=27574.9
     Messages:  created: 5180443   present: 3059   in FES: 236
** Event #6155776   t=241.603226581382   Elapsed: 440.077s (7m 20s)  48% completed  (24% total)
     Speed:     ev/sec=13551.6   simsec/sec=0.505375   ev/simsec=26815
     Messages:  created: 5202851   present: 3306   in FES: 253
** Event #6185472   t=243.013224844365   Elapsed: 442.078s (7m 22s)  48% completed  (24% total)
     Speed:     ev/sec=14840.9   simsec/sec=0.704664   ev/simsec=21061
     Messages:  created: 5226947   present: 3517   in FES: 226
** Event #6223872   t=244.513243531319   Elapsed: 444.08s (7m 24s)  48% completed  (24% total)
     Speed:     ev/sec=19179   simsec/sec=0.749189   ev/simsec=25599.7
     Messages:  created: 5258513   present: 3794   in FES: 221
** Event #6252032   t=245.534263077699   Elapsed: 446.115s (7m 26s)  49% completed  (24% total)
     Speed:     ev/sec=13839   simsec/sec=0.501771   ev/simsec=27580.3
     Messages:  created: 5281765   present: 4085   in FES: 254
** Event #6280960   t=246.569859998387   Elapsed: 448.141s (7m 28s)  49% completed  (24% total)
     Speed:     ev/sec=14278.3   simsec/sec=0.511151   ev/simsec=27933.6
     Messages:  created: 5305535   present: 4237   in FES: 232
** Event #6310656   t=247.590720573238   Elapsed: 450.144s (7m 30s)  49% completed  (24% total)
     Speed:     ev/sec=14823.9   simsec/sec=0.509601   ev/simsec=29089.2
     Messages:  created: 5330069   present: 4427   in FES: 226
** Event #6340352   t=249.005917644964   Elapsed: 452.146s (7m 32s)  49% completed  (24% total)
     Speed:     ev/sec=14830.1   simsec/sec=0.706743   ev/simsec=20983.6
     Messages:  created: 5354382   present: 4746   in FES: 254
** Event #6377472   t=250.097138047242   Elapsed: 454.147s (7m 34s)  50% completed  (25% total)
     Speed:     ev/sec=18558.1   simsec/sec=0.545555   ev/simsec=34017
     Messages:  created: 5385115   present: 5007   in FES: 254
** Event #6407424   t=251.528139784662   Elapsed: 456.171s (7m 36s)  50% completed  (25% total)
     Speed:     ev/sec=14794.2   simsec/sec=0.706813   ev/simsec=20930.8
     Messages:  created: 5409417   present: 5194   in FES: 221
** Event #6436096   t=252.557992468054   Elapsed: 458.182s (7m 38s)  50% completed  (25% total)
     Speed:     ev/sec=14258.8   simsec/sec=0.512154   ev/simsec=27840.9
     Messages:  created: 5433103   present: 5485   in FES: 250
** Event #6464768   t=253.578875531527   Elapsed: 460.202s (7m 40s)  50% completed  (25% total)
     Speed:     ev/sec=14195.3   simsec/sec=0.50543   ev/simsec=28085.5
     Messages:  created: 5456648   present: 5561   in FES: 204
** Event #6491136   t=254.579570494554   Elapsed: 462.238s (7m 42s)  50% completed  (25% total)
     Speed:     ev/sec=12952.3   simsec/sec=0.491556   ev/simsec=26349.7
     Messages:  created: 5478431   present: 5912   in FES: 253
** Event #6518016   t=255.583469533115   Elapsed: 464.275s (7m 44s)  51% completed  (25% total)
     Speed:     ev/sec=13189.9   simsec/sec=0.492611   ev/simsec=26775.6
     Messages:  created: 5500495   present: 6018   in FES: 221
** Event #6546688   t=256.605747509962   Elapsed: 466.285s (7m 46s)  51% completed  (25% total)
     Speed:     ev/sec=14271   simsec/sec=0.50882   ev/simsec=28047.2
     Messages:  created: 5524274   present: 6272   in FES: 254
** Event #6582528   t=258.072679007777   Elapsed: 468.289s (7m 48s)  51% completed  (25% total)
     Speed:     ev/sec=17881.9   simsec/sec=0.731906   ev/simsec=24432
     Messages:  created: 5553621   present: 6589   in FES: 246
** Event #6613504   t=259.50706026319   Elapsed: 470.294s (7m 50s)  51% completed  (25% total)
     Speed:     ev/sec=15449.6   simsec/sec=0.715413   ev/simsec=21595.4
     Messages:  created: 5578895   present: 6801   in FES: 226
** Event #6641152   t=260.522085584855   Elapsed: 472.316s (7m 52s)  52% completed  (26% total)
     Speed:     ev/sec=13673.4   simsec/sec=0.501983   ev/simsec=27238.7
     Messages:  created: 5601608   present: 6979   in FES: 215
** Event #6669568   t=261.538535471787   Elapsed: 474.353s (7m 54s)  52% completed  (26% total)
     Speed:     ev/sec=13947.8   simsec/sec=0.498916   ev/simsec=27956.1
     Messages:  created: 5625069   present: 7275   in FES: 254
** Event #6699264   t=262.579018230395   Elapsed: 476.373s (7m 56s)  52% completed  (26% total)
     Speed:     ev/sec=14704.4   simsec/sec=0.51521   ev/simsec=28540.6
     Messages:  created: 5649489   present: 7438   in FES: 229
** Event #6727424   t=263.591254450986   Elapsed: 478.4s (7m 58s)  52% completed  (26% total)
     Speed:     ev/sec=13889.3   simsec/sec=0.499263   ev/simsec=27819.6
     Messages:  created: 5672743   present: 7646   in FES: 231
** Event #6755584   t=264.60736796461   Elapsed: 480.427s (8m 00s)  52% completed  (26% total)
     Speed:     ev/sec=13890.1   simsec/sec=0.501206   ev/simsec=27713.4
     Messages:  created: 5696006   present: 7900   in FES: 248
** Event #6796032   t=266.508073015423   Elapsed: 482.436s (8m 02s)  53% completed  (26% total)
     Speed:     ev/sec=20141.5   simsec/sec=0.946474   ev/simsec=21280.5
     Messages:  created: 5728953   present: 8191   in FES: 222
** Event #6825472   t=267.53611837278   Elapsed: 484.44s (8m 04s)  53% completed  (26% total)
     Speed:     ev/sec=14689.5   simsec/sec=0.512959   ev/simsec=28636.9
     Messages:  created: 5753257   present: 8463   in FES: 254
** Event #6855168   t=268.578525790505   Elapsed: 486.442s (8m 06s)  53% completed  (26% total)
     Speed:     ev/sec=14834.9   simsec/sec=0.520745   ev/simsec=28487.9
     Messages:  created: 5777685   present: 8645   in FES: 232
** Event #6883840   t=269.597895825311   Elapsed: 488.46s (8m 08s)  53% completed  (26% total)
     Speed:     ev/sec=14206.5   simsec/sec=0.505081   ev/simsec=28127.2
     Messages:  created: 5801369   present: 8871   in FES: 242
** Event #6920704   t=271.072589653184   Elapsed: 490.463s (8m 10s)  54% completed  (27% total)
     Speed:     ev/sec=18400.6   simsec/sec=0.736093   ev/simsec=24997.7
     Messages:  created: 5831659   present: 9175   in FES: 242
** Event #6953472   t=272.522080937227   Elapsed: 492.469s (8m 12s)  54% completed  (27% total)
     Speed:     ev/sec=16340.8   simsec/sec=0.722833   ev/simsec=22606.6
     Messages:  created: 5858434   present: 9428   in FES: 232
** Event #6983168   t=273.566480372756   Elapsed: 494.47s (8m 14s)  54% completed  (27% total)
     Speed:     ev/sec=14834.9   simsec/sec=0.52174   ev/simsec=28433.6
     Messages:  created: 5882959   present: 9699   in FES: 252
** Event #7012352   t=274.581467545028   Elapsed: 496.472s (8m 16s)  54% completed  (27% total)
     Speed:     ev/sec=14579.7   simsec/sec=0.507065   ev/simsec=28753.1
     Messages:  created: 5906949   present: 9853   in FES: 232
** Event #7041792   t=275.606835636633   Elapsed: 498.511s (8m 18s)  55% completed  (27% total)
     Speed:     ev/sec=14441.6   simsec/sec=0.502987   ev/simsec=28711.6
     Messages:  created: 5931269   present: 10038   in FES: 227
** Event #7082496   t=277.512451631171   Elapsed: 500.526s (8m 20s)  55% completed  (27% total)
     Speed:     ev/sec=20192.8   simsec/sec=0.945357   ev/simsec=21360
     Messages:  created: 5964569   present: 10473   in FES: 248
** Event #7110144   t=278.528139059558   Elapsed: 502.53s (8m 22s)  55% completed  (27% total)
     Speed:     ev/sec=13795.5   simsec/sec=0.506797   ev/simsec=27221
     Messages:  created: 5987281   present: 10660   in FES: 243
** Event #7139072   t=279.562110054921   Elapsed: 504.531s (8m 24s)  55% completed  (27% total)
     Speed:     ev/sec=14461.3   simsec/sec=0.51689   ev/simsec=27977.6
     Messages:  created: 6011161   present: 10873   in FES: 254
** Event #7166976   t=280.576677922623   Elapsed: 506.541s (8m 26s)  56% completed  (28% total)
     Speed:     ev/sec=13877.8   simsec/sec=0.504584   ev/simsec=27503.3
     Messages:  created: 6034119   present: 11052   in FES: 235
** Event #7192064   t=281.570508481645   Elapsed: 508.568s (8m 28s)  56% completed  (28% total)
     Speed:     ev/sec=12377.2   simsec/sec=0.490307   ev/simsec=25243.7
     Messages:  created: 6054826   present: 11280   in FES: 254
** Event #7218176   t=282.569859920667   Elapsed: 510.57s (8m 30s)  56% completed  (28% total)
     Speed:     ev/sec=13045.5   simsec/sec=0.499276   ev/simsec=26128.9
     Messages:  created: 6076291   present: 11451   in FES: 236
** Event #7247360   t=283.58436040298   Elapsed: 512.58s (8m 32s)  56% completed  (28% total)
     Speed:     ev/sec=14520.1   simsec/sec=0.504751   ev/simsec=28766.9
     Messages:  created: 6100437   present: 11626   in FES: 223
** Event #7276032   t=284.643595647431   Elapsed: 514.605s (8m 34s)  56% completed  (28% total)
     Speed:     ev/sec=14160.5   simsec/sec=0.523135   ev/simsec=27068.6
     Messages:  created: 6124146   present: 11755   in FES: 202
** Event #7316224   t=286.513100975036   Elapsed: 516.622s (8m 36s)  57% completed  (28% total)
     Speed:     ev/sec=19924.9   simsec/sec=0.926794   ev/simsec=21498.7
     Messages:  created: 6157379   present: 12259   in FES: 254
** Event #7345920   t=287.550919610268   Elapsed: 518.629s (8m 38s)  57% completed  (28% total)
     Speed:     ev/sec=14794.1   simsec/sec=0.517027   ev/simsec=28613.9
     Messages:  created: 6182053   present: 12429   in FES: 232
** Event #7376384   t=288.589323983926   Elapsed: 520.632s (8m 40s)  57% completed  (28% total)
     Speed:     ev/sec=15212   simsec/sec=0.518521   ev/simsec=29337.3
     Messages:  created: 6207543   present: 12683   in FES: 254
** Event #7419136   t=290.522509857152   Elapsed: 522.657s (8m 42s)  58% completed  (29% total)
     Speed:     ev/sec=21106.4   simsec/sec=0.954403   ev/simsec=22114.8
     Messages:  created: 6243992   present: 13023   in FES: 227
** Event #7454976   t=292.016248314662   Elapsed: 524.659s (8m 44s)  58% completed  (29% total)
     Speed:     ev/sec=17906.2   simsec/sec=0.746294   ev/simsec=23993.5
     Messages:  created: 6275510   present: 13450   in FES: 270
** Event #7491584   t=293.509272095223   Elapsed: 526.68s (8m 46s)  58% completed  (29% total)
     Speed:     ev/sec=18115.8   simsec/sec=0.738838   ev/simsec=24519.4
     Messages:  created: 6305723   present: 13612   in FES: 229
** Event #7521024   t=294.513962792059   Elapsed: 528.701s (8m 48s)  58% completed  (29% total)
     Speed:     ev/sec=14568   simsec/sec=0.497157   ev/simsec=29302.6
     Messages:  created: 6330702   present: 13897   in FES: 248
** Event #7544320   t=295.089632671374   Elapsed: 530.711s (8m 50s)  59% completed  (29% total)
     Speed:     ev/sec=11587.7   simsec/sec=0.286346   ev/simsec=40467.6
     Messages:  created: 6348713   present: 13945   in FES: 232
** Event #7557120   t=295.519456246457   Elapsed: 532.734s (8m 52s)  59% completed  (29% total)
     Speed:     ev/sec=6328.43   simsec/sec=0.212509   ev/simsec=29779.7
     Messages:  created: 6358189   present: 13995   in FES: 208
** Event #7577344   t=296.084165858421   Elapsed: 534.75s (8m 54s)  59% completed  (29% total)
     Speed:     ev/sec=10031.3   simsec/sec=0.280101   ev/simsec=35813.1
     Messages:  created: 6372709   present: 14198   in FES: 249
** Event #7588608   t=296.519561123592   Elapsed: 536.753s (8m 56s)  59% completed  (29% total)
     Speed:     ev/sec=5622.13   simsec/sec=0.217316   ev/simsec=25870.7
     Messages:  created: 6380918   present: 14216   in FES: 222
** Event #7606272   t=297.065656429769   Elapsed: 538.757s (8m 58s)  59% completed  (29% total)
     Speed:     ev/sec=8817.27   simsec/sec=0.272592   ev/simsec=32346
     Messages:  created: 6394249   present: 14363   in FES: 240
** Event #7620864   t=297.522780602918   Elapsed: 540.786s (9m 00s)  59% completed  (29% total)
     Speed:     ev/sec=7188.39   simsec/sec=0.225191   ev/simsec=31921.3
     Messages:  created: 6404618   present: 14456   in FES: 236
** Event #7628544   t=297.59504472519   Elapsed: 542.826s (9m 02s)  59% completed  (29% total)
     Speed:     ev/sec=3764.79   simsec/sec=0.0354244   ev/simsec=106277
     Messages:  created: 6410933   present: 14376   in FES: 211
** Event #7653376   t=298.522780721637   Elapsed: 544.883s (9m 04s)  59% completed  (29% total)
     Speed:     ev/sec=12076.8   simsec/sec=0.451197   ev/simsec=26766.2
     Messages:  created: 6428406   present: 14620   in FES: 226
** Event #7661056   t=298.587438930482   Elapsed: 546.897s (9m 06s)  59% completed  (29% total)
     Speed:     ev/sec=3813.36   simsec/sec=0.0321048   ev/simsec=118778
     Messages:  created: 6434644   present: 14791   in FES: 305
** Event #7686656   t=299.521780576436   Elapsed: 548.934s (9m 08s)  59% completed  (29% total)
     Speed:     ev/sec=12563.7   simsec/sec=0.458546   ev/simsec=27399
     Messages:  created: 6452922   present: 14848   in FES: 236
** Event #7694336   t=299.584363565455   Elapsed: 550.986s (9m 10s)  59% completed  (29% total)
     Speed:     ev/sec=3743.81   simsec/sec=0.0305076   ev/simsec=122717
     Messages:  created: 6459055   present: 14838   in FES: 229
** Event #7720448   t=300.522780687374   Elapsed: 553.027s (9m 13s)  60% completed  (30% total)
     Speed:     ev/sec=12792   simsec/sec=0.459722   ev/simsec=27825.6
     Messages:  created: 6478036   present: 15039   in FES: 233
** Event #7728896   t=300.595043321164   Elapsed: 555.043s (9m 15s)  60% completed  (30% total)
     Speed:     ev/sec=4190.75   simsec/sec=0.0358469   ev/simsec=116907
     Messages:  created: 6485193   present: 15096   in FES: 249
** Event #7754240   t=301.524434874918   Elapsed: 557.07s (9m 17s)  60% completed  (30% total)
     Speed:     ev/sec=12499.5   simsec/sec=0.458371   ev/simsec=27269.5
     Messages:  created: 6503603   present: 15257   in FES: 237
** Event #7762688   t=301.59004342865   Elapsed: 559.099s (9m 19s)  60% completed  (30% total)
     Speed:     ev/sec=4164.97   simsec/sec=0.0323458   ev/simsec=128764
     Messages:  created: 6510011   present: 15275   in FES: 240
** Event #7789824   t=302.528016989767   Elapsed: 561.147s (9m 21s)  60% completed  (30% total)
     Speed:     ev/sec=13246.1   simsec/sec=0.45786   ev/simsec=28930.5
     Messages:  created: 6529875   present: 15377   in FES: 208
** Event #7804672   t=303.031752605379   Elapsed: 563.148s (9m 23s)  60% completed  (30% total)
     Speed:     ev/sec=7422.07   simsec/sec=0.251802   ev/simsec=29475.8
     Messages:  created: 6541222   present: 15590   in FES: 252
** Event #7825152   t=303.534587816265   Elapsed: 565.203s (9m 25s)  60% completed  (30% total)
     Speed:     ev/sec=9963.79   simsec/sec=0.244636   ev/simsec=40729
     Messages:  created: 6556455   present: 15711   in FES: 254
** Event #7847936   t=304.089632888823   Elapsed: 567.206s (9m 27s)  60% completed  (30% total)
     Speed:     ev/sec=11374.1   simsec/sec=0.277086   ev/simsec=41048.9
     Messages:  created: 6572801   present: 15713   in FES: 222
** Event #7859712   t=304.575505396408   Elapsed: 569.224s (9m 29s)  60% completed  (30% total)
     Speed:     ev/sec=5837.55   simsec/sec=0.240855   ev/simsec=24236.8
     Messages:  created: 6581740   present: 15874   in FES: 246
** Event #7884544   t=305.508159587809   Elapsed: 571.239s (9m 31s)  61% completed  (30% total)
     Speed:     ev/sec=12319.3   simsec/sec=0.462694   ev/simsec=26625.1
     Messages:  created: 6599869   present: 16036   in FES: 237
** Event #7892736   t=305.531734668365   Elapsed: 573.306s (9m 33s)  61% completed  (30% total)
     Speed:     ev/sec=3964.83   simsec/sec=0.0114101   ev/simsec=347486
     Messages:  created: 6606160   present: 16070   in FES: 236
** Event #7901184   t=306.005973132478   Elapsed: 575.307s (9m 35s)  61% completed  (30% total)
     Speed:     ev/sec=4221.19   simsec/sec=0.236962   ev/simsec=17813.8
     Messages:  created: 6612341   present: 16072   in FES: 215
** Event #7925248   t=306.530574543812   Elapsed: 577.335s (9m 37s)  61% completed  (30% total)
     Speed:     ev/sec=11862.6   simsec/sec=0.258607   ev/simsec=45871
     Messages:  created: 6630322   present: 16249   in FES: 232
** Event #7947008   t=307.084167291348   Elapsed: 579.34s (9m 39s)  61% completed  (30% total)
     Speed:     ev/sec=10857.3   simsec/sec=0.27622   ev/simsec=39306.9
     Messages:  created: 6646185   present: 16329   in FES: 226
** Event #7958784   t=307.531168132116   Elapsed: 581.345s (9m 41s)  61% completed  (30% total)
     Speed:     ev/sec=5873.4   simsec/sec=0.222946   ev/simsec=26344.5
     Messages:  created: 6655319   present: 16490   in FES: 243
** Event #7982592   t=308.517887605028   Elapsed: 583.391s (9m 43s)  61% completed  (30% total)
     Speed:     ev/sec=11634.2   simsec/sec=0.482178   ev/simsec=24128.4
     Messages:  created: 6673137   present: 16678   in FES: 249
** Event #7992064   t=308.584363123997   Elapsed: 585.395s (9m 45s)  61% completed  (30% total)
     Speed:     ev/sec=4726.16   simsec/sec=0.0331687   ev/simsec=142489
     Messages:  created: 6680799   present: 16619   in FES: 222
** Event #8014592   t=309.527779772404   Elapsed: 587.417s (9m 47s)  61% completed  (30% total)
     Speed:     ev/sec=11141   simsec/sec=0.466558   ev/simsec=23879.2
     Messages:  created: 6698310   present: 16899   in FES: 250
** Event #8022528   t=309.598819649859   Elapsed: 589.426s (9m 49s)  61% completed  (30% total)
     Speed:     ev/sec=3951.47   simsec/sec=0.035372   ev/simsec=111712
     Messages:  created: 6704709   present: 16863   in FES: 238
** Event #8044800   t=310.551281244566   Elapsed: 591.47s (9m 51s)  62% completed  (31% total)
     Speed:     ev/sec=10893.4   simsec/sec=0.465856   ev/simsec=23383.6
     Messages:  created: 6722321   present: 17035   in FES: 234
** Event #8067072   t=311.519824077072   Elapsed: 593.472s (9m 53s)  62% completed  (31% total)
     Speed:     ev/sec=11127.6   simsec/sec=0.483905   ev/simsec=22995.4
     Messages:  created: 6740237   present: 17245   in FES: 238
** Event #8080128   t=312.007363724898   Elapsed: 595.474s (9m 55s)  62% completed  (31% total)
     Speed:     ev/sec=6518.6   simsec/sec=0.243419   ev/simsec=26779.4
     Messages:  created: 6750797   present: 17364   in FES: 245
** Event #8102912   t=312.594516440992   Elapsed: 597.499s (9m 57s)  62% completed  (31% total)
     Speed:     ev/sec=11256.6   simsec/sec=0.290087   ev/simsec=38804.2
     Messages:  created: 6769663   present: 17486   in FES: 245
** Event #8129280   t=313.607988932143   Elapsed: 599.521s (9m 59s)  62% completed  (31% total)
     Speed:     ev/sec=13036.2   simsec/sec=0.501055   ev/simsec=26017.5
     Messages:  created: 6791407   present: 17667   in FES: 254
** Event #8156672   t=314.772351456007   Elapsed: 601.527s (10m 01s)  62% completed  (31% total)
     Speed:     ev/sec=13655.2   simsec/sec=0.580445   ev/simsec=23525.3
     Messages:  created: 6813882   present: 17783   in FES: 202
** Event #8189440   t=316.065249118665   Elapsed: 603.528s (10m 03s)  63% completed  (31% total)
     Speed:     ev/sec=16380.2   simsec/sec=0.646299   ev/simsec=25344.6
     Messages:  created: 6841049   present: 18125   in FES: 228
** Event #8224000   t=317.527766307033   Elapsed: 605.549s (10m 05s)  63% completed  (31% total)
     Speed:     ev/sec=17093.5   simsec/sec=0.723366   ev/simsec=23630.5
     Messages:  created: 6869809   present: 18470   in FES: 247
** Event #8253952   t=318.576855636716   Elapsed: 607.578s (10m 07s)  63% completed  (31% total)
     Speed:     ev/sec=14762.5   simsec/sec=0.517068   ev/simsec=28550.5
     Messages:  created: 6894745   present: 18666   in FES: 241
** Event #8283904   t=319.608126935126   Elapsed: 609.586s (10m 09s)  63% completed  (31% total)
     Speed:     ev/sec=14915.7   simsec/sec=0.51356   ev/simsec=29043.8
     Messages:  created: 6919932   present: 18883   in FES: 245
** Event #8324608   t=321.515798837078   Elapsed: 611.595s (10m 11s)  64% completed  (32% total)
     Speed:     ev/sec=20264.8   simsec/sec=0.949748   ev/simsec=21337
     Messages:  created: 6953673   present: 19191   in FES: 218
** Event #8355328   t=322.569037579791   Elapsed: 613.626s (10m 13s)  64% completed  (32% total)
     Speed:     ev/sec=15127   simsec/sec=0.518632   ev/simsec=29167.2
     Messages:  created: 6979381   present: 19410   in FES: 221
** Event #8387072   t=324.004701029128   Elapsed: 615.633s (10m 15s)  64% completed  (32% total)
     Speed:     ev/sec=15818.8   simsec/sec=0.715427   ev/simsec=22111
     Messages:  created: 7005739   present: 19719   in FES: 232
** Event #8426496   t=325.515554247759   Elapsed: 617.638s (10m 17s)  65% completed  (32% total)
     Speed:     ev/sec=19660.7   simsec/sec=0.753461   ev/simsec=26093.9
     Messages:  created: 7038676   present: 20062   in FES: 254
** Event #8455936   t=326.561110373407   Elapsed: 619.654s (10m 19s)  65% completed  (32% total)
     Speed:     ev/sec=14604.9   simsec/sec=0.51869   ev/simsec=28157.3
     Messages:  created: 7063343   present: 20301   in FES: 254
** Event #8482560   t=327.569037881242   Elapsed: 621.663s (10m 21s)  65% completed  (32% total)
     Speed:     ev/sec=13247.1   simsec/sec=0.501508   ev/simsec=26414.6
     Messages:  created: 7085585   present: 20437   in FES: 230
** Event #8519936   t=329.07431907609   Elapsed: 623.668s (10m 23s)  65% completed  (32% total)
     Speed:     ev/sec=18644.4   simsec/sec=0.750886   ev/simsec=24829.9
     Messages:  created: 7117919   present: 20765   in FES: 238
** Event #8553216   t=330.583566948386   Elapsed: 625.675s (10m 25s)  66% completed  (33% total)
     Speed:     ev/sec=16586.4   simsec/sec=0.752192   ev/simsec=22050.7
     Messages:  created: 7148326   present: 21074   in FES: 254
** Event #8591872   t=332.51274038006   Elapsed: 627.688s (10m 27s)  66% completed  (33% total)
     Speed:     ev/sec=19197.4   simsec/sec=0.958068   ev/simsec=20037.6
     Messages:  created: 7182234   present: 21498   in FES: 254
** Event #8621056   t=333.522294576584   Elapsed: 629.71s (10m 29s)  66% completed  (33% total)
     Speed:     ev/sec=14432.7   simsec/sec=0.499266   ev/simsec=28907.8
     Messages:  created: 7207417   present: 21682   in FES: 241
** Event #8655104   t=335.019733699771   Elapsed: 631.714s (10m 31s)  67% completed  (33% total)
     Speed:     ev/sec=16988.3   simsec/sec=0.747148   ev/simsec=22737.5
     Messages:  created: 7236216   present: 21992   in FES: 254
** Event #8694272   t=336.519700504555   Elapsed: 633.737s (10m 33s)  67% completed  (33% total)
     Speed:     ev/sec=19369.2   simsec/sec=0.741758   ev/simsec=26112.6
     Messages:  created: 7269720   present: 22257   in FES: 233
** Event #8739840   t=338.510888723603   Elapsed: 635.742s (10m 35s)  67% completed  (33% total)
     Speed:     ev/sec=22724.7   simsec/sec=0.993003   ev/simsec=22884.8
     Messages:  created: 7308860   present: 22662   in FES: 242
** Event #8773120   t=339.595577853796   Elapsed: 637.742s (10m 37s)  67% completed  (33% total)
     Speed:     ev/sec=16639.9   simsec/sec=0.542341   ev/simsec=30681.6
     Messages:  created: 7337970   present: 22862   in FES: 254
** Event #8815360   t=341.522516584547   Elapsed: 639.747s (10m 39s)  68% completed  (34% total)
     Speed:     ev/sec=21061.5   simsec/sec=0.960799   ev/simsec=21920.8
     Messages:  created: 7374301   present: 23271   in FES: 254
** Event #8863232   t=343.521981135571   Elapsed: 641.771s (10m 41s)  68% completed  (34% total)
     Speed:     ev/sec=23659.8   simsec/sec=0.988196   ev/simsec=23942.4
     Messages:  created: 7415906   present: 23707   in FES: 251
** Event #8909056   t=345.506069212544   Elapsed: 643.775s (10m 43s)  69% completed  (34% total)
     Speed:     ev/sec=22860.6   simsec/sec=0.989819   ev/simsec=23095.7
     Messages:  created: 7454727   present: 23984   in FES: 221
** Event #8941568   t=346.590522004783   Elapsed: 645.776s (10m 45s)  69% completed  (34% total)
     Speed:     ev/sec=16251.7   simsec/sec=0.542081   ev/simsec=29980.1
     Messages:  created: 7482539   present: 24226   in FES: 225
** Event #8984320   t=348.523202054975   Elapsed: 647.799s (10m 47s)  69% completed  (34% total)
     Speed:     ev/sec=21130.8   simsec/sec=0.955257   ev/simsec=22120.6
     Messages:  created: 7519453   present: 24632   in FES: 232
** Event #9031936   t=350.52938985143   Elapsed: 649.802s (10m 49s)  70% completed  (35% total)
     Speed:     ev/sec=23766   simsec/sec=1.00133   ev/simsec=23734.6
     Messages:  created: 7562539   present: 25048   in FES: 231
** Event #9086976   t=353.015682267234   Elapsed: 651.806s (10m 51s)  70% completed  (35% total)
     Speed:     ev/sec=27470.8   simsec/sec=1.24092   ev/simsec=22137.4
     Messages:  created: 7612240   present: 25588   in FES: 251
** Event #9147648   t=355.53139026685   Elapsed: 653.833s (10m 53s)  71% completed  (35% total)
     Speed:     ev/sec=29927.1   simsec/sec=1.2409   ev/simsec=24117.3
     Messages:  created: 7666143   present: 26075   in FES: 273
** Event #9213184   t=358.099747064519   Elapsed: 655.837s (10m 55s)  71% completed  (35% total)
     Speed:     ev/sec=32717   simsec/sec=1.28218   ev/simsec=25516.7
     Messages:  created: 7725142   present: 26797   in FES: 349
** Event #9261568   t=360.08337836997   Elapsed: 657.842s (10m 57s)  72% completed  (36% total)
     Speed:     ev/sec=24120.7   simsec/sec=0.988891   ev/simsec=24391.6
     Messages:  created: 7768525   present: 27001   in FES: 284
** Event #9296896   t=361.577014938998   Elapsed: 659.867s (10m 59s)  72% completed  (36% total)
     Speed:     ev/sec=17449.2   simsec/sec=0.737735   ev/simsec=23652.3
     Messages:  created: 7799520   present: 25221   in FES: 267
** Event #9326848   t=362.602652905849   Elapsed: 661.89s (11m 01s)  72% completed  (36% total)
     Speed:     ev/sec=14807.1   simsec/sec=0.507034   ev/simsec=29203.3
     Messages:  created: 7824940   present: 10736   in FES: 257
** Event #9365504   t=364.087638998297   Elapsed: 663.892s (11m 03s)  72% completed  (36% total)
     Speed:     ev/sec=19307.7   simsec/sec=0.741715   ev/simsec=26031.2
     Messages:  created: 7856938   present: 2403   in FES: 248
** Event #9394944   t=365.514649290793   Elapsed: 665.918s (11m 05s)  73% completed  (36% total)
     Speed:     ev/sec=14534.4   simsec/sec=0.70451   ev/simsec=20630.5
     Messages:  created: 7881567   present: 2672   in FES: 254
** Event #9448704   t=366.087585064486   Elapsed: 667.922s (11m 07s)  73% completed  (36% total)
     Speed:     ev/sec=26813.8   simsec/sec=0.285762   ev/simsec=93832.5
     Messages:  created: 7943869   present: 2726   in FES: 254
** Event #9493760   t=366.673568609137   Elapsed: 669.926s (11m 09s)  73% completed  (36% total)
     Speed:     ev/sec=22487.6   simsec/sec=0.292467   ev/simsec=76889.5
     Messages:  created: 7998751   present: 2834   in FES: 255
** Event #9576448   t=367.563468391686   Elapsed: 671.929s (11m 11s)  73% completed  (36% total)
     Speed:     ev/sec=41276   simsec/sec=0.444218   ev/simsec=92918.3
     Messages:  created: 8103447   present: 2886   in FES: 251
** Event #9648640   t=368.521648702924   Elapsed: 673.944s (11m 13s)  73% completed  (36% total)
     Speed:     ev/sec=35831.7   simsec/sec=0.475582   ev/simsec=75342.8
     Messages:  created: 8192807   present: 2958   in FES: 255
** Event #9700096   t=369.269888919456   Elapsed: 675.949s (11m 15s)  73% completed  (36% total)
     Speed:     ev/sec=25665.2   simsec/sec=0.373207   ev/simsec=68769.4
     Messages:  created: 8254618   present: 3064   in FES: 254
** Event #9763584   t=370.551201169512   Elapsed: 677.95s (11m 17s)  74% completed  (37% total)
     Speed:     ev/sec=31720.9   simsec/sec=0.64019   ev/simsec=49549.2
     Messages:  created: 8331033   present: 3189   in FES: 246
** Event #9842688   t=372.516932412192   Elapsed: 679.962s (11m 19s)  74% completed  (37% total)
     Speed:     ev/sec=39319.7   simsec/sec=0.977093   ev/simsec=40241.5
     Messages:  created: 8423717   present: 3450   in FES: 254
** Event #9924864   t=374.557814557028   Elapsed: 681.966s (11m 21s)  74% completed  (37% total)
     Speed:     ev/sec=41004.6   simsec/sec=1.01837   ev/simsec=40264.9
     Messages:  created: 8518391   present: 3864   in FES: 296
** Event #10009856   t=376.564986739327   Elapsed: 683.968s (11m 23s)  75% completed  (37% total)
     Speed:     ev/sec=42455.2   simsec/sec=1.00262   ev/simsec=42344.2
     Messages:  created: 8617757   present: 3993   in FES: 246
** Event #10100992   t=378.326071769167   Elapsed: 685.971s (11m 25s)  75% completed  (37% total)
     Speed:     ev/sec=45496.6   simsec/sec=0.879163   ev/simsec=51749.9
     Messages:  created: 8727888   present: 4225   in FES: 256
** Event #10212096   t=378.543711690117   Elapsed: 687.973s (11m 27s)  75% completed  (37% total)
     Speed:     ev/sec=55509.4   simsec/sec=0.108737   ev/simsec=510495
     Messages:  created: 8883168   present: 4308   in FES: 254
** Event #10299904   t=380.022996943351   Elapsed: 689.975s (11m 29s)  76% completed  (38% total)
     Speed:     ev/sec=43855   simsec/sec=0.738817   ev/simsec=59358.4
     Messages:  created: 8992218   present: 4326   in FES: 205
** Event #10368256   t=382.514740023228   Elapsed: 691.979s (11m 31s)  76% completed  (38% total)
     Speed:     ev/sec=34103.9   simsec/sec=1.24324   ev/simsec=27431.4
     Messages:  created: 9065262   present: 4909   in FES: 246
** Event #10435840   t=385.592675937187   Elapsed: 693.983s (11m 33s)  77% completed  (38% total)
     Speed:     ev/sec=33724   simsec/sec=1.53587   ev/simsec=21957.6
     Messages:  created: 9129380   present: 5697   in FES: 303
** Event #10502400   t=389.032064778286   Elapsed: 695.987s (11m 35s)  77% completed  (38% total)
     Speed:     ev/sec=33219.9   simsec/sec=1.71659   ev/simsec=19352.3
     Messages:  created: 9191960   present: 6215   in FES: 254
** Event #10573056   t=392.530002576163   Elapsed: 697.989s (11m 37s)  78% completed  (39% total)
     Speed:     ev/sec=35296.2   simsec/sec=1.7474   ev/simsec=20199.3
     Messages:  created: 9258535   present: 6936   in FES: 254
** Event #10640128   t=395.61194207508   Elapsed: 699.994s (11m 39s)  79% completed  (39% total)
     Speed:     ev/sec=33444.4   simsec/sec=1.53676   ev/simsec=21762.9
     Messages:  created: 9321856   present: 7474   in FES: 229
** Event #10716160   t=399.5650381576   Elapsed: 701.995s (11m 41s)  79% completed  (39% total)
     Speed:     ev/sec=38003.4   simsec/sec=1.97589   ev/simsec=19233.5
     Messages:  created: 9393351   present: 8189   in FES: 204
** Event #10785792   t=403.031700721909   Elapsed: 703.996s (11m 43s)  80% completed  (40% total)
     Speed:     ev/sec=34798.8   simsec/sec=1.73248   ev/simsec=20086.2
     Messages:  created: 9459063   present: 9016   in FES: 254
** Event #10857984   t=406.565040139545   Elapsed: 705.999s (11m 45s)  81% completed  (40% total)
     Speed:     ev/sec=36043   simsec/sec=1.76408   ev/simsec=20431.7
     Messages:  created: 9527129   present: 9722   in FES: 254
** Event #10929920   t=410.065656392183   Elapsed: 708s (11m 48s)  82% completed  (41% total)
     Speed:     ev/sec=35946.9   simsec/sec=1.74928   ev/simsec=20549.5
     Messages:  created: 9594884   present: 10425   in FES: 248
** Event #10991616   t=413.065198614886   Elapsed: 710.003s (11m 50s)  82% completed  (41% total)
     Speed:     ev/sec=30810.3   simsec/sec=1.49794   ev/simsec=20568.5
     Messages:  created: 9652325   present: 11038   in FES: 255
** Event #11048704   t=416.005173376704   Elapsed: 712.003s (11m 52s)  83% completed  (41% total)
     Speed:     ev/sec=28535.2   simsec/sec=1.46953   ev/simsec=19417.9
     Messages:  created: 9705461   present: 11598   in FES: 254
** Event #11115008   t=419.069929531527   Elapsed: 714.006s (11m 54s)  83% completed  (41% total)
     Speed:     ev/sec=33110.5   simsec/sec=1.53046   ev/simsec=21634.3
     Messages:  created: 9768071   present: 12245   in FES: 253
** Event #11188736   t=422.601806790221   Elapsed: 716.007s (11m 56s)  84% completed  (42% total)
     Speed:     ev/sec=36844.8   simsec/sec=1.76502   ev/simsec=20875
     Messages:  created: 9837634   present: 12935   in FES: 250
** Event #11264256   t=426.530095055018   Elapsed: 718.007s (11m 58s)  85% completed  (42% total)
     Speed:     ev/sec=37749.3   simsec/sec=1.96359   ev/simsec=19224.7
     Messages:  created: 9908728   present: 13707   in FES: 242
** Event #11339776   t=430.084165922421   Elapsed: 720.01s (12m 00s)  86% completed  (43% total)
     Speed:     ev/sec=37701.5   simsec/sec=1.77428   ev/simsec=21248.9
     Messages:  created: 9980122   present: 14439   in FES: 250
** Event #11404544   t=433.521039873559   Elapsed: 722.013s (12m 02s)  86% completed  (43% total)
     Speed:     ev/sec=32334   simsec/sec=1.71578   ev/simsec=18845
     Messages:  created: 10040878   present: 15023   in FES: 216
** Event #11468288   t=436.532324507513   Elapsed: 724.024s (12m 04s)  87% completed  (43% total)
     Speed:     ev/sec=31707.9   simsec/sec=1.49789   ev/simsec=21168.4
     Messages:  created: 10100273   present: 15655   in FES: 227
** Event #11506176   t=438.067424089115   Elapsed: 726.028s (12m 06s)  87% completed  (43% total)
     Speed:     ev/sec=18905.7   simsec/sec=0.765997   ev/simsec=24681.1
     Messages:  created: 10133257   present: 16028   in FES: 248
** Event #11543296   t=439.554300742963   Elapsed: 728.049s (12m 08s)  87% completed  (43% total)
     Speed:     ev/sec=18365.9   simsec/sec=0.735662   ev/simsec=24965.1
     Messages:  created: 10164893   present: 16311   in FES: 245
** Event #11587584   t=441.520407770555   Elapsed: 730.052s (12m 10s)  88% completed  (44% total)
     Speed:     ev/sec=22115.3   simsec/sec=0.981779   ev/simsec=22525.7
     Messages:  created: 10202939   present: 16708   in FES: 245
** Event #11621120   t=443.005285187037   Elapsed: 732.055s (12m 12s)  88% completed  (44% total)
     Speed:     ev/sec=16736.1   simsec/sec=0.741025   ev/simsec=22585
     Messages:  created: 10232570   present: 16977   in FES: 238
** Event #11667200   t=444.606616091109   Elapsed: 734.057s (12m 14s)  88% completed  (44% total)
     Speed:     ev/sec=23025.7   simsec/sec=0.800168   ev/simsec=28776.1
     Messages:  created: 10273075   present: 17214   in FES: 206
** Event #11714304   t=446.6030456849   Elapsed: 736.058s (12m 16s)  89% completed  (44% total)
     Speed:     ev/sec=23536.5   simsec/sec=0.997559   ev/simsec=23594.1
     Messages:  created: 10314140   present: 17856   in FES: 305
** Event #11766784   t=449.022997077269   Elapsed: 738.064s (12m 18s)  89% completed  (44% total)
     Speed:     ev/sec=26165   simsec/sec=1.20652   ev/simsec=21686.4
     Messages:  created: 10360152   present: 18203   in FES: 254
** Event #11823360   t=451.099747295658   Elapsed: 740.067s (12m 20s)  90% completed  (45% total)
     Speed:     ev/sec=28240.9   simsec/sec=1.03665   ev/simsec=27242.6
     Messages:  created: 10409471   present: 18759   in FES: 291
** Event #11866368   t=453.072535695027   Elapsed: 742.068s (12m 22s)  90% completed  (45% total)
     Speed:     ev/sec=21492.9   simsec/sec=0.985884   ev/simsec=21800.6
     Messages:  created: 10447261   present: 19010   in FES: 255
** Event #11905280   t=454.608183980514   Elapsed: 744.071s (12m 24s)  90% completed  (45% total)
     Speed:     ev/sec=19429.2   simsec/sec=0.766765   ev/simsec=25339.1
     Messages:  created: 10481341   present: 19289   in FES: 233
** Event #11957760   t=457.312393568689   Elapsed: 746.072s (12m 26s)  91% completed  (45% total)
     Speed:     ev/sec=26220.4   simsec/sec=1.35109   ev/simsec=19406.8
     Messages:  created: 10529941   present: 19731   in FES: 202
** Event #12019968   t=460.518320242391   Elapsed: 748.074s (12m 28s)  92% completed  (46% total)
     Speed:     ev/sec=31072.3   simsec/sec=1.60133   ev/simsec=19404.1
     Messages:  created: 10588548   present: 20518   in FES: 249
** Event #12086016   t=463.581466515519   Elapsed: 750.077s (12m 30s)  92% completed  (46% total)
     Speed:     ev/sec=32985.2   simsec/sec=1.52977   ev/simsec=21562.1
     Messages:  created: 10650919   present: 21049   in FES: 220
** Event #12163328   t=467.529652195694   Elapsed: 752.081s (12m 32s)  93% completed  (46% total)
     Speed:     ev/sec=38575.4   simsec/sec=1.96998   ev/simsec=19581.7
     Messages:  created: 10723714   present: 21891   in FES: 238
** Event #12238080   t=471.074317766585   Elapsed: 754.083s (12m 34s)  94% completed  (47% total)
     Speed:     ev/sec=37332.9   simsec/sec=1.77029   ev/simsec=21088.6
     Messages:  created: 10794356   present: 22626   in FES: 245
** Event #12304128   t=474.520407693405   Elapsed: 756.085s (12m 36s)  94% completed  (47% total)
     Speed:     ev/sec=32990.8   simsec/sec=1.72131   ev/simsec=19166.1
     Messages:  created: 10856414   present: 23296   in FES: 239
** Event #12375808   t=478.024935107406   Elapsed: 758.087s (12m 38s)  95% completed  (47% total)
     Speed:     ev/sec=35800.3   simsec/sec=1.75032   ev/simsec=20453.5
     Messages:  created: 10924055   present: 24009   in FES: 245
** Event #12445184   t=481.51703365884   Elapsed: 760.097s (12m 40s)  96% completed  (48% total)
     Speed:     ev/sec=34529.1   simsec/sec=1.73805   ev/simsec=19866.6
     Messages:  created: 10989343   present: 24630   in FES: 239
** Event #12510720   t=484.576993362385   Elapsed: 762.108s (12m 42s)  96% completed  (48% total)
     Speed:     ev/sec=32584   simsec/sec=1.52139   ev/simsec=21417.3
     Messages:  created: 11051369   present: 25393   in FES: 303
** Event #12574464   t=487.603806899169   Elapsed: 764.108s (12m 44s)  97% completed  (48% total)
     Speed:     ev/sec=31863.3   simsec/sec=1.51299   ev/simsec=21059.8
     Messages:  created: 11111541   present: 25467   in FES: 296
** Event #12644608   t=491.086803712348   Elapsed: 766.109s (12m 46s)  98% completed  (49% total)
     Speed:     ev/sec=35054.3   simsec/sec=1.74062   ev/simsec=20139
     Messages:  created: 11177662   present: 2398   in FES: 254
** Event #12716288   t=494.603806897925   Elapsed: 768.112s (12m 48s)  98% completed  (49% total)
     Speed:     ev/sec=35789.5   simsec/sec=1.75602   ev/simsec=20381
     Messages:  created: 11245197   present: 3114   in FES: 249
** Event #12793600   t=498.570723677275   Elapsed: 770.118s (12m 50s)  99% completed  (49% total)
     Speed:     ev/sec=38547.8   simsec/sec=1.97791   ev/simsec=19489.2
     Messages:  created: 11317979   present: 3913   in FES: 254
** Event #12818869   t=500   Elapsed: 770.823s (12m 50s)  100% completed  (50% total)
     Speed:     ev/sec=35817.7   simsec/sec=2.01565   ev/simsec=17769.8
     Messages:  created: 11341510   present: 4051   in FES: 202

<!> Simulation time limit reached -- at t=500s, event #12818869
undisposed object: (omnetpp::cMessage) FanetSarNetwork.groundStation.app.debugTimer -- check module destructor
undisposed object: (omnetpp::cMessage) FanetSarNetwork.uav[0].app.debugTimer -- check module destructor
undisposed object: (omnetpp::cMessage) FanetSarNetwork.uav[1].app.debugTimer -- check module destructor
undisposed object: (omnetpp::cMessage) FanetSarNetwork.uav[2].app.debugTimer -- check module destructor
undisposed object: (omnetpp::cMessage) FanetSarNetwork.uav[3].app.debugTimer -- check module destructor
undisposed object: (omnetpp::cMessage) FanetSarNetwork.uav[4].app.debugTimer -- check module destructor
undisposed object: (omnetpp::cMessage) FanetSarNetwork.uav[5].app.debugTimer -- check module destructor
undisposed object: (omnetpp::cMessage) FanetSarNetwork.uav[6].app.debugTimer -- check module destructor
undisposed object: (omnetpp::cMessage) FanetSarNetwork.uav[7].app.debugTimer -- check module destructor
undisposed object: (omnetpp::cMessage) FanetSarNetwork.uav[8].app.debugTimer -- check module destructor
undisposed object: (omnetpp::cMessage) FanetSarNetwork.uav[9].app.debugTimer -- check module destructor
undisposed object: (omnetpp::cMessage) FanetSarNetwork.uav[10].app.debugTimer -- check module destructor
undisposed object: (omnetpp::cMessage) FanetSarNetwork.uav[11].app.debugTimer -- check module destructor
undisposed object: (omnetpp::cMessage) FanetSarNetwork.uav[12].app.debugTimer -- check module destructor
undisposed object: (omnetpp::cMessage) FanetSarNetwork.uav[13].app.debugTimer -- check module destructor
undisposed object: (omnetpp::cMessage) FanetSarNetwork.uav[14].app.debugTimer -- check module destructor
undisposed object: (omnetpp::cMessage) FanetSarNetwork.uav[15].app.debugTimer -- check module destructor
undisposed object: (omnetpp::cMessage) FanetSarNetwork.uav[16].app.debugTimer -- check module destructor
undisposed object: (omnetpp::cMessage) FanetSarNetwork.uav[17].app.debugTimer -- check module destructor
undisposed object: (omnetpp::cMessage) FanetSarNetwork.uav[18].app.debugTimer -- check module destructor
undisposed object: (omnetpp::cMessage) FanetSarNetwork.uav[19].app.debugTimer -- check module destructor
undisposed object: (omnetpp::cMessage) FanetSarNetwork.uav[20].app.debugTimer -- check module destructor
undisposed object: (omnetpp::cMessage) FanetSarNetwork.uav[21].app.debugTimer -- check module destructor
undisposed object: (omnetpp::cMessage) FanetSarNetwork.uav[22].app.debugTimer -- check module destructor
undisposed object: (omnetpp::cMessage) FanetSarNetwork.uav[23].app.debugTimer -- check module destructor
undisposed object: (omnetpp::cMessage) FanetSarNetwork.uav[24].app.debugTimer -- check module destructor
undisposed object: (omnetpp::cMessage) FanetSarNetwork.uav[25].app.debugTimer -- check module destructor
undisposed object: (omnetpp::cMessage) FanetSarNetwork.uav[26].app.debugTimer -- check module destructor
undisposed object: (omnetpp::cMessage) FanetSarNetwork.uav[27].app.debugTimer -- check module destructor
undisposed object: (omnetpp::cMessage) FanetSarNetwork.uav[28].app.debugTimer -- check module destructor
undisposed object: (omnetpp::cMessage) FanetSarNetwork.uav[29].app.debugTimer -- check module destructor
undisposed object: (omnetpp::cMessage) FanetSarNetwork.uav[30].app.debugTimer -- check module destructor
undisposed object: (omnetpp::cMessage) FanetSarNetwork.uav[31].app.debugTimer -- check module destructor
undisposed object: (omnetpp::cMessage) FanetSarNetwork.uav[32].app.debugTimer -- check module destructor
undisposed object: (omnetpp::cMessage) FanetSarNetwork.uav[33].app.debugTimer -- check module destructor
undisposed object: (omnetpp::cMessage) FanetSarNetwork.uav[34].app.debugTimer -- check module destructor
undisposed object: (omnetpp::cMessage) FanetSarNetwork.uav[35].app.debugTimer -- check module destructor
undisposed object: (omnetpp::cMessage) FanetSarNetwork.uav[36].app.debugTimer -- check module destructor
undisposed object: (omnetpp::cMessage) FanetSarNetwork.uav[37].app.debugTimer -- check module destructor
undisposed object: (omnetpp::cMessage) FanetSarNetwork.uav[38].app.debugTimer -- check module destructor
undisposed object: (omnetpp::cMessage) FanetSarNetwork.uav[39].app.debugTimer -- check module destructor
undisposed object: (omnetpp::cMessage) FanetSarNetwork.uav[40].app.debugTimer -- check module destructor
undisposed object: (omnetpp::cMessage) FanetSarNetwork.uav[41].app.debugTimer -- check module destructor
undisposed object: (omnetpp::cMessage) FanetSarNetwork.uav[42].app.debugTimer -- check module destructor
undisposed object: (omnetpp::cMessage) FanetSarNetwork.uav[43].app.debugTimer -- check module destructor
undisposed object: (omnetpp::cMessage) FanetSarNetwork.uav[44].app.debugTimer -- check module destructor
undisposed object: (omnetpp::cMessage) FanetSarNetwork.uav[45].app.debugTimer -- check module destructor
undisposed object: (omnetpp::cMessage) FanetSarNetwork.uav[46].app.debugTimer -- check module destructor
undisposed object: (omnetpp::cMessage) FanetSarNetwork.uav[47].app.debugTimer -- check module destructor
undisposed object: (omnetpp::cMessage) FanetSarNetwork.uav[48].app.debugTimer -- check module destructor
undisposed object: (omnetpp::cMessage) FanetSarNetwork.uav[49].app.debugTimer -- check module destructor
