** Event #0   t=0   Elapsed: 1.9e-05s (0m 00s)  0% completed  (0% total)
     Speed:     ev/sec=0   simsec/sec=0   ev/simsec=0
     Messages:  created: 418   present: 418   in FES: 66
** Event #90112   t=70.507195518708   Elapsed: 2.00459s (0m 02s)  14% completed  (7% total)
     Speed:     ev/sec=44953.7   simsec/sec=35.1732   ev/simsec=1278.07
     Messages:  created: 68103   present: 399   in FES: 44
** Event #183040   t=139.001194047082   Elapsed: 4.00692s (0m 04s)  27% completed  (13% total)
     Speed:     ev/sec=46409.8   simsec/sec=34.2071   ev/simsec=1356.73
     Messages:  created: 136256   present: 1650   in FES: 53
** Event #253952   t=184.001139880344   Elapsed: 6.00988s (0m 06s)  36% completed  (18% total)
     Speed:     ev/sec=35403.6   simsec/sec=22.4667   ev/simsec=1575.82
     Messages:  created: 184789   present: 3444   in FES: 54
** Event #316928   t=226.564538734333   Elapsed: 8.01643s (0m 08s)  45% completed  (22% total)
     Speed:     ev/sec=31385.2   simsec/sec=21.2123   ev/simsec=1479.58
     Messages:  created: 228757   present: 5158   in FES: 54
** Event #379136   t=268.751269267673   Elapsed: 10.0232s (0m 10s)  53% completed  (26% total)
     Speed:     ev/sec=30998.7   simsec/sec=21.022   ev/simsec=1474.59
     Messages:  created: 272174   present: 1747   in FES: 42
** Event #438528   t=306.574102053131   Elapsed: 12.0338s (0m 12s)  61% completed  (30% total)
     Speed:     ev/sec=29539.7   simsec/sec=18.8119   ev/simsec=1570.27
     Messages:  created: 312597   present: 3298   in FES: 51
** Event #506880   t=356.556968864223   Elapsed: 14.0436s (0m 14s)  71% completed  (35% total)
     Speed:     ev/sec=34009.8   simsec/sec=24.8699   ev/simsec=1367.51
     Messages:  created: 362102   present: 5339   in FES: 73
** Event #577280   t=398.509202065261   Elapsed: 16.0484s (0m 16s)  79% completed  (39% total)
     Speed:     ev/sec=35115.4   simsec/sec=20.9257   ev/simsec=1678.1
     Messages:  created: 424552   present: 1677   in FES: 52
** Event #656896   t=465.042666763649   Elapsed: 18.0526s (0m 18s)  93% completed  (46% total)
     Speed:     ev/sec=39724   simsec/sec=33.1966   ev/simsec=1196.63
     Messages:  created: 485608   present: 4331   in FES: 48
** Event #697163   t=500   Elapsed: 19.1592s (0m 19s)  100% completed  (50% total)
     Speed:     ev/sec=36389.1   simsec/sec=31.585   ev/simsec=1152.1
     Messages:  created: 517026   present: 841   in FES: 42

<!> Simulation time limit reached -- at t=500s, event #697163
undisposed object: (omnetpp::cMessage) FanetSarNetwork.groundStation.app.debugTimer -- check module destructor
undisposed object: (omnetpp::cMessage) FanetSarNetwork.uav[0].app.debugTimer -- check module destructor
undisposed object: (omnetpp::cMessage) FanetSarNetwork.uav[1].app.debugTimer -- check module destructor
undisposed object: (omnetpp::cMessage) FanetSarNetwork.uav[2].app.debugTimer -- check module destructor
undisposed object: (omnetpp::cMessage) FanetSarNetwork.uav[3].app.debugTimer -- check module destructor
undisposed object: (omnetpp::cMessage) FanetSarNetwork.uav[4].app.debugTimer -- check module destructor
undisposed object: (omnetpp::cMessage) FanetSarNetwork.uav[5].app.debugTimer -- check module destructor
undisposed object: (omnetpp::cMessage) FanetSarNetwork.uav[6].app.debugTimer -- check module destructor
undisposed object: (omnetpp::cMessage) FanetSarNetwork.uav[7].app.debugTimer -- check module destructor
undisposed object: (omnetpp::cMessage) FanetSarNetwork.uav[8].app.debugTimer -- check module destructor
undisposed object: (omnetpp::cMessage) FanetSarNetwork.uav[9].app.debugTimer -- check module destructor
