** Event #0   t=0   Elapsed: 1.9e-05s (0m 00s)  0% completed  (0% total)
     Speed:     ev/sec=0   simsec/sec=0   ev/simsec=0
     Messages:  created: 1178   present: 1178   in FES: 186
** Event #91136   t=6.021560321187   Elapsed: 2.00251s (0m 02s)  1% completed  (0% total)
     Speed:     ev/sec=45511.8   simsec/sec=3.00703   ev/simsec=15135.1
     Messages:  created: 89294   present: 1201   in FES: 150
** Event #176640   t=11.531926181552   Elapsed: 4.00693s (0m 04s)  2% completed  (1% total)
     Speed:     ev/sec=42657.6   simsec/sec=2.7491   ev/simsec=15516.9
     Messages:  created: 170282   present: 1393   in FES: 155
** Event #242176   t=12.597413242878   Elapsed: 6.01137s (0m 06s)  2% completed  (1% total)
     Speed:     ev/sec=32695.4   simsec/sec=0.531563   ev/simsec=61508
     Messages:  created: 231390   present: 1241   in FES: 154
** Event #310784   t=17.514152704866   Elapsed: 8.01729s (0m 08s)  3% completed  (1% total)
     Speed:     ev/sec=34202.8   simsec/sec=2.45111   ev/simsec=13954
     Messages:  created: 294952   present: 1218   in FES: 154
** Event #372480   t=19.589276458862   Elapsed: 10.0216s (0m 10s)  3% completed  (1% total)
     Speed:     ev/sec=30781.2   simsec/sec=1.03531   ev/simsec=29731.2
     Messages:  created: 352767   present: 1328   in FES: 157
** Event #438528   t=21.547495539096   Elapsed: 12.0333s (0m 12s)  4% completed  (2% total)
     Speed:     ev/sec=32832.1   simsec/sec=0.97342   ev/simsec=33728.6
     Messages:  created: 414782   present: 1239   in FES: 169
** Event #505856   t=24.077183511968   Elapsed: 14.0367s (0m 14s)  4% completed  (2% total)
     Speed:     ev/sec=33608   simsec/sec=1.26274   ev/simsec=26615.1
     Messages:  created: 477998   present: 1213   in FES: 152
** Event #570880   t=26.539418760422   Elapsed: 16.0392s (0m 16s)  5% completed  (2% total)
     Speed:     ev/sec=32470.4   simsec/sec=1.22954   ev/simsec=26408.5
     Messages:  created: 538628   present: 1271   in FES: 157
** Event #625920   t=27.596979974668   Elapsed: 18.0442s (0m 18s)  5% completed  (2% total)
     Speed:     ev/sec=27452   simsec/sec=0.527474   ev/simsec=52044.3
     Messages:  created: 591147   present: 1140   in FES: 139
** Event #688640   t=29.530997057284   Elapsed: 20.0481s (0m 20s)  5% completed  (2% total)
     Speed:     ev/sec=31298.1   simsec/sec=0.9651   ev/simsec=32429.9
     Messages:  created: 650367   present: 1305   in FES: 146
** Event #749824   t=31.515233259607   Elapsed: 22.0597s (0m 22s)  6% completed  (3% total)
     Speed:     ev/sec=30416.4   simsec/sec=0.986424   ev/simsec=30835
     Messages:  created: 706561   present: 1310   in FES: 155
** Event #812032   t=34.005385177299   Elapsed: 24.0608s (0m 24s)  6% completed  (3% total)
     Speed:     ev/sec=31087.2   simsec/sec=1.24441   ev/simsec=24981.6
     Messages:  created: 764314   present: 1186   in FES: 145
** Event #876288   t=36.516792454232   Elapsed: 26.066s (0m 26s)  7% completed  (3% total)
     Speed:     ev/sec=32044.5   simsec/sec=1.25244   ev/simsec=25585.7
     Messages:  created: 824961   present: 1360   in FES: 217
** Event #935680   t=37.569426873984   Elapsed: 28.0672s (0m 28s)  7% completed  (3% total)
     Speed:     ev/sec=29678.2   simsec/sec=0.526001   ev/simsec=56422.2
     Messages:  created: 881907   present: 1270   in FES: 139
** Event #1001216   t=41.555655486357   Elapsed: 30.0721s (0m 30s)  8% completed  (4% total)
     Speed:     ev/sec=32687.9   simsec/sec=1.98824   ev/simsec=16440.6
     Messages:  created: 941965   present: 1436   in FES: 216
** Event #1068032   t=45.533558789602   Elapsed: 32.078s (0m 32s)  9% completed  (4% total)
     Speed:     ev/sec=33308.5   simsec/sec=1.98303   ev/simsec=16796.8
     Messages:  created: 1003371   present: 1266   in FES: 153
** Event #1135872   t=49.524533270967   Elapsed: 34.0844s (0m 34s)  9% completed  (4% total)
     Speed:     ev/sec=33812.2   simsec/sec=1.98915   ev/simsec=16998.4
     Messages:  created: 1065284   present: 1229   in FES: 160
** Event #1197824   t=52.079099476648   Elapsed: 36.0868s (0m 36s)  10% completed  (5% total)
     Speed:     ev/sec=30939.5   simsec/sec=1.27578   ev/simsec=24251.5
     Messages:  created: 1122152   present: 1187   in FES: 144
** Event #1261568   t=55.551058576051   Elapsed: 38.0879s (0m 38s)  11% completed  (5% total)
     Speed:     ev/sec=31853.5   simsec/sec=1.73497   ev/simsec=18359.7
     Messages:  created: 1181039   present: 1226   in FES: 148
** Event #1332480   t=59.554874691788   Elapsed: 40.0907s (0m 40s)  11% completed  (5% total)
     Speed:     ev/sec=35407.2   simsec/sec=1.99915   ev/simsec=17711.1
     Messages:  created: 1246525   present: 1270   in FES: 171
** Event #1403648   t=63.551893441063   Elapsed: 42.0934s (0m 42s)  12% completed  (6% total)
     Speed:     ev/sec=35535.4   simsec/sec=1.99578   ev/simsec=17805.3
     Messages:  created: 1312375   present: 1426   in FES: 216
** Event #1472256   t=67.044393569029   Elapsed: 44.0965s (0m 44s)  13% completed  (6% total)
     Speed:     ev/sec=34251   simsec/sec=1.74355   ev/simsec=19644.4
     Messages:  created: 1376688   present: 1181   in FES: 144
** Event #1544192   t=71.046804497426   Elapsed: 46.1009s (0m 46s)  14% completed  (7% total)
     Speed:     ev/sec=35890.4   simsec/sec=1.99689   ev/simsec=17973.2
     Messages:  created: 1444189   present: 1210   in FES: 154
** Event #1611008   t=74.565650581402   Elapsed: 48.1051s (0m 48s)  14% completed  (7% total)
     Speed:     ev/sec=33337.8   simsec/sec=1.75572   ev/simsec=18988
     Messages:  created: 1506153   present: 1311   in FES: 154
** Event #1677824   t=78.54072039144   Elapsed: 50.1065s (0m 50s)  15% completed  (7% total)
     Speed:     ev/sec=33383.3   simsec/sec=1.98607   ev/simsec=16808.8
     Messages:  created: 1566674   present: 1224   in FES: 141
** Event #1744384   t=82.044736683167   Elapsed: 52.1072s (0m 52s)  16% completed  (8% total)
     Speed:     ev/sec=33268.8   simsec/sec=1.75142   ev/simsec=18995.3
     Messages:  created: 1627786   present: 1208   in FES: 153
** Event #1811200   t=85.582070890844   Elapsed: 54.1111s (0m 54s)  17% completed  (8% total)
     Speed:     ev/sec=33342.7   simsec/sec=1.76521   ev/simsec=18888.8
     Messages:  created: 1689359   present: 1252   in FES: 153
** Event #1879808   t=89.561309364909   Elapsed: 56.1201s (0m 56s)  17% completed  (8% total)
     Speed:     ev/sec=34150.7   simsec/sec=1.98073   ev/simsec=17241.5
     Messages:  created: 1751312   present: 1240   in FES: 145
** Event #1946112   t=93.519204674351   Elapsed: 58.1209s (0m 58s)  18% completed  (9% total)
     Speed:     ev/sec=33139.2   simsec/sec=1.97818   ev/simsec=16752.3
     Messages:  created: 1812339   present: 1198   in FES: 156
** Event #2013696   t=96.538772197724   Elapsed: 60.1229s (1m 00s)  19% completed  (9% total)
     Speed:     ev/sec=33757.5   simsec/sec=1.50824   ev/simsec=22382
     Messages:  created: 1874407   present: 1228   in FES: 149
** Event #2076672   t=98.565024954467   Elapsed: 62.1254s (1m 02s)  19% completed  (9% total)
     Speed:     ev/sec=31448.6   simsec/sec=1.01186   ev/simsec=31080
     Messages:  created: 1933186   present: 1232   in FES: 137
** Event #2139904   t=101.552773065811   Elapsed: 64.1263s (1m 04s)  20% completed  (10% total)
     Speed:     ev/sec=31602.8   simsec/sec=1.49325   ev/simsec=21163.8
     Messages:  created: 1990754   present: 1422   in FES: 183
** Event #2206720   t=104.557208771154   Elapsed: 66.1326s (1m 06s)  20% completed  (10% total)
     Speed:     ev/sec=33303.4   simsec/sec=1.49751   ev/simsec=22239.1
     Messages:  created: 2049878   present: 1783   in FES: 184
** Event #2267904   t=107.544472644491   Elapsed: 68.1326s (1m 08s)  21% completed  (10% total)
     Speed:     ev/sec=30591.5   simsec/sec=1.49361   ev/simsec=20481.6
     Messages:  created: 2106283   present: 2280   in FES: 207
** Event #2327040   t=110.537501678025   Elapsed: 70.1511s (1m 10s)  22% completed  (11% total)
     Speed:     ev/sec=29296.1   simsec/sec=1.48276   ev/simsec=19757.9
     Messages:  created: 2159405   present: 1494   in FES: 161
** Event #2388736   t=113.540094063679   Elapsed: 72.1558s (1m 12s)  22% completed  (11% total)
     Speed:     ev/sec=30776.6   simsec/sec=1.49782   ev/simsec=20547.6
     Messages:  created: 2214978   present: 1895   in FES: 153
** Event #2449664   t=116.545646289589   Elapsed: 74.1562s (1m 14s)  23% completed  (11% total)
     Speed:     ev/sec=30457.1   simsec/sec=1.50243   ev/simsec=20271.8
     Messages:  created: 2269921   present: 2212   in FES: 142
** Event #2509056   t=119.522458108939   Elapsed: 76.1645s (1m 16s)  23% completed  (11% total)
     Speed:     ev/sec=29574.5   simsec/sec=1.48231   ev/simsec=19951.5
     Messages:  created: 2323798   present: 2510   in FES: 128
** Event #2566656   t=121.581360237273   Elapsed: 78.1713s (1m 18s)  24% completed  (12% total)
     Speed:     ev/sec=28701.3   simsec/sec=1.02592   ev/simsec=27976.1
     Messages:  created: 2376845   present: 2860   in FES: 146
** Event #2625024   t=123.589855686427   Elapsed: 80.1769s (1m 20s)  24% completed  (12% total)
     Speed:     ev/sec=29102.8   simsec/sec=1.00146   ev/simsec=29060.6
     Messages:  created: 2429728   present: 3007   in FES: 133
** Event #2685440   t=126.514862952545   Elapsed: 82.1843s (1m 22s)  25% completed  (12% total)
     Speed:     ev/sec=30097.3   simsec/sec=1.45714   ev/simsec=20655
     Messages:  created: 2484600   present: 3463   in FES: 154
** Event #2748416   t=129.558429159563   Elapsed: 84.1951s (1m 24s)  25% completed  (12% total)
     Speed:     ev/sec=31318.7   simsec/sec=1.5136   ev/simsec=20691.5
     Messages:  created: 2541569   present: 3851   in FES: 184
** Event #2809600   t=133.59354128809   Elapsed: 86.1994s (1m 26s)  26% completed  (13% total)
     Speed:     ev/sec=30526   simsec/sec=2.0132   ev/simsec=15162.9
     Messages:  created: 2599875   present: 4258   in FES: 154
** Event #2873344   t=137.539062442282   Elapsed: 88.2056s (1m 28s)  27% completed  (13% total)
     Speed:     ev/sec=31773   simsec/sec=1.96663   ev/simsec=16156
     Messages:  created: 2662341   present: 4752   in FES: 163
** Event #2930944   t=139.521112642503   Elapsed: 90.2097s (1m 30s)  27% completed  (13% total)
     Speed:     ev/sec=28742.2   simsec/sec=0.989035   ev/simsec=29060.8
     Messages:  created: 2719402   present: 5173   in FES: 216
** Event #2988800   t=142.575316025871   Elapsed: 92.2209s (1m 32s)  28% completed  (14% total)
     Speed:     ev/sec=28766.1   simsec/sec=1.51855   ev/simsec=18943.1
     Messages:  created: 2774586   present: 5316   in FES: 158
** Event #3048960   t=144.525605441052   Elapsed: 94.2221s (1m 34s)  28% completed  (14% total)
     Speed:     ev/sec=30061.6   simsec/sec=0.974547   ev/simsec=30846.7
     Messages:  created: 2831775   present: 5686   in FES: 151
** Event #3108352   t=146.047256014527   Elapsed: 96.2268s (1m 36s)  29% completed  (14% total)
     Speed:     ev/sec=29627.3   simsec/sec=0.759065   ev/simsec=39031.3
     Messages:  created: 2885195   present: 5735   in FES: 151
** Event #3171072   t=149.504809988847   Elapsed: 98.231s (1m 38s)  29% completed  (14% total)
     Speed:     ev/sec=31294.5   simsec/sec=1.72517   ev/simsec=18140
     Messages:  created: 2940368   present: 6149   in FES: 142
** Event #3236096   t=152.514865718051   Elapsed: 100.234s (1m 40s)  30% completed  (15% total)
     Speed:     ev/sec=32457   simsec/sec=1.50248   ev/simsec=21602.3
     Messages:  created: 2999027   present: 6567   in FES: 149
** Event #3296256   t=154.572038406663   Elapsed: 102.236s (1m 42s)  30% completed  (15% total)
     Speed:     ev/sec=30048.4   simsec/sec=1.02751   ev/simsec=29244
     Messages:  created: 3053819   present: 6802   in FES: 165
** Event #3358464   t=157.530121302121   Elapsed: 104.24s (1m 44s)  31% completed  (15% total)
     Speed:     ev/sec=31048.9   simsec/sec=1.47642   ev/simsec=21029.8
     Messages:  created: 3109496   present: 7136   in FES: 148
** Event #3422976   t=160.55558182458   Elapsed: 106.242s (1m 46s)  32% completed  (16% total)
     Speed:     ev/sec=32222.7   simsec/sec=1.51117   ev/simsec=21323
     Messages:  created: 3166152   present: 7394   in FES: 131
** Event #3484928   t=162.639194577234   Elapsed: 108.244s (1m 48s)  32% completed  (16% total)
     Speed:     ev/sec=30945.1   simsec/sec=1.04077   ev/simsec=29733
     Messages:  created: 3221785   present: 7637   in FES: 122
** Event #3543552   t=165.567444520988   Elapsed: 110.247s (1m 50s)  33% completed  (16% total)
     Speed:     ev/sec=29265.3   simsec/sec=1.46179   ev/simsec=20020.1
     Messages:  created: 3275282   present: 8070   in FES: 137
** Event #3604480   t=169.044389222138   Elapsed: 112.248s (1m 52s)  33% completed  (16% total)
     Speed:     ev/sec=30449.1   simsec/sec=1.73762   ev/simsec=17523.4
     Messages:  created: 3328384   present: 8471   in FES: 146
** Event #3663616   t=171.001202646862   Elapsed: 114.253s (1m 54s)  34% completed  (17% total)
     Speed:     ev/sec=29490.9   simsec/sec=0.975855   ev/simsec=30220.6
     Messages:  created: 3380945   present: 8686   in FES: 138
** Event #3723264   t=174.514496512762   Elapsed: 116.264s (1m 56s)  34% completed  (17% total)
     Speed:     ev/sec=29669.8   simsec/sec=1.74756   ev/simsec=16977.8
     Messages:  created: 3433141   present: 9133   in FES: 153
** Event #3778816   t=176.509140668198   Elapsed: 118.266s (1m 58s)  35% completed  (17% total)
     Speed:     ev/sec=27746.1   simsec/sec=0.99625   ev/simsec=27850.6
     Messages:  created: 3482862   present: 9360   in FES: 140
** Event #3829504   t=177.521962515737   Elapsed: 120.268s (2m 00s)  35% completed  (17% total)
     Speed:     ev/sec=25325   simsec/sec=0.506032   ev/simsec=50046.3
     Messages:  created: 3530541   present: 9571   in FES: 136
** Event #3879680   t=178.520639257733   Elapsed: 122.269s (2m 02s)  35% completed  (17% total)
     Speed:     ev/sec=25064.1   simsec/sec=0.498862   ev/simsec=50242.5
     Messages:  created: 3575632   present: 9861   in FES: 182
** Event #3929856   t=179.515409186848   Elapsed: 124.282s (2m 04s)  35% completed  (17% total)
     Speed:     ev/sec=24930.3   simsec/sec=0.494258   ev/simsec=50439.8
     Messages:  created: 3620461   present: 9711   in FES: 153
** Event #3981312   t=180.543222611632   Elapsed: 126.283s (2m 06s)  36% completed  (18% total)
     Speed:     ev/sec=25711.9   simsec/sec=0.513586   ev/simsec=50063.6
     Messages:  created: 3664430   present: 9963   in FES: 150
** Event #4032768   t=182.523698902375   Elapsed: 128.287s (2m 08s)  36% completed  (18% total)
     Speed:     ev/sec=25685.9   simsec/sec=0.988619   ev/simsec=25981.6
     Messages:  created: 3708458   present: 10217   in FES: 143
** Event #4081920   t=183.514239856421   Elapsed: 130.303s (2m 10s)  36% completed  (18% total)
     Speed:     ev/sec=24371.5   simsec/sec=0.491149   ev/simsec=49621.4
     Messages:  created: 3751240   present: 10303   in FES: 153
** Event #4130304   t=184.509483893668   Elapsed: 132.311s (2m 12s)  36% completed  (18% total)
     Speed:     ev/sec=24099.3   simsec/sec=0.495716   ev/simsec=48615.2
     Messages:  created: 3793790   present: 10431   in FES: 154
** Event #4182016   t=185.057855527108   Elapsed: 134.312s (2m 14s)  37% completed  (18% total)
     Speed:     ev/sec=25843.5   simsec/sec=0.274053   ev/simsec=94301
     Messages:  created: 3839183   present: 10382   in FES: 140
** Event #4236800   t=185.596129290854   Elapsed: 136.315s (2m 16s)  37% completed  (18% total)
     Speed:     ev/sec=27357.1   simsec/sec=0.268794   ev/simsec=101777
     Messages:  created: 3886182   present: 10720   in FES: 171
** Event #4288256   t=186.596996454559   Elapsed: 138.322s (2m 18s)  37% completed  (18% total)
     Speed:     ev/sec=25632.9   simsec/sec=0.498584   ev/simsec=51411.4
     Messages:  created: 3930601   present: 11003   in FES: 247
** Event #4340992   t=189.520738709227   Elapsed: 140.324s (2m 20s)  37% completed  (18% total)
     Speed:     ev/sec=26346.6   simsec/sec=1.46068   ev/simsec=18037.2
     Messages:  created: 3971867   present: 11041   in FES: 192
** Event #4396544   t=190.005384082633   Elapsed: 142.329s (2m 22s)  38% completed  (19% total)
     Speed:     ev/sec=27707.3   simsec/sec=0.241723   ev/simsec=114624
     Messages:  created: 4020079   present: 11008   in FES: 150
** Event #4452352   t=191.535123880935   Elapsed: 144.335s (2m 24s)  38% completed  (19% total)
     Speed:     ev/sec=27820.8   simsec/sec=0.762589   ev/simsec=36482
     Messages:  created: 4064723   present: 11180   in FES: 154
** Event #4506624   t=193.562515333797   Elapsed: 146.342s (2m 26s)  38% completed  (19% total)
     Speed:     ev/sec=27029.3   simsec/sec=1.00971   ev/simsec=26769.4
     Messages:  created: 4108837   present: 11377   in FES: 152
** Event #4557824   t=194.542581131705   Elapsed: 148.35s (2m 28s)  38% completed  (19% total)
     Speed:     ev/sec=25500.9   simsec/sec=0.488136   ev/simsec=52241.4
     Messages:  created: 4152888   present: 11540   in FES: 146
** Event #4610304   t=196.585987026258   Elapsed: 150.35s (2m 30s)  39% completed  (19% total)
     Speed:     ev/sec=26237.6   simsec/sec=1.02161   ev/simsec=25682.6
     Messages:  created: 4195127   present: 11752   in FES: 152
** Event #4662528   t=197.588420835241   Elapsed: 152.365s (2m 32s)  39% completed  (19% total)
     Speed:     ev/sec=25917.6   simsec/sec=0.497485   ev/simsec=52097.2
     Messages:  created: 4239660   present: 12129   in FES: 181
** Event #4713216   t=199.004322286943   Elapsed: 154.366s (2m 34s)  39% completed  (19% total)
     Speed:     ev/sec=25333.4   simsec/sec=0.707655   ev/simsec=35799.1
     Messages:  created: 4282285   present: 12086   in FES: 154
** Event #4768256   t=201.536367121479   Elapsed: 156.367s (2m 36s)  40% completed  (20% total)
     Speed:     ev/sec=27514.4   simsec/sec=1.26576   ev/simsec=21737.4
     Messages:  created: 4326288   present: 12462   in FES: 153
** Event #4819200   t=202.509909912297   Elapsed: 158.369s (2m 38s)  40% completed  (20% total)
     Speed:     ev/sec=25441.5   simsec/sec=0.486189   ev/simsec=52328.5
     Messages:  created: 4370302   present: 12505   in FES: 151
** Event #4879616   t=204.081614282353   Elapsed: 160.374s (2m 40s)  40% completed  (20% total)
     Speed:     ev/sec=30140.1   simsec/sec=0.784086   ev/simsec=38439.8
     Messages:  created: 4420823   present: 12686   in FES: 154
** Event #4931328   t=205.589125316922   Elapsed: 162.39s (2m 42s)  41% completed  (20% total)
     Speed:     ev/sec=25641.9   simsec/sec=0.747515   ev/simsec=34302.9
     Messages:  created: 4463474   present: 13003   in FES: 177
** Event #4983040   t=206.592395740407   Elapsed: 164.394s (2m 44s)  41% completed  (20% total)
     Speed:     ev/sec=25801.8   simsec/sec=0.500584   ev/simsec=51543.4
     Messages:  created: 4506366   present: 13069   in FES: 151
** Event #5040384   t=209.535220808968   Elapsed: 166.401s (2m 46s)  41% completed  (20% total)
     Speed:     ev/sec=28576.4   simsec/sec=1.46651   ev/simsec=19486
     Messages:  created: 4551490   present: 13396   in FES: 145
** Event #5091840   t=210.068997429599   Elapsed: 168.405s (2m 48s)  42% completed  (21% total)
     Speed:     ev/sec=25675.2   simsec/sec=0.266341   ev/simsec=96399.9
     Messages:  created: 4594569   present: 13412   in FES: 154
** Event #5145088   t=211.540543464849   Elapsed: 170.408s (2m 50s)  42% completed  (21% total)
     Speed:     ev/sec=26581.4   simsec/sec=0.734594   ev/simsec=36185.1
     Messages:  created: 4639149   present: 13639   in FES: 149
** Event #5201664   t=213.567138778315   Elapsed: 172.412s (2m 52s)  42% completed  (21% total)
     Speed:     ev/sec=28236.9   simsec/sec=1.01147   ev/simsec=27916.8
     Messages:  created: 4684176   present: 13893   in FES: 154
** Event #5255936   t=214.543569667013   Elapsed: 174.413s (2m 54s)  42% completed  (21% total)
     Speed:     ev/sec=27126.9   simsec/sec=0.488051   ev/simsec=55582
     Messages:  created: 4730052   present: 13974   in FES: 150
** Event #5312256   t=216.591755345623   Elapsed: 176.424s (2m 56s)  43% completed  (21% total)
     Speed:     ev/sec=28002.9   simsec/sec=1.01838   ev/simsec=27497.5
     Messages:  created: 4776716   present: 14225   in FES: 145
** Event #5362688   t=217.593405572396   Elapsed: 178.425s (2m 58s)  43% completed  (21% total)
     Speed:     ev/sec=25201.9   simsec/sec=0.500546   ev/simsec=50348.9
     Messages:  created: 4819219   present: 14407   in FES: 150
** Event #5414400   t=219.535434500181   Elapsed: 180.434s (3m 00s)  43% completed  (21% total)
     Speed:     ev/sec=25740.4   simsec/sec=0.966672   ev/simsec=26627.8
     Messages:  created: 4861916   present: 14564   in FES: 163
** Event #5467648   t=221.585117105608   Elapsed: 182.439s (3m 02s)  44% completed  (22% total)
     Speed:     ev/sec=26563.1   simsec/sec=1.0225   ev/simsec=25978.7
     Messages:  created: 4908004   present: 14837   in FES: 146
** Event #5515776   t=223.51715107579   Elapsed: 184.45s (3m 04s)  44% completed  (22% total)
     Speed:     ev/sec=23934.2   simsec/sec=0.960808   ev/simsec=24910.5
     Messages:  created: 4949201   present: 15050   in FES: 151
** Event #5563392   t=224.556997859195   Elapsed: 186.452s (3m 06s)  44% completed  (22% total)
     Speed:     ev/sec=23783.2   simsec/sec=0.519382   ev/simsec=45791.4
     Messages:  created: 4990923   present: 15183   in FES: 153
** Event #5614080   t=225.560822021998   Elapsed: 188.454s (3m 08s)  45% completed  (22% total)
     Speed:     ev/sec=25315.9   simsec/sec=0.501356   ev/simsec=50494.9
     Messages:  created: 5037522   present: 15408   in FES: 154
** Event #5664000   t=226.559989092871   Elapsed: 190.46s (3m 10s)  45% completed  (22% total)
     Speed:     ev/sec=24884.9   simsec/sec=0.498081   ev/simsec=49961.6
     Messages:  created: 5082521   present: 15454   in FES: 154
** Event #5715456   t=227.572130733276   Elapsed: 192.467s (3m 12s)  45% completed  (22% total)
     Speed:     ev/sec=25638.8   simsec/sec=0.504315   ev/simsec=50838.7
     Messages:  created: 5130055   present: 15605   in FES: 165
** Event #5771776   t=229.549607219244   Elapsed: 194.474s (3m 14s)  45% completed  (22% total)
     Speed:     ev/sec=28055.3   simsec/sec=0.985063   ev/simsec=28480.7
     Messages:  created: 5182154   present: 15879   in FES: 188
** Event #5829120   t=231.57438946024   Elapsed: 196.476s (3m 16s)  46% completed  (23% total)
     Speed:     ev/sec=28646.7   simsec/sec=1.0115   ev/simsec=28321.1
     Messages:  created: 5236204   present: 16088   in FES: 184
** Event #5883392   t=233.50443988393   Elapsed: 198.478s (3m 18s)  46% completed  (23% total)
     Speed:     ev/sec=27105.2   simsec/sec=0.963932   ev/simsec=28119.5
     Messages:  created: 5286233   present: 16235   in FES: 183
** Event #5937664   t=234.517508013704   Elapsed: 200.481s (3m 20s)  46% completed  (23% total)
     Speed:     ev/sec=27102.6   simsec/sec=0.50591   ev/simsec=53571.9
     Messages:  created: 5337761   present: 16429   in FES: 182
** Event #5990400   t=235.579057274678   Elapsed: 202.486s (3m 22s)  47% completed  (23% total)
     Speed:     ev/sec=26305.8   simsec/sec=0.529523   ev/simsec=49678.3
     Messages:  created: 5388033   present: 8083   in FES: 192
** Event #6046720   t=237.958141415792   Elapsed: 204.496s (3m 24s)  47% completed  (23% total)
     Speed:     ev/sec=28018.8   simsec/sec=1.18358   ev/simsec=23673
     Messages:  created: 5440193   present: 1409   in FES: 122
** Event #6105344   t=241.031511027507   Elapsed: 206.502s (3m 26s)  48% completed  (24% total)
     Speed:     ev/sec=29216.9   simsec/sec=1.5317   ev/simsec=19074.8
     Messages:  created: 5493835   present: 1825   in FES: 137
** Event #6168832   t=244.012144652119   Elapsed: 208.508s (3m 28s)  48% completed  (24% total)
     Speed:     ev/sec=31646.4   simsec/sec=1.48574   ev/simsec=21300.2
     Messages:  created: 5550858   present: 2169   in FES: 132
** Event #6229504   t=247.512364863099   Elapsed: 210.509s (3m 30s)  49% completed  (24% total)
     Speed:     ev/sec=30329.7   simsec/sec=1.74975   ev/simsec=17333.8
     Messages:  created: 5603910   present: 2681   in FES: 154
** Event #6289152   t=249.570360192796   Elapsed: 212.51s (3m 32s)  49% completed  (24% total)
     Speed:     ev/sec=29800.6   simsec/sec=1.02819   ev/simsec=28983.5
     Messages:  created: 5657960   present: 2939   in FES: 154
** Event #6352640   t=253.004376430827   Elapsed: 214.516s (3m 34s)  50% completed  (25% total)
     Speed:     ev/sec=31654.2   simsec/sec=1.71215   ev/simsec=18488
     Messages:  created: 5715140   present: 3261   in FES: 138
** Event #6413824   t=255.592520021094   Elapsed: 216.516s (3m 36s)  51% completed  (25% total)
     Speed:     ev/sec=30583.8   simsec/sec=1.29373   ev/simsec=23640.1
     Messages:  created: 5769988   present: 3606   in FES: 143
** Event #6475776   t=259.068560680166   Elapsed: 218.525s (3m 38s)  51% completed  (25% total)
     Speed:     ev/sec=30844.6   simsec/sec=1.73065   ev/simsec=17822.6
     Messages:  created: 5824599   present: 3962   in FES: 128
** Event #6536704   t=261.577144706533   Elapsed: 220.534s (3m 40s)  52% completed  (26% total)
     Speed:     ev/sec=30332.7   simsec/sec=1.24888   ev/simsec=24287.8
     Messages:  created: 5880680   present: 4425   in FES: 192
** Event #6598912   t=265.047205569498   Elapsed: 222.535s (3m 42s)  53% completed  (26% total)
     Speed:     ev/sec=31086.1   simsec/sec=1.73403   ev/simsec=17927.1
     Messages:  created: 5936541   present: 4748   in FES: 154
** Event #6661120   t=268.516400276713   Elapsed: 224.536s (3m 44s)  53% completed  (26% total)
     Speed:     ev/sec=31084.9   simsec/sec=1.73353   ev/simsec=17931.5
     Messages:  created: 5992777   present: 5139   in FES: 142
** Event #6725376   t=271.598981030306   Elapsed: 226.539s (3m 46s)  54% completed  (27% total)
     Speed:     ev/sec=32083.4   simsec/sec=1.53915   ev/simsec=20844.9
     Messages:  created: 6052690   present: 5542   in FES: 141
** Event #6786048   t=275.578040054739   Elapsed: 228.549s (3m 48s)  55% completed  (27% total)
     Speed:     ev/sec=30188.9   simsec/sec=1.97988   ev/simsec=15247.8
     Messages:  created: 6109566   present: 6039   in FES: 142
** Event #6847488   t=278.536411033993   Elapsed: 230.554s (3m 50s)  55% completed  (27% total)
     Speed:     ev/sec=30636.8   simsec/sec=1.47518   ev/simsec=20768.2
     Messages:  created: 6168626   present: 6379   in FES: 153
** Event #6912768   t=282.578474500688   Elapsed: 232.56s (3m 52s)  56% completed  (28% total)
     Speed:     ev/sec=32547.2   simsec/sec=2.01529   ev/simsec=16150.2
     Messages:  created: 6233449   present: 6868   in FES: 154
** Event #6977024   t=286.550459590683   Elapsed: 234.564s (3m 54s)  57% completed  (28% total)
     Speed:     ev/sec=32052.2   simsec/sec=1.98131   ev/simsec=16177.3
     Messages:  created: 6297760   present: 7357   in FES: 154
** Event #7048704   t=292.0578601768   Elapsed: 236.565s (3m 56s)  58% completed  (29% total)
     Speed:     ev/sec=35826.5   simsec/sec=2.75266   ev/simsec=13015.2
     Messages:  created: 6368438   present: 7922   in FES: 129
** Event #7118848   t=298.541426845665   Elapsed: 238.566s (3m 58s)  59% completed  (29% total)
     Speed:     ev/sec=35049.4   simsec/sec=3.2397   ev/simsec=10818.7
     Messages:  created: 6437784   present: 8779   in FES: 153
** Event #7184384   t=302.53079765625   Elapsed: 240.574s (4m 00s)  60% completed  (30% total)
     Speed:     ev/sec=32644.4   simsec/sec=1.98716   ev/simsec=16427.7
     Messages:  created: 6502780   present: 9313   in FES: 154
** Event #7245568   t=304.56685896408   Elapsed: 242.582s (4m 02s)  60% completed  (30% total)
     Speed:     ev/sec=30468.1   simsec/sec=1.01391   ev/simsec=30050.2
     Messages:  created: 6561956   present: 9625   in FES: 184
** Event #7307520   t=306.583199948783   Elapsed: 244.589s (4m 04s)  61% completed  (30% total)
     Speed:     ev/sec=30871.7   simsec/sec=1.00477   ev/simsec=30725
     Messages:  created: 6620721   present: 9719   in FES: 153
** Event #7367680   t=309.065971665024   Elapsed: 246.591s (4m 06s)  61% completed  (30% total)
     Speed:     ev/sec=30047   simsec/sec=1.24002   ev/simsec=24231
     Messages:  created: 6675897   present: 10012   in FES: 154
** Event #7427840   t=312.50245138563   Elapsed: 248.592s (4m 08s)  62% completed  (31% total)
     Speed:     ev/sec=30066.4   simsec/sec=1.71746   ev/simsec=17506.3
     Messages:  created: 6731482   present: 10520   in FES: 179
** Event #7488512   t=314.539042818683   Elapsed: 250.596s (4m 10s)  62% completed  (31% total)
     Speed:     ev/sec=30275.5   simsec/sec=1.01627   ev/simsec=29791
     Messages:  created: 6787949   present: 10705   in FES: 146
** Event #7549696   t=318.516912875754   Elapsed: 252.597s (4m 12s)  63% completed  (31% total)
     Speed:     ev/sec=30578   simsec/sec=1.98803   ev/simsec=15381.1
     Messages:  created: 6842850   present: 11166   in FES: 148
** Event #7611648   t=321.547277426093   Elapsed: 254.604s (4m 14s)  64% completed  (32% total)
     Speed:     ev/sec=30863.9   simsec/sec=1.5097   ev/simsec=20443.7
     Messages:  created: 6899330   present: 11582   in FES: 153
** Event #7672064   t=324.507088748701   Elapsed: 256.612s (4m 16s)  64% completed  (32% total)
     Speed:     ev/sec=30087.9   simsec/sec=1.47402   ev/simsec=20412.1
     Messages:  created: 6954085   present: 11898   in FES: 149
** Event #7732224   t=327.543891076402   Elapsed: 258.616s (4m 18s)  65% completed  (32% total)
     Speed:     ev/sec=30025.7   simsec/sec=1.51566   ev/simsec=19810.3
     Messages:  created: 7008499   present: 12323   in FES: 188
** Event #7786752   t=329.540616599779   Elapsed: 260.631s (4m 20s)  65% completed  (32% total)
     Speed:     ev/sec=27060   simsec/sec=0.990892   ev/simsec=27308.7
     Messages:  created: 7059314   present: 12621   in FES: 180
** Event #7843584   t=333.056699545306   Elapsed: 262.636s (4m 22s)  66% completed  (33% total)
     Speed:     ev/sec=28336.8   simsec/sec=1.75314   ev/simsec=16163.4
     Messages:  created: 7110940   present: 12887   in FES: 144
** Event #7900416   t=336.561035801631   Elapsed: 264.651s (4m 24s)  67% completed  (33% total)
     Speed:     ev/sec=28210.5   simsec/sec=1.73949   ev/simsec=16217.6
     Messages:  created: 7163752   present: 13345   in FES: 154
** Event #7958784   t=339.552548702602   Elapsed: 266.66s (4m 26s)  67% completed  (33% total)
     Speed:     ev/sec=29050.7   simsec/sec=1.48892   ev/simsec=19511.2
     Messages:  created: 7217272   present: 13760   in FES: 146
** Event #8016384   t=341.621011664022   Elapsed: 268.664s (4m 28s)  68% completed  (34% total)
     Speed:     ev/sec=28741.3   simsec/sec=1.03212   ev/simsec=27846.8
     Messages:  created: 7270931   present: 13849   in FES: 122
** Event #8077312   t=344.508608544427   Elapsed: 270.669s (4m 30s)  68% completed  (34% total)
     Speed:     ev/sec=30388.1   simsec/sec=1.4402   ev/simsec=21099.9
     Messages:  created: 7325864   present: 14302   in FES: 154
** Event #8141056   t=347.581656500984   Elapsed: 272.671s (4m 32s)  69% completed  (34% total)
     Speed:     ev/sec=31840.7   simsec/sec=1.53502   ev/simsec=20742.9
     Messages:  created: 7384061   present: 14685   in FES: 152
** Event #8204032   t=351.54786265903   Elapsed: 274.673s (4m 34s)  70% completed  (35% total)
     Speed:     ev/sec=31462.7   simsec/sec=1.98151   ev/simsec=15878.1
     Messages:  created: 7440218   present: 15092   in FES: 129
** Event #8269056   t=355.515339169462   Elapsed: 276.677s (4m 36s)  71% completed  (35% total)
     Speed:     ev/sec=32453   simsec/sec=1.98014   ev/simsec=16389.3
     Messages:  created: 7498685   present: 15648   in FES: 151
** Event #8333312   t=359.03145872016   Elapsed: 278.685s (4m 38s)  71% completed  (35% total)
     Speed:     ev/sec=31987.4   simsec/sec=1.75037   ev/simsec=18274.7
     Messages:  created: 7556230   present: 16047   in FES: 180
** Event #8396032   t=361.544590987984   Elapsed: 280.69s (4m 40s)  72% completed  (36% total)
     Speed:     ev/sec=31280.1   simsec/sec=1.25337   ev/simsec=24956.9
     Messages:  created: 7613484   present: 16495   in FES: 207
** Event #8454400   t=364.535524609469   Elapsed: 282.692s (4m 42s)  72% completed  (36% total)
     Speed:     ev/sec=29166.7   simsec/sec=1.49458   ev/simsec=19515
     Messages:  created: 7666185   present: 9044   in FES: 169
** Event #8511488   t=367.562337777981   Elapsed: 284.693s (4m 44s)  73% completed  (36% total)
     Speed:     ev/sec=28521.3   simsec/sec=1.5122   ev/simsec=18860.8
     Messages:  created: 7718112   present: 3707   in FES: 153
** Event #8572416   t=371.505959151033   Elapsed: 286.694s (4m 46s)  74% completed  (37% total)
     Speed:     ev/sec=30446.5   simsec/sec=1.97068   ev/simsec=15449.8
     Messages:  created: 7774044   present: 2072   in FES: 151
** Event #8628736   t=373.576810017523   Elapsed: 288.71s (4m 48s)  74% completed  (37% total)
     Speed:     ev/sec=27947.2   simsec/sec=1.0276   ev/simsec=27196.6
     Messages:  created: 7826375   present: 2434   in FES: 181
** Event #8695040   t=378.510634173382   Elapsed: 290.713s (4m 50s)  75% completed  (37% total)
     Speed:     ev/sec=33097.6   simsec/sec=2.46286   ev/simsec=13438.7
     Messages:  created: 7890748   present: 2872   in FES: 138
** Event #8756224   t=381.57596865125   Elapsed: 292.715s (4m 52s)  76% completed  (38% total)
     Speed:     ev/sec=30552.5   simsec/sec=1.53069   ev/simsec=19960
     Messages:  created: 7951985   present: 3293   in FES: 133
** Event #8822272   t=385.547120787824   Elapsed: 294.716s (4m 54s)  77% completed  (38% total)
     Speed:     ev/sec=33009.2   simsec/sec=1.98468   ev/simsec=16631.9
     Messages:  created: 8017660   present: 3803   in FES: 141
** Event #8888576   t=391.512296238075   Elapsed: 296.722s (4m 56s)  78% completed  (39% total)
     Speed:     ev/sec=33063.1   simsec/sec=2.97459   ev/simsec=11115.2
     Messages:  created: 8081678   present: 4513   in FES: 153
** Event #8960256   t=396.586172360658   Elapsed: 298.725s (4m 58s)  79% completed  (39% total)
     Speed:     ev/sec=35778.9   simsec/sec=2.53261   ev/simsec=14127.3
     Messages:  created: 8152090   present: 5013   in FES: 123
** Event #9021440   t=400.512029215775   Elapsed: 300.728s (5m 00s)  80% completed  (40% total)
     Speed:     ev/sec=30543.6   simsec/sec=1.95982   ev/simsec=15584.9
     Messages:  created: 8211228   present: 5618   in FES: 172
** Event #9083648   t=402.533817552943   Elapsed: 302.733s (5m 02s)  80% completed  (40% total)
     Speed:     ev/sec=31028   simsec/sec=1.00842   ev/simsec=30768.8
     Messages:  created: 8269967   present: 5877   in FES: 154
** Event #9143808   t=403.589776500935   Elapsed: 304.738s (5m 04s)  80% completed  (40% total)
     Speed:     ev/sec=30005.5   simsec/sec=0.526672   ev/simsec=56971.9
     Messages:  created: 8326541   present: 6061   in FES: 150
** Event #9199360   t=405.523932624525   Elapsed: 306.743s (5m 06s)  81% completed  (40% total)
     Speed:     ev/sec=27713.9   simsec/sec=0.964914   ev/simsec=28721.6
     Messages:  created: 8376626   present: 6116   in FES: 125
** Event #9256704   t=406.576264841092   Elapsed: 308.753s (5m 08s)  81% completed  (40% total)
     Speed:     ev/sec=28522.2   simsec/sec=0.523418   ev/simsec=54492.3
     Messages:  created: 8428283   present: 6349   in FES: 153
** Event #9314304   t=409.523675099875   Elapsed: 310.757s (5m 10s)  81% completed  (40% total)
     Speed:     ev/sec=28744.2   simsec/sec=1.47085   ev/simsec=19542.6
     Messages:  created: 8479703   present: 6637   in FES: 139
** Event #9373440   t=412.525438998628   Elapsed: 312.763s (5m 12s)  82% completed  (41% total)
     Speed:     ev/sec=29480.9   simsec/sec=1.49646   ev/simsec=19700.4
     Messages:  created: 8531912   present: 7006   in FES: 168
** Event #9434368   t=415.076773143289   Elapsed: 314.766s (5m 14s)  83% completed  (41% total)
     Speed:     ev/sec=30411   simsec/sec=1.27345   ev/simsec=23880.8
     Messages:  created: 8586397   present: 7320   in FES: 153
** Event #9497344   t=418.52446789853   Elapsed: 316.769s (5m 16s)  83% completed  (41% total)
     Speed:     ev/sec=31453.9   simsec/sec=1.72198   ev/simsec=18266.1
     Messages:  created: 8641489   present: 7759   in FES: 156
** Event #9556480   t=421.569371271292   Elapsed: 318.777s (5m 18s)  84% completed  (42% total)
     Speed:     ev/sec=29442.7   simsec/sec=1.516   ev/simsec=19421.3
     Messages:  created: 8693124   present: 8103   in FES: 151
** Event #9620736   t=424.584029932646   Elapsed: 320.783s (5m 20s)  84% completed  (42% total)
     Speed:     ev/sec=32037.3   simsec/sec=1.50308   ev/simsec=21314.5
     Messages:  created: 8750715   present: 8523   in FES: 155
** Event #9680128   t=427.583700092841   Elapsed: 322.786s (5m 22s)  85% completed  (42% total)
     Speed:     ev/sec=29645   simsec/sec=1.49726   ev/simsec=19799.5
     Messages:  created: 8803417   present: 8991   in FES: 223
** Event #9740288   t=430.581266350583   Elapsed: 324.794s (5m 24s)  86% completed  (43% total)
     Speed:     ev/sec=29956.7   simsec/sec=1.49264   ev/simsec=20069.6
     Messages:  created: 8857005   present: 9237   in FES: 151
** Event #9800192   t=433.59243554352   Elapsed: 326.8s (5m 26s)  86% completed  (43% total)
     Speed:     ev/sec=29870   simsec/sec=1.50146   ev/simsec=19893.9
     Messages:  created: 8910645   present: 9600   in FES: 144
** Event #9858816   t=437.034122557718   Elapsed: 328.805s (5m 28s)  87% completed  (43% total)
     Speed:     ev/sec=29242.3   simsec/sec=1.71675   ev/simsec=17033.5
     Messages:  created: 8962851   present: 9923   in FES: 144
** Event #9918464   t=439.595177377191   Elapsed: 330.812s (5m 30s)  87% completed  (43% total)
     Speed:     ev/sec=29711.4   simsec/sec=1.27569   ev/simsec=23290.4
     Messages:  created: 9016082   present: 10201   in FES: 123
** Event #9982208   t=441.546762186871   Elapsed: 332.814s (5m 32s)  88% completed  (44% total)
     Speed:     ev/sec=31837.8   simsec/sec=0.974745   ev/simsec=32662.7
     Messages:  created: 9086665   present: 10382   in FES: 155
** Event #10043904   t=442.576263142495   Elapsed: 334.817s (5m 34s)  88% completed  (44% total)
     Speed:     ev/sec=30805   simsec/sec=0.514034   ev/simsec=59928.1
     Messages:  created: 9156386   present: 10531   in FES: 187
** Event #10106368   t=443.84475922875   Elapsed: 336.823s (5m 36s)  88% completed  (44% total)
     Speed:     ev/sec=31144.9   simsec/sec=0.632479   ev/simsec=49242.6
     Messages:  created: 9229983   present: 10451   in FES: 155
** Event #10169600   t=445.07671904224   Elapsed: 338.826s (5m 38s)  89% completed  (44% total)
     Speed:     ev/sec=31565.5   simsec/sec=0.614996   ev/simsec=51326.3
     Messages:  created: 9303023   present: 10545   in FES: 154
** Event #10231296   t=446.30096981971   Elapsed: 340.827s (5m 40s)  89% completed  (44% total)
     Speed:     ev/sec=30833.3   simsec/sec=0.611833   ev/simsec=50394.9
     Messages:  created: 9374154   present: 10539   in FES: 141
** Event #10297344   t=447.546787988917   Elapsed: 342.831s (5m 42s)  89% completed  (44% total)
     Speed:     ev/sec=32964.7   simsec/sec=0.621791   ev/simsec=53015.8
     Messages:  created: 9450505   present: 10628   in FES: 151
** Event #10356992   t=448.137081652488   Elapsed: 344.832s (5m 44s)  89% completed  (44% total)
     Speed:     ev/sec=29807.5   simsec/sec=0.294984   ev/simsec=101048
     Messages:  created: 9525927   present: 10766   in FES: 170
** Event #10421504   t=448.290717842727   Elapsed: 346.84s (5m 46s)  89% completed  (44% total)
     Speed:     ev/sec=32117.5   simsec/sec=0.0764884   ev/simsec=419901
     Messages:  created: 9614553   present: 10693   in FES: 148
** Event #10482176   t=448.432701684511   Elapsed: 348.854s (5m 48s)  89% completed  (44% total)
     Speed:     ev/sec=30129.7   simsec/sec=0.0705092   ev/simsec=427316
     Messages:  created: 9697856   present: 10733   in FES: 167
** Event #10544128   t=448.567648417433   Elapsed: 350.859s (5m 50s)  89% completed  (44% total)
     Speed:     ev/sec=30899.5   simsec/sec=0.0673067   ev/simsec=459085
     Messages:  created: 9780801   present: 10761   in FES: 156
** Event #10604544   t=450.065975622903   Elapsed: 352.866s (5m 52s)  90% completed  (45% total)
     Speed:     ev/sec=30106.9   simsec/sec=0.746657   ev/simsec=40322.3
     Messages:  created: 9843878   present: 10796   in FES: 154
** Event #10667008   t=451.366090060604   Elapsed: 354.873s (5m 54s)  90% completed  (45% total)
     Speed:     ev/sec=31122.2   simsec/sec=0.647772   ev/simsec=48045
     Messages:  created: 9918165   present: 10825   in FES: 151
** Event #10732288   t=452.582812253806   Elapsed: 356.876s (5m 56s)  90% completed  (45% total)
     Speed:     ev/sec=32584.8   simsec/sec=0.607332   ev/simsec=53652.3
     Messages:  created: 9993706   present: 10894   in FES: 149
** Event #10794240   t=453.594067153703   Elapsed: 358.88s (5m 58s)  90% completed  (45% total)
     Speed:     ev/sec=30908.1   simsec/sec=0.50452   ev/simsec=61262.5
     Messages:  created: 10063444   present: 10973   in FES: 142
** Event #10856448   t=454.806722657845   Elapsed: 360.886s (6m 00s)  90% completed  (45% total)
     Speed:     ev/sec=31015.2   simsec/sec=0.604597   ev/simsec=51299
     Messages:  created: 10137335   present: 10961   in FES: 171
** Event #10924032   t=456.140334482059   Elapsed: 362.887s (6m 02s)  91% completed  (45% total)
     Speed:     ev/sec=33773.3   simsec/sec=0.666437   ev/simsec=50677.4
     Messages:  created: 10217874   present: 10999   in FES: 155
** Event #10990336   t=457.115187831137   Elapsed: 364.89s (6m 04s)  91% completed  (45% total)
     Speed:     ev/sec=33113.8   simsec/sec=0.486865   ev/simsec=68014.3
     Messages:  created: 10300573   present: 11100   in FES: 170
** Event #11053824   t=457.304676987691   Elapsed: 366.891s (6m 06s)  91% completed  (45% total)
     Speed:     ev/sec=31724.8   simsec/sec=0.0946873   ev/simsec=335048
     Messages:  created: 10388221   present: 11110   in FES: 156
** Event #11120384   t=457.480210636887   Elapsed: 368.898s (6m 08s)  91% completed  (45% total)
     Speed:     ev/sec=33157.1   simsec/sec=0.0874426   ev/simsec=379187
     Messages:  created: 10480162   present: 11129   in FES: 157
** Event #11178240   t=457.650652805942   Elapsed: 370.9s (6m 10s)  91% completed  (45% total)
     Speed:     ev/sec=28908.7   simsec/sec=0.0851642   ev/simsec=339447
     Messages:  created: 10549676   present: 10993   in FES: 136
** Event #11241728   t=459.250505145704   Elapsed: 372.901s (6m 12s)  91% completed  (45% total)
     Speed:     ev/sec=31715   simsec/sec=0.799196   ev/simsec=39683.7
     Messages:  created: 10619379   present: 11130   in FES: 149
** Event #11307520   t=460.52612426548   Elapsed: 374.905s (6m 14s)  92% completed  (46% total)
     Speed:     ev/sec=32832.8   simsec/sec=0.636584   ev/simsec=51576.5
     Messages:  created: 10698876   present: 11242   in FES: 155
** Event #11373056   t=461.59187262321   Elapsed: 376.907s (6m 16s)  92% completed  (46% total)
     Speed:     ev/sec=32738.6   simsec/sec=0.532396   ev/simsec=61492.9
     Messages:  created: 10775283   present: 11359   in FES: 150
** Event #11441408   t=462.861609850029   Elapsed: 378.914s (6m 18s)  92% completed  (46% total)
     Speed:     ev/sec=34054   simsec/sec=0.632602   ev/simsec=53831.6
     Messages:  created: 10857928   present: 11271   in FES: 150
** Event #11505920   t=464.045825271024   Elapsed: 380.918s (6m 20s)  92% completed  (46% total)
     Speed:     ev/sec=32200.3   simsec/sec=0.591085   ev/simsec=54476.6
     Messages:  created: 10934587   present: 11319   in FES: 156
** Event #11568640   t=465.22607543127   Elapsed: 382.919s (6m 22s)  93% completed  (46% total)
     Speed:     ev/sec=31346.5   simsec/sec=0.58987   ev/simsec=53141.3
     Messages:  created: 11010660   present: 11411   in FES: 154
** Event #11636992   t=466.136349613498   Elapsed: 384.924s (6m 24s)  93% completed  (46% total)
     Speed:     ev/sec=34090.1   simsec/sec=0.453993   ev/simsec=75089.5
     Messages:  created: 11095419   present: 11477   in FES: 156
** Event #11698688   t=466.30942860138   Elapsed: 386.926s (6m 26s)  93% completed  (46% total)
     Speed:     ev/sec=30806.3   simsec/sec=0.0864226   ev/simsec=356462
     Messages:  created: 11180818   present: 11514   in FES: 166
** Event #11767808   t=466.486990764267   Elapsed: 388.927s (6m 28s)  93% completed  (46% total)
     Speed:     ev/sec=34542.9   simsec/sec=0.0887372   ev/simsec=389272
     Messages:  created: 11276426   present: 11453   in FES: 126
** Event #11830784   t=467.581283379019   Elapsed: 390.935s (6m 30s)  93% completed  (46% total)
     Speed:     ev/sec=31370.4   simsec/sec=0.545102   ev/simsec=57549.5
     Messages:  created: 11344696   present: 11604   in FES: 154
** Event #11892992   t=471.555632602053   Elapsed: 392.935s (6m 32s)  94% completed  (47% total)
     Speed:     ev/sec=31101.3   simsec/sec=1.987   ev/simsec=15652.4
     Messages:  created: 11403824   present: 12013   in FES: 162
** Event #11956480   t=474.596393841796   Elapsed: 394.943s (6m 34s)  94% completed  (47% total)
     Speed:     ev/sec=31616.1   simsec/sec=1.51426   ev/simsec=20879
     Messages:  created: 11466637   present: 12350   in FES: 154
** Event #12023040   t=476.801334610309   Elapsed: 396.944s (6m 36s)  95% completed  (47% total)
     Speed:     ev/sec=33267.5   simsec/sec=1.10205   ev/simsec=30186.8
     Messages:  created: 11541094   present: 12535   in FES: 167
** Event #12092160   t=478.563743429892   Elapsed: 398.944s (6m 38s)  95% completed  (47% total)
     Speed:     ev/sec=34557.2   simsec/sec=0.881132   ev/simsec=39219.1
     Messages:  created: 11620206   present: 12765   in FES: 169
** Event #12155648   t=480.522277079285   Elapsed: 400.951s (6m 40s)  96% completed  (48% total)
     Speed:     ev/sec=31630.4   simsec/sec=0.975761   ev/simsec=32416.1
     Messages:  created: 11693686   present: 12806   in FES: 157
** Event #12217600   t=482.044684168218   Elapsed: 402.959s (6m 42s)  96% completed  (48% total)
     Speed:     ev/sec=30852.6   simsec/sec=0.758171   ev/simsec=40693.5
     Messages:  created: 11764257   present: 12885   in FES: 155
** Event #12278528   t=483.076773336078   Elapsed: 404.962s (6m 44s)  96% completed  (48% total)
     Speed:     ev/sec=30426.8   simsec/sec=0.515415   ev/simsec=59033.7
     Messages:  created: 11832297   present: 13121   in FES: 184
** Event #12344064   t=483.333534224186   Elapsed: 406.965s (6m 46s)  96% completed  (48% total)
     Speed:     ev/sec=32713.2   simsec/sec=0.128166   ev/simsec=255241
     Messages:  created: 11922322   present: 13036   in FES: 146
** Event #12412672   t=483.534595963574   Elapsed: 408.967s (6m 48s)  96% completed  (48% total)
     Speed:     ev/sec=34270.3   simsec/sec=0.100432   ev/simsec=341229
     Messages:  created: 12013258   present: 13025   in FES: 138
** Event #12472576   t=484.577013051155   Elapsed: 410.973s (6m 50s)  96% completed  (48% total)
     Speed:     ev/sec=29866.2   simsec/sec=0.519716   ev/simsec=57466.4
     Messages:  created: 12072175   present: 13106   in FES: 147
** Event #12535040   t=485.545869789981   Elapsed: 412.974s (6m 52s)  97% completed  (48% total)
     Speed:     ev/sec=31203.9   simsec/sec=0.483993   ev/simsec=64471.9
     Messages:  created: 12143934   present: 13210   in FES: 171
** Event #12598016   t=486.513611287609   Elapsed: 414.975s (6m 54s)  97% completed  (48% total)
     Speed:     ev/sec=31480.7   simsec/sec=0.483758   ev/simsec=65075.2
     Messages:  created: 12216689   present: 13228   in FES: 150
** Event #12659200   t=487.163999889626   Elapsed: 416.976s (6m 56s)  97% completed  (48% total)
     Speed:     ev/sec=30582.4   simsec/sec=0.325092   ev/simsec=94073
     Messages:  created: 12282132   present: 13200   in FES: 152
** Event #12720128   t=488.057856182562   Elapsed: 418.981s (6m 58s)  97% completed  (48% total)
     Speed:     ev/sec=30384.8   simsec/sec=0.445766   ev/simsec=68163.1
     Messages:  created: 12349713   present: 13226   in FES: 147
** Event #12785152   t=489.518964952691   Elapsed: 420.982s (7m 00s)  97% completed  (48% total)
     Speed:     ev/sec=32493.4   simsec/sec=0.730137   ev/simsec=44503.2
     Messages:  created: 12426892   present: 13360   in FES: 157
** Event #12845312   t=490.519225087743   Elapsed: 422.984s (7m 02s)  98% completed  (49% total)
     Speed:     ev/sec=30047.7   simsec/sec=0.499593   ev/simsec=60144.4
     Messages:  created: 12494807   present: 13397   in FES: 154
** Event #12904704   t=491.516718055487   Elapsed: 424.984s (7m 04s)  98% completed  (49% total)
     Speed:     ev/sec=29694.1   simsec/sec=0.498715   ev/simsec=59541.3
     Messages:  created: 12561743   present: 11898   in FES: 159
** Event #12963584   t=492.115165146691   Elapsed: 426.989s (7m 06s)  98% completed  (49% total)
     Speed:     ev/sec=29366.9   simsec/sec=0.29848   ev/simsec=98388
     Messages:  created: 12631986   present: 9890   in FES: 156
** Event #13022720   t=492.257629339421   Elapsed: 428.998s (7m 08s)  98% completed  (49% total)
     Speed:     ev/sec=29444.7   simsec/sec=0.0709351   ev/simsec=415094
     Messages:  created: 12713201   present: 9893   in FES: 156
** Event #13080320   t=492.391372612906   Elapsed: 431.003s (7m 11s)  98% completed  (49% total)
     Speed:     ev/sec=28722.3   simsec/sec=0.0666912   ev/simsec=430676
     Messages:  created: 12792338   present: 9944   in FES: 177
** Event #13136896   t=492.526443742006   Elapsed: 433.012s (7m 13s)  98% completed  (49% total)
     Speed:     ev/sec=28166.3   simsec/sec=0.067245   ev/simsec=418861
     Messages:  created: 12869979   present: 9876   in FES: 157
** Event #13193216   t=493.574967956796   Elapsed: 435.012s (7m 15s)  98% completed  (49% total)
     Speed:     ev/sec=28159.9   simsec/sec=0.52426   ev/simsec=53713.6
     Messages:  created: 12933331   present: 9443   in FES: 152
** Event #13250304   t=494.547888932856   Elapsed: 437.019s (7m 17s)  98% completed  (49% total)
     Speed:     ev/sec=28441.4   simsec/sec=0.484712   ev/simsec=58676.9
     Messages:  created: 12996274   present: 9040   in FES: 159
** Event #13309696   t=495.54897526243   Elapsed: 439.022s (7m 19s)  99% completed  (49% total)
     Speed:     ev/sec=29655.5   simsec/sec=0.49986   ev/simsec=59327.6
     Messages:  created: 13063007   present: 9014   in FES: 151
** Event #13370368   t=497.023386334054   Elapsed: 441.022s (7m 21s)  99% completed  (49% total)
     Speed:     ev/sec=30324.7   simsec/sec=0.73693   ev/simsec=41150
     Messages:  created: 13136634   present: 8982   in FES: 150
** Event #13431040   t=498.077228529348   Elapsed: 443.023s (7m 23s)  99% completed  (49% total)
     Speed:     ev/sec=30322.9   simsec/sec=0.526693   ev/simsec=57572.2
     Messages:  created: 13204812   present: 9054   in FES: 140
** Event #13488896   t=499.02556170799   Elapsed: 445.029s (7m 25s)  99% completed  (49% total)
     Speed:     ev/sec=28839.3   simsec/sec=0.472713   ev/simsec=61008.1
     Messages:  created: 13269389   present: 9040   in FES: 150
** Event #13544311   t=500   Elapsed: 446.941s (7m 26s)  100% completed  (50% total)
     Speed:     ev/sec=28984.4   simsec/sec=0.501734   ev/simsec=57768.5
     Messages:  created: 13332609   present: 9050   in FES: 122

<!> Simulation time limit reached -- at t=500s, event #13544311
undisposed object: (omnetpp::cMessage) FanetSarNetwork.groundStation.app.debugTimer -- check module destructor
undisposed object: (omnetpp::cMessage) FanetSarNetwork.uav[0].app.debugTimer -- check module destructor
undisposed object: (omnetpp::cMessage) FanetSarNetwork.uav[1].app.debugTimer -- check module destructor
undisposed object: (omnetpp::cMessage) FanetSarNetwork.uav[2].app.debugTimer -- check module destructor
undisposed object: (omnetpp::cMessage) FanetSarNetwork.uav[3].app.debugTimer -- check module destructor
undisposed object: (omnetpp::cMessage) FanetSarNetwork.uav[4].app.debugTimer -- check module destructor
undisposed object: (omnetpp::cMessage) FanetSarNetwork.uav[5].app.debugTimer -- check module destructor
undisposed object: (omnetpp::cMessage) FanetSarNetwork.uav[6].app.debugTimer -- check module destructor
undisposed object: (omnetpp::cMessage) FanetSarNetwork.uav[7].app.debugTimer -- check module destructor
undisposed object: (omnetpp::cMessage) FanetSarNetwork.uav[8].app.debugTimer -- check module destructor
undisposed object: (omnetpp::cMessage) FanetSarNetwork.uav[9].app.debugTimer -- check module destructor
undisposed object: (omnetpp::cMessage) FanetSarNetwork.uav[10].app.debugTimer -- check module destructor
undisposed object: (omnetpp::cMessage) FanetSarNetwork.uav[11].app.debugTimer -- check module destructor
undisposed object: (omnetpp::cMessage) FanetSarNetwork.uav[12].app.debugTimer -- check module destructor
undisposed object: (omnetpp::cMessage) FanetSarNetwork.uav[13].app.debugTimer -- check module destructor
undisposed object: (omnetpp::cMessage) FanetSarNetwork.uav[14].app.debugTimer -- check module destructor
undisposed object: (omnetpp::cMessage) FanetSarNetwork.uav[15].app.debugTimer -- check module destructor
undisposed object: (omnetpp::cMessage) FanetSarNetwork.uav[16].app.debugTimer -- check module destructor
undisposed object: (omnetpp::cMessage) FanetSarNetwork.uav[17].app.debugTimer -- check module destructor
undisposed object: (omnetpp::cMessage) FanetSarNetwork.uav[18].app.debugTimer -- check module destructor
undisposed object: (omnetpp::cMessage) FanetSarNetwork.uav[19].app.debugTimer -- check module destructor
undisposed object: (omnetpp::cMessage) FanetSarNetwork.uav[20].app.debugTimer -- check module destructor
undisposed object: (omnetpp::cMessage) FanetSarNetwork.uav[21].app.debugTimer -- check module destructor
undisposed object: (omnetpp::cMessage) FanetSarNetwork.uav[22].app.debugTimer -- check module destructor
undisposed object: (omnetpp::cMessage) FanetSarNetwork.uav[23].app.debugTimer -- check module destructor
undisposed object: (omnetpp::cMessage) FanetSarNetwork.uav[24].app.debugTimer -- check module destructor
undisposed object: (omnetpp::cMessage) FanetSarNetwork.uav[25].app.debugTimer -- check module destructor
undisposed object: (omnetpp::cMessage) FanetSarNetwork.uav[26].app.debugTimer -- check module destructor
undisposed object: (omnetpp::cMessage) FanetSarNetwork.uav[27].app.debugTimer -- check module destructor
undisposed object: (omnetpp::cMessage) FanetSarNetwork.uav[28].app.debugTimer -- check module destructor
undisposed object: (omnetpp::cMessage) FanetSarNetwork.uav[29].app.debugTimer -- check module destructor
