** Event #0   t=0   Elapsed: 1.9e-05s (0m 00s)  0% completed  (0% total)
     Speed:     ev/sec=0   simsec/sec=0   ev/simsec=0
     Messages:  created: 1178   present: 1178   in FES: 186
** Event #62976   t=7.091779239566   Elapsed: 2.00449s (0m 02s)  1% completed  (0% total)
     Speed:     ev/sec=31418.2   simsec/sec=3.53797   ev/simsec=8880.28
     Messages:  created: 56502   present: 1213   in FES: 154
** Event #114688   t=13.035167242219   Elapsed: 4.00781s (0m 04s)  2% completed  (1% total)
     Speed:     ev/sec=25813.2   simsec/sec=2.96678   ev/simsec=8700.76
     Messages:  created: 99771   present: 1202   in FES: 154
** Event #164352   t=18.53938969107   Elapsed: 6.00806s (0m 06s)  3% completed  (1% total)
     Speed:     ev/sec=24828.9   simsec/sec=2.75176   ev/simsec=9022.89
     Messages:  created: 141468   present: 1123   in FES: 124
** Event #206080   t=23.043455414769   Elapsed: 8.01446s (0m 08s)  4% completed  (2% total)
     Speed:     ev/sec=20797.5   simsec/sec=2.24485   ev/simsec=9264.52
     Messages:  created: 176596   present: 1210   in FES: 153
** Event #257536   t=28.564265649996   Elapsed: 10.0343s (0m 10s)  5% completed  (2% total)
     Speed:     ev/sec=25475.6   simsec/sec=2.73333   ev/simsec=9320.37
     Messages:  created: 219913   present: 1194   in FES: 147
** Event #306176   t=34.043403754478   Elapsed: 12.0352s (0m 12s)  6% completed  (3% total)
     Speed:     ev/sec=24308.7   simsec/sec=2.73829   ev/simsec=8877.31
     Messages:  created: 260802   present: 1207   in FES: 154
** Event #349440   t=38.570882797682   Elapsed: 14.0358s (0m 14s)  7% completed  (3% total)
     Speed:     ev/sec=21625.1   simsec/sec=2.26301   ev/simsec=9555.87
     Messages:  created: 297140   present: 1170   in FES: 137
** Event #395264   t=43.583946282021   Elapsed: 16.0533s (0m 16s)  8% completed  (4% total)
     Speed:     ev/sec=22713.5   simsec/sec=2.48481   ev/simsec=9140.92
     Messages:  created: 335668   present: 1190   in FES: 147
** Event #440576   t=48.570803254656   Elapsed: 18.0639s (0m 18s)  9% completed  (4% total)
     Speed:     ev/sec=22536.5   simsec/sec=2.48028   ev/simsec=9086.28
     Messages:  created: 373702   present: 1169   in FES: 136
** Event #486400   t=54.054257357658   Elapsed: 20.0646s (0m 20s)  10% completed  (5% total)
     Speed:     ev/sec=22903.8   simsec/sec=2.74074   ev/simsec=8356.78
     Messages:  created: 413348   present: 1209   in FES: 154
** Event #545024   t=61.593072008995   Elapsed: 22.0704s (0m 22s)  12% completed  (6% total)
     Speed:     ev/sec=29227.6   simsec/sec=3.75856   ev/simsec=7776.29
     Messages:  created: 467598   present: 1178   in FES: 141
** Event #600064   t=68.552467551543   Elapsed: 24.0782s (0m 24s)  13% completed  (6% total)
     Speed:     ev/sec=27413   simsec/sec=3.46616   ev/simsec=7908.73
     Messages:  created: 516636   present: 1201   in FES: 150
** Event #650496   t=74.551419447386   Elapsed: 26.0863s (0m 26s)  14% completed  (7% total)
     Speed:     ev/sec=25114.3   simsec/sec=2.98738   ev/simsec=8406.8
     Messages:  created: 560601   present: 1125   in FES: 126
** Event #699392   t=80.551416075873   Elapsed: 28.0953s (0m 28s)  16% completed  (8% total)
     Speed:     ev/sec=24338.7   simsec/sec=2.98658   ev/simsec=8149.34
     Messages:  created: 603775   present: 1211   in FES: 153
** Event #751872   t=87.0805764768   Elapsed: 30.1012s (0m 30s)  17% completed  (8% total)
     Speed:     ev/sec=26163   simsec/sec=3.25501   ev/simsec=8037.79
     Messages:  created: 651672   present: 1194   in FES: 147
** Event #809984   t=95.052220591133   Elapsed: 32.1074s (0m 32s)  19% completed  (9% total)
     Speed:     ev/sec=28966.7   simsec/sec=3.97357   ev/simsec=7289.84
     Messages:  created: 705938   present: 1175   in FES: 140
** Event #875520   t=103.582596392819   Elapsed: 34.1169s (0m 34s)  20% completed  (10% total)
     Speed:     ev/sec=32611.9   simsec/sec=4.24486   ev/simsec=7682.66
     Messages:  created: 766734   present: 1634   in FES: 181
** Event #938496   t=111.683818426682   Elapsed: 36.1194s (0m 36s)  22% completed  (11% total)
     Speed:     ev/sec=31448.7   simsec/sec=4.04556   ev/simsec=7773.64
     Messages:  created: 823896   present: 1514   in FES: 123
** Event #1005056   t=120.518299298603   Elapsed: 38.129s (0m 38s)  24% completed  (12% total)
     Speed:     ev/sec=33122   simsec/sec=4.39627   ev/simsec=7534.12
     Messages:  created: 884261   present: 2647   in FES: 145
** Event #1068800   t=128.564390621668   Elapsed: 40.1296s (0m 40s)  25% completed  (12% total)
     Speed:     ev/sec=31862   simsec/sec=4.02178   ev/simsec=7922.36
     Messages:  created: 942264   present: 3613   in FES: 144
** Event #1145344   t=138.533975469478   Elapsed: 42.1352s (0m 42s)  27% completed  (13% total)
     Speed:     ev/sec=38165.5   simsec/sec=4.97092   ev/simsec=7677.75
     Messages:  created: 1011758   present: 4780   in FES: 135
** Event #1210112   t=146.589763120022   Elapsed: 44.1354s (0m 44s)  29% completed  (14% total)
     Speed:     ev/sec=32380.2   simsec/sec=4.02742   ev/simsec=8039.93
     Messages:  created: 1070783   present: 5788   in FES: 148
** Event #1287424   t=156.57845970263   Elapsed: 46.1356s (0m 46s)  31% completed  (15% total)
     Speed:     ev/sec=38652   simsec/sec=4.99383   ev/simsec=7739.95
     Messages:  created: 1141047   present: 6992   in FES: 154
** Event #1359616   t=166.037388215018   Elapsed: 48.142s (0m 48s)  33% completed  (16% total)
     Speed:     ev/sec=35981.7   simsec/sec=4.71449   ev/simsec=7632.15
     Messages:  created: 1206534   present: 8125   in FES: 148
** Event #1442816   t=176.576177371229   Elapsed: 50.1484s (0m 50s)  35% completed  (17% total)
     Speed:     ev/sec=41467.8   simsec/sec=5.25264   ev/simsec=7894.65
     Messages:  created: 1282169   present: 9398   in FES: 154
** Event #1519872   t=186.062628714996   Elapsed: 52.149s (0m 52s)  37% completed  (18% total)
     Speed:     ev/sec=38515.5   simsec/sec=4.74168   ev/simsec=8122.74
     Messages:  created: 1350455   present: 10455   in FES: 124
** Event #1576704   t=192.57411378542   Elapsed: 54.1632s (0m 54s)  38% completed  (19% total)
     Speed:     ev/sec=28215.9   simsec/sec=3.23281   ev/simsec=8727.96
     Messages:  created: 1398937   present: 11326   in FES: 152
** Event #1637632   t=199.574232901011   Elapsed: 56.1639s (0m 56s)  39% completed  (19% total)
     Speed:     ev/sec=30452.9   simsec/sec=3.49879   ev/simsec=8703.85
     Messages:  created: 1451270   present: 12165   in FES: 154
** Event #1707776   t=207.574039791804   Elapsed: 58.1732s (0m 58s)  41% completed  (20% total)
     Speed:     ev/sec=34910.4   simsec/sec=3.98147   ev/simsec=8768.21
     Messages:  created: 1511424   present: 13107   in FES: 154
** Event #1772288   t=215.065039811169   Elapsed: 60.1746s (1m 00s)  43% completed  (21% total)
     Speed:     ev/sec=32233.4   simsec/sec=3.74288   ev/simsec=8611.93
     Messages:  created: 1567118   present: 13999   in FES: 154
** Event #1843712   t=224.044237500596   Elapsed: 62.1776s (1m 02s)  44% completed  (22% total)
     Speed:     ev/sec=35658.1   simsec/sec=4.48283   ev/simsec=7954.39
     Messages:  created: 1630758   present: 15083   in FES: 148
** Event #1929728   t=233.590012339601   Elapsed: 64.1824s (1m 04s)  46% completed  (23% total)
     Speed:     ev/sec=42905.7   simsec/sec=4.76154   ev/simsec=9010.9
     Messages:  created: 1713334   present: 16208   in FES: 160
** Event #1999872   t=242.596870318451   Elapsed: 66.1886s (1m 06s)  48% completed  (24% total)
     Speed:     ev/sec=34962.3   simsec/sec=4.48935   ev/simsec=7787.84
     Messages:  created: 1777110   present: 2110   in FES: 155
** Event #2075904   t=252.550265519117   Elapsed: 68.1887s (1m 08s)  50% completed  (25% total)
     Speed:     ev/sec=38015.3   simsec/sec=4.97661   ev/simsec=7638.8
     Messages:  created: 1846076   present: 3291   in FES: 143
** Event #2161408   t=263.550267059367   Elapsed: 70.1929s (1m 10s)  52% completed  (26% total)
     Speed:     ev/sec=42661.7   simsec/sec=5.48839   ev/simsec=7773.09
     Messages:  created: 1923780   present: 4608   in FES: 142
** Event #2224128   t=270.577095486291   Elapsed: 72.2029s (1m 12s)  54% completed  (27% total)
     Speed:     ev/sec=31204.6   simsec/sec=3.496   ev/simsec=8925.79
     Messages:  created: 1976985   present: 5461   in FES: 154
** Event #2271232   t=275.514864885766   Elapsed: 74.2102s (1m 14s)  55% completed  (27% total)
     Speed:     ev/sec=23466.4   simsec/sec=2.45991   ev/simsec=9539.53
     Messages:  created: 2014591   present: 6022   in FES: 137
** Event #2310656   t=279.515225163679   Elapsed: 76.2356s (1m 16s)  55% completed  (27% total)
     Speed:     ev/sec=19464.7   simsec/sec=1.97509   ev/simsec=9855.11
     Messages:  created: 2046229   present: 6489   in FES: 132
** Event #2356480   t=284.534039321099   Elapsed: 78.2379s (1m 18s)  56% completed  (28% total)
     Speed:     ev/sec=22885.5   simsec/sec=2.50651   ev/simsec=9130.44
     Messages:  created: 2084785   present: 7113   in FES: 138
** Event #2425600   t=293.091779318228   Elapsed: 80.239s (1m 20s)  58% completed  (29% total)
     Speed:     ev/sec=34540.9   simsec/sec=4.2765   ev/simsec=8076.9
     Messages:  created: 2147541   present: 8175   in FES: 154
** Event #2501632   t=303.054812729909   Elapsed: 82.2407s (1m 22s)  60% completed  (30% total)
     Speed:     ev/sec=37983.9   simsec/sec=4.97731   ev/simsec=7631.41
     Messages:  created: 2216508   present: 9373   in FES: 151
** Event #2588416   t=314.071513225825   Elapsed: 84.2435s (1m 24s)  62% completed  (31% total)
     Speed:     ev/sec=43330.1   simsec/sec=5.50049   ev/simsec=7877.49
     Messages:  created: 2295300   present: 10666   in FES: 140
** Event #2650624   t=317.532217914259   Elapsed: 86.2469s (1m 26s)  63% completed  (31% total)
     Speed:     ev/sec=31052.2   simsec/sec=1.72747   ev/simsec=17975.5
     Messages:  created: 2363931   present: 10944   in FES: 125
** Event #2727936   t=320.014273216835   Elapsed: 88.2504s (1m 28s)  64% completed  (32% total)
     Speed:     ev/sec=38588.2   simsec/sec=1.23885   ev/simsec=31148.4
     Messages:  created: 2456144   present: 11052   in FES: 126
** Event #2802688   t=322.084231878059   Elapsed: 90.2544s (1m 30s)  64% completed  (32% total)
     Speed:     ev/sec=37301.4   simsec/sec=1.03291   ev/simsec=36112.8
     Messages:  created: 2544455   present: 11220   in FES: 154
** Event #2875392   t=324.24873053412   Elapsed: 92.2559s (1m 32s)  64% completed  (32% total)
     Speed:     ev/sec=36325   simsec/sec=1.08145   ev/simsec=33589.3
     Messages:  created: 2631072   present: 11244   in FES: 155
** Event #2954496   t=326.52259205566   Elapsed: 94.2594s (1m 34s)  65% completed  (32% total)
     Speed:     ev/sec=39481.9   simsec/sec=1.13492   ev/simsec=34788.4
     Messages:  created: 2725777   present: 11375   in FES: 176
** Event #3024384   t=328.533354775113   Elapsed: 96.2654s (1m 36s)  65% completed  (32% total)
     Speed:     ev/sec=34839.3   simsec/sec=1.00237   ev/simsec=34757
     Messages:  created: 2808876   present: 11372   in FES: 134
** Event #3100160   t=330.744858858844   Elapsed: 98.2678s (1m 38s)  66% completed  (33% total)
     Speed:     ev/sec=37843.7   simsec/sec=1.10446   ev/simsec=34264.5
     Messages:  created: 2898941   present: 11470   in FES: 141
** Event #3176192   t=332.999913798618   Elapsed: 100.272s (1m 40s)  66% completed  (33% total)
     Speed:     ev/sec=37928   simsec/sec=1.12492   ev/simsec=33716.3
     Messages:  created: 2990805   present: 11590   in FES: 175
** Event #3249920   t=335.083625047638   Elapsed: 102.273s (1m 42s)  67% completed  (33% total)
     Speed:     ev/sec=36862.5   simsec/sec=1.04181   ev/simsec=35383
     Messages:  created: 3078615   present: 11678   in FES: 153
** Event #3325440   t=337.484962575173   Elapsed: 104.273s (1m 44s)  67% completed  (33% total)
     Speed:     ev/sec=37749.3   simsec/sec=1.20033   ev/simsec=31449.1
     Messages:  created: 3171277   present: 11667   in FES: 123
** Event #3405056   t=340.060157895073   Elapsed: 106.278s (1m 46s)  68% completed  (34% total)
     Speed:     ev/sec=39707.6   simsec/sec=1.28435   ev/simsec=30916.5
     Messages:  created: 3268293   present: 11872   in FES: 154
** Event #3487232   t=342.58269249222   Elapsed: 108.28s (1m 48s)  68% completed  (34% total)
     Speed:     ev/sec=41053.5   simsec/sec=1.26021   ev/simsec=32576.8
     Messages:  created: 3367185   present: 11968   in FES: 154
** Event #3565824   t=344.953661664878   Elapsed: 110.286s (1m 50s)  68% completed  (34% total)
     Speed:     ev/sec=39177.2   simsec/sec=1.1819   ev/simsec=33147.6
     Messages:  created: 3461811   present: 12026   in FES: 144
** Event #3644416   t=347.091832627816   Elapsed: 112.29s (1m 52s)  69% completed  (34% total)
     Speed:     ev/sec=39210.1   simsec/sec=1.06675   ev/simsec=36756.6
     Messages:  created: 3554422   present: 12098   in FES: 136
** Event #3721984   t=349.475031025513   Elapsed: 114.295s (1m 54s)  69% completed  (34% total)
     Speed:     ev/sec=38701.9   simsec/sec=1.18908   ev/simsec=32547.9
     Messages:  created: 3647913   present: 12199   in FES: 175
** Event #3795712   t=351.530355896024   Elapsed: 116.299s (1m 56s)  70% completed  (35% total)
     Speed:     ev/sec=36780.4   simsec/sec=1.02533   ev/simsec=35871.7
     Messages:  created: 3735536   present: 12238   in FES: 129
** Event #3867648   t=353.562844352979   Elapsed: 118.302s (1m 58s)  70% completed  (35% total)
     Speed:     ev/sec=35909.4   simsec/sec=1.01459   ev/simsec=35393.1
     Messages:  created: 3820901   present: 12302   in FES: 156
** Event #3951360   t=356.011399705215   Elapsed: 120.307s (2m 00s)  71% completed  (35% total)
     Speed:     ev/sec=41768   simsec/sec=1.2217   ev/simsec=34188.3
     Messages:  created: 3921962   present: 12448   in FES: 163
** Event #4014080   t=357.275150073445   Elapsed: 122.307s (2m 02s)  71% completed  (35% total)
     Speed:     ev/sec=31348.8   simsec/sec=0.631649   ev/simsec=49630.1
     Messages:  created: 3998115   present: 12547   in FES: 158
** Event #4084736   t=358.499707242952   Elapsed: 124.307s (2m 04s)  71% completed  (35% total)
     Speed:     ev/sec=35325.3   simsec/sec=0.612232   ev/simsec=57699.2
     Messages:  created: 4088196   present: 12149   in FES: 134
** Event #4141056   t=362.539125599889   Elapsed: 126.316s (2m 06s)  72% completed  (36% total)
     Speed:     ev/sec=28045.9   simsec/sec=2.01152   ev/simsec=13942.6
     Messages:  created: 4142759   present: 9124   in FES: 175
** Event #4209664   t=364.810817665464   Elapsed: 128.32s (2m 08s)  72% completed  (36% total)
     Speed:     ev/sec=34225.1   simsec/sec=1.13323   ev/simsec=30201.3
     Messages:  created: 4225208   present: 7431   in FES: 173
** Event #4274944   t=365.776275999375   Elapsed: 130.324s (2m 10s)  73% completed  (36% total)
     Speed:     ev/sec=32582.6   simsec/sec=0.481881   ev/simsec=67615.6
     Messages:  created: 4308381   present: 6716   in FES: 170
** Event #4349440   t=368.428315765693   Elapsed: 132.326s (2m 12s)  73% completed  (36% total)
     Speed:     ev/sec=37208.1   simsec/sec=1.3246   ev/simsec=28090.1
     Messages:  created: 4393701   present: 1932   in FES: 158
** Event #4426240   t=371.250171946209   Elapsed: 134.327s (2m 14s)  74% completed  (37% total)
     Speed:     ev/sec=38370.7   simsec/sec=1.40985   ev/simsec=27216.1
     Messages:  created: 4480676   present: 2179   in FES: 149
** Event #4497408   t=374.603859564108   Elapsed: 136.336s (2m 16s)  74% completed  (37% total)
     Speed:     ev/sec=35438.8   simsec/sec=1.67   ev/simsec=21220.8
     Messages:  created: 4560113   present: 2143   in FES: 152
** Event #4577024   t=379.833321742015   Elapsed: 138.336s (2m 18s)  75% completed  (37% total)
     Speed:     ev/sec=39804.7   simsec/sec=2.61452   ev/simsec=15224.5
     Messages:  created: 4646256   present: 2613   in FES: 154
** Event #4668160   t=385.585257705803   Elapsed: 140.342s (2m 20s)  77% completed  (38% total)
     Speed:     ev/sec=45424.7   simsec/sec=2.86692   ev/simsec=15844.4
     Messages:  created: 4744898   present: 3230   in FES: 149
** Event #4751616   t=391.499784232423   Elapsed: 142.349s (2m 22s)  78% completed  (39% total)
     Speed:     ev/sec=41590.6   simsec/sec=2.94752   ev/simsec=14110.3
     Messages:  created: 4838783   present: 3768   in FES: 138
** Event #4829184   t=396.725746028746   Elapsed: 144.351s (2m 24s)  79% completed  (39% total)
     Speed:     ev/sec=38747.3   simsec/sec=2.61051   ev/simsec=14842.8
     Messages:  created: 4925549   present: 4329   in FES: 165
** Event #4916736   t=402.748775545147   Elapsed: 146.355s (2m 26s)  80% completed  (40% total)
     Speed:     ev/sec=43680.2   simsec/sec=3.00492   ev/simsec=14536.2
     Messages:  created: 5023876   present: 4885   in FES: 138
** Event #5011200   t=409.235024853683   Elapsed: 148.359s (2m 28s)  81% completed  (40% total)
     Speed:     ev/sec=47140.3   simsec/sec=3.23683   ev/simsec=14563.7
     Messages:  created: 5129926   present: 5493   in FES: 123
** Event #5096960   t=415.072231919534   Elapsed: 150.362s (2m 30s)  83% completed  (41% total)
     Speed:     ev/sec=42818.6   simsec/sec=2.91443   ev/simsec=14692
     Messages:  created: 5226268   present: 6118   in FES: 134
** Event #5172992   t=420.475315258456   Elapsed: 152.364s (2m 32s)  84% completed  (42% total)
     Speed:     ev/sec=37980.8   simsec/sec=2.69904   ev/simsec=14072
     Messages:  created: 5311909   present: 6697   in FES: 154
** Event #5265920   t=426.748729272653   Elapsed: 154.365s (2m 34s)  85% completed  (42% total)
     Speed:     ev/sec=46436.9   simsec/sec=3.13487   ev/simsec=14813
     Messages:  created: 5416016   present: 7306   in FES: 156
** Event #5365504   t=433.565180558284   Elapsed: 156.367s (2m 36s)  86% completed  (43% total)
     Speed:     ev/sec=49727.4   simsec/sec=3.4038   ev/simsec=14609.4
     Messages:  created: 5527989   present: 7966   in FES: 133
** Event #5442816   t=438.999561897941   Elapsed: 158.369s (2m 38s)  87% completed  (43% total)
     Speed:     ev/sec=38618.5   simsec/sec=2.71456   ev/simsec=14226.5
     Messages:  created: 5615054   present: 8568   in FES: 161
** Event #5524736   t=444.551189307759   Elapsed: 160.376s (2m 40s)  88% completed  (44% total)
     Speed:     ev/sec=40820.7   simsec/sec=2.76637   ev/simsec=14756
     Messages:  created: 5707044   present: 9114   in FES: 154
** Event #5615104   t=450.725655285611   Elapsed: 162.38s (2m 42s)  90% completed  (45% total)
     Speed:     ev/sec=45102.9   simsec/sec=3.0817   ev/simsec=14635.8
     Messages:  created: 5808205   present: 9716   in FES: 154
** Event #5708288   t=457.075521237   Elapsed: 164.381s (2m 44s)  91% completed  (45% total)
     Speed:     ev/sec=46549.9   simsec/sec=3.17206   ev/simsec=14675
     Messages:  created: 5912905   present: 10340   in FES: 144
** Event #5792512   t=463.004743718873   Elapsed: 166.383s (2m 46s)  92% completed  (46% total)
     Speed:     ev/sec=42075.1   simsec/sec=2.96201   ev/simsec=14204.9
     Messages:  created: 6007874   present: 10963   in FES: 150
** Event #5871872   t=468.475251207781   Elapsed: 168.387s (2m 48s)  93% completed  (46% total)
     Speed:     ev/sec=39600.2   simsec/sec=2.72975   ev/simsec=14506.9
     Messages:  created: 6096872   present: 11485   in FES: 156
** Event #5948160   t=473.569498232445   Elapsed: 170.394s (2m 50s)  94% completed  (47% total)
     Speed:     ev/sec=38014.6   simsec/sec=2.53848   ev/simsec=14975.3
     Messages:  created: 6182394   present: 11970   in FES: 134
** Event #6023168   t=478.749086994988   Elapsed: 172.399s (2m 52s)  95% completed  (47% total)
     Speed:     ev/sec=37412.2   simsec/sec=2.58346   ev/simsec=14481.5
     Messages:  created: 6266555   present: 12453   in FES: 137
** Event #6109440   t=484.591006925443   Elapsed: 174.401s (2m 54s)  96% completed  (48% total)
     Speed:     ev/sec=43095.3   simsec/sec=2.91821   ev/simsec=14767.7
     Messages:  created: 6363467   present: 13114   in FES: 153
** Event #6191872   t=489.083549629214   Elapsed: 176.402s (2m 56s)  97% completed  (48% total)
     Speed:     ev/sec=41194.4   simsec/sec=2.24509   ev/simsec=18348.6
     Messages:  created: 6460021   present: 13471   in FES: 158
** Event #6278912   t=492.5362463419   Elapsed: 178.407s (2m 58s)  98% completed  (49% total)
     Speed:     ev/sec=43408.1   simsec/sec=1.72191   ev/simsec=25209.3
     Messages:  created: 6567234   present: 13714   in FES: 155
** Event #6347264   t=495.260796866709   Elapsed: 180.414s (3m 00s)  99% completed  (49% total)
     Speed:     ev/sec=34062.7   simsec/sec=1.35776   ev/simsec=25087.4
     Messages:  created: 6650275   present: 6800   in FES: 159
** Event #6422016   t=498.527223275101   Elapsed: 182.416s (3m 02s)  99% completed  (49% total)
     Speed:     ev/sec=37338.4   simsec/sec=1.63157   ev/simsec=22884.9
     Messages:  created: 6741176   present: 7015   in FES: 156
** Event #6452417   t=500   Elapsed: 183.131s (3m 03s)  100% completed  (50% total)
     Speed:     ev/sec=42482.6   simsec/sec=2.05767   ev/simsec=20645.9
     Messages:  created: 6777415   present: 7019   in FES: 126

<!> Simulation time limit reached -- at t=500s, event #6452417
undisposed object: (omnetpp::cMessage) FanetSarNetwork.groundStation.app.debugTimer -- check module destructor
undisposed object: (omnetpp::cMessage) FanetSarNetwork.uav[0].app.debugTimer -- check module destructor
undisposed object: (omnetpp::cMessage) FanetSarNetwork.uav[1].app.debugTimer -- check module destructor
undisposed object: (omnetpp::cMessage) FanetSarNetwork.uav[2].app.debugTimer -- check module destructor
undisposed object: (omnetpp::cMessage) FanetSarNetwork.uav[3].app.debugTimer -- check module destructor
undisposed object: (omnetpp::cMessage) FanetSarNetwork.uav[4].app.debugTimer -- check module destructor
undisposed object: (omnetpp::cMessage) FanetSarNetwork.uav[5].app.debugTimer -- check module destructor
undisposed object: (omnetpp::cMessage) FanetSarNetwork.uav[6].app.debugTimer -- check module destructor
undisposed object: (omnetpp::cMessage) FanetSarNetwork.uav[7].app.debugTimer -- check module destructor
undisposed object: (omnetpp::cMessage) FanetSarNetwork.uav[8].app.debugTimer -- check module destructor
undisposed object: (omnetpp::cMessage) FanetSarNetwork.uav[9].app.debugTimer -- check module destructor
undisposed object: (omnetpp::cMessage) FanetSarNetwork.uav[10].app.debugTimer -- check module destructor
undisposed object: (omnetpp::cMessage) FanetSarNetwork.uav[11].app.debugTimer -- check module destructor
undisposed object: (omnetpp::cMessage) FanetSarNetwork.uav[12].app.debugTimer -- check module destructor
undisposed object: (omnetpp::cMessage) FanetSarNetwork.uav[13].app.debugTimer -- check module destructor
undisposed object: (omnetpp::cMessage) FanetSarNetwork.uav[14].app.debugTimer -- check module destructor
undisposed object: (omnetpp::cMessage) FanetSarNetwork.uav[15].app.debugTimer -- check module destructor
undisposed object: (omnetpp::cMessage) FanetSarNetwork.uav[16].app.debugTimer -- check module destructor
undisposed object: (omnetpp::cMessage) FanetSarNetwork.uav[17].app.debugTimer -- check module destructor
undisposed object: (omnetpp::cMessage) FanetSarNetwork.uav[18].app.debugTimer -- check module destructor
undisposed object: (omnetpp::cMessage) FanetSarNetwork.uav[19].app.debugTimer -- check module destructor
undisposed object: (omnetpp::cMessage) FanetSarNetwork.uav[20].app.debugTimer -- check module destructor
undisposed object: (omnetpp::cMessage) FanetSarNetwork.uav[21].app.debugTimer -- check module destructor
undisposed object: (omnetpp::cMessage) FanetSarNetwork.uav[22].app.debugTimer -- check module destructor
undisposed object: (omnetpp::cMessage) FanetSarNetwork.uav[23].app.debugTimer -- check module destructor
undisposed object: (omnetpp::cMessage) FanetSarNetwork.uav[24].app.debugTimer -- check module destructor
undisposed object: (omnetpp::cMessage) FanetSarNetwork.uav[25].app.debugTimer -- check module destructor
undisposed object: (omnetpp::cMessage) FanetSarNetwork.uav[26].app.debugTimer -- check module destructor
undisposed object: (omnetpp::cMessage) FanetSarNetwork.uav[27].app.debugTimer -- check module destructor
undisposed object: (omnetpp::cMessage) FanetSarNetwork.uav[28].app.debugTimer -- check module destructor
undisposed object: (omnetpp::cMessage) FanetSarNetwork.uav[29].app.debugTimer -- check module destructor
