** Event #0   t=0   Elapsed: 1.8e-05s (0m 00s)  0% completed  (0% total)
     Speed:     ev/sec=0   simsec/sec=0   ev/simsec=0
     Messages:  created: 1178   present: 1178   in FES: 186
** Event #89600   t=8.064046232499   Elapsed: 2.00279s (0m 02s)  1% completed  (0% total)
     Speed:     ev/sec=44738.5   simsec/sec=4.02644   ev/simsec=11111.2
     Messages:  created: 89570   present: 1202   in FES: 149
** Event #189440   t=16.505031743295   Elapsed: 4.00304s (0m 04s)  3% completed  (1% total)
     Speed:     ev/sec=49913.6   simsec/sec=4.21995   ev/simsec=11828
     Messages:  created: 189488   present: 1218   in FES: 153
** Event #274688   t=24.509416498004   Elapsed: 6.00969s (0m 06s)  4% completed  (2% total)
     Speed:     ev/sec=42482.7   simsec/sec=3.98893   ev/simsec=10650.2
     Messages:  created: 274349   present: 1252   in FES: 146
** Event #351488   t=32.078343217743   Elapsed: 8.01904s (0m 08s)  6% completed  (3% total)
     Speed:     ev/sec=38221.4   simsec/sec=3.76686   ev/simsec=10146.7
     Messages:  created: 350240   present: 1205   in FES: 154
** Event #425728   t=39.011827442376   Elapsed: 10.0224s (0m 10s)  7% completed  (3% total)
     Speed:     ev/sec=37058.5   simsec/sec=3.461   ev/simsec=10707.5
     Messages:  created: 423686   present: 1127   in FES: 124
** Event #499456   t=45.520932622637   Elapsed: 12.0243s (0m 12s)  9% completed  (4% total)
     Speed:     ev/sec=36828.7   simsec/sec=3.25143   ev/simsec=11326.9
     Messages:  created: 497280   present: 1249   in FES: 154
** Event #568064   t=51.570702543233   Elapsed: 14.0312s (0m 14s)  10% completed  (5% total)
     Speed:     ev/sec=34186.1   simsec/sec=3.01449   ev/simsec=11340.6
     Messages:  created: 564119   present: 1210   in FES: 159
** Event #636416   t=56.507910669354   Elapsed: 16.0323s (0m 16s)  11% completed  (5% total)
     Speed:     ev/sec=34156.1   simsec/sec=2.46716   ev/simsec=13844.3
     Messages:  created: 631439   present: 1353   in FES: 178
** Event #704000   t=60.519800051992   Elapsed: 18.0375s (0m 18s)  12% completed  (6% total)
     Speed:     ev/sec=33705.6   simsec/sec=2.00082   ev/simsec=16845.9
     Messages:  created: 696872   present: 1309   in FES: 158
** Event #771840   t=63.549328125272   Elapsed: 20.0399s (0m 20s)  12% completed  (6% total)
     Speed:     ev/sec=33878.7   simsec/sec=1.51292   ev/simsec=22392.9
     Messages:  created: 760493   present: 1262   in FES: 155
** Event #837632   t=66.569461859829   Elapsed: 22.0453s (0m 22s)  13% completed  (6% total)
     Speed:     ev/sec=32806.9   simsec/sec=1.50598   ev/simsec=21784.5
     Messages:  created: 822376   present: 1261   in FES: 156
** Event #901632   t=68.603987270683   Elapsed: 24.0576s (0m 24s)  13% completed  (6% total)
     Speed:     ev/sec=31805   simsec/sec=1.01106   ev/simsec=31457
     Messages:  created: 882525   present: 1240   in FES: 156
** Event #962304   t=71.026511153815   Elapsed: 26.0623s (0m 26s)  14% completed  (7% total)
     Speed:     ev/sec=30264.8   simsec/sec=1.20842   ev/simsec=25045
     Messages:  created: 937708   present: 1152   in FES: 135
** Event #1027328   t=73.577320881489   Elapsed: 28.068s (0m 28s)  14% completed  (7% total)
     Speed:     ev/sec=32420.1   simsec/sec=1.2718   ev/simsec=25491.5
     Messages:  created: 997068   present: 1263   in FES: 144
** Event #1096960   t=77.069818717791   Elapsed: 30.0757s (0m 30s)  15% completed  (7% total)
     Speed:     ev/sec=34682   simsec/sec=1.73953   ev/simsec=19937.6
     Messages:  created: 1059842   present: 1172   in FES: 137
** Event #1159680   t=80.517426412866   Elapsed: 32.0813s (0m 32s)  16% completed  (8% total)
     Speed:     ev/sec=31272.2   simsec/sec=1.71898   ev/simsec=18192.3
     Messages:  created: 1115447   present: 1213   in FES: 143
** Event #1224192   t=84.002022010479   Elapsed: 34.0833s (0m 34s)  16% completed  (8% total)
     Speed:     ev/sec=32224   simsec/sec=1.74057   ev/simsec=18513.5
     Messages:  created: 1173092   present: 1187   in FES: 154
** Event #1294848   t=88.014392062597   Elapsed: 36.0896s (0m 36s)  17% completed  (8% total)
     Speed:     ev/sec=35216.7   simsec/sec=1.99987   ev/simsec=17609.5
     Messages:  created: 1236988   present: 1142   in FES: 129
** Event #1367808   t=92.001934357695   Elapsed: 38.0906s (0m 38s)  18% completed  (9% total)
     Speed:     ev/sec=36463.1   simsec/sec=1.99285   ev/simsec=18297
     Messages:  created: 1302574   present: 1173   in FES: 142
** Event #1434880   t=95.577088931138   Elapsed: 40.0968s (0m 40s)  19% completed  (9% total)
     Speed:     ev/sec=33432.1   simsec/sec=1.78204   ev/simsec=18760.6
     Messages:  created: 1363433   present: 1351   in FES: 194
** Event #1507072   t=99.515867293124   Elapsed: 42.1018s (0m 42s)  19% completed  (9% total)
     Speed:     ev/sec=36005.9   simsec/sec=1.96448   ev/simsec=18328.5
     Messages:  created: 1428160   present: 1376   in FES: 185
** Event #1570304   t=102.645894115092   Elapsed: 44.1111s (0m 44s)  20% completed  (10% total)
     Speed:     ev/sec=31469.5   simsec/sec=1.55776   ev/simsec=20201.7
     Messages:  created: 1485026   present: 1414   in FES: 152
** Event #1637632   t=106.513651399981   Elapsed: 46.1153s (0m 46s)  21% completed  (10% total)
     Speed:     ev/sec=33593.8   simsec/sec=1.92985   ev/simsec=17407.5
     Messages:  created: 1544659   present: 1935   in FES: 182
** Event #1700352   t=109.580192831545   Elapsed: 48.1193s (0m 48s)  21% completed  (10% total)
     Speed:     ev/sec=31296.2   simsec/sec=1.53015   ev/simsec=20453
     Messages:  created: 1601234   present: 1458   in FES: 171
** Event #1764608   t=112.577586979248   Elapsed: 50.1216s (0m 50s)  22% completed  (11% total)
     Speed:     ev/sec=32091.9   simsec/sec=1.49702   ev/simsec=21437.3
     Messages:  created: 1658535   present: 1803   in FES: 175
** Event #1831936   t=116.514507013559   Elapsed: 52.1227s (0m 52s)  23% completed  (11% total)
     Speed:     ev/sec=33645.3   simsec/sec=1.96737   ev/simsec=17101.7
     Messages:  created: 1717570   present: 2222   in FES: 144
** Event #1893376   t=119.576874684473   Elapsed: 54.1294s (0m 54s)  23% completed  (11% total)
     Speed:     ev/sec=30617.1   simsec/sec=1.52605   ev/simsec=20062.9
     Messages:  created: 1772281   present: 2607   in FES: 154
** Event #1949184   t=121.596268552572   Elapsed: 56.1347s (0m 56s)  24% completed  (12% total)
     Speed:     ev/sec=27830.2   simsec/sec=1.00703   ev/simsec=27636
     Messages:  created: 1822965   present: 2863   in FES: 156
** Event #2004992   t=123.516633294408   Elapsed: 58.1397s (0m 58s)  24% completed  (12% total)
     Speed:     ev/sec=27834.5   simsec/sec=0.957791   ev/simsec=29061.1
     Messages:  created: 1873758   present: 3139   in FES: 164
** Event #2057984   t=124.546955049589   Elapsed: 60.1579s (1m 00s)  24% completed  (12% total)
     Speed:     ev/sec=26257.8   simsec/sec=0.51053   ev/simsec=51432.5
     Messages:  created: 1922489   present: 3075   in FES: 138
** Event #2109952   t=125.545272170581   Elapsed: 62.1629s (1m 02s)  25% completed  (12% total)
     Speed:     ev/sec=25918.1   simsec/sec=0.497893   ev/simsec=52055.6
     Messages:  created: 1970391   present: 3286   in FES: 154
** Event #2162176   t=126.584558956549   Elapsed: 64.1643s (1m 04s)  25% completed  (12% total)
     Speed:     ev/sec=26094.5   simsec/sec=0.519295   ev/simsec=50249.8
     Messages:  created: 2017113   present: 3492   in FES: 155
** Event #2210560   t=127.552834557462   Elapsed: 66.1696s (1m 06s)  25% completed  (12% total)
     Speed:     ev/sec=24127.9   simsec/sec=0.482855   ev/simsec=49969.2
     Messages:  created: 2061259   present: 3557   in FES: 166
** Event #2262016   t=128.531825947592   Elapsed: 68.1706s (1m 08s)  25% completed  (12% total)
     Speed:     ev/sec=25714.7   simsec/sec=0.489243   ev/simsec=52560.2
     Messages:  created: 2107495   present: 3777   in FES: 155
** Event #2313984   t=129.077869891517   Elapsed: 70.1789s (1m 10s)  25% completed  (12% total)
     Speed:     ev/sec=25876.9   simsec/sec=0.271897   ev/simsec=95171.8
     Messages:  created: 2152809   present: 3672   in FES: 148
** Event #2362880   t=129.605451349016   Elapsed: 72.1884s (1m 12s)  25% completed  (12% total)
     Speed:     ev/sec=24332.7   simsec/sec=0.262547   ev/simsec=92679.5
     Messages:  created: 2195579   present: 3823   in FES: 147
** Event #2422784   t=131.061265091703   Elapsed: 74.193s (1m 14s)  26% completed  (13% total)
     Speed:     ev/sec=29882.5   simsec/sec=0.726217   ev/simsec=41148.1
     Messages:  created: 2246100   present: 3856   in FES: 131
** Event #2475008   t=131.612432550122   Elapsed: 76.1964s (1m 16s)  26% completed  (13% total)
     Speed:     ev/sec=26068.7   simsec/sec=0.275126   ev/simsec=94751.6
     Messages:  created: 2291518   present: 4041   in FES: 154
** Event #2526720   t=132.608807475733   Elapsed: 78.2032s (1m 18s)  26% completed  (13% total)
     Speed:     ev/sec=25767.4   simsec/sec=0.49648   ev/simsec=51900.1
     Messages:  created: 2334883   present: 4195   in FES: 150
** Event #2574080   t=133.588486133059   Elapsed: 80.2066s (1m 20s)  26% completed  (13% total)
     Speed:     ev/sec=23639.8   simsec/sec=0.489007   ev/simsec=48342.4
     Messages:  created: 2375076   present: 4363   in FES: 154
** Event #2625792   t=134.577610778793   Elapsed: 82.2325s (1m 22s)  26% completed  (13% total)
     Speed:     ev/sec=25526   simsec/sec=0.48825   ev/simsec=52280.6
     Messages:  created: 2419601   present: 4402   in FES: 153
** Event #2681856   t=136.068236183581   Elapsed: 84.236s (1m 24s)  27% completed  (13% total)
     Speed:     ev/sec=27982.8   simsec/sec=0.744004   ev/simsec=37611.1
     Messages:  created: 2464906   present: 4520   in FES: 149
** Event #2734848   t=137.586638015924   Elapsed: 86.2558s (1m 26s)  27% completed  (13% total)
     Speed:     ev/sec=26236.2   simsec/sec=0.751756   ev/simsec=34899.9
     Messages:  created: 2510060   present: 5030   in FES: 247
** Event #2789888   t=138.602366993167   Elapsed: 88.2656s (1m 28s)  27% completed  (13% total)
     Speed:     ev/sec=27386.1   simsec/sec=0.505393   ev/simsec=54187.7
     Messages:  created: 2556123   present: 4892   in FES: 153
** Event #2843392   t=140.587486840342   Elapsed: 90.287s (1m 30s)  28% completed  (14% total)
     Speed:     ev/sec=26468.4   simsec/sec=0.982039   ev/simsec=26952.5
     Messages:  created: 2599944   present: 5073   in FES: 153
** Event #2895104   t=141.588707891579   Elapsed: 92.2917s (1m 32s)  28% completed  (14% total)
     Speed:     ev/sec=25796.4   simsec/sec=0.499457   ev/simsec=51648.9
     Messages:  created: 2643009   present: 5302   in FES: 154
** Event #2947328   t=142.604653024298   Elapsed: 94.3212s (1m 34s)  28% completed  (14% total)
     Speed:     ev/sec=25732.3   simsec/sec=0.500586   ev/simsec=51404.4
     Messages:  created: 2686606   present: 5441   in FES: 165
** Event #3000576   t=144.590683282903   Elapsed: 96.3245s (1m 36s)  28% completed  (14% total)
     Speed:     ev/sec=26579.4   simsec/sec=0.991353   ev/simsec=26811.3
     Messages:  created: 2730373   present: 5608   in FES: 146
** Event #3051008   t=145.594725168266   Elapsed: 98.3277s (1m 38s)  29% completed  (14% total)
     Speed:     ev/sec=25176   simsec/sec=0.501225   ev/simsec=50229
     Messages:  created: 2772883   present: 5883   in FES: 185
** Event #3101696   t=146.605805631095   Elapsed: 100.334s (1m 40s)  29% completed  (14% total)
     Speed:     ev/sec=25262.5   simsec/sec=0.503914   ev/simsec=50132.5
     Messages:  created: 2815391   present: 5981   in FES: 185
** Event #3153920   t=148.593520907531   Elapsed: 102.34s (1m 42s)  29% completed  (14% total)
     Speed:     ev/sec=26041.8   simsec/sec=0.991186   ev/simsec=26273.4
     Messages:  created: 2857549   present: 6207   in FES: 180
** Event #3205120   t=149.614991293984   Elapsed: 104.342s (1m 44s)  29% completed  (14% total)
     Speed:     ev/sec=25567.6   simsec/sec=0.510088   ev/simsec=50123.8
     Messages:  created: 2900115   present: 6191   in FES: 150
** Event #3255808   t=151.06174842087   Elapsed: 106.349s (1m 46s)  30% completed  (15% total)
     Speed:     ev/sec=25259.8   simsec/sec=0.720977   ev/simsec=35035.6
     Messages:  created: 2942268   present: 6267   in FES: 134
** Event #3308032   t=152.608081821775   Elapsed: 108.354s (1m 48s)  30% completed  (15% total)
     Speed:     ev/sec=26048.7   simsec/sec=0.771292   ev/simsec=33772.8
     Messages:  created: 2985928   present: 6653   in FES: 154
** Event #3359488   t=154.570830839537   Elapsed: 110.361s (1m 50s)  30% completed  (15% total)
     Speed:     ev/sec=25631.9   simsec/sec=0.977708   ev/simsec=26216.3
     Messages:  created: 3027540   present: 6758   in FES: 151
** Event #3408896   t=155.58331050299   Elapsed: 112.362s (1m 52s)  31% completed  (15% total)
     Speed:     ev/sec=24687.4   simsec/sec=0.5059   ev/simsec=48799
     Messages:  created: 3069329   present: 6964   in FES: 170
** Event #3461632   t=157.06673174994   Elapsed: 114.363s (1m 54s)  31% completed  (15% total)
     Speed:     ev/sec=26367   simsec/sec=0.741682   ev/simsec=35550.3
     Messages:  created: 3112537   present: 6983   in FES: 131
** Event #3515136   t=158.579536487654   Elapsed: 116.364s (1m 56s)  31% completed  (15% total)
     Speed:     ev/sec=26725.7   simsec/sec=0.75566   ev/simsec=35367.4
     Messages:  created: 3157083   present: 7729   in FES: 273
** Event #3565824   t=159.611677331637   Elapsed: 118.369s (1m 58s)  31% completed  (15% total)
     Speed:     ev/sec=25283.5   simsec/sec=0.514838   ev/simsec=49109.6
     Messages:  created: 3199427   present: 7343   in FES: 139
** Event #3620096   t=161.579003187123   Elapsed: 120.381s (2m 00s)  32% completed  (16% total)
     Speed:     ev/sec=26972.3   simsec/sec=0.977729   ev/simsec=27586.7
     Messages:  created: 3244717   present: 7698   in FES: 153
** Event #3672320   t=162.596171182326   Elapsed: 122.383s (2m 02s)  32% completed  (16% total)
     Speed:     ev/sec=26090.3   simsec/sec=0.508161   ev/simsec=51342.6
     Messages:  created: 3287371   present: 7737   in FES: 134
** Event #3728384   t=164.582969435039   Elapsed: 124.385s (2m 04s)  32% completed  (16% total)
     Speed:     ev/sec=27999.2   simsec/sec=0.992238   ev/simsec=28218.3
     Messages:  created: 3333356   present: 7991   in FES: 154
** Event #3780608   t=165.590746046615   Elapsed: 126.389s (2m 06s)  33% completed  (16% total)
     Speed:     ev/sec=26061.2   simsec/sec=0.502908   ev/simsec=51821
     Messages:  created: 3377788   present: 8268   in FES: 192
** Event #3829504   t=166.606167165014   Elapsed: 128.397s (2m 08s)  33% completed  (16% total)
     Speed:     ev/sec=24352.6   simsec/sec=0.505729   ev/simsec=48153.4
     Messages:  created: 3420422   present: 8449   in FES: 216
** Event #3881984   t=168.595128375112   Elapsed: 130.4s (2m 10s)  33% completed  (16% total)
     Speed:     ev/sec=26207   simsec/sec=0.993229   ev/simsec=26385.6
     Messages:  created: 3464225   present: 8522   in FES: 170
** Event #3933440   t=169.61694781582   Elapsed: 132.401s (2m 12s)  33% completed  (16% total)
     Speed:     ev/sec=25711   simsec/sec=0.510571   ev/simsec=50357.2
     Messages:  created: 3508045   present: 8613   in FES: 143
** Event #3983104   t=170.613587290633   Elapsed: 134.408s (2m 14s)  34% completed  (17% total)
     Speed:     ev/sec=24748.9   simsec/sec=0.496652   ev/simsec=49831.5
     Messages:  created: 3549889   present: 8825   in FES: 152
** Event #4038400   t=172.601048799636   Elapsed: 136.436s (2m 16s)  34% completed  (17% total)
     Speed:     ev/sec=27258.8   simsec/sec=0.979743   ev/simsec=27822.4
     Messages:  created: 3594744   present: 8940   in FES: 153
** Event #4090624   t=174.01433532855   Elapsed: 138.443s (2m 18s)  34% completed  (17% total)
     Speed:     ev/sec=26025   simsec/sec=0.70429   ev/simsec=36952.2
     Messages:  created: 3638444   present: 8988   in FES: 124
** Event #4143872   t=175.57977971037   Elapsed: 140.446s (2m 20s)  35% completed  (17% total)
     Speed:     ev/sec=26581.5   simsec/sec=0.781473   ev/simsec=34014.6
     Messages:  created: 3684396   present: 9247   in FES: 154
** Event #4197376   t=177.036005727137   Elapsed: 142.448s (2m 22s)  35% completed  (17% total)
     Speed:     ev/sec=26728.2   simsec/sec=0.727464   ev/simsec=36741.5
     Messages:  created: 3728665   present: 9381   in FES: 135
** Event #4249088   t=178.580012072838   Elapsed: 144.454s (2m 24s)  35% completed  (17% total)
     Speed:     ev/sec=25774.8   simsec/sec=0.769577   ev/simsec=33492.1
     Messages:  created: 3771080   present: 9730   in FES: 154
** Event #4300288   t=179.611835709088   Elapsed: 146.455s (2m 26s)  35% completed  (17% total)
     Speed:     ev/sec=25588.5   simsec/sec=0.515681   ev/simsec=49620.9
     Messages:  created: 3814216   present: 9955   in FES: 204
** Event #4356096   t=181.576447303439   Elapsed: 148.478s (2m 28s)  36% completed  (18% total)
     Speed:     ev/sec=27584.7   simsec/sec=0.971065   ev/simsec=28406.6
     Messages:  created: 3858893   present: 10027   in FES: 153
** Event #4407552   t=182.590258686199   Elapsed: 150.479s (2m 30s)  36% completed  (18% total)
     Speed:     ev/sec=25713.4   simsec/sec=0.506617   ev/simsec=50755
     Messages:  created: 3902710   present: 10179   in FES: 140
** Event #4459008   t=183.618594894783   Elapsed: 152.48s (2m 32s)  36% completed  (18% total)
     Speed:     ev/sec=25720   simsec/sec=0.514008   ev/simsec=50038.1
     Messages:  created: 3946192   present: 10292   in FES: 139
** Event #4509952   t=185.579741030612   Elapsed: 154.5s (2m 34s)  37% completed  (18% total)
     Speed:     ev/sec=25223.4   simsec/sec=0.971003   ev/simsec=25976.6
     Messages:  created: 3987771   present: 10572   in FES: 178
** Event #4563968   t=186.601670429799   Elapsed: 156.507s (2m 36s)  37% completed  (18% total)
     Speed:     ev/sec=26905   simsec/sec=0.509015   ev/simsec=52856.9
     Messages:  created: 4033741   present: 10665   in FES: 154
** Event #4616192   t=188.587685928039   Elapsed: 158.532s (2m 38s)  37% completed  (18% total)
     Speed:     ev/sec=25796.4   simsec/sec=0.981007   ev/simsec=26295.9
     Messages:  created: 4077771   present: 10897   in FES: 152
** Event #4665088   t=189.599147950533   Elapsed: 160.536s (2m 40s)  37% completed  (18% total)
     Speed:     ev/sec=24401.9   simsec/sec=0.504778   ev/simsec=48341.9
     Messages:  created: 4121602   present: 11041   in FES: 159
** Event #4715520   t=190.600518022757   Elapsed: 162.543s (2m 42s)  38% completed  (19% total)
     Speed:     ev/sec=25124.9   simsec/sec=0.498876   ev/simsec=50363
     Messages:  created: 4165880   present: 11341   in FES: 196
** Event #4768000   t=192.006077559458   Elapsed: 164.547s (2m 44s)  38% completed  (19% total)
     Speed:     ev/sec=26181.6   simsec/sec=0.701215   ev/simsec=37337.4
     Messages:  created: 4210687   present: 11181   in FES: 135
** Event #4814592   t=192.612370364333   Elapsed: 166.554s (2m 46s)  38% completed  (19% total)
     Speed:     ev/sec=23219.6   simsec/sec=0.302153   ev/simsec=76847.4
     Messages:  created: 4253048   present: 11412   in FES: 144
** Event #4864768   t=193.608604396842   Elapsed: 168.559s (2m 48s)  38% completed  (19% total)
     Speed:     ev/sec=25026.3   simsec/sec=0.496893   ev/simsec=50365.7
     Messages:  created: 4295843   present: 11577   in FES: 166
** Event #4913408   t=194.606445618705   Elapsed: 170.56s (2m 50s)  38% completed  (19% total)
     Speed:     ev/sec=24308.8   simsec/sec=0.49869   ev/simsec=48745.2
     Messages:  created: 4338132   present: 11605   in FES: 147
** Event #4962560   t=196.0143894405   Elapsed: 172.567s (2m 52s)  39% completed  (19% total)
     Speed:     ev/sec=24487.3   simsec/sec=0.70143   ev/simsec=34910.5
     Messages:  created: 4381409   present: 11702   in FES: 148
** Event #5010944   t=196.594505315684   Elapsed: 174.578s (2m 54s)  39% completed  (19% total)
     Speed:     ev/sec=24055.6   simsec/sec=0.288423   ev/simsec=83404
     Messages:  created: 4422044   present: 11887   in FES: 155
** Event #5059072   t=197.582038831728   Elapsed: 176.579s (2m 56s)  39% completed  (19% total)
     Speed:     ev/sec=24061.7   simsec/sec=0.493719   ev/simsec=48735.6
     Messages:  created: 4465360   present: 11873   in FES: 153
** Event #5108224   t=198.588129175853   Elapsed: 178.58s (2m 58s)  39% completed  (19% total)
     Speed:     ev/sec=24563.5   simsec/sec=0.50279   ev/simsec=48854.5
     Messages:  created: 4508609   present: 12050   in FES: 153
** Event #5158144   t=199.5989035114   Elapsed: 180.588s (3m 00s)  39% completed  (19% total)
     Speed:     ev/sec=24853   simsec/sec=0.503222   ev/simsec=49387.9
     Messages:  created: 4551284   present: 12209   in FES: 154
** Event #5207552   t=201.045669145137   Elapsed: 182.588s (3m 02s)  40% completed  (20% total)
     Speed:     ev/sec=24702.6   simsec/sec=0.723341   ev/simsec=34150.7
     Messages:  created: 4594317   present: 12303   in FES: 147
** Event #5258240   t=202.539152454125   Elapsed: 184.595s (3m 04s)  40% completed  (20% total)
     Speed:     ev/sec=25255.8   simsec/sec=0.744142   ev/simsec=33939.4
     Messages:  created: 4636171   present: 12458   in FES: 143
** Event #5310976   t=204.548615093824   Elapsed: 186.596s (3m 06s)  40% completed  (20% total)
     Speed:     ev/sec=26362   simsec/sec=1.0045   ev/simsec=26243.8
     Messages:  created: 4681580   present: 12713   in FES: 154
** Event #5361152   t=205.59656821477   Elapsed: 188.603s (3m 08s)  41% completed  (20% total)
     Speed:     ev/sec=24998.1   simsec/sec=0.5221   ev/simsec=47880
     Messages:  created: 4726290   present: 13144   in FES: 201
** Event #5415680   t=207.555471850977   Elapsed: 190.607s (3m 10s)  41% completed  (20% total)
     Speed:     ev/sec=27207.5   simsec/sec=0.977423   ev/simsec=27836
     Messages:  created: 4771999   present: 13066   in FES: 153
** Event #5467648   t=209.008767063708   Elapsed: 192.615s (3m 12s)  41% completed  (20% total)
     Speed:     ev/sec=25884.4   simsec/sec=0.723861   ev/simsec=35758.7
     Messages:  created: 4817667   present: 13265   in FES: 149
** Event #5525248   t=210.594897096129   Elapsed: 194.618s (3m 14s)  42% completed  (21% total)
     Speed:     ev/sec=28752.4   simsec/sec=0.791753   ev/simsec=36314.8
     Messages:  created: 4866561   present: 13533   in FES: 143
** Event #5575936   t=212.598031934556   Elapsed: 196.626s (3m 16s)  42% completed  (21% total)
     Speed:     ev/sec=25248.2   simsec/sec=0.99778   ev/simsec=25304.3
     Messages:  created: 4911519   present: 13897   in FES: 198
** Event #5628416   t=214.588958238467   Elapsed: 198.633s (3m 18s)  42% completed  (21% total)
     Speed:     ev/sec=26143.4   simsec/sec=0.991798   ev/simsec=26359.6
     Messages:  created: 4957657   present: 13943   in FES: 143
** Event #5678592   t=216.594779977744   Elapsed: 200.634s (3m 20s)  43% completed  (21% total)
     Speed:     ev/sec=25075.1   simsec/sec=1.00239   ev/simsec=25015.2
     Messages:  created: 5002890   present: 14303   in FES: 154
** Event #5733120   t=218.559273383104   Elapsed: 202.642s (3m 22s)  43% completed  (21% total)
     Speed:     ev/sec=27153.6   simsec/sec=0.978268   ev/simsec=27756.8
     Messages:  created: 5052646   present: 14487   in FES: 154
** Event #5790464   t=220.527705775979   Elapsed: 204.646s (3m 24s)  44% completed  (22% total)
     Speed:     ev/sec=28611.7   simsec/sec=0.982145   ev/simsec=29131.8
     Messages:  created: 5105931   present: 14699   in FES: 143
** Event #5847296   t=221.597486890296   Elapsed: 206.65s (3m 26s)  44% completed  (22% total)
     Speed:     ev/sec=28369.3   simsec/sec=0.534011   ev/simsec=53124.9
     Messages:  created: 5159849   present: 14925   in FES: 181
** Event #5902080   t=223.558039209127   Elapsed: 208.655s (3m 28s)  44% completed  (22% total)
     Speed:     ev/sec=27322.9   simsec/sec=0.977802   ev/simsec=27943.1
     Messages:  created: 5210094   present: 15006   in FES: 133
** Event #5958400   t=224.593098741982   Elapsed: 210.66s (3m 30s)  44% completed  (22% total)
     Speed:     ev/sec=28086.2   simsec/sec=0.516173   ev/simsec=54412.3
     Messages:  created: 5262200   present: 15179   in FES: 153
** Event #6022656   t=227.513016713443   Elapsed: 212.66s (3m 32s)  45% completed  (22% total)
     Speed:     ev/sec=32124.5   simsec/sec=1.4598   ev/simsec=22006.1
     Messages:  created: 5320949   present: 15520   in FES: 151
** Event #6085888   t=229.595343562413   Elapsed: 214.672s (3m 34s)  45% completed  (22% total)
     Speed:     ev/sec=31431.6   simsec/sec=1.03509   ev/simsec=30366
     Messages:  created: 5379268   present: 15807   in FES: 177
** Event #6148608   t=232.572360300368   Elapsed: 216.691s (3m 36s)  46% completed  (23% total)
     Speed:     ev/sec=31064.9   simsec/sec=1.4745   ev/simsec=21068.1
     Messages:  created: 5435665   present: 16215   in FES: 183
** Event #6208000   t=235.579696731724   Elapsed: 218.691s (3m 38s)  47% completed  (23% total)
     Speed:     ev/sec=29691.7   simsec/sec=1.50345   ev/simsec=19749
     Messages:  created: 5489002   present: 13450   in FES: 178
** Event #6265344   t=238.517656109485   Elapsed: 220.695s (3m 40s)  47% completed  (23% total)
     Speed:     ev/sec=28614.3   simsec/sec=1.46602   ev/simsec=19518.3
     Messages:  created: 5539655   present: 3648   in FES: 175
** Event #6324224   t=240.581221315389   Elapsed: 222.696s (3m 42s)  48% completed  (24% total)
     Speed:     ev/sec=29430.6   simsec/sec=1.03145   ev/simsec=28533.1
     Messages:  created: 5593307   present: 1845   in FES: 154
** Event #6387200   t=244.068184792441   Elapsed: 224.697s (3m 44s)  48% completed  (24% total)
     Speed:     ev/sec=31468.5   simsec/sec=1.7424   ev/simsec=18060.4
     Messages:  created: 5649180   present: 2161   in FES: 154
** Event #6449408   t=247.011882499979   Elapsed: 226.7s (3m 46s)  49% completed  (24% total)
     Speed:     ev/sec=31056   simsec/sec=1.46958   ev/simsec=21132.6
     Messages:  created: 5705013   present: 2456   in FES: 136
** Event #6511360   t=250.03901353564   Elapsed: 228.707s (3m 48s)  50% completed  (25% total)
     Speed:     ev/sec=30867.8   simsec/sec=1.50828   ev/simsec=20465.6
     Messages:  created: 5760909   present: 2773   in FES: 123
** Event #6574080   t=252.586023005887   Elapsed: 230.711s (3m 50s)  50% completed  (25% total)
     Speed:     ev/sec=31308   simsec/sec=1.27139   ev/simsec=24625
     Messages:  created: 5817855   present: 3177   in FES: 153
** Event #6636800   t=256.061693581959   Elapsed: 232.714s (3m 52s)  51% completed  (25% total)
     Speed:     ev/sec=31310.1   simsec/sec=1.73507   ev/simsec=18045.4
     Messages:  created: 5872700   present: 3571   in FES: 154
** Event #6696960   t=258.607790489681   Elapsed: 234.715s (3m 54s)  51% completed  (25% total)
     Speed:     ev/sec=30056.6   simsec/sec=1.27206   ev/simsec=23628.3
     Messages:  created: 5926345   present: 3930   in FES: 154
** Event #6759680   t=261.589294437497   Elapsed: 236.717s (3m 56s)  52% completed  (26% total)
     Speed:     ev/sec=31328.1   simsec/sec=1.48923   ev/simsec=21036.4
     Messages:  created: 5982946   present: 4215   in FES: 129
** Event #6820352   t=264.569004194361   Elapsed: 238.726s (3m 58s)  52% completed  (26% total)
     Speed:     ev/sec=30208.8   simsec/sec=1.48361   ev/simsec=20361.7
     Messages:  created: 6037368   present: 4678   in FES: 153
** Event #6881536   t=267.559595046323   Elapsed: 240.731s (4m 00s)  53% completed  (26% total)
     Speed:     ev/sec=30517.3   simsec/sec=1.49164   ev/simsec=20458.8
     Messages:  created: 6091435   present: 5029   in FES: 152
** Event #6941184   t=270.575111095614   Elapsed: 242.738s (4m 02s)  54% completed  (27% total)
     Speed:     ev/sec=29712.7   simsec/sec=1.50213   ev/simsec=19780.4
     Messages:  created: 6145088   present: 5344   in FES: 151
** Event #7000832   t=272.606257985762   Elapsed: 244.738s (4m 04s)  54% completed  (27% total)
     Speed:     ev/sec=29820.6   simsec/sec=1.01546   ev/simsec=29366.7
     Messages:  created: 6200089   present: 5597   in FES: 153
** Event #7061504   t=276.525372522518   Elapsed: 246.746s (4m 06s)  55% completed  (27% total)
     Speed:     ev/sec=30224.4   simsec/sec=1.95235   ev/simsec=15481
     Messages:  created: 6252986   present: 6079   in FES: 152
** Event #7122176   t=279.520021095173   Elapsed: 248.753s (4m 08s)  55% completed  (27% total)
     Speed:     ev/sec=30230.8   simsec/sec=1.49213   ev/simsec=20260.1
     Messages:  created: 6307782   present: 6423   in FES: 146
** Event #7180032   t=282.546693191962   Elapsed: 250.761s (4m 10s)  56% completed  (28% total)
     Speed:     ev/sec=28808.8   simsec/sec=1.5071   ev/simsec=19115.4
     Messages:  created: 6360917   present: 6749   in FES: 153
** Event #7236864   t=284.596880465613   Elapsed: 252.762s (4m 12s)  56% completed  (28% total)
     Speed:     ev/sec=28408.7   simsec/sec=1.02483   ev/simsec=27720.4
     Messages:  created: 6415172   present: 7041   in FES: 149
** Event #7297792   t=288.507268903318   Elapsed: 254.768s (4m 14s)  57% completed  (28% total)
     Speed:     ev/sec=30362.3   simsec/sec=1.94867   ev/simsec=15581.1
     Messages:  created: 6472077   present: 7463   in FES: 147
** Event #7360000   t=291.565676325677   Elapsed: 256.775s (4m 16s)  58% completed  (29% total)
     Speed:     ev/sec=31002.4   simsec/sec=1.52421   ev/simsec=20340
     Messages:  created: 6532687   present: 7872   in FES: 151
** Event #7423744   t=294.575271826491   Elapsed: 258.776s (4m 18s)  58% completed  (29% total)
     Speed:     ev/sec=31856.2   simsec/sec=1.50405   ev/simsec=21180.3
     Messages:  created: 6595465   present: 8225   in FES: 152
** Event #7486208   t=297.591100053566   Elapsed: 260.781s (4m 20s)  59% completed  (29% total)
     Speed:     ev/sec=31148.3   simsec/sec=1.50387   ev/simsec=20712.1
     Messages:  created: 6657571   present: 8629   in FES: 153
** Event #7550976   t=302.547485734812   Elapsed: 262.792s (4m 22s)  60% completed  (30% total)
     Speed:     ev/sec=32218.1   simsec/sec=2.46549   ev/simsec=13067.6
     Messages:  created: 6720178   present: 9151   in FES: 149
** Event #7617792   t=307.517678761814   Elapsed: 264.796s (4m 24s)  61% completed  (30% total)
     Speed:     ev/sec=33338.4   simsec/sec=2.47992   ev/simsec=13443.3
     Messages:  created: 6785832   present: 9877   in FES: 180
** Event #7685632   t=312.608454927718   Elapsed: 266.8s (4m 26s)  62% completed  (31% total)
     Speed:     ev/sec=33849.8   simsec/sec=2.54012   ev/simsec=13326.1
     Messages:  created: 6852353   present: 10377   in FES: 152
** Event #7756800   t=318.556954290504   Elapsed: 268.803s (4m 28s)  63% completed  (31% total)
     Speed:     ev/sec=35521.7   simsec/sec=2.96905   ev/simsec=11964
     Messages:  created: 6921103   present: 11102   in FES: 141
** Event #7822080   t=324.06199777053   Elapsed: 270.809s (4m 30s)  64% completed  (32% total)
     Speed:     ev/sec=32547.8   simsec/sec=2.74475   ev/simsec=11858.2
     Messages:  created: 6984069   present: 11732   in FES: 154
** Event #7888640   t=329.077815718803   Elapsed: 272.814s (4m 32s)  65% completed  (32% total)
     Speed:     ev/sec=33190.2   simsec/sec=2.50114   ev/simsec=13270
     Messages:  created: 7049009   present: 12330   in FES: 154
** Event #7963136   t=335.517055823306   Elapsed: 274.817s (4m 34s)  67% completed  (33% total)
     Speed:     ev/sec=37204.4   simsec/sec=3.21585   ev/simsec=11569.1
     Messages:  created: 7121384   present: 13218   in FES: 179
** Event #8034048   t=340.609519567608   Elapsed: 276.822s (4m 36s)  68% completed  (34% total)
     Speed:     ev/sec=35372.5   simsec/sec=2.54024   ev/simsec=13924.9
     Messages:  created: 7191396   present: 13760   in FES: 151
** Event #8103424   t=346.557047515109   Elapsed: 278.831s (4m 38s)  69% completed  (34% total)
     Speed:     ev/sec=34527.4   simsec/sec=2.96   ev/simsec=11664.7
     Messages:  created: 7258715   present: 14459   in FES: 140
** Event #8171264   t=352.518705137142   Elapsed: 280.838s (4m 40s)  70% completed  (35% total)
     Speed:     ev/sec=33804.7   simsec/sec=2.9707   ev/simsec=11379.4
     Messages:  created: 7324005   present: 15170   in FES: 153
** Event #8237568   t=357.056897494791   Elapsed: 282.839s (4m 42s)  71% completed  (35% total)
     Speed:     ev/sec=33121.7   simsec/sec=2.26702   ev/simsec=14610.2
     Messages:  created: 7389846   present: 15724   in FES: 171
** Event #8307712   t=362.51524401488   Elapsed: 284.842s (4m 44s)  72% completed  (36% total)
     Speed:     ev/sec=35022.8   simsec/sec=2.72535   ev/simsec=12850.8
     Messages:  created: 7460908   present: 16422   in FES: 184
** Event #8366592   t=367.002023946108   Elapsed: 286.844s (4m 46s)  73% completed  (36% total)
     Speed:     ev/sec=29417   simsec/sec=2.24164   ev/simsec=13123
     Messages:  created: 7519544   present: 1980   in FES: 155
** Event #8431616   t=372.518577158592   Elapsed: 288.852s (4m 48s)  74% completed  (37% total)
     Speed:     ev/sec=32376.7   simsec/sec=2.7468   ev/simsec=11787.1
     Messages:  created: 7582222   present: 2126   in FES: 153
** Event #8497152   t=377.546485346162   Elapsed: 290.862s (4m 50s)  75% completed  (37% total)
     Speed:     ev/sec=32604.3   simsec/sec=2.5014   ev/simsec=13034.4
     Messages:  created: 7646309   present: 2683   in FES: 141
** Event #8564480   t=382.590621585921   Elapsed: 292.868s (4m 52s)  76% completed  (38% total)
     Speed:     ev/sec=33572.2   simsec/sec=2.51519   ev/simsec=13347.8
     Messages:  created: 7713183   present: 3297   in FES: 135
** Event #8634112   t=388.564485093077   Elapsed: 294.87s (4m 54s)  77% completed  (38% total)
     Speed:     ev/sec=34781.8   simsec/sec=2.984   ev/simsec=11656.1
     Messages:  created: 7780845   present: 4062   in FES: 151
** Event #8700160   t=393.599158061551   Elapsed: 296.871s (4m 56s)  78% completed  (39% total)
     Speed:     ev/sec=33007   simsec/sec=2.51604   ev/simsec=13118.6
     Messages:  created: 7844590   present: 4665   in FES: 159
** Event #8764160   t=398.570959681286   Elapsed: 298.871s (4m 58s)  79% completed  (39% total)
     Speed:     ev/sec=31988.9   simsec/sec=2.48504   ev/simsec=12872.6
     Messages:  created: 7906723   present: 5276   in FES: 154
** Event #8825600   t=402.542750149704   Elapsed: 300.874s (5m 00s)  80% completed  (40% total)
     Speed:     ev/sec=30676.5   simsec/sec=1.98308   ev/simsec=15469.1
     Messages:  created: 7965822   present: 5727   in FES: 148
** Event #8888320   t=405.593564000544   Elapsed: 302.881s (5m 02s)  81% completed  (40% total)
     Speed:     ev/sec=31248.5   simsec/sec=1.51998   ev/simsec=20558.4
     Messages:  created: 8025506   present: 6172   in FES: 153
** Event #8945920   t=407.602236888524   Elapsed: 304.888s (5m 04s)  81% completed  (40% total)
     Speed:     ev/sec=28711   simsec/sec=1.00123   ev/simsec=28675.6
     Messages:  created: 8079430   present: 6401   in FES: 154
** Event #9003776   t=409.566336161293   Elapsed: 306.894s (5m 06s)  81% completed  (40% total)
     Speed:     ev/sec=28838   simsec/sec=0.978993   ev/simsec=29456.8
     Messages:  created: 8132797   present: 6664   in FES: 150
** Event #9061888   t=411.573922254303   Elapsed: 308.902s (5m 08s)  82% completed  (41% total)
     Speed:     ev/sec=28933   simsec/sec=0.999545   ev/simsec=28946.2
     Messages:  created: 8185164   present: 6835   in FES: 153
** Event #9124096   t=414.509194174679   Elapsed: 310.91s (5m 10s)  82% completed  (41% total)
     Speed:     ev/sec=30986.7   simsec/sec=1.4621   ev/simsec=21193.3
     Messages:  created: 8241263   present: 7284   in FES: 173
** Event #9184000   t=417.097915984291   Elapsed: 312.922s (5m 12s)  83% completed  (41% total)
     Speed:     ev/sec=29772.4   simsec/sec=1.2866   ev/simsec=23140.4
     Messages:  created: 8296602   present: 7474   in FES: 149
** Event #9248512   t=420.600583994508   Elapsed: 314.928s (5m 14s)  84% completed  (42% total)
     Speed:     ev/sec=32159.7   simsec/sec=1.74611   ev/simsec=18418
     Messages:  created: 8354321   present: 7951   in FES: 157
** Event #9312512   t=424.58271263455   Elapsed: 316.941s (5m 16s)  84% completed  (42% total)
     Speed:     ev/sec=31796.9   simsec/sec=1.97843   ev/simsec=16071.8
     Messages:  created: 8411403   present: 8599   in FES: 209
** Event #9372928   t=428.064046204171   Elapsed: 318.941s (5m 18s)  85% completed  (42% total)
     Speed:     ev/sec=30201.9   simsec/sec=1.74032   ev/simsec=17354.3
     Messages:  created: 8464727   present: 8797   in FES: 151
** Event #9436672   t=431.579970556386   Elapsed: 320.946s (5m 20s)  86% completed  (43% total)
     Speed:     ev/sec=31788   simsec/sec=1.75333   ev/simsec=18130.1
     Messages:  created: 8521555   present: 9231   in FES: 154
** Event #9496576   t=434.517333749687   Elapsed: 322.956s (5m 22s)  86% completed  (43% total)
     Speed:     ev/sec=29808.7   simsec/sec=1.46166   ev/simsec=20393.8
     Messages:  created: 8575809   present: 9654   in FES: 142
** Event #9561344   t=438.046202057874   Elapsed: 324.958s (5m 24s)  87% completed  (43% total)
     Speed:     ev/sec=32344.6   simsec/sec=1.76229   ev/simsec=18353.8
     Messages:  created: 8632725   present: 9979   in FES: 147
** Event #9620992   t=440.613652801134   Elapsed: 326.965s (5m 26s)  88% completed  (44% total)
     Speed:     ev/sec=29724.9   simsec/sec=1.27946   ev/simsec=23232.4
     Messages:  created: 8686489   present: 10307   in FES: 128
** Event #9683200   t=444.581146913171   Elapsed: 328.969s (5m 28s)  88% completed  (44% total)
     Speed:     ev/sec=31048.5   simsec/sec=1.9802   ev/simsec=15679.4
     Messages:  created: 8741243   present: 10739   in FES: 143
** Event #9747200   t=448.503184314823   Elapsed: 330.985s (5m 30s)  89% completed  (44% total)
     Speed:     ev/sec=31741.8   simsec/sec=1.94519   ev/simsec=16318
     Messages:  created: 8797699   present: 11213   in FES: 153
** Event #9807872   t=451.601093231449   Elapsed: 332.988s (5m 32s)  90% completed  (45% total)
     Speed:     ev/sec=30292.5   simsec/sec=1.54673   ev/simsec=19584.8
     Messages:  created: 8852836   present: 11652   in FES: 153
** Event #9869824   t=455.006077236465   Elapsed: 334.989s (5m 34s)  91% completed  (45% total)
     Speed:     ev/sec=30951.6   simsec/sec=1.70115   ev/simsec=18194.5
     Messages:  created: 8908863   present: 11983   in FES: 137
** Event #9932800   t=458.516306473573   Elapsed: 336.994s (5m 36s)  91% completed  (45% total)
     Speed:     ev/sec=31410.9   simsec/sec=1.75081   ev/simsec=17940.7
     Messages:  created: 8965056   present: 12525   in FES: 150
** Event #9992448   t=462.061264477943   Elapsed: 339.003s (5m 39s)  92% completed  (46% total)
     Speed:     ev/sec=29693.2   simsec/sec=1.7647   ev/simsec=16826.2
     Messages:  created: 9018710   present: 12827   in FES: 136
** Event #10052096   t=464.610361286497   Elapsed: 341.004s (5m 41s)  92% completed  (46% total)
     Speed:     ev/sec=29808.2   simsec/sec=1.27387   ev/simsec=23399.7
     Messages:  created: 9072818   present: 13195   in FES: 144
** Event #10115840   t=468.584536355183   Elapsed: 343.013s (5m 43s)  93% completed  (46% total)
     Speed:     ev/sec=31738.7   simsec/sec=1.97877   ev/simsec=16039.6
     Messages:  created: 9129475   present: 13674   in FES: 151
** Event #10177536   t=472.078114823369   Elapsed: 345.016s (5m 45s)  94% completed  (47% total)
     Speed:     ev/sec=30799.3   simsec/sec=1.74403   ev/simsec=17659.8
     Messages:  created: 9184919   present: 14040   in FES: 138
** Event #10237696   t=475.094429807825   Elapsed: 347.024s (5m 47s)  95% completed  (47% total)
     Speed:     ev/sec=29952.3   simsec/sec=1.50176   ev/simsec=19944.9
     Messages:  created: 9239237   present: 14395   in FES: 137
** Event #10305024   t=478.596846760759   Elapsed: 349.027s (5m 49s)  95% completed  (47% total)
     Speed:     ev/sec=33615.9   simsec/sec=1.7487   ev/simsec=19223.3
     Messages:  created: 9299520   present: 14883   in FES: 154
** Event #10367744   t=482.511354084958   Elapsed: 351.035s (5m 51s)  96% completed  (48% total)
     Speed:     ev/sec=31234   simsec/sec=1.94939   ev/simsec=16022.5
     Messages:  created: 9355081   present: 15402   in FES: 168
** Event #10427136   t=485.078108354523   Elapsed: 353.036s (5m 53s)  97% completed  (48% total)
     Speed:     ev/sec=29690.6   simsec/sec=1.28314   ev/simsec=23139
     Messages:  created: 9409728   present: 15611   in FES: 153
** Event #10492672   t=488.606536611416   Elapsed: 355.044s (5m 55s)  97% completed  (48% total)
     Speed:     ev/sec=32637.7   simsec/sec=1.7572   ev/simsec=18573.7
     Messages:  created: 9468047   present: 16138   in FES: 182
** Event #10546944   t=490.571142161083   Elapsed: 357.048s (5m 57s)  98% completed  (49% total)
     Speed:     ev/sec=27075.7   simsec/sec=0.980121   ev/simsec=27624.9
     Messages:  created: 9519176   present: 15892   in FES: 203
** Event #10595072   t=491.715297196299   Elapsed: 359.052s (5m 59s)  98% completed  (49% total)
     Speed:     ev/sec=24021.7   simsec/sec=0.571071   ev/simsec=42064.2
     Messages:  created: 9563966   present: 13337   in FES: 155
** Event #10646528   t=492.675598067811   Elapsed: 361.064s (6m 01s)  98% completed  (49% total)
     Speed:     ev/sec=25562.9   simsec/sec=0.47707   ev/simsec=53583.2
     Messages:  created: 9612985   present: 9921   in FES: 172
** Event #10699008   t=494.513014855733   Elapsed: 363.073s (6m 03s)  98% completed  (49% total)
     Speed:     ev/sec=26124.2   simsec/sec=0.914653   ev/simsec=28561.8
     Messages:  created: 9660228   present: 7162   in FES: 160
** Event #10746624   t=495.519342119771   Elapsed: 365.082s (6m 05s)  99% completed  (49% total)
     Speed:     ev/sec=23707.9   simsec/sec=0.501047   ev/simsec=47316.6
     Messages:  created: 9703965   present: 4121   in FES: 158
** Event #10795008   t=496.505297304083   Elapsed: 367.086s (6m 07s)  99% completed  (49% total)
     Speed:     ev/sec=24141.8   simsec/sec=0.491956   ev/simsec=49073.2
     Messages:  created: 9747649   present: 2606   in FES: 138
** Event #10846976   t=498.510112374942   Elapsed: 369.095s (6m 09s)  99% completed  (49% total)
     Speed:     ev/sec=25868.9   simsec/sec=0.997967   ev/simsec=25921.6
     Messages:  created: 9794678   present: 1898   in FES: 152
** Event #10899712   t=499.569940548449   Elapsed: 371.096s (6m 11s)  99% completed  (49% total)
     Speed:     ev/sec=26346.7   simsec/sec=0.529486   ev/simsec=49759
     Messages:  created: 9843995   present: 2006   in FES: 157
** Event #10910644   t=500   Elapsed: 371.531s (6m 11s)  100% completed  (50% total)
     Speed:     ev/sec=25159.9   simsec/sec=0.967465   ev/simsec=26006
     Messages:  created: 9853551   present: 1933   in FES: 122

<!> Simulation time limit reached -- at t=500s, event #10910644
undisposed object: (omnetpp::cMessage) FanetSarNetwork.groundStation.app.debugTimer -- check module destructor
undisposed object: (omnetpp::cMessage) FanetSarNetwork.uav[0].app.debugTimer -- check module destructor
undisposed object: (omnetpp::cMessage) FanetSarNetwork.uav[1].app.debugTimer -- check module destructor
undisposed object: (omnetpp::cMessage) FanetSarNetwork.uav[2].app.debugTimer -- check module destructor
undisposed object: (omnetpp::cMessage) FanetSarNetwork.uav[3].app.debugTimer -- check module destructor
undisposed object: (omnetpp::cMessage) FanetSarNetwork.uav[4].app.debugTimer -- check module destructor
undisposed object: (omnetpp::cMessage) FanetSarNetwork.uav[5].app.debugTimer -- check module destructor
undisposed object: (omnetpp::cMessage) FanetSarNetwork.uav[6].app.debugTimer -- check module destructor
undisposed object: (omnetpp::cMessage) FanetSarNetwork.uav[7].app.debugTimer -- check module destructor
undisposed object: (omnetpp::cMessage) FanetSarNetwork.uav[8].app.debugTimer -- check module destructor
undisposed object: (omnetpp::cMessage) FanetSarNetwork.uav[9].app.debugTimer -- check module destructor
undisposed object: (omnetpp::cMessage) FanetSarNetwork.uav[10].app.debugTimer -- check module destructor
undisposed object: (omnetpp::cMessage) FanetSarNetwork.uav[11].app.debugTimer -- check module destructor
undisposed object: (omnetpp::cMessage) FanetSarNetwork.uav[12].app.debugTimer -- check module destructor
undisposed object: (omnetpp::cMessage) FanetSarNetwork.uav[13].app.debugTimer -- check module destructor
undisposed object: (omnetpp::cMessage) FanetSarNetwork.uav[14].app.debugTimer -- check module destructor
undisposed object: (omnetpp::cMessage) FanetSarNetwork.uav[15].app.debugTimer -- check module destructor
undisposed object: (omnetpp::cMessage) FanetSarNetwork.uav[16].app.debugTimer -- check module destructor
undisposed object: (omnetpp::cMessage) FanetSarNetwork.uav[17].app.debugTimer -- check module destructor
undisposed object: (omnetpp::cMessage) FanetSarNetwork.uav[18].app.debugTimer -- check module destructor
undisposed object: (omnetpp::cMessage) FanetSarNetwork.uav[19].app.debugTimer -- check module destructor
undisposed object: (omnetpp::cMessage) FanetSarNetwork.uav[20].app.debugTimer -- check module destructor
undisposed object: (omnetpp::cMessage) FanetSarNetwork.uav[21].app.debugTimer -- check module destructor
undisposed object: (omnetpp::cMessage) FanetSarNetwork.uav[22].app.debugTimer -- check module destructor
undisposed object: (omnetpp::cMessage) FanetSarNetwork.uav[23].app.debugTimer -- check module destructor
undisposed object: (omnetpp::cMessage) FanetSarNetwork.uav[24].app.debugTimer -- check module destructor
undisposed object: (omnetpp::cMessage) FanetSarNetwork.uav[25].app.debugTimer -- check module destructor
undisposed object: (omnetpp::cMessage) FanetSarNetwork.uav[26].app.debugTimer -- check module destructor
undisposed object: (omnetpp::cMessage) FanetSarNetwork.uav[27].app.debugTimer -- check module destructor
undisposed object: (omnetpp::cMessage) FanetSarNetwork.uav[28].app.debugTimer -- check module destructor
undisposed object: (omnetpp::cMessage) FanetSarNetwork.uav[29].app.debugTimer -- check module destructor
