** Event #0   t=0   Elapsed: 7e-06s (0m 00s)  0% completed  (50% total)
     Speed:     ev/sec=0   simsec/sec=0   ev/simsec=0
     Messages:  created: 1178   present: 1178   in FES: 186
** Event #71936   t=8.524011571362   Elapsed: 2.00623s (0m 02s)  1% completed  (50% total)
     Speed:     ev/sec=35856.9   simsec/sec=4.24879   ev/simsec=8439.34
     Messages:  created: 65292   present: 1175   in FES: 140
** Event #119040   t=13.517496989402   Elapsed: 4.01987s (0m 04s)  2% completed  (51% total)
     Speed:     ev/sec=23392.5   simsec/sec=2.47983   ev/simsec=9433.09
     Messages:  created: 104670   present: 1207   in FES: 150
** Event #161280   t=17.59599756195   Elapsed: 6.0322s (0m 06s)  3% completed  (51% total)
     Speed:     ev/sec=20990.6   simsec/sec=2.02676   ev/simsec=10356.7
     Messages:  created: 139790   present: 1190   in FES: 147
** Event #204032   t=21.537769180089   Elapsed: 8.04688s (0m 08s)  4% completed  (52% total)
     Speed:     ev/sec=21220.2   simsec/sec=1.95652   ev/simsec=10845.9
     Messages:  created: 172737   present: 1312   in FES: 184
** Event #233984   t=24.047824489316   Elapsed: 10.0498s (0m 10s)  4% completed  (52% total)
     Speed:     ev/sec=14954.2   simsec/sec=1.2532   ev/simsec=11932.8
     Messages:  created: 194328   present: 1182   in FES: 143
** Event #266496   t=26.590278891917   Elapsed: 12.0513s (0m 12s)  5% completed  (52% total)
     Speed:     ev/sec=16243.5   simsec/sec=1.27025   ev/simsec=12787.6
     Messages:  created: 218618   present: 1155   in FES: 132
** Event #302848   t=29.5882803261   Elapsed: 14.0582s (0m 14s)  5% completed  (52% total)
     Speed:     ev/sec=18113.8   simsec/sec=1.49387   ev/simsec=12125.4
     Messages:  created: 245886   present: 1126   in FES: 123
** Event #348672   t=33.539944948736   Elapsed: 16.07s (0m 16s)  6% completed  (53% total)
     Speed:     ev/sec=22777.7   simsec/sec=1.96425   ev/simsec=11596.1
     Messages:  created: 280208   present: 1149   in FES: 128
** Event #385792   t=36.541622840547   Elapsed: 18.1083s (0m 18s)  7% completed  (53% total)
     Speed:     ev/sec=18211.5   simsec/sec=1.47266   ev/simsec=12366.4
     Messages:  created: 307739   present: 1135   in FES: 124
** Event #423680   t=39.590278170807   Elapsed: 20.1207s (0m 20s)  7% completed  (53% total)
     Speed:     ev/sec=18827.2   simsec/sec=1.51493   ev/simsec=12427.8
     Messages:  created: 336268   present: 1188   in FES: 143
** Event #458752   t=42.60383524055   Elapsed: 22.1216s (0m 22s)  8% completed  (54% total)
     Speed:     ev/sec=17527.4   simsec/sec=1.50604   ev/simsec=11638.1
     Messages:  created: 363354   present: 1199   in FES: 148
** Event #498944   t=46.590021380183   Elapsed: 24.1283s (0m 24s)  9% completed  (54% total)
     Speed:     ev/sec=20029.4   simsec/sec=1.98649   ev/simsec=10082.8
     Messages:  created: 395476   present: 1217   in FES: 152
** Event #552960   t=52.536673239947   Elapsed: 26.1384s (0m 26s)  10% completed  (55% total)
     Speed:     ev/sec=26872.1   simsec/sec=2.95837   ev/simsec=9083.43
     Messages:  created: 439984   present: 1208   in FES: 153
** Event #611840   t=58.584486778482   Elapsed: 28.1456s (0m 28s)  11% completed  (55% total)
     Speed:     ev/sec=29335.2   simsec/sec=3.01314   ev/simsec=9735.75
     Messages:  created: 488542   present: 1205   in FES: 150
** Event #677632   t=65.584486933659   Elapsed: 30.1532s (0m 30s)  13% completed  (56% total)
     Speed:     ev/sec=32770.4   simsec/sec=3.48663   ev/simsec=9398.86
     Messages:  created: 542708   present: 1187   in FES: 144
** Event #737280   t=72.042844014572   Elapsed: 32.1564s (0m 32s)  14% completed  (57% total)
     Speed:     ev/sec=29776.3   simsec/sec=3.22402   ev/simsec=9235.79
     Messages:  created: 591888   present: 1153   in FES: 134
** Event #786688   t=76.598492540489   Elapsed: 34.1643s (0m 34s)  15% completed  (57% total)
     Speed:     ev/sec=24606.7   simsec/sec=2.26886   ev/simsec=10845.4
     Messages:  created: 631402   present: 1152   in FES: 133
** Event #836096   t=81.594147581887   Elapsed: 36.1823s (0m 36s)  16% completed  (58% total)
     Speed:     ev/sec=24483.8   simsec/sec=2.47556   ev/simsec=9890.19
     Messages:  created: 671359   present: 1135   in FES: 124
** Event #896512   t=88.092008572534   Elapsed: 38.1859s (0m 38s)  17% completed  (58% total)
     Speed:     ev/sec=30153.7   simsec/sec=3.24309   ev/simsec=9297.83
     Messages:  created: 722124   present: 1169   in FES: 140
** Event #959744   t=95.073434796422   Elapsed: 40.1862s (0m 40s)  19% completed  (59% total)
     Speed:     ev/sec=31612   simsec/sec=3.49027   ev/simsec=9057.18
     Messages:  created: 775578   present: 1213   in FES: 152
** Event #1020160   t=101.047824764143   Elapsed: 42.1894s (0m 42s)  20% completed  (60% total)
     Speed:     ev/sec=30159.8   simsec/sec=2.98243   ev/simsec=10112.5
     Messages:  created: 829969   present: 1259   in FES: 159
** Event #1106432   t=104.610780082548   Elapsed: 44.195s (0m 44s)  20% completed  (60% total)
     Speed:     ev/sec=43014.2   simsec/sec=1.77645   ev/simsec=24213.6
     Messages:  created: 928509   present: 1518   in FES: 156
** Event #1198592   t=108.589311449772   Elapsed: 46.2064s (0m 46s)  21% completed  (60% total)
     Speed:     ev/sec=45820.5   simsec/sec=1.97806   ev/simsec=23164.3
     Messages:  created: 1034296   present: 1428   in FES: 143
** Event #1282048   t=112.583578779345   Elapsed: 48.2068s (0m 48s)  22% completed  (61% total)
     Speed:     ev/sec=41718.9   simsec/sec=1.9967   ev/simsec=20893.9
     Messages:  created: 1127687   present: 1560   in FES: 152
** Event #1340928   t=118.609604890376   Elapsed: 50.2079s (0m 50s)  23% completed  (61% total)
     Speed:     ev/sec=29424.2   simsec/sec=3.01139   ev/simsec=9770.95
     Messages:  created: 1175990   present: 2307   in FES: 165
** Event #1414656   t=127.098546208259   Elapsed: 52.2085s (0m 52s)  25% completed  (62% total)
     Speed:     ev/sec=36852.9   simsec/sec=4.2432   ev/simsec=8685.18
     Messages:  created: 1239160   present: 2948   in FES: 146
** Event #1502208   t=138.559693372981   Elapsed: 54.2128s (0m 54s)  27% completed  (63% total)
     Speed:     ev/sec=43682.4   simsec/sec=5.71832   ev/simsec=7639.03
     Messages:  created: 1318554   present: 4334   in FES: 150
** Event #1589248   t=149.599956571511   Elapsed: 56.2174s (0m 56s)  29% completed  (64% total)
     Speed:     ev/sec=43419.4   simsec/sec=5.50737   ev/simsec=7883.87
     Messages:  created: 1397739   present: 5667   in FES: 154
** Event #1660672   t=159.030807956737   Elapsed: 58.2204s (0m 58s)  31% completed  (65% total)
     Speed:     ev/sec=35657.6   simsec/sec=4.70824   ev/simsec=7573.44
     Messages:  created: 1462512   present: 6783   in FES: 149
** Event #1749760   t=170.519417508772   Elapsed: 60.2229s (1m 00s)  34% completed  (67% total)
     Speed:     ev/sec=44490.1   simsec/sec=5.73736   ev/simsec=7754.46
     Messages:  created: 1543464   present: 8153   in FES: 145
** Event #1834496   t=181.098546085831   Elapsed: 62.2267s (1m 02s)  36% completed  (68% total)
     Speed:     ev/sec=42287   simsec/sec=5.27945   ev/simsec=8009.73
     Messages:  created: 1620656   present: 9434   in FES: 148
** Event #1907456   t=190.582701592996   Elapsed: 64.2295s (1m 04s)  38% completed  (69% total)
     Speed:     ev/sec=36429.5   simsec/sec=4.73551   ev/simsec=7692.83
     Messages:  created: 1686902   present: 10580   in FES: 154
** Event #2000128   t=202.571374531784   Elapsed: 66.2355s (1m 06s)  40% completed  (70% total)
     Speed:     ev/sec=46197.2   simsec/sec=5.97638   ev/simsec=7729.96
     Messages:  created: 1771091   present: 12011   in FES: 154
** Event #2087168   t=213.630598533433   Elapsed: 68.2355s (1m 08s)  42% completed  (71% total)
     Speed:     ev/sec=43519.7   simsec/sec=5.52958   ev/simsec=7870.35
     Messages:  created: 1850200   present: 13257   in FES: 123
** Event #2181632   t=226.042296876432   Elapsed: 70.2355s (1m 10s)  45% completed  (72% total)
     Speed:     ev/sec=47232   simsec/sec=6.20584   ev/simsec=7610.88
     Messages:  created: 1935924   present: 14745   in FES: 124
** Event #2276864   t=238.080750590247   Elapsed: 72.2368s (1m 12s)  47% completed  (73% total)
     Speed:     ev/sec=47584.6   simsec/sec=6.01526   ev/simsec=7910.65
     Messages:  created: 2022604   present: 6653   in FES: 150
** Event #2365952   t=249.581450572574   Elapsed: 74.2387s (1m 14s)  49% completed  (74% total)
     Speed:     ev/sec=44502.2   simsec/sec=5.74496   ev/simsec=7746.31
     Messages:  created: 2103561   present: 2452   in FES: 155
** Event #2445056   t=259.774887194426   Elapsed: 76.2388s (1m 16s)  51% completed  (75% total)
     Speed:     ev/sec=39549.9   simsec/sec=5.09645   ev/simsec=7760.29
     Messages:  created: 2175332   present: 3594   in FES: 122
** Event #2515200   t=267.562149661645   Elapsed: 78.2501s (1m 18s)  53% completed  (76% total)
     Speed:     ev/sec=34874   simsec/sec=3.87165   ev/simsec=9007.53
     Messages:  created: 2234653   present: 4531   in FES: 124
** Event #2583296   t=275.084153839216   Elapsed: 80.2528s (1m 20s)  55% completed  (77% total)
     Speed:     ev/sec=34003.5   simsec/sec=3.75608   ev/simsec=9052.91
     Messages:  created: 2291870   present: 5463   in FES: 130
** Event #2646272   t=281.595921191527   Elapsed: 82.2582s (1m 22s)  56% completed  (78% total)
     Speed:     ev/sec=31402.6   simsec/sec=3.24705   ev/simsec=9671.11
     Messages:  created: 2343014   present: 6297   in FES: 154
** Event #2699520   t=287.066263349157   Elapsed: 84.2589s (1m 24s)  57% completed  (78% total)
     Speed:     ev/sec=26614.2   simsec/sec=2.73416   ev/simsec=9733.94
     Messages:  created: 2385373   present: 6962   in FES: 154
** Event #2752512   t=292.553012596183   Elapsed: 86.2609s (1m 26s)  58% completed  (79% total)
     Speed:     ev/sec=26469.7   simsec/sec=2.74065   ev/simsec=9658.18
     Messages:  created: 2427913   present: 7616   in FES: 150
** Event #2826240   t=295.251364338926   Elapsed: 88.2631s (1m 28s)  59% completed  (79% total)
     Speed:     ev/sec=36824.7   simsec/sec=1.34774   ev/simsec=27323.3
     Messages:  created: 2511156   present: 7805   in FES: 163
** Event #2905600   t=297.556908980805   Elapsed: 90.2692s (1m 30s)  59% completed  (79% total)
     Speed:     ev/sec=39559.5   simsec/sec=1.14927   ev/simsec=34421.4
     Messages:  created: 2605425   present: 7882   in FES: 150
** Event #2976000   t=299.558150169672   Elapsed: 92.2743s (1m 32s)  59% completed  (79% total)
     Speed:     ev/sec=35109.7   simsec/sec=0.998054   ev/simsec=35178.2
     Messages:  created: 2688696   present: 7954   in FES: 154
** Event #3054592   t=301.733694616959   Elapsed: 94.2766s (1m 34s)  60% completed  (80% total)
     Speed:     ev/sec=39250.3   simsec/sec=1.08651   ev/simsec=36125.2
     Messages:  created: 2781278   present: 8024   in FES: 176
** Event #3129088   t=304.058599982846   Elapsed: 96.2803s (1m 36s)  60% completed  (80% total)
     Speed:     ev/sec=37180.4   simsec/sec=1.16034   ev/simsec=32042.6
     Messages:  created: 2868791   present: 8069   in FES: 155
** Event #3203072   t=306.611617582577   Elapsed: 98.2815s (1m 38s)  61% completed  (80% total)
     Speed:     ev/sec=36969.2   simsec/sec=1.27572   ev/simsec=28979
     Messages:  created: 2954263   present: 8236   in FES: 149
** Event #3280384   t=309.537641336669   Elapsed: 100.284s (1m 40s)  61% completed  (80% total)
     Speed:     ev/sec=38605.1   simsec/sec=1.46109   ev/simsec=26422.2
     Messages:  created: 3044279   present: 8297   in FES: 148
** Event #3346944   t=311.611670113064   Elapsed: 102.297s (1m 42s)  62% completed  (81% total)
     Speed:     ev/sec=33061.1   simsec/sec=1.03019   ev/simsec=32092.1
     Messages:  created: 3120627   present: 8407   in FES: 144
** Event #3432192   t=313.136100654552   Elapsed: 104.301s (1m 44s)  62% completed  (81% total)
     Speed:     ev/sec=42544.8   simsec/sec=0.760798   ev/simsec=55921.2
     Messages:  created: 3227585   present: 8439   in FES: 125
** Event #3538176   t=313.60303295463   Elapsed: 106.306s (1m 46s)  62% completed  (81% total)
     Speed:     ev/sec=52861.6   simsec/sec=0.232892   ev/simsec=226979
     Messages:  created: 3371598   present: 8451   in FES: 155
** Event #3613696   t=315.600585890603   Elapsed: 108.321s (1m 48s)  63% completed  (81% total)
     Speed:     ev/sec=37470.8   simsec/sec=0.991126   ev/simsec=37806.3
     Messages:  created: 3462376   present: 8539   in FES: 176
** Event #3693568   t=317.921394507061   Elapsed: 110.325s (1m 50s)  63% completed  (81% total)
     Speed:     ev/sec=39857.7   simsec/sec=1.15813   ev/simsec=34415.6
     Messages:  created: 3558201   present: 8574   in FES: 156
** Event #3785216   t=320.583908850408   Elapsed: 112.329s (1m 52s)  64% completed  (82% total)
     Speed:     ev/sec=45735.8   simsec/sec=1.32869   ev/simsec=34421.6
     Messages:  created: 3667530   present: 8644   in FES: 147
** Event #3863296   t=322.602107958878   Elapsed: 114.336s (1m 54s)  64% completed  (82% total)
     Speed:     ev/sec=38917.4   simsec/sec=1.00593   ev/simsec=38688
     Messages:  created: 3760309   present: 8798   in FES: 154
** Event #3955456   t=325.080959965242   Elapsed: 116.337s (1m 56s)  65% completed  (82% total)
     Speed:     ev/sec=46038   simsec/sec=1.2383   ev/simsec=37178.5
     Messages:  created: 3870102   present: 8883   in FES: 155
** Event #4041472   t=327.598109117198   Elapsed: 118.348s (1m 58s)  65% completed  (82% total)
     Speed:     ev/sec=42788.2   simsec/sec=1.25214   ev/simsec=34172
     Messages:  created: 3974957   present: 9249   in FES: 247
** Event #4143360   t=331.568896582158   Elapsed: 120.348s (2m 00s)  66% completed  (83% total)
     Speed:     ev/sec=50943.4   simsec/sec=1.98537   ev/simsec=25659.4
     Messages:  created: 4096290   present: 9123   in FES: 125
** Event #4244992   t=338.048527042972   Elapsed: 122.352s (2m 02s)  67% completed  (83% total)
     Speed:     ev/sec=50706.1   simsec/sec=3.23281   ev/simsec=15684.8
     Messages:  created: 4210962   present: 9684   in FES: 148
** Event #4362240   t=344.572218610605   Elapsed: 124.357s (2m 04s)  68% completed  (84% total)
     Speed:     ev/sec=58474.4   simsec/sec=3.25352   ev/simsec=17972.6
     Messages:  created: 4346109   present: 10178   in FES: 148
** Event #4470016   t=352.537643563404   Elapsed: 126.358s (2m 06s)  70% completed  (85% total)
     Speed:     ev/sec=53875.3   simsec/sec=3.98177   ev/simsec=13530.5
     Messages:  created: 4464409   present: 10962   in FES: 134
** Event #4576512   t=366.068500424746   Elapsed: 128.358s (2m 08s)  73% completed  (86% total)
     Speed:     ev/sec=53246.3   simsec/sec=6.76522   ev/simsec=7870.6
     Messages:  created: 4561296   present: 4438   in FES: 163
** Event #4680448   t=379.553865409069   Elapsed: 130.362s (2m 10s)  75% completed  (87% total)
     Speed:     ev/sec=51848.6   simsec/sec=6.72719   ev/simsec=7707.32
     Messages:  created: 4655706   present: 2815   in FES: 150
** Event #4786432   t=393.068500442654   Elapsed: 132.366s (2m 12s)  78% completed  (89% total)
     Speed:     ev/sec=52902.6   simsec/sec=6.74592   ev/simsec=7842.17
     Messages:  created: 4752057   present: 4443   in FES: 151
** Event #4878592   t=404.583595733364   Elapsed: 134.37s (2m 14s)  80% completed  (90% total)
     Speed:     ev/sec=45976.6   simsec/sec=5.74463   ev/simsec=8003.41
     Messages:  created: 4834816   present: 5740   in FES: 124
** Event #4957952   t=413.086691515594   Elapsed: 136.374s (2m 16s)  82% completed  (91% total)
     Speed:     ev/sec=39605.1   simsec/sec=4.24352   ev/simsec=9333.07
     Messages:  created: 4900515   present: 6851   in FES: 153
** Event #5007872   t=417.594262309721   Elapsed: 138.378s (2m 18s)  83% completed  (91% total)
     Speed:     ev/sec=24912.4   simsec/sec=2.24949   ev/simsec=11074.7
     Messages:  created: 4938405   present: 7363   in FES: 142
** Event #5054720   t=421.899768940872   Elapsed: 140.379s (2m 20s)  84% completed  (92% total)
     Speed:     ev/sec=23405.3   simsec/sec=2.15103   ev/simsec=10880.9
     Messages:  created: 4973504   present: 7812   in FES: 123
** Event #5092352   t=424.556317589131   Elapsed: 142.396s (2m 22s)  84% completed  (92% total)
     Speed:     ev/sec=18659.6   simsec/sec=1.31723   ev/simsec=14165.7
     Messages:  created: 4999927   present: 8220   in FES: 154
** Event #5130240   t=427.5234310597   Elapsed: 144.403s (2m 24s)  85% completed  (92% total)
     Speed:     ev/sec=18882.2   simsec/sec=1.47872   ev/simsec=12769.3
     Messages:  created: 5026153   present: 8564   in FES: 157
** Event #5165056   t=430.04791899358   Elapsed: 146.403s (2m 26s)  86% completed  (93% total)
     Speed:     ev/sec=17406.5   simsec/sec=1.26214   ev/simsec=13791.3
     Messages:  created: 5050410   present: 8820   in FES: 132
** Event #5200384   t=432.554446431581   Elapsed: 148.42s (2m 28s)  86% completed  (93% total)
     Speed:     ev/sec=17517.3   simsec/sec=1.24286   ev/simsec=14094.4
     Messages:  created: 5075026   present: 9160   in FES: 145
** Event #5237504   t=435.515137653505   Elapsed: 150.441s (2m 30s)  87% completed  (93% total)
     Speed:     ev/sec=18360.4   simsec/sec=1.46443   ev/simsec=12537.6
     Messages:  created: 5100790   present: 9456   in FES: 127
** Event #5270784   t=438.012958044384   Elapsed: 152.443s (2m 32s)  87% completed  (93% total)
     Speed:     ev/sec=16628.4   simsec/sec=1.24804   ev/simsec=13323.6
     Messages:  created: 5124092   present: 9827   in FES: 150
** Event #5312000   t=441.525904097617   Elapsed: 154.449s (2m 34s)  88% completed  (94% total)
     Speed:     ev/sec=20547.2   simsec/sec=1.75129   ev/simsec=11732.6
     Messages:  created: 5155001   present: 10246   in FES: 156
** Event #5350400   t=444.543639911723   Elapsed: 156.45s (2m 36s)  88% completed  (94% total)
     Speed:     ev/sec=19187.7   simsec/sec=1.50791   ev/simsec=12724.8
     Messages:  created: 5183161   present: 10591   in FES: 141
** Event #5388288   t=447.519402235803   Elapsed: 158.454s (2m 38s)  89% completed  (94% total)
     Speed:     ev/sec=18903.9   simsec/sec=1.48473   ev/simsec=12732.2
     Messages:  created: 5210225   present: 10990   in FES: 154
** Event #5427200   t=450.519089760099   Elapsed: 160.477s (2m 40s)  90% completed  (95% total)
     Speed:     ev/sec=19231.5   simsec/sec=1.48254   ev/simsec=12972
     Messages:  created: 5237776   present: 11325   in FES: 146
** Event #5467648   t=453.525222122912   Elapsed: 162.487s (2m 42s)  90% completed  (95% total)
     Speed:     ev/sec=20129.9   simsec/sec=1.49608   ev/simsec=13455.2
     Messages:  created: 5266409   present: 11623   in FES: 125
** Event #5527040   t=456.096766820452   Elapsed: 164.487s (2m 44s)  91% completed  (95% total)
     Speed:     ev/sec=29695.4   simsec/sec=1.28575   ev/simsec=23095.8
     Messages:  created: 5323084   present: 11885   in FES: 128
** Event #5613312   t=457.541809394122   Elapsed: 166.487s (2m 46s)  91% completed  (95% total)
     Speed:     ev/sec=43132.2   simsec/sec=0.722457   ev/simsec=59702
     Messages:  created: 5427336   present: 11865   in FES: 124
** Event #5695232   t=458.921851029589   Elapsed: 168.489s (2m 48s)  91% completed  (95% total)
     Speed:     ev/sec=40909.8   simsec/sec=0.689175   ev/simsec=59360.5
     Messages:  created: 5525450   present: 11947   in FES: 155
** Event #5788928   t=460.507192682109   Elapsed: 170.492s (2m 50s)  92% completed  (96% total)
     Speed:     ev/sec=46795.9   simsec/sec=0.79179   ev/simsec=59101.5
     Messages:  created: 5636370   present: 11927   in FES: 142
** Event #5858560   t=461.60601669637   Elapsed: 172.492s (2m 52s)  92% completed  (96% total)
     Speed:     ev/sec=34806.5   simsec/sec=0.549263   ev/simsec=63369.6
     Messages:  created: 5717299   present: 11899   in FES: 155
** Event #5950464   t=463.234144140755   Elapsed: 174.493s (2m 54s)  92% completed  (96% total)
     Speed:     ev/sec=45926.6   simsec/sec=0.813614   ev/simsec=56447.7
     Messages:  created: 5825913   present: 11900   in FES: 156
** Event #6036992   t=464.577108046398   Elapsed: 176.495s (2m 56s)  92% completed  (96% total)
     Speed:     ev/sec=43220.1   simsec/sec=0.6708   ev/simsec=64430.6
     Messages:  created: 5928830   present: 11927   in FES: 145
** Event #6134784   t=466.519339948032   Elapsed: 178.496s (2m 58s)  93% completed  (96% total)
     Speed:     ev/sec=48875.4   simsec/sec=0.970708   ev/simsec=50350.3
     Messages:  created: 6046969   present: 11947   in FES: 155
** Event #6223360   t=469.043295028124   Elapsed: 180.499s (3m 00s)  93% completed  (96% total)
     Speed:     ev/sec=44222.6   simsec/sec=1.26012   ev/simsec=35094.1
     Messages:  created: 6152295   present: 12075   in FES: 154
** Event #6312448   t=471.552719743079   Elapsed: 182.507s (3m 02s)  94% completed  (97% total)
     Speed:     ev/sec=44367.6   simsec/sec=1.24974   ev/simsec=35501.4
     Messages:  created: 6257494   present: 12090   in FES: 123
** Event #6415360   t=474.518422054895   Elapsed: 184.51s (3m 04s)  94% completed  (97% total)
     Speed:     ev/sec=51394   simsec/sec=1.48107   ev/simsec=34700.7
     Messages:  created: 6379645   present: 12262   in FES: 155
** Event #6511872   t=477.159670386718   Elapsed: 186.512s (3m 06s)  95% completed  (97% total)
     Speed:     ev/sec=48198.5   simsec/sec=1.31905   ev/simsec=36540.3
     Messages:  created: 6492959   present: 12355   in FES: 154
** Event #6614272   t=480.098546057469   Elapsed: 188.514s (3m 08s)  96% completed  (98% total)
     Speed:     ev/sec=51154.4   simsec/sec=1.46813   ev/simsec=34843.3
     Messages:  created: 6614933   present: 12467   in FES: 146
** Event #6724608   t=483.558601161113   Elapsed: 190.516s (3m 10s)  96% completed  (98% total)
     Speed:     ev/sec=55109.4   simsec/sec=1.72819   ev/simsec=31888.5
     Messages:  created: 6750844   present: 12573   in FES: 159
** Event #6841344   t=489.860896605421   Elapsed: 192.517s (3m 12s)  97% completed  (98% total)
     Speed:     ev/sec=58348.4   simsec/sec=3.15009   ev/simsec=18522.8
     Messages:  created: 6885968   present: 8799   in FES: 148
** Event #6957056   t=497.590041414171   Elapsed: 194.521s (3m 14s)  99% completed  (99% total)
     Speed:     ev/sec=57732.6   simsec/sec=3.85633   ev/simsec=14970.9
     Messages:  created: 7014580   present: 9446   in FES: 153
** Event #6990583   t=500   Elapsed: 195.106s (3m 15s)  100% completed  (100% total)
     Speed:     ev/sec=57246.3   simsec/sec=4.10183   ev/simsec=13956.3
     Messages:  created: 7052325   present: 9181   in FES: 133

<!> Simulation time limit reached -- at t=500s, event #6990583
undisposed object: (omnetpp::cMessage) FanetSarNetwork.groundStation.app.debugTimer -- check module destructor
undisposed object: (omnetpp::cMessage) FanetSarNetwork.uav[0].app.debugTimer -- check module destructor
undisposed object: (omnetpp::cMessage) FanetSarNetwork.uav[1].app.debugTimer -- check module destructor
undisposed object: (omnetpp::cMessage) FanetSarNetwork.uav[2].app.debugTimer -- check module destructor
undisposed object: (omnetpp::cMessage) FanetSarNetwork.uav[3].app.debugTimer -- check module destructor
undisposed object: (omnetpp::cMessage) FanetSarNetwork.uav[4].app.debugTimer -- check module destructor
undisposed object: (omnetpp::cMessage) FanetSarNetwork.uav[5].app.debugTimer -- check module destructor
undisposed object: (omnetpp::cMessage) FanetSarNetwork.uav[6].app.debugTimer -- check module destructor
undisposed object: (omnetpp::cMessage) FanetSarNetwork.uav[7].app.debugTimer -- check module destructor
undisposed object: (omnetpp::cMessage) FanetSarNetwork.uav[8].app.debugTimer -- check module destructor
undisposed object: (omnetpp::cMessage) FanetSarNetwork.uav[9].app.debugTimer -- check module destructor
undisposed object: (omnetpp::cMessage) FanetSarNetwork.uav[10].app.debugTimer -- check module destructor
undisposed object: (omnetpp::cMessage) FanetSarNetwork.uav[11].app.debugTimer -- check module destructor
undisposed object: (omnetpp::cMessage) FanetSarNetwork.uav[12].app.debugTimer -- check module destructor
undisposed object: (omnetpp::cMessage) FanetSarNetwork.uav[13].app.debugTimer -- check module destructor
undisposed object: (omnetpp::cMessage) FanetSarNetwork.uav[14].app.debugTimer -- check module destructor
undisposed object: (omnetpp::cMessage) FanetSarNetwork.uav[15].app.debugTimer -- check module destructor
undisposed object: (omnetpp::cMessage) FanetSarNetwork.uav[16].app.debugTimer -- check module destructor
undisposed object: (omnetpp::cMessage) FanetSarNetwork.uav[17].app.debugTimer -- check module destructor
undisposed object: (omnetpp::cMessage) FanetSarNetwork.uav[18].app.debugTimer -- check module destructor
undisposed object: (omnetpp::cMessage) FanetSarNetwork.uav[19].app.debugTimer -- check module destructor
undisposed object: (omnetpp::cMessage) FanetSarNetwork.uav[20].app.debugTimer -- check module destructor
undisposed object: (omnetpp::cMessage) FanetSarNetwork.uav[21].app.debugTimer -- check module destructor
undisposed object: (omnetpp::cMessage) FanetSarNetwork.uav[22].app.debugTimer -- check module destructor
undisposed object: (omnetpp::cMessage) FanetSarNetwork.uav[23].app.debugTimer -- check module destructor
undisposed object: (omnetpp::cMessage) FanetSarNetwork.uav[24].app.debugTimer -- check module destructor
undisposed object: (omnetpp::cMessage) FanetSarNetwork.uav[25].app.debugTimer -- check module destructor
undisposed object: (omnetpp::cMessage) FanetSarNetwork.uav[26].app.debugTimer -- check module destructor
undisposed object: (omnetpp::cMessage) FanetSarNetwork.uav[27].app.debugTimer -- check module destructor
undisposed object: (omnetpp::cMessage) FanetSarNetwork.uav[28].app.debugTimer -- check module destructor
undisposed object: (omnetpp::cMessage) FanetSarNetwork.uav[29].app.debugTimer -- check module destructor
