** Event #0   t=0   Elapsed: 1.4e-05s (0m 00s)  0% completed  (0% total)
     Speed:     ev/sec=0   simsec/sec=0   ev/simsec=0
     Messages:  created: 1178   present: 1178   in FES: 186
** Event #69888   t=8.504300121238   Elapsed: 2.00562s (0m 02s)  1% completed  (0% total)
     Speed:     ev/sec=34846.8   simsec/sec=4.24026   ev/simsec=8218.08
     Messages:  created: 63887   present: 1293   in FES: 179
** Event #131072   t=15.571069686886   Elapsed: 4.02025s (0m 04s)  3% completed  (1% total)
     Speed:     ev/sec=30369.8   simsec/sec=3.50772   ev/simsec=8657.99
     Messages:  created: 117752   present: 1204   in FES: 151
** Event #185088   t=22.029349216701   Elapsed: 6.02388s (0m 06s)  4% completed  (2% total)
     Speed:     ev/sec=26959.1   simsec/sec=3.2233   ev/simsec=8363.84
     Messages:  created: 164967   present: 1196   in FES: 154
** Event #229376   t=27.034070642506   Elapsed: 8.02706s (0m 08s)  5% completed  (2% total)
     Speed:     ev/sec=22108.8   simsec/sec=2.49839   ev/simsec=8849.24
     Messages:  created: 202906   present: 1197   in FES: 154
** Event #269568   t=31.554039587633   Elapsed: 10.0466s (0m 10s)  6% completed  (3% total)
     Speed:     ev/sec=19901.9   simsec/sec=2.23816   ev/simsec=8892.1
     Messages:  created: 237480   present: 1190   in FES: 145
** Event #319488   t=37.512221970345   Elapsed: 12.0548s (0m 12s)  7% completed  (3% total)
     Speed:     ev/sec=24858   simsec/sec=2.96692   ev/simsec=8378.39
     Messages:  created: 280522   present: 1212   in FES: 153
** Event #365824   t=42.581070772136   Elapsed: 14.0612s (0m 14s)  8% completed  (4% total)
     Speed:     ev/sec=23093.5   simsec/sec=2.52627   ev/simsec=9141.33
     Messages:  created: 320750   present: 1196   in FES: 149
** Event #413440   t=48.076719720485   Elapsed: 16.0662s (0m 16s)  9% completed  (4% total)
     Speed:     ev/sec=23748.8   simsec/sec=2.74099   ev/simsec=8664.31
     Messages:  created: 361785   present: 1198   in FES: 154
** Event #458752   t=53.525612662901   Elapsed: 18.0754s (0m 18s)  10% completed  (5% total)
     Speed:     ev/sec=22552.8   simsec/sec=2.71204   ev/simsec=8315.82
     Messages:  created: 400624   present: 1120   in FES: 123
** Event #504832   t=58.58107095133   Elapsed: 20.0824s (0m 20s)  11% completed  (5% total)
     Speed:     ev/sec=22959.2   simsec/sec=2.51886   ev/simsec=9114.9
     Messages:  created: 440466   present: 1190   in FES: 147
** Event #550144   t=64.029402837321   Elapsed: 22.0879s (0m 22s)  12% completed  (6% total)
     Speed:     ev/sec=22593.9   simsec/sec=2.7167   ev/simsec=8316.67
     Messages:  created: 479438   present: 1191   in FES: 146
** Event #599552   t=69.557840441694   Elapsed: 24.1002s (0m 24s)  13% completed  (6% total)
     Speed:     ev/sec=24553.2   simsec/sec=2.74734   ev/simsec=8937.06
     Messages:  created: 522026   present: 1212   in FES: 149
** Event #649216   t=75.51027811015   Elapsed: 26.1051s (0m 26s)  15% completed  (7% total)
     Speed:     ev/sec=24770.7   simsec/sec=2.96887   ev/simsec=8343.47
     Messages:  created: 564684   present: 1195   in FES: 154
** Event #695040   t=80.556840887104   Elapsed: 28.1056s (0m 28s)  16% completed  (8% total)
     Speed:     ev/sec=22906.5   simsec/sec=2.52268   ev/simsec=9080.24
     Messages:  created: 604220   present: 1174   in FES: 137
** Event #744448   t=86.5   Elapsed: 30.1066s (0m 30s)  17% completed  (8% total)
     Speed:     ev/sec=24691.6   simsec/sec=2.97009   ev/simsec=8313.42
     Messages:  created: 646646   present: 1116   in FES: 122
** Event #789248   t=91.548738359737   Elapsed: 32.1187s (0m 32s)  18% completed  (9% total)
     Speed:     ev/sec=22265.8   simsec/sec=2.50924   ev/simsec=8873.5
     Messages:  created: 685336   present: 1250   in FES: 185
** Event #833024   t=96.52550627003   Elapsed: 34.1328s (0m 34s)  19% completed  (9% total)
     Speed:     ev/sec=21734.4   simsec/sec=2.47093   ev/simsec=8796.07
     Messages:  created: 722566   present: 1185   in FES: 154
** Event #875520   t=100.704571473578   Elapsed: 36.1347s (0m 36s)  20% completed  (10% total)
     Speed:     ev/sec=21227.8   simsec/sec=2.08755   ev/simsec=10168.8
     Messages:  created: 759296   present: 1276   in FES: 177
** Event #918272   t=104.598871939371   Elapsed: 38.1459s (0m 38s)  20% completed  (10% total)
     Speed:     ev/sec=21257   simsec/sec=1.93631   ev/simsec=10978.1
     Messages:  created: 797067   present: 1725   in FES: 173
** Event #961280   t=109.054381092143   Elapsed: 40.1521s (0m 40s)  21% completed  (10% total)
     Speed:     ev/sec=21437.8   simsec/sec=2.2209   ev/simsec=9652.77
     Messages:  created: 833814   present: 1286   in FES: 147
** Event #1003520   t=113.547229677658   Elapsed: 42.162s (0m 42s)  22% completed  (11% total)
     Speed:     ev/sec=21015.6   simsec/sec=2.23532   ev/simsec=9401.61
     Messages:  created: 868625   present: 1811   in FES: 141
** Event #1048320   t=118.513968834872   Elapsed: 44.1774s (0m 44s)  23% completed  (11% total)
     Speed:     ev/sec=22228.4   simsec/sec=2.46434   ev/simsec=9020
     Messages:  created: 905445   present: 2430   in FES: 154
** Event #1088768   t=122.58514797408   Elapsed: 46.1837s (0m 46s)  24% completed  (12% total)
     Speed:     ev/sec=20160.9   simsec/sec=2.02924   ev/simsec=9935.21
     Messages:  created: 939013   present: 2880   in FES: 136
** Event #1137664   t=128.056648208533   Elapsed: 48.1886s (0m 48s)  25% completed  (12% total)
     Speed:     ev/sec=24387.9   simsec/sec=2.72902   ev/simsec=8936.49
     Messages:  created: 980065   present: 3580   in FES: 154
** Event #1191168   t=134.570576624213   Elapsed: 50.1951s (0m 50s)  26% completed  (13% total)
     Speed:     ev/sec=26666.3   simsec/sec=3.24653   ev/simsec=8213.78
     Messages:  created: 1027665   present: 4365   in FES: 151
** Event #1247744   t=141.592852504744   Elapsed: 52.1973s (0m 52s)  28% completed  (14% total)
     Speed:     ev/sec=28256.2   simsec/sec=3.50719   ev/simsec=8056.65
     Messages:  created: 1078615   present: 5170   in FES: 140
** Event #1291264   t=146.531495741932   Elapsed: 54.2064s (0m 54s)  29% completed  (14% total)
     Speed:     ev/sec=21662   simsec/sec=2.4582   ev/simsec=8812.14
     Messages:  created: 1114805   present: 5743   in FES: 135
** Event #1331968   t=150.570576601685   Elapsed: 56.2194s (0m 56s)  30% completed  (15% total)
     Speed:     ev/sec=20220.1   simsec/sec=2.00646   ev/simsec=10077.5
     Messages:  created: 1147793   present: 6278   in FES: 150
** Event #1371136   t=154.57050633319   Elapsed: 58.2259s (0m 58s)  30% completed  (15% total)
     Speed:     ev/sec=19520.6   simsec/sec=1.99349   ev/simsec=9792.17
     Messages:  created: 1179392   present: 6767   in FES: 154
** Event #1411072   t=158.587796487232   Elapsed: 60.2352s (1m 00s)  31% completed  (15% total)
     Speed:     ev/sec=19875.3   simsec/sec=1.99932   ev/simsec=9941.03
     Messages:  created: 1211629   present: 7176   in FES: 128
** Event #1451776   t=163.026387531996   Elapsed: 62.2417s (1m 02s)  32% completed  (16% total)
     Speed:     ev/sec=20286.6   simsec/sec=2.21217   ev/simsec=9170.48
     Messages:  created: 1244396   present: 7725   in FES: 136
** Event #1489152   t=166.584291627451   Elapsed: 64.2537s (1m 04s)  33% completed  (16% total)
     Speed:     ev/sec=18576   simsec/sec=1.76829   ev/simsec=10505.1
     Messages:  created: 1274605   present: 8172   in FES: 142
** Event #1529600   t=171.013966636733   Elapsed: 66.262s (1m 06s)  34% completed  (17% total)
     Speed:     ev/sec=20140.9   simsec/sec=2.20574   ev/simsec=9131.14
     Messages:  created: 1307199   present: 8736   in FES: 154
** Event #1572864   t=175.091823524922   Elapsed: 68.2664s (1m 08s)  35% completed  (17% total)
     Speed:     ev/sec=21584.5   simsec/sec=2.03446   ev/simsec=10609.5
     Messages:  created: 1342105   present: 9179   in FES: 139
** Event #1605888   t=178.513810525256   Elapsed: 70.2916s (1m 10s)  35% completed  (17% total)
     Speed:     ev/sec=16306.1   simsec/sec=1.68966   ev/simsec=9650.53
     Messages:  created: 1367941   present: 9626   in FES: 146
** Event #1633024   t=181.012087938545   Elapsed: 72.3022s (1m 12s)  36% completed  (18% total)
     Speed:     ev/sec=13496.4   simsec/sec=1.24255   ev/simsec=10861.9
     Messages:  created: 1388531   present: 9914   in FES: 154
** Event #1661952   t=183.507408876636   Elapsed: 74.3117s (1m 14s)  36% completed  (18% total)
     Speed:     ev/sec=14396.2   simsec/sec=1.24181   ev/simsec=11592.9
     Messages:  created: 1409867   present: 10174   in FES: 134
** Event #1687552   t=185.507408902605   Elapsed: 76.3135s (1m 16s)  37% completed  (18% total)
     Speed:     ev/sec=12788.4   simsec/sec=0.999091   ev/simsec=12800
     Messages:  created: 1428151   present: 10414   in FES: 134
** Event #1707520   t=187.01214289723   Elapsed: 78.3194s (1m 18s)  37% completed  (18% total)
     Speed:     ev/sec=9954.61   simsec/sec=0.750152   ev/simsec=13270.1
     Messages:  created: 1442527   present: 10618   in FES: 140
** Event #1730304   t=188.584101814229   Elapsed: 80.3332s (1m 20s)  37% completed  (18% total)
     Speed:     ev/sec=11313.7   simsec/sec=0.78058   ev/simsec=14494
     Messages:  created: 1458932   present: 11033   in FES: 216
** Event #1756416   t=190.585327049137   Elapsed: 82.3693s (1m 22s)  38% completed  (19% total)
     Speed:     ev/sec=12824.5   simsec/sec=0.982874   ev/simsec=13048
     Messages:  created: 1477698   present: 11074   in FES: 145
** Event #1783040   t=192.590231822694   Elapsed: 84.3878s (1m 24s)  38% completed  (19% total)
     Speed:     ev/sec=13189.8   simsec/sec=0.993254   ev/simsec=13279.4
     Messages:  created: 1496779   present: 11268   in FES: 128
** Event #1808384   t=194.589230910873   Elapsed: 86.3889s (1m 26s)  38% completed  (19% total)
     Speed:     ev/sec=12665.4   simsec/sec=0.99898   ev/simsec=12678.3
     Messages:  created: 1515023   present: 11557   in FES: 145
** Event #1833728   t=196.585572144379   Elapsed: 88.3985s (1m 28s)  39% completed  (19% total)
     Speed:     ev/sec=12611.6   simsec/sec=0.993416   ev/simsec=12695.2
     Messages:  created: 1533185   present: 11737   in FES: 125
** Event #1859072   t=198.585286424944   Elapsed: 90.4046s (1m 30s)  39% completed  (19% total)
     Speed:     ev/sec=12633.5   simsec/sec=0.99682   ev/simsec=12673.8
     Messages:  created: 1551430   present: 12028   in FES: 143
** Event #1883904   t=200.580688943653   Elapsed: 92.4348s (1m 32s)  40% completed  (20% total)
     Speed:     ev/sec=12231.3   simsec/sec=0.982861   ev/simsec=12444.6
     Messages:  created: 1569079   present: 12224   in FES: 132
** Event #1909248   t=202.580230596921   Elapsed: 94.4574s (1m 34s)  40% completed  (20% total)
     Speed:     ev/sec=12530   simsec/sec=0.988566   ev/simsec=12674.9
     Messages:  created: 1587323   present: 12513   in FES: 149
** Event #1934336   t=204.554513125772   Elapsed: 96.4642s (1m 36s)  40% completed  (20% total)
     Speed:     ev/sec=12501.9   simsec/sec=0.983829   ev/simsec=12707.4
     Messages:  created: 1605314   present: 12702   in FES: 135
** Event #1960192   t=206.5756886852   Elapsed: 98.477s (1m 38s)  41% completed  (20% total)
     Speed:     ev/sec=12845.6   simsec/sec=1.00415   ev/simsec=12792.6
     Messages:  created: 1623983   present: 12971   in FES: 143
** Event #1986048   t=208.580230573493   Elapsed: 100.497s (1m 40s)  41% completed  (20% total)
     Speed:     ev/sec=12801.1   simsec/sec=0.99243   ev/simsec=12898.7
     Messages:  created: 1642557   present: 13236   in FES: 150
** Event #2012928   t=210.585486013929   Elapsed: 102.512s (1m 42s)  42% completed  (21% total)
     Speed:     ev/sec=13339.4   simsec/sec=0.995123   ev/simsec=13404.8
     Messages:  created: 1661978   present: 13444   in FES: 136
** Event #2038016   t=212.584100690245   Elapsed: 104.513s (1m 44s)  42% completed  (21% total)
     Speed:     ev/sec=12534.8   simsec/sec=0.998573   ev/simsec=12552.7
     Messages:  created: 1679990   present: 13847   in FES: 216
** Event #2063104   t=214.580231418736   Elapsed: 106.542s (1m 46s)  42% completed  (21% total)
     Speed:     ev/sec=12367   simsec/sec=0.983986   ev/simsec=12568.3
     Messages:  created: 1697869   present: 13928   in FES: 140
** Event #2089984   t=216.588315255675   Elapsed: 108.548s (1m 48s)  43% completed  (21% total)
     Speed:     ev/sec=13399.4   simsec/sec=1.00101   ev/simsec=13385.9
     Messages:  created: 1717435   present: 14198   in FES: 146
** Event #2115328   t=218.588316226168   Elapsed: 110.575s (1m 50s)  43% completed  (21% total)
     Speed:     ev/sec=12502.7   simsec/sec=0.986638   ev/simsec=12672
     Messages:  created: 1735865   present: 14399   in FES: 133
** Event #2139648   t=221.012142426519   Elapsed: 112.582s (1m 52s)  44% completed  (22% total)
     Speed:     ev/sec=12120.3   simsec/sec=1.20796   ev/simsec=10033.7
     Messages:  created: 1754005   present: 14695   in FES: 139
** Event #2168576   t=223.542450994304   Elapsed: 114.601s (1m 54s)  44% completed  (22% total)
     Speed:     ev/sec=14327.8   simsec/sec=1.25325   ev/simsec=11432.6
     Messages:  created: 1776266   present: 15025   in FES: 146
** Event #2200064   t=226.555784748646   Elapsed: 116.621s (1m 56s)  45% completed  (22% total)
     Speed:     ev/sec=15583.3   simsec/sec=1.49129   ev/simsec=10449.6
     Messages:  created: 1801216   present: 15402   in FES: 152
** Event #2241536   t=228.664800449935   Elapsed: 118.624s (1m 58s)  45% completed  (22% total)
     Speed:     ev/sec=20706.9   simsec/sec=1.05303   ev/simsec=19664.1
     Messages:  created: 1844857   present: 15718   in FES: 191
** Event #2293760   t=230.568188049325   Elapsed: 120.628s (2m 00s)  46% completed  (23% total)
     Speed:     ev/sec=26066.4   simsec/sec=0.950034   ev/simsec=27437.4
     Messages:  created: 1903587   present: 15897   in FES: 176
** Event #2334720   t=234.403822816443   Elapsed: 122.629s (2m 02s)  46% completed  (23% total)
     Speed:     ev/sec=20462.2   simsec/sec=1.91615   ev/simsec=10678.8
     Messages:  created: 1939586   present: 16278   in FES: 153
** Event #2374400   t=238.535558920592   Elapsed: 124.644s (2m 04s)  47% completed  (23% total)
     Speed:     ev/sec=19698.1   simsec/sec=2.05109   ev/simsec=9603.71
     Messages:  created: 1971868   present: 1602   in FES: 140
** Event #2416128   t=242.973291078815   Elapsed: 126.646s (2m 06s)  48% completed  (24% total)
     Speed:     ev/sec=20842.5   simsec/sec=2.21658   ev/simsec=9403
     Messages:  created: 2005713   present: 2084   in FES: 122
** Event #2457600   t=247.066162807463   Elapsed: 128.648s (2m 08s)  49% completed  (24% total)
     Speed:     ev/sec=20709.2   simsec/sec=2.04379   ev/simsec=10132.7
     Messages:  created: 2039598   present: 2632   in FES: 140
** Event #2500096   t=251.568105932952   Elapsed: 130.654s (2m 10s)  50% completed  (25% total)
     Speed:     ev/sec=21190.2   simsec/sec=2.24485   ev/simsec=9439.48
     Messages:  created: 2074147   present: 3179   in FES: 154
** Event #2543360   t=256.060763643341   Elapsed: 132.657s (2m 12s)  51% completed  (25% total)
     Speed:     ev/sec=21603   simsec/sec=2.24332   ev/simsec=9629.93
     Messages:  created: 2109370   present: 3745   in FES: 153
** Event #2585344   t=260.54930396803   Elapsed: 134.658s (2m 14s)  52% completed  (26% total)
     Speed:     ev/sec=20972.2   simsec/sec=2.24215   ev/simsec=9353.6
     Messages:  created: 2143571   present: 4284   in FES: 153
** Event #2627072   t=265.029407233422   Elapsed: 136.665s (2m 16s)  53% completed  (26% total)
     Speed:     ev/sec=20800.2   simsec/sec=2.2332   ev/simsec=9314.07
     Messages:  created: 2177765   present: 4737   in FES: 125
** Event #2672896   t=270.02702236714   Elapsed: 138.668s (2m 18s)  54% completed  (27% total)
     Speed:     ev/sec=22876.3   simsec/sec=2.49491   ev/simsec=9169.17
     Messages:  created: 2215950   present: 5409   in FES: 149
** Event #2720256   t=275.571779915918   Elapsed: 140.68s (2m 20s)  55% completed  (27% total)
     Speed:     ev/sec=23534.4   simsec/sec=2.75533   ev/simsec=8541.4
     Messages:  created: 2257419   present: 6047   in FES: 140
** Event #2772736   t=282.520300381326   Elapsed: 142.686s (2m 22s)  56% completed  (28% total)
     Speed:     ev/sec=26161.8   simsec/sec=3.46391   ev/simsec=7552.69
     Messages:  created: 2305025   present: 6899   in FES: 146
** Event #2835712   t=291.005384236383   Elapsed: 144.686s (2m 24s)  58% completed  (29% total)
     Speed:     ev/sec=31484.4   simsec/sec=4.24206   ev/simsec=7421.97
     Messages:  created: 2363731   present: 7919   in FES: 146
** Event #2898688   t=299.51222387014   Elapsed: 146.688s (2m 26s)  59% completed  (29% total)
     Speed:     ev/sec=31454.5   simsec/sec=4.24889   ev/simsec=7402.98
     Messages:  created: 2422499   present: 8915   in FES: 138
** Event #2953984   t=306.506301648113   Elapsed: 148.703s (2m 28s)  61% completed  (30% total)
     Speed:     ev/sec=27443.2   simsec/sec=3.47113   ev/simsec=7906.12
     Messages:  created: 2472461   present: 9788   in FES: 149
** Event #3004160   t=312.068558503513   Elapsed: 150.707s (2m 30s)  62% completed  (31% total)
     Speed:     ev/sec=25043.1   simsec/sec=2.77615   ev/simsec=9020.8
     Messages:  created: 2515898   present: 10394   in FES: 128
** Event #3055616   t=318.046853749322   Elapsed: 152.707s (2m 32s)  63% completed  (31% total)
     Speed:     ev/sec=25727.9   simsec/sec=2.98914   ev/simsec=8607.14
     Messages:  created: 2560373   present: 11178   in FES: 151
** Event #3104512   t=323.545231089406   Elapsed: 154.726s (2m 34s)  64% completed  (32% total)
     Speed:     ev/sec=24219.3   simsec/sec=2.72347   ev/simsec=8892.81
     Messages:  created: 2602184   present: 11770   in FES: 128
** Event #3150336   t=328.543125786112   Elapsed: 156.729s (2m 36s)  65% completed  (32% total)
     Speed:     ev/sec=22878   simsec/sec=2.49523   ev/simsec=9168.66
     Messages:  created: 2640279   present: 12453   in FES: 154
** Event #3195648   t=333.537532555359   Elapsed: 158.745s (2m 38s)  66% completed  (33% total)
     Speed:     ev/sec=22468.9   simsec/sec=2.47658   ev/simsec=9072.55
     Messages:  created: 2678404   present: 12994   in FES: 136
** Event #3237376   t=338.044736718056   Elapsed: 160.746s (2m 40s)  67% completed  (33% total)
     Speed:     ev/sec=20859.2   simsec/sec=2.25308   ev/simsec=9258.07
     Messages:  created: 2713812   present: 13564   in FES: 148
** Event #3280128   t=342.582719817121   Elapsed: 162.755s (2m 42s)  68% completed  (34% total)
     Speed:     ev/sec=21276.1   simsec/sec=2.25839   ev/simsec=9420.93
     Messages:  created: 2749761   present: 14115   in FES: 154
** Event #3328256   t=348.029348725732   Elapsed: 164.761s (2m 44s)  69% completed  (34% total)
     Speed:     ev/sec=24000.6   simsec/sec=2.71614   ev/simsec=8836.29
     Messages:  created: 2789808   present: 14697   in FES: 125
** Event #3371264   t=352.56409121198   Elapsed: 166.772s (2m 46s)  70% completed  (35% total)
     Speed:     ev/sec=21380.2   simsec/sec=2.25431   ev/simsec=9484.11
     Messages:  created: 2825832   present: 15328   in FES: 154
** Event #3415040   t=357.514428088203   Elapsed: 168.78s (2m 48s)  71% completed  (35% total)
     Speed:     ev/sec=21800.8   simsec/sec=2.46531   ev/simsec=8843.03
     Messages:  created: 2862023   present: 15929   in FES: 176
** Event #3457280   t=362.021560952573   Elapsed: 170.785s (2m 50s)  72% completed  (36% total)
     Speed:     ev/sec=21068.8   simsec/sec=2.24811   ev/simsec=9371.81
     Messages:  created: 2897217   present: 6791   in FES: 154
** Event #3501312   t=366.595713460577   Elapsed: 172.795s (2m 52s)  73% completed  (36% total)
     Speed:     ev/sec=21906.9   simsec/sec=2.27574   ev/simsec=9626.26
     Messages:  created: 2934455   present: 1743   in FES: 142
** Event #3545600   t=371.592227681528   Elapsed: 174.805s (2m 54s)  74% completed  (37% total)
     Speed:     ev/sec=22038.3   simsec/sec=2.48633   ev/simsec=8863.78
     Messages:  created: 2972171   present: 2360   in FES: 149
** Event #3597312   t=378.508298511991   Elapsed: 176.808s (2m 56s)  75% completed  (37% total)
     Speed:     ev/sec=25807.8   simsec/sec=3.45159   ev/simsec=7477.08
     Messages:  created: 3018993   present: 3122   in FES: 127
** Event #3658496   t=386.555403448352   Elapsed: 178.817s (2m 58s)  77% completed  (38% total)
     Speed:     ev/sec=30463.4   simsec/sec=4.00664   ev/simsec=7603.23
     Messages:  created: 3076837   present: 4207   in FES: 164
** Event #3721472   t=395.047204022535   Elapsed: 180.822s (3m 00s)  79% completed  (39% total)
     Speed:     ev/sec=31412.6   simsec/sec=4.23574   ev/simsec=7416.1
     Messages:  created: 3135923   present: 5179   in FES: 154
** Event #3779328   t=402.532647970709   Elapsed: 182.824s (3m 02s)  80% completed  (40% total)
     Speed:     ev/sec=28892.4   simsec/sec=3.73812   ev/simsec=7729.13
     Messages:  created: 3188786   present: 6062   in FES: 146
** Event #3819008   t=406.58266425364   Elapsed: 184.824s (3m 04s)  81% completed  (40% total)
     Speed:     ev/sec=19835.7   simsec/sec=2.02457   ev/simsec=9797.49
     Messages:  created: 3221539   present: 6558   in FES: 145
** Event #3856896   t=410.574664126029   Elapsed: 186.826s (3m 06s)  82% completed  (41% total)
     Speed:     ev/sec=18933.8   simsec/sec=1.99492   ev/simsec=9490.98
     Messages:  created: 3252085   present: 7050   in FES: 153
** Event #3896320   t=414.579129546748   Elapsed: 188.835s (3m 08s)  82% completed  (41% total)
     Speed:     ev/sec=19615   simsec/sec=1.99238   ev/simsec=9845.01
     Messages:  created: 3283913   present: 7513   in FES: 154
** Event #3934720   t=418.555409179622   Elapsed: 190.837s (3m 10s)  83% completed  (41% total)
     Speed:     ev/sec=19186.6   simsec/sec=1.98675   ev/simsec=9657.27
     Messages:  created: 3314826   present: 7997   in FES: 151
** Event #3973120   t=422.521250236434   Elapsed: 192.852s (3m 12s)  84% completed  (42% total)
     Speed:     ev/sec=19057.8   simsec/sec=1.96824   ev/simsec=9682.69
     Messages:  created: 3345797   present: 8455   in FES: 140
** Event #4011776   t=426.518249603072   Elapsed: 194.864s (3m 14s)  85% completed  (42% total)
     Speed:     ev/sec=19213.1   simsec/sec=1.98662   ev/simsec=9671.25
     Messages:  created: 3376909   present: 8955   in FES: 150
** Event #4051456   t=430.52124986344   Elapsed: 196.869s (3m 16s)  86% completed  (43% total)
     Speed:     ev/sec=19787.4   simsec/sec=1.99619   ev/simsec=9912.56
     Messages:  created: 3409013   present: 9415   in FES: 140
** Event #4091136   t=434.540407182566   Elapsed: 198.879s (3m 18s)  86% completed  (43% total)
     Speed:     ev/sec=19745   simsec/sec=1.99995   ev/simsec=9872.72
     Messages:  created: 3441110   present: 9904   in FES: 148
** Event #4128768   t=438.515221901779   Elapsed: 200.887s (3m 20s)  87% completed  (43% total)
     Speed:     ev/sec=18740.3   simsec/sec=1.97942   ev/simsec=9467.61
     Messages:  created: 3471437   present: 10399   in FES: 152
** Event #4184576   t=441.360963207467   Elapsed: 202.895s (3m 22s)  88% completed  (44% total)
     Speed:     ev/sec=27794.7   simsec/sec=1.4173   ev/simsec=19611.1
     Messages:  created: 3530602   present: 10656   in FES: 175
** Event #4235776   t=442.582940655659   Elapsed: 204.909s (3m 24s)  88% completed  (44% total)
     Speed:     ev/sec=25411.4   simsec/sec=0.606488   ev/simsec=41899.3
     Messages:  created: 3591904   present: 10681   in FES: 136
** Event #4293632   t=443.158218770126   Elapsed: 206.911s (3m 26s)  88% completed  (44% total)
     Speed:     ev/sec=28904.9   simsec/sec=0.28741   ev/simsec=100570
     Messages:  created: 3667738   present: 10802   in FES: 149
** Event #4350720   t=443.29157203911   Elapsed: 208.912s (3m 28s)  88% completed  (44% total)
     Speed:     ev/sec=28534.2   simsec/sec=0.0666538   ev/simsec=428096
     Messages:  created: 3746147   present: 10753   in FES: 151
** Event #4410880   t=443.434375078495   Elapsed: 210.925s (3m 30s)  88% completed  (44% total)
     Speed:     ev/sec=29878.6   simsec/sec=0.0709234   ev/simsec=421280
     Messages:  created: 3828733   present: 10787   in FES: 156
** Event #4468224   t=443.567509786611   Elapsed: 212.93s (3m 32s)  88% completed  (44% total)
     Speed:     ev/sec=28604.3   simsec/sec=0.0664101   ev/simsec=430722
     Messages:  created: 3906749   present: 10832   in FES: 154
** Event #4520448   t=445.523754720645   Elapsed: 214.945s (3m 34s)  89% completed  (44% total)
     Speed:     ev/sec=25920.1   simsec/sec=0.970934   ev/simsec=26696
     Messages:  created: 3966452   present: 10906   in FES: 175
** Event #4572416   t=446.796574683623   Elapsed: 216.948s (3m 36s)  89% completed  (44% total)
     Speed:     ev/sec=25944.7   simsec/sec=0.635447   ev/simsec=40829
     Messages:  created: 4029023   present: 10933   in FES: 176
** Event #4633600   t=447.177486237549   Elapsed: 218.955s (3m 38s)  89% completed  (44% total)
     Speed:     ev/sec=30484.4   simsec/sec=0.189786   ev/simsec=160625
     Messages:  created: 4110122   present: 10985   in FES: 138
** Event #4693248   t=447.317264244414   Elapsed: 220.955s (3m 40s)  89% completed  (44% total)
     Speed:     ev/sec=29814.6   simsec/sec=0.069867   ev/simsec=426734
     Messages:  created: 4192107   present: 11033   in FES: 154
** Event #4751104   t=447.452468971613   Elapsed: 222.96s (3m 42s)  89% completed  (44% total)
     Speed:     ev/sec=28855.8   simsec/sec=0.0674336   ev/simsec=427914
     Messages:  created: 4271543   present: 11049   in FES: 176
** Event #4807936   t=447.579976047082   Elapsed: 224.962s (3m 44s)  89% completed  (44% total)
     Speed:     ev/sec=28390.3   simsec/sec=0.0636959   ev/simsec=445716
     Messages:  created: 4348065   present: 11057   in FES: 155
** Event #4858880   t=449.530388027408   Elapsed: 226.967s (3m 46s)  89% completed  (44% total)
     Speed:     ev/sec=25412.5   simsec/sec=0.972928   ev/simsec=26119.6
     Messages:  created: 4406265   present: 11116   in FES: 149
** Event #4911872   t=450.84475908837   Elapsed: 228.968s (3m 48s)  90% completed  (45% total)
     Speed:     ev/sec=26485.9   simsec/sec=0.656936   ev/simsec=40317.4
     Messages:  created: 4470367   present: 11144   in FES: 155
** Event #4974336   t=451.19206843591   Elapsed: 230.972s (3m 50s)  90% completed  (45% total)
     Speed:     ev/sec=31167.4   simsec/sec=0.173296   ev/simsec=179851
     Messages:  created: 4553430   present: 11185   in FES: 148
** Event #5035264   t=451.340911316147   Elapsed: 232.976s (3m 52s)  90% completed  (45% total)
     Speed:     ev/sec=30399.7   simsec/sec=0.0742644   ev/simsec=409344
     Messages:  created: 4637183   present: 11259   in FES: 163
** Event #5098496   t=451.494552354307   Elapsed: 234.979s (3m 54s)  90% completed  (45% total)
     Speed:     ev/sec=31563.2   simsec/sec=0.0766922   ev/simsec=411557
     Messages:  created: 4724101   present: 11251   in FES: 156
** Event #5149184   t=452.808839451327   Elapsed: 236.98s (3m 56s)  90% completed  (45% total)
     Speed:     ev/sec=25334.5   simsec/sec=0.656897   ev/simsec=38566.9
     Messages:  created: 4785218   present: 11295   in FES: 155
** Event #5207040   t=454.521250338272   Elapsed: 238.989s (3m 58s)  90% completed  (45% total)
     Speed:     ev/sec=28802.3   simsec/sec=0.852484   ev/simsec=33786.3
     Messages:  created: 4854064   present: 11364   in FES: 138
** Event #5266944   t=455.161223749916   Elapsed: 240.996s (4m 00s)  91% completed  (45% total)
     Speed:     ev/sec=29850.3   simsec/sec=0.318901   ev/simsec=93603.9
     Messages:  created: 4931277   present: 11522   in FES: 171
** Event #5331712   t=455.353195884232   Elapsed: 243.002s (4m 03s)  91% completed  (45% total)
     Speed:     ev/sec=32278.9   simsec/sec=0.0956746   ev/simsec=337382
     Messages:  created: 5020376   present: 11521   in FES: 161
** Event #5397504   t=455.523102738691   Elapsed: 245.004s (4m 05s)  91% completed  (45% total)
     Speed:     ev/sec=32861.2   simsec/sec=0.0848634   ev/simsec=387224
     Messages:  created: 5110451   present: 11502   in FES: 154
** Event #5448960   t=457.519251759837   Elapsed: 247.024s (4m 07s)  91% completed  (45% total)
     Speed:     ev/sec=25482.6   simsec/sec=0.988553   ev/simsec=25777.6
     Messages:  created: 5169625   present: 11570   in FES: 133
** Event #5500672   t=459.066160236012   Elapsed: 249.029s (4m 09s)  91% completed  (45% total)
     Speed:     ev/sec=25780.1   simsec/sec=0.771183   ev/simsec=33429.3
     Messages:  created: 5229736   present: 11756   in FES: 149
** Event #5571072   t=459.351670005586   Elapsed: 251.032s (4m 11s)  91% completed  (45% total)
     Speed:     ev/sec=35155.9   simsec/sec=0.142576   ev/simsec=246577
     Messages:  created: 5326028   present: 11789   in FES: 153
** Event #5631232   t=460.081668255325   Elapsed: 253.034s (4m 13s)  92% completed  (46% total)
     Speed:     ev/sec=30046.5   simsec/sec=0.364593   ev/simsec=82411.2
     Messages:  created: 5404151   present: 11826   in FES: 152
** Event #5678336   t=462.22351407687   Elapsed: 255.039s (4m 15s)  92% completed  (46% total)
     Speed:     ev/sec=23493.5   simsec/sec=1.06826   ev/simsec=21992.2
     Messages:  created: 5456818   present: 11960   in FES: 156
** Event #5737728   t=463.229835208897   Elapsed: 257.042s (4m 17s)  92% completed  (46% total)
     Speed:     ev/sec=29647.9   simsec/sec=0.502345   ev/simsec=59018.9
     Messages:  created: 5532944   present: 12075   in FES: 146
** Event #5807104   t=463.480111015603   Elapsed: 259.045s (4m 19s)  92% completed  (46% total)
     Speed:     ev/sec=34650   simsec/sec=0.125001   ev/simsec=277198
     Messages:  created: 5628604   present: 12151   in FES: 167
** Event #5861632   t=465.528629594877   Elapsed: 261.051s (4m 21s)  93% completed  (46% total)
     Speed:     ev/sec=27178.5   simsec/sec=1.02105   ev/simsec=26618.3
     Messages:  created: 5691761   present: 12194   in FES: 125
** Event #5914880   t=467.099222124633   Elapsed: 263.051s (4m 23s)  93% completed  (46% total)
     Speed:     ev/sec=26617.3   simsec/sec=0.7851   ev/simsec=33903.1
     Messages:  created: 5754879   present: 12369   in FES: 137
** Event #5981184   t=467.369518949184   Elapsed: 265.058s (4m 25s)  93% completed  (46% total)
     Speed:     ev/sec=33045.4   simsec/sec=0.134714   ev/simsec=245301
     Messages:  created: 5846207   present: 12409   in FES: 126
** Event #6043392   t=468.326924952852   Elapsed: 267.07s (4m 27s)  93% completed  (46% total)
     Speed:     ev/sec=30918.7   simsec/sec=0.475851   ev/simsec=64975.6
     Messages:  created: 5927241   present: 12436   in FES: 140
** Event #6095872   t=471.076878992162   Elapsed: 269.07s (4m 29s)  94% completed  (47% total)
     Speed:     ev/sec=26236   simsec/sec=1.37477   ev/simsec=19084
     Messages:  created: 5985549   present: 12699   in FES: 157
** Event #6159104   t=472.244180047972   Elapsed: 271.077s (4m 31s)  94% completed  (47% total)
     Speed:     ev/sec=31511   simsec/sec=0.581712   ev/simsec=54169.4
     Messages:  created: 6068050   present: 12778   in FES: 125
** Event #6226176   t=472.48668724837   Elapsed: 273.081s (4m 33s)  94% completed  (47% total)
     Speed:     ev/sec=33474.6   simsec/sec=0.121032   ev/simsec=276577
     Messages:  created: 6160516   present: 12867   in FES: 153
** Event #6286592   t=475.046858145284   Elapsed: 275.081s (4m 35s)  95% completed  (47% total)
     Speed:     ev/sec=30199.2   simsec/sec=1.27971   ev/simsec=23598.4
     Messages:  created: 6232739   present: 12988   in FES: 131
** Event #6350336   t=476.23913091598   Elapsed: 277.091s (4m 37s)  95% completed  (47% total)
     Speed:     ev/sec=31720.5   simsec/sec=0.593303   ev/simsec=53464.3
     Messages:  created: 6315748   present: 13194   in FES: 156
** Event #6418176   t=476.483156288377   Elapsed: 279.091s (4m 39s)  95% completed  (47% total)
     Speed:     ev/sec=33917.1   simsec/sec=0.122002   ev/simsec=278004
     Messages:  created: 6409221   present: 13132   in FES: 125
** Event #6482176   t=479.077183537282   Elapsed: 281.095s (4m 41s)  95% completed  (47% total)
     Speed:     ev/sec=31928   simsec/sec=1.29409   ev/simsec=24672.1
     Messages:  created: 6486250   present: 13378   in FES: 152
** Event #6553344   t=480.282255013485   Elapsed: 283.1s (4m 43s)  96% completed  (48% total)
     Speed:     ev/sec=35502.3   simsec/sec=0.601152   ev/simsec=59057.1
     Messages:  created: 6580017   present: 13444   in FES: 143
** Event #6619136   t=480.515209904863   Elapsed: 285.1s (4m 45s)  96% completed  (48% total)
     Speed:     ev/sec=32894.5   simsec/sec=0.116472   ev/simsec=282424
     Messages:  created: 6670704   present: 13641   in FES: 188
** Event #6681856   t=481.757351475805   Elapsed: 287.105s (4m 47s)  96% completed  (48% total)
     Speed:     ev/sec=31289.1   simsec/sec=0.619666   ev/simsec=50493.4
     Messages:  created: 6751265   present: 12529   in FES: 178
** Event #6746368   t=481.908955244119   Elapsed: 289.115s (4m 49s)  96% completed  (48% total)
     Speed:     ev/sec=32096.3   simsec/sec=0.0754265   ev/simsec=425530
     Messages:  created: 6840467   present: 12021   in FES: 154
** Event #6808320   t=482.276806945519   Elapsed: 291.124s (4m 51s)  96% completed  (48% total)
     Speed:     ev/sec=30832.7   simsec/sec=0.183075   ev/simsec=168416
     Messages:  created: 6923095   present: 11566   in FES: 179
** Event #6864896   t=482.711101081687   Elapsed: 293.126s (4m 53s)  96% completed  (48% total)
     Speed:     ev/sec=28256.2   simsec/sec=0.216903   ev/simsec=130271
     Messages:  created: 6998699   present: 11153   in FES: 158
** Event #6925056   t=482.888978706846   Elapsed: 295.129s (4m 55s)  96% completed  (48% total)
     Speed:     ev/sec=30036.8   simsec/sec=0.088811   ev/simsec=338210
     Messages:  created: 7081096   present: 10749   in FES: 167
** Event #6990592   t=483.923354823864   Elapsed: 297.132s (4m 57s)  96% completed  (48% total)
     Speed:     ev/sec=32711.8   simsec/sec=0.516301   ev/simsec=63358
     Messages:  created: 7166704   present: 10375   in FES: 172
** Event #7048960   t=485.474656795721   Elapsed: 299.133s (4m 59s)  97% completed  (48% total)
     Speed:     ev/sec=29173.9   simsec/sec=0.775382   ev/simsec=37625.2
     Messages:  created: 7238855   present: 10430   in FES: 163
** Event #7098624   t=486.589206558484   Elapsed: 301.14s (5m 01s)  97% completed  (48% total)
     Speed:     ev/sec=24744.4   simsec/sec=0.555309   ev/simsec=44559.7
     Messages:  created: 7299291   present: 10484   in FES: 161
** Event #7152640   t=487.904261793947   Elapsed: 303.144s (5m 03s)  97% completed  (48% total)
     Speed:     ev/sec=26950.1   simsec/sec=0.656118   ev/simsec=41075.1
     Messages:  created: 7366227   present: 10518   in FES: 164
** Event #7212032   t=488.18605298285   Elapsed: 305.149s (5m 05s)  97% completed  (48% total)
     Speed:     ev/sec=29625.4   simsec/sec=0.140561   ev/simsec=210766
     Messages:  created: 7445395   present: 10613   in FES: 165
** Event #7272960   t=488.346960051947   Elapsed: 307.154s (5m 07s)  97% completed  (48% total)
     Speed:     ev/sec=30392.7   simsec/sec=0.0802652   ev/simsec=378653
     Messages:  created: 7529108   present: 10635   in FES: 163
** Event #7330048   t=488.482786103063   Elapsed: 309.154s (5m 09s)  97% completed  (48% total)
     Speed:     ev/sec=28536.3   simsec/sec=0.0678946   ev/simsec=420302
     Messages:  created: 7607697   present: 10641   in FES: 185
** Event #7378432   t=488.913968398638   Elapsed: 311.158s (5m 11s)  97% completed  (48% total)
     Speed:     ev/sec=24144.2   simsec/sec=0.215165   ev/simsec=112212
     Messages:  created: 7671720   present: 8561   in FES: 181
** Event #7434496   t=490.518384937939   Elapsed: 313.16s (5m 13s)  98% completed  (49% total)
     Speed:     ev/sec=28008.5   simsec/sec=0.801535   ev/simsec=34943.5
     Messages:  created: 7738510   present: 6137   in FES: 167
** Event #7487744   t=491.826878333882   Elapsed: 315.166s (5m 15s)  98% completed  (49% total)
     Speed:     ev/sec=26549.6   simsec/sec=0.652418   ev/simsec=40694.1
     Messages:  created: 7803532   present: 6109   in FES: 155
** Event #7548672   t=492.182196620536   Elapsed: 317.171s (5m 17s)  98% completed  (49% total)
     Speed:     ev/sec=30382.9   simsec/sec=0.177186   ev/simsec=171474
     Messages:  created: 7884359   present: 6207   in FES: 156
** Event #7614464   t=492.343553537404   Elapsed: 319.176s (5m 19s)  98% completed  (49% total)
     Speed:     ev/sec=32816   simsec/sec=0.0804822   ev/simsec=407742
     Messages:  created: 7974743   present: 6212   in FES: 154
** Event #7671552   t=492.481649454983   Elapsed: 321.181s (5m 21s)  98% completed  (49% total)
     Speed:     ev/sec=28473.4   simsec/sec=0.0688772   ev/simsec=413394
     Messages:  created: 8053177   present: 6212   in FES: 150
** Event #7720704   t=492.595320539452   Elapsed: 323.192s (5m 23s)  98% completed  (49% total)
     Speed:     ev/sec=24439   simsec/sec=0.0565187   ev/simsec=432405
     Messages:  created: 8118409   present: 6077   in FES: 124
** Event #7781376   t=494.500517073518   Elapsed: 325.2s (5m 25s)  98% completed  (49% total)
     Speed:     ev/sec=30214.3   simsec/sec=0.948775   ev/simsec=31845.5
     Messages:  created: 8191723   present: 6245   in FES: 176
** Event #7829504   t=495.610965352327   Elapsed: 327.211s (5m 27s)  99% completed  (49% total)
     Speed:     ev/sec=23929.2   simsec/sec=0.552114   ev/simsec=43341.1
     Messages:  created: 8249084   present: 6305   in FES: 175
** Event #7886848   t=496.156472818795   Elapsed: 329.216s (5m 29s)  99% completed  (49% total)
     Speed:     ev/sec=28611.9   simsec/sec=0.272182   ev/simsec=105120
     Messages:  created: 8324689   present: 6399   in FES: 173
** Event #7942656   t=496.289042834553   Elapsed: 331.224s (5m 31s)  99% completed  (49% total)
     Speed:     ev/sec=27788.7   simsec/sec=0.0660111   ev/simsec=420970
     Messages:  created: 8401299   present: 6383   in FES: 153
** Event #7998976   t=496.422470999367   Elapsed: 333.227s (5m 33s)  99% completed  (49% total)
     Speed:     ev/sec=28113.3   simsec/sec=0.0666035   ev/simsec=422100
     Messages:  created: 8478728   present: 6380   in FES: 140
** Event #8055296   t=496.54805710545   Elapsed: 335.232s (5m 35s)  99% completed  (49% total)
     Speed:     ev/sec=28094.7   simsec/sec=0.0626473   ev/simsec=448457
     Messages:  created: 8554396   present: 6394   in FES: 140
** Event #8104960   t=497.82054723097   Elapsed: 337.237s (5m 37s)  99% completed  (49% total)
     Speed:     ev/sec=24765.6   simsec/sec=0.634545   ev/simsec=39029
     Messages:  created: 8615578   present: 6376   in FES: 155
** Event #8158208   t=499.0790994117   Elapsed: 339.24s (5m 39s)  99% completed  (49% total)
     Speed:     ev/sec=26587.9   simsec/sec=0.628424   ev/simsec=42308.9
     Messages:  created: 8679408   present: 6443   in FES: 140
** Event #8191087   t=500   Elapsed: 340.562s (5m 40s)  100% completed  (50% total)
     Speed:     ev/sec=24869.6   simsec/sec=0.685394   ev/simsec=36285
     Messages:  created: 8720510   present: 6401   in FES: 122

<!> Simulation time limit reached -- at t=500s, event #8191087
undisposed object: (omnetpp::cMessage) FanetSarNetwork.groundStation.app.debugTimer -- check module destructor
undisposed object: (omnetpp::cMessage) FanetSarNetwork.uav[0].app.debugTimer -- check module destructor
undisposed object: (omnetpp::cMessage) FanetSarNetwork.uav[1].app.debugTimer -- check module destructor
undisposed object: (omnetpp::cMessage) FanetSarNetwork.uav[2].app.debugTimer -- check module destructor
undisposed object: (omnetpp::cMessage) FanetSarNetwork.uav[3].app.debugTimer -- check module destructor
undisposed object: (omnetpp::cMessage) FanetSarNetwork.uav[4].app.debugTimer -- check module destructor
undisposed object: (omnetpp::cMessage) FanetSarNetwork.uav[5].app.debugTimer -- check module destructor
undisposed object: (omnetpp::cMessage) FanetSarNetwork.uav[6].app.debugTimer -- check module destructor
undisposed object: (omnetpp::cMessage) FanetSarNetwork.uav[7].app.debugTimer -- check module destructor
undisposed object: (omnetpp::cMessage) FanetSarNetwork.uav[8].app.debugTimer -- check module destructor
undisposed object: (omnetpp::cMessage) FanetSarNetwork.uav[9].app.debugTimer -- check module destructor
undisposed object: (omnetpp::cMessage) FanetSarNetwork.uav[10].app.debugTimer -- check module destructor
undisposed object: (omnetpp::cMessage) FanetSarNetwork.uav[11].app.debugTimer -- check module destructor
undisposed object: (omnetpp::cMessage) FanetSarNetwork.uav[12].app.debugTimer -- check module destructor
undisposed object: (omnetpp::cMessage) FanetSarNetwork.uav[13].app.debugTimer -- check module destructor
undisposed object: (omnetpp::cMessage) FanetSarNetwork.uav[14].app.debugTimer -- check module destructor
undisposed object: (omnetpp::cMessage) FanetSarNetwork.uav[15].app.debugTimer -- check module destructor
undisposed object: (omnetpp::cMessage) FanetSarNetwork.uav[16].app.debugTimer -- check module destructor
undisposed object: (omnetpp::cMessage) FanetSarNetwork.uav[17].app.debugTimer -- check module destructor
undisposed object: (omnetpp::cMessage) FanetSarNetwork.uav[18].app.debugTimer -- check module destructor
undisposed object: (omnetpp::cMessage) FanetSarNetwork.uav[19].app.debugTimer -- check module destructor
undisposed object: (omnetpp::cMessage) FanetSarNetwork.uav[20].app.debugTimer -- check module destructor
undisposed object: (omnetpp::cMessage) FanetSarNetwork.uav[21].app.debugTimer -- check module destructor
undisposed object: (omnetpp::cMessage) FanetSarNetwork.uav[22].app.debugTimer -- check module destructor
undisposed object: (omnetpp::cMessage) FanetSarNetwork.uav[23].app.debugTimer -- check module destructor
undisposed object: (omnetpp::cMessage) FanetSarNetwork.uav[24].app.debugTimer -- check module destructor
undisposed object: (omnetpp::cMessage) FanetSarNetwork.uav[25].app.debugTimer -- check module destructor
undisposed object: (omnetpp::cMessage) FanetSarNetwork.uav[26].app.debugTimer -- check module destructor
undisposed object: (omnetpp::cMessage) FanetSarNetwork.uav[27].app.debugTimer -- check module destructor
undisposed object: (omnetpp::cMessage) FanetSarNetwork.uav[28].app.debugTimer -- check module destructor
undisposed object: (omnetpp::cMessage) FanetSarNetwork.uav[29].app.debugTimer -- check module destructor
