** Event #0   t=0   Elapsed: 1.8e-05s (0m 00s)  0% completed  (0% total)
     Speed:     ev/sec=0   simsec/sec=0   ev/simsec=0
     Messages:  created: 1178   present: 1178   in FES: 186
** Event #80896   t=4.518727759329   Elapsed: 2.00058s (0m 02s)  0% completed  (0% total)
     Speed:     ev/sec=40437.2   simsec/sec=2.25873   ev/simsec=17902.6
     Messages:  created: 75289   present: 1367   in FES: 152
** Event #161280   t=8.529491862501   Elapsed: 4.00335s (0m 04s)  1% completed  (0% total)
     Speed:     ev/sec=40136.2   simsec/sec=2.0026   ev/simsec=20042.1
     Messages:  created: 150382   present: 1439   in FES: 173
** Event #232448   t=12.513113222061   Elapsed: 6.00561s (0m 06s)  2% completed  (1% total)
     Speed:     ev/sec=35543.8   simsec/sec=1.98956   ev/simsec=17865.2
     Messages:  created: 214949   present: 1294   in FES: 169
** Event #289536   t=13.539920108822   Elapsed: 8.00647s (0m 08s)  2% completed  (1% total)
     Speed:     ev/sec=28531.8   simsec/sec=0.513184   ev/simsec=55597.6
     Messages:  created: 269628   present: 1199   in FES: 136
** Event #342784   t=14.599345770012   Elapsed: 10.0115s (0m 10s)  2% completed  (1% total)
     Speed:     ev/sec=26556.7   simsec/sec=0.528373   ev/simsec=50261.2
     Messages:  created: 319661   present: 1270   in FES: 153
** Event #398592   t=16.522093297234   Elapsed: 12.0211s (0m 12s)  3% completed  (1% total)
     Speed:     ev/sec=27771.5   simsec/sec=0.956809   ev/simsec=29025.1
     Messages:  created: 371513   present: 1442   in FES: 184
** Event #458496   t=19.005218452257   Elapsed: 14.0227s (0m 14s)  3% completed  (1% total)
     Speed:     ev/sec=29927.2   simsec/sec=1.24053   ev/simsec=24124.4
     Messages:  created: 426222   present: 1118   in FES: 123
** Event #522496   t=21.583496105295   Elapsed: 16.0304s (0m 16s)  4% completed  (2% total)
     Speed:     ev/sec=31877.4   simsec/sec=1.2842   ev/simsec=24822.8
     Messages:  created: 485344   present: 1230   in FES: 152
** Event #588288   t=24.53230842905   Elapsed: 18.0341s (0m 18s)  4% completed  (2% total)
     Speed:     ev/sec=32835.8   simsec/sec=1.47171   ev/simsec=22311.4
     Messages:  created: 546409   present: 1384   in FES: 171
** Event #652544   t=28.511768723725   Elapsed: 20.0345s (0m 20s)  5% completed  (2% total)
     Speed:     ev/sec=32121.2   simsec/sec=1.98931   ev/simsec=16146.9
     Messages:  created: 605239   present: 1212   in FES: 154
** Event #717824   t=32.03742736996   Elapsed: 22.0413s (0m 22s)  6% completed  (3% total)
     Speed:     ev/sec=32529.9   simsec/sec=1.75688   ev/simsec=18515.7
     Messages:  created: 664583   present: 1202   in FES: 154
** Event #784384   t=35.532005861593   Elapsed: 24.0452s (0m 24s)  7% completed  (3% total)
     Speed:     ev/sec=33216.1   simsec/sec=1.74393   ev/simsec=19046.6
     Messages:  created: 725901   present: 1223   in FES: 138
** Event #852224   t=40.08880796279   Elapsed: 26.0501s (0m 26s)  8% completed  (4% total)
     Speed:     ev/sec=33836.6   simsec/sec=2.2728   ev/simsec=14887.6
     Messages:  created: 789426   present: 1181   in FES: 144
** Event #920320   t=44.516745485051   Elapsed: 28.0549s (0m 28s)  8% completed  (4% total)
     Speed:     ev/sec=33965.4   simsec/sec=2.2086   ev/simsec=15378.7
     Messages:  created: 857140   present: 1229   in FES: 156
** Event #986880   t=46.593668250182   Elapsed: 30.0581s (0m 30s)  9% completed  (4% total)
     Speed:     ev/sec=33227.1   simsec/sec=1.03681   ev/simsec=32047.4
     Messages:  created: 925389   present: 1307   in FES: 187
** Event #1059584   t=50.581887494873   Elapsed: 32.0605s (0m 32s)  10% completed  (5% total)
     Speed:     ev/sec=36309   simsec/sec=1.99175   ev/simsec=18229.7
     Messages:  created: 997993   present: 1234   in FES: 154
** Event #1138432   t=57.093309914329   Elapsed: 34.0635s (0m 34s)  11% completed  (5% total)
     Speed:     ev/sec=39364.8   simsec/sec=3.25082   ev/simsec=12109.2
     Messages:  created: 1075380   present: 1198   in FES: 149
** Event #1212928   t=63.549696656908   Elapsed: 36.0712s (0m 36s)  12% completed  (6% total)
     Speed:     ev/sec=37104.8   simsec/sec=3.21579   ev/simsec=11538.3
     Messages:  created: 1149608   present: 1213   in FES: 153
** Event #1291520   t=70.037478554843   Elapsed: 38.0741s (0m 38s)  14% completed  (7% total)
     Speed:     ev/sec=39239.7   simsec/sec=3.23925   ev/simsec=12113.8
     Messages:  created: 1227630   present: 1210   in FES: 151
** Event #1363712   t=75.57747500797   Elapsed: 40.0742s (0m 40s)  15% completed  (7% total)
     Speed:     ev/sec=36093.3   simsec/sec=2.76979   ev/simsec=13031.1
     Messages:  created: 1299499   present: 1219   in FES: 151
** Event #1425664   t=77.584240051737   Elapsed: 42.0749s (0m 42s)  15% completed  (7% total)
     Speed:     ev/sec=30966.4   simsec/sec=1.00307   ev/simsec=30871.6
     Messages:  created: 1359596   present: 1211   in FES: 142
** Event #1491968   t=79.557590615906   Elapsed: 44.0803s (0m 44s)  15% completed  (7% total)
     Speed:     ev/sec=33062.6   simsec/sec=0.984015   ev/simsec=33599.7
     Messages:  created: 1421034   present: 1350   in FES: 173
** Event #1560576   t=82.099192419053   Elapsed: 46.0823s (0m 46s)  16% completed  (8% total)
     Speed:     ev/sec=34269.8   simsec/sec=1.26953   ev/simsec=26994
     Messages:  created: 1483648   present: 1199   in FES: 150
** Event #1629184   t=85.605884416266   Elapsed: 48.083s (0m 48s)  17% completed  (8% total)
     Speed:     ev/sec=34290.9   simsec/sec=1.75267   ev/simsec=19564.9
     Messages:  created: 1546358   present: 1138   in FES: 123
** Event #1697280   t=89.549391993574   Elapsed: 50.0875s (0m 50s)  17% completed  (8% total)
     Speed:     ev/sec=33972.7   simsec/sec=1.96739   ev/simsec=17267.9
     Messages:  created: 1608852   present: 1269   in FES: 154
** Event #1763328   t=92.541694205151   Elapsed: 52.0998s (0m 52s)  18% completed  (9% total)
     Speed:     ev/sec=32821.4   simsec/sec=1.48697   ev/simsec=22072.6
     Messages:  created: 1669005   present: 1237   in FES: 146
** Event #1831680   t=96.55106353839   Elapsed: 54.1065s (0m 54s)  19% completed  (9% total)
     Speed:     ev/sec=34062.3   simsec/sec=1.99802   ev/simsec=17048.1
     Messages:  created: 1733770   present: 1213   in FES: 165
** Event #1897984   t=100.595333829355   Elapsed: 56.1071s (0m 56s)  20% completed  (10% total)
     Speed:     ev/sec=33141.4   simsec/sec=2.02149   ev/simsec=16394.6
     Messages:  created: 1800319   present: 1279   in FES: 174
** Event #1961216   t=103.54382434132   Elapsed: 58.1099s (0m 58s)  20% completed  (10% total)
     Speed:     ev/sec=31572.8   simsec/sec=1.47223   ev/simsec=21445.5
     Messages:  created: 1863441   present: 1666   in FES: 186
** Event #2028544   t=107.549639058557   Elapsed: 60.1205s (1m 00s)  21% completed  (10% total)
     Speed:     ev/sec=33486.5   simsec/sec=1.99235   ev/simsec=16807.6
     Messages:  created: 1930467   present: 2096   in FES: 184
** Event #2100224   t=113.517388832364   Elapsed: 62.1225s (1m 02s)  22% completed  (11% total)
     Speed:     ev/sec=35803.2   simsec/sec=2.98081   ev/simsec=12011.2
     Messages:  created: 2000221   present: 1829   in FES: 147
** Event #2169344   t=119.07631389976   Elapsed: 64.1242s (1m 04s)  23% completed  (11% total)
     Speed:     ev/sec=34530.6   simsec/sec=2.7771   ev/simsec=12434.1
     Messages:  created: 2067090   present: 2422   in FES: 124
** Event #2234880   t=122.531289118368   Elapsed: 66.1243s (1m 06s)  24% completed  (12% total)
     Speed:     ev/sec=32767.5   simsec/sec=1.72746   ev/simsec=18968.6
     Messages:  created: 2130518   present: 2973   in FES: 153
** Event #2298368   t=124.517822146257   Elapsed: 68.1267s (1m 08s)  24% completed  (12% total)
     Speed:     ev/sec=31705.1   simsec/sec=0.992048   ev/simsec=31959.2
     Messages:  created: 2190132   present: 3231   in FES: 155
** Event #2360320   t=126.099937353295   Elapsed: 70.127s (1m 10s)  25% completed  (12% total)
     Speed:     ev/sec=30971.6   simsec/sec=0.790946   ev/simsec=39157.7
     Messages:  created: 2247656   present: 3302   in FES: 139
** Event #2422272   t=129.585174724511   Elapsed: 72.1305s (1m 12s)  25% completed  (12% total)
     Speed:     ev/sec=30922.3   simsec/sec=1.7396   ev/simsec=17775.5
     Messages:  created: 2303932   present: 3806   in FES: 151
** Event #2481920   t=133.527259590021   Elapsed: 74.1308s (1m 14s)  26% completed  (13% total)
     Speed:     ev/sec=29819.2   simsec/sec=1.97073   ev/simsec=15131.1
     Messages:  created: 2357521   present: 4313   in FES: 150
** Event #2544128   t=136.611906777588   Elapsed: 76.1336s (1m 16s)  27% completed  (13% total)
     Speed:     ev/sec=31059.9   simsec/sec=1.54014   ev/simsec=20167
     Messages:  created: 2413505   present: 4711   in FES: 167
** Event #2613248   t=140.516434976211   Elapsed: 78.14s (1m 18s)  28% completed  (14% total)
     Speed:     ev/sec=34449.9   simsec/sec=1.94605   ev/simsec=17702.5
     Messages:  created: 2476362   present: 5089   in FES: 154
** Event #2677248   t=143.549220811541   Elapsed: 80.1412s (1m 20s)  28% completed  (14% total)
     Speed:     ev/sec=31981.1   simsec/sec=1.5155   ev/simsec=21102.7
     Messages:  created: 2535148   present: 5513   in FES: 154
** Event #2744064   t=147.540320437874   Elapsed: 82.1431s (1m 22s)  29% completed  (14% total)
     Speed:     ev/sec=33377   simsec/sec=1.9937   ev/simsec=16741.3
     Messages:  created: 2595927   present: 5925   in FES: 153
** Event #2810368   t=152.070169309687   Elapsed: 84.1438s (1m 24s)  30% completed  (15% total)
     Speed:     ev/sec=33140   simsec/sec=2.26411   ev/simsec=14637.1
     Messages:  created: 2659731   present: 6437   in FES: 145
** Event #2864384   t=153.541158035313   Elapsed: 86.1438s (1m 26s)  30% completed  (15% total)
     Speed:     ev/sec=27007.8   simsec/sec=0.735488   ev/simsec=36720.9
     Messages:  created: 2711942   present: 6712   in FES: 142
** Event #2921984   t=154.600082224048   Elapsed: 88.1481s (1m 28s)  30% completed  (15% total)
     Speed:     ev/sec=28737.8   simsec/sec=0.528319   ev/simsec=54394.8
     Messages:  created: 2767190   present: 6815   in FES: 148
** Event #2980096   t=155.602085665296   Elapsed: 90.1488s (1m 30s)  31% completed  (15% total)
     Speed:     ev/sec=29046.1   simsec/sec=0.500831   ev/simsec=57995.8
     Messages:  created: 2822077   present: 6915   in FES: 155
** Event #3037952   t=157.011065222965   Elapsed: 92.15s (1m 32s)  31% completed  (15% total)
     Speed:     ev/sec=28910.3   simsec/sec=0.704058   ev/simsec=41062.3
     Messages:  created: 2875430   present: 7042   in FES: 149
** Event #3097344   t=159.073202153439   Elapsed: 94.1525s (1m 34s)  31% completed  (15% total)
     Speed:     ev/sec=29659.2   simsec/sec=1.02979   ev/simsec=28801.2
     Messages:  created: 2928437   present: 7305   in FES: 153
** Event #3162624   t=162.160200993365   Elapsed: 96.1542s (1m 36s)  32% completed  (16% total)
     Speed:     ev/sec=32611.7   simsec/sec=1.54216   ev/simsec=21146.8
     Messages:  created: 2985262   present: 7574   in FES: 122
** Event #3224576   t=165.032260341911   Elapsed: 98.1647s (1m 38s)  33% completed  (16% total)
     Speed:     ev/sec=30815   simsec/sec=1.42857   ev/simsec=21570.6
     Messages:  created: 3040017   present: 8015   in FES: 153
** Event #3286528   t=167.603493069064   Elapsed: 100.17s (1m 40s)  33% completed  (16% total)
     Speed:     ev/sec=30896   simsec/sec=1.2823   ev/simsec=24094.3
     Messages:  created: 3095436   present: 8388   in FES: 153
** Event #3346688   t=170.533580345877   Elapsed: 102.176s (1m 42s)  34% completed  (17% total)
     Speed:     ev/sec=29988   simsec/sec=1.46056   ev/simsec=20531.8
     Messages:  created: 3148978   present: 8675   in FES: 147
** Event #3409408   t=173.538683832514   Elapsed: 104.177s (1m 44s)  34% completed  (17% total)
     Speed:     ev/sec=31337.9   simsec/sec=1.50149   ev/simsec=20871.2
     Messages:  created: 3205531   present: 9008   in FES: 151
** Event #3472640   t=176.520117501915   Elapsed: 106.188s (1m 46s)  35% completed  (17% total)
     Speed:     ev/sec=31445.4   simsec/sec=1.48267   ev/simsec=21208.6
     Messages:  created: 3262729   present: 9402   in FES: 153
** Event #3534080   t=178.608123644988   Elapsed: 108.193s (1m 48s)  35% completed  (17% total)
     Speed:     ev/sec=30647.1   simsec/sec=1.04153   ev/simsec=29425.2
     Messages:  created: 3317756   present: 9725   in FES: 154
** Event #3595264   t=181.597142505   Elapsed: 110.198s (1m 50s)  36% completed  (18% total)
     Speed:     ev/sec=30508.6   simsec/sec=1.49044   ev/simsec=20469.6
     Messages:  created: 3371781   present: 10014   in FES: 157
** Event #3654656   t=184.601908840177   Elapsed: 112.203s (1m 52s)  36% completed  (18% total)
     Speed:     ev/sec=29635   simsec/sec=1.4993   ev/simsec=19765.9
     Messages:  created: 3424506   present: 10425   in FES: 166
** Event #3715840   t=186.598207829363   Elapsed: 114.204s (1m 54s)  37% completed  (18% total)
     Speed:     ev/sec=30577.3   simsec/sec=0.99767   ev/simsec=30648.7
     Messages:  created: 3480534   present: 10720   in FES: 183
** Event #3771904   t=188.074710461608   Elapsed: 116.214s (1m 56s)  37% completed  (18% total)
     Speed:     ev/sec=27880.3   simsec/sec=0.734256   ev/simsec=37970.8
     Messages:  created: 3530461   present: 10789   in FES: 153
** Event #3820288   t=188.562582834106   Elapsed: 118.218s (1m 58s)  37% completed  (18% total)
     Speed:     ev/sec=24143.6   simsec/sec=0.243448   ev/simsec=99173.5
     Messages:  created: 3575005   present: 10914   in FES: 141
** Event #3868160   t=189.551178219788   Elapsed: 120.22s (2m 00s)  37% completed  (18% total)
     Speed:     ev/sec=23915.7   simsec/sec=0.493879   ev/simsec=48424.3
     Messages:  created: 3619093   present: 11139   in FES: 185
** Event #3917568   t=190.577577369135   Elapsed: 122.226s (2m 02s)  38% completed  (19% total)
     Speed:     ev/sec=24628.7   simsec/sec=0.511634   ev/simsec=48137.2
     Messages:  created: 3663839   present: 11143   in FES: 197
** Event #3970560   t=193.52316974102   Elapsed: 124.23s (2m 04s)  38% completed  (19% total)
     Speed:     ev/sec=26447   simsec/sec=1.47007   ev/simsec=17990.3
     Messages:  created: 3709635   present: 11471   in FES: 153
** Event #4024064   t=195.099138428452   Elapsed: 126.233s (2m 06s)  39% completed  (19% total)
     Speed:     ev/sec=26715.7   simsec/sec=0.786914   ev/simsec=33949.9
     Messages:  created: 3758893   present: 11600   in FES: 154
** Event #4078080   t=198.51999764711   Elapsed: 128.235s (2m 08s)  39% completed  (19% total)
     Speed:     ev/sec=26978.3   simsec/sec=1.70855   ev/simsec=15790.2
     Messages:  created: 3807954   present: 12078   in FES: 140
** Event #4130816   t=199.577074787359   Elapsed: 130.237s (2m 10s)  39% completed  (19% total)
     Speed:     ev/sec=26341.8   simsec/sec=0.528013   ev/simsec=49888.5
     Messages:  created: 3857239   present: 12185   in FES: 151
** Event #4186624   t=201.510522024285   Elapsed: 132.237s (2m 12s)  40% completed  (20% total)
     Speed:     ev/sec=27903.6   simsec/sec=0.966709   ev/simsec=28864.5
     Messages:  created: 3910140   present: 12399   in FES: 159
** Event #4242432   t=202.536198961464   Elapsed: 134.241s (2m 14s)  40% completed  (20% total)
     Speed:     ev/sec=27849.6   simsec/sec=0.511838   ev/simsec=54410.9
     Messages:  created: 3963059   present: 12546   in FES: 152
** Event #4300800   t=204.588757488192   Elapsed: 136.241s (2m 16s)  40% completed  (20% total)
     Speed:     ev/sec=29175.2   simsec/sec=1.02597   ev/simsec=28436.7
     Messages:  created: 4016787   present: 12773   in FES: 141
** Event #4361728   t=207.088808796455   Elapsed: 138.242s (2m 18s)  41% completed  (20% total)
     Speed:     ev/sec=30459.1   simsec/sec=1.24983   ev/simsec=24370.7
     Messages:  created: 4071957   present: 13004   in FES: 134
** Event #4421376   t=210.535745550011   Elapsed: 140.247s (2m 20s)  42% completed  (21% total)
     Speed:     ev/sec=29752.4   simsec/sec=1.71933   ev/simsec=17304.6
     Messages:  created: 4125771   present: 13505   in FES: 154
** Event #4481024   t=213.588627125121   Elapsed: 142.25s (2m 22s)  42% completed  (21% total)
     Speed:     ev/sec=29770.4   simsec/sec=1.5237   ev/simsec=19538.3
     Messages:  created: 4179207   present: 14005   in FES: 185
** Event #4545024   t=217.510736325167   Elapsed: 144.257s (2m 24s)  43% completed  (21% total)
     Speed:     ev/sec=31896.3   simsec/sec=1.9547   ev/simsec=16317.8
     Messages:  created: 4235826   present: 14243   in FES: 130
** Event #4603904   t=219.555276541738   Elapsed: 146.264s (2m 26s)  43% completed  (21% total)
     Speed:     ev/sec=29337.6   simsec/sec=1.01871   ev/simsec=28798.7
     Messages:  created: 4291824   present: 14617   in FES: 156
** Event #4656128   t=221.505315623306   Elapsed: 148.27s (2m 28s)  44% completed  (22% total)
     Speed:     ev/sec=26023.2   simsec/sec=0.971705   ev/simsec=26781
     Messages:  created: 4341178   present: 14774   in FES: 153
** Event #4712704   t=222.53731753146   Elapsed: 150.272s (2m 30s)  44% completed  (22% total)
     Speed:     ev/sec=28268.8   simsec/sec=0.51565   ev/simsec=54821.6
     Messages:  created: 4394568   present: 15095   in FES: 178
** Event #4769536   t=224.011014593963   Elapsed: 152.273s (2m 32s)  44% completed  (22% total)
     Speed:     ev/sec=28403.9   simsec/sec=0.736534   ev/simsec=38564.2
     Messages:  created: 4447458   present: 15089   in FES: 154
** Event #4825344   t=225.546710967169   Elapsed: 154.277s (2m 34s)  45% completed  (22% total)
     Speed:     ev/sec=27838.2   simsec/sec=0.766039   ev/simsec=36340.5
     Messages:  created: 4498688   present: 15486   in FES: 188
** Event #4884480   t=226.582363951859   Elapsed: 156.283s (2m 36s)  45% completed  (22% total)
     Speed:     ev/sec=29485.1   simsec/sec=0.516374   ev/simsec=57100.2
     Messages:  created: 4554961   present: 15446   in FES: 148
** Event #4944640   t=228.571587308706   Elapsed: 158.287s (2m 38s)  45% completed  (22% total)
     Speed:     ev/sec=30017.2   simsec/sec=0.992537   ev/simsec=30243
     Messages:  created: 4612952   present: 15664   in FES: 176
** Event #5009664   t=231.549894090398   Elapsed: 160.298s (2m 40s)  46% completed  (23% total)
     Speed:     ev/sec=32340.9   simsec/sec=1.48132   ev/simsec=21832.5
     Messages:  created: 4672797   present: 16029   in FES: 183
** Event #5075456   t=234.758046948817   Elapsed: 162.307s (2m 42s)  46% completed  (23% total)
     Speed:     ev/sec=32739   simsec/sec=1.59642   ev/simsec=20507.8
     Messages:  created: 4732502   present: 9727   in FES: 139
** Event #5129728   t=237.601230530723   Elapsed: 164.31s (2m 44s)  47% completed  (23% total)
     Speed:     ev/sec=27097.2   simsec/sec=1.41956   ev/simsec=19088.5
     Messages:  created: 4781589   present: 4054   in FES: 155
** Event #5194752   t=241.540882408646   Elapsed: 166.316s (2m 46s)  48% completed  (24% total)
     Speed:     ev/sec=32411.9   simsec/sec=1.96376   ev/simsec=16505
     Messages:  created: 4840258   present: 1910   in FES: 125
** Event #5257984   t=245.030063365881   Elapsed: 168.326s (2m 48s)  49% completed  (24% total)
     Speed:     ev/sec=31459.6   simsec/sec=1.73596   ev/simsec=18122.3
     Messages:  created: 4896264   present: 2346   in FES: 149
** Event #5320704   t=247.57324695397   Elapsed: 170.33s (2m 50s)  49% completed  (24% total)
     Speed:     ev/sec=31306.3   simsec/sec=1.26941   ev/simsec=24662
     Messages:  created: 4953867   present: 2666   in FES: 154
** Event #5383680   t=251.573128331765   Elapsed: 172.333s (2m 52s)  50% completed  (25% total)
     Speed:     ev/sec=31443.6   simsec/sec=1.99712   ev/simsec=15744.5
     Messages:  created: 5012137   present: 3137   in FES: 146
** Event #5447168   t=256.534478255322   Elapsed: 174.335s (2m 54s)  51% completed  (25% total)
     Speed:     ev/sec=31700.5   simsec/sec=2.47727   ev/simsec=12796.5
     Messages:  created: 5072167   present: 3717   in FES: 150
** Event #5510400   t=259.581622729041   Elapsed: 176.339s (2m 56s)  51% completed  (25% total)
     Speed:     ev/sec=31553.5   simsec/sec=1.52056   ev/simsec=20751.2
     Messages:  created: 5135650   present: 4060   in FES: 135
** Event #5577728   t=263.071535268975   Elapsed: 178.342s (2m 58s)  52% completed  (26% total)
     Speed:     ev/sec=33615.9   simsec/sec=1.74246   ev/simsec=19292.2
     Messages:  created: 5202240   present: 4525   in FES: 152
** Event #5641216   t=267.544215986723   Elapsed: 180.344s (3m 00s)  53% completed  (26% total)
     Speed:     ev/sec=31710.2   simsec/sec=2.23396   ev/simsec=14194.6
     Messages:  created: 5264849   present: 5027   in FES: 130
** Event #5713152   t=273.568723284863   Elapsed: 182.345s (3m 02s)  54% completed  (27% total)
     Speed:     ev/sec=35958.1   simsec/sec=3.01142   ev/simsec=11940.6
     Messages:  created: 5334742   present: 5873   in FES: 178
** Event #5782784   t=279.035743536707   Elapsed: 184.345s (3m 04s)  55% completed  (27% total)
     Speed:     ev/sec=34812.7   simsec/sec=2.73325   ev/simsec=12736.7
     Messages:  created: 5402320   present: 6356   in FES: 124
** Event #5848064   t=284.076368034538   Elapsed: 186.349s (3m 06s)  56% completed  (28% total)
     Speed:     ev/sec=32580.8   simsec/sec=2.51574   ev/simsec=12950.8
     Messages:  created: 5465660   present: 7047   in FES: 150
** Event #5918976   t=290.075242035212   Elapsed: 188.352s (3m 08s)  58% completed  (29% total)
     Speed:     ev/sec=35405.9   simsec/sec=2.9952   ev/simsec=11820.9
     Messages:  created: 5534624   present: 7751   in FES: 154
** Event #5979904   t=293.518217512004   Elapsed: 190.353s (3m 10s)  58% completed  (29% total)
     Speed:     ev/sec=30440.5   simsec/sec=1.72016   ev/simsec=17696.3
     Messages:  created: 5593169   present: 8212   in FES: 157
** Event #6040576   t=295.507912283389   Elapsed: 192.361s (3m 12s)  59% completed  (29% total)
     Speed:     ev/sec=30209.5   simsec/sec=0.990699   ev/simsec=30493.1
     Messages:  created: 5650602   present: 8418   in FES: 150
** Event #6093568   t=296.522505403526   Elapsed: 194.365s (3m 14s)  59% completed  (29% total)
     Speed:     ev/sec=26445.3   simsec/sec=0.506326   ev/simsec=52229.8
     Messages:  created: 5700348   present: 8596   in FES: 156
** Event #6147840   t=297.526200813016   Elapsed: 196.366s (3m 16s)  59% completed  (29% total)
     Speed:     ev/sec=27125.3   simsec/sec=0.50165   ev/simsec=54072.2
     Messages:  created: 5750696   present: 8880   in FES: 185
** Event #6199296   t=298.546846314552   Elapsed: 198.367s (3m 18s)  59% completed  (29% total)
     Speed:     ev/sec=25718.8   simsec/sec=0.51014   ev/simsec=50415.2
     Messages:  created: 5798612   present: 8897   in FES: 145
** Event #6253824   t=300.005216110404   Elapsed: 200.371s (3m 20s)  60% completed  (30% total)
     Speed:     ev/sec=27203.6   simsec/sec=0.727568   ev/simsec=37389.7
     Messages:  created: 5848017   present: 8931   in FES: 147
** Event #6304256   t=301.529444107433   Elapsed: 202.376s (3m 22s)  60% completed  (30% total)
     Speed:     ev/sec=25161.2   simsec/sec=0.760458   ev/simsec=33086.9
     Messages:  created: 5893044   present: 9183   in FES: 134
** Event #6354432   t=302.546316466616   Elapsed: 204.387s (3m 24s)  60% completed  (30% total)
     Speed:     ev/sec=24949.8   simsec/sec=0.505635   ev/simsec=49343.5
     Messages:  created: 5939062   present: 9504   in FES: 184
** Event #6406656   t=304.540848291091   Elapsed: 206.39s (3m 26s)  60% completed  (30% total)
     Speed:     ev/sec=26070.4   simsec/sec=0.995678   ev/simsec=26183.6
     Messages:  created: 5985653   present: 9673   in FES: 185
** Event #6463744   t=307.524243191605   Elapsed: 208.4s (3m 28s)  61% completed  (30% total)
     Speed:     ev/sec=28398.2   simsec/sec=1.48408   ev/simsec=19135.2
     Messages:  created: 6036699   present: 9965   in FES: 196
** Event #6518272   t=309.074711656859   Elapsed: 210.403s (3m 30s)  61% completed  (30% total)
     Speed:     ev/sec=27230.9   simsec/sec=0.774294   ev/simsec=35168.7
     Messages:  created: 6085646   present: 10014   in FES: 139
** Event #6571776   t=310.542672847091   Elapsed: 212.409s (3m 32s)  62% completed  (31% total)
     Speed:     ev/sec=26669.8   simsec/sec=0.731724   ev/simsec=36447.8
     Messages:  created: 6134791   present: 10288   in FES: 153
** Event #6628352   t=311.587994536436   Elapsed: 214.42s (3m 34s)  62% completed  (31% total)
     Speed:     ev/sec=28130.4   simsec/sec=0.519749   ev/simsec=54123.1
     Messages:  created: 6187903   present: 10279   in FES: 130
** Event #6689792   t=314.539002629247   Elapsed: 216.421s (3m 36s)  62% completed  (31% total)
     Speed:     ev/sec=30701   simsec/sec=1.47459   ev/simsec=20820
     Messages:  created: 6243228   present: 10697   in FES: 155
** Event #6745600   t=316.543756343571   Elapsed: 218.43s (3m 38s)  63% completed  (31% total)
     Speed:     ev/sec=27784.5   simsec/sec=0.998085   ev/simsec=27837.8
     Messages:  created: 6294471   present: 10892   in FES: 143
** Event #6802432   t=318.552656596022   Elapsed: 220.432s (3m 40s)  63% completed  (31% total)
     Speed:     ev/sec=28381.5   simsec/sec=1.00323   ev/simsec=28290.1
     Messages:  created: 6346617   present: 11206   in FES: 149
** Event #6860032   t=320.045269371591   Elapsed: 222.44s (3m 42s)  64% completed  (32% total)
     Speed:     ev/sec=28681.5   simsec/sec=0.743237   ev/simsec=38590
     Messages:  created: 6400536   present: 11300   in FES: 131
** Event #6914560   t=322.533067894378   Elapsed: 224.442s (3m 44s)  64% completed  (32% total)
     Speed:     ev/sec=27243.5   simsec/sec=1.24297   ev/simsec=21918.2
     Messages:  created: 6449524   present: 11699   in FES: 161
** Event #6966784   t=323.596807108738   Elapsed: 226.449s (3m 46s)  64% completed  (32% total)
     Speed:     ev/sec=26020.4   simsec/sec=0.530004   ev/simsec=49094.7
     Messages:  created: 6497517   present: 11966   in FES: 217
** Event #7017984   t=325.528064656131   Elapsed: 228.46s (3m 48s)  65% completed  (32% total)
     Speed:     ev/sec=25455.4   simsec/sec=0.960174   ev/simsec=26511.2
     Messages:  created: 6542519   present: 11998   in FES: 144
** Event #7070720   t=327.025813554809   Elapsed: 230.469s (3m 50s)  65% completed  (32% total)
     Speed:     ev/sec=26259   simsec/sec=0.745778   ev/simsec=35210.2
     Messages:  created: 6589662   present: 12173   in FES: 144
** Event #7124736   t=329.019042908653   Elapsed: 232.47s (3m 52s)  65% completed  (32% total)
     Speed:     ev/sec=26992.9   simsec/sec=0.996056   ev/simsec=27099.7
     Messages:  created: 6637393   present: 12413   in FES: 145
** Event #7176960   t=330.547861403697   Elapsed: 234.477s (3m 54s)  66% completed  (33% total)
     Speed:     ev/sec=26017.1   simsec/sec=0.76163   ev/simsec=34159.7
     Messages:  created: 6683519   present: 12710   in FES: 153
** Event #7229184   t=332.545251012802   Elapsed: 236.48s (3m 56s)  66% completed  (33% total)
     Speed:     ev/sec=26079.8   simsec/sec=0.997464   ev/simsec=26146.1
     Messages:  created: 6729462   present: 12833   in FES: 148
** Event #7286528   t=334.099938777619   Elapsed: 238.485s (3m 58s)  66% completed  (33% total)
     Speed:     ev/sec=28596.9   simsec/sec=0.775307   ev/simsec=36884.6
     Messages:  created: 6780373   present: 12980   in FES: 130
** Event #7338240   t=336.00839056241   Elapsed: 240.493s (4m 00s)  67% completed  (33% total)
     Speed:     ev/sec=25748.9   simsec/sec=0.950272   ev/simsec=27096.3
     Messages:  created: 6826585   present: 13226   in FES: 136
** Event #7389952   t=337.555546384998   Elapsed: 242.494s (4m 02s)  67% completed  (33% total)
     Speed:     ev/sec=25850.6   simsec/sec=0.773417   ev/simsec=33423.9
     Messages:  created: 6871443   present: 13532   in FES: 154
** Event #7439360   t=339.552759106364   Elapsed: 244.502s (4m 04s)  67% completed  (33% total)
     Speed:     ev/sec=24598.8   simsec/sec=0.994353   ev/simsec=24738.5
     Messages:  created: 6915545   present: 13706   in FES: 139
** Event #7493120   t=341.595435069456   Elapsed: 246.515s (4m 06s)  68% completed  (34% total)
     Speed:     ev/sec=26706.2   simsec/sec=1.01474   ev/simsec=26318.4
     Messages:  created: 6964451   present: 13911   in FES: 153
** Event #7551488   t=345.01106519342   Elapsed: 248.517s (4m 08s)  69% completed  (34% total)
     Speed:     ev/sec=29156   simsec/sec=1.70618   ev/simsec=17088.5
     Messages:  created: 7018749   present: 14345   in FES: 149
** Event #7604480   t=346.548271387131   Elapsed: 250.521s (4m 10s)  69% completed  (34% total)
     Speed:     ev/sec=26446.5   simsec/sec=0.767167   ev/simsec=34472.9
     Messages:  created: 7068393   present: 14541   in FES: 128
** Event #7663104   t=348.50942406112   Elapsed: 252.524s (4m 12s)  69% completed  (34% total)
     Speed:     ev/sec=29268.6   simsec/sec=0.979124   ev/simsec=29892.6
     Messages:  created: 7123122   present: 14793   in FES: 154
** Event #7721728   t=349.586584811181   Elapsed: 254.532s (4m 14s)  69% completed  (34% total)
     Speed:     ev/sec=29186.5   simsec/sec=0.536275   ev/simsec=54424.6
     Messages:  created: 7178725   present: 14920   in FES: 153
** Event #7784704   t=353.507307194854   Elapsed: 256.534s (4m 16s)  70% completed  (35% total)
     Speed:     ev/sec=31459.9   simsec/sec=1.95861   ev/simsec=16062.3
     Messages:  created: 7235776   present: 15375   in FES: 152
** Event #7844608   t=356.074710463   Elapsed: 258.536s (4m 18s)  71% completed  (35% total)
     Speed:     ev/sec=29930   simsec/sec=1.28276   ev/simsec=23332.5
     Messages:  created: 7290931   present: 15712   in FES: 171
** Event #7906560   t=359.542131429445   Elapsed: 260.543s (4m 20s)  71% completed  (35% total)
     Speed:     ev/sec=30857   simsec/sec=1.72705   ev/simsec=17866.9
     Messages:  created: 7348362   present: 16218   in FES: 213
** Event #7967488   t=362.579111240492   Elapsed: 262.545s (4m 22s)  72% completed  (36% total)
     Speed:     ev/sec=30440.3   simsec/sec=1.51731   ev/simsec=20062
     Messages:  created: 7405557   present: 13935   in FES: 166
** Event #8022016   t=365.554910282023   Elapsed: 264.552s (4m 24s)  73% completed  (36% total)
     Speed:     ev/sec=27166.7   simsec/sec=1.48259   ev/simsec=18323.8
     Messages:  created: 7457062   present: 5623   in FES: 157
** Event #8081920   t=369.030013148069   Elapsed: 266.56s (4m 26s)  73% completed  (36% total)
     Speed:     ev/sec=29838.3   simsec/sec=1.73096   ev/simsec=17238.1
     Messages:  created: 7514501   present: 1836   in FES: 154
** Event #8146432   t=373.0351645557   Elapsed: 268.562s (4m 28s)  74% completed  (37% total)
     Speed:     ev/sec=32219.6   simsec/sec=2.00031   ev/simsec=16107.3
     Messages:  created: 7577901   present: 2306   in FES: 154
** Event #8207360   t=376.540229197434   Elapsed: 270.563s (4m 30s)  75% completed  (37% total)
     Speed:     ev/sec=30454.2   simsec/sec=1.75197   ev/simsec=17382.8
     Messages:  created: 7638349   present: 2853   in FES: 188
** Event #8274944   t=381.471994056599   Elapsed: 272.564s (4m 32s)  76% completed  (38% total)
     Speed:     ev/sec=33767.6   simsec/sec=2.4641   ev/simsec=13703.8
     Messages:  created: 7704548   present: 3234   in FES: 123
** Event #8342784   t=386.584347422664   Elapsed: 274.577s (4m 34s)  77% completed  (38% total)
     Speed:     ev/sec=33699.4   simsec/sec=2.53955   ev/simsec=13269.8
     Messages:  created: 7770462   present: 4010   in FES: 189
** Event #8407808   t=391.594836016575   Elapsed: 276.585s (4m 36s)  78% completed  (39% total)
     Speed:     ev/sec=32381.2   simsec/sec=2.49516   ev/simsec=12977.6
     Messages:  created: 7833902   present: 4525   in FES: 153
** Event #8475136   t=397.506311548289   Elapsed: 278.586s (4m 38s)  79% completed  (39% total)
     Speed:     ev/sec=33641.8   simsec/sec=2.95379   ev/simsec=11389.4
     Messages:  created: 7898708   present: 5193   in FES: 144
** Event #8538112   t=399.298469522026   Elapsed: 280.589s (4m 40s)  79% completed  (39% total)
     Speed:     ev/sec=31448.6   simsec/sec=0.894959   ev/simsec=35139.8
     Messages:  created: 7958576   present: 5374   in FES: 122
** Event #8598272   t=400.540288482374   Elapsed: 282.595s (4m 42s)  80% completed  (40% total)
     Speed:     ev/sec=29988.8   simsec/sec=0.619027   ev/simsec=48445.1
     Messages:  created: 8016080   present: 5692   in FES: 153
** Event #8661248   t=404.093313768306   Elapsed: 284.6s (4m 44s)  80% completed  (40% total)
     Speed:     ev/sec=31412.2   simsec/sec=1.77224   ev/simsec=17724.6
     Messages:  created: 8072479   present: 5982   in FES: 132
** Event #8725760   t=407.549583017643   Elapsed: 286.604s (4m 46s)  81% completed  (40% total)
     Speed:     ev/sec=32187   simsec/sec=1.72444   ev/simsec=18665.2
     Messages:  created: 8130570   present: 6468   in FES: 153
** Event #8795392   t=411.006140878486   Elapsed: 288.609s (4m 48s)  82% completed  (41% total)
     Speed:     ev/sec=34739.7   simsec/sec=1.72449   ev/simsec=20144.9
     Messages:  created: 8198253   present: 6818   in FES: 144
** Event #8856320   t=412.075299993173   Elapsed: 290.618s (4m 50s)  82% completed  (41% total)
     Speed:     ev/sec=30321.3   simsec/sec=0.532076   ev/simsec=56986.8
     Messages:  created: 8265684   present: 6812   in FES: 124
** Event #8924928   t=413.534951321336   Elapsed: 292.622s (4m 52s)  82% completed  (41% total)
     Speed:     ev/sec=34230   simsec/sec=0.728252   ev/simsec=47003
     Messages:  created: 8344812   present: 6958   in FES: 154
** Event #8993024   t=415.150208057817   Elapsed: 294.623s (4m 54s)  83% completed  (41% total)
     Speed:     ev/sec=34035.4   simsec/sec=0.80733   ev/simsec=42158
     Messages:  created: 8424689   present: 7026   in FES: 167
** Event #9058304   t=416.529318273571   Elapsed: 296.623s (4m 56s)  83% completed  (41% total)
     Speed:     ev/sec=32639.5   simsec/sec=0.689544   ev/simsec=47334.9
     Messages:  created: 8499628   present: 7138   in FES: 154
** Event #9124864   t=418.023165077534   Elapsed: 298.626s (4m 58s)  83% completed  (41% total)
     Speed:     ev/sec=33237.9   simsec/sec=0.745978   ev/simsec=44556.1
     Messages:  created: 8576571   present: 7131   in FES: 154
** Event #9191168   t=419.548025607443   Elapsed: 300.628s (5m 00s)  83% completed  (41% total)
     Speed:     ev/sec=33109.2   simsec/sec=0.761446   ev/simsec=43482
     Messages:  created: 8652727   present: 7218   in FES: 147
** Event #9250816   t=420.6212200058   Elapsed: 302.628s (5m 02s)  84% completed  (42% total)
     Speed:     ev/sec=29823.2   simsec/sec=0.536583   ev/simsec=55579.9
     Messages:  created: 8718672   present: 7297   in FES: 174
** Event #9312512   t=422.515197570913   Elapsed: 304.63s (5m 04s)  84% completed  (42% total)
     Speed:     ev/sec=30814.9   simsec/sec=0.945972   ev/simsec=32574.8
     Messages:  created: 8792166   present: 7357   in FES: 160
** Event #9374976   t=423.672116429911   Elapsed: 306.634s (5m 06s)  84% completed  (42% total)
     Speed:     ev/sec=31177.4   simsec/sec=0.577447   ev/simsec=53991.7
     Messages:  created: 8860583   present: 7355   in FES: 155
** Event #9444096   t=425.523166409503   Elapsed: 308.635s (5m 08s)  85% completed  (42% total)
     Speed:     ev/sec=34540.9   simsec/sec=0.925013   ev/simsec=37341
     Messages:  created: 8940342   present: 7472   in FES: 154
** Event #9506560   t=427.039122288912   Elapsed: 310.637s (5m 10s)  85% completed  (42% total)
     Speed:     ev/sec=31205.2   simsec/sec=0.757327   ev/simsec=41204.4
     Messages:  created: 9012169   present: 7531   in FES: 174
** Event #9572608   t=428.55202877229   Elapsed: 312.64s (5m 12s)  85% completed  (42% total)
     Speed:     ev/sec=32971.4   simsec/sec=0.755248   ev/simsec=43656.4
     Messages:  created: 9086651   present: 7789   in FES: 182
** Event #9637888   t=430.422119622228   Elapsed: 314.645s (5m 14s)  86% completed  (43% total)
     Speed:     ev/sec=32564.4   simsec/sec=0.93288   ev/simsec=34907.4
     Messages:  created: 9163263   present: 7629   in FES: 153
** Event #9701120   t=431.810589915944   Elapsed: 316.647s (5m 16s)  86% completed  (43% total)
     Speed:     ev/sec=31579.6   simsec/sec=0.693437   ev/simsec=45540.8
     Messages:  created: 9235400   present: 7741   in FES: 171
** Event #9765888   t=433.364875370057   Elapsed: 318.653s (5m 18s)  86% completed  (43% total)
     Speed:     ev/sec=32286.1   simsec/sec=0.774794   ev/simsec=41670.6
     Messages:  created: 9311472   present: 7729   in FES: 122
** Event #9831168   t=433.631231738931   Elapsed: 320.658s (5m 20s)  86% completed  (43% total)
     Speed:     ev/sec=32550.1   simsec/sec=0.132811   ev/simsec=245085
     Messages:  created: 9396891   present: 7903   in FES: 173
** Event #9894144   t=434.26878847824   Elapsed: 322.659s (5m 22s)  86% completed  (43% total)
     Speed:     ev/sec=31482.9   simsec/sec=0.318727   ev/simsec=98777.1
     Messages:  created: 9476840   present: 7882   in FES: 148
** Event #9953792   t=434.40234192157   Elapsed: 324.668s (5m 24s)  86% completed  (43% total)
     Speed:     ev/sec=29689.8   simsec/sec=0.0664763   ev/simsec=446623
     Messages:  created: 9558975   present: 7965   in FES: 173
** Event #10015488   t=434.537055515479   Elapsed: 326.677s (5m 26s)  86% completed  (43% total)
     Speed:     ev/sec=30710   simsec/sec=0.0670555   ev/simsec=457979
     Messages:  created: 9643346   present: 7917   in FES: 155
** Event #10075392   t=435.085332643456   Elapsed: 328.682s (5m 28s)  87% completed  (43% total)
     Speed:     ev/sec=29871.7   simsec/sec=0.273404   ev/simsec=109259
     Messages:  created: 9715365   present: 7977   in FES: 154
** Event #10140928   t=435.822098443469   Elapsed: 330.69s (5m 30s)  87% completed  (43% total)
     Speed:     ev/sec=32646.7   simsec/sec=0.367019   ev/simsec=88950.9
     Messages:  created: 9793877   present: 8048   in FES: 155
** Event #10201856   t=438.514701321854   Elapsed: 332.692s (5m 32s)  87% completed  (43% total)
     Speed:     ev/sec=30435.2   simsec/sec=1.34503   ev/simsec=22627.9
     Messages:  created: 9853711   present: 8247   in FES: 153
** Event #10264320   t=441.537565143889   Elapsed: 334.699s (5m 34s)  88% completed  (44% total)
     Speed:     ev/sec=31121.8   simsec/sec=1.5061   ev/simsec=20663.8
     Messages:  created: 9910333   present: 8645   in FES: 155
** Event #10327040   t=444.538675083751   Elapsed: 336.7s (5m 36s)  88% completed  (44% total)
     Speed:     ev/sec=31338.6   simsec/sec=1.49953   ev/simsec=20898.9
     Messages:  created: 9966908   present: 8915   in FES: 128
** Event #10388480   t=447.576915204897   Elapsed: 338.7s (5m 38s)  89% completed  (44% total)
     Speed:     ev/sec=30720   simsec/sec=1.51912   ev/simsec=20222.2
     Messages:  created: 10022673   present: 9355   in FES: 152
** Event #10453248   t=450.612546965384   Elapsed: 340.705s (5m 40s)  90% completed  (45% total)
     Speed:     ev/sec=32307.2   simsec/sec=1.51422   ev/simsec=21335.9
     Messages:  created: 10080444   present: 9744   in FES: 154
** Event #10512640   t=453.655998803711   Elapsed: 342.716s (5m 42s)  90% completed  (45% total)
     Speed:     ev/sec=29528   simsec/sec=1.51312   ev/simsec=19514.7
     Messages:  created: 10133811   present: 10039   in FES: 153
** Event #10572288   t=457.035221500761   Elapsed: 344.72s (5m 44s)  91% completed  (45% total)
     Speed:     ev/sec=29769.9   simsec/sec=1.68655   ev/simsec=17651.4
     Messages:  created: 10189083   present: 10392   in FES: 123
** Event #10637824   t=462.021056493689   Elapsed: 346.721s (5m 46s)  92% completed  (46% total)
     Speed:     ev/sec=32753.9   simsec/sec=2.49184   ev/simsec=13144.4
     Messages:  created: 10252479   present: 11070   in FES: 151
** Event #10703616   t=464.555454490825   Elapsed: 348.724s (5m 48s)  92% completed  (46% total)
     Speed:     ev/sec=32845.3   simsec/sec=1.26525   ev/simsec=25959.6
     Messages:  created: 10318693   present: 11413   in FES: 156
** Event #10766592   t=468.533430396373   Elapsed: 350.725s (5m 50s)  93% completed  (46% total)
     Speed:     ev/sec=31471.7   simsec/sec=1.98796   ev/simsec=15831.2
     Messages:  created: 10380596   present: 11846   in FES: 153
** Event #10834944   t=473.585032714021   Elapsed: 352.727s (5m 52s)  94% completed  (47% total)
     Speed:     ev/sec=34130.3   simsec/sec=2.52242   ev/simsec=13530.8
     Messages:  created: 10447393   present: 12500   in FES: 150
** Event #10907648   t=479.541869489842   Elapsed: 354.729s (5m 54s)  95% completed  (47% total)
     Speed:     ev/sec=36321.8   simsec/sec=2.97594   ev/simsec=12205.1
     Messages:  created: 10518002   present: 13182   in FES: 154
** Event #10979840   t=485.553958534831   Elapsed: 356.732s (5m 56s)  97% completed  (48% total)
     Speed:     ev/sec=36042.9   simsec/sec=3.00162   ev/simsec=12007.8
     Messages:  created: 10588073   present: 13997   in FES: 204
** Event #11045632   t=490.544387502012   Elapsed: 358.735s (5m 58s)  98% completed  (49% total)
     Speed:     ev/sec=32849.3   simsec/sec=2.49167   ev/simsec=13183.6
     Messages:  created: 10652696   present: 12907   in FES: 177
** Event #11107584   t=495.576149125526   Elapsed: 360.738s (6m 00s)  99% completed  (49% total)
     Speed:     ev/sec=30927.7   simsec/sec=2.51196   ev/simsec=12312.2
     Messages:  created: 10712868   present: 2677   in FES: 156
** Event #11160393   t=500   Elapsed: 362.318s (6m 02s)  100% completed  (50% total)
     Speed:     ev/sec=33418.6   simsec/sec=2.79797   ev/simsec=11943.9
     Messages:  created: 10764183   present: 2067   in FES: 122

<!> Simulation time limit reached -- at t=500s, event #11160393
undisposed object: (omnetpp::cMessage) FanetSarNetwork.groundStation.app.debugTimer -- check module destructor
undisposed object: (omnetpp::cMessage) FanetSarNetwork.uav[0].app.debugTimer -- check module destructor
undisposed object: (omnetpp::cMessage) FanetSarNetwork.uav[1].app.debugTimer -- check module destructor
undisposed object: (omnetpp::cMessage) FanetSarNetwork.uav[2].app.debugTimer -- check module destructor
undisposed object: (omnetpp::cMessage) FanetSarNetwork.uav[3].app.debugTimer -- check module destructor
undisposed object: (omnetpp::cMessage) FanetSarNetwork.uav[4].app.debugTimer -- check module destructor
undisposed object: (omnetpp::cMessage) FanetSarNetwork.uav[5].app.debugTimer -- check module destructor
undisposed object: (omnetpp::cMessage) FanetSarNetwork.uav[6].app.debugTimer -- check module destructor
undisposed object: (omnetpp::cMessage) FanetSarNetwork.uav[7].app.debugTimer -- check module destructor
undisposed object: (omnetpp::cMessage) FanetSarNetwork.uav[8].app.debugTimer -- check module destructor
undisposed object: (omnetpp::cMessage) FanetSarNetwork.uav[9].app.debugTimer -- check module destructor
undisposed object: (omnetpp::cMessage) FanetSarNetwork.uav[10].app.debugTimer -- check module destructor
undisposed object: (omnetpp::cMessage) FanetSarNetwork.uav[11].app.debugTimer -- check module destructor
undisposed object: (omnetpp::cMessage) FanetSarNetwork.uav[12].app.debugTimer -- check module destructor
undisposed object: (omnetpp::cMessage) FanetSarNetwork.uav[13].app.debugTimer -- check module destructor
undisposed object: (omnetpp::cMessage) FanetSarNetwork.uav[14].app.debugTimer -- check module destructor
undisposed object: (omnetpp::cMessage) FanetSarNetwork.uav[15].app.debugTimer -- check module destructor
undisposed object: (omnetpp::cMessage) FanetSarNetwork.uav[16].app.debugTimer -- check module destructor
undisposed object: (omnetpp::cMessage) FanetSarNetwork.uav[17].app.debugTimer -- check module destructor
undisposed object: (omnetpp::cMessage) FanetSarNetwork.uav[18].app.debugTimer -- check module destructor
undisposed object: (omnetpp::cMessage) FanetSarNetwork.uav[19].app.debugTimer -- check module destructor
undisposed object: (omnetpp::cMessage) FanetSarNetwork.uav[20].app.debugTimer -- check module destructor
undisposed object: (omnetpp::cMessage) FanetSarNetwork.uav[21].app.debugTimer -- check module destructor
undisposed object: (omnetpp::cMessage) FanetSarNetwork.uav[22].app.debugTimer -- check module destructor
undisposed object: (omnetpp::cMessage) FanetSarNetwork.uav[23].app.debugTimer -- check module destructor
undisposed object: (omnetpp::cMessage) FanetSarNetwork.uav[24].app.debugTimer -- check module destructor
undisposed object: (omnetpp::cMessage) FanetSarNetwork.uav[25].app.debugTimer -- check module destructor
undisposed object: (omnetpp::cMessage) FanetSarNetwork.uav[26].app.debugTimer -- check module destructor
undisposed object: (omnetpp::cMessage) FanetSarNetwork.uav[27].app.debugTimer -- check module destructor
undisposed object: (omnetpp::cMessage) FanetSarNetwork.uav[28].app.debugTimer -- check module destructor
undisposed object: (omnetpp::cMessage) FanetSarNetwork.uav[29].app.debugTimer -- check module destructor
