** Event #0   t=0   Elapsed: 1.8e-05s (0m 00s)  0% completed  (0% total)
     Speed:     ev/sec=0   simsec/sec=0   ev/simsec=0
     Messages:  created: 1178   present: 1178   in FES: 186
** Event #81664   t=4.500951565116   Elapsed: 2.01064s (0m 02s)  0% completed  (0% total)
     Speed:     ev/sec=40616.8   simsec/sec=2.23859   ev/simsec=18143.9
     Messages:  created: 74856   present: 1218   in FES: 154
** Event #157952   t=8.518955174961   Elapsed: 4.01538s (0m 04s)  1% completed  (0% total)
     Speed:     ev/sec=38053.7   simsec/sec=2.00424   ev/simsec=18986.5
     Messages:  created: 148476   present: 1507   in FES: 185
** Event #225792   t=10.609794447016   Elapsed: 6.01694s (0m 06s)  2% completed  (1% total)
     Speed:     ev/sec=33893.6   simsec/sec=1.04461   ev/simsec=32446.3
     Messages:  created: 212314   present: 1245   in FES: 155
** Event #285696   t=12.51994282168   Elapsed: 8.02067s (0m 08s)  2% completed  (1% total)
     Speed:     ev/sec=29896.2   simsec/sec=0.953295   ev/simsec=31360.9
     Messages:  created: 268566   present: 1356   in FES: 155
** Event #345856   t=13.598365253492   Elapsed: 10.0225s (0m 10s)  2% completed  (1% total)
     Speed:     ev/sec=30051.8   simsec/sec=0.538706   ev/simsec=55785.2
     Messages:  created: 325324   present: 1217   in FES: 157
** Event #410112   t=16.517989425174   Elapsed: 12.0256s (0m 12s)  3% completed  (1% total)
     Speed:     ev/sec=32079.1   simsec/sec=1.45759   ev/simsec=22008.3
     Messages:  created: 385654   present: 1376   in FES: 156
** Event #466432   t=17.529558548615   Elapsed: 14.0289s (0m 14s)  3% completed  (1% total)
     Speed:     ev/sec=28114.3   simsec/sec=0.504963   ev/simsec=55675.9
     Messages:  created: 437625   present: 1273   in FES: 138
** Event #525056   t=18.590334748841   Elapsed: 16.0335s (0m 16s)  3% completed  (1% total)
     Speed:     ev/sec=29244.6   simsec/sec=0.529168   ev/simsec=55265.2
     Messages:  created: 491628   present: 1327   in FES: 151
** Event #583680   t=19.575393059688   Elapsed: 18.0381s (0m 18s)  3% completed  (1% total)
     Speed:     ev/sec=29244.2   simsec/sec=0.49139   ev/simsec=59513.2
     Messages:  created: 544723   present: 1284   in FES: 143
** Event #641024   t=21.505525398764   Elapsed: 20.0406s (0m 20s)  4% completed  (2% total)
     Speed:     ev/sec=28636   simsec/sec=0.963853   ev/simsec=29709.9
     Messages:  created: 593800   present: 1215   in FES: 152
** Event #702208   t=23.515654231975   Elapsed: 22.0438s (0m 22s)  4% completed  (2% total)
     Speed:     ev/sec=30542.6   simsec/sec=1.00344   ev/simsec=30437.9
     Messages:  created: 647266   present: 1237   in FES: 152
** Event #763136   t=25.507136790116   Elapsed: 24.0458s (0m 24s)  5% completed  (2% total)
     Speed:     ev/sec=30434.4   simsec/sec=0.994772   ev/simsec=30594.3
     Messages:  created: 700917   present: 1167   in FES: 134
** Event #821504   t=27.552100454854   Elapsed: 26.0591s (0m 26s)  5% completed  (2% total)
     Speed:     ev/sec=28990.9   simsec/sec=1.01572   ev/simsec=28542.3
     Messages:  created: 751382   present: 1282   in FES: 154
** Event #876800   t=28.572976676888   Elapsed: 28.0701s (0m 28s)  5% completed  (2% total)
     Speed:     ev/sec=27496.8   simsec/sec=0.507646   ev/simsec=54165.2
     Messages:  created: 801834   present: 1205   in FES: 144
** Event #930048   t=29.573420672815   Elapsed: 30.0738s (0m 30s)  5% completed  (2% total)
     Speed:     ev/sec=26574.9   simsec/sec=0.4993   ev/simsec=53224.4
     Messages:  created: 849306   present: 1324   in FES: 185
** Event #983552   t=30.548310594824   Elapsed: 32.0771s (0m 32s)  6% completed  (3% total)
     Speed:     ev/sec=26708.6   simsec/sec=0.486654   ev/simsec=54882.1
     Messages:  created: 896975   present: 1303   in FES: 142
** Event #1037568   t=31.542122439256   Elapsed: 34.0772s (0m 34s)  6% completed  (3% total)
     Speed:     ev/sec=27005.6   simsec/sec=0.496862   ev/simsec=54352.3
     Messages:  created: 943106   present: 1308   in FES: 150
** Event #1091328   t=32.524144557664   Elapsed: 36.0827s (0m 36s)  6% completed  (3% total)
     Speed:     ev/sec=26807.4   simsec/sec=0.489685   ev/simsec=54744.2
     Messages:  created: 990737   present: 1298   in FES: 148
** Event #1150464   t=34.558704391111   Elapsed: 38.0841s (0m 38s)  6% completed  (3% total)
     Speed:     ev/sec=29546   simsec/sec=1.01652   ev/simsec=29065.7
     Messages:  created: 1040718   present: 1317   in FES: 155
** Event #1209088   t=36.087546833803   Elapsed: 40.0846s (0m 40s)  7% completed  (3% total)
     Speed:     ev/sec=29305.4   simsec/sec=0.76425   ev/simsec=38345.4
     Messages:  created: 1090740   present: 1199   in FES: 150
** Event #1266432   t=38.070873320801   Elapsed: 42.0893s (0m 42s)  7% completed  (3% total)
     Speed:     ev/sec=28604.4   simsec/sec=0.989326   ev/simsec=28913
     Messages:  created: 1139574   present: 1204   in FES: 149
** Event #1319936   t=39.575844638343   Elapsed: 44.097s (0m 44s)  7% completed  (3% total)
     Speed:     ev/sec=26649.2   simsec/sec=0.749593   ev/simsec=35551.5
     Messages:  created: 1185881   present: 1271   in FES: 140
** Event #1382144   t=42.556153977029   Elapsed: 46.1029s (0m 46s)  8% completed  (4% total)
     Speed:     ev/sec=31013.7   simsec/sec=1.48583   ev/simsec=20873
     Messages:  created: 1237555   present: 1374   in FES: 180
** Event #1439744   t=44.017830448885   Elapsed: 48.1097s (0m 48s)  8% completed  (4% total)
     Speed:     ev/sec=28701.1   simsec/sec=0.728329   ev/simsec=39406.8
     Messages:  created: 1288992   present: 1176   in FES: 141
** Event #1498112   t=46.517001548477   Elapsed: 50.1137s (0m 50s)  9% completed  (4% total)
     Speed:     ev/sec=29125.9   simsec/sec=1.2471   ev/simsec=23354.9
     Messages:  created: 1336742   present: 1237   in FES: 160
** Event #1552128   t=46.59762384594   Elapsed: 52.1169s (0m 52s)  9% completed  (4% total)
     Speed:     ev/sec=26965.4   simsec/sec=0.0402476   ev/simsec=669988
     Messages:  created: 1384017   present: 1248   in FES: 153
** Event #1609984   t=48.563405105106   Elapsed: 54.1183s (0m 54s)  9% completed  (4% total)
     Speed:     ev/sec=28907   simsec/sec=0.982178   ev/simsec=29431.6
     Messages:  created: 1432579   present: 1311   in FES: 153
** Event #1669888   t=50.575435221132   Elapsed: 56.1289s (0m 56s)  10% completed  (5% total)
     Speed:     ev/sec=29794.5   simsec/sec=1.00073   ev/simsec=29772.9
     Messages:  created: 1482392   present: 1259   in FES: 154
** Event #1725440   t=51.5596014708   Elapsed: 58.1405s (0m 58s)  10% completed  (5% total)
     Speed:     ev/sec=27615.6   simsec/sec=0.489242   ev/simsec=56445.7
     Messages:  created: 1530576   present: 1210   in FES: 153
** Event #1785856   t=54.537719725204   Elapsed: 60.1444s (1m 00s)  10% completed  (5% total)
     Speed:     ev/sec=30150.3   simsec/sec=1.48622   ev/simsec=20286.6
     Messages:  created: 1579587   present: 1226   in FES: 153
** Event #1841920   t=55.536363750174   Elapsed: 62.1645s (1m 02s)  11% completed  (5% total)
     Speed:     ev/sec=27752.4   simsec/sec=0.494341   ev/simsec=56140.1
     Messages:  created: 1627854   present: 1298   in FES: 185
** Event #1899008   t=58.011189516797   Elapsed: 64.1721s (1m 04s)  11% completed  (5% total)
     Speed:     ev/sec=28436.2   simsec/sec=1.23274   ev/simsec=23067.5
     Messages:  created: 1678108   present: 1128   in FES: 125
** Event #1951488   t=58.598507128975   Elapsed: 66.1766s (1m 06s)  11% completed  (5% total)
     Speed:     ev/sec=26180.7   simsec/sec=0.292996   ev/simsec=89355.4
     Messages:  created: 1725396   present: 1233   in FES: 150
** Event #2008064   t=60.569394440639   Elapsed: 68.184s (1m 08s)  12% completed  (6% total)
     Speed:     ev/sec=28184.1   simsec/sec=0.981823   ev/simsec=28705.9
     Messages:  created: 1774348   present: 1224   in FES: 137
** Event #2063104   t=61.59776117138   Elapsed: 70.1843s (1m 10s)  12% completed  (6% total)
     Speed:     ev/sec=27516.3   simsec/sec=0.514114   ev/simsec=53521.8
     Messages:  created: 1823953   present: 1264   in FES: 154
** Event #2119424   t=62.602151832139   Elapsed: 72.1898s (1m 12s)  12% completed  (6% total)
     Speed:     ev/sec=28081.6   simsec/sec=0.500797   ev/simsec=56073.8
     Messages:  created: 1876013   present: 1290   in FES: 154
** Event #2177024   t=64.514882596338   Elapsed: 74.1928s (1m 14s)  12% completed  (6% total)
     Speed:     ev/sec=28757.4   simsec/sec=0.95495   ev/simsec=30114
     Messages:  created: 1927640   present: 1215   in FES: 153
** Event #2230784   t=65.587691569719   Elapsed: 76.2048s (1m 16s)  13% completed  (6% total)
     Speed:     ev/sec=26719.7   simsec/sec=0.533207   ev/simsec=50111.4
     Messages:  created: 1976182   present: 1213   in FES: 153
** Event #2285056   t=67.55463300709   Elapsed: 78.2088s (1m 18s)  13% completed  (6% total)
     Speed:     ev/sec=27082.3   simsec/sec=0.981523   ev/simsec=27592.1
     Messages:  created: 2024180   present: 1198   in FES: 125
** Event #2339584   t=68.610781770499   Elapsed: 80.2116s (1m 20s)  13% completed  (6% total)
     Speed:     ev/sec=27225.4   simsec/sec=0.527326   ev/simsec=51629.1
     Messages:  created: 2072877   present: 1284   in FES: 153
** Event #2395136   t=70.579888871729   Elapsed: 82.214s (1m 22s)  14% completed  (7% total)
     Speed:     ev/sec=27743   simsec/sec=0.983384   ev/simsec=28211.8
     Messages:  created: 2122879   present: 1270   in FES: 150
** Event #2450176   t=71.591341994016   Elapsed: 84.2322s (1m 24s)  14% completed  (7% total)
     Speed:     ev/sec=27271.7   simsec/sec=0.501164   ev/simsec=54416.8
     Messages:  created: 2172347   present: 1293   in FES: 153
** Event #2504192   t=72.590663127719   Elapsed: 86.2336s (1m 26s)  14% completed  (7% total)
     Speed:     ev/sec=26988.7   simsec/sec=0.499303   ev/simsec=54052.7
     Messages:  created: 2220995   present: 1277   in FES: 146
** Event #2561792   t=73.594239986787   Elapsed: 88.243s (1m 28s)  14% completed  (7% total)
     Speed:     ev/sec=28666.1   simsec/sec=0.499456   ev/simsec=57394.7
     Messages:  created: 2271598   present: 1301   in FES: 154
** Event #2617600   t=74.578234344684   Elapsed: 90.2509s (1m 30s)  14% completed  (7% total)
     Speed:     ev/sec=27793.2   simsec/sec=0.490044   ev/simsec=56715.8
     Messages:  created: 2321415   present: 1422   in FES: 183
** Event #2673664   t=75.583400838259   Elapsed: 92.2545s (1m 32s)  15% completed  (7% total)
     Speed:     ev/sec=27981.7   simsec/sec=0.501681   ev/simsec=55775.8
     Messages:  created: 2371836   present: 1245   in FES: 150
** Event #2731520   t=76.609160472959   Elapsed: 94.2591s (1m 34s)  15% completed  (7% total)
     Speed:     ev/sec=28862.4   simsec/sec=0.511717   ev/simsec=56403.1
     Messages:  created: 2423123   present: 1304   in FES: 154
** Event #2789376   t=77.9   Elapsed: 96.2608s (1m 36s)  15% completed  (7% total)
     Speed:     ev/sec=28903.2   simsec/sec=0.644866   ev/simsec=44820.4
     Messages:  created: 2473998   present: 1116   in FES: 122
** Event #2848512   t=80.043769244396   Elapsed: 98.2644s (1m 38s)  16% completed  (8% total)
     Speed:     ev/sec=29514.3   simsec/sec=1.06994   ev/simsec=27585.1
     Messages:  created: 2525133   present: 1200   in FES: 154
** Event #2906624   t=81.523838070968   Elapsed: 100.268s (1m 40s)  16% completed  (8% total)
     Speed:     ev/sec=29009.7   simsec/sec=0.738855   ev/simsec=39263
     Messages:  created: 2576737   present: 1518   in FES: 216
** Event #2964480   t=83.504436050209   Elapsed: 102.278s (1m 42s)  16% completed  (8% total)
     Speed:     ev/sec=28778.3   simsec/sec=0.985175   ev/simsec=29211.4
     Messages:  created: 2626474   present: 1207   in FES: 168
** Event #3022848   t=84.58749328567   Elapsed: 104.281s (1m 44s)  16% completed  (8% total)
     Speed:     ev/sec=29140.5   simsec/sec=0.540721   ev/simsec=53891.9
     Messages:  created: 2678656   present: 1327   in FES: 182
** Event #3077120   t=86.058428964322   Elapsed: 106.284s (1m 46s)  17% completed  (8% total)
     Speed:     ev/sec=27095.1   simsec/sec=0.73436   ev/simsec=36896.2
     Messages:  created: 2725725   present: 1186   in FES: 154
** Event #3131904   t=87.576040209868   Elapsed: 108.285s (1m 48s)  17% completed  (8% total)
     Speed:     ev/sec=27375.8   simsec/sec=0.758358   ev/simsec=36098.8
     Messages:  created: 2772985   present: 1162   in FES: 141
** Event #3190016   t=89.568141651662   Elapsed: 110.29s (1m 50s)  17% completed  (8% total)
     Speed:     ev/sec=28985   simsec/sec=0.993617   ev/simsec=29171.2
     Messages:  created: 2824901   present: 1259   in FES: 145
** Event #3247104   t=91.544816348322   Elapsed: 112.296s (1m 52s)  18% completed  (9% total)
     Speed:     ev/sec=28465.8   simsec/sec=0.98563   ev/simsec=28880.8
     Messages:  created: 2874464   present: 1209   in FES: 154
** Event #3304448   t=93.555857723289   Elapsed: 114.307s (1m 54s)  18% completed  (9% total)
     Speed:     ev/sec=28511   simsec/sec=0.999874   ev/simsec=28514.6
     Messages:  created: 2925557   present: 1194   in FES: 153
** Event #3363840   t=95.526307822114   Elapsed: 116.308s (1m 56s)  19% completed  (9% total)
     Speed:     ev/sec=29686.4   simsec/sec=0.984906   ev/simsec=30141.3
     Messages:  created: 2977951   present: 1389   in FES: 185
** Event #3420672   t=97.523047315237   Elapsed: 118.312s (1m 58s)  19% completed  (9% total)
     Speed:     ev/sec=28350   simsec/sec=0.996049   ev/simsec=28462.4
     Messages:  created: 3027778   present: 1313   in FES: 145
** Event #3476480   t=99.511850492033   Elapsed: 120.317s (2m 00s)  19% completed  (9% total)
     Speed:     ev/sec=27840.3   simsec/sec=0.992133   ev/simsec=28061.1
     Messages:  created: 3075745   present: 1212   in FES: 180
** Event #3526912   t=100.524704101212   Elapsed: 122.32s (2m 02s)  20% completed  (10% total)
     Speed:     ev/sec=25178.7   simsec/sec=0.505678   ev/simsec=49792
     Messages:  created: 3123289   present: 1424   in FES: 176
** Event #3588608   t=104.507778207052   Elapsed: 124.322s (2m 04s)  20% completed  (10% total)
     Speed:     ev/sec=30819.4   simsec/sec=1.98969   ev/simsec=15489.5
     Messages:  created: 3175383   present: 1768   in FES: 196
** Event #3638528   t=106.061520780395   Elapsed: 126.323s (2m 06s)  21% completed  (10% total)
     Speed:     ev/sec=24939.2   simsec/sec=0.776223   ev/simsec=32128.9
     Messages:  created: 3221791   present: 1906   in FES: 184
** Event #3691776   t=108.553990290484   Elapsed: 128.348s (2m 08s)  21% completed  (10% total)
     Speed:     ev/sec=26295.4   simsec/sec=1.23085   ev/simsec=21363.6
     Messages:  created: 3270661   present: 1704   in FES: 168
** Event #3749632   t=111.580486622355   Elapsed: 130.349s (2m 10s)  22% completed  (11% total)
     Speed:     ev/sec=28918.8   simsec/sec=1.51277   ev/simsec=19116.5
     Messages:  created: 3322570   present: 1599   in FES: 142
** Event #3805440   t=113.012888035243   Elapsed: 132.35s (2m 12s)  22% completed  (11% total)
     Speed:     ev/sec=27886.9   simsec/sec=0.715761   ev/simsec=38961.1
     Messages:  created: 3375100   present: 1737   in FES: 140
** Event #3862784   t=114.899560007514   Elapsed: 134.351s (2m 14s)  22% completed  (11% total)
     Speed:     ev/sec=28662.3   simsec/sec=0.943015   ev/simsec=30394.3
     Messages:  created: 3428952   present: 1900   in FES: 122
** Event #3916544   t=116.518211322439   Elapsed: 136.356s (2m 16s)  23% completed  (11% total)
     Speed:     ev/sec=26804.2   simsec/sec=0.807043   ev/simsec=33212.8
     Messages:  created: 3479203   present: 2558   in FES: 214
** Event #3975424   t=117.607017776802   Elapsed: 138.364s (2m 18s)  23% completed  (11% total)
     Speed:     ev/sec=29326.5   simsec/sec=0.542305   ev/simsec=54077.6
     Messages:  created: 3534069   present: 2325   in FES: 139
** Event #4039168   t=120.514352246981   Elapsed: 140.377s (2m 20s)  24% completed  (12% total)
     Speed:     ev/sec=31664.1   simsec/sec=1.44418   ev/simsec=21925.2
     Messages:  created: 3591452   present: 2868   in FES: 195
** Event #4101120   t=123.579391656666   Elapsed: 142.383s (2m 22s)  24% completed  (12% total)
     Speed:     ev/sec=30888.7   simsec/sec=1.5282   ev/simsec=20212.5
     Messages:  created: 3647196   present: 2955   in FES: 132
** Event #4163584   t=126.589600963534   Elapsed: 144.388s (2m 24s)  25% completed  (12% total)
     Speed:     ev/sec=31160.4   simsec/sec=1.50165   ev/simsec=20750.7
     Messages:  created: 3703419   present: 3383   in FES: 148
** Event #4226048   t=130.095838423624   Elapsed: 146.392s (2m 26s)  26% completed  (13% total)
     Speed:     ev/sec=31160.8   simsec/sec=1.74912   ev/simsec=17815.1
     Messages:  created: 3759752   present: 3773   in FES: 138
** Event #4284928   t=132.559447265362   Elapsed: 148.4s (2m 28s)  26% completed  (13% total)
     Speed:     ev/sec=29323.2   simsec/sec=1.22692   ev/simsec=23899.9
     Messages:  created: 3812947   present: 4219   in FES: 195
** Event #4348416   t=136.515994079127   Elapsed: 150.406s (2m 30s)  27% completed  (13% total)
     Speed:     ev/sec=31656.8   simsec/sec=1.97284   ev/simsec=16046.3
     Messages:  created: 3870095   present: 4819   in FES: 187
** Event #4411648   t=140.520104577661   Elapsed: 152.409s (2m 32s)  28% completed  (14% total)
     Speed:     ev/sec=31561.7   simsec/sec=1.99862   ev/simsec=15791.8
     Messages:  created: 3929127   present: 5176   in FES: 156
** Event #4477440   t=144.511133201534   Elapsed: 154.414s (2m 34s)  28% completed  (14% total)
     Speed:     ev/sec=32819   simsec/sec=1.99084   ev/simsec=16485
     Messages:  created: 3993717   present: 5657   in FES: 185
** Event #4541952   t=147.527853924759   Elapsed: 156.421s (2m 36s)  29% completed  (14% total)
     Speed:     ev/sec=32138.6   simsec/sec=1.50287   ev/simsec=21384.8
     Messages:  created: 4058713   present: 5905   in FES: 153
** Event #4608512   t=150.56597801134   Elapsed: 158.428s (2m 38s)  30% completed  (15% total)
     Speed:     ev/sec=33159   simsec/sec=1.51354   ev/simsec=21908.3
     Messages:  created: 4125659   present: 6269   in FES: 148
** Event #4676608   t=155.607858437904   Elapsed: 160.429s (2m 40s)  31% completed  (15% total)
     Speed:     ev/sec=34043.3   simsec/sec=2.52059   ev/simsec=13506.1
     Messages:  created: 4192795   present: 6859   in FES: 153
** Event #4746496   t=161.513229703413   Elapsed: 162.43s (2m 42s)  32% completed  (16% total)
     Speed:     ev/sec=34921.6   simsec/sec=2.9508   ev/simsec=11834.6
     Messages:  created: 4261530   present: 7613   in FES: 154
** Event #4817920   t=167.552974174848   Elapsed: 164.43s (2m 44s)  33% completed  (16% total)
     Speed:     ev/sec=35711.4   simsec/sec=3.01982   ev/simsec=11825.7
     Messages:  created: 4331455   present: 8338   in FES: 164
** Event #4888832   t=172.589199465897   Elapsed: 166.432s (2m 46s)  34% completed  (17% total)
     Speed:     ev/sec=35428.2   simsec/sec=2.51614   ev/simsec=14080.4
     Messages:  created: 4401181   present: 8947   in FES: 152
** Event #4961024   t=178.597475243569   Elapsed: 168.436s (2m 48s)  35% completed  (17% total)
     Speed:     ev/sec=36012.1   simsec/sec=2.99715   ev/simsec=12015.4
     Messages:  created: 4471572   present: 9623   in FES: 160
** Event #5025024   t=183.058428964322   Elapsed: 170.439s (2m 50s)  36% completed  (18% total)
     Speed:     ev/sec=31961.8   simsec/sec=2.22781   ev/simsec=14346.7
     Messages:  created: 4534052   present: 10086   in FES: 124
** Event #5086208   t=185.561662325714   Elapsed: 172.442s (2m 52s)  37% completed  (18% total)
     Speed:     ev/sec=30537.9   simsec/sec=1.2494   ev/simsec=24442
     Messages:  created: 4592175   present: 10520   in FES: 153
** Event #5144576   t=187.505658209175   Elapsed: 174.447s (2m 54s)  37% completed  (18% total)
     Speed:     ev/sec=29111.3   simsec/sec=0.969576   ev/simsec=30024.8
     Messages:  created: 4646847   present: 10806   in FES: 184
** Event #5203968   t=188.590959594942   Elapsed: 176.45s (2m 56s)  37% completed  (18% total)
     Speed:     ev/sec=29648.4   simsec/sec=0.541781   ev/simsec=54724
     Messages:  created: 4702755   present: 10882   in FES: 144
** Event #5262848   t=191.017829931828   Elapsed: 178.452s (2m 58s)  38% completed  (19% total)
     Speed:     ev/sec=29415.5   simsec/sec=1.21242   ev/simsec=24261.7
     Messages:  created: 4756932   present: 11131   in FES: 152
** Event #5326080   t=194.518525622828   Elapsed: 180.461s (3m 00s)  38% completed  (19% total)
     Speed:     ev/sec=31467.7   simsec/sec=1.74214   ev/simsec=18062.7
     Messages:  created: 4814336   present: 11636   in FES: 154
** Event #5385984   t=197.582389814565   Elapsed: 182.468s (3m 02s)  39% completed  (19% total)
     Speed:     ev/sec=29859.7   simsec/sec=1.52721   ev/simsec=19551.8
     Messages:  created: 4868649   present: 12142   in FES: 216
** Event #5451520   t=200.584432893237   Elapsed: 184.471s (3m 04s)  40% completed  (20% total)
     Speed:     ev/sec=32715.9   simsec/sec=1.49864   ev/simsec=21830.5
     Messages:  created: 4928345   present: 12207   in FES: 140
** Event #5513472   t=203.594739466067   Elapsed: 186.479s (3m 06s)  40% completed  (20% total)
     Speed:     ev/sec=30854.3   simsec/sec=1.49924   ev/simsec=20580
     Messages:  created: 4985891   present: 12692   in FES: 153
** Event #5575680   t=207.029811857804   Elapsed: 188.48s (3m 08s)  41% completed  (20% total)
     Speed:     ev/sec=31078.6   simsec/sec=1.71613   ev/simsec=18109.7
     Messages:  created: 5041937   present: 13047   in FES: 153
** Event #5638912   t=210.518497265718   Elapsed: 190.494s (3m 10s)  42% completed  (21% total)
     Speed:     ev/sec=31393.7   simsec/sec=1.73208   ev/simsec=18124.9
     Messages:  created: 5098729   present: 13511   in FES: 153
** Event #5705472   t=213.586320521357   Elapsed: 192.497s (3m 12s)  42% completed  (21% total)
     Speed:     ev/sec=33239.7   simsec/sec=1.53206   ev/simsec=21696.2
     Messages:  created: 5160211   present: 13898   in FES: 149
** Event #5768448   t=216.52477091261   Elapsed: 194.507s (3m 14s)  43% completed  (21% total)
     Speed:     ev/sec=31325.4   simsec/sec=1.46164   ev/simsec=21431.7
     Messages:  created: 5217421   present: 14294   in FES: 151
** Event #5819648   t=217.536761850004   Elapsed: 196.511s (3m 16s)  43% completed  (21% total)
     Speed:     ev/sec=25552.5   simsec/sec=0.505058   ev/simsec=50593.3
     Messages:  created: 5265022   present: 14500   in FES: 159
** Event #5871104   t=218.549600662876   Elapsed: 198.515s (3m 18s)  43% completed  (21% total)
     Speed:     ev/sec=25672.6   simsec/sec=0.505329   ev/simsec=50803.7
     Messages:  created: 5311194   present: 14460   in FES: 135
** Event #5926400   t=219.560708011152   Elapsed: 200.527s (3m 20s)  43% completed  (21% total)
     Speed:     ev/sec=27487.2   simsec/sec=0.502613   ev/simsec=54688.6
     Messages:  created: 5361324   present: 14583   in FES: 156
** Event #5978112   t=221.511173749848   Elapsed: 202.542s (3m 22s)  44% completed  (22% total)
     Speed:     ev/sec=25662.7   simsec/sec=0.967942   ev/simsec=26512.6
     Messages:  created: 5406530   present: 14899   in FES: 172
** Event #6029824   t=223.512078123951   Elapsed: 204.55s (3m 24s)  44% completed  (22% total)
     Speed:     ev/sec=25749.8   simsec/sec=0.996345   ev/simsec=25844.3
     Messages:  created: 5453702   present: 15002   in FES: 153
** Event #6081024   t=225.52331203101   Elapsed: 206.554s (3m 26s)  45% completed  (22% total)
     Speed:     ev/sec=25549   simsec/sec=1.00361   ev/simsec=25457
     Messages:  created: 5499286   present: 15446   in FES: 149
** Event #6132736   t=226.525201645745   Elapsed: 208.564s (3m 28s)  45% completed  (22% total)
     Speed:     ev/sec=25732.5   simsec/sec=0.498552   ev/simsec=51614.5
     Messages:  created: 5545138   present: 15513   in FES: 153
** Event #6183168   t=227.523706216322   Elapsed: 210.564s (3m 30s)  45% completed  (22% total)
     Speed:     ev/sec=25209.6   simsec/sec=0.499126   ev/simsec=50507.5
     Messages:  created: 5589149   present: 15722   in FES: 180
** Event #6236928   t=228.546470382263   Elapsed: 212.571s (3m 32s)  45% completed  (22% total)
     Speed:     ev/sec=26787.3   simsec/sec=0.509618   ev/simsec=52563.4
     Messages:  created: 5634963   present: 15728   in FES: 165
** Event #6287104   t=229.512436892363   Elapsed: 214.575s (3m 34s)  45% completed  (22% total)
     Speed:     ev/sec=25045.2   simsec/sec=0.482159   ev/simsec=51943.8
     Messages:  created: 5678098   present: 16059   in FES: 236
** Event #6336512   t=229.606066443765   Elapsed: 216.587s (3m 36s)  45% completed  (22% total)
     Speed:     ev/sec=24555.7   simsec/sec=0.0465337   ev/simsec=527697
     Messages:  created: 5722151   present: 15787   in FES: 177
** Event #6387456   t=230.608922147444   Elapsed: 218.592s (3m 38s)  46% completed  (23% total)
     Speed:     ev/sec=25406.9   simsec/sec=0.500146   ev/simsec=50798.9
     Messages:  created: 5765843   present: 15915   in FES: 178
** Event #6444288   t=233.050863051994   Elapsed: 220.596s (3m 40s)  46% completed  (23% total)
     Speed:     ev/sec=28364.9   simsec/sec=1.21877   ev/simsec=23273.3
     Messages:  created: 5813247   present: 16198   in FES: 181
** Event #6494976   t=234.095838719875   Elapsed: 222.597s (3m 42s)  46% completed  (23% total)
     Speed:     ev/sec=25327.4   simsec/sec=0.522146   ev/simsec=48506.4
     Messages:  created: 5856129   present: 16271   in FES: 164
** Event #6544384   t=236.012889055936   Elapsed: 224.601s (3m 44s)  47% completed  (23% total)
     Speed:     ev/sec=24650.9   simsec/sec=0.956464   ev/simsec=25772.9
     Messages:  created: 5896925   present: 8359   in FES: 138
** Event #6591744   t=237.517678934057   Elapsed: 226.61s (3m 46s)  47% completed  (23% total)
     Speed:     ev/sec=23575   simsec/sec=0.749057   ev/simsec=31472.8
     Messages:  created: 5935463   present: 6859   in FES: 201
** Event #6640640   t=238.585577509152   Elapsed: 228.615s (3m 48s)  47% completed  (23% total)
     Speed:     ev/sec=24383.2   simsec/sec=0.532535   ev/simsec=45787.1
     Messages:  created: 5977775   present: 2255   in FES: 186
** Event #6692864   t=240.588001688298   Elapsed: 230.619s (3m 50s)  48% completed  (24% total)
     Speed:     ev/sec=26070.9   simsec/sec=0.999635   ev/simsec=26080.4
     Messages:  created: 6022751   present: 2058   in FES: 207
** Event #6741248   t=241.580748302602   Elapsed: 232.627s (3m 52s)  48% completed  (24% total)
     Speed:     ev/sec=24084.6   simsec/sec=0.494169   ev/simsec=48737.5
     Messages:  created: 6065722   present: 2069   in FES: 185
** Event #6790400   t=243.539414220266   Elapsed: 234.635s (3m 54s)  48% completed  (24% total)
     Speed:     ev/sec=24487.9   simsec/sec=0.975822   ev/simsec=25094.6
     Messages:  created: 6107847   present: 2076   in FES: 154
** Event #6837248   t=244.571580438267   Elapsed: 236.636s (3m 56s)  48% completed  (24% total)
     Speed:     ev/sec=23411.5   simsec/sec=0.515809   ev/simsec=45388
     Messages:  created: 6149131   present: 2396   in FES: 184
** Event #6888192   t=245.568794971952   Elapsed: 238.65s (3m 58s)  49% completed  (24% total)
     Speed:     ev/sec=25292.1   simsec/sec=0.495085   ev/simsec=51086.3
     Messages:  created: 6195804   present: 2495   in FES: 185
** Event #6935552   t=246.582927671795   Elapsed: 240.651s (4m 00s)  49% completed  (24% total)
     Speed:     ev/sec=23672.2   simsec/sec=0.506899   ev/simsec=46700
     Messages:  created: 6239828   present: 2552   in FES: 160
** Event #6987776   t=248.512011461512   Elapsed: 242.657s (4m 02s)  49% completed  (24% total)
     Speed:     ev/sec=26022.7   simsec/sec=0.961243   ev/simsec=27071.9
     Messages:  created: 6286564   present: 2635   in FES: 137
** Event #7038208   t=249.580871343092   Elapsed: 244.668s (4m 04s)  49% completed  (24% total)
     Speed:     ev/sec=25084.3   simsec/sec=0.531639   ev/simsec=47183
     Messages:  created: 6333528   present: 2861   in FES: 154
** Event #7090432   t=251.530664884428   Elapsed: 246.671s (4m 06s)  50% completed  (25% total)
     Speed:     ev/sec=26066.2   simsec/sec=0.973186   ev/simsec=26784.4
     Messages:  created: 6381119   present: 3049   in FES: 127
** Event #7144192   t=252.57962260525   Elapsed: 248.675s (4m 08s)  50% completed  (25% total)
     Speed:     ev/sec=26835.3   simsec/sec=0.523606   ev/simsec=51250.9
     Messages:  created: 6431471   present: 3217   in FES: 138
** Event #7198464   t=254.523847348981   Elapsed: 250.677s (4m 10s)  50% completed  (25% total)
     Speed:     ev/sec=27108.4   simsec/sec=0.971124   ev/simsec=27914.5
     Messages:  created: 6481143   present: 3495   in FES: 154
** Event #7250688   t=255.607402520405   Elapsed: 252.679s (4m 12s)  51% completed  (25% total)
     Speed:     ev/sec=26079.3   simsec/sec=0.5411   ev/simsec=48196.9
     Messages:  created: 6530157   present: 3613   in FES: 170
** Event #7306752   t=257.048483056489   Elapsed: 254.684s (4m 14s)  51% completed  (25% total)
     Speed:     ev/sec=27967   simsec/sec=0.718869   ev/simsec=38904.1
     Messages:  created: 6581176   present: 3681   in FES: 139
** Event #7360512   t=259.035347369965   Elapsed: 256.689s (4m 16s)  51% completed  (25% total)
     Speed:     ev/sec=26813.4   simsec/sec=0.990972   ev/simsec=27057.7
     Messages:  created: 6630504   present: 3869   in FES: 123
** Event #7416320   t=262.009645065853   Elapsed: 258.693s (4m 18s)  52% completed  (26% total)
     Speed:     ev/sec=27841.5   simsec/sec=1.48382   ev/simsec=18763.4
     Messages:  created: 6680218   present: 4258   in FES: 132
** Event #7479040   t=264.512518462612   Elapsed: 260.697s (4m 20s)  52% completed  (26% total)
     Speed:     ev/sec=31297.1   simsec/sec=1.24893   ev/simsec=25059.2
     Messages:  created: 6737221   present: 4771   in FES: 178
** Event #7540224   t=268.012833389849   Elapsed: 262.706s (4m 22s)  53% completed  (26% total)
     Speed:     ev/sec=30469.8   simsec/sec=1.74316   ev/simsec=17479.6
     Messages:  created: 6792564   present: 4957   in FES: 125
** Event #7600128   t=271.009642969536   Elapsed: 264.707s (4m 24s)  54% completed  (27% total)
     Speed:     ev/sec=29927.8   simsec/sec=1.4972   ev/simsec=19989.3
     Messages:  created: 6847918   present: 5359   in FES: 139
** Event #7662592   t=274.525452472581   Elapsed: 266.709s (4m 26s)  54% completed  (27% total)
     Speed:     ev/sec=31206.3   simsec/sec=1.75646   ev/simsec=17766.6
     Messages:  created: 6903326   present: 5989   in FES: 154
** Event #7719680   t=276.58847922217   Elapsed: 268.717s (4m 28s)  55% completed  (27% total)
     Speed:     ev/sec=28427   simsec/sec=1.02729   ev/simsec=27672
     Messages:  created: 6956018   present: 6087   in FES: 135
** Event #7773952   t=278.521586997561   Elapsed: 270.722s (4m 30s)  55% completed  (27% total)
     Speed:     ev/sec=27067.1   simsec/sec=0.9641   ev/simsec=28075
     Messages:  created: 7005772   present: 6406   in FES: 159
** Event #7823616   t=279.50637142571   Elapsed: 272.726s (4m 32s)  55% completed  (27% total)
     Speed:     ev/sec=24787   simsec/sec=0.491499   ev/simsec=50431.3
     Messages:  created: 7052232   present: 6431   in FES: 139
** Event #7876608   t=280.520175983465   Elapsed: 274.729s (4m 34s)  56% completed  (28% total)
     Speed:     ev/sec=26449.1   simsec/sec=0.506005   ev/simsec=52270.4
     Messages:  created: 7101172   present: 6680   in FES: 155
** Event #7929344   t=282.50967274251   Elapsed: 276.736s (4m 36s)  56% completed  (28% total)
     Speed:     ev/sec=26279.2   simsec/sec=0.991398   ev/simsec=26507.2
     Messages:  created: 7149299   present: 6792   in FES: 148
** Event #7984640   t=285.576983685473   Elapsed: 278.741s (4m 38s)  57% completed  (28% total)
     Speed:     ev/sec=27578.3   simsec/sec=1.52979   ev/simsec=18027.5
     Messages:  created: 7198335   present: 7123   in FES: 138
** Event #8041472   t=287.524336691032   Elapsed: 280.748s (4m 40s)  57% completed  (28% total)
     Speed:     ev/sec=28318.7   simsec/sec=0.970341   ev/simsec=29184.2
     Messages:  created: 7251359   present: 7419   in FES: 148
** Event #8097024   t=288.563627695325   Elapsed: 282.757s (4m 42s)  57% completed  (28% total)
     Speed:     ev/sec=27652.5   simsec/sec=0.517336   ev/simsec=53451.8
     Messages:  created: 7302963   present: 7579   in FES: 154
** Event #8163328   t=292.534668183606   Elapsed: 284.757s (4m 44s)  58% completed  (29% total)
     Speed:     ev/sec=33151.8   simsec/sec=1.98551   ev/simsec=16696.9
     Messages:  created: 7363307   present: 8010   in FES: 154
** Event #8224256   t=295.070318225614   Elapsed: 286.761s (4m 46s)  59% completed  (29% total)
     Speed:     ev/sec=30401.2   simsec/sec=1.26521   ev/simsec=24028.6
     Messages:  created: 7419182   present: 8262   in FES: 144
** Event #8290048   t=300.538307626165   Elapsed: 288.767s (4m 48s)  60% completed  (30% total)
     Speed:     ev/sec=32797.7   simsec/sec=2.72583   ev/simsec=12032.2
     Messages:  created: 7481520   present: 8942   in FES: 142
** Event #8353536   t=304.070198076043   Elapsed: 290.771s (4m 50s)  60% completed  (30% total)
     Speed:     ev/sec=31675.1   simsec/sec=1.76211   ev/simsec=17975.6
     Messages:  created: 7544593   present: 9371   in FES: 154
** Event #8418816   t=307.048482579802   Elapsed: 292.78s (4m 52s)  61% completed  (30% total)
     Speed:     ev/sec=32498.4   simsec/sec=1.48268   ev/simsec=21918.7
     Messages:  created: 7610012   present: 9718   in FES: 152
** Event #8488448   t=313.510048987532   Elapsed: 294.786s (4m 54s)  62% completed  (31% total)
     Speed:     ev/sec=34713.9   simsec/sec=3.22131   ev/simsec=10776.3
     Messages:  created: 7677884   present: 10510   in FES: 154
** Event #8555264   t=318.534319544276   Elapsed: 296.789s (4m 56s)  63% completed  (31% total)
     Speed:     ev/sec=33352.6   simsec/sec=2.50797   ev/simsec=13298.6
     Messages:  created: 7743699   present: 11104   in FES: 152
** Event #8625920   t=324.590410990106   Elapsed: 298.79s (4m 58s)  64% completed  (32% total)
     Speed:     ev/sec=35320.7   simsec/sec=3.02742   ev/simsec=11666.9
     Messages:  created: 7812774   present: 11849   in FES: 151
** Event #8688384   t=327.601649378898   Elapsed: 300.793s (5m 00s)  65% completed  (32% total)
     Speed:     ev/sec=31187.6   simsec/sec=1.50348   ev/simsec=20743.6
     Messages:  created: 7874373   present: 12124   in FES: 123
** Event #8750080   t=330.51923482672   Elapsed: 302.799s (5m 02s)  66% completed  (33% total)
     Speed:     ev/sec=30755.2   simsec/sec=1.4544   ev/simsec=21146.3
     Messages:  created: 7932501   present: 12739   in FES: 218
** Event #8808960   t=332.537338529476   Elapsed: 304.805s (5m 04s)  66% completed  (33% total)
     Speed:     ev/sec=29349.8   simsec/sec=1.00596   ev/simsec=29175.9
     Messages:  created: 7987287   present: 12793   in FES: 151
** Event #8868096   t=334.521110481836   Elapsed: 306.814s (5m 06s)  66% completed  (33% total)
     Speed:     ev/sec=29430.6   simsec/sec=0.987277   ev/simsec=29809.9
     Messages:  created: 8042044   present: 13159   in FES: 184
** Event #8931584   t=337.653649636079   Elapsed: 308.821s (5m 08s)  67% completed  (33% total)
     Speed:     ev/sec=31639.2   simsec/sec=1.5611   ev/simsec=20267.3
     Messages:  created: 8100371   present: 13298   in FES: 122
** Event #8990720   t=341.554529430844   Elapsed: 310.824s (5m 10s)  68% completed  (34% total)
     Speed:     ev/sec=29521.2   simsec/sec=1.94735   ev/simsec=15159.7
     Messages:  created: 8154775   present: 13875   in FES: 142
** Event #9054720   t=345.564956435144   Elapsed: 312.826s (5m 12s)  69% completed  (34% total)
     Speed:     ev/sec=31967.6   simsec/sec=2.00318   ev/simsec=15958.4
     Messages:  created: 8216857   present: 14350   in FES: 146
** Event #9117696   t=348.614451145323   Elapsed: 314.826s (5m 14s)  69% completed  (34% total)
     Speed:     ev/sec=31480.7   simsec/sec=1.52439   ev/simsec=20651.3
     Messages:  created: 8280479   present: 14698   in FES: 151
** Event #9186304   t=353.010526874801   Elapsed: 316.832s (5m 16s)  70% completed  (35% total)
     Speed:     ev/sec=34213.8   simsec/sec=2.19226   ev/simsec=15606.6
     Messages:  created: 8348735   present: 15152   in FES: 124
** Event #9260544   t=359.051577508666   Elapsed: 318.838s (5m 18s)  71% completed  (35% total)
     Speed:     ev/sec=36999.4   simsec/sec=3.01071   ev/simsec=12289.3
     Messages:  created: 8421351   present: 15967   in FES: 179
** Event #9329152   t=364.529831902676   Elapsed: 320.841s (5m 20s)  72% completed  (36% total)
     Speed:     ev/sec=34247.6   simsec/sec=2.73462   ev/simsec=12523.7
     Messages:  created: 8488995   present: 9474   in FES: 169
** Event #9395200   t=370.092384616293   Elapsed: 322.842s (5m 22s)  74% completed  (37% total)
     Speed:     ev/sec=33010.7   simsec/sec=2.78016   ev/simsec=11873.7
     Messages:  created: 8553394   present: 1812   in FES: 133
** Event #9463808   t=375.597470052545   Elapsed: 324.848s (5m 24s)  75% completed  (37% total)
     Speed:     ev/sec=34209.5   simsec/sec=2.74496   ev/simsec=12462.7
     Messages:  created: 8620858   present: 2568   in FES: 152
** Event #9534720   t=381.580340043584   Elapsed: 326.848s (5m 26s)  76% completed  (38% total)
     Speed:     ev/sec=35443.8   simsec/sec=2.99041   ev/simsec=11852.5
     Messages:  created: 8689810   present: 3366   in FES: 181
** Event #9595648   t=384.540239713692   Elapsed: 328.862s (5m 28s)  76% completed  (38% total)
     Speed:     ev/sec=30264.1   simsec/sec=1.47024   ev/simsec=20584.5
     Messages:  created: 8749351   present: 3836   in FES: 219
** Event #9657088   t=386.506125722331   Elapsed: 330.865s (5m 30s)  77% completed  (38% total)
     Speed:     ev/sec=30665.3   simsec/sec=0.981193   ev/simsec=31253.1
     Messages:  created: 8806634   present: 3789   in FES: 130
** Event #9714432   t=387.592723404561   Elapsed: 332.872s (5m 32s)  77% completed  (38% total)
     Speed:     ev/sec=28572.9   simsec/sec=0.541421   ev/simsec=52773.9
     Messages:  created: 8860345   present: 4014   in FES: 145
** Event #9774848   t=391.566507230792   Elapsed: 334.877s (5m 34s)  78% completed  (39% total)
     Speed:     ev/sec=30128.6   simsec/sec=1.98167   ev/simsec=15203.6
     Messages:  created: 8914370   present: 4452   in FES: 153
** Event #9838336   t=395.031180912998   Elapsed: 336.883s (5m 36s)  79% completed  (39% total)
     Speed:     ev/sec=31663.5   simsec/sec=1.72794   ev/simsec=18324.4
     Messages:  created: 8971820   present: 4822   in FES: 139
** Event #9903104   t=398.58613424377   Elapsed: 338.893s (5m 38s)  79% completed  (39% total)
     Speed:     ev/sec=32207.7   simsec/sec=1.7678   ev/simsec=18219.1
     Messages:  created: 9031115   present: 5374   in FES: 158
** Event #9963008   t=401.561329795064   Elapsed: 340.902s (5m 40s)  80% completed  (40% total)
     Speed:     ev/sec=29827.9   simsec/sec=1.48144   ev/simsec=20134.5
     Messages:  created: 9084546   present: 5707   in FES: 154
** Event #10025728   t=405.000668587568   Elapsed: 342.908s (5m 42s)  81% completed  (40% total)
     Speed:     ev/sec=31269.7   simsec/sec=1.71472   ev/simsec=18236.1
     Messages:  created: 9141260   present: 6013   in FES: 138
** Event #10089472   t=408.535668513838   Elapsed: 344.913s (5m 44s)  81% completed  (40% total)
     Speed:     ev/sec=31777.7   simsec/sec=1.76227   ev/simsec=18032.2
     Messages:  created: 9199205   present: 6496   in FES: 158
** Event #10147840   t=410.527081146244   Elapsed: 346.914s (5m 46s)  82% completed  (41% total)
     Speed:     ev/sec=29182.7   simsec/sec=0.995662   ev/simsec=29309.8
     Messages:  created: 9252893   present: 6852   in FES: 157
** Event #10211840   t=415.067795307157   Elapsed: 348.921s (5m 48s)  83% completed  (41% total)
     Speed:     ev/sec=31889.6   simsec/sec=2.26253   ev/simsec=14094.7
     Messages:  created: 9312738   present: 7252   in FES: 147
** Event #10276352   t=420.220404516207   Elapsed: 350.926s (5m 50s)  84% completed  (42% total)
     Speed:     ev/sec=32162.1   simsec/sec=2.5688   ev/simsec=12520.3
     Messages:  created: 9375430   present: 7794   in FES: 123
** Event #10338048   t=422.555607817759   Elapsed: 352.929s (5m 52s)  84% completed  (42% total)
     Speed:     ev/sec=30811   simsec/sec=1.1662   ev/simsec=26420
     Messages:  created: 9437042   present: 8322   in FES: 185
** Event #10397696   t=424.510087281328   Elapsed: 354.939s (5m 54s)  84% completed  (42% total)
     Speed:     ev/sec=29669.6   simsec/sec=0.972181   ev/simsec=30518.6
     Messages:  created: 9492944   present: 8461   in FES: 162
** Event #10453248   t=425.531816582165   Elapsed: 356.948s (5m 56s)  85% completed  (42% total)
     Speed:     ev/sec=27653.9   simsec/sec=0.508619   ev/simsec=54370.6
     Messages:  created: 9545419   present: 8619   in FES: 151
** Event #10514432   t=429.522488649251   Elapsed: 358.949s (5m 58s)  85% completed  (42% total)
     Speed:     ev/sec=30574.7   simsec/sec=1.99421   ev/simsec=15331.8
     Messages:  created: 9600794   present: 9170   in FES: 155
** Event #10574592   t=433.513215207173   Elapsed: 360.952s (6m 00s)  86% completed  (43% total)
     Speed:     ev/sec=30033.5   simsec/sec=1.99228   ev/simsec=15074.9
     Messages:  created: 9654957   present: 9580   in FES: 158
** Event #10632960   t=435.557631009063   Elapsed: 362.956s (6m 02s)  87% completed  (43% total)
     Speed:     ev/sec=29133   simsec/sec=1.02042   ev/simsec=28550
     Messages:  created: 9709108   present: 9802   in FES: 167
** Event #10694144   t=438.583750947755   Elapsed: 364.957s (6m 04s)  87% completed  (43% total)
     Speed:     ev/sec=30570.3   simsec/sec=1.51198   ev/simsec=20218.6
     Messages:  created: 9763895   present: 10100   in FES: 154
** Event #10754560   t=441.51096086198   Elapsed: 366.961s (6m 06s)  88% completed  (44% total)
     Speed:     ev/sec=30150.9   simsec/sec=1.46084   ev/simsec=20639.4
     Messages:  created: 9817502   present: 10445   in FES: 145
** Event #10817792   t=444.516318123289   Elapsed: 368.97s (6m 08s)  88% completed  (44% total)
     Speed:     ev/sec=31478.4   simsec/sec=1.49614   ev/simsec=21039.8
     Messages:  created: 9873586   present: 10914   in FES: 153
** Event #10884352   t=448.042810673821   Elapsed: 370.971s (6m 10s)  89% completed  (44% total)
     Speed:     ev/sec=33250   simsec/sec=1.76166   ev/simsec=18874.3
     Messages:  created: 9934050   present: 11178   in FES: 141
** Event #10949120   t=451.517940912164   Elapsed: 372.983s (6m 12s)  90% completed  (45% total)
     Speed:     ev/sec=32194.3   simsec/sec=1.72739   ev/simsec=18637.6
     Messages:  created: 9993415   present: 11578   in FES: 153
** Event #11011072   t=453.568003096753   Elapsed: 374.986s (6m 14s)  90% completed  (45% total)
     Speed:     ev/sec=30934.7   simsec/sec=1.02366   ev/simsec=30219.6
     Messages:  created: 10049749   present: 11887   in FES: 157
** Event #11073536   t=456.523362947745   Elapsed: 376.998s (6m 16s)  91% completed  (45% total)
     Speed:     ev/sec=31037.1   simsec/sec=1.46846   ev/simsec=21135.8
     Messages:  created: 10106121   present: 12246   in FES: 156
** Event #11136512   t=459.525346643429   Elapsed: 379.005s (6m 19s)  91% completed  (45% total)
     Speed:     ev/sec=31389   simsec/sec=1.49627   ev/simsec=20978.1
     Messages:  created: 10163538   present: 12588   in FES: 151
** Event #11201280   t=462.547933324371   Elapsed: 381.02s (6m 21s)  92% completed  (46% total)
     Speed:     ev/sec=32141.1   simsec/sec=1.49996   ev/simsec=21428
     Messages:  created: 10222046   present: 13044   in FES: 185
** Event #11261184   t=464.58895818501   Elapsed: 383.025s (6m 23s)  92% completed  (46% total)
     Speed:     ev/sec=29871.9   simsec/sec=1.01778   ev/simsec=29350
     Messages:  created: 10276521   present: 13142   in FES: 152
** Event #11322112   t=467.53596192123   Elapsed: 385.028s (6m 25s)  93% completed  (46% total)
     Speed:     ev/sec=30418.8   simsec/sec=1.47131   ev/simsec=20674.6
     Messages:  created: 10332250   present: 13581   in FES: 176
** Event #11382272   t=470.590861604854   Elapsed: 387.035s (6m 27s)  94% completed  (47% total)
     Speed:     ev/sec=29972.7   simsec/sec=1.522   ev/simsec=19693
     Messages:  created: 10387100   present: 13863   in FES: 159
** Event #11443200   t=473.554801506851   Elapsed: 389.052s (6m 29s)  94% completed  (47% total)
     Speed:     ev/sec=30217.2   simsec/sec=1.46997   ev/simsec=20556.4
     Messages:  created: 10441828   present: 14103   in FES: 141
** Event #11507712   t=476.517655007727   Elapsed: 391.052s (6m 31s)  95% completed  (47% total)
     Speed:     ev/sec=32245   simsec/sec=1.48092   ev/simsec=21773.6
     Messages:  created: 10501622   present: 14623   in FES: 156
** Event #11569408   t=479.555071509169   Elapsed: 393.057s (6m 33s)  95% completed  (47% total)
     Speed:     ev/sec=30773.7   simsec/sec=1.51505   ev/simsec=20312
     Messages:  created: 10557877   present: 14887   in FES: 153
** Event #11631360   t=482.700482783128   Elapsed: 395.063s (6m 35s)  96% completed  (48% total)
     Speed:     ev/sec=30886.9   simsec/sec=1.56818   ev/simsec=19696
     Messages:  created: 10614565   present: 15145   in FES: 125
** Event #11695104   t=486.549211190912   Elapsed: 397.063s (6m 37s)  97% completed  (48% total)
     Speed:     ev/sec=31871.6   simsec/sec=1.92434   ev/simsec=16562.4
     Messages:  created: 10673741   present: 15725   in FES: 170
** Event #11752704   t=490.59986180923   Elapsed: 399.07s (6m 39s)  98% completed  (49% total)
     Speed:     ev/sec=28694.2   simsec/sec=2.01788   ev/simsec=14219.9
     Messages:  created: 10731355   present: 15107   in FES: 161
** Event #11813120   t=494.004620262966   Elapsed: 401.073s (6m 41s)  98% completed  (49% total)
     Speed:     ev/sec=30164.7   simsec/sec=1.69994   ev/simsec=17744.6
     Messages:  created: 10792848   present: 6301   in FES: 158
** Event #11876096   t=498.521131154558   Elapsed: 403.084s (6m 43s)  99% completed  (49% total)
     Speed:     ev/sec=31315.9   simsec/sec=2.24591   ev/simsec=13943.5
     Messages:  created: 10855983   present: 2279   in FES: 158
** Event #11898958   t=500   Elapsed: 403.695s (6m 43s)  100% completed  (50% total)
     Speed:     ev/sec=37455.4   simsec/sec=2.41783   ev/simsec=15491.3
     Messages:  created: 10878930   present: 2279   in FES: 122

<!> Simulation time limit reached -- at t=500s, event #11898958
undisposed object: (omnetpp::cMessage) FanetSarNetwork.groundStation.app.debugTimer -- check module destructor
undisposed object: (omnetpp::cMessage) FanetSarNetwork.uav[0].app.debugTimer -- check module destructor
undisposed object: (omnetpp::cMessage) FanetSarNetwork.uav[1].app.debugTimer -- check module destructor
undisposed object: (omnetpp::cMessage) FanetSarNetwork.uav[2].app.debugTimer -- check module destructor
undisposed object: (omnetpp::cMessage) FanetSarNetwork.uav[3].app.debugTimer -- check module destructor
undisposed object: (omnetpp::cMessage) FanetSarNetwork.uav[4].app.debugTimer -- check module destructor
undisposed object: (omnetpp::cMessage) FanetSarNetwork.uav[5].app.debugTimer -- check module destructor
undisposed object: (omnetpp::cMessage) FanetSarNetwork.uav[6].app.debugTimer -- check module destructor
undisposed object: (omnetpp::cMessage) FanetSarNetwork.uav[7].app.debugTimer -- check module destructor
undisposed object: (omnetpp::cMessage) FanetSarNetwork.uav[8].app.debugTimer -- check module destructor
undisposed object: (omnetpp::cMessage) FanetSarNetwork.uav[9].app.debugTimer -- check module destructor
undisposed object: (omnetpp::cMessage) FanetSarNetwork.uav[10].app.debugTimer -- check module destructor
undisposed object: (omnetpp::cMessage) FanetSarNetwork.uav[11].app.debugTimer -- check module destructor
undisposed object: (omnetpp::cMessage) FanetSarNetwork.uav[12].app.debugTimer -- check module destructor
undisposed object: (omnetpp::cMessage) FanetSarNetwork.uav[13].app.debugTimer -- check module destructor
undisposed object: (omnetpp::cMessage) FanetSarNetwork.uav[14].app.debugTimer -- check module destructor
undisposed object: (omnetpp::cMessage) FanetSarNetwork.uav[15].app.debugTimer -- check module destructor
undisposed object: (omnetpp::cMessage) FanetSarNetwork.uav[16].app.debugTimer -- check module destructor
undisposed object: (omnetpp::cMessage) FanetSarNetwork.uav[17].app.debugTimer -- check module destructor
undisposed object: (omnetpp::cMessage) FanetSarNetwork.uav[18].app.debugTimer -- check module destructor
undisposed object: (omnetpp::cMessage) FanetSarNetwork.uav[19].app.debugTimer -- check module destructor
undisposed object: (omnetpp::cMessage) FanetSarNetwork.uav[20].app.debugTimer -- check module destructor
undisposed object: (omnetpp::cMessage) FanetSarNetwork.uav[21].app.debugTimer -- check module destructor
undisposed object: (omnetpp::cMessage) FanetSarNetwork.uav[22].app.debugTimer -- check module destructor
undisposed object: (omnetpp::cMessage) FanetSarNetwork.uav[23].app.debugTimer -- check module destructor
undisposed object: (omnetpp::cMessage) FanetSarNetwork.uav[24].app.debugTimer -- check module destructor
undisposed object: (omnetpp::cMessage) FanetSarNetwork.uav[25].app.debugTimer -- check module destructor
undisposed object: (omnetpp::cMessage) FanetSarNetwork.uav[26].app.debugTimer -- check module destructor
undisposed object: (omnetpp::cMessage) FanetSarNetwork.uav[27].app.debugTimer -- check module destructor
undisposed object: (omnetpp::cMessage) FanetSarNetwork.uav[28].app.debugTimer -- check module destructor
undisposed object: (omnetpp::cMessage) FanetSarNetwork.uav[29].app.debugTimer -- check module destructor
