** Event #0   t=0   Elapsed: 1.6e-05s (0m 00s)  0% completed  (0% total)
     Speed:     ev/sec=0   simsec/sec=0   ev/simsec=0
     Messages:  created: 1178   present: 1178   in FES: 186
** Event #76800   t=9.520751529994   Elapsed: 2.00663s (0m 02s)  1% completed  (0% total)
     Speed:     ev/sec=38273.9   simsec/sec=4.74468   ev/simsec=8066.7
     Messages:  created: 70780   present: 1188   in FES: 147
** Event #148736   t=18.051065481142   Elapsed: 4.00818s (0m 04s)  3% completed  (1% total)
     Speed:     ev/sec=35940.1   simsec/sec=4.26184   ev/simsec=8432.98
     Messages:  created: 134765   present: 1202   in FES: 154
** Event #205312   t=24.557449165546   Elapsed: 6.01701s (0m 06s)  4% completed  (2% total)
     Speed:     ev/sec=28163.6   simsec/sec=3.23889   ev/simsec=8695.46
     Messages:  created: 183764   present: 1294   in FES: 185
** Event #257024   t=30.094977902179   Elapsed: 8.01785s (0m 08s)  6% completed  (3% total)
     Speed:     ev/sec=25845.2   simsec/sec=2.76761   ev/simsec=9338.46
     Messages:  created: 228167   present: 1119   in FES: 124
** Event #307456   t=36.031105283903   Elapsed: 10.0246s (0m 10s)  7% completed  (3% total)
     Speed:     ev/sec=25131.6   simsec/sec=2.95813   ev/simsec=8495.77
     Messages:  created: 271560   present: 1203   in FES: 148
** Event #359680   t=42.025851597622   Elapsed: 12.029s (0m 12s)  8% completed  (4% total)
     Speed:     ev/sec=26054   simsec/sec=2.99071   ev/simsec=8711.63
     Messages:  created: 316872   present: 1206   in FES: 151
** Event #418304   t=49.588212537469   Elapsed: 14.0313s (0m 14s)  9% completed  (4% total)
     Speed:     ev/sec=29278.6   simsec/sec=3.77687   ev/simsec=7752.08
     Messages:  created: 371706   present: 1169   in FES: 138
** Event #481024   t=58.075186011127   Elapsed: 16.0402s (0m 16s)  11% completed  (5% total)
     Speed:     ev/sec=31220.6   simsec/sec=4.22462   ev/simsec=7390.15
     Messages:  created: 430438   present: 1141   in FES: 130
** Event #540928   t=66.023975962529   Elapsed: 18.0428s (0m 18s)  13% completed  (6% total)
     Speed:     ev/sec=29913.9   simsec/sec=3.96934   ev/simsec=7536.24
     Messages:  created: 485050   present: 1193   in FES: 148
** Event #589056   t=71.077079370162   Elapsed: 20.0494s (0m 20s)  14% completed  (7% total)
     Speed:     ev/sec=23984.7   simsec/sec=2.51823   ev/simsec=9524.44
     Messages:  created: 526160   present: 1204   in FES: 151
** Event #640000   t=77.011724083883   Elapsed: 22.0552s (0m 22s)  15% completed  (7% total)
     Speed:     ev/sec=25397.7   simsec/sec=2.95867   ev/simsec=8584.17
     Messages:  created: 569302   present: 1153   in FES: 134
** Event #690944   t=82.54108647666   Elapsed: 24.0648s (0m 24s)  16% completed  (8% total)
     Speed:     ev/sec=25350.9   simsec/sec=2.75154   ev/simsec=9213.36
     Messages:  created: 612460   present: 1145   in FES: 128
** Event #737536   t=87.562224273927   Elapsed: 26.0707s (0m 26s)  17% completed  (8% total)
     Speed:     ev/sec=23227.8   simsec/sec=2.50322   ev/simsec=9279.17
     Messages:  created: 652044   present: 1217   in FES: 154
** Event #783104   t=92.562226780682   Elapsed: 28.0854s (0m 28s)  18% completed  (9% total)
     Speed:     ev/sec=22617.9   simsec/sec=2.48178   ev/simsec=9113.6
     Messages:  created: 690571   present: 1162   in FES: 137
** Event #829696   t=97.57033233042   Elapsed: 30.1037s (0m 30s)  19% completed  (9% total)
     Speed:     ev/sec=23083.7   simsec/sec=2.48124   ev/simsec=9303.32
     Messages:  created: 729988   present: 1207   in FES: 148
** Event #881152   t=103.077198570202   Elapsed: 32.1059s (0m 32s)  20% completed  (10% total)
     Speed:     ev/sec=25700   simsec/sec=2.75044   ev/simsec=9343.97
     Messages:  created: 773026   present: 1545   in FES: 182
** Event #930816   t=108.547109858111   Elapsed: 34.1148s (0m 34s)  21% completed  (10% total)
     Speed:     ev/sec=24722.6   simsec/sec=2.72291   ev/simsec=9079.49
     Messages:  created: 814178   present: 1949   in FES: 176
** Event #976896   t=113.538082431253   Elapsed: 36.1266s (0m 36s)  22% completed  (11% total)
     Speed:     ev/sec=22904.2   simsec/sec=2.48078   ev/simsec=9232.67
     Messages:  created: 852248   present: 1796   in FES: 147
** Event #1025280   t=119.51375050855   Elapsed: 38.1321s (0m 38s)  23% completed  (11% total)
     Speed:     ev/sec=24125.9   simsec/sec=2.97967   ev/simsec=8096.84
     Messages:  created: 895034   present: 2470   in FES: 135
** Event #1087232   t=127.315837474773   Elapsed: 40.1349s (0m 40s)  25% completed  (12% total)
     Speed:     ev/sec=30932.8   simsec/sec=3.8956   ev/simsec=7940.44
     Messages:  created: 951409   present: 3371   in FES: 122
** Event #1146880   t=135.031912065394   Elapsed: 42.1371s (0m 42s)  27% completed  (13% total)
     Speed:     ev/sec=29791.1   simsec/sec=3.85379   ev/simsec=7730.36
     Messages:  created: 1005613   present: 4391   in FES: 151
** Event #1213184   t=143.545920641266   Elapsed: 44.1387s (0m 44s)  28% completed  (14% total)
     Speed:     ev/sec=33126.3   simsec/sec=4.2537   ev/simsec=7787.64
     Messages:  created: 1065836   present: 5328   in FES: 124
** Event #1281536   t=152.272316399962   Elapsed: 46.1403s (0m 46s)  30% completed  (15% total)
     Speed:     ev/sec=34147.2   simsec/sec=4.35952   ev/simsec=7832.79
     Messages:  created: 1128002   present: 6364   in FES: 122
** Event #1342464   t=160.062739370875   Elapsed: 48.1423s (0m 48s)  32% completed  (16% total)
     Speed:     ev/sec=30433.9   simsec/sec=3.89136   ev/simsec=7820.88
     Messages:  created: 1183449   present: 7394   in FES: 152
** Event #1404416   t=168.056168737812   Elapsed: 50.1475s (0m 50s)  33% completed  (16% total)
     Speed:     ev/sec=30896.3   simsec/sec=3.98644   ev/simsec=7750.37
     Messages:  created: 1239718   present: 8335   in FES: 154
** Event #1469696   t=176.541173328878   Elapsed: 52.1536s (0m 52s)  35% completed  (17% total)
     Speed:     ev/sec=32541.3   simsec/sec=4.22967   ev/simsec=7693.57
     Messages:  created: 1298947   present: 9291   in FES: 123
** Event #1520128   t=182.323525520352   Elapsed: 54.1544s (0m 54s)  36% completed  (18% total)
     Speed:     ev/sec=25205.8   simsec/sec=2.89001   ev/simsec=8721.71
     Messages:  created: 1342266   present: 9972   in FES: 122
** Event #1566720   t=187.517828060277   Elapsed: 56.1708s (0m 56s)  37% completed  (18% total)
     Speed:     ev/sec=23106.6   simsec/sec=2.57603   ev/simsec=8969.83
     Messages:  created: 1381276   present: 10686   in FES: 153
** Event #1604352   t=191.527895155158   Elapsed: 58.1845s (0m 58s)  38% completed  (19% total)
     Speed:     ev/sec=18687.4   simsec/sec=1.99133   ev/simsec=9384.38
     Messages:  created: 1412751   present: 11079   in FES: 123
** Event #1642496   t=195.539562624734   Elapsed: 60.1921s (1m 00s)  39% completed  (19% total)
     Speed:     ev/sec=18999.7   simsec/sec=1.99823   ev/simsec=9508.27
     Messages:  created: 1444264   present: 11646   in FES: 151
** Event #1684992   t=200.046158017219   Elapsed: 62.1978s (1m 02s)  40% completed  (20% total)
     Speed:     ev/sec=21187.7   simsec/sec=2.24691   ev/simsec=9429.73
     Messages:  created: 1479569   present: 12185   in FES: 151
** Event #1729280   t=204.604977902179   Elapsed: 64.2044s (1m 04s)  40% completed  (20% total)
     Speed:     ev/sec=22071   simsec/sec=2.27189   ev/simsec=9714.79
     Messages:  created: 1516392   present: 12646   in FES: 123
** Event #1774592   t=209.575246421091   Elapsed: 66.2216s (1m 06s)  41% completed  (20% total)
     Speed:     ev/sec=22463.4   simsec/sec=2.46401   ev/simsec=9116.61
     Messages:  created: 1553885   present: 13255   in FES: 124
** Event #1822464   t=214.592949992751   Elapsed: 68.2402s (1m 08s)  42% completed  (21% total)
     Speed:     ev/sec=23715.5   simsec/sec=2.48574   ev/simsec=9540.62
     Messages:  created: 1593789   present: 13922   in FES: 154
** Event #1869056   t=219.59124736149   Elapsed: 70.2412s (1m 10s)  43% completed  (21% total)
     Speed:     ev/sec=23284.2   simsec/sec=2.49789   ev/simsec=9321.57
     Messages:  created: 1632431   present: 14511   in FES: 143
** Event #1914368   t=224.570380856748   Elapsed: 72.2588s (1m 12s)  44% completed  (22% total)
     Speed:     ev/sec=22458.7   simsec/sec=2.46788   ev/simsec=9100.38
     Messages:  created: 1669924   present: 15118   in FES: 145
** Event #1959168   t=229.51883518599   Elapsed: 74.2624s (1m 14s)  45% completed  (22% total)
     Speed:     ev/sec=22359.5   simsec/sec=2.46975   ev/simsec=9053.33
     Messages:  created: 1707055   present: 15724   in FES: 170
** Event #2006016   t=234.521890100861   Elapsed: 76.2638s (1m 16s)  46% completed  (23% total)
     Speed:     ev/sec=23407   simsec/sec=2.49971   ev/simsec=9363.88
     Messages:  created: 1745977   present: 16356   in FES: 182
** Event #2046208   t=238.589107293735   Elapsed: 78.2699s (1m 18s)  47% completed  (23% total)
     Speed:     ev/sec=20035.1   simsec/sec=2.02744   ev/simsec=9881.94
     Messages:  created: 1779467   present: 1594   in FES: 149
** Event #2093056   t=243.589302661072   Elapsed: 80.2824s (1m 20s)  48% completed  (24% total)
     Speed:     ev/sec=23278.7   simsec/sec=2.48459   ev/simsec=9369.23
     Messages:  created: 1818325   present: 2177   in FES: 142
** Event #2140416   t=248.702277949546   Elapsed: 82.2882s (1m 22s)  49% completed  (24% total)
     Speed:     ev/sec=23611.1   simsec/sec=2.54905   ev/simsec=9262.71
     Messages:  created: 1857464   present: 2727   in FES: 123
** Event #2185984   t=253.578200145835   Elapsed: 84.2981s (1m 24s)  50% completed  (25% total)
     Speed:     ev/sec=22672.2   simsec/sec=2.426   ev/simsec=9345.51
     Messages:  created: 1895190   present: 3550   in FES: 216
** Event #2229248   t=258.083951761468   Elapsed: 86.3005s (1m 26s)  51% completed  (25% total)
     Speed:     ev/sec=21606.5   simsec/sec=2.25022   ev/simsec=9601.95
     Messages:  created: 1930832   present: 3950   in FES: 154
** Event #2271744   t=262.604977975339   Elapsed: 88.3041s (1m 28s)  52% completed  (26% total)
     Speed:     ev/sec=21209.1   simsec/sec=2.25638   ev/simsec=9399.64
     Messages:  created: 1965849   present: 4463   in FES: 154
** Event #2320896   t=268.03297495646   Elapsed: 90.306s (1m 30s)  53% completed  (26% total)
     Speed:     ev/sec=24553.2   simsec/sec=2.71148   ev/simsec=9055.27
     Messages:  created: 2006172   present: 5109   in FES: 139
** Event #2369792   t=273.067941244073   Elapsed: 92.3086s (1m 32s)  54% completed  (27% total)
     Speed:     ev/sec=24415.6   simsec/sec=2.51414   ev/simsec=9711.29
     Messages:  created: 2046502   present: 5728   in FES: 154
** Event #2411264   t=277.570505202574   Elapsed: 94.32s (1m 34s)  55% completed  (27% total)
     Speed:     ev/sec=20619.4   simsec/sec=2.23862   ev/simsec=9210.75
     Messages:  created: 2080574   present: 6279   in FES: 149
** Event #2456832   t=282.521890044735   Elapsed: 96.3241s (1m 36s)  56% completed  (28% total)
     Speed:     ev/sec=22736.8   simsec/sec=2.47056   ev/simsec=9203.08
     Messages:  created: 2117857   present: 6881   in FES: 154
** Event #2497280   t=286.57534852261   Elapsed: 98.3253s (1m 38s)  57% completed  (28% total)
     Speed:     ev/sec=20211.6   simsec/sec=2.02549   ev/simsec=9978.64
     Messages:  created: 2150788   present: 7349   in FES: 145
** Event #2543616   t=291.539562777669   Elapsed: 100.326s (1m 40s)  58% completed  (29% total)
     Speed:     ev/sec=23155.4   simsec/sec=2.48076   ev/simsec=9334
     Messages:  created: 2188426   present: 7944   in FES: 148
** Event #2583808   t=295.578432103979   Elapsed: 102.343s (1m 42s)  59% completed  (29% total)
     Speed:     ev/sec=19934   simsec/sec=2.00315   ev/simsec=9951.3
     Messages:  created: 2221177   present: 8433   in FES: 154
** Event #2625536   t=300.046157967608   Elapsed: 104.343s (1m 44s)  60% completed  (30% total)
     Speed:     ev/sec=20855.6   simsec/sec=2.23297   ev/simsec=9339.87
     Messages:  created: 2255045   present: 8980   in FES: 153
** Event #2667264   t=304.518734440209   Elapsed: 106.344s (1m 46s)  60% completed  (30% total)
     Speed:     ev/sec=20858.4   simsec/sec=2.23569   ev/simsec=9329.75
     Messages:  created: 2288962   present: 9514   in FES: 154
** Event #2709248   t=308.593051954714   Elapsed: 108.365s (1m 48s)  61% completed  (30% total)
     Speed:     ev/sec=20776.1   simsec/sec=2.01621   ev/simsec=10304.5
     Messages:  created: 2323180   present: 9984   in FES: 144
** Event #2751488   t=313.065132758091   Elapsed: 110.37s (1m 50s)  62% completed  (31% total)
     Speed:     ev/sec=21069   simsec/sec=2.23064   ev/simsec=9445.27
     Messages:  created: 2357509   present: 10518   in FES: 143
** Event #2794752   t=317.586764641642   Elapsed: 112.388s (1m 52s)  63% completed  (31% total)
     Speed:     ev/sec=21437   simsec/sec=2.24044   ev/simsec=9568.23
     Messages:  created: 2392699   present: 11075   in FES: 154
** Event #2835968   t=322.039487177099   Elapsed: 114.395s (1m 54s)  64% completed  (32% total)
     Speed:     ev/sec=20536.7   simsec/sec=2.21866   ev/simsec=9256.36
     Messages:  created: 2426157   present: 11627   in FES: 154
** Event #2877696   t=326.517890287102   Elapsed: 116.399s (1m 56s)  65% completed  (32% total)
     Speed:     ev/sec=20818   simsec/sec=2.23427   ev/simsec=9317.61
     Messages:  created: 2460087   present: 12221   in FES: 174
** Event #2921728   t=331.039538677078   Elapsed: 118.402s (1m 58s)  66% completed  (33% total)
     Speed:     ev/sec=21990.4   simsec/sec=2.2582   ev/simsec=9738.04
     Messages:  created: 2496130   present: 12660   in FES: 138
** Event #2969600   t=336.055745455291   Elapsed: 120.406s (2m 00s)  67% completed  (33% total)
     Speed:     ev/sec=23877.5   simsec/sec=2.50197   ev/simsec=9543.47
     Messages:  created: 2535591   present: 13297   in FES: 154
** Event #3008512   t=340.077198537895   Elapsed: 122.41s (2m 02s)  68% completed  (34% total)
     Speed:     ev/sec=19418.3   simsec/sec=2.00683   ev/simsec=9676.1
     Messages:  created: 2567700   present: 13787   in FES: 153
** Event #3051264   t=344.640355532523   Elapsed: 124.418s (2m 04s)  68% completed  (34% total)
     Speed:     ev/sec=21297.2   simsec/sec=2.27317   ev/simsec=9368.95
     Messages:  created: 2602896   present: 14239   in FES: 122
** Event #3101696   t=350.06317950642   Elapsed: 126.425s (2m 06s)  70% completed  (35% total)
     Speed:     ev/sec=25128.4   simsec/sec=2.702   ev/simsec=9299.95
     Messages:  created: 2644543   present: 14964   in FES: 145
** Event #3146240   t=355.026417448435   Elapsed: 128.426s (2m 08s)  71% completed  (35% total)
     Speed:     ev/sec=22251.7   simsec/sec=2.47935   ev/simsec=8974.79
     Messages:  created: 2681397   present: 15575   in FES: 170
** Event #3190016   t=359.572246430221   Elapsed: 130.439s (2m 10s)  71% completed  (35% total)
     Speed:     ev/sec=21747.1   simsec/sec=2.25829   ev/simsec=9629.93
     Messages:  created: 2717689   present: 16072   in FES: 154
** Event #3228928   t=363.593054376251   Elapsed: 132.44s (2m 12s)  72% completed  (36% total)
     Speed:     ev/sec=19450   simsec/sec=2.00978   ev/simsec=9677.66
     Messages:  created: 2750068   present: 1295   in FES: 127
** Event #3274240   t=368.572349383724   Elapsed: 134.448s (2m 14s)  73% completed  (36% total)
     Speed:     ev/sec=22571.1   simsec/sec=2.48032   ev/simsec=9100.08
     Messages:  created: 2787562   present: 1920   in FES: 136
** Event #3322112   t=373.591249272628   Elapsed: 136.455s (2m 16s)  74% completed  (37% total)
     Speed:     ev/sec=23844.8   simsec/sec=2.49989   ev/simsec=9538.35
     Messages:  created: 2827395   present: 2480   in FES: 123
** Event #3367936   t=378.578210326094   Elapsed: 138.459s (2m 18s)  75% completed  (37% total)
     Speed:     ev/sec=22869.4   simsec/sec=2.48885   ev/simsec=9188.76
     Messages:  created: 2865458   present: 3337   in FES: 207
** Event #3411712   t=383.509748499502   Elapsed: 140.475s (2m 20s)  76% completed  (38% total)
     Speed:     ev/sec=21710.7   simsec/sec=2.4458   ev/simsec=8876.74
     Messages:  created: 2901580   present: 3747   in FES: 151
** Event #3471104   t=386.579302102565   Elapsed: 142.483s (2m 22s)  77% completed  (38% total)
     Speed:     ev/sec=29575.3   simsec/sec=1.52854   ev/simsec=19348.7
     Messages:  created: 2965494   present: 4056   in FES: 152
** Event #3531520   t=388.235535170195   Elapsed: 144.488s (2m 24s)  77% completed  (38% total)
     Speed:     ev/sec=30141.6   simsec/sec=0.826297   ev/simsec=36478
     Messages:  created: 3038514   present: 4096   in FES: 143
** Event #3596032   t=390.033938755795   Elapsed: 146.492s (2m 26s)  78% completed  (39% total)
     Speed:     ev/sec=32195.3   simsec/sec=0.897509   ev/simsec=35871.8
     Messages:  created: 3116965   present: 4146   in FES: 143
** Event #3656960   t=391.768733054746   Elapsed: 148.495s (2m 28s)  78% completed  (39% total)
     Speed:     ev/sec=30413.9   simsec/sec=0.865972   ev/simsec=35121.2
     Messages:  created: 3190026   present: 4265   in FES: 156
** Event #3715840   t=393.517960091775   Elapsed: 150.497s (2m 30s)  78% completed  (39% total)
     Speed:     ev/sec=29408.8   simsec/sec=0.873687   ev/simsec=33660.6
     Messages:  created: 3261289   present: 4352   in FES: 152
** Event #3775744   t=395.17286585607   Elapsed: 152.5s (2m 32s)  79% completed  (39% total)
     Speed:     ev/sec=29907.6   simsec/sec=0.826226   ev/simsec=36197.8
     Messages:  created: 3332880   present: 4404   in FES: 154
** Event #3838720   t=397.066608562339   Elapsed: 154.504s (2m 34s)  79% completed  (39% total)
     Speed:     ev/sec=31420.7   simsec/sec=0.944847   ev/simsec=33254.8
     Messages:  created: 3408231   present: 4524   in FES: 158
** Event #3895808   t=398.851147679   Elapsed: 156.507s (2m 36s)  79% completed  (39% total)
     Speed:     ev/sec=28508.2   simsec/sec=0.891151   ev/simsec=31990.3
     Messages:  created: 3477056   present: 4597   in FES: 154
** Event #3953664   t=400.571388678438   Elapsed: 158.508s (2m 38s)  80% completed  (40% total)
     Speed:     ev/sec=28913.3   simsec/sec=0.859684   ev/simsec=33632.5
     Messages:  created: 3545887   present: 4601   in FES: 125
** Event #4012288   t=402.450718804041   Elapsed: 160.509s (2m 40s)  80% completed  (40% total)
     Speed:     ev/sec=29293.5   simsec/sec=0.939071   ev/simsec=31194.1
     Messages:  created: 3616407   present: 4753   in FES: 162
** Event #4073728   t=404.291173645349   Elapsed: 162.511s (2m 42s)  80% completed  (40% total)
     Speed:     ev/sec=30688.3   simsec/sec=0.919277   ev/simsec=33383.1
     Messages:  created: 3689675   present: 4820   in FES: 154
** Event #4133120   t=406.116425653075   Elapsed: 164.517s (2m 44s)  81% completed  (40% total)
     Speed:     ev/sec=29607.9   simsec/sec=0.909919   ev/simsec=32539.1
     Messages:  created: 3760006   present: 4856   in FES: 156
** Event #4193536   t=408.062740400307   Elapsed: 166.521s (2m 46s)  81% completed  (40% total)
     Speed:     ev/sec=30156.4   simsec/sec=0.971494   ev/simsec=31041.2
     Messages:  created: 3832389   present: 4967   in FES: 144
** Event #4248832   t=409.85125528391   Elapsed: 168.523s (2m 48s)  81% completed  (40% total)
     Speed:     ev/sec=27619.1   simsec/sec=0.893324   ev/simsec=30917.3
     Messages:  created: 3898831   present: 5016   in FES: 132
** Event #4304640   t=411.578215415261   Elapsed: 170.534s (2m 50s)  82% completed  (41% total)
     Speed:     ev/sec=27752.9   simsec/sec=0.858804   ev/simsec=32315.7
     Messages:  created: 3964912   present: 5081   in FES: 127
** Event #4365568   t=413.533110034266   Elapsed: 172.535s (2m 52s)  82% completed  (41% total)
     Speed:     ev/sec=30434   simsec/sec=0.976485   ev/simsec=31166.9
     Messages:  created: 4037630   present: 5244   in FES: 154
** Event #4414720   t=415.034476093477   Elapsed: 174.538s (2m 54s)  83% completed  (41% total)
     Speed:     ev/sec=24541.5   simsec/sec=0.74963   ev/simsec=32738.2
     Messages:  created: 4095174   present: 5326   in FES: 152
** Event #4461568   t=416.518065027328   Elapsed: 176.55s (2m 56s)  83% completed  (41% total)
     Speed:     ev/sec=23293.3   simsec/sec=0.737654   ev/simsec=31577.5
     Messages:  created: 4149289   present: 5322   in FES: 140
** Event #4501504   t=417.567466360974   Elapsed: 178.559s (2m 58s)  83% completed  (41% total)
     Speed:     ev/sec=19873.5   simsec/sec=0.522217   ev/simsec=38056
     Messages:  created: 4194521   present: 5400   in FES: 144
** Event #4545024   t=418.95068794251   Elapsed: 180.559s (3m 00s)  83% completed  (41% total)
     Speed:     ev/sec=21758.7   simsec/sec=0.691569   ev/simsec=31462.8
     Messages:  created: 4245254   present: 5479   in FES: 174
** Event #4594176   t=420.316337309235   Elapsed: 182.566s (3m 02s)  84% completed  (42% total)
     Speed:     ev/sec=24486.6   simsec/sec=0.680341   ev/simsec=35991.7
     Messages:  created: 4300866   present: 5521   in FES: 174
** Event #4638208   t=421.569637542993   Elapsed: 184.571s (3m 04s)  84% completed  (42% total)
     Speed:     ev/sec=21965.5   simsec/sec=0.625212   ev/simsec=35132.8
     Messages:  created: 4350994   present: 5559   in FES: 134
** Event #4687360   t=423.049848177512   Elapsed: 186.573s (3m 06s)  84% completed  (42% total)
     Speed:     ev/sec=24550.2   simsec/sec=0.739328   ev/simsec=33206.1
     Messages:  created: 4407596   present: 5640   in FES: 147
** Event #4738048   t=424.564279863225   Elapsed: 188.579s (3m 08s)  84% completed  (42% total)
     Speed:     ev/sec=25271.7   simsec/sec=0.755055   ev/simsec=33470
     Messages:  created: 4465985   present: 5769   in FES: 185
** Event #4782848   t=425.968873202206   Elapsed: 190.583s (3m 10s)  85% completed  (42% total)
     Speed:     ev/sec=22348.3   simsec/sec=0.700676   ev/simsec=31895.4
     Messages:  created: 4517832   present: 5777   in FES: 155
** Event #4832512   t=427.2006849927   Elapsed: 192.584s (3m 12s)  85% completed  (42% total)
     Speed:     ev/sec=24823.2   simsec/sec=0.615689   ev/simsec=40317.8
     Messages:  created: 4574163   present: 5802   in FES: 177
** Event #4876288   t=428.272316399962   Elapsed: 194.592s (3m 14s)  85% completed  (42% total)
     Speed:     ev/sec=21803.2   simsec/sec=0.53374   ev/simsec=40849.9
     Messages:  created: 4625038   present: 5830   in FES: 154
** Event #4920064   t=429.158173465342   Elapsed: 196.598s (3m 16s)  85% completed  (42% total)
     Speed:     ev/sec=21826.5   simsec/sec=0.441685   ev/simsec=49416.6
     Messages:  created: 4675617   present: 5877   in FES: 155
** Event #4962560   t=430.026043964519   Elapsed: 198.598s (3m 18s)  86% completed  (43% total)
     Speed:     ev/sec=21248   simsec/sec=0.433935   ev/simsec=48965.8
     Messages:  created: 4728452   present: 5886   in FES: 155
** Event #5002496   t=430.647982142417   Elapsed: 200.599s (3m 20s)  86% completed  (43% total)
     Speed:     ev/sec=19954.8   simsec/sec=0.310764   ev/simsec=64212.2
     Messages:  created: 4774574   present: 5846   in FES: 138
** Event #5052416   t=431.567179402312   Elapsed: 202.617s (3m 22s)  86% completed  (43% total)
     Speed:     ev/sec=24736.3   simsec/sec=0.455479   ev/simsec=54308.3
     Messages:  created: 4834735   present: 5886   in FES: 154
** Event #5104384   t=432.525245981714   Elapsed: 204.657s (3m 24s)  86% completed  (43% total)
     Speed:     ev/sec=25479.8   simsec/sec=0.469738   ev/simsec=54242.6
     Messages:  created: 4896813   present: 5892   in FES: 154
** Event #5146880   t=433.20227807546   Elapsed: 206.658s (3m 26s)  86% completed  (43% total)
     Speed:     ev/sec=21231   simsec/sec=0.338245   ev/simsec=62768.1
     Messages:  created: 4945856   present: 5865   in FES: 154
** Event #5190400   t=434.026393040226   Elapsed: 208.66s (3m 28s)  86% completed  (43% total)
     Speed:     ev/sec=21740.3   simsec/sec=0.411684   ev/simsec=52808.2
     Messages:  created: 4999257   present: 5872   in FES: 144
** Event #5236224   t=434.786696713223   Elapsed: 210.669s (3m 30s)  86% completed  (43% total)
     Speed:     ev/sec=22810.4   simsec/sec=0.378467   ev/simsec=60270.7
     Messages:  created: 5053115   present: 5852   in FES: 138
** Event #5283072   t=435.577856412141   Elapsed: 212.679s (3m 32s)  87% completed  (43% total)
     Speed:     ev/sec=23306.8   simsec/sec=0.393601   ev/simsec=59214.3
     Messages:  created: 5108025   present: 5884   in FES: 150
** Event #5335296   t=436.53359553166   Elapsed: 214.684s (3m 34s)  87% completed  (43% total)
     Speed:     ev/sec=26042.5   simsec/sec=0.476598   ev/simsec=54642.5
     Messages:  created: 5171258   present: 5912   in FES: 173
** Event #5378048   t=437.227388493154   Elapsed: 216.687s (3m 36s)  87% completed  (43% total)
     Speed:     ev/sec=21348.8   simsec/sec=0.346456   ev/simsec=61620.7
     Messages:  created: 5220763   present: 5877   in FES: 154
** Event #5429248   t=438.088883654027   Elapsed: 218.695s (3m 38s)  87% completed  (43% total)
     Speed:     ev/sec=25495.9   simsec/sec=0.428995   ev/simsec=59431.6
     Messages:  created: 5281175   present: 5870   in FES: 185
** Event #5470720   t=438.866952878065   Elapsed: 220.7s (3m 40s)  87% completed  (43% total)
     Speed:     ev/sec=20685.2   simsec/sec=0.388082   ev/simsec=53301.2
     Messages:  created: 5332367   present: 5792   in FES: 155
** Event #5515008   t=439.58012782022   Elapsed: 222.734s (3m 42s)  87% completed  (43% total)
     Speed:     ev/sec=21775   simsec/sec=0.350646   ev/simsec=62099.8
     Messages:  created: 5383540   present: 5812   in FES: 128
** Event #5566720   t=440.53612316904   Elapsed: 224.735s (3m 44s)  88% completed  (44% total)
     Speed:     ev/sec=25846.5   simsec/sec=0.477821   ev/simsec=54092.3
     Messages:  created: 5446437   present: 5891   in FES: 184
** Event #5608960   t=441.23610777898   Elapsed: 226.739s (3m 46s)  88% completed  (44% total)
     Speed:     ev/sec=21068.4   simsec/sec=0.349137   ev/simsec=60344.2
     Messages:  created: 5495286   present: 5828   in FES: 155
** Event #5648640   t=442.00673378385   Elapsed: 228.741s (3m 48s)  88% completed  (44% total)
     Speed:     ev/sec=19824.5   simsec/sec=0.385013   ev/simsec=51490.6
     Messages:  created: 5543975   present: 5864   in FES: 154
** Event #5692416   t=442.702501432254   Elapsed: 230.745s (3m 50s)  88% completed  (44% total)
     Speed:     ev/sec=21849.8   simsec/sec=0.347276   ev/simsec=62917.6
     Messages:  created: 5594402   present: 5819   in FES: 155
** Event #5741568   t=443.567957132856   Elapsed: 232.751s (3m 52s)  88% completed  (44% total)
     Speed:     ev/sec=24498.8   simsec/sec=0.431368   ev/simsec=56793.2
     Messages:  created: 5653499   present: 5874   in FES: 154
** Event #5788928   t=444.141360802921   Elapsed: 234.759s (3m 54s)  88% completed  (44% total)
     Speed:     ev/sec=23579.5   simsec/sec=0.285485   ev/simsec=82594.5
     Messages:  created: 5709218   present: 5857   in FES: 142
** Event #5838336   t=444.574786778442   Elapsed: 236.767s (3m 56s)  88% completed  (44% total)
     Speed:     ev/sec=24615.5   simsec/sec=0.215936   ev/simsec=113994
     Messages:  created: 5772499   present: 5829   in FES: 123
** Event #5898496   t=445.287643675562   Elapsed: 238.772s (3m 58s)  89% completed  (44% total)
     Speed:     ev/sec=29991.2   simsec/sec=0.355376   ev/simsec=84392.8
     Messages:  created: 5845568   present: 5900   in FES: 154
** Event #5942272   t=445.791173328878   Elapsed: 240.773s (4m 00s)  89% completed  (44% total)
     Speed:     ev/sec=21882.8   simsec/sec=0.251705   ev/simsec=86938.3
     Messages:  created: 5898215   present: 5815   in FES: 134
** Event #5990912   t=446.694810438096   Elapsed: 242.775s (4m 02s)  89% completed  (44% total)
     Speed:     ev/sec=24299.9   simsec/sec=0.451446   ev/simsec=53826.9
     Messages:  created: 5955359   present: 5867   in FES: 145
** Event #6062848   t=447.434962163932   Elapsed: 244.777s (4m 04s)  89% completed  (44% total)
     Speed:     ev/sec=35916.7   simsec/sec=0.369549   ev/simsec=97190.9
     Messages:  created: 6051476   present: 6051   in FES: 163
** Event #6107392   t=449.047057313861   Elapsed: 246.782s (4m 06s)  89% completed  (44% total)
     Speed:     ev/sec=22227   simsec/sec=0.804419   ev/simsec=27631.1
     Messages:  created: 6103053   present: 6164   in FES: 150
** Event #6144512   t=452.589220879839   Elapsed: 248.786s (4m 08s)  90% completed  (45% total)
     Speed:     ev/sec=18519.5   simsec/sec=1.76722   ev/simsec=10479.5
     Messages:  created: 6132781   present: 6561   in FES: 141
** Event #6181888   t=456.543590322164   Elapsed: 250.787s (4m 10s)  91% completed  (45% total)
     Speed:     ev/sec=18678.3   simsec/sec=1.97616   ev/simsec=9451.82
     Messages:  created: 6162483   present: 7075   in FES: 153
** Event #6217728   t=460.051217573129   Elapsed: 252.798s (4m 12s)  92% completed  (46% total)
     Speed:     ev/sec=17821.6   simsec/sec=1.74418   ev/simsec=10217.7
     Messages:  created: 6191028   present: 7466   in FES: 144
** Event #6253824   t=463.577237685375   Elapsed: 254.814s (4m 14s)  92% completed  (46% total)
     Speed:     ev/sec=17906.3   simsec/sec=1.74917   ev/simsec=10237
     Messages:  created: 6219804   present: 7854   in FES: 131
** Event #6291200   t=467.53692605856   Elapsed: 256.831s (4m 16s)  93% completed  (46% total)
     Speed:     ev/sec=18526.9   simsec/sec=1.96278   ev/simsec=9439.13
     Messages:  created: 6249593   present: 8400   in FES: 154
** Event #6325248   t=471.019867602432   Elapsed: 258.838s (4m 18s)  94% completed  (47% total)
     Speed:     ev/sec=16969.1   simsec/sec=1.73586   ev/simsec=9775.64
     Messages:  created: 6276695   present: 8794   in FES: 150
** Event #6363904   t=474.59987354297   Elapsed: 260.841s (4m 20s)  94% completed  (47% total)
     Speed:     ev/sec=19298.1   simsec/sec=1.78724   ev/simsec=10797.7
     Messages:  created: 6307688   present: 9161   in FES: 128
** Event #6405376   t=479.563170429179   Elapsed: 262.844s (4m 22s)  95% completed  (47% total)
     Speed:     ev/sec=20707.1   simsec/sec=2.47819   ev/simsec=8355.74
     Messages:  created: 6343390   present: 9827   in FES: 155
** Event #6464256   t=485.541441009742   Elapsed: 264.849s (4m 24s)  97% completed  (48% total)
     Speed:     ev/sec=29363.1   simsec/sec=2.98132   ev/simsec=9849
     Messages:  created: 6402312   present: 10583   in FES: 181
** Event #6521344   t=493.006737905783   Elapsed: 266.857s (4m 26s)  98% completed  (49% total)
     Speed:     ev/sec=28432.9   simsec/sec=3.71812   ev/simsec=7647.12
     Messages:  created: 6454127   present: 1650   in FES: 154
** Event #6575606   t=500   Elapsed: 268.557s (4m 28s)  100% completed  (50% total)
     Speed:     ev/sec=31911.2   simsec/sec=4.10411   ev/simsec=7775.42
     Messages:  created: 6503374   present: 2404   in FES: 122

<!> Simulation time limit reached -- at t=500s, event #6575606
undisposed object: (omnetpp::cMessage) FanetSarNetwork.groundStation.app.debugTimer -- check module destructor
undisposed object: (omnetpp::cMessage) FanetSarNetwork.uav[0].app.debugTimer -- check module destructor
undisposed object: (omnetpp::cMessage) FanetSarNetwork.uav[1].app.debugTimer -- check module destructor
undisposed object: (omnetpp::cMessage) FanetSarNetwork.uav[2].app.debugTimer -- check module destructor
undisposed object: (omnetpp::cMessage) FanetSarNetwork.uav[3].app.debugTimer -- check module destructor
undisposed object: (omnetpp::cMessage) FanetSarNetwork.uav[4].app.debugTimer -- check module destructor
undisposed object: (omnetpp::cMessage) FanetSarNetwork.uav[5].app.debugTimer -- check module destructor
undisposed object: (omnetpp::cMessage) FanetSarNetwork.uav[6].app.debugTimer -- check module destructor
undisposed object: (omnetpp::cMessage) FanetSarNetwork.uav[7].app.debugTimer -- check module destructor
undisposed object: (omnetpp::cMessage) FanetSarNetwork.uav[8].app.debugTimer -- check module destructor
undisposed object: (omnetpp::cMessage) FanetSarNetwork.uav[9].app.debugTimer -- check module destructor
undisposed object: (omnetpp::cMessage) FanetSarNetwork.uav[10].app.debugTimer -- check module destructor
undisposed object: (omnetpp::cMessage) FanetSarNetwork.uav[11].app.debugTimer -- check module destructor
undisposed object: (omnetpp::cMessage) FanetSarNetwork.uav[12].app.debugTimer -- check module destructor
undisposed object: (omnetpp::cMessage) FanetSarNetwork.uav[13].app.debugTimer -- check module destructor
undisposed object: (omnetpp::cMessage) FanetSarNetwork.uav[14].app.debugTimer -- check module destructor
undisposed object: (omnetpp::cMessage) FanetSarNetwork.uav[15].app.debugTimer -- check module destructor
undisposed object: (omnetpp::cMessage) FanetSarNetwork.uav[16].app.debugTimer -- check module destructor
undisposed object: (omnetpp::cMessage) FanetSarNetwork.uav[17].app.debugTimer -- check module destructor
undisposed object: (omnetpp::cMessage) FanetSarNetwork.uav[18].app.debugTimer -- check module destructor
undisposed object: (omnetpp::cMessage) FanetSarNetwork.uav[19].app.debugTimer -- check module destructor
undisposed object: (omnetpp::cMessage) FanetSarNetwork.uav[20].app.debugTimer -- check module destructor
undisposed object: (omnetpp::cMessage) FanetSarNetwork.uav[21].app.debugTimer -- check module destructor
undisposed object: (omnetpp::cMessage) FanetSarNetwork.uav[22].app.debugTimer -- check module destructor
undisposed object: (omnetpp::cMessage) FanetSarNetwork.uav[23].app.debugTimer -- check module destructor
undisposed object: (omnetpp::cMessage) FanetSarNetwork.uav[24].app.debugTimer -- check module destructor
undisposed object: (omnetpp::cMessage) FanetSarNetwork.uav[25].app.debugTimer -- check module destructor
undisposed object: (omnetpp::cMessage) FanetSarNetwork.uav[26].app.debugTimer -- check module destructor
undisposed object: (omnetpp::cMessage) FanetSarNetwork.uav[27].app.debugTimer -- check module destructor
undisposed object: (omnetpp::cMessage) FanetSarNetwork.uav[28].app.debugTimer -- check module destructor
undisposed object: (omnetpp::cMessage) FanetSarNetwork.uav[29].app.debugTimer -- check module destructor
