** Event #0   t=0   Elapsed: 2e-05s (0m 00s)  0% completed  (0% total)
     Speed:     ev/sec=0   simsec/sec=0   ev/simsec=0
     Messages:  created: 1178   present: 1178   in FES: 186
** Event #71424   t=8.607442418524   Elapsed: 2.01044s (0m 02s)  1% completed  (0% total)
     Speed:     ev/sec=35527.4   simsec/sec=4.28141   ev/simsec=8298.05
     Messages:  created: 66064   present: 1184   in FES: 143
** Event #137472   t=16.529780717549   Elapsed: 4.01305s (0m 04s)  3% completed  (1% total)
     Speed:     ev/sec=32980.9   simsec/sec=3.956   ev/simsec=8336.93
     Messages:  created: 122736   present: 1157   in FES: 136
** Event #192256   t=22.56111866323   Elapsed: 6.01307s (0m 06s)  4% completed  (2% total)
     Speed:     ev/sec=27391.7   simsec/sec=3.01564   ev/simsec=9083.23
     Messages:  created: 170146   present: 1193   in FES: 148
** Event #249344   t=29.570057896047   Elapsed: 8.01914s (0m 08s)  5% completed  (2% total)
     Speed:     ev/sec=28457.6   simsec/sec=3.49386   ev/simsec=8145.03
     Messages:  created: 221343   present: 1297   in FES: 179
** Event #311296   t=38.029664536068   Elapsed: 10.0221s (0m 10s)  7% completed  (3% total)
     Speed:     ev/sec=30930   simsec/sec=4.22352   ev/simsec=7323.27
     Messages:  created: 279302   present: 1203   in FES: 150
** Event #370176   t=45.544988735363   Elapsed: 12.0262s (0m 12s)  9% completed  (4% total)
     Speed:     ev/sec=29379.5   simsec/sec=3.74994   ev/simsec=7834.66
     Messages:  created: 333488   present: 1143   in FES: 126
** Event #422656   t=51.599736883826   Elapsed: 14.0276s (0m 14s)  10% completed  (5% total)
     Speed:     ev/sec=26221.6   simsec/sec=3.02525   ev/simsec=8667.58
     Messages:  created: 378956   present: 1160   in FES: 137
** Event #477952   t=58.065425470127   Elapsed: 16.0311s (0m 16s)  11% completed  (5% total)
     Speed:     ev/sec=27600.6   simsec/sec=3.2273   ev/simsec=8552.22
     Messages:  created: 427868   present: 1177   in FES: 138
** Event #535296   t=65.009727797634   Elapsed: 18.0317s (0m 18s)  13% completed  (6% total)
     Speed:     ev/sec=28663.2   simsec/sec=3.47109   ev/simsec=8257.7
     Messages:  created: 478408   present: 1151   in FES: 134
** Event #572672   t=68.568192613051   Elapsed: 20.0542s (0m 20s)  13% completed  (6% total)
     Speed:     ev/sec=18480.4   simsec/sec=1.75947   ev/simsec=10503.4
     Messages:  created: 508727   present: 1194   in FES: 154
** Event #608000   t=72.537563385683   Elapsed: 22.0645s (0m 22s)  14% completed  (7% total)
     Speed:     ev/sec=17573.4   simsec/sec=1.9745   ev/simsec=8900.15
     Messages:  created: 537958   present: 1201   in FES: 154
** Event #640768   t=75.601641688919   Elapsed: 24.0652s (0m 24s)  15% completed  (7% total)
     Speed:     ev/sec=16378.3   simsec/sec=1.53151   ev/simsec=10694.2
     Messages:  created: 564704   present: 1153   in FES: 134
** Event #689920   t=81.602440326477   Elapsed: 26.0714s (0m 26s)  16% completed  (8% total)
     Speed:     ev/sec=24499.8   simsec/sec=2.9911   ev/simsec=8190.91
     Messages:  created: 608270   present: 1206   in FES: 151
** Event #758784   t=91.035488390593   Elapsed: 28.0746s (0m 28s)  18% completed  (9% total)
     Speed:     ev/sec=34376.9   simsec/sec=4.70898   ev/simsec=7300.29
     Messages:  created: 673156   present: 1199   in FES: 148
** Event #821760   t=99.538592562044   Elapsed: 30.0774s (0m 30s)  19% completed  (9% total)
     Speed:     ev/sec=31444.3   simsec/sec=4.24565   ev/simsec=7406.24
     Messages:  created: 732767   present: 1127   in FES: 126
** Event #892928   t=101.634575079234   Elapsed: 32.0785s (0m 32s)  20% completed  (10% total)
     Speed:     ev/sec=35564.1   simsec/sec=1.04741   ev/simsec=33954.5
     Messages:  created: 822285   present: 1351   in FES: 185
** Event #952064   t=104.539780216429   Elapsed: 34.086s (0m 34s)  20% completed  (10% total)
     Speed:     ev/sec=29456.9   simsec/sec=1.44714   ev/simsec=20355.2
     Messages:  created: 889448   present: 1562   in FES: 155
** Event #1002752   t=107.593334270011   Elapsed: 36.097s (0m 36s)  21% completed  (10% total)
     Speed:     ev/sec=25205.5   simsec/sec=1.51843   ev/simsec=16599.7
     Messages:  created: 942647   present: 1842   in FES: 173
** Event #1056512   t=111.029406236729   Elapsed: 38.1s (0m 38s)  22% completed  (11% total)
     Speed:     ev/sec=26840.1   simsec/sec=1.71549   ev/simsec=15645.8
     Messages:  created: 1000008   present: 1448   in FES: 148
** Event #1115136   t=114.541674371138   Elapsed: 40.1061s (0m 40s)  22% completed  (11% total)
     Speed:     ev/sec=29223.4   simsec/sec=1.75082   ev/simsec=16691.2
     Messages:  created: 1061386   present: 1746   in FES: 154
** Event #1172480   t=118.17405692325   Elapsed: 42.1065s (0m 42s)  23% completed  (11% total)
     Speed:     ev/sec=28665.9   simsec/sec=1.81581   ev/simsec=15786.9
     Messages:  created: 1123255   present: 2025   in FES: 165
** Event #1233408   t=122.462969107914   Elapsed: 44.1132s (0m 44s)  24% completed  (12% total)
     Speed:     ev/sec=30362.6   simsec/sec=2.13732   ev/simsec=14205.9
     Messages:  created: 1191878   present: 2298   in FES: 128
** Event #1297408   t=126.269694972476   Elapsed: 46.1148s (0m 46s)  25% completed  (12% total)
     Speed:     ev/sec=31973.7   simsec/sec=1.9018   ev/simsec=16812.3
     Messages:  created: 1264917   present: 2666   in FES: 154
** Event #1367552   t=127.327604042157   Elapsed: 48.1214s (0m 48s)  25% completed  (12% total)
     Speed:     ev/sec=34957.4   simsec/sec=0.527226   ev/simsec=66304.4
     Messages:  created: 1358018   present: 2817   in FES: 154
** Event #1435904   t=128.599488608915   Elapsed: 50.1294s (0m 50s)  25% completed  (12% total)
     Speed:     ev/sec=34038.7   simsec/sec=0.633388   ev/simsec=53740.7
     Messages:  created: 1447914   present: 2894   in FES: 154
** Event #1491456   t=135.535588357154   Elapsed: 52.14s (0m 52s)  27% completed  (13% total)
     Speed:     ev/sec=27630.3   simsec/sec=3.44986   ev/simsec=8009.11
     Messages:  created: 1497272   present: 3745   in FES: 153
** Event #1537024   t=140.518699962373   Elapsed: 54.1426s (0m 54s)  28% completed  (14% total)
     Speed:     ev/sec=22753.7   simsec/sec=2.48824   ev/simsec=9144.49
     Messages:  created: 1535065   present: 4323   in FES: 154
** Event #1584640   t=146.029731409655   Elapsed: 56.1443s (0m 56s)  29% completed  (14% total)
     Speed:     ev/sec=23788.4   simsec/sec=2.75325   ev/simsec=8640.12
     Messages:  created: 1576239   present: 4914   in FES: 123
** Event #1642240   t=153.512721100939   Elapsed: 58.1469s (0m 58s)  30% completed  (15% total)
     Speed:     ev/sec=28762.9   simsec/sec=3.73668   ev/simsec=7697.46
     Messages:  created: 1628572   present: 5881   in FES: 149
** Event #1704960   t=161.535511247785   Elapsed: 60.1527s (1m 00s)  32% completed  (16% total)
     Speed:     ev/sec=31268.6   simsec/sec=3.9997   ev/simsec=7817.73
     Messages:  created: 1685627   present: 6849   in FES: 154
** Event #1767168   t=169.535588385149   Elapsed: 62.1596s (1m 02s)  33% completed  (16% total)
     Speed:     ev/sec=30996.4   simsec/sec=3.9862   ev/simsec=7775.93
     Messages:  created: 1742158   present: 7820   in FES: 152
** Event #1831680   t=177.599616337364   Elapsed: 64.1657s (1m 04s)  35% completed  (17% total)
     Speed:     ev/sec=32158.7   simsec/sec=4.01985   ev/simsec=7999.97
     Messages:  created: 1800863   present: 8767   in FES: 146
** Event #1895424   t=186.029560545862   Elapsed: 66.1677s (1m 06s)  37% completed  (18% total)
     Speed:     ev/sec=31840.6   simsec/sec=4.21082   ev/simsec=7561.62
     Messages:  created: 1858679   present: 9779   in FES: 146
** Event #1957120   t=193.605329970545   Elapsed: 68.1794s (1m 08s)  38% completed  (19% total)
     Speed:     ev/sec=30668.1   simsec/sec=3.7658   ev/simsec=8143.86
     Messages:  created: 1914569   present: 10685   in FES: 154
** Event #2004736   t=199.075117628998   Elapsed: 70.1822s (1m 10s)  39% completed  (19% total)
     Speed:     ev/sec=23774.6   simsec/sec=2.73105   ev/simsec=8705.27
     Messages:  created: 1954886   present: 11354   in FES: 148
** Event #2045440   t=203.282765606884   Elapsed: 72.1888s (1m 12s)  40% completed  (20% total)
     Speed:     ev/sec=20285.2   simsec/sec=2.09691   ev/simsec=9673.81
     Messages:  created: 1987638   present: 11777   in FES: 123
** Event #2071040   t=205.538797563241   Elapsed: 74.2002s (1m 14s)  41% completed  (20% total)
     Speed:     ev/sec=12727.6   simsec/sec=1.12164   ev/simsec=11347.4
     Messages:  created: 2006566   present: 12072   in FES: 126
** Event #2094848   t=207.530087230717   Elapsed: 76.2013s (1m 16s)  41% completed  (20% total)
     Speed:     ev/sec=11897.2   simsec/sec=0.99508   ev/simsec=11956.1
     Messages:  created: 2023671   present: 12365   in FES: 148
** Event #2114048   t=209.027754980162   Elapsed: 78.2056s (1m 18s)  41% completed  (20% total)
     Speed:     ev/sec=9579.48   simsec/sec=0.747233   ev/simsec=12819.9
     Messages:  created: 2037305   present: 12517   in FES: 140
** Event #2137088   t=210.542359824236   Elapsed: 80.2116s (1m 20s)  42% completed  (21% total)
     Speed:     ev/sec=11485.8   simsec/sec=0.755053   ev/simsec=15211.9
     Messages:  created: 2053607   present: 12767   in FES: 154
** Event #2161664   t=212.538233110218   Elapsed: 82.2124s (1m 22s)  42% completed  (21% total)
     Speed:     ev/sec=12282.8   simsec/sec=0.997511   ev/simsec=12313.4
     Messages:  created: 2071127   present: 12969   in FES: 154
** Event #2186496   t=214.538796825839   Elapsed: 84.2137s (1m 24s)  42% completed  (21% total)
     Speed:     ev/sec=12407.8   simsec/sec=0.999621   ev/simsec=12412.5
     Messages:  created: 2089268   present: 13199   in FES: 141
** Event #2211328   t=216.541425099706   Elapsed: 86.2253s (1m 26s)  43% completed  (21% total)
     Speed:     ev/sec=12344.7   simsec/sec=0.995565   ev/simsec=12399.7
     Messages:  created: 2107076   present: 13436   in FES: 140
** Event #2235392   t=218.538796772854   Elapsed: 88.2388s (1m 28s)  43% completed  (21% total)
     Speed:     ev/sec=11951.3   simsec/sec=0.991986   ev/simsec=12047.8
     Messages:  created: 2124118   present: 13668   in FES: 140
** Event #2255872   t=220.056096085369   Elapsed: 90.2454s (1m 30s)  44% completed  (22% total)
     Speed:     ev/sec=10206.3   simsec/sec=0.756156   ev/simsec=13497.7
     Messages:  created: 2138629   present: 13848   in FES: 141
** Event #2278656   t=221.600144855445   Elapsed: 92.2758s (1m 32s)  44% completed  (22% total)
     Speed:     ev/sec=11221.4   simsec/sec=0.760465   ev/simsec=14756
     Messages:  created: 2155106   present: 14060   in FES: 154
** Event #2303488   t=223.563004564252   Elapsed: 94.297s (1m 34s)  44% completed  (22% total)
     Speed:     ev/sec=12285.5   simsec/sec=0.971114   ev/simsec=12650.9
     Messages:  created: 2173166   present: 14283   in FES: 152
** Event #2328832   t=225.543620678632   Elapsed: 96.3356s (1m 36s)  45% completed  (22% total)
     Speed:     ev/sec=12432.3   simsec/sec=0.971572   ev/simsec=12796
     Messages:  created: 2191320   present: 14527   in FES: 148
** Event #2354432   t=227.542620097967   Elapsed: 98.3541s (1m 38s)  45% completed  (22% total)
     Speed:     ev/sec=12682.8   simsec/sec=0.990346   ev/simsec=12806.4
     Messages:  created: 2209598   present: 14807   in FES: 169
** Event #2380032   t=229.541621331171   Elapsed: 100.382s (1m 40s)  45% completed  (22% total)
     Speed:     ev/sec=12625.5   simsec/sec=0.985875   ev/simsec=12806.4
     Messages:  created: 2227798   present: 14982   in FES: 154
** Event #2406144   t=231.542382818729   Elapsed: 102.396s (1m 42s)  46% completed  (23% total)
     Speed:     ev/sec=12963   simsec/sec=0.993258   ev/simsec=13051
     Messages:  created: 2246402   present: 11100   in FES: 146
** Event #2432768   t=233.545490111503   Elapsed: 104.42s (1m 44s)  46% completed  (23% total)
     Speed:     ev/sec=13157.5   simsec/sec=0.989933   ev/simsec=13291.3
     Messages:  created: 2265607   present: 11620   in FES: 267
** Event #2456832   t=235.538797186453   Elapsed: 106.426s (1m 46s)  47% completed  (23% total)
     Speed:     ev/sec=11991.5   simsec/sec=0.993297   ev/simsec=12072.4
     Messages:  created: 2282519   present: 6002   in FES: 137
** Event #2480384   t=237.097416491382   Elapsed: 108.433s (1m 48s)  47% completed  (23% total)
     Speed:     ev/sec=11736.9   simsec/sec=0.776721   ev/simsec=15110.8
     Messages:  created: 2299477   present: 1658   in FES: 145
** Event #2501888   t=239.035489556458   Elapsed: 110.433s (1m 50s)  47% completed  (23% total)
     Speed:     ev/sec=10750.2   simsec/sec=0.968877   ev/simsec=11095.6
     Messages:  created: 2314751   present: 1854   in FES: 133
** Event #2525696   t=240.583445385453   Elapsed: 112.453s (1m 52s)  48% completed  (24% total)
     Speed:     ev/sec=11789.1   simsec/sec=0.766506   ev/simsec=15380.3
     Messages:  created: 2331881   present: 2063   in FES: 140
** Event #2555904   t=243.064846423222   Elapsed: 114.457s (1m 54s)  48% completed  (24% total)
     Speed:     ev/sec=15072.4   simsec/sec=1.2381   ev/simsec=12173.8
     Messages:  created: 2353177   present: 2316   in FES: 124
** Event #2582016   t=245.068259562529   Elapsed: 116.464s (1m 56s)  49% completed  (24% total)
     Speed:     ev/sec=13009.5   simsec/sec=0.998135   ev/simsec=13033.8
     Messages:  created: 2371833   present: 2621   in FES: 154
** Event #2604288   t=247.014252976482   Elapsed: 118.467s (1m 58s)  49% completed  (24% total)
     Speed:     ev/sec=11122.6   simsec/sec=0.971826   ev/simsec=11445.1
     Messages:  created: 2387702   present: 2808   in FES: 134
** Event #2629376   t=248.71269759885   Elapsed: 120.487s (2m 00s)  49% completed  (24% total)
     Speed:     ev/sec=12417.8   simsec/sec=0.840679   ev/simsec=14771.2
     Messages:  created: 2405653   present: 2974   in FES: 122
** Event #2653952   t=250.570315510743   Elapsed: 122.516s (2m 02s)  50% completed  (25% total)
     Speed:     ev/sec=12114.1   simsec/sec=0.915662   ev/simsec=13229.8
     Messages:  created: 2423137   present: 3285   in FES: 154
** Event #2680320   t=252.574445053288   Elapsed: 124.538s (2m 04s)  50% completed  (25% total)
     Speed:     ev/sec=13037.7   simsec/sec=0.990943   ev/simsec=13156.8
     Messages:  created: 2441989   present: 3628   in FES: 183
** Event #2705408   t=254.550621300314   Elapsed: 126.554s (2m 06s)  50% completed  (25% total)
     Speed:     ev/sec=12446.7   simsec/sec=0.980422   ev/simsec=12695.2
     Messages:  created: 2459754   present: 3721   in FES: 129
** Event #2730752   t=256.547620498563   Elapsed: 128.557s (2m 08s)  51% completed  (25% total)
     Speed:     ev/sec=12653.6   simsec/sec=0.99705   ev/simsec=12691
     Messages:  created: 2477846   present: 4013   in FES: 145
** Event #2756864   t=258.549620613289   Elapsed: 130.598s (2m 10s)  51% completed  (25% total)
     Speed:     ev/sec=12788.2   simsec/sec=0.980466   ev/simsec=13043
     Messages:  created: 2496436   present: 4243   in FES: 143
** Event #2781440   t=260.542022964682   Elapsed: 132.611s (2m 12s)  52% completed  (26% total)
     Speed:     ev/sec=12209.2   simsec/sec=0.98981   ev/simsec=12334.9
     Messages:  created: 2513693   present: 4429   in FES: 126
** Event #2806272   t=262.539366838407   Elapsed: 134.633s (2m 14s)  52% completed  (26% total)
     Speed:     ev/sec=12283.3   simsec/sec=0.988   ev/simsec=12432.5
     Messages:  created: 2531437   present: 4729   in FES: 154
** Event #2831872   t=264.537724436267   Elapsed: 136.635s (2m 16s)  52% completed  (26% total)
     Speed:     ev/sec=12789.5   simsec/sec=0.998362   ev/simsec=12810.5
     Messages:  created: 2549625   present: 4907   in FES: 130
** Event #2856704   t=266.533074369116   Elapsed: 138.65s (2m 18s)  53% completed  (26% total)
     Speed:     ev/sec=12321.5   simsec/sec=0.99008   ev/simsec=12444.9
     Messages:  created: 2567371   present: 5160   in FES: 137
** Event #2882048   t=268.533074307242   Elapsed: 140.669s (2m 20s)  53% completed  (26% total)
     Speed:     ev/sec=12553.5   simsec/sec=0.990648   ev/simsec=12672
     Messages:  created: 2585593   present: 5403   in FES: 138
** Event #2906880   t=270.534214251165   Elapsed: 142.685s (2m 22s)  54% completed  (27% total)
     Speed:     ev/sec=12317.3   simsec/sec=0.992613   ev/simsec=12408.9
     Messages:  created: 2603697   present: 5657   in FES: 142
** Event #2928896   t=272.085488530895   Elapsed: 144.685s (2m 24s)  54% completed  (27% total)
     Speed:     ev/sec=11007.7   simsec/sec=0.775619   ev/simsec=14192.2
     Messages:  created: 2619873   present: 5830   in FES: 139
** Event #2952704   t=274.092250612083   Elapsed: 146.689s (2m 26s)  54% completed  (27% total)
     Speed:     ev/sec=11881   simsec/sec=1.00144   ev/simsec=11863.9
     Messages:  created: 2637605   present: 6121   in FES: 154
** Event #2979072   t=276.580446636265   Elapsed: 148.715s (2m 28s)  55% completed  (27% total)
     Speed:     ev/sec=13014.4   simsec/sec=1.22809   ev/simsec=10597.2
     Messages:  created: 2657731   present: 6362   in FES: 131
** Event #3011328   t=280.030044450789   Elapsed: 150.716s (2m 30s)  56% completed  (28% total)
     Speed:     ev/sec=16120.3   simsec/sec=1.72397   ev/simsec=9350.66
     Messages:  created: 2683512   present: 6831   in FES: 153
** Event #3051776   t=284.072102779097   Elapsed: 152.718s (2m 32s)  56% completed  (28% total)
     Speed:     ev/sec=20202.9   simsec/sec=2.01892   ev/simsec=10006.8
     Messages:  created: 2716445   present: 7305   in FES: 148
** Event #3092480   t=288.532646278969   Elapsed: 154.738s (2m 34s)  57% completed  (28% total)
     Speed:     ev/sec=20153.4   simsec/sec=2.20851   ev/simsec=9125.35
     Messages:  created: 2749488   present: 7849   in FES: 153
** Event #3132672   t=292.572361864135   Elapsed: 156.745s (2m 36s)  58% completed  (29% total)
     Speed:     ev/sec=20019.6   simsec/sec=2.01218   ev/simsec=9949.22
     Messages:  created: 2782179   present: 8296   in FES: 139
** Event #3172864   t=296.635355642764   Elapsed: 158.753s (2m 38s)  59% completed  (29% total)
     Speed:     ev/sec=20014.5   simsec/sec=2.02326   ev/simsec=9892.21
     Messages:  created: 2814931   present: 8728   in FES: 123
** Event #3219200   t=301.576037918323   Elapsed: 160.759s (2m 40s)  60% completed  (30% total)
     Speed:     ev/sec=23101.9   simsec/sec=2.46329   ev/simsec=9378.46
     Messages:  created: 2852603   present: 9398   in FES: 145
** Event #3260416   t=306.040961014988   Elapsed: 162.759s (2m 42s)  61% completed  (30% total)
     Speed:     ev/sec=20606.6   simsec/sec=2.23231   ev/simsec=9231.07
     Messages:  created: 2886177   present: 9923   in FES: 144
** Event #3303424   t=310.562093758452   Elapsed: 164.76s (2m 44s)  62% completed  (31% total)
     Speed:     ev/sec=21492.4   simsec/sec=2.25935   ev/simsec=9512.66
     Messages:  created: 2921545   present: 10587   in FES: 184
** Event #3358720   t=317.515353806724   Elapsed: 166.775s (2m 46s)  63% completed  (31% total)
     Speed:     ev/sec=27451   simsec/sec=3.45186   ev/simsec=7952.53
     Messages:  created: 2970814   present: 11245   in FES: 125
** Event #3402496   t=322.060067408518   Elapsed: 168.784s (2m 48s)  64% completed  (32% total)
     Speed:     ev/sec=21783.8   simsec/sec=2.26153   ev/simsec=9632.29
     Messages:  created: 3007392   present: 11858   in FES: 146
** Event #3432192   t=324.566198901735   Elapsed: 170.818s (2m 50s)  64% completed  (32% total)
     Speed:     ev/sec=14600   simsec/sec=1.23214   ev/simsec=11849.3
     Messages:  created: 3030218   present: 12161   in FES: 149
** Event #3455744   t=326.540537658632   Elapsed: 172.854s (2m 52s)  65% completed  (32% total)
     Speed:     ev/sec=11570.2   simsec/sec=0.969917   ev/simsec=11929.1
     Messages:  created: 3046935   present: 12403   in FES: 144
** Event #3480576   t=328.536692100632   Elapsed: 174.895s (2m 54s)  65% completed  (32% total)
     Speed:     ev/sec=12162.8   simsec/sec=0.977724   ev/simsec=12439.9
     Messages:  created: 3064811   present: 12631   in FES: 142
** Event #3506944   t=330.538787865381   Elapsed: 176.918s (2m 56s)  66% completed  (33% total)
     Speed:     ev/sec=13038.9   simsec/sec=0.990032   ev/simsec=13170.2
     Messages:  created: 3083669   present: 12879   in FES: 144
** Event #3531776   t=332.533562072471   Elapsed: 178.92s (2m 58s)  66% completed  (33% total)
     Speed:     ev/sec=12400.7   simsec/sec=0.996159   ev/simsec=12448.5
     Messages:  created: 3101382   present: 13183   in FES: 185
** Event #3557888   t=334.53440787295   Elapsed: 180.921s (3m 00s)  66% completed  (33% total)
     Speed:     ev/sec=13048.9   simsec/sec=0.999879   ev/simsec=13050.5
     Messages:  created: 3120126   present: 13372   in FES: 154
** Event #3582976   t=336.530561967041   Elapsed: 182.949s (3m 02s)  67% completed  (33% total)
     Speed:     ev/sec=12375.2   simsec/sec=0.984649   ev/simsec=12568.2
     Messages:  created: 3137883   present: 13518   in FES: 124
** Event #3605504   t=338.064191527749   Elapsed: 184.951s (3m 04s)  67% completed  (33% total)
     Speed:     ev/sec=11251.5   simsec/sec=0.765965   ev/simsec=14689.3
     Messages:  created: 3154124   present: 13722   in FES: 126
** Event #3628800   t=340.029407510356   Elapsed: 186.951s (3m 06s)  68% completed  (34% total)
     Speed:     ev/sec=11646.3   simsec/sec=0.982467   ev/simsec=11854.2
     Messages:  created: 3170824   present: 13943   in FES: 125
** Event #3652608   t=341.570200338813   Elapsed: 188.964s (3m 08s)  68% completed  (34% total)
     Speed:     ev/sec=11827.2   simsec/sec=0.765428   ev/simsec=15451.8
     Messages:  created: 3188219   present: 14143   in FES: 128
** Event #3677696   t=343.606242272204   Elapsed: 190.985s (3m 10s)  68% completed  (34% total)
     Speed:     ev/sec=12411.8   simsec/sec=1.00729   ev/simsec=12321.9
     Messages:  created: 3206476   present: 14448   in FES: 154
** Event #3707648   t=346.530561967041   Elapsed: 193.019s (3m 13s)  69% completed  (34% total)
     Speed:     ev/sec=14731.6   simsec/sec=1.4383   ev/simsec=10242.4
     Messages:  created: 3228661   present: 14722   in FES: 124
** Event #3733504   t=348.578372749571   Elapsed: 195.04s (3m 15s)  69% completed  (34% total)
     Speed:     ev/sec=12792.6   simsec/sec=1.01318   ev/simsec=12626.2
     Messages:  created: 3248343   present: 15055   in FES: 154
** Event #3765504   t=352.056097105036   Elapsed: 197.044s (3m 17s)  70% completed  (35% total)
     Speed:     ev/sec=15967.1   simsec/sec=1.73529   ev/simsec=9201.42
     Messages:  created: 3274350   present: 15404   in FES: 136
** Event #3807744   t=356.092333211511   Elapsed: 199.051s (3m 19s)  71% completed  (35% total)
     Speed:     ev/sec=21044.8   simsec/sec=2.01094   ev/simsec=10465.2
     Messages:  created: 3309974   present: 15982   in FES: 184
** Event #3848704   t=360.558919668179   Elapsed: 201.057s (3m 21s)  72% completed  (36% total)
     Speed:     ev/sec=20422.4   simsec/sec=2.22701   ev/simsec=9170.31
     Messages:  created: 3343151   present: 11414   in FES: 167
** Event #3887360   t=364.560766342398   Elapsed: 203.074s (3m 23s)  72% completed  (36% total)
     Speed:     ev/sec=19164.2   simsec/sec=1.98397   ev/simsec=9659.54
     Messages:  created: 3374695   present: 1704   in FES: 137
** Event #3935744   t=370.091324163788   Elapsed: 205.078s (3m 25s)  74% completed  (37% total)
     Speed:     ev/sec=24144.7   simsec/sec=2.75987   ev/simsec=8748.48
     Messages:  created: 3416535   present: 2413   in FES: 154
** Event #3989760   t=377.061955864339   Elapsed: 207.079s (3m 27s)  75% completed  (37% total)
     Speed:     ev/sec=26982.9   simsec/sec=3.48207   ev/simsec=7749.08
     Messages:  created: 3465222   present: 3234   in FES: 154
** Event #4034560   t=382.0486045655   Elapsed: 209.083s (3m 29s)  76% completed  (38% total)
     Speed:     ev/sec=22362.2   simsec/sec=2.48912   ev/simsec=8983.99
     Messages:  created: 3502771   present: 3796   in FES: 137
** Event #4078848   t=386.595412002766   Elapsed: 211.088s (3m 31s)  77% completed  (38% total)
     Speed:     ev/sec=22086.3   simsec/sec=2.26748   ev/simsec=9740.46
     Messages:  created: 3539836   present: 4384   in FES: 152
** Event #4124160   t=391.563375434843   Elapsed: 213.09s (3m 33s)  78% completed  (39% total)
     Speed:     ev/sec=22629   simsec/sec=2.48102   ev/simsec=9120.84
     Messages:  created: 3577146   present: 4982   in FES: 154
** Event #4169984   t=396.558873147471   Elapsed: 215.094s (3m 35s)  79% completed  (39% total)
     Speed:     ev/sec=22870.8   simsec/sec=2.49325   ev/simsec=9173.06
     Messages:  created: 3615080   present: 5625   in FES: 185
** Event #4217856   t=401.575037827445   Elapsed: 217.095s (3m 37s)  80% completed  (40% total)
     Speed:     ev/sec=23919.4   simsec/sec=2.50635   ev/simsec=9543.55
     Messages:  created: 3655150   present: 6182   in FES: 148
** Event #4260608   t=405.769925189427   Elapsed: 219.099s (3m 39s)  81% completed  (40% total)
     Speed:     ev/sec=21340.1   simsec/sec=2.09392   ev/simsec=10191.5
     Messages:  created: 3692834   present: 6655   in FES: 167
** Event #4313088   t=407.114393034023   Elapsed: 221.103s (3m 41s)  81% completed  (40% total)
     Speed:     ev/sec=26188.3   simsec/sec=0.67091   ev/simsec=39034
     Messages:  created: 3754944   present: 6851   in FES: 156
** Event #4376320   t=407.264289597943   Elapsed: 223.107s (3m 43s)  81% completed  (40% total)
     Speed:     ev/sec=31541.1   simsec/sec=0.0747708   ev/simsec=421838
     Messages:  created: 3842110   present: 6815   in FES: 136
** Event #4448512   t=407.428552178559   Elapsed: 225.111s (3m 45s)  81% completed  (40% total)
     Speed:     ev/sec=36038.1   simsec/sec=0.0819996   ev/simsec=439491
     Messages:  created: 3941484   present: 6855   in FES: 157
** Event #4505344   t=407.555445896531   Elapsed: 227.112s (3m 47s)  81% completed  (40% total)
     Speed:     ev/sec=28400   simsec/sec=0.0634112   ev/simsec=447871
     Messages:  created: 4018902   present: 6880   in FES: 173
** Event #4554240   t=408.135577790227   Elapsed: 229.12s (3m 49s)  81% completed  (40% total)
     Speed:     ev/sec=24350.9   simsec/sec=0.288914   ev/simsec=84284.3
     Messages:  created: 4079820   present: 6847   in FES: 155
** Event #4601344   t=409.444782239269   Elapsed: 231.123s (3m 51s)  81% completed  (40% total)
     Speed:     ev/sec=23518.9   simsec/sec=0.653682   ev/simsec=35979.1
     Messages:  created: 4135778   present: 6867   in FES: 137
** Event #4628736   t=412.012697940165   Elapsed: 233.124s (3m 53s)  82% completed  (41% total)
     Speed:     ev/sec=13685.3   simsec/sec=1.28295   ev/simsec=10667
     Messages:  created: 4156861   present: 7182   in FES: 139
** Event #4652544   t=413.543176825159   Elapsed: 235.16s (3m 55s)  82% completed  (41% total)
     Speed:     ev/sec=11697.4   simsec/sec=0.751957   ev/simsec=15555.9
     Messages:  created: 4174301   present: 7423   in FES: 154
** Event #4676608   t=415.538782799504   Elapsed: 237.2s (3m 57s)  83% completed  (41% total)
     Speed:     ev/sec=11795.9   simsec/sec=0.978223   ev/simsec=12058.5
     Messages:  created: 4191270   present: 7623   in FES: 139
** Event #4700672   t=417.519698472785   Elapsed: 239.204s (3m 59s)  83% completed  (41% total)
     Speed:     ev/sec=12006.9   simsec/sec=0.988391   ev/simsec=12147.9
     Messages:  created: 4208123   present: 7805   in FES: 124
** Event #4725504   t=419.187921390869   Elapsed: 241.208s (4m 01s)  83% completed  (41% total)
     Speed:     ev/sec=12391.8   simsec/sec=0.832485   ev/simsec=14885.3
     Messages:  created: 4225858   present: 7993   in FES: 123
** Event #4748288   t=421.062010902287   Elapsed: 243.213s (4m 03s)  84% completed  (42% total)
     Speed:     ev/sec=11364.2   simsec/sec=0.934762   ev/simsec=12157.4
     Messages:  created: 4242079   present: 8249   in FES: 128
** Event #4769792   t=422.542448579564   Elapsed: 245.245s (4m 05s)  84% completed  (42% total)
     Speed:     ev/sec=10577.7   simsec/sec=0.728222   ev/simsec=14525.4
     Messages:  created: 4257584   present: 8446   in FES: 128
** Event #4794368   t=424.541767749197   Elapsed: 247.272s (4m 07s)  84% completed  (42% total)
     Speed:     ev/sec=12126.6   simsec/sec=0.98653   ev/simsec=12292.2
     Messages:  created: 4275418   present: 8746   in FES: 148
** Event #4823040   t=427.517077241228   Elapsed: 249.292s (4m 09s)  85% completed  (42% total)
     Speed:     ev/sec=14193   simsec/sec=1.47282   ev/simsec=9636.64
     Messages:  created: 4297331   present: 9066   in FES: 147
** Event #4847616   t=429.541403749238   Elapsed: 251.323s (4m 11s)  85% completed  (42% total)
     Speed:     ev/sec=12101.2   simsec/sec=0.996778   ev/simsec=12140.3
     Messages:  created: 4315690   present: 9320   in FES: 154
** Event #4873728   t=431.611465752244   Elapsed: 253.342s (4m 13s)  86% completed  (43% total)
     Speed:     ev/sec=12936   simsec/sec=1.02551   ev/simsec=12614.1
     Messages:  created: 4335266   present: 9551   in FES: 143
** Event #4902656   t=434.602721128677   Elapsed: 255.35s (4m 15s)  86% completed  (43% total)
     Speed:     ev/sec=14402.7   simsec/sec=1.48929   ev/simsec=9670.86
     Messages:  created: 4358653   present: 9939   in FES: 152
** Event #4940800   t=438.590437740073   Elapsed: 257.354s (4m 17s)  87% completed  (43% total)
     Speed:     ev/sec=19031   simsec/sec=1.98957   ev/simsec=9565.37
     Messages:  created: 4389388   present: 10414   in FES: 154
** Event #4978176   t=442.568289387962   Elapsed: 259.366s (4m 19s)  88% completed  (44% total)
     Speed:     ev/sec=18582.1   simsec/sec=1.97766   ev/simsec=9396.03
     Messages:  created: 4419626   present: 10876   in FES: 154
** Event #5017344   t=446.568817484275   Elapsed: 261.377s (4m 21s)  89% completed  (44% total)
     Speed:     ev/sec=19476   simsec/sec=1.98923   ev/simsec=9790.71
     Messages:  created: 4451117   present: 11290   in FES: 124
** Event #5056512   t=449.809608556013   Elapsed: 263.377s (4m 23s)  89% completed  (44% total)
     Speed:     ev/sec=19579.5   simsec/sec=1.62002   ev/simsec=12085.9
     Messages:  created: 4486366   present: 11707   in FES: 140
** Event #5116672   t=451.437921390869   Elapsed: 265.378s (4m 25s)  90% completed  (45% total)
     Speed:     ev/sec=30067.3   simsec/sec=0.813813   ev/simsec=36946.2
     Messages:  created: 4558572   present: 11715   in FES: 123
** Event #5161216   t=452.565070981997   Elapsed: 267.388s (4m 27s)  90% completed  (45% total)
     Speed:     ev/sec=22159   simsec/sec=0.560715   ev/simsec=39519.2
     Messages:  created: 4610066   present: 11798   in FES: 148
** Event #5205760   t=453.810290464159   Elapsed: 269.39s (4m 29s)  90% completed  (45% total)
     Speed:     ev/sec=22252.3   simsec/sec=0.622059   ev/simsec=35772
     Messages:  created: 4662438   present: 11861   in FES: 155
** Event #5255424   t=455.137482085419   Elapsed: 271.39s (4m 31s)  91% completed  (45% total)
     Speed:     ev/sec=24829.8   simsec/sec=0.663536   ev/simsec=37420.4
     Messages:  created: 4718734   present: 11958   in FES: 169
** Event #5300224   t=456.515355972662   Elapsed: 273.409s (4m 33s)  91% completed  (45% total)
     Speed:     ev/sec=22189.4   simsec/sec=0.682459   ev/simsec=32513.9
     Messages:  created: 4771167   present: 12011   in FES: 151
** Event #5341440   t=457.599562218352   Elapsed: 275.426s (4m 35s)  91% completed  (45% total)
     Speed:     ev/sec=20437.7   simsec/sec=0.537623   ev/simsec=38014.9
     Messages:  created: 4818169   present: 12055   in FES: 155
** Event #5392896   t=459.088928086292   Elapsed: 277.429s (4m 37s)  91% completed  (45% total)
     Speed:     ev/sec=25689.5   simsec/sec=0.743569   ev/simsec=34548.9
     Messages:  created: 4877593   present: 12082   in FES: 143
** Event #5438720   t=460.515860140814   Elapsed: 279.432s (4m 39s)  92% completed  (46% total)
     Speed:     ev/sec=22879.4   simsec/sec=0.712449   ev/simsec=32113.7
     Messages:  created: 4930505   present: 12092   in FES: 124
** Event #5488128   t=461.945185471464   Elapsed: 281.439s (4m 41s)  92% completed  (46% total)
     Speed:     ev/sec=24612   simsec/sec=0.712   ev/simsec=34567.4
     Messages:  created: 4988305   present: 12201   in FES: 176
** Event #5534976   t=463.04513923057   Elapsed: 283.444s (4m 43s)  92% completed  (46% total)
     Speed:     ev/sec=23366.1   simsec/sec=0.548617   ev/simsec=42590.9
     Messages:  created: 5043096   present: 12235   in FES: 155
** Event #5580032   t=464.020071712862   Elapsed: 285.446s (4m 45s)  92% completed  (46% total)
     Speed:     ev/sec=22514.6   simsec/sec=0.487177   ev/simsec=46214.5
     Messages:  created: 5097073   present: 12378   in FES: 185
** Event #5629440   t=464.898122439097   Elapsed: 287.452s (4m 47s)  92% completed  (46% total)
     Speed:     ev/sec=24628.4   simsec/sec=0.437683   ev/simsec=56270.1
     Messages:  created: 5156440   present: 12205   in FES: 129
** Event #5675264   t=465.579786730818   Elapsed: 289.475s (4m 49s)  93% completed  (46% total)
     Speed:     ev/sec=22647.1   simsec/sec=0.336892   ev/simsec=67223.7
     Messages:  created: 5209973   present: 12252   in FES: 146
** Event #5726976   t=466.526086432285   Elapsed: 291.48s (4m 51s)  93% completed  (46% total)
     Speed:     ev/sec=25791.8   simsec/sec=0.471975   ev/simsec=54646.5
     Messages:  created: 5272942   present: 12266   in FES: 155
** Event #5777408   t=467.230589589007   Elapsed: 293.49s (4m 53s)  93% completed  (46% total)
     Speed:     ev/sec=25087.7   simsec/sec=0.350459   ev/simsec=71585.2
     Messages:  created: 5333103   present: 12246   in FES: 155
** Event #5825280   t=467.886357128483   Elapsed: 295.495s (4m 55s)  93% completed  (46% total)
     Speed:     ev/sec=23878.9   simsec/sec=0.327102   ev/simsec=73001.5
     Messages:  created: 5391958   present: 12269   in FES: 155
** Event #5866752   t=469.579784414149   Elapsed: 297.516s (4m 57s)  93% completed  (46% total)
     Speed:     ev/sec=20526   simsec/sec=0.83814   ev/simsec=24490
     Messages:  created: 5435878   present: 12369   in FES: 125
** Event #5902848   t=473.516552113802   Elapsed: 299.539s (4m 59s)  94% completed  (47% total)
     Speed:     ev/sec=17841.7   simsec/sec=1.94588   ev/simsec=9168.94
     Messages:  created: 5465083   present: 12887   in FES: 144
** Event #5944064   t=477.519645302365   Elapsed: 301.547s (5m 01s)  95% completed  (47% total)
     Speed:     ev/sec=20523.1   simsec/sec=1.99331   ev/simsec=10296
     Messages:  created: 5500166   present: 13406   in FES: 164
** Event #5985536   t=481.600329945555   Elapsed: 303.565s (5m 03s)  96% completed  (48% total)
     Speed:     ev/sec=20550.6   simsec/sec=2.0221   ev/simsec=10163
     Messages:  created: 5534021   present: 13822   in FES: 147
** Event #6031616   t=486.694951993413   Elapsed: 305.57s (5m 05s)  97% completed  (48% total)
     Speed:     ev/sec=22984.5   simsec/sec=2.54118   ev/simsec=9044.83
     Messages:  created: 5572832   present: 9672   in FES: 143
** Event #6090752   t=492.039698466802   Elapsed: 307.573s (5m 07s)  98% completed  (49% total)
     Speed:     ev/sec=29526.7   simsec/sec=2.66864   ev/simsec=11064.3
     Messages:  created: 5634051   present: 1736   in FES: 154
** Event #6153984   t=495.518618690812   Elapsed: 309.585s (5m 09s)  99% completed  (49% total)
     Speed:     ev/sec=31418.3   simsec/sec=1.72858   ev/simsec=18175.8
     Messages:  created: 5708030   present: 2045   in FES: 154
** Event #6222848   t=499.6032546517   Elapsed: 311.588s (5m 11s)  99% completed  (49% total)
     Speed:     ev/sec=34377.3   simsec/sec=2.03907   ev/simsec=16859.3
     Messages:  created: 5786520   present: 2380   in FES: 154
** Event #6225835   t=500   Elapsed: 311.706s (5m 11s)  100% completed  (50% total)
     Speed:     ev/sec=25330.2   simsec/sec=3.33328   ev/simsec=7599.17
     Messages:  created: 5790046   present: 2320   in FES: 122

<!> Simulation time limit reached -- at t=500s, event #6225835
undisposed object: (omnetpp::cMessage) FanetSarNetwork.groundStation.app.debugTimer -- check module destructor
undisposed object: (omnetpp::cMessage) FanetSarNetwork.uav[0].app.debugTimer -- check module destructor
undisposed object: (omnetpp::cMessage) FanetSarNetwork.uav[1].app.debugTimer -- check module destructor
undisposed object: (omnetpp::cMessage) FanetSarNetwork.uav[2].app.debugTimer -- check module destructor
undisposed object: (omnetpp::cMessage) FanetSarNetwork.uav[3].app.debugTimer -- check module destructor
undisposed object: (omnetpp::cMessage) FanetSarNetwork.uav[4].app.debugTimer -- check module destructor
undisposed object: (omnetpp::cMessage) FanetSarNetwork.uav[5].app.debugTimer -- check module destructor
undisposed object: (omnetpp::cMessage) FanetSarNetwork.uav[6].app.debugTimer -- check module destructor
undisposed object: (omnetpp::cMessage) FanetSarNetwork.uav[7].app.debugTimer -- check module destructor
undisposed object: (omnetpp::cMessage) FanetSarNetwork.uav[8].app.debugTimer -- check module destructor
undisposed object: (omnetpp::cMessage) FanetSarNetwork.uav[9].app.debugTimer -- check module destructor
undisposed object: (omnetpp::cMessage) FanetSarNetwork.uav[10].app.debugTimer -- check module destructor
undisposed object: (omnetpp::cMessage) FanetSarNetwork.uav[11].app.debugTimer -- check module destructor
undisposed object: (omnetpp::cMessage) FanetSarNetwork.uav[12].app.debugTimer -- check module destructor
undisposed object: (omnetpp::cMessage) FanetSarNetwork.uav[13].app.debugTimer -- check module destructor
undisposed object: (omnetpp::cMessage) FanetSarNetwork.uav[14].app.debugTimer -- check module destructor
undisposed object: (omnetpp::cMessage) FanetSarNetwork.uav[15].app.debugTimer -- check module destructor
undisposed object: (omnetpp::cMessage) FanetSarNetwork.uav[16].app.debugTimer -- check module destructor
undisposed object: (omnetpp::cMessage) FanetSarNetwork.uav[17].app.debugTimer -- check module destructor
undisposed object: (omnetpp::cMessage) FanetSarNetwork.uav[18].app.debugTimer -- check module destructor
undisposed object: (omnetpp::cMessage) FanetSarNetwork.uav[19].app.debugTimer -- check module destructor
undisposed object: (omnetpp::cMessage) FanetSarNetwork.uav[20].app.debugTimer -- check module destructor
undisposed object: (omnetpp::cMessage) FanetSarNetwork.uav[21].app.debugTimer -- check module destructor
undisposed object: (omnetpp::cMessage) FanetSarNetwork.uav[22].app.debugTimer -- check module destructor
undisposed object: (omnetpp::cMessage) FanetSarNetwork.uav[23].app.debugTimer -- check module destructor
undisposed object: (omnetpp::cMessage) FanetSarNetwork.uav[24].app.debugTimer -- check module destructor
undisposed object: (omnetpp::cMessage) FanetSarNetwork.uav[25].app.debugTimer -- check module destructor
undisposed object: (omnetpp::cMessage) FanetSarNetwork.uav[26].app.debugTimer -- check module destructor
undisposed object: (omnetpp::cMessage) FanetSarNetwork.uav[27].app.debugTimer -- check module destructor
undisposed object: (omnetpp::cMessage) FanetSarNetwork.uav[28].app.debugTimer -- check module destructor
undisposed object: (omnetpp::cMessage) FanetSarNetwork.uav[29].app.debugTimer -- check module destructor
