** Event #0   t=0   Elapsed: 2e-05s (0m 00s)  0% completed  (0% total)
     Speed:     ev/sec=0   simsec/sec=0   ev/simsec=0
     Messages:  created: 418   present: 418   in FES: 66
** Event #99584   t=86.038399783438   Elapsed: 2.00033s (0m 02s)  17% completed  (8% total)
     Speed:     ev/sec=49784.8   simsec/sec=43.0125   ev/simsec=1157.45
     Messages:  created: 78750   present: 420   in FES: 51
** Event #204032   t=179.568653472214   Elapsed: 4.00219s (0m 04s)  35% completed  (17% total)
     Speed:     ev/sec=52175.3   simsec/sec=46.7215   ev/simsec=1116.73
     Messages:  created: 161780   present: 3254   in FES: 47
** Event #297472   t=260.079226578492   Elapsed: 6.00246s (0m 06s)  52% completed  (26% total)
     Speed:     ev/sec=46713.8   simsec/sec=40.25   ev/simsec=1160.59
     Messages:  created: 234538   present: 1417   in FES: 53
** Event #369920   t=318.123831137387   Elapsed: 8.00925s (0m 08s)  63% completed  (31% total)
     Speed:     ev/sec=36101.3   simsec/sec=28.924   ev/simsec=1248.14
     Messages:  created: 291203   present: 3730   in FES: 58
** Event #435456   t=331.873563696397   Elapsed: 10.0171s (0m 10s)  66% completed  (33% total)
     Speed:     ev/sec=32640.5   simsec/sec=6.84812   ev/simsec=4766.35
     Messages:  created: 361514   present: 3883   in FES: 54
** Event #497920   t=347.844984048687   Elapsed: 12.0193s (0m 12s)  69% completed  (34% total)
     Speed:     ev/sec=31196.3   simsec/sec=7.97658   ev/simsec=3910.99
     Messages:  created: 427742   present: 4166   in FES: 54
** Event #567296   t=364.597359374965   Elapsed: 14.0221s (0m 14s)  72% completed  (36% total)
     Speed:     ev/sec=34639.7   simsec/sec=8.36452   ev/simsec=4141.26
     Messages:  created: 501266   present: 2973   in FES: 62
** Event #642048   t=426.079226555554   Elapsed: 16.0291s (0m 16s)  85% completed  (42% total)
     Speed:     ev/sec=37246.8   simsec/sec=30.6346   ev/simsec=1215.84
     Messages:  created: 559238   present: 2808   in FES: 52
** Event #721152   t=493.521768583201   Elapsed: 18.03s (0m 18s)  98% completed  (49% total)
     Speed:     ev/sec=39533.9   simsec/sec=33.7058   ev/simsec=1172.91
     Messages:  created: 622682   present: 3433   in FES: 50
** Event #734909   t=500   Elapsed: 18.4605s (0m 18s)  100% completed  (50% total)
     Speed:     ev/sec=31953.3   simsec/sec=15.0257   ev/simsec=2126.58
     Messages:  created: 636175   present: 559   in FES: 42

<!> Simulation time limit reached -- at t=500s, event #734909
undisposed object: (omnetpp::cMessage) FanetSarNetwork.groundStation.app.debugTimer -- check module destructor
undisposed object: (omnetpp::cMessage) FanetSarNetwork.uav[0].app.debugTimer -- check module destructor
undisposed object: (omnetpp::cMessage) FanetSarNetwork.uav[1].app.debugTimer -- check module destructor
undisposed object: (omnetpp::cMessage) FanetSarNetwork.uav[2].app.debugTimer -- check module destructor
undisposed object: (omnetpp::cMessage) FanetSarNetwork.uav[3].app.debugTimer -- check module destructor
undisposed object: (omnetpp::cMessage) FanetSarNetwork.uav[4].app.debugTimer -- check module destructor
undisposed object: (omnetpp::cMessage) FanetSarNetwork.uav[5].app.debugTimer -- check module destructor
undisposed object: (omnetpp::cMessage) FanetSarNetwork.uav[6].app.debugTimer -- check module destructor
undisposed object: (omnetpp::cMessage) FanetSarNetwork.uav[7].app.debugTimer -- check module destructor
undisposed object: (omnetpp::cMessage) FanetSarNetwork.uav[8].app.debugTimer -- check module destructor
undisposed object: (omnetpp::cMessage) FanetSarNetwork.uav[9].app.debugTimer -- check module destructor
