** Event #0   t=0   Elapsed: 9e-06s (0m 00s)  0% completed  (50% total)
     Speed:     ev/sec=0   simsec/sec=0   ev/simsec=0
     Messages:  created: 1938   present: 1938   in FES: 306
** Event #28928   t=0.521796376011   Elapsed: 2.00661s (0m 02s)  0% completed  (50% total)
     Speed:     ev/sec=14416.9   simsec/sec=0.260039   ev/simsec=55441.2
     Messages:  created: 24970   present: 1978   in FES: 237
** Event #55552   t=1.603343934939   Elapsed: 4.04659s (0m 04s)  0% completed  (50% total)
     Speed:     ev/sec=13051.2   simsec/sec=0.530177   ev/simsec=24616.6
     Messages:  created: 45203   present: 2012   in FES: 244
** Event #81664   t=2.597394942029   Elapsed: 6.10622s (0m 06s)  0% completed  (50% total)
     Speed:     ev/sec=12678   simsec/sec=0.482635   ev/simsec=26268.3
     Messages:  created: 65035   present: 1982   in FES: 254
** Event #90112   t=2.606329822803   Elapsed: 8.12126s (0m 08s)  0% completed  (50% total)
     Speed:     ev/sec=4192.47   simsec/sec=0.00443409   ev/simsec=945508
     Messages:  created: 71370   present: 1959   in FES: 227
** Event #114432   t=3.597196899025   Elapsed: 10.1483s (0m 10s)  0% completed  (50% total)
     Speed:     ev/sec=11998.1   simsec/sec=0.488837   ev/simsec=24544.2
     Messages:  created: 89734   present: 1946   in FES: 231
** Event #123392   t=3.608129085336   Elapsed: 12.171s (0m 12s)  0% completed  (50% total)
     Speed:     ev/sec=4429.68   simsec/sec=0.0054047   ev/simsec=819598
     Messages:  created: 96625   present: 1905   in FES: 210
** Event #147968   t=4.597534036676   Elapsed: 14.1977s (0m 14s)  0% completed  (50% total)
     Speed:     ev/sec=12126.2   simsec/sec=0.48819   ev/simsec=24839.2
     Messages:  created: 115224   present: 1979   in FES: 256
** Event #172544   t=5.555452846549   Elapsed: 16.2341s (0m 16s)  1% completed  (50% total)
     Speed:     ev/sec=12068.1   simsec/sec=0.470389   ev/simsec=25655.6
     Messages:  created: 133682   present: 1908   in FES: 225
** Event #181248   t=5.599627106743   Elapsed: 18.2469s (0m 18s)  1% completed  (50% total)
     Speed:     ev/sec=4324.41   simsec/sec=0.0219471   ev/simsec=197038
     Messages:  created: 140641   present: 1962   in FES: 232
** Event #204544   t=6.509606093107   Elapsed: 20.3232s (0m 20s)  1% completed  (50% total)
     Speed:     ev/sec=11219.5   simsec/sec=0.438252   ev/simsec=25600.6
     Messages:  created: 157678   present: 1872   in FES: 213
** Event #212992   t=6.559338545991   Elapsed: 22.3723s (0m 22s)  1% completed  (50% total)
     Speed:     ev/sec=4122.8   simsec/sec=0.0242705   ev/simsec=169869
     Messages:  created: 164691   present: 1990   in FES: 254
** Event #232448   t=7.087790696268   Elapsed: 24.3738s (0m 24s)  1% completed  (50% total)
     Speed:     ev/sec=9720.69   simsec/sec=0.264028   ev/simsec=36817
     Messages:  created: 178792   present: 1971   in FES: 246
** Event #244736   t=7.526687444972   Elapsed: 26.4133s (0m 26s)  1% completed  (50% total)
     Speed:     ev/sec=6025.09   simsec/sec=0.215201   ev/simsec=27997.5
     Messages:  created: 188247   present: 1964   in FES: 237
** Event #256000   t=8.028869712553   Elapsed: 28.416s (0m 28s)  1% completed  (50% total)
     Speed:     ev/sec=5624.48   simsec/sec=0.250756   ev/simsec=22430.1
     Messages:  created: 196394   present: 1925   in FES: 230
** Event #277248   t=8.520345326126   Elapsed: 30.4394s (0m 30s)  1% completed  (50% total)
     Speed:     ev/sec=10501   simsec/sec=0.242892   ev/simsec=43233.1
     Messages:  created: 212062   present: 1896   in FES: 213
** Event #284160   t=8.59794767725   Elapsed: 32.4851s (0m 32s)  1% completed  (50% total)
     Speed:     ev/sec=3378.83   simsec/sec=0.0379348   ev/simsec=89069.5
     Messages:  created: 217224   present: 1900   in FES: 221
** Event #309504   t=9.518816127094   Elapsed: 34.5053s (0m 34s)  1% completed  (50% total)
     Speed:     ev/sec=12544.9   simsec/sec=0.455818   ev/simsec=27521.8
     Messages:  created: 236111   present: 1996   in FES: 254
** Event #317440   t=9.599453011635   Elapsed: 36.5731s (0m 36s)  1% completed  (50% total)
     Speed:     ev/sec=3837.92   simsec/sec=0.0389967   ev/simsec=98416.5
     Messages:  created: 242176   present: 1959   in FES: 254
** Event #342272   t=10.518347592647   Elapsed: 38.6099s (0m 38s)  2% completed  (51% total)
     Speed:     ev/sec=12192.1   simsec/sec=0.451163   ev/simsec=27023.8
     Messages:  created: 260088   present: 1907   in FES: 218
** Event #350208   t=10.596344290069   Elapsed: 40.667s (0m 40s)  2% completed  (51% total)
     Speed:     ev/sec=3857.85   simsec/sec=0.0379158   ev/simsec=101748
     Messages:  created: 266316   present: 1914   in FES: 227
** Event #374784   t=11.516606043861   Elapsed: 42.6813s (0m 42s)  2% completed  (51% total)
     Speed:     ev/sec=12200.5   simsec/sec=0.456855   ev/simsec=26705.4
     Messages:  created: 283998   present: 1869   in FES: 206
** Event #382720   t=11.572369225145   Elapsed: 44.7404s (0m 44s)  2% completed  (51% total)
     Speed:     ev/sec=3854.12   simsec/sec=0.0270814   ev/simsec=142316
     Messages:  created: 290011   present: 1982   in FES: 254
** Event #408576   t=12.517161260838   Elapsed: 46.7907s (0m 46s)  2% completed  (51% total)
     Speed:     ev/sec=12610.9   simsec/sec=0.46081   ev/simsec=27366.9
     Messages:  created: 308852   present: 1978   in FES: 243
** Event #416768   t=12.572757052425   Elapsed: 48.8338s (0m 48s)  2% completed  (51% total)
     Speed:     ev/sec=4009.51   simsec/sec=0.0272109   ev/simsec=147349
     Messages:  created: 315134   present: 1942   in FES: 237
** Event #441856   t=13.515418999532   Elapsed: 50.8399s (0m 50s)  2% completed  (51% total)
     Speed:     ev/sec=12506   simsec/sec=0.469904   ev/simsec=26614
     Messages:  created: 333239   present: 1980   in FES: 254
** Event #449024   t=13.53033980162   Elapsed: 52.8891s (0m 52s)  2% completed  (51% total)
     Speed:     ev/sec=3498.03   simsec/sec=0.00728144   ev/simsec=480403
     Messages:  created: 338523   present: 1974   in FES: 240
** Event #474112   t=14.50760591111   Elapsed: 54.891s (0m 54s)  2% completed  (51% total)
     Speed:     ev/sec=12531.5   simsec/sec=0.488146   ev/simsec=25671.6
     Messages:  created: 356324   present: 1878   in FES: 215
** Event #482816   t=14.526637366565   Elapsed: 56.9025s (0m 56s)  2% completed  (51% total)
     Speed:     ev/sec=4327.28   simsec/sec=0.00946168   ev/simsec=457348
     Messages:  created: 363413   present: 1940   in FES: 225
** Event #507136   t=15.506604700479   Elapsed: 58.9047s (0m 58s)  3% completed  (51% total)
     Speed:     ev/sec=12146.5   simsec/sec=0.489441   ev/simsec=24817.2
     Messages:  created: 380818   present: 1932   in FES: 233
** Event #515584   t=15.526341003561   Elapsed: 60.9128s (1m 00s)  3% completed  (51% total)
     Speed:     ev/sec=4206.93   simsec/sec=0.00982828   ev/simsec=428044
     Messages:  created: 387702   present: 1931   in FES: 222
** Event #540672   t=16.507606008786   Elapsed: 62.9421s (1m 02s)  3% completed  (51% total)
     Speed:     ev/sec=12362.8   simsec/sec=0.483544   ev/simsec=25567
     Messages:  created: 405810   present: 1853   in FES: 206
** Event #548864   t=16.52638914026   Elapsed: 65.0049s (1m 05s)  3% completed  (51% total)
     Speed:     ev/sec=3971.34   simsec/sec=0.00910575   ev/simsec=436136
     Messages:  created: 412502   present: 1907   in FES: 215
** Event #573952   t=17.503605931181   Elapsed: 67.0106s (1m 07s)  3% completed  (51% total)
     Speed:     ev/sec=12508   simsec/sec=0.487207   ev/simsec=25672.9
     Messages:  created: 430120   present: 1854   in FES: 209
** Event #582144   t=17.525095750668   Elapsed: 69.0352s (1m 09s)  3% completed  (51% total)
     Speed:     ev/sec=4046.36   simsec/sec=0.0106147   ev/simsec=381204
     Messages:  created: 436633   present: 1929   in FES: 223
** Event #606720   t=18.09922662504   Elapsed: 71.036s (1m 11s)  3% completed  (51% total)
     Speed:     ev/sec=12282.8   simsec/sec=0.286945   ev/simsec=42805.6
     Messages:  created: 454548   present: 1905   in FES: 220
** Event #616704   t=18.530341287603   Elapsed: 73.0437s (1m 13s)  3% completed  (51% total)
     Speed:     ev/sec=4973   simsec/sec=0.214737   ev/simsec=23158.6
     Messages:  created: 462923   present: 1901   in FES: 216
** Event #638976   t=19.50860508795   Elapsed: 75.0604s (1m 15s)  3% completed  (51% total)
     Speed:     ev/sec=11043.6   simsec/sec=0.485073   ev/simsec=22766.9
     Messages:  created: 479312   present: 1913   in FES: 226
** Event #647680   t=19.569825159161   Elapsed: 77.0626s (1m 17s)  3% completed  (51% total)
     Speed:     ev/sec=4347.23   simsec/sec=0.0305765   ev/simsec=142176
     Messages:  created: 486810   present: 1866   in FES: 213
** Event #670464   t=20.51980324404   Elapsed: 79.0708s (1m 19s)  4% completed  (52% total)
     Speed:     ev/sec=11345.4   simsec/sec=0.473045   ev/simsec=23983.7
     Messages:  created: 504624   present: 1957   in FES: 254
** Event #679680   t=20.603345574816   Elapsed: 81.0884s (1m 21s)  4% completed  (52% total)
     Speed:     ev/sec=4567.95   simsec/sec=0.0414081   ev/simsec=110315
     Messages:  created: 511750   present: 1870   in FES: 209
** Event #703232   t=21.563779610499   Elapsed: 83.1361s (1m 23s)  4% completed  (52% total)
     Speed:     ev/sec=11501.4   simsec/sec=0.46902   ev/simsec=24522.2
     Messages:  created: 530036   present: 1954   in FES: 241
** Event #727552   t=22.508604695339   Elapsed: 85.1732s (1m 25s)  4% completed  (52% total)
     Speed:     ev/sec=11938.5   simsec/sec=0.463807   ev/simsec=25740.2
     Messages:  created: 548616   present: 1984   in FES: 249
** Event #738048   t=22.595200905083   Elapsed: 87.2127s (1m 27s)  4% completed  (52% total)
     Speed:     ev/sec=5146.4   simsec/sec=0.0424598   ev/simsec=121206
     Messages:  created: 556874   present: 1927   in FES: 230
** Event #762368   t=23.557171369596   Elapsed: 89.2309s (1m 29s)  4% completed  (52% total)
     Speed:     ev/sec=12050.5   simsec/sec=0.476654   ev/simsec=25281.4
     Messages:  created: 575646   present: 1974   in FES: 249
** Event #787200   t=24.507605680228   Elapsed: 91.242s (1m 31s)  4% completed  (52% total)
     Speed:     ev/sec=12347.2   simsec/sec=0.472583   ev/simsec=26127
     Messages:  created: 594502   present: 1899   in FES: 222
** Event #797440   t=24.594067437919   Elapsed: 93.2505s (1m 33s)  4% completed  (52% total)
     Speed:     ev/sec=5098.41   simsec/sec=0.0430486   ev/simsec=118434
     Messages:  created: 602673   present: 1983   in FES: 249
** Event #820992   t=25.528569586209   Elapsed: 95.2765s (1m 35s)  5% completed  (52% total)
     Speed:     ev/sec=11624.8   simsec/sec=0.46125   ev/simsec=25202.7
     Messages:  created: 620652   present: 1984   in FES: 251
** Event #846848   t=26.504605936098   Elapsed: 97.3223s (1m 37s)  5% completed  (52% total)
     Speed:     ev/sec=12638.4   simsec/sec=0.477087   ev/simsec=26490.8
     Messages:  created: 640348   present: 1864   in FES: 211
** Event #856320   t=26.58189612522   Elapsed: 99.3358s (1m 39s)  5% completed  (52% total)
     Speed:     ev/sec=4704.42   simsec/sec=0.0383874   ev/simsec=122551
     Messages:  created: 647888   present: 1987   in FES: 250
** Event #881920   t=27.53884271045   Elapsed: 101.336s (1m 41s)  5% completed  (52% total)
     Speed:     ev/sec=12795.7   simsec/sec=0.478313   ev/simsec=26751.8
     Messages:  created: 667594   present: 1982   in FES: 251
** Event #901632   t=28.073649403651   Elapsed: 103.338s (1m 43s)  5% completed  (52% total)
     Speed:     ev/sec=9849.28   simsec/sec=0.267221   ev/simsec=36858.2
     Messages:  created: 682706   present: 1885   in FES: 214
** Event #917504   t=28.592836390737   Elapsed: 105.363s (1m 45s)  5% completed  (52% total)
     Speed:     ev/sec=7836.63   simsec/sec=0.256343   ev/simsec=30570.9
     Messages:  created: 695040   present: 1923   in FES: 230
** Event #941568   t=29.53316902713   Elapsed: 107.387s (1m 47s)  5% completed  (52% total)
     Speed:     ev/sec=11887.5   simsec/sec=0.464521   ev/simsec=25590.9
     Messages:  created: 713534   present: 1955   in FES: 254
** Event #966656   t=30.507420038906   Elapsed: 109.42s (1m 49s)  6% completed  (53% total)
     Speed:     ev/sec=12340.7   simsec/sec=0.47923   ev/simsec=25751.1
     Messages:  created: 732953   present: 1970   in FES: 254
** Event #984320   t=31.051411383266   Elapsed: 111.425s (1m 51s)  6% completed  (53% total)
     Speed:     ev/sec=8812.98   simsec/sec=0.27141   ev/simsec=32471.1
     Messages:  created: 747392   present: 1959   in FES: 240
** Event #1004544   t=31.6054732079   Elapsed: 113.435s (1m 53s)  6% completed  (53% total)
     Speed:     ev/sec=10059.7   simsec/sec=0.275598   ev/simsec=36501.3
     Messages:  created: 764266   present: 1971   in FES: 244
** Event #1029632   t=32.606889282294   Elapsed: 115.461s (1m 55s)  6% completed  (53% total)
     Speed:     ev/sec=12382.2   simsec/sec=0.494251   ev/simsec=25052.5
     Messages:  created: 785464   present: 1858   in FES: 205
** Event #1058560   t=34.058387687453   Elapsed: 117.462s (1m 57s)  6% completed  (53% total)
     Speed:     ev/sec=14455.9   simsec/sec=0.725345   ev/simsec=19929.7
     Messages:  created: 810757   present: 1943   in FES: 236
** Event #1089536   t=35.523340410598   Elapsed: 119.472s (1m 59s)  7% completed  (53% total)
     Speed:     ev/sec=15411.4   simsec/sec=0.728854   ev/simsec=21144.7
     Messages:  created: 838044   present: 1951   in FES: 238
** Event #1118720   t=36.589954380125   Elapsed: 121.488s (2m 01s)  7% completed  (53% total)
     Speed:     ev/sec=14480.7   simsec/sec=0.52924   ev/simsec=27361.4
     Messages:  created: 864210   present: 1957   in FES: 254
** Event #1164288   t=38.605171089591   Elapsed: 123.496s (2m 03s)  7% completed  (53% total)
     Speed:     ev/sec=22684.9   simsec/sec=1.00323   ev/simsec=22612
     Messages:  created: 905639   present: 1847   in FES: 204
** Event #1220352   t=41.561452197445   Elapsed: 125.506s (2m 05s)  8% completed  (54% total)
     Speed:     ev/sec=27902.4   simsec/sec=1.47131   ev/simsec=18964.4
     Messages:  created: 958060   present: 1961   in FES: 254
** Event #1282304   t=44.578712278328   Elapsed: 127.51s (2m 07s)  8% completed  (54% total)
     Speed:     ev/sec=30909.7   simsec/sec=1.5054   ev/simsec=20532.5
     Messages:  created: 1017290   present: 1961   in FES: 240
** Event #1360384   t=48.568435198152   Elapsed: 129.511s (2m 09s)  9% completed  (54% total)
     Speed:     ev/sec=39029.7   simsec/sec=1.99433   ev/simsec=19570.3
     Messages:  created: 1092752   present: 1974   in FES: 243
** Event #1426688   t=52.048923015688   Elapsed: 131.514s (2m 11s)  10% completed  (55% total)
     Speed:     ev/sec=33100.8   simsec/sec=1.73756   ev/simsec=19050.2
     Messages:  created: 1157094   present: 1845   in FES: 204
** Event #1496320   t=55.563919743946   Elapsed: 133.522s (2m 13s)  11% completed  (55% total)
     Speed:     ev/sec=34671.3   simsec/sec=1.7502   ev/simsec=19810
     Messages:  created: 1225624   present: 1856   in FES: 203
** Event #1576448   t=59.599147690679   Elapsed: 135.527s (2m 15s)  11% completed  (55% total)
     Speed:     ev/sec=39959.8   simsec/sec=2.01237   ev/simsec=19857.1
     Messages:  created: 1304532   present: 1966   in FES: 243
** Event #1639936   t=63.05615687147   Elapsed: 137.531s (2m 17s)  12% completed  (56% total)
     Speed:     ev/sec=31678.1   simsec/sec=1.72492   ev/simsec=18365
     Messages:  created: 1366450   present: 1982   in FES: 247
** Event #1714176   t=66.601196979915   Elapsed: 139.532s (2m 19s)  13% completed  (56% total)
     Speed:     ev/sec=37105.7   simsec/sec=1.77184   ev/simsec=20941.9
     Messages:  created: 1438018   present: 1885   in FES: 214
** Event #1792768   t=70.60119379895   Elapsed: 141.533s (2m 21s)  14% completed  (57% total)
     Speed:     ev/sec=39277.4   simsec/sec=1.99905   ev/simsec=19648
     Messages:  created: 1513586   present: 1944   in FES: 233
** Event #1862656   t=74.515247323286   Elapsed: 143.536s (2m 23s)  14% completed  (57% total)
     Speed:     ev/sec=34892   simsec/sec=1.95412   ev/simsec=17855.7
     Messages:  created: 1580675   present: 1974   in FES: 254
** Event #1941248   t=78.515242328607   Elapsed: 145.537s (2m 25s)  15% completed  (57% total)
     Speed:     ev/sec=39272.8   simsec/sec=1.99882   ev/simsec=19648
     Messages:  created: 1656223   present: 1954   in FES: 254
** Event #2021120   t=82.527133970922   Elapsed: 147.538s (2m 27s)  16% completed  (58% total)
     Speed:     ev/sec=39918.8   simsec/sec=2.00508   ev/simsec=19908.8
     Messages:  created: 1732970   present: 1973   in FES: 246
** Event #2094080   t=86.068406091385   Elapsed: 149.541s (2m 29s)  17% completed  (58% total)
     Speed:     ev/sec=36419.5   simsec/sec=1.7677   ev/simsec=20602.8
     Messages:  created: 1803242   present: 1971   in FES: 254
** Event #2173696   t=90.07364806969   Elapsed: 151.543s (2m 31s)  18% completed  (59% total)
     Speed:     ev/sec=39783.5   simsec/sec=2.00139   ev/simsec=19878
     Messages:  created: 1879788   present: 1996   in FES: 251
** Event #2240256   t=93.565724807912   Elapsed: 153.548s (2m 33s)  18% completed  (59% total)
     Speed:     ev/sec=33184.7   simsec/sec=1.74104   ev/simsec=19060.3
     Messages:  created: 1943612   present: 1879   in FES: 212
** Event #2318336   t=97.56303261464   Elapsed: 155.55s (2m 35s)  19% completed  (59% total)
     Speed:     ev/sec=38999.3   simsec/sec=1.99657   ev/simsec=19533.1
     Messages:  created: 2018744   present: 1973   in FES: 254
** Event #2389248   t=101.067636290675   Elapsed: 157.554s (2m 37s)  20% completed  (60% total)
     Speed:     ev/sec=35398.8   simsec/sec=1.74947   ev/simsec=20234
     Messages:  created: 2086729   present: 2154   in FES: 292
** Event #2463232   t=104.599576960693   Elapsed: 159.554s (2m 39s)  20% completed  (60% total)
     Speed:     ev/sec=36991.1   simsec/sec=1.76593   ev/simsec=20947.1
     Messages:  created: 2156558   present: 2858   in FES: 292
** Event #2538240   t=108.541469796051   Elapsed: 161.563s (2m 41s)  21% completed  (60% total)
     Speed:     ev/sec=37331.3   simsec/sec=1.96187   ev/simsec=19028.4
     Messages:  created: 2226993   present: 2703   in FES: 249
** Event #2602752   t=111.578584677415   Elapsed: 163.574s (2m 43s)  22% completed  (61% total)
     Speed:     ev/sec=32084.3   simsec/sec=1.51047   ev/simsec=21241.2
     Messages:  created: 2287973   present: 2620   in FES: 254
** Event #2679296   t=115.529263027268   Elapsed: 165.579s (2m 45s)  23% completed  (61% total)
     Speed:     ev/sec=38177.7   simsec/sec=1.97047   ev/simsec=19374.9
     Messages:  created: 2359888   present: 3274   in FES: 203
** Event #2744576   t=118.578676204719   Elapsed: 167.581s (2m 47s)  23% completed  (61% total)
     Speed:     ev/sec=32605.6   simsec/sec=1.5231   ev/simsec=21407.4
     Messages:  created: 2421654   present: 4030   in FES: 249
** Event #2823168   t=122.555658723965   Elapsed: 169.587s (2m 49s)  24% completed  (62% total)
     Speed:     ev/sec=39169.3   simsec/sec=1.98208   ev/simsec=19761.7
     Messages:  created: 2495471   present: 4778   in FES: 254
** Event #2884096   t=125.511528663314   Elapsed: 171.595s (2m 51s)  25% completed  (62% total)
     Speed:     ev/sec=30350.9   simsec/sec=1.47245   ev/simsec=20612.5
     Messages:  created: 2551484   present: 5406   in FES: 247
** Event #2929664   t=127.506418664906   Elapsed: 173.605s (2m 53s)  25% completed  (62% total)
     Speed:     ev/sec=22670.1   simsec/sec=0.992458   ev/simsec=22842.4
     Messages:  created: 2591619   present: 5778   in FES: 254
** Event #2964736   t=128.595886783663   Elapsed: 175.621s (2m 55s)  25% completed  (62% total)
     Speed:     ev/sec=17393   simsec/sec=0.540293   ev/simsec=32191.9
     Messages:  created: 2621994   present: 5998   in FES: 241
** Event #3004416   t=130.531429896646   Elapsed: 177.639s (2m 57s)  26% completed  (63% total)
     Speed:     ev/sec=19667   simsec/sec=0.959331   ev/simsec=20500.7
     Messages:  created: 2655237   present: 6392   in FES: 254
** Event #3036416   t=131.542624513093   Elapsed: 179.646s (2m 59s)  26% completed  (63% total)
     Speed:     ev/sec=15942.2   simsec/sec=0.503771   ev/simsec=31645.7
     Messages:  created: 2682275   present: 6627   in FES: 241
** Event #3080448   t=133.533566718443   Elapsed: 181.647s (3m 01s)  26% completed  (63% total)
     Speed:     ev/sec=22001.8   simsec/sec=0.994829   ev/simsec=22116.2
     Messages:  created: 2719705   present: 7151   in FES: 293
** Event #3109120   t=134.538258412857   Elapsed: 183.663s (3m 03s)  26% completed  (63% total)
     Speed:     ev/sec=14226.1   simsec/sec=0.498496   ev/simsec=28538.1
     Messages:  created: 2744198   present: 7178   in FES: 226
** Event #3154688   t=136.534428408898   Elapsed: 185.686s (3m 05s)  27% completed  (63% total)
     Speed:     ev/sec=22520.1   simsec/sec=0.986525   ev/simsec=22827.7
     Messages:  created: 2783247   present: 7622   in FES: 254
** Event #3189248   t=138.009297298889   Elapsed: 187.687s (3m 07s)  27% completed  (63% total)
     Speed:     ev/sec=17275   simsec/sec=0.737222   ev/simsec=23432.6
     Messages:  created: 2812852   present: 7856   in FES: 231
** Event #3230208   t=139.537315339375   Elapsed: 189.723s (3m 09s)  27% completed  (63% total)
     Speed:     ev/sec=20117.8   simsec/sec=0.750497   ev/simsec=26806
     Messages:  created: 2848481   present: 8242   in FES: 254
** Event #3260928   t=140.571205299777   Elapsed: 191.723s (3m 11s)  28% completed  (64% total)
     Speed:     ev/sec=15357.7   simsec/sec=0.516869   ev/simsec=29713
     Messages:  created: 2874351   present: 8394   in FES: 240
** Event #3306240   t=142.539739152268   Elapsed: 193.73s (3m 13s)  28% completed  (64% total)
     Speed:     ev/sec=22576.2   simsec/sec=0.980799   ev/simsec=23018.1
     Messages:  created: 2913153   present: 8783   in FES: 225
** Event #3350784   t=144.532569759295   Elapsed: 195.735s (3m 15s)  28% completed  (64% total)
     Speed:     ev/sec=22220.6   simsec/sec=0.994116   ev/simsec=22352.1
     Messages:  created: 2950876   present: 9081   in FES: 204
** Event #3383040   t=145.54466459231   Elapsed: 197.752s (3m 17s)  29% completed  (64% total)
     Speed:     ev/sec=15988.3   simsec/sec=0.501666   ev/simsec=31870.5
     Messages:  created: 2978265   present: 9422   in FES: 238
** Event #3428352   t=147.537359794808   Elapsed: 199.766s (3m 19s)  29% completed  (64% total)
     Speed:     ev/sec=22498.6   simsec/sec=0.989426   ev/simsec=22739.1
     Messages:  created: 3016951   present: 9762   in FES: 226
** Event #3459584   t=148.57469224291   Elapsed: 201.768s (3m 21s)  29% completed  (64% total)
     Speed:     ev/sec=15601.8   simsec/sec=0.518195   ev/simsec=30108
     Messages:  created: 3043365   present: 9990   in FES: 240
** Event #3504384   t=150.538574525949   Elapsed: 203.772s (3m 23s)  30% completed  (65% total)
     Speed:     ev/sec=22354.8   simsec/sec=0.979959   ev/simsec=22812
     Messages:  created: 3081370   present: 10399   in FES: 233
** Event #3535616   t=152.00765780395   Elapsed: 205.775s (3m 25s)  30% completed  (65% total)
     Speed:     ev/sec=15595.7   simsec/sec=0.733585   ev/simsec=21259.5
     Messages:  created: 3107820   present: 10687   in FES: 242
** Event #3577088   t=153.536247175559   Elapsed: 207.789s (3m 27s)  30% completed  (65% total)
     Speed:     ev/sec=20592.7   simsec/sec=0.759013   ev/simsec=27130.9
     Messages:  created: 3142819   present: 10900   in FES: 206
** Event #3607296   t=154.555759433791   Elapsed: 209.789s (3m 29s)  30% completed  (65% total)
     Speed:     ev/sec=15100.9   simsec/sec=0.50965   ev/simsec=29629.9
     Messages:  created: 3168600   present: 11087   in FES: 208
** Event #3652608   t=156.537824307377   Elapsed: 211.797s (3m 31s)  31% completed  (65% total)
     Speed:     ev/sec=22564.3   simsec/sec=0.987022   ev/simsec=22861
     Messages:  created: 3207438   present: 11658   in FES: 253
** Event #3694848   t=158.091431668524   Elapsed: 213.8s (3m 33s)  31% completed  (65% total)
     Speed:     ev/sec=21093.5   simsec/sec=0.77583   ev/simsec=27188.3
     Messages:  created: 3243122   present: 11910   in FES: 243
** Event #3731712   t=159.610648429905   Elapsed: 215.803s (3m 35s)  31% completed  (65% total)
     Speed:     ev/sec=18397.7   simsec/sec=0.758193   ev/simsec=24265.1
     Messages:  created: 3275480   present: 12207   in FES: 254
** Event #3774720   t=161.544011607415   Elapsed: 217.807s (3m 37s)  32% completed  (66% total)
     Speed:     ev/sec=21469.9   simsec/sec=0.965148   ev/simsec=22245.2
     Messages:  created: 3312611   present: 12514   in FES: 210
** Event #3807232   t=163.04676184475   Elapsed: 219.809s (3m 39s)  32% completed  (66% total)
     Speed:     ev/sec=16233.1   simsec/sec=0.750319   ev/simsec=21635
     Messages:  created: 3340670   present: 12774   in FES: 204
** Event #3834368   t=164.056158413309   Elapsed: 221.81s (3m 41s)  32% completed  (66% total)
     Speed:     ev/sec=13560.8   simsec/sec=0.504429   ev/simsec=26883.4
     Messages:  created: 3363380   present: 13078   in FES: 235
** Event #3866624   t=165.504905480659   Elapsed: 223.812s (3m 43s)  33% completed  (66% total)
     Speed:     ev/sec=16118.3   simsec/sec=0.723937   ev/simsec=22264.8
     Messages:  created: 3390616   present: 13266   in FES: 202
** Event #3893760   t=166.534871072521   Elapsed: 225.818s (3m 45s)  33% completed  (66% total)
     Speed:     ev/sec=13527.1   simsec/sec=0.51343   ev/simsec=26346.5
     Messages:  created: 3413955   present: 13822   in FES: 356
** Event #3922944   t=167.58059666138   Elapsed: 227.838s (3m 47s)  33% completed  (66% total)
     Speed:     ev/sec=14449   simsec/sec=0.517737   ev/simsec=27907.9
     Messages:  created: 3439351   present: 13992   in FES: 304
** Event #3965696   t=169.515501974406   Elapsed: 229.86s (3m 49s)  33% completed  (66% total)
     Speed:     ev/sec=21137.3   simsec/sec=0.95665   ev/simsec=22095.1
     Messages:  created: 3475150   present: 14135   in FES: 226
** Event #4000256   t=170.603171089591   Elapsed: 231.861s (3m 51s)  34% completed  (67% total)
     Speed:     ev/sec=17271   simsec/sec=0.54355   ev/simsec=31774.4
     Messages:  created: 3505348   present: 14288   in FES: 204
** Event #4040960   t=172.532013042406   Elapsed: 233.862s (3m 53s)  34% completed  (67% total)
     Speed:     ev/sec=20344.3   simsec/sec=0.964057   ev/simsec=21102.8
     Messages:  created: 3539534   present: 14789   in FES: 242
** Event #4077824   t=174.024223002756   Elapsed: 235.866s (3m 55s)  34% completed  (67% total)
     Speed:     ev/sec=18396.6   simsec/sec=0.744672   ev/simsec=24704.3
     Messages:  created: 3571484   present: 15083   in FES: 240
** Event #4122112   t=175.593617317259   Elapsed: 237.879s (3m 57s)  35% completed  (67% total)
     Speed:     ev/sec=22002.3   simsec/sec=0.779676   ev/simsec=28219.8
     Messages:  created: 3609868   present: 15390   in FES: 237
** Event #4167936   t=177.57153149301   Elapsed: 239.898s (3m 59s)  35% completed  (67% total)
     Speed:     ev/sec=22697.2   simsec/sec=0.979686   ev/simsec=23167.8
     Messages:  created: 3649495   present: 15704   in FES: 204
** Event #4215808   t=179.573321324637   Elapsed: 241.908s (4m 01s)  35% completed  (67% total)
     Speed:     ev/sec=23816.1   simsec/sec=0.995883   ev/simsec=23914.6
     Messages:  created: 3691589   present: 16185   in FES: 231
** Event #4274944   t=182.071189861174   Elapsed: 243.912s (4m 03s)  36% completed  (68% total)
     Speed:     ev/sec=29507.5   simsec/sec=1.24638   ev/simsec=23674.6
     Messages:  created: 3743203   present: 16662   in FES: 228
** Event #4330496   t=184.566386813841   Elapsed: 245.924s (4m 05s)  36% completed  (68% total)
     Speed:     ev/sec=27609.7   simsec/sec=1.24013   ev/simsec=22263.6
     Messages:  created: 3792939   present: 17089   in FES: 204
** Event #4391680   t=187.083693417082   Elapsed: 247.927s (4m 07s)  37% completed  (68% total)
     Speed:     ev/sec=30539.5   simsec/sec=1.25649   ev/simsec=24305.3
     Messages:  created: 3847131   present: 17716   in FES: 254
** Event #4446464   t=189.565528986417   Elapsed: 249.928s (4m 09s)  37% completed  (68% total)
     Speed:     ev/sec=27386.1   simsec/sec=1.24065   ev/simsec=22074
     Messages:  created: 3896103   present: 18207   in FES: 243
** Event #4497408   t=191.602368885379   Elapsed: 251.935s (4m 11s)  38% completed  (69% total)
     Speed:     ev/sec=25377.1   simsec/sec=1.01463   ev/simsec=25011.3
     Messages:  created: 3941771   present: 18622   in FES: 250
** Event #4553216   t=194.071176881025   Elapsed: 253.942s (4m 13s)  38% completed  (69% total)
     Speed:     ev/sec=27813.1   simsec/sec=1.23038   ev/simsec=22605.2
     Messages:  created: 3990893   present: 19131   in FES: 251
** Event #4604672   t=196.099225337202   Elapsed: 255.945s (4m 15s)  39% completed  (69% total)
     Speed:     ev/sec=25683.8   simsec/sec=1.01228   ev/simsec=25372.2
     Messages:  created: 4036055   present: 19516   in FES: 242
** Event #4640000   t=197.603661349994   Elapsed: 257.966s (4m 17s)  39% completed  (69% total)
     Speed:     ev/sec=17482.6   simsec/sec=0.744491   ev/simsec=23482.6
     Messages:  created: 4066887   present: 19826   in FES: 254
** Event #4686592   t=199.592147627688   Elapsed: 259.975s (4m 19s)  39% completed  (69% total)
     Speed:     ev/sec=23185.1   simsec/sec=0.989511   ev/simsec=23430.9
     Messages:  created: 4107069   present: 20218   in FES: 246
** Event #4733696   t=202.007657859097   Elapsed: 261.977s (4m 21s)  40% completed  (70% total)
     Speed:     ev/sec=23532.7   simsec/sec=1.20676   ev/simsec=19500.6
     Messages:  created: 4149378   present: 20684   in FES: 241
** Event #4786176   t=204.529263062603   Elapsed: 263.98s (4m 23s)  40% completed  (70% total)
     Speed:     ev/sec=26206.3   simsec/sec=1.25918   ev/simsec=20812.1
     Messages:  created: 4198672   present: 21187   in FES: 240
** Event #4850944   t=207.574406215546   Elapsed: 265.989s (4m 25s)  41% completed  (70% total)
     Speed:     ev/sec=32239.8   simsec/sec=1.51579   ev/simsec=21269.3
     Messages:  created: 4259881   present: 21818   in FES: 246
** Event #4918528   t=211.011801868778   Elapsed: 267.994s (4m 27s)  42% completed  (71% total)
     Speed:     ev/sec=33693.7   simsec/sec=1.7137   ev/simsec=19661.4
     Messages:  created: 4322718   present: 22506   in FES: 247
** Event #4960768   t=212.555586132356   Elapsed: 269.999s (4m 29s)  42% completed  (71% total)
     Speed:     ev/sec=21072   simsec/sec=0.770137   ev/simsec=27361.3
     Messages:  created: 4359558   present: 22835   in FES: 254
** Event #5005312   t=214.525660956943   Elapsed: 272.007s (4m 32s)  42% completed  (71% total)
     Speed:     ev/sec=22180.3   simsec/sec=0.980981   ev/simsec=22610.3
     Messages:  created: 4397268   present: 23165   in FES: 230
** Event #5038848   t=215.955735982163   Elapsed: 274.008s (4m 34s)  43% completed  (71% total)
     Speed:     ev/sec=16757.8   simsec/sec=0.714604   ev/simsec=23450.5
     Messages:  created: 4426124   present: 23354   in FES: 202
** Event #5082880   t=217.567112389006   Elapsed: 276.026s (4m 36s)  43% completed  (71% total)
     Speed:     ev/sec=21828.1   simsec/sec=0.798811   ev/simsec=27325.7
     Messages:  created: 4463540   present: 23738   in FES: 223
** Event #5114624   t=219.011802662898   Elapsed: 278.028s (4m 38s)  43% completed  (71% total)
     Speed:     ev/sec=15856.8   simsec/sec=0.721656   ev/simsec=21972.9
     Messages:  created: 4490490   present: 24065   in FES: 234
** Event #5154816   t=220.527821703281   Elapsed: 280.028s (4m 40s)  44% completed  (72% total)
     Speed:     ev/sec=20095.2   simsec/sec=0.757981   ev/simsec=26511.5
     Messages:  created: 4524414   present: 24420   in FES: 247
** Event #5193216   t=222.052083441865   Elapsed: 282.029s (4m 42s)  44% completed  (72% total)
     Speed:     ev/sec=19183.5   simsec/sec=0.761476   ev/simsec=25192.5
     Messages:  created: 4557155   present: 24684   in FES: 238
** Event #5234176   t=223.598086368509   Elapsed: 284.053s (4m 44s)  44% completed  (72% total)
     Speed:     ev/sec=20236.6   simsec/sec=0.763815   ev/simsec=26494.1
     Messages:  created: 4591865   present: 24895   in FES: 206
** Event #5278464   t=225.526362509769   Elapsed: 286.062s (4m 46s)  45% completed  (72% total)
     Speed:     ev/sec=22045.3   simsec/sec=0.959843   ev/simsec=22967.7
     Messages:  created: 4629141   present: 25415   in FES: 247
** Event #5320448   t=227.091111018776   Elapsed: 288.068s (4m 48s)  45% completed  (72% total)
     Speed:     ev/sec=20935.2   simsec/sec=0.780258   ev/simsec=26831.1
     Messages:  created: 4666243   present: 25631   in FES: 236
** Event #5368576   t=229.091532873954   Elapsed: 290.072s (4m 50s)  45% completed  (72% total)
     Speed:     ev/sec=24019.3   simsec/sec=0.998355   ev/simsec=24058.9
     Messages:  created: 4714633   present: 26182   in FES: 301
** Event #5436160   t=230.576573217844   Elapsed: 292.077s (4m 52s)  46% completed  (73% total)
     Speed:     ev/sec=33692.1   simsec/sec=0.740325   ev/simsec=45509.9
     Messages:  created: 4795555   present: 26383   in FES: 285
** Event #5527808   t=232.058339043333   Elapsed: 294.081s (4m 54s)  46% completed  (73% total)
     Speed:     ev/sec=45748   simsec/sec=0.739654   ev/simsec=61850.5
     Messages:  created: 4910059   present: 26719   in FES: 338
** Event #5608704   t=233.883617919047   Elapsed: 296.087s (4m 56s)  46% completed  (73% total)
     Speed:     ev/sec=40325.7   simsec/sec=0.909879   ev/simsec=44319.8
     Messages:  created: 5007132   present: 26806   in FES: 305
** Event #5690368   t=236.001456697704   Elapsed: 298.087s (4m 58s)  47% completed  (73% total)
     Speed:     ev/sec=40825.5   simsec/sec=1.05875   ev/simsec=38560.1
     Messages:  created: 5103421   present: 10213   in FES: 204
** Event #5760512   t=237.63482282815   Elapsed: 300.09s (5m 00s)  47% completed  (73% total)
     Speed:     ev/sec=35020.9   simsec/sec=0.815494   ev/simsec=42944.4
     Messages:  created: 5184510   present: 10552   in FES: 272
** Event #5840640   t=239.742065045997   Elapsed: 302.092s (5m 02s)  47% completed  (73% total)
     Speed:     ev/sec=40022.3   simsec/sec=1.05252   ev/simsec=38025.1
     Messages:  created: 5278857   present: 10842   in FES: 272
** Event #5916928   t=241.709715257363   Elapsed: 304.094s (5m 04s)  48% completed  (74% total)
     Speed:     ev/sec=38108.2   simsec/sec=0.982902   ev/simsec=38771.1
     Messages:  created: 5368010   present: 11068   in FES: 254
** Event #5992192   t=243.606272577247   Elapsed: 306.095s (5m 06s)  48% completed  (74% total)
     Speed:     ev/sec=37614.3   simsec/sec=0.947832   ev/simsec=39684.5
     Messages:  created: 5455742   present: 11234   in FES: 205
** Event #6087168   t=246.090064033315   Elapsed: 308.096s (5m 08s)  49% completed  (74% total)
     Speed:     ev/sec=47458.4   simsec/sec=1.24112   ev/simsec=38238.3
     Messages:  created: 5567115   present: 11699   in FES: 254
** Event #6164224   t=248.085000211855   Elapsed: 310.1s (5m 10s)  49% completed  (74% total)
     Speed:     ev/sec=38460.9   simsec/sec=0.995732   ev/simsec=38625.8
     Messages:  created: 5657330   present: 11903   in FES: 235
** Event #6256384   t=250.547817714116   Elapsed: 312.1s (5m 12s)  50% completed  (75% total)
     Speed:     ev/sec=46071.3   simsec/sec=1.23118   ev/simsec=37420.6
     Messages:  created: 5766049   present: 12253   in FES: 254
** Event #6336768   t=252.56181600082   Elapsed: 314.101s (5m 14s)  50% completed  (75% total)
     Speed:     ev/sec=40165.7   simsec/sec=1.00634   ev/simsec=39912.6
     Messages:  created: 5859943   present: 12499   in FES: 231
** Event #6420480   t=254.633649411311   Elapsed: 316.105s (5m 16s)  50% completed  (75% total)
     Speed:     ev/sec=41788.9   simsec/sec=1.03426   ev/simsec=40404.8
     Messages:  created: 5957609   present: 12805   in FES: 248
** Event #6513408   t=257.075529205927   Elapsed: 318.109s (5m 18s)  51% completed  (75% total)
     Speed:     ev/sec=46373.8   simsec/sec=1.21857   ev/simsec=38055.9
     Messages:  created: 6066543   present: 13147   in FES: 251
** Event #6606848   t=259.492098763014   Elapsed: 320.11s (5m 20s)  51% completed  (75% total)
     Speed:     ev/sec=46682.6   simsec/sec=1.20732   ev/simsec=38666.4
     Messages:  created: 6177583   present: 13362   in FES: 219
** Event #6702848   t=261.434472979725   Elapsed: 322.111s (5m 22s)  52% completed  (76% total)
     Speed:     ev/sec=47974.5   simsec/sec=0.970671   ev/simsec=49424
     Messages:  created: 6293929   present: 13653   in FES: 231
** Event #6804480   t=262.397626018564   Elapsed: 324.115s (5m 24s)  52% completed  (76% total)
     Speed:     ev/sec=50726.7   simsec/sec=0.48073   ev/simsec=105520
     Messages:  created: 6427750   present: 13897   in FES: 245
** Event #6897664   t=262.589050491516   Elapsed: 326.117s (5m 26s)  52% completed  (76% total)
     Speed:     ev/sec=46546.3   simsec/sec=0.0956183   ev/simsec=486793
     Messages:  created: 6556461   present: 13805   in FES: 231
** Event #6978304   t=264.068403975935   Elapsed: 328.118s (5m 28s)  52% completed  (76% total)
     Speed:     ev/sec=40302.9   simsec/sec=0.739364   ev/simsec=54510.3
     Messages:  created: 6655556   present: 14077   in FES: 255
** Event #7041792   t=265.52752722959   Elapsed: 330.123s (5m 30s)  53% completed  (76% total)
     Speed:     ev/sec=31664.6   simsec/sec=0.727736   ev/simsec=43511.1
     Messages:  created: 6727868   present: 14277   in FES: 230
** Event #7086336   t=267.515627969397   Elapsed: 332.133s (5m 32s)  53% completed  (76% total)
     Speed:     ev/sec=22152.4   simsec/sec=0.988712   ev/simsec=22405.3
     Messages:  created: 6766476   present: 14702   in FES: 241
** Event #7118848   t=268.582227250993   Elapsed: 334.151s (5m 34s)  53% completed  (76% total)
     Speed:     ev/sec=16114.3   simsec/sec=0.52865   ev/simsec=30481.9
     Messages:  created: 6794343   present: 14899   in FES: 239
** Event #7150080   t=270.038756114279   Elapsed: 336.152s (5m 36s)  54% completed  (77% total)
     Speed:     ev/sec=15607.9   simsec/sec=0.727888   ev/simsec=21442.8
     Messages:  created: 6820397   present: 15153   in FES: 229
** Event #7175936   t=271.030373010492   Elapsed: 338.153s (5m 38s)  54% completed  (77% total)
     Speed:     ev/sec=12918.5   simsec/sec=0.495443   ev/simsec=26074.6
     Messages:  created: 6842075   present: 15386   in FES: 254
** Event #7198976   t=271.582657739971   Elapsed: 340.188s (5m 40s)  54% completed  (77% total)
     Speed:     ev/sec=11327   simsec/sec=0.271515   ev/simsec=41717.6
     Messages:  created: 6861149   present: 15467   in FES: 229
** Event #7224832   t=272.570123750601   Elapsed: 342.219s (5m 42s)  54% completed  (77% total)
     Speed:     ev/sec=12729.1   simsec/sec=0.486135   ev/simsec=26184.2
     Messages:  created: 6881704   present: 15694   in FES: 241
** Event #7250944   t=273.568123782822   Elapsed: 344.265s (5m 44s)  54% completed  (77% total)
     Speed:     ev/sec=12758.4   simsec/sec=0.487624   ev/simsec=26164.3
     Messages:  created: 6902624   present: 15886   in FES: 239
** Event #7276800   t=274.543009177994   Elapsed: 346.302s (5m 46s)  54% completed  (77% total)
     Speed:     ev/sec=12695.7   simsec/sec=0.478682   ev/simsec=26522.1
     Messages:  created: 6923628   present: 16098   in FES: 240
** Event #7303424   t=275.539009989522   Elapsed: 348.333s (5m 48s)  55% completed  (77% total)
     Speed:     ev/sec=13109   simsec/sec=0.490406   ev/simsec=26730.9
     Messages:  created: 6945596   present: 16307   in FES: 239
** Event #7330304   t=276.543010197544   Elapsed: 350.352s (5m 50s)  55% completed  (77% total)
     Speed:     ev/sec=13316.5   simsec/sec=0.497386   ev/simsec=26772.9
     Messages:  created: 6968058   present: 16468   in FES: 230
** Event #7358464   t=277.583965333318   Elapsed: 352.356s (5m 52s)  55% completed  (77% total)
     Speed:     ev/sec=14046.8   simsec/sec=0.519249   ev/simsec=27052.1
     Messages:  created: 6993027   present: 16740   in FES: 250
** Event #7384832   t=278.608012713259   Elapsed: 354.358s (5m 54s)  55% completed  (77% total)
     Speed:     ev/sec=13169.8   simsec/sec=0.511472   ev/simsec=25748.8
     Messages:  created: 7015407   present: 16795   in FES: 204
** Event #7424768   t=280.53030349743   Elapsed: 356.387s (5m 56s)  56% completed  (78% total)
     Speed:     ev/sec=19684.1   simsec/sec=0.947479   ev/simsec=20775.2
     Messages:  created: 7049100   present: 17235   in FES: 222
** Event #7461376   t=282.03042703636   Elapsed: 358.391s (5m 58s)  56% completed  (78% total)
     Speed:     ev/sec=18273.9   simsec/sec=0.748827   ev/simsec=24403.3
     Messages:  created: 7081124   present: 17616   in FES: 249
** Event #7503872   t=283.577597269882   Elapsed: 360.393s (6m 00s)  56% completed  (78% total)
     Speed:     ev/sec=21223.4   simsec/sec=0.772688   ev/simsec=27466.9
     Messages:  created: 7117866   present: 17872   in FES: 231
** Event #7544832   t=285.503557443331   Elapsed: 362.398s (6m 02s)  57% completed  (78% total)
     Speed:     ev/sec=20425.2   simsec/sec=0.960403   ev/simsec=21267.3
     Messages:  created: 7152383   present: 18233   in FES: 225
** Event #7577344   t=286.580109385613   Elapsed: 364.4s (6m 04s)  57% completed  (78% total)
     Speed:     ev/sec=16239.6   simsec/sec=0.537732   ev/simsec=30200.1
     Messages:  created: 7181031   present: 18520   in FES: 254
** Event #7624192   t=288.555062175679   Elapsed: 366.404s (6m 06s)  57% completed  (78% total)
     Speed:     ev/sec=23380.1   simsec/sec=0.985625   ev/simsec=23721.1
     Messages:  created: 7220949   present: 18845   in FES: 225
** Event #7671808   t=290.539816836258   Elapsed: 368.413s (6m 08s)  58% completed  (79% total)
     Speed:     ev/sec=23699.4   simsec/sec=0.987849   ev/simsec=23990.9
     Messages:  created: 7261601   present: 19332   in FES: 254
** Event #7718144   t=292.52138034664   Elapsed: 370.423s (6m 10s)  58% completed  (79% total)
     Speed:     ev/sec=23058.4   simsec/sec=0.986093   ev/simsec=23383.6
     Messages:  created: 7300436   present: 19681   in FES: 240
** Event #7755776   t=294.02422305515   Elapsed: 372.425s (6m 12s)  58% completed  (79% total)
     Speed:     ev/sec=18797.9   simsec/sec=0.7507   ev/simsec=25040.5
     Messages:  created: 7333002   present: 19989   in FES: 240
** Event #7804416   t=295.576726203783   Elapsed: 374.427s (6m 14s)  59% completed  (79% total)
     Speed:     ev/sec=24295   simsec/sec=0.775452   ev/simsec=31330
     Messages:  created: 7378012   present: 20299   in FES: 255
** Event #7894528   t=296.552526364535   Elapsed: 376.451s (6m 16s)  59% completed  (79% total)
     Speed:     ev/sec=44514   simsec/sec=0.482031   ev/simsec=92346.8
     Messages:  created: 7492029   present: 20242   in FES: 204
** Event #7987712   t=297.534300680702   Elapsed: 378.459s (6m 18s)  59% completed  (79% total)
     Speed:     ev/sec=46410.5   simsec/sec=0.488975   ev/simsec=94913.9
     Messages:  created: 7610573   present: 20376   in FES: 223
** Event #8078080   t=298.533283028345   Elapsed: 380.46s (6m 20s)  59% completed  (79% total)
     Speed:     ev/sec=45160   simsec/sec=0.499226   ev/simsec=90460.1
     Messages:  created: 7724699   present: 20512   in FES: 243
** Event #8157184   t=299.873278383452   Elapsed: 382.463s (6m 22s)  59% completed  (79% total)
     Speed:     ev/sec=39492.7   simsec/sec=0.668993   ev/simsec=59033
     Messages:  created: 7820990   present: 20656   in FES: 254
** Event #8238336   t=301.705268923717   Elapsed: 384.466s (6m 24s)  60% completed  (80% total)
     Speed:     ev/sec=40505.9   simsec/sec=0.914414   ev/simsec=44297.2
     Messages:  created: 7915250   present: 20777   in FES: 222
** Event #8339456   t=304.514564159248   Elapsed: 386.476s (6m 26s)  60% completed  (80% total)
     Speed:     ev/sec=50328   simsec/sec=1.3982   ev/simsec=35994.8
     Messages:  created: 8032619   present: 21298   in FES: 251
** Event #8423936   t=306.575655533693   Elapsed: 388.486s (6m 28s)  61% completed  (80% total)
     Speed:     ev/sec=42016.2   simsec/sec=1.02509   ev/simsec=40988
     Messages:  created: 8128801   present: 21580   in FES: 244
** Event #8511488   t=309.009296237487   Elapsed: 390.49s (6m 30s)  61% completed  (80% total)
     Speed:     ev/sec=43699.6   simsec/sec=1.2147   ev/simsec=35975.7
     Messages:  created: 8229393   present: 21924   in FES: 253
** Event #8589056   t=310.968485700739   Elapsed: 392.49s (6m 32s)  62% completed  (81% total)
     Speed:     ev/sec=38778.8   simsec/sec=0.979463   ev/simsec=39591.9
     Messages:  created: 8316350   present: 22031   in FES: 202
** Event #8657664   t=312.553104826178   Elapsed: 394.495s (6m 34s)  62% completed  (81% total)
     Speed:     ev/sec=34216.8   simsec/sec=0.790295   ev/simsec=43296.2
     Messages:  created: 8391012   present: 22371   in FES: 241
** Event #8723968   t=314.084947749751   Elapsed: 396.496s (6m 36s)  62% completed  (81% total)
     Speed:     ev/sec=33139.1   simsec/sec=0.765624   ev/simsec=43283.8
     Messages:  created: 8462900   present: 22606   in FES: 254
** Event #8782080   t=315.558484561217   Elapsed: 398.521s (6m 38s)  63% completed  (81% total)
     Speed:     ev/sec=28695   simsec/sec=0.727614   ev/simsec=39437.1
     Messages:  created: 8526174   present: 22723   in FES: 223
** Event #8842752   t=317.043935082025   Elapsed: 400.523s (6m 40s)  63% completed  (81% total)
     Speed:     ev/sec=30313.4   simsec/sec=0.742171   ev/simsec=40844.2
     Messages:  created: 8592607   present: 23007   in FES: 255
** Event #8911616   t=318.599303731136   Elapsed: 402.533s (6m 42s)  63% completed  (81% total)
     Speed:     ev/sec=34248   simsec/sec=0.773528   ev/simsec=44275
     Messages:  created: 8667757   present: 23208   in FES: 242
** Event #8988416   t=320.557524699799   Elapsed: 404.54s (6m 44s)  64% completed  (82% total)
     Speed:     ev/sec=38278.9   simsec/sec=0.976022   ev/simsec=39219.3
     Messages:  created: 8751600   present: 23353   in FES: 205
** Event #9051648   t=322.048977219591   Elapsed: 406.542s (6m 46s)  64% completed  (82% total)
     Speed:     ev/sec=31571.4   simsec/sec=0.744674   ev/simsec=42396.3
     Messages:  created: 8820861   present: 23659   in FES: 241
** Event #9118720   t=323.595644953685   Elapsed: 408.551s (6m 48s)  64% completed  (82% total)
     Speed:     ev/sec=33395   simsec/sec=0.770083   ev/simsec=43365.5
     Messages:  created: 8894175   present: 23873   in FES: 236
** Event #9196288   t=325.565925158833   Elapsed: 410.555s (6m 50s)  65% completed  (82% total)
     Speed:     ev/sec=38696.7   simsec/sec=0.982923   ev/simsec=39369
     Messages:  created: 8979849   present: 24073   in FES: 236
** Event #9246976   t=326.609506188408   Elapsed: 412.571s (6m 52s)  65% completed  (82% total)
     Speed:     ev/sec=25154   simsec/sec=0.517879   ev/simsec=48571.2
     Messages:  created: 9033755   present: 24274   in FES: 254
** Event #9317376   t=328.509741941619   Elapsed: 414.572s (6m 54s)  65% completed  (82% total)
     Speed:     ev/sec=35173.8   simsec/sec=0.949411   ev/simsec=37048
     Messages:  created: 9112249   present: 24536   in FES: 241
** Event #9377280   t=330.012223506769   Elapsed: 416.575s (6m 56s)  66% completed  (83% total)
     Speed:     ev/sec=29913.4   simsec/sec=0.750272   ev/simsec=39870
     Messages:  created: 9179577   present: 24646   in FES: 209
** Event #9443072   t=331.572988098352   Elapsed: 418.58s (6m 58s)  66% completed  (83% total)
     Speed:     ev/sec=32808.1   simsec/sec=0.778296   ev/simsec=42153.7
     Messages:  created: 9252676   present: 24968   in FES: 243
** Event #9510912   t=333.163131233819   Elapsed: 420.583s (7m 00s)  66% completed  (83% total)
     Speed:     ev/sec=33876.7   simsec/sec=0.794056   ev/simsec=42662.8
     Messages:  created: 9326673   present: 25103   in FES: 236
** Event #9571840   t=334.573417667729   Elapsed: 422.585s (7m 02s)  66% completed  (83% total)
     Speed:     ev/sec=30423.4   simsec/sec=0.704203   ev/simsec=43202.6
     Messages:  created: 9394860   present: 25394   in FES: 254
** Event #9637120   t=336.007659347113   Elapsed: 424.586s (7m 04s)  67% completed  (83% total)
     Speed:     ev/sec=32620.5   simsec/sec=0.716692   ev/simsec=45515.3
     Messages:  created: 9469627   present: 25506   in FES: 223
** Event #9732352   t=336.663724479503   Elapsed: 426.59s (7m 06s)  67% completed  (83% total)
     Speed:     ev/sec=47527.9   simsec/sec=0.327425   ev/simsec=145156
     Messages:  created: 9592402   present: 25666   in FES: 254
** Event #9814016   t=338.070162644788   Elapsed: 428.595s (7m 08s)  67% completed  (83% total)
     Speed:     ev/sec=40730   simsec/sec=0.701463   ev/simsec=58064.4
     Messages:  created: 9689442   present: 25816   in FES: 231
** Event #9868032   t=339.582406080206   Elapsed: 430.603s (7m 10s)  67% completed  (83% total)
     Speed:     ev/sec=26899.5   simsec/sec=0.753085   ev/simsec=35719.1
     Messages:  created: 9745485   present: 26141   in FES: 251
** Event #9913856   t=341.560753231335   Elapsed: 432.61s (7m 12s)  68% completed  (84% total)
     Speed:     ev/sec=22833.3   simsec/sec=0.985777   ev/simsec=23162.8
     Messages:  created: 9785035   present: 26448   in FES: 221
** Event #9961472   t=343.561433148335   Elapsed: 434.619s (7m 14s)  68% completed  (84% total)
     Speed:     ev/sec=23702.3   simsec/sec=0.9959   ev/simsec=23799.9
     Messages:  created: 9826700   present: 26832   in FES: 215
** Event #10007808   t=345.565102885589   Elapsed: 436.62s (7m 16s)  69% completed  (84% total)
     Speed:     ev/sec=23157.6   simsec/sec=1.00138   ev/simsec=23125.6
     Messages:  created: 9867197   present: 27308   in FES: 254
** Event #10051328   t=347.516669127882   Elapsed: 438.621s (7m 18s)  69% completed  (84% total)
     Speed:     ev/sec=21746.3   simsec/sec=0.975169   ev/simsec=22300
     Messages:  created: 9905022   present: 27672   in FES: 229
** Event #10080512   t=348.527150758748   Elapsed: 440.624s (7m 20s)  69% completed  (84% total)
     Speed:     ev/sec=14571.3   simsec/sec=0.504525   ev/simsec=28881.3
     Messages:  created: 9929478   present: 27877   in FES: 226
** Event #10131456   t=349.535245240584   Elapsed: 442.644s (7m 22s)  69% completed  (84% total)
     Speed:     ev/sec=25215.6   simsec/sec=0.498973   ev/simsec=50534.9
     Messages:  created: 9984896   present: 28035   in FES: 227
** Event #10170624   t=350.560798642292   Elapsed: 444.676s (7m 24s)  70% completed  (85% total)
     Speed:     ev/sec=19274.4   simsec/sec=0.504671   ev/simsec=38192.1
     Messages:  created: 10023655   present: 28252   in FES: 233
** Event #10220288   t=351.562614148358   Elapsed: 446.692s (7m 26s)  70% completed  (85% total)
     Speed:     ev/sec=24642.3   simsec/sec=0.49708   ev/simsec=49574
     Messages:  created: 10076530   present: 28542   in FES: 263
** Event #10265088   t=352.574110019014   Elapsed: 448.708s (7m 28s)  70% completed  (85% total)
     Speed:     ev/sec=22215.3   simsec/sec=0.501579   ev/simsec=44290.8
     Messages:  created: 10123114   present: 28667   in FES: 268
** Event #10329856   t=353.562359238806   Elapsed: 450.719s (7m 30s)  70% completed  (85% total)
     Speed:     ev/sec=32218.9   simsec/sec=0.491606   ev/simsec=65538.1
     Messages:  created: 10196808   present: 28964   in FES: 272
** Event #10399744   t=354.560658850695   Elapsed: 452.74s (7m 32s)  70% completed  (85% total)
     Speed:     ev/sec=34574.3   simsec/sec=0.49387   ev/simsec=70007
     Messages:  created: 10279659   present: 29146   in FES: 296
** Event #10462720   t=355.552483686642   Elapsed: 454.768s (7m 34s)  71% completed  (85% total)
     Speed:     ev/sec=31049.9   simsec/sec=0.489012   ev/simsec=63495.1
     Messages:  created: 10353207   present: 29300   in FES: 274
** Event #10534656   t=356.508766947303   Elapsed: 456.771s (7m 36s)  71% completed  (85% total)
     Speed:     ev/sec=35925   simsec/sec=0.47757   ev/simsec=75224.6
     Messages:  created: 10441489   present: 29523   in FES: 284
** Event #10579712   t=357.073648585957   Elapsed: 458.772s (7m 38s)  71% completed  (85% total)
     Speed:     ev/sec=22512.6   simsec/sec=0.282248   ev/simsec=79761.8
     Messages:  created: 10492103   present: 21120   in FES: 272
** Event #10619648   t=357.689002894279   Elapsed: 460.775s (7m 40s)  71% completed  (85% total)
     Speed:     ev/sec=19940.8   simsec/sec=0.307257   ev/simsec=64899.2
     Messages:  created: 10538447   present: 18661   in FES: 316
** Event #10664448   t=358.58166845245   Elapsed: 462.79s (7m 42s)  71% completed  (85% total)
     Speed:     ev/sec=22228.9   simsec/sec=0.442924   ev/simsec=50186.8
     Messages:  created: 10586466   present: 15441   in FES: 278
** Event #10703872   t=359.554483357019   Elapsed: 464.803s (7m 44s)  71% completed  (85% total)
     Speed:     ev/sec=19587.7   simsec/sec=0.483341   ev/simsec=40525.7
     Messages:  created: 10626215   present: 15622   in FES: 271
** Event #10744832   t=360.512659777714   Elapsed: 466.811s (7m 46s)  72% completed  (86% total)
     Speed:     ev/sec=20399.5   simsec/sec=0.477204   ev/simsec=42747.9
     Messages:  created: 10668732   present: 15836   in FES: 287
** Event #10765056   t=361.01222047301   Elapsed: 468.817s (7m 48s)  72% completed  (86% total)
     Speed:     ev/sec=10082.2   simsec/sec=0.249044   ev/simsec=40483.6
     Messages:  created: 10688671   present: 15549   in FES: 259
** Event #10790400   t=361.572940658009   Elapsed: 470.841s (7m 50s)  72% completed  (86% total)
     Speed:     ev/sec=12519.5   simsec/sec=0.276986   ev/simsec=45199
     Messages:  created: 10709112   present: 14452   in FES: 244
** Event #10816768   t=362.561390802139   Elapsed: 472.86s (7m 52s)  72% completed  (86% total)
     Speed:     ev/sec=13059.1   simsec/sec=0.489544   ev/simsec=26676.1
     Messages:  created: 10729580   present: 7301   in FES: 265
** Event #10843648   t=363.554483710951   Elapsed: 474.891s (7m 54s)  72% completed  (86% total)
     Speed:     ev/sec=13236.9   simsec/sec=0.489042   ev/simsec=27067
     Messages:  created: 10750165   present: 2585   in FES: 222
** Event #10871552   t=364.552487221806   Elapsed: 476.925s (7m 56s)  72% completed  (86% total)
     Speed:     ev/sec=13717.1   simsec/sec=0.490601   ev/simsec=27959.8
     Messages:  created: 10772212   present: 2791   in FES: 226
** Event #10899200   t=365.550174561402   Elapsed: 478.936s (7m 58s)  73% completed  (86% total)
     Speed:     ev/sec=13748.3   simsec/sec=0.496113   ev/simsec=27712.1
     Messages:  created: 10793882   present: 2997   in FES: 232
** Event #10918400   t=366.064944803659   Elapsed: 480.94s (8m 00s)  73% completed  (86% total)
     Speed:     ev/sec=9583.82   simsec/sec=0.256951   ev/simsec=37298.2
     Messages:  created: 10808866   present: 3120   in FES: 237
** Event #10943232   t=367.038754893731   Elapsed: 482.942s (8m 02s)  73% completed  (86% total)
     Speed:     ev/sec=12399.5   simsec/sec=0.486259   ev/simsec=25499.8
     Messages:  created: 10828568   present: 3317   in FES: 240
** Event #10967552   t=367.575259464813   Elapsed: 484.962s (8m 04s)  73% completed  (86% total)
     Speed:     ev/sec=12041.8   simsec/sec=0.265646   ev/simsec=45330.5
     Messages:  created: 10848188   present: 3443   in FES: 242
** Event #10995968   t=368.574259529605   Elapsed: 487.005s (8m 07s)  73% completed  (86% total)
     Speed:     ev/sec=13908.1   simsec/sec=0.488955   ev/simsec=28444.4
     Messages:  created: 10870659   present: 3636   in FES: 241
** Event #11024896   t=369.573939309336   Elapsed: 489.025s (8m 09s)  73% completed  (86% total)
     Speed:     ev/sec=14320.2   simsec/sec=0.494869   ev/simsec=28937.3
     Messages:  created: 10893590   present: 3847   in FES: 244
** Event #11053312   t=370.572940253214   Elapsed: 491.04s (8m 11s)  74% completed  (87% total)
     Speed:     ev/sec=14102   simsec/sec=0.495773   ev/simsec=28444.4
     Messages:  created: 10916060   present: 4001   in FES: 228
** Event #11081472   t=371.571260781573   Elapsed: 493.062s (8m 13s)  74% completed  (87% total)
     Speed:     ev/sec=13925.9   simsec/sec=0.493698   ev/simsec=28207.4
     Messages:  created: 10938447   present: 4148   in FES: 209
** Event #11109888   t=372.565775409587   Elapsed: 495.099s (8m 15s)  74% completed  (87% total)
     Speed:     ev/sec=13949.4   simsec/sec=0.488207   ev/simsec=28572.7
     Messages:  created: 10961175   present: 4475   in FES: 247
** Event #11138304   t=373.566359156424   Elapsed: 497.104s (8m 17s)  74% completed  (87% total)
     Speed:     ev/sec=14174.1   simsec/sec=0.499098   ev/simsec=28399.4
     Messages:  created: 10983899   present: 4651   in FES: 241
** Event #11166208   t=374.57172629502   Elapsed: 499.137s (8m 19s)  74% completed  (87% total)
     Speed:     ev/sec=13726.4   simsec/sec=0.494557   ev/simsec=27755
     Messages:  created: 11006166   present: 4782   in FES: 223
** Event #11194624   t=375.571290690155   Elapsed: 501.175s (8m 21s)  75% completed  (87% total)
     Speed:     ev/sec=13942.4   simsec/sec=0.49044   ev/simsec=28428.4
     Messages:  created: 11028971   present: 4949   in FES: 212
** Event #11222784   t=376.579557430206   Elapsed: 503.188s (8m 23s)  75% completed  (87% total)
     Speed:     ev/sec=13989.7   simsec/sec=0.500901   ev/simsec=27929.1
     Messages:  created: 11051919   present: 5226   in FES: 254
** Event #11250944   t=377.602055527228   Elapsed: 505.19s (8m 25s)  75% completed  (87% total)
     Speed:     ev/sec=14066.2   simsec/sec=0.51075   ev/simsec=27540.4
     Messages:  created: 11074646   present: 5455   in FES: 254
** Event #11285248   t=379.060230501119   Elapsed: 507.191s (8m 27s)  75% completed  (87% total)
     Speed:     ev/sec=17145.8   simsec/sec=0.728822   ev/simsec=23525.3
     Messages:  created: 11102781   present: 5763   in FES: 251
** Event #11319552   t=380.544526985655   Elapsed: 509.211s (8m 29s)  76% completed  (88% total)
     Speed:     ev/sec=16977.8   simsec/sec=0.734612   ev/simsec=23111.3
     Messages:  created: 11131371   present: 6042   in FES: 254
** Event #11349504   t=381.569104532197   Elapsed: 511.221s (8m 31s)  76% completed  (88% total)
     Speed:     ev/sec=14902.9   simsec/sec=0.509787   ev/simsec=29233.5
     Messages:  created: 11157473   present: 6256   in FES: 254
** Event #11390976   t=383.099225349165   Elapsed: 513.224s (8m 33s)  76% completed  (88% total)
     Speed:     ev/sec=20703.6   simsec/sec=0.763863   ev/simsec=27103.7
     Messages:  created: 11192602   present: 6528   in FES: 235
** Event #11422720   t=384.56093468211   Elapsed: 515.242s (8m 35s)  76% completed  (88% total)
     Speed:     ev/sec=15734.6   simsec/sec=0.724528   ev/simsec=21717
     Messages:  created: 11219329   present: 6858   in FES: 246
** Event #11468032   t=386.532207712056   Elapsed: 517.256s (8m 37s)  77% completed  (88% total)
     Speed:     ev/sec=22491.5   simsec/sec=0.97848   ev/simsec=22986.2
     Messages:  created: 11257569   present: 7248   in FES: 250
** Event #11503616   t=388.009296465527   Elapsed: 519.258s (8m 39s)  77% completed  (88% total)
     Speed:     ev/sec=17779.7   simsec/sec=0.738032   ev/simsec=24090.6
     Messages:  created: 11288185   present: 7474   in FES: 226
** Event #11548672   t=389.573406110744   Elapsed: 521.265s (8m 41s)  77% completed  (88% total)
     Speed:     ev/sec=22444.2   simsec/sec=0.779146   ev/simsec=28806.2
     Messages:  created: 11326924   present: 7842   in FES: 243
** Event #11594240   t=391.553714337517   Elapsed: 523.273s (8m 43s)  78% completed  (89% total)
     Speed:     ev/sec=22696.6   simsec/sec=0.986354   ev/simsec=23010.6
     Messages:  created: 11365253   present: 8121   in FES: 204
** Event #11641856   t=393.548856508328   Elapsed: 525.281s (8m 45s)  78% completed  (89% total)
     Speed:     ev/sec=23714.3   simsec/sec=0.993643   ev/simsec=23866
     Messages:  created: 11405856   present: 8617   in FES: 240
** Event #11689216   t=395.518466007818   Elapsed: 527.303s (8m 47s)  79% completed  (89% total)
     Speed:     ev/sec=23417.7   simsec/sec=0.973895   ev/simsec=24045.4
     Messages:  created: 11446169   present: 8909   in FES: 205
** Event #11729920   t=397.051411479119   Elapsed: 529.307s (8m 49s)  79% completed  (89% total)
     Speed:     ev/sec=20313.6   simsec/sec=0.765028   ev/simsec=26552.8
     Messages:  created: 11481284   present: 9295   in FES: 230
** Event #11772928   t=398.5952324389   Elapsed: 531.31s (8m 51s)  79% completed  (89% total)
     Speed:     ev/sec=21468.1   simsec/sec=0.770622   ev/simsec=27858.2
     Messages:  created: 11518311   present: 9654   in FES: 248
** Event #11818496   t=400.569196843727   Elapsed: 533.321s (8m 53s)  80% completed  (90% total)
     Speed:     ev/sec=22656.8   simsec/sec=0.981474   ev/simsec=23084.5
     Messages:  created: 11557321   present: 10062   in FES: 250
** Event #11864576   t=402.551659330295   Elapsed: 535.334s (8m 55s)  80% completed  (90% total)
     Speed:     ev/sec=22897.4   simsec/sec=0.985097   ev/simsec=23243.8
     Messages:  created: 11596051   present: 10448   in FES: 254
** Event #11897344   t=403.60046933222   Elapsed: 537.357s (8m 57s)  80% completed  (90% total)
     Speed:     ev/sec=16192.8   simsec/sec=0.518287   ev/simsec=31243
     Messages:  created: 11623788   present: 10650   in FES: 245
** Event #11941376   t=405.554499489946   Elapsed: 539.373s (8m 59s)  81% completed  (90% total)
     Speed:     ev/sec=21849.7   simsec/sec=0.969635   ev/simsec=22533.9
     Messages:  created: 11660346   present: 11021   in FES: 240
** Event #11974400   t=406.604099432172   Elapsed: 541.385s (9m 01s)  81% completed  (90% total)
     Speed:     ev/sec=16410   simsec/sec=0.521559   ev/simsec=31463.4
     Messages:  created: 11688252   present: 11265   in FES: 254
** Event #12017664   t=408.55225596468   Elapsed: 543.397s (9m 03s)  81% completed  (90% total)
     Speed:     ev/sec=21499.1   simsec/sec=0.968092   ev/simsec=22207.7
     Messages:  created: 11723726   present: 11510   in FES: 203
** Event #12050688   t=409.601655853556   Elapsed: 545.408s (9m 05s)  81% completed  (90% total)
     Speed:     ev/sec=16422   simsec/sec=0.521838   ev/simsec=31469.4
     Messages:  created: 11751834   present: 11822   in FES: 235
** Event #12094976   t=411.561801520543   Elapsed: 547.409s (9m 07s)  82% completed  (91% total)
     Speed:     ev/sec=22135.3   simsec/sec=0.97969   ev/simsec=22594.2
     Messages:  created: 11788723   present: 12179   in FES: 223
** Event #12136704   t=413.0755292802   Elapsed: 549.411s (9m 09s)  82% completed  (91% total)
     Speed:     ev/sec=20846.1   simsec/sec=0.756214   ev/simsec=27566.4
     Messages:  created: 11824058   present: 12546   in FES: 243
** Event #12173824   t=414.571892090464   Elapsed: 551.418s (9m 11s)  82% completed  (91% total)
     Speed:     ev/sec=18494.9   simsec/sec=0.745557   ev/simsec=24806.8
     Messages:  created: 11855419   present: 12991   in FES: 305
** Event #12218880   t=416.550714778354   Elapsed: 553.426s (9m 13s)  83% completed  (91% total)
     Speed:     ev/sec=22432.7   simsec/sec=0.985225   ev/simsec=22769.1
     Messages:  created: 11892853   present: 13230   in FES: 254
** Event #12248576   t=417.569477355799   Elapsed: 555.467s (9m 15s)  83% completed  (91% total)
     Speed:     ev/sec=14554.9   simsec/sec=0.499326   ev/simsec=29149.1
     Messages:  created: 11917758   present: 13366   in FES: 214
** Event #12294144   t=419.535262906544   Elapsed: 557.469s (9m 17s)  83% completed  (91% total)
     Speed:     ev/sec=22761.2   simsec/sec=0.981907   ev/simsec=23180.6
     Messages:  created: 11955908   present: 13830   in FES: 243
** Event #12327168   t=420.574249707608   Elapsed: 559.486s (9m 19s)  84% completed  (92% total)
     Speed:     ev/sec=16367.2   simsec/sec=0.514939   ev/simsec=31784.8
     Messages:  created: 11983692   present: 13994   in FES: 221
** Event #12371968   t=422.558389535312   Elapsed: 561.514s (9m 21s)  84% completed  (92% total)
     Speed:     ev/sec=22092.9   simsec/sec=0.978468   ev/simsec=22579.1
     Messages:  created: 12021036   present: 14463   in FES: 254
** Event #12407040   t=424.011801872025   Elapsed: 563.518s (9m 23s)  84% completed  (92% total)
     Speed:     ev/sec=17500.7   simsec/sec=0.725245   ev/simsec=24130.8
     Messages:  created: 12050607   present: 14720   in FES: 240
** Event #12450304   t=425.571387870211   Elapsed: 565.524s (9m 25s)  85% completed  (92% total)
     Speed:     ev/sec=21572.5   simsec/sec=0.777647   ev/simsec=27740.7
     Messages:  created: 12087740   present: 15198   in FES: 305
** Event #12495360   t=427.532069701547   Elapsed: 567.545s (9m 27s)  85% completed  (92% total)
     Speed:     ev/sec=22292.7   simsec/sec=0.970101   ev/simsec=22979.8
     Messages:  created: 12125640   present: 15463   in FES: 254
** Event #12527360   t=428.579200150543   Elapsed: 569.556s (9m 29s)  85% completed  (92% total)
     Speed:     ev/sec=15909.6   simsec/sec=0.520609   ev/simsec=30559.7
     Messages:  created: 12152351   present: 15537   in FES: 203
** Event #12570880   t=430.513169206075   Elapsed: 571.571s (9m 31s)  86% completed  (93% total)
     Speed:     ev/sec=21602.1   simsec/sec=0.959969   ev/simsec=22502.9
     Messages:  created: 12188335   present: 16054   in FES: 254
** Event #12603136   t=431.573406099545   Elapsed: 573.575s (9m 33s)  86% completed  (93% total)
     Speed:     ev/sec=16098.8   simsec/sec=0.52916   ev/simsec=30423.4
     Messages:  created: 12215256   present: 16247   in FES: 244
** Event #12635648   t=433.009296373179   Elapsed: 575.576s (9m 35s)  86% completed  (93% total)
     Speed:     ev/sec=16240.3   simsec/sec=0.71725   ev/simsec=22642.4
     Messages:  created: 12242019   present: 16522   in FES: 242
** Event #12677632   t=434.540565605246   Elapsed: 577.602s (9m 37s)  86% completed  (93% total)
     Speed:     ev/sec=20723.4   simsec/sec=0.755837   ev/simsec=27417.8
     Messages:  created: 12277302   present: 16845   in FES: 250
** Event #12706048   t=435.559199155443   Elapsed: 579.608s (9m 39s)  87% completed  (93% total)
     Speed:     ev/sec=14171.2   simsec/sec=0.507997   ev/simsec=27896.2
     Messages:  created: 12300594   present: 17028   in FES: 241
** Event #12731648   t=436.525969004539   Elapsed: 581.624s (9m 41s)  87% completed  (93% total)
     Speed:     ev/sec=12695.2   simsec/sec=0.479427   ev/simsec=26479.9
     Messages:  created: 12321957   present: 17222   in FES: 234
** Event #12757504   t=437.544636413365   Elapsed: 583.625s (9m 43s)  87% completed  (93% total)
     Speed:     ev/sec=12922.2   simsec/sec=0.509106   ev/simsec=25382.2
     Messages:  created: 12343934   present: 17460   in FES: 253
** Event #12782592   t=438.564452245068   Elapsed: 585.627s (9m 45s)  87% completed  (93% total)
     Speed:     ev/sec=12531.7   simsec/sec=0.509408   ev/simsec=24600.5
     Messages:  created: 12365012   present: 17633   in FES: 254
** Event #12811008   t=439.600172607463   Elapsed: 587.637s (9m 47s)  87% completed  (93% total)
     Speed:     ev/sec=14136.7   simsec/sec=0.515262   ev/simsec=27436
     Messages:  created: 12389065   present: 17852   in FES: 254
** Event #12852992   t=441.518437288909   Elapsed: 589.638s (9m 49s)  88% completed  (94% total)
     Speed:     ev/sec=20986.8   simsec/sec=0.958896   ev/simsec=21886.4
     Messages:  created: 12424099   present: 18181   in FES: 225
** Event #12894720   t=442.570909822329   Elapsed: 591.638s (9m 51s)  88% completed  (94% total)
     Speed:     ev/sec=20856.1   simsec/sec=0.526038   ev/simsec=39647.6
     Messages:  created: 12464806   present: 18401   in FES: 232
** Event #12978432   t=443.55081873636   Elapsed: 593.643s (9m 53s)  88% completed  (94% total)
     Speed:     ev/sec=41755.8   simsec/sec=0.488781   ev/simsec=85428.3
     Messages:  created: 12568543   present: 18626   in FES: 305
** Event #13061120   t=444.540622363795   Elapsed: 595.658s (9m 55s)  88% completed  (94% total)
     Speed:     ev/sec=41030   simsec/sec=0.491143   ev/simsec=83539.8
     Messages:  created: 12670518   present: 18508   in FES: 225
** Event #13145344   t=445.540485612157   Elapsed: 597.684s (9m 57s)  89% completed  (94% total)
     Speed:     ev/sec=41568.9   simsec/sec=0.493485   ev/simsec=84235.5
     Messages:  created: 12774081   present: 18652   in FES: 254
** Event #13231360   t=446.551817488129   Elapsed: 599.685s (9m 59s)  89% completed  (94% total)
     Speed:     ev/sec=43005.4   simsec/sec=0.505636   ev/simsec=85052.2
     Messages:  created: 12880085   present: 18687   in FES: 256
** Event #13318912   t=447.563557712606   Elapsed: 601.685s (10m 01s)  89% completed  (94% total)
     Speed:     ev/sec=43765.8   simsec/sec=0.505752   ev/simsec=86536
     Messages:  created: 12987798   present: 18765   in FES: 254
** Event #13409280   t=448.620412077298   Elapsed: 603.685s (10m 03s)  89% completed  (94% total)
     Speed:     ev/sec=45177.5   simsec/sec=0.528351   ev/simsec=85506.6
     Messages:  created: 13099098   present: 18848   in FES: 256
** Event #13497088   t=449.664283578291   Elapsed: 605.69s (10m 05s)  89% completed  (94% total)
     Speed:     ev/sec=43791.9   simsec/sec=0.520603   ev/simsec=84117.6
     Messages:  created: 13207876   present: 18890   in FES: 255
** Event #13591552   t=450.852065951855   Elapsed: 607.692s (10m 07s)  90% completed  (95% total)
     Speed:     ev/sec=47205.4   simsec/sec=0.593557   ev/simsec=79529.7
     Messages:  created: 13325551   present: 18848   in FES: 203
** Event #13688064   t=452.024223668684   Elapsed: 609.695s (10m 09s)  90% completed  (95% total)
     Speed:     ev/sec=48167.1   simsec/sec=0.584999   ev/simsec=82337
     Messages:  created: 13444989   present: 19037   in FES: 238
** Event #13782784   t=453.081435181338   Elapsed: 611.701s (10m 11s)  90% completed  (95% total)
     Speed:     ev/sec=47236.3   simsec/sec=0.527225   ev/simsec=89594.2
     Messages:  created: 13560001   present: 19167   in FES: 284
** Event #13871616   t=454.120145363914   Elapsed: 613.706s (10m 13s)  90% completed  (95% total)
     Speed:     ev/sec=44293.9   simsec/sec=0.517927   ev/simsec=85521.4
     Messages:  created: 13668259   present: 19188   in FES: 254
** Event #13975552   t=455.489771717184   Elapsed: 615.708s (10m 15s)  91% completed  (95% total)
     Speed:     ev/sec=51926.7   simsec/sec=0.684268   ev/simsec=75886.4
     Messages:  created: 13799110   present: 19278   in FES: 256
** Event #14065920   t=456.556105145991   Elapsed: 617.71s (10m 17s)  91% completed  (95% total)
     Speed:     ev/sec=45135.6   simsec/sec=0.532596   ev/simsec=84746.5
     Messages:  created: 13909447   present: 19265   in FES: 238
** Event #14150912   t=457.567311541346   Elapsed: 619.718s (10m 19s)  91% completed  (95% total)
     Speed:     ev/sec=42327.1   simsec/sec=0.503593   ev/simsec=84050.1
     Messages:  created: 14012016   present: 19477   in FES: 254
** Event #14233088   t=458.581391406002   Elapsed: 621.719s (10m 21s)  91% completed  (95% total)
     Speed:     ev/sec=41072.9   simsec/sec=0.506853   ev/simsec=81035
     Messages:  created: 14111566   present: 19488   in FES: 255
** Event #14314752   t=459.601744656114   Elapsed: 623.723s (10m 23s)  91% completed  (95% total)
     Speed:     ev/sec=40731.4   simsec/sec=0.50892   ev/simsec=80035
     Messages:  created: 14210088   present: 19573   in FES: 245
** Event #14399488   t=460.686992953932   Elapsed: 625.725s (10m 25s)  92% completed  (96% total)
     Speed:     ev/sec=42342.3   simsec/sec=0.542295   ev/simsec=78079.8
     Messages:  created: 14312895   present: 19670   in FES: 288
** Event #14489600   t=461.901745653277   Elapsed: 627.727s (10m 27s)  92% completed  (96% total)
     Speed:     ev/sec=45001.5   simsec/sec=0.606642   ev/simsec=74181.4
     Messages:  created: 14423214   present: 19721   in FES: 242
** Event #14583808   t=463.055735913329   Elapsed: 629.728s (10m 29s)  92% completed  (96% total)
     Speed:     ev/sec=47086.8   simsec/sec=0.576784   ev/simsec=81636.7
     Messages:  created: 14536754   present: 19728   in FES: 249
** Event #14678016   t=464.122603244979   Elapsed: 631.728s (10m 31s)  92% completed  (96% total)
     Speed:     ev/sec=47091.9   simsec/sec=0.533297   ev/simsec=88303.4
     Messages:  created: 14648998   present: 19899   in FES: 287
** Event #14769664   t=465.123014637839   Elapsed: 633.731s (10m 33s)  93% completed  (96% total)
     Speed:     ev/sec=45754.6   simsec/sec=0.499448   ev/simsec=91610.3
     Messages:  created: 14760712   present: 19948   in FES: 244
** Event #14862080   t=466.028815324662   Elapsed: 635.733s (10m 35s)  93% completed  (96% total)
     Speed:     ev/sec=46167.4   simsec/sec=0.452502   ev/simsec=102027
     Messages:  created: 14878414   present: 20020   in FES: 255
** Event #14983936   t=466.550461961121   Elapsed: 637.734s (10m 37s)  93% completed  (96% total)
     Speed:     ev/sec=60905.3   simsec/sec=0.260726   ev/simsec=233599
     Messages:  created: 15039139   present: 20014   in FES: 250
** Event #15088896   t=467.084999263205   Elapsed: 639.737s (10m 39s)  93% completed  (96% total)
     Speed:     ev/sec=52392.6   simsec/sec=0.266823   ev/simsec=196357
     Messages:  created: 15175356   present: 20058   in FES: 227
** Event #15172864   t=467.582594214122   Elapsed: 641.739s (10m 41s)  93% completed  (96% total)
     Speed:     ev/sec=41950.4   simsec/sec=0.248598   ev/simsec=168748
     Messages:  created: 15283691   present: 20126   in FES: 255
** Event #15279616   t=468.538621890097   Elapsed: 643.756s (10m 43s)  93% completed  (96% total)
     Speed:     ev/sec=52926.6   simsec/sec=0.473989   ev/simsec=111662
     Messages:  created: 15418887   present: 20157   in FES: 232
** Event #15373824   t=469.315966370538   Elapsed: 645.759s (10m 45s)  93% completed  (96% total)
     Speed:     ev/sec=47039.8   simsec/sec=0.388143   ev/simsec=121192
     Messages:  created: 15535964   present: 20229   in FES: 246
** Event #15423744   t=469.705264824779   Elapsed: 647.76s (10m 47s)  93% completed  (96% total)
     Speed:     ev/sec=24944.6   simsec/sec=0.194529   ev/simsec=128231
     Messages:  created: 15596488   present: 20242   in FES: 255
** Event #15507712   t=470.527121401565   Elapsed: 649.78s (10m 49s)  94% completed  (97% total)
     Speed:     ev/sec=41571.3   simsec/sec=0.406889   ev/simsec=102169
     Messages:  created: 15698086   present: 20314   in FES: 254
** Event #15572992   t=471.12310580165   Elapsed: 651.782s (10m 51s)  94% completed  (97% total)
     Speed:     ev/sec=32598   simsec/sec=0.297608   ev/simsec=109533
     Messages:  created: 15772780   present: 20392   in FES: 255
** Event #15609600   t=471.565341968891   Elapsed: 653.825s (10m 53s)  94% completed  (97% total)
     Speed:     ev/sec=17918.8   simsec/sec=0.216464   ev/simsec=82779.3
     Messages:  created: 15815170   present: 20396   in FES: 216
** Event #15691520   t=472.512660128135   Elapsed: 655.84s (10m 55s)  94% completed  (97% total)
     Speed:     ev/sec=40648.8   simsec/sec=0.47006   ev/simsec=86475.7
     Messages:  created: 15915654   present: 20580   in FES: 254
** Event #15705088   t=473.009296191538   Elapsed: 657.847s (10m 57s)  94% completed  (97% total)
     Speed:     ev/sec=6762.11   simsec/sec=0.247517   ev/simsec=27319.8
     Messages:  created: 15926369   present: 20686   in FES: 253
** Event #15731968   t=473.551576936782   Elapsed: 659.887s (10m 59s)  94% completed  (97% total)
     Speed:     ev/sec=13174.1   simsec/sec=0.265777   ev/simsec=49568.4
     Messages:  created: 15947124   present: 20772   in FES: 246
** Event #15759104   t=474.526727764633   Elapsed: 661.936s (11m 01s)  94% completed  (97% total)
     Speed:     ev/sec=13247.1   simsec/sec=0.476043   ev/simsec=27827.5
     Messages:  created: 15966589   present: 20882   in FES: 215
** Event #15781376   t=475.07051274526   Elapsed: 663.936s (11m 03s)  95% completed  (97% total)
     Speed:     ev/sec=11133.1   simsec/sec=0.271823   ev/simsec=40957.4
     Messages:  created: 15984222   present: 21067   in FES: 244
** Event #15798528   t=475.56814523564   Elapsed: 665.937s (11m 05s)  95% completed  (97% total)
     Speed:     ev/sec=8571.94   simsec/sec=0.248698   ev/simsec=34467.2
     Messages:  created: 15997169   present: 21192   in FES: 242
** Event #15827968   t=476.531308622803   Elapsed: 667.955s (11m 07s)  95% completed  (97% total)
     Speed:     ev/sec=14588.5   simsec/sec=0.477278   ev/simsec=30565.9
     Messages:  created: 16019856   present: 21287   in FES: 226
** Event #15857408   t=477.512523141942   Elapsed: 669.97s (11m 09s)  95% completed  (97% total)
     Speed:     ev/sec=14615.5   simsec/sec=0.487124   ev/simsec=30003.6
     Messages:  created: 16042720   present: 21740   in FES: 322
** Event #15869440   t=477.618003327101   Elapsed: 671.975s (11m 11s)  95% completed  (97% total)
     Speed:     ev/sec=6001.01   simsec/sec=0.0526087   ev/simsec=114069
     Messages:  created: 16053500   present: 21575   in FES: 271
** Event #15900416   t=478.573387708038   Elapsed: 673.985s (11m 13s)  95% completed  (97% total)
     Speed:     ev/sec=15405.2   simsec/sec=0.475139   ev/simsec=32422.6
     Messages:  created: 16078111   present: 21805   in FES: 271
** Event #15930880   t=479.569574836728   Elapsed: 676.013s (11m 16s)  95% completed  (97% total)
     Speed:     ev/sec=15024.8   simsec/sec=0.491318   ev/simsec=30580.6
     Messages:  created: 16100815   present: 21913   in FES: 228
** Event #15963392   t=480.571574455354   Elapsed: 678.048s (11m 18s)  96% completed  (98% total)
     Speed:     ev/sec=15975.9   simsec/sec=0.492367   ev/simsec=32447.1
     Messages:  created: 16125974   present: 22153   in FES: 245
** Event #15994624   t=481.567648618223   Elapsed: 680.053s (11m 20s)  96% completed  (98% total)
     Speed:     ev/sec=15574.3   simsec/sec=0.496707   ev/simsec=31355.1
     Messages:  created: 16149086   present: 22361   in FES: 263
** Event #16025344   t=482.563573758779   Elapsed: 682.055s (11m 22s)  96% completed  (98% total)
     Speed:     ev/sec=15345.6   simsec/sec=0.497494   ev/simsec=30845.7
     Messages:  created: 16172500   present: 22767   in FES: 338
** Event #16056320   t=483.561384867182   Elapsed: 684.09s (11m 24s)  96% completed  (98% total)
     Speed:     ev/sec=15222.8   simsec/sec=0.490362   ev/simsec=31044
     Messages:  created: 16195857   present: 21740   in FES: 267
** Event #16085504   t=484.535096162459   Elapsed: 686.096s (11m 26s)  96% completed  (98% total)
     Speed:     ev/sec=14545.5   simsec/sec=0.485304   ev/simsec=29971.9
     Messages:  created: 16217571   present: 17924   in FES: 294
** Event #16116480   t=485.524308076848   Elapsed: 688.118s (11m 28s)  97% completed  (98% total)
     Speed:     ev/sec=15325.1   simsec/sec=0.489403   ev/simsec=31313.8
     Messages:  created: 16241126   present: 14511   in FES: 256
** Event #16147712   t=486.522095465553   Elapsed: 690.118s (11m 30s)  97% completed  (98% total)
     Speed:     ev/sec=15610.5   simsec/sec=0.498719   ev/simsec=31301.3
     Messages:  created: 16264978   present: 14753   in FES: 287
** Event #16179456   t=487.520708478914   Elapsed: 692.133s (11m 32s)  97% completed  (98% total)
     Speed:     ev/sec=15755.2   simsec/sec=0.495631   ev/simsec=31788.1
     Messages:  created: 16289221   present: 14888   in FES: 251
** Event #16194560   t=488.011802618667   Elapsed: 694.134s (11m 34s)  97% completed  (98% total)
     Speed:     ev/sec=7550.67   simsec/sec=0.245504   ev/simsec=30755.8
     Messages:  created: 16300897   present: 14562   in FES: 240
** Event #16223232   t=488.573910847013   Elapsed: 696.147s (11m 36s)  97% completed  (98% total)
     Speed:     ev/sec=14241   simsec/sec=0.279191   ev/simsec=51008
     Messages:  created: 16323192   present: 13579   in FES: 255
** Event #16252928   t=489.567071407871   Elapsed: 698.17s (11m 38s)  97% completed  (98% total)
     Speed:     ev/sec=14675.3   simsec/sec=0.490804   ev/simsec=29900.5
     Messages:  created: 16344821   present: 6281   in FES: 220
** Event #16284160   t=490.56638870879   Elapsed: 700.175s (11m 40s)  98% completed  (99% total)
     Speed:     ev/sec=15577.6   simsec/sec=0.49843   ev/simsec=31253.3
     Messages:  created: 16368824   present: 2840   in FES: 305
** Event #16315136   t=491.562001410882   Elapsed: 702.183s (11m 42s)  98% completed  (99% total)
     Speed:     ev/sec=15432.8   simsec/sec=0.496032   ev/simsec=31112.5
     Messages:  created: 16392015   present: 2816   in FES: 230
** Event #16344832   t=492.543582011973   Elapsed: 704.186s (11m 44s)  98% completed  (99% total)
     Speed:     ev/sec=14822   simsec/sec=0.489932   ev/simsec=30253.2
     Messages:  created: 16413977   present: 3026   in FES: 254
** Event #16375808   t=493.524122188142   Elapsed: 706.202s (11m 46s)  98% completed  (99% total)
     Speed:     ev/sec=15364.9   simsec/sec=0.486372   ev/simsec=31590.8
     Messages:  created: 16437153   present: 3280   in FES: 254
** Event #16406528   t=494.520707684719   Elapsed: 708.222s (11m 48s)  98% completed  (99% total)
     Speed:     ev/sec=15210   simsec/sec=0.493426   ev/simsec=30825.3
     Messages:  created: 16460759   present: 3464   in FES: 250
** Event #16421632   t=495.012213291972   Elapsed: 710.222s (11m 50s)  99% completed  (99% total)
     Speed:     ev/sec=7551.17   simsec/sec=0.245726   ev/simsec=30730.1
     Messages:  created: 16472540   present: 3565   in FES: 254
** Event #16450816   t=495.603802470504   Elapsed: 712.226s (11m 52s)  99% completed  (99% total)
     Speed:     ev/sec=14565.5   simsec/sec=0.295257   ev/simsec=49331.5
     Messages:  created: 16495124   present: 3558   in FES: 213
** Event #16481536   t=496.571912701685   Elapsed: 714.277s (11m 54s)  99% completed  (99% total)
     Speed:     ev/sec=14977.6   simsec/sec=0.472003   ev/simsec=31731.9
     Messages:  created: 16517960   present: 3754   in FES: 203
** Event #16512512   t=497.568109416134   Elapsed: 716.284s (11m 56s)  99% completed  (99% total)
     Speed:     ev/sec=15429.9   simsec/sec=0.496228   ev/simsec=31094.3
     Messages:  created: 16541313   present: 4007   in FES: 221
** Event #16544000   t=498.567767664464   Elapsed: 718.296s (11m 58s)  99% completed  (99% total)
     Speed:     ev/sec=15655.1   simsec/sec=0.497007   ev/simsec=31498.8
     Messages:  created: 16565238   present: 4240   in FES: 234
** Event #16575232   t=499.566573946763   Elapsed: 720.296s (12m 00s)  99% completed  (99% total)
     Speed:     ev/sec=15609.9   simsec/sec=0.499208   ev/simsec=31269.3
     Messages:  created: 16589077   present: 4587   in FES: 283
** Event #16580802   t=500   Elapsed: 721.022s (12m 01s)  100% completed  (100% total)
     Speed:     ev/sec=7679.85   simsec/sec=0.596693   ev/simsec=12870.7
     Messages:  created: 16593288   present: 4410   in FES: 202

<!> Simulation time limit reached -- at t=500s, event #16580802
undisposed object: (omnetpp::cMessage) FanetSarNetwork.groundStation.app.debugTimer -- check module destructor
undisposed object: (omnetpp::cMessage) FanetSarNetwork.uav[0].app.debugTimer -- check module destructor
undisposed object: (omnetpp::cMessage) FanetSarNetwork.uav[1].app.debugTimer -- check module destructor
undisposed object: (omnetpp::cMessage) FanetSarNetwork.uav[2].app.debugTimer -- check module destructor
undisposed object: (omnetpp::cMessage) FanetSarNetwork.uav[3].app.debugTimer -- check module destructor
undisposed object: (omnetpp::cMessage) FanetSarNetwork.uav[4].app.debugTimer -- check module destructor
undisposed object: (omnetpp::cMessage) FanetSarNetwork.uav[5].app.debugTimer -- check module destructor
undisposed object: (omnetpp::cMessage) FanetSarNetwork.uav[6].app.debugTimer -- check module destructor
undisposed object: (omnetpp::cMessage) FanetSarNetwork.uav[7].app.debugTimer -- check module destructor
undisposed object: (omnetpp::cMessage) FanetSarNetwork.uav[8].app.debugTimer -- check module destructor
undisposed object: (omnetpp::cMessage) FanetSarNetwork.uav[9].app.debugTimer -- check module destructor
undisposed object: (omnetpp::cMessage) FanetSarNetwork.uav[10].app.debugTimer -- check module destructor
undisposed object: (omnetpp::cMessage) FanetSarNetwork.uav[11].app.debugTimer -- check module destructor
undisposed object: (omnetpp::cMessage) FanetSarNetwork.uav[12].app.debugTimer -- check module destructor
undisposed object: (omnetpp::cMessage) FanetSarNetwork.uav[13].app.debugTimer -- check module destructor
undisposed object: (omnetpp::cMessage) FanetSarNetwork.uav[14].app.debugTimer -- check module destructor
undisposed object: (omnetpp::cMessage) FanetSarNetwork.uav[15].app.debugTimer -- check module destructor
undisposed object: (omnetpp::cMessage) FanetSarNetwork.uav[16].app.debugTimer -- check module destructor
undisposed object: (omnetpp::cMessage) FanetSarNetwork.uav[17].app.debugTimer -- check module destructor
undisposed object: (omnetpp::cMessage) FanetSarNetwork.uav[18].app.debugTimer -- check module destructor
undisposed object: (omnetpp::cMessage) FanetSarNetwork.uav[19].app.debugTimer -- check module destructor
undisposed object: (omnetpp::cMessage) FanetSarNetwork.uav[20].app.debugTimer -- check module destructor
undisposed object: (omnetpp::cMessage) FanetSarNetwork.uav[21].app.debugTimer -- check module destructor
undisposed object: (omnetpp::cMessage) FanetSarNetwork.uav[22].app.debugTimer -- check module destructor
undisposed object: (omnetpp::cMessage) FanetSarNetwork.uav[23].app.debugTimer -- check module destructor
undisposed object: (omnetpp::cMessage) FanetSarNetwork.uav[24].app.debugTimer -- check module destructor
undisposed object: (omnetpp::cMessage) FanetSarNetwork.uav[25].app.debugTimer -- check module destructor
undisposed object: (omnetpp::cMessage) FanetSarNetwork.uav[26].app.debugTimer -- check module destructor
undisposed object: (omnetpp::cMessage) FanetSarNetwork.uav[27].app.debugTimer -- check module destructor
undisposed object: (omnetpp::cMessage) FanetSarNetwork.uav[28].app.debugTimer -- check module destructor
undisposed object: (omnetpp::cMessage) FanetSarNetwork.uav[29].app.debugTimer -- check module destructor
undisposed object: (omnetpp::cMessage) FanetSarNetwork.uav[30].app.debugTimer -- check module destructor
undisposed object: (omnetpp::cMessage) FanetSarNetwork.uav[31].app.debugTimer -- check module destructor
undisposed object: (omnetpp::cMessage) FanetSarNetwork.uav[32].app.debugTimer -- check module destructor
undisposed object: (omnetpp::cMessage) FanetSarNetwork.uav[33].app.debugTimer -- check module destructor
undisposed object: (omnetpp::cMessage) FanetSarNetwork.uav[34].app.debugTimer -- check module destructor
undisposed object: (omnetpp::cMessage) FanetSarNetwork.uav[35].app.debugTimer -- check module destructor
undisposed object: (omnetpp::cMessage) FanetSarNetwork.uav[36].app.debugTimer -- check module destructor
undisposed object: (omnetpp::cMessage) FanetSarNetwork.uav[37].app.debugTimer -- check module destructor
undisposed object: (omnetpp::cMessage) FanetSarNetwork.uav[38].app.debugTimer -- check module destructor
undisposed object: (omnetpp::cMessage) FanetSarNetwork.uav[39].app.debugTimer -- check module destructor
undisposed object: (omnetpp::cMessage) FanetSarNetwork.uav[40].app.debugTimer -- check module destructor
undisposed object: (omnetpp::cMessage) FanetSarNetwork.uav[41].app.debugTimer -- check module destructor
undisposed object: (omnetpp::cMessage) FanetSarNetwork.uav[42].app.debugTimer -- check module destructor
undisposed object: (omnetpp::cMessage) FanetSarNetwork.uav[43].app.debugTimer -- check module destructor
undisposed object: (omnetpp::cMessage) FanetSarNetwork.uav[44].app.debugTimer -- check module destructor
undisposed object: (omnetpp::cMessage) FanetSarNetwork.uav[45].app.debugTimer -- check module destructor
undisposed object: (omnetpp::cMessage) FanetSarNetwork.uav[46].app.debugTimer -- check module destructor
undisposed object: (omnetpp::cMessage) FanetSarNetwork.uav[47].app.debugTimer -- check module destructor
undisposed object: (omnetpp::cMessage) FanetSarNetwork.uav[48].app.debugTimer -- check module destructor
undisposed object: (omnetpp::cMessage) FanetSarNetwork.uav[49].app.debugTimer -- check module destructor
