** Event #0   t=0   Elapsed: 2.5e-05s (0m 00s)  0% completed  (0% total)
     Speed:     ev/sec=0   simsec/sec=0   ev/simsec=0
     Messages:  created: 1178   present: 1178   in FES: 186
** Event #92160   t=4.546728506485   Elapsed: 2.00409s (0m 02s)  0% completed  (0% total)
     Speed:     ev/sec=45986.8   simsec/sec=2.26874   ev/simsec=20269.7
     Messages:  created: 88243   present: 1345   in FES: 155
** Event #183296   t=12.521080501899   Elapsed: 4.00569s (0m 04s)  2% completed  (1% total)
     Speed:     ev/sec=45531.6   simsec/sec=3.98399   ev/simsec=11428.6
     Messages:  created: 172021   present: 1341   in FES: 155
** Event #258816   t=16.530467485222   Elapsed: 6.00573s (0m 06s)  3% completed  (1% total)
     Speed:     ev/sec=37759.1   simsec/sec=2.00465   ev/simsec=18835.8
     Messages:  created: 242466   present: 1374   in FES: 155
** Event #328704   t=21.017810546625   Elapsed: 8.00622s (0m 08s)  4% completed  (2% total)
     Speed:     ev/sec=34935.6   simsec/sec=2.24313   ev/simsec=15574.5
     Messages:  created: 308898   present: 1203   in FES: 150
** Event #398592   t=27.564965021587   Elapsed: 10.0096s (0m 10s)  5% completed  (2% total)
     Speed:     ev/sec=34884.5   simsec/sec=3.268   ev/simsec=10674.6
     Messages:  created: 377208   present: 1327   in FES: 182
** Event #469248   t=30.608392394213   Elapsed: 12.0139s (0m 12s)  6% completed  (3% total)
     Speed:     ev/sec=35253   simsec/sec=1.51848   ev/simsec=23215.9
     Messages:  created: 449257   present: 1254   in FES: 154
** Event #547072   t=36.517958722721   Elapsed: 14.023s (0m 14s)  7% completed  (3% total)
     Speed:     ev/sec=38735.3   simsec/sec=2.94136   ev/simsec=13169.2
     Messages:  created: 526633   present: 1320   in FES: 154
** Event #624896   t=43.544141205158   Elapsed: 16.0237s (0m 16s)  8% completed  (4% total)
     Speed:     ev/sec=38899.3   simsec/sec=3.51194   ev/simsec=11076.3
     Messages:  created: 603741   present: 1204   in FES: 153
** Event #695296   t=48.601296434515   Elapsed: 18.0271s (0m 18s)  9% completed  (4% total)
     Speed:     ev/sec=35142.8   simsec/sec=2.52447   ev/simsec=13920.9
     Messages:  created: 673868   present: 1235   in FES: 150
** Event #769792   t=56.055262900216   Elapsed: 20.0302s (0m 20s)  11% completed  (5% total)
     Speed:     ev/sec=37187.7   simsec/sec=3.72095   ev/simsec=9994.14
     Messages:  created: 747064   present: 1127   in FES: 124
** Event #849152   t=62.558505305494   Elapsed: 22.037s (0m 22s)  12% completed  (6% total)
     Speed:     ev/sec=39544.8   simsec/sec=3.24054   ev/simsec=12203.1
     Messages:  created: 826195   present: 1216   in FES: 152
** Event #926464   t=68.56119714221   Elapsed: 24.0391s (0m 24s)  13% completed  (6% total)
     Speed:     ev/sec=38614.9   simsec/sec=2.99815   ev/simsec=12879.6
     Messages:  created: 902864   present: 1218   in FES: 153
** Event #993536   t=71.529140392329   Elapsed: 26.0397s (0m 26s)  14% completed  (7% total)
     Speed:     ev/sec=33526.1   simsec/sec=1.48353   ev/simsec=22598.8
     Messages:  created: 966535   present: 1273   in FES: 146
** Event #1061376   t=73.095085499328   Elapsed: 28.0437s (0m 28s)  14% completed  (7% total)
     Speed:     ev/sec=33853.1   simsec/sec=0.781428   ev/simsec=43322.1
     Messages:  created: 1030668   present: 1194   in FES: 149
** Event #1128192   t=76.559525493354   Elapsed: 30.0461s (0m 30s)  15% completed  (7% total)
     Speed:     ev/sec=33367.5   simsec/sec=1.73012   ev/simsec=19286.2
     Messages:  created: 1091549   present: 1244   in FES: 141
** Event #1200640   t=81.029012878473   Elapsed: 32.0508s (0m 32s)  16% completed  (8% total)
     Speed:     ev/sec=36139.2   simsec/sec=2.22951   ev/simsec=16209.5
     Messages:  created: 1157982   present: 1188   in FES: 147
** Event #1267200   t=85.055257836687   Elapsed: 34.0511s (0m 34s)  17% completed  (8% total)
     Speed:     ev/sec=33275.1   simsec/sec=2.01282   ev/simsec=16531.5
     Messages:  created: 1218954   present: 1197   in FES: 148
** Event #1333760   t=89.526111203619   Elapsed: 36.0539s (0m 36s)  17% completed  (8% total)
     Speed:     ev/sec=33232.6   simsec/sec=2.23225   ev/simsec=14887.5
     Messages:  created: 1280269   present: 1257   in FES: 151
** Event #1400320   t=93.556343562852   Elapsed: 38.0628s (0m 38s)  18% completed  (9% total)
     Speed:     ev/sec=33133.6   simsec/sec=2.00625   ev/simsec=16515.2
     Messages:  created: 1341815   present: 1252   in FES: 155
** Event #1469696   t=97.559138139949   Elapsed: 40.0769s (0m 40s)  19% completed  (9% total)
     Speed:     ev/sec=34445.1   simsec/sec=1.98738   ev/simsec=17331.9
     Messages:  created: 1406724   present: 1351   in FES: 172
** Event #1527552   t=98.551218244779   Elapsed: 42.0964s (0m 42s)  19% completed  (9% total)
     Speed:     ev/sec=28649.2   simsec/sec=0.491259   ev/simsec=58317.9
     Messages:  created: 1460668   present: 1248   in FES: 153
** Event #1585408   t=100.01357654594   Elapsed: 44.1091s (0m 44s)  20% completed  (10% total)
     Speed:     ev/sec=28744.4   simsec/sec=0.726539   ev/simsec=39563.5
     Messages:  created: 1511933   present: 1174   in FES: 142
** Event #1635328   t=101.048591932239   Elapsed: 46.1137s (0m 46s)  20% completed  (10% total)
     Speed:     ev/sec=24903.2   simsec/sec=0.51633   ev/simsec=48231.2
     Messages:  created: 1555573   present: 1306   in FES: 174
** Event #1686272   t=101.563860706923   Elapsed: 48.1177s (0m 48s)  20% completed  (10% total)
     Speed:     ev/sec=25420.8   simsec/sec=0.257116   ev/simsec=98868.8
     Messages:  created: 1601009   present: 1475   in FES: 175
** Event #1740544   t=102.594103235347   Elapsed: 50.1194s (0m 50s)  20% completed  (10% total)
     Speed:     ev/sec=27113.6   simsec/sec=0.514696   ev/simsec=52678.9
     Messages:  created: 1647677   present: 1608   in FES: 182
** Event #1790208   t=103.552198962495   Elapsed: 52.1204s (0m 52s)  20% completed  (10% total)
     Speed:     ev/sec=24819.1   simsec/sec=0.478799   ev/simsec=51836.2
     Messages:  created: 1691782   present: 1703   in FES: 178
** Event #1843200   t=104.551938278252   Elapsed: 54.1263s (0m 54s)  20% completed  (10% total)
     Speed:     ev/sec=26417.7   simsec/sec=0.498392   ev/simsec=53005.8
     Messages:  created: 1737842   present: 1838   in FES: 174
** Event #1896704   t=105.542348762422   Elapsed: 56.1288s (0m 56s)  21% completed  (10% total)
     Speed:     ev/sec=26719.4   simsec/sec=0.494601   ev/simsec=54022
     Messages:  created: 1783512   present: 2002   in FES: 184
** Event #1950208   t=106.545858860651   Elapsed: 58.1322s (0m 58s)  21% completed  (10% total)
     Speed:     ev/sec=26706.3   simsec/sec=0.500898   ev/simsec=53316.9
     Messages:  created: 1828491   present: 2196   in FES: 215
** Event #2002432   t=107.542646486726   Elapsed: 60.1455s (1m 00s)  21% completed  (10% total)
     Speed:     ev/sec=25939.4   simsec/sec=0.495099   ev/simsec=52392.3
     Messages:  created: 1872524   present: 2158   in FES: 183
** Event #2057984   t=109.528690304968   Elapsed: 62.1468s (1m 02s)  21% completed  (10% total)
     Speed:     ev/sec=27757.7   simsec/sec=0.992367   ev/simsec=27971.2
     Messages:  created: 1917489   present: 1404   in FES: 144
** Event #2110464   t=110.553900906264   Elapsed: 64.156s (1m 04s)  22% completed  (11% total)
     Speed:     ev/sec=26120.6   simsec/sec=0.510272   ev/simsec=51189.5
     Messages:  created: 1961500   present: 1554   in FES: 150
** Event #2162944   t=112.516953590843   Elapsed: 66.1631s (1m 06s)  22% completed  (11% total)
     Speed:     ev/sec=26146.6   simsec/sec=0.978031   ev/simsec=26733.9
     Messages:  created: 2003640   present: 1694   in FES: 151
** Event #2219008   t=114.51570758289   Elapsed: 68.1781s (1m 08s)  22% completed  (11% total)
     Speed:     ev/sec=27823.4   simsec/sec=0.99194   ev/simsec=28049.5
     Messages:  created: 2049935   present: 1930   in FES: 153
** Event #2272768   t=115.529763915075   Elapsed: 70.1791s (1m 10s)  23% completed  (11% total)
     Speed:     ev/sec=26867.4   simsec/sec=0.506791   ev/simsec=53014.8
     Messages:  created: 2096031   present: 2166   in FES: 154
** Event #2328576   t=117.522790006082   Elapsed: 72.1867s (1m 12s)  23% completed  (11% total)
     Speed:     ev/sec=27797.7   simsec/sec=0.992718   ev/simsec=28001.6
     Messages:  created: 2141283   present: 2438   in FES: 163
** Event #2378496   t=118.552638247131   Elapsed: 74.1904s (1m 14s)  23% completed  (11% total)
     Speed:     ev/sec=24913.6   simsec/sec=0.513967   ev/simsec=48473.2
     Messages:  created: 2184072   present: 2605   in FES: 168
** Event #2433024   t=120.077542009523   Elapsed: 76.1939s (1m 16s)  24% completed  (12% total)
     Speed:     ev/sec=27217.2   simsec/sec=0.761143   ev/simsec=35758.3
     Messages:  created: 2229023   present: 2577   in FES: 139
** Event #2484224   t=121.546684463884   Elapsed: 78.2021s (1m 18s)  24% completed  (12% total)
     Speed:     ev/sec=25494.9   simsec/sec=0.731555   ev/simsec=34850.3
     Messages:  created: 2273161   present: 2876   in FES: 149
** Event #2540288   t=123.509032803203   Elapsed: 80.2028s (1m 20s)  24% completed  (12% total)
     Speed:     ev/sec=28021.8   simsec/sec=0.980819   ev/simsec=28569.9
     Messages:  created: 2318058   present: 3128   in FES: 179
** Event #2595072   t=125.055259418117   Elapsed: 82.211s (1m 22s)  25% completed  (12% total)
     Speed:     ev/sec=27281.4   simsec/sec=0.769993   ev/simsec=35430.8
     Messages:  created: 2364655   present: 3148   in FES: 130
** Event #2647040   t=126.547166662068   Elapsed: 84.211s (1m 24s)  25% completed  (12% total)
     Speed:     ev/sec=25983.1   simsec/sec=0.745926   ev/simsec=34833.3
     Messages:  created: 2408662   present: 3431   in FES: 140
** Event #2702592   t=128.51570792625   Elapsed: 86.2313s (1m 26s)  25% completed  (12% total)
     Speed:     ev/sec=27497.5   simsec/sec=0.974401   ev/simsec=28219.9
     Messages:  created: 2455411   present: 3570   in FES: 153
** Event #2755072   t=130.517641753289   Elapsed: 88.2356s (1m 28s)  26% completed  (13% total)
     Speed:     ev/sec=26183.1   simsec/sec=0.998797   ev/simsec=26214.7
     Messages:  created: 2500522   present: 3988   in FES: 185
** Event #2803968   t=131.527173478193   Elapsed: 90.2439s (1m 30s)  26% completed  (13% total)
     Speed:     ev/sec=24347   simsec/sec=0.502681   ev/simsec=48434.3
     Messages:  created: 2543547   present: 4081   in FES: 148
** Event #2852864   t=132.522910177228   Elapsed: 92.2461s (1m 32s)  26% completed  (13% total)
     Speed:     ev/sec=24421.3   simsec/sec=0.497324   ev/simsec=49105.4
     Messages:  created: 2587430   present: 4211   in FES: 165
** Event #2903296   t=133.51020778582   Elapsed: 94.2505s (1m 34s)  26% completed  (13% total)
     Speed:     ev/sec=25161   simsec/sec=0.492573   ev/simsec=51080.8
     Messages:  created: 2631080   present: 4190   in FES: 153
** Event #2951936   t=133.725954162655   Elapsed: 96.2583s (1m 36s)  26% completed  (13% total)
     Speed:     ev/sec=24225.2   simsec/sec=0.107453   ev/simsec=225450
     Messages:  created: 2674208   present: 4160   in FES: 122
** Event #3000576   t=134.757078654567   Elapsed: 98.263s (1m 38s)  26% completed  (13% total)
     Speed:     ev/sec=24263   simsec/sec=0.514354   ev/simsec=47171.8
     Messages:  created: 2718680   present: 4284   in FES: 122
** Event #3051520   t=135.605523103877   Elapsed: 100.288s (1m 40s)  27% completed  (13% total)
     Speed:     ev/sec=25153   simsec/sec=0.418909   ev/simsec=60044
     Messages:  created: 2762082   present: 4525   in FES: 154
** Event #3102464   t=136.60933138961   Elapsed: 102.299s (1m 42s)  27% completed  (13% total)
     Speed:     ev/sec=25338.4   simsec/sec=0.499271   ev/simsec=50750.7
     Messages:  created: 2806234   present: 4589   in FES: 152
** Event #3152640   t=137.637475536405   Elapsed: 104.3s (1m 44s)  27% completed  (13% total)
     Speed:     ev/sec=25073.3   simsec/sec=0.513771   ev/simsec=48802.5
     Messages:  created: 2852642   present: 4716   in FES: 175
** Event #3215616   t=138.516994173954   Elapsed: 106.304s (1m 46s)  27% completed  (13% total)
     Speed:     ev/sec=31420.2   simsec/sec=0.438812   ev/simsec=71602.8
     Messages:  created: 2932228   present: 5002   in FES: 249
** Event #3275776   t=139.084208537013   Elapsed: 108.315s (1m 48s)  27% completed  (13% total)
     Speed:     ev/sec=29917.2   simsec/sec=0.282072   ev/simsec=106062
     Messages:  created: 2999258   present: 4657   in FES: 147
** Event #3330816   t=139.586668861403   Elapsed: 110.324s (1m 50s)  27% completed  (13% total)
     Speed:     ev/sec=27402.5   simsec/sec=0.250157   ev/simsec=109541
     Messages:  created: 3063052   present: 4731   in FES: 174
** Event #3397120   t=140.350252431183   Elapsed: 112.328s (1m 52s)  28% completed  (14% total)
     Speed:     ev/sec=33081.4   simsec/sec=0.380978   ev/simsec=86832.7
     Messages:  created: 3147278   present: 4782   in FES: 173
** Event #3458048   t=140.494499316683   Elapsed: 114.341s (1m 54s)  28% completed  (14% total)
     Speed:     ev/sec=30276   simsec/sec=0.0716782   ev/simsec=422387
     Messages:  created: 3231127   present: 4718   in FES: 152
** Event #3513856   t=140.778118996238   Elapsed: 116.342s (1m 56s)  28% completed  (14% total)
     Speed:     ev/sec=27888   simsec/sec=0.141728   ev/simsec=196771
     Messages:  created: 3300895   present: 4781   in FES: 154
** Event #3576832   t=141.388124484343   Elapsed: 118.347s (1m 58s)  28% completed  (14% total)
     Speed:     ev/sec=31411.3   simsec/sec=0.30426   ev/simsec=103238
     Messages:  created: 3381794   present: 4703   in FES: 154
** Event #3633920   t=141.947321846284   Elapsed: 120.352s (2m 00s)  28% completed  (14% total)
     Speed:     ev/sec=28464.4   simsec/sec=0.278819   ev/simsec=102089
     Messages:  created: 3448963   present: 4675   in FES: 155
** Event #3697920   t=142.535125876622   Elapsed: 122.356s (2m 02s)  28% completed  (14% total)
     Speed:     ev/sec=31946.2   simsec/sec=0.293408   ev/simsec=108880
     Messages:  created: 3531236   present: 4749   in FES: 142
** Event #3757056   t=142.666340644446   Elapsed: 124.362s (2m 04s)  28% completed  (14% total)
     Speed:     ev/sec=29478.5   simsec/sec=0.0654088   ev/simsec=450681
     Messages:  created: 3607976   present: 4778   in FES: 176
** Event #3819520   t=142.779815464829   Elapsed: 126.362s (2m 06s)  28% completed  (14% total)
     Speed:     ev/sec=31227.6   simsec/sec=0.0567295   ev/simsec=550466
     Messages:  created: 3694256   present: 4809   in FES: 158
** Event #3881472   t=142.895664258392   Elapsed: 128.366s (2m 08s)  28% completed  (14% total)
     Speed:     ev/sec=30909   simsec/sec=0.0577991   ev/simsec=534766
     Messages:  created: 3780794   present: 4770   in FES: 157
** Event #3947008   t=143.020289544184   Elapsed: 130.368s (2m 10s)  28% completed  (14% total)
     Speed:     ev/sec=32743.7   simsec/sec=0.0622664   ev/simsec=525864
     Messages:  created: 3872172   present: 4783   in FES: 156
** Event #4003328   t=143.552875260207   Elapsed: 132.368s (2m 12s)  28% completed  (14% total)
     Speed:     ev/sec=28151.2   simsec/sec=0.26621   ev/simsec=105748
     Messages:  created: 3939151   present: 4767   in FES: 152
** Event #4066816   t=144.499678105155   Elapsed: 134.375s (2m 14s)  28% completed  (14% total)
     Speed:     ev/sec=31634.4   simsec/sec=0.471768   ev/simsec=67055.1
     Messages:  created: 4016915   present: 4829   in FES: 167
** Event #4128256   t=144.812296751598   Elapsed: 136.376s (2m 16s)  28% completed  (14% total)
     Speed:     ev/sec=30701.4   simsec/sec=0.156215   ev/simsec=196533
     Messages:  created: 4095155   present: 4851   in FES: 174
** Event #4195584   t=145.216853715902   Elapsed: 138.381s (2m 18s)  29% completed  (14% total)
     Speed:     ev/sec=33588.5   simsec/sec=0.201825   ev/simsec=166424
     Messages:  created: 4184746   present: 4796   in FES: 156
** Event #4259840   t=145.55771028916   Elapsed: 140.384s (2m 20s)  29% completed  (14% total)
     Speed:     ev/sec=32071.7   simsec/sec=0.170129   ev/simsec=188513
     Messages:  created: 4269718   present: 4919   in FES: 154
** Event #4327168   t=145.808210855255   Elapsed: 142.393s (2m 22s)  29% completed  (14% total)
     Speed:     ev/sec=33529.6   simsec/sec=0.12475   ev/simsec=268774
     Messages:  created: 4357536   present: 4875   in FES: 140
** Event #4390400   t=146.082502784093   Elapsed: 144.394s (2m 24s)  29% completed  (14% total)
     Speed:     ev/sec=31596.6   simsec/sec=0.137062   ev/simsec=230528
     Messages:  created: 4442631   present: 4893   in FES: 156
** Event #4456704   t=146.497624320253   Elapsed: 146.396s (2m 26s)  29% completed  (14% total)
     Speed:     ev/sec=33108.4   simsec/sec=0.207288   ev/simsec=159722
     Messages:  created: 4532714   present: 4832   in FES: 154
** Event #4522752   t=146.806877073331   Elapsed: 148.398s (2m 28s)  29% completed  (14% total)
     Speed:     ev/sec=32993.9   simsec/sec=0.154485   ev/simsec=213573
     Messages:  created: 4618050   present: 4913   in FES: 157
** Event #4588544   t=147.112331677196   Elapsed: 150.406s (2m 30s)  29% completed  (14% total)
     Speed:     ev/sec=32775.2   simsec/sec=0.152166   ev/simsec=215390
     Messages:  created: 4706108   present: 4937   in FES: 155
** Event #4652544   t=147.397299871942   Elapsed: 152.413s (2m 32s)  29% completed  (14% total)
     Speed:     ev/sec=31878.9   simsec/sec=0.141945   ev/simsec=224586
     Messages:  created: 4794323   present: 4946   in FES: 154
** Event #4711680   t=147.626214395865   Elapsed: 154.418s (2m 34s)  29% completed  (14% total)
     Speed:     ev/sec=29492.9   simsec/sec=0.114167   ev/simsec=258332
     Messages:  created: 4863443   present: 4978   in FES: 154
** Event #4774656   t=148.519325644338   Elapsed: 156.422s (2m 36s)  29% completed  (14% total)
     Speed:     ev/sec=31425.3   simsec/sec=0.445666   ev/simsec=70513.1
     Messages:  created: 4940028   present: 4932   in FES: 139
** Event #4839424   t=150.521025762408   Elapsed: 158.422s (2m 38s)  30% completed  (15% total)
     Speed:     ev/sec=32383.1   simsec/sec=1.00082   ev/simsec=32356.5
     Messages:  created: 5005198   present: 5093   in FES: 155
** Event #4903680   t=152.536472123554   Elapsed: 160.427s (2m 40s)  30% completed  (15% total)
     Speed:     ev/sec=32047.1   simsec/sec=1.00519   ev/simsec=31881.8
     Messages:  created: 5069582   present: 5288   in FES: 154
** Event #4967168   t=155.032813442866   Elapsed: 162.433s (2m 42s)  31% completed  (15% total)
     Speed:     ev/sec=31659.4   simsec/sec=1.24484   ev/simsec=25432.4
     Messages:  created: 5135152   present: 5375   in FES: 124
** Event #5035520   t=157.518289231436   Elapsed: 164.443s (2m 44s)  31% completed  (15% total)
     Speed:     ev/sec=34007   simsec/sec=1.23659   ev/simsec=27500.6
     Messages:  created: 5204750   present: 5634   in FES: 143
** Event #5100032   t=159.536519262402   Elapsed: 166.448s (2m 46s)  31% completed  (15% total)
     Speed:     ev/sec=32162.2   simsec/sec=1.00618   ev/simsec=31964.6
     Messages:  created: 5269644   present: 5901   in FES: 170
** Event #5168896   t=162.176263582497   Elapsed: 168.449s (2m 48s)  32% completed  (16% total)
     Speed:     ev/sec=34430.6   simsec/sec=1.31982   ev/simsec=26087.4
     Messages:  created: 5339810   present: 6035   in FES: 164
** Event #5233664   t=164.913856064574   Elapsed: 170.449s (2m 50s)  32% completed  (16% total)
     Speed:     ev/sec=32374   simsec/sec=1.36837   ev/simsec=23658.7
     Messages:  created: 5410701   present: 6182   in FES: 139
** Event #5309440   t=167.003608336568   Elapsed: 172.46s (2m 52s)  33% completed  (16% total)
     Speed:     ev/sec=37681.9   simsec/sec=1.03919   ev/simsec=36260.8
     Messages:  created: 5502017   present: 6514   in FES: 158
** Event #5383168   t=167.281846523486   Elapsed: 174.466s (2m 54s)  33% completed  (16% total)
     Speed:     ev/sec=36764.2   simsec/sec=0.138742   ev/simsec=264982
     Messages:  created: 5602354   present: 6413   in FES: 124
** Event #5452032   t=167.57102512602   Elapsed: 176.473s (2m 56s)  33% completed  (16% total)
     Speed:     ev/sec=34297.4   simsec/sec=0.144024   ev/simsec=238137
     Messages:  created: 5694595   present: 6496   in FES: 154
** Event #5524992   t=167.922618247028   Elapsed: 178.476s (2m 58s)  33% completed  (16% total)
     Speed:     ev/sec=36423.7   simsec/sec=0.175525   ev/simsec=207513
     Messages:  created: 5793636   present: 6541   in FES: 148
** Event #5600000   t=168.226154920417   Elapsed: 180.484s (3m 00s)  33% completed  (16% total)
     Speed:     ev/sec=37368.6   simsec/sec=0.15122   ev/simsec=247113
     Messages:  created: 5895723   present: 6596   in FES: 154
** Event #5676032   t=168.533665047971   Elapsed: 182.488s (3m 02s)  33% completed  (16% total)
     Speed:     ev/sec=37927.4   simsec/sec=0.153397   ev/simsec=247250
     Messages:  created: 5999162   present: 6622   in FES: 154
** Event #5743104   t=168.774109337846   Elapsed: 184.489s (3m 04s)  33% completed  (16% total)
     Speed:     ev/sec=33522   simsec/sec=0.120172   ev/simsec=278950
     Messages:  created: 6086401   present: 6612   in FES: 164
** Event #5815552   t=169.123387157219   Elapsed: 186.49s (3m 06s)  33% completed  (16% total)
     Speed:     ev/sec=36203.7   simsec/sec=0.174541   ev/simsec=207422
     Messages:  created: 6184826   present: 6666   in FES: 154
** Event #5888000   t=169.458764785182   Elapsed: 188.492s (3m 08s)  33% completed  (16% total)
     Speed:     ev/sec=36188.8   simsec/sec=0.167526   ev/simsec=216019
     Messages:  created: 6284788   present: 6673   in FES: 154
** Event #5949440   t=170.552528976859   Elapsed: 190.497s (3m 10s)  34% completed  (17% total)
     Speed:     ev/sec=30654.5   simsec/sec=0.545716   ev/simsec=56173
     Messages:  created: 6356302   present: 6982   in FES: 216
** Event #6007808   t=172.578327636347   Elapsed: 192.5s (3m 12s)  34% completed  (17% total)
     Speed:     ev/sec=29134   simsec/sec=1.01117   ev/simsec=28812.3
     Messages:  created: 6414018   present: 7103   in FES: 185
** Event #6070016   t=175.579386793945   Elapsed: 194.505s (3m 14s)  35% completed  (17% total)
     Speed:     ev/sec=31026.4   simsec/sec=1.49678   ev/simsec=20728.7
     Messages:  created: 6474635   present: 7348   in FES: 153
** Event #6135296   t=179.591484615942   Elapsed: 196.511s (3m 16s)  35% completed  (17% total)
     Speed:     ev/sec=32537.9   simsec/sec=1.99977   ev/simsec=16270.8
     Messages:  created: 6537812   present: 7763   in FES: 128
** Event #6191104   t=181.593865716565   Elapsed: 198.519s (3m 18s)  36% completed  (18% total)
     Speed:     ev/sec=27797.3   simsec/sec=0.997363   ev/simsec=27870.8
     Messages:  created: 6591623   present: 8127   in FES: 174
** Event #6249984   t=183.54350355821   Elapsed: 200.524s (3m 20s)  36% completed  (18% total)
     Speed:     ev/sec=29363.6   simsec/sec=0.972289   ev/simsec=30200.5
     Messages:  created: 6645831   present: 8386   in FES: 189
** Event #6308864   t=184.555775507582   Elapsed: 202.527s (3m 22s)  36% completed  (18% total)
     Speed:     ev/sec=29402.2   simsec/sec=0.505487   ev/simsec=58166.2
     Messages:  created: 6701277   present: 8606   in FES: 186
** Event #6366464   t=186.523725835053   Elapsed: 204.536s (3m 24s)  37% completed  (18% total)
     Speed:     ev/sec=28667.8   simsec/sec=0.979458   ev/simsec=29269
     Messages:  created: 6753877   present: 8709   in FES: 151
** Event #6424064   t=188.04717708956   Elapsed: 206.536s (3m 26s)  37% completed  (18% total)
     Speed:     ev/sec=28792.8   simsec/sec=0.761536   ev/simsec=37808.9
     Messages:  created: 6806075   present: 8841   in FES: 150
** Event #6485248   t=191.099568945435   Elapsed: 208.538s (3m 28s)  38% completed  (19% total)
     Speed:     ev/sec=30571.2   simsec/sec=1.52516   ev/simsec=20044.6
     Messages:  created: 6860435   present: 9163   in FES: 138
** Event #6546432   t=194.524775374231   Elapsed: 210.546s (3m 30s)  38% completed  (19% total)
     Speed:     ev/sec=30472   simsec/sec=1.70589   ev/simsec=17862.9
     Messages:  created: 6916040   present: 9670   in FES: 159
** Event #6608640   t=197.366101172006   Elapsed: 212.548s (3m 32s)  39% completed  (19% total)
     Speed:     ev/sec=31067.4   simsec/sec=1.41899   ev/simsec=21894
     Messages:  created: 6971380   present: 9865   in FES: 122
** Event #6667776   t=199.584316827255   Elapsed: 214.563s (3m 34s)  39% completed  (19% total)
     Speed:     ev/sec=29341.8   simsec/sec=1.10062   ev/simsec=26659.3
     Messages:  created: 7024843   present: 10410   in FES: 183
** Event #6728960   t=202.563960997057   Elapsed: 216.567s (3m 36s)  40% completed  (20% total)
     Speed:     ev/sec=30541.6   simsec/sec=1.48737   ev/simsec=20534
     Messages:  created: 7078204   present: 10577   in FES: 148
** Event #6791168   t=205.527283774578   Elapsed: 218.577s (3m 38s)  41% completed  (20% total)
     Speed:     ev/sec=30948.3   simsec/sec=1.47424   ev/simsec=20992.7
     Messages:  created: 7133506   present: 10946   in FES: 142
** Event #6853376   t=208.521117724861   Elapsed: 220.581s (3m 40s)  41% completed  (20% total)
     Speed:     ev/sec=31042.8   simsec/sec=1.49397   ev/simsec=20778.7
     Messages:  created: 7189023   present: 11310   in FES: 146
** Event #6911232   t=211.578777408012   Elapsed: 222.588s (3m 42s)  42% completed  (21% total)
     Speed:     ev/sec=28830.3   simsec/sec=1.52367   ev/simsec=18921.7
     Messages:  created: 7241501   present: 11629   in FES: 140
** Event #6974720   t=216.097805807856   Elapsed: 224.595s (3m 44s)  43% completed  (21% total)
     Speed:     ev/sec=31626.3   simsec/sec=2.25114   ev/simsec=14049
     Messages:  created: 7302392   present: 12117   in FES: 124
** Event #7036928   t=219.082555038724   Elapsed: 226.595s (3m 46s)  43% completed  (21% total)
     Speed:     ev/sec=31099.9   simsec/sec=1.49218   ev/simsec=20842
     Messages:  created: 7364158   present: 12559   in FES: 149
** Event #7097088   t=221.510780852811   Elapsed: 228.601s (3m 48s)  44% completed  (22% total)
     Speed:     ev/sec=29986.7   simsec/sec=1.21035   ev/simsec=24775.3
     Messages:  created: 7424027   present: 12869   in FES: 154
** Event #7165952   t=224.592453867907   Elapsed: 230.603s (3m 50s)  44% completed  (22% total)
     Speed:     ev/sec=34407   simsec/sec=1.53972   ev/simsec=22346.3
     Messages:  created: 7492564   present: 13181   in FES: 128
** Event #7228416   t=227.568787586309   Elapsed: 232.606s (3m 52s)  45% completed  (22% total)
     Speed:     ev/sec=31177.7   simsec/sec=1.48558   ev/simsec=20986.9
     Messages:  created: 7552619   present: 13636   in FES: 160
** Event #7294208   t=230.524931509142   Elapsed: 234.608s (3m 54s)  46% completed  (23% total)
     Speed:     ev/sec=32878   simsec/sec=1.47727   ev/simsec=22256
     Messages:  created: 7614804   present: 13988   in FES: 170
** Event #7356928   t=232.539092187565   Elapsed: 236.616s (3m 56s)  46% completed  (23% total)
     Speed:     ev/sec=31234.7   simsec/sec=1.00306   ev/simsec=31139.5
     Messages:  created: 7673294   present: 14266   in FES: 184
** Event #7418112   t=234.54524744737   Elapsed: 238.624s (3m 58s)  46% completed  (23% total)
     Speed:     ev/sec=30459.8   simsec/sec=0.998744   ev/simsec=30498.1
     Messages:  created: 7729774   present: 14458   in FES: 181
** Event #7474688   t=236.608560142678   Elapsed: 240.625s (4m 00s)  47% completed  (23% total)
     Speed:     ev/sec=28280.6   simsec/sec=1.03139   ev/simsec=27420
     Messages:  created: 7781736   present: 5917   in FES: 139
** Event #7537920   t=240.577475616626   Elapsed: 242.631s (4m 02s)  48% completed  (24% total)
     Speed:     ev/sec=31522.8   simsec/sec=1.97861   ev/simsec=15931.8
     Messages:  created: 7838181   present: 1724   in FES: 133
** Event #7598080   t=243.602748022134   Elapsed: 244.638s (4m 04s)  48% completed  (24% total)
     Speed:     ev/sec=29966.3   simsec/sec=1.50692   ev/simsec=19885.8
     Messages:  created: 7891789   present: 2124   in FES: 153
** Event #7662592   t=247.095085485352   Elapsed: 246.644s (4m 06s)  49% completed  (24% total)
     Speed:     ev/sec=32163.9   simsec/sec=1.74118   ev/simsec=18472.4
     Messages:  created: 7950419   present: 2529   in FES: 148
** Event #7726336   t=251.029013624704   Elapsed: 248.655s (4m 08s)  50% completed  (25% total)
     Speed:     ev/sec=31690.1   simsec/sec=1.95574   ev/simsec=16203.7
     Messages:  created: 8008672   present: 2987   in FES: 143
** Event #7788288   t=254.579076384833   Elapsed: 250.658s (4m 10s)  50% completed  (25% total)
     Speed:     ev/sec=30929.5   simsec/sec=1.77237   ev/simsec=17451
     Messages:  created: 8064427   present: 3431   in FES: 148
** Event #7853056   t=258.514163090615   Elapsed: 252.665s (4m 12s)  51% completed  (25% total)
     Speed:     ev/sec=32278.8   simsec/sec=1.96115   ev/simsec=16459.1
     Messages:  created: 8122180   present: 3908   in FES: 153
** Event #7915776   t=261.607297551948   Elapsed: 254.665s (4m 14s)  52% completed  (26% total)
     Speed:     ev/sec=31352.3   simsec/sec=1.54619   ev/simsec=20277.2
     Messages:  created: 8179010   present: 4228   in FES: 132
** Event #7977728   t=265.539382400521   Elapsed: 256.666s (4m 16s)  53% completed  (26% total)
     Speed:     ev/sec=30965.8   simsec/sec=1.96539   ev/simsec=15755.5
     Messages:  created: 8234548   present: 4860   in FES: 154
** Event #8038656   t=269.05520792924   Elapsed: 258.672s (4m 18s)  53% completed  (26% total)
     Speed:     ev/sec=30371.6   simsec/sec=1.75258   ev/simsec=17329.6
     Messages:  created: 8289945   present: 5191   in FES: 154
** Event #8103424   t=273.016125702476   Elapsed: 260.676s (4m 20s)  54% completed  (27% total)
     Speed:     ev/sec=32316.8   simsec/sec=1.97635   ev/simsec=16351.8
     Messages:  created: 8348298   present: 5658   in FES: 152
** Event #8165888   t=277.610134421231   Elapsed: 262.684s (4m 22s)  55% completed  (27% total)
     Speed:     ev/sec=31119.5   simsec/sec=2.28873   ev/simsec=13596.8
     Messages:  created: 8407008   present: 6223   in FES: 147
** Event #8239616   t=282.52235816457   Elapsed: 264.691s (4m 24s)  56% completed  (28% total)
     Speed:     ev/sec=36729   simsec/sec=2.44712   ev/simsec=15009.1
     Messages:  created: 8479182   present: 6834   in FES: 144
** Event #8306944   t=286.515996543408   Elapsed: 266.701s (4m 26s)  57% completed  (28% total)
     Speed:     ev/sec=33496.5   simsec/sec=1.98688   ev/simsec=16858.8
     Messages:  created: 8545975   present: 7382   in FES: 185
** Event #8377088   t=291.548689526089   Elapsed: 268.707s (4m 28s)  58% completed  (29% total)
     Speed:     ev/sec=34974.6   simsec/sec=2.50936   ev/simsec=13937.7
     Messages:  created: 8614081   present: 7847   in FES: 126
** Event #8449280   t=297.081670964967   Elapsed: 270.707s (4m 30s)  59% completed  (29% total)
     Speed:     ev/sec=36080.8   simsec/sec=2.76533   ev/simsec=13047.6
     Messages:  created: 8684635   present: 8529   in FES: 146
** Event #8521472   t=303.533071920446   Elapsed: 272.715s (4m 32s)  60% completed  (30% total)
     Speed:     ev/sec=35962   simsec/sec=3.21373   ev/simsec=11190.1
     Messages:  created: 8754249   present: 9329   in FES: 153
** Event #8592128   t=308.592985094759   Elapsed: 274.719s (4m 34s)  61% completed  (30% total)
     Speed:     ev/sec=35253.2   simsec/sec=2.5246   ev/simsec=13963.9
     Messages:  created: 8823764   present: 9845   in FES: 130
** Event #8665856   t=315.081623509396   Elapsed: 276.721s (4m 36s)  63% completed  (31% total)
     Speed:     ev/sec=36826.3   simsec/sec=3.241   ev/simsec=11362.6
     Messages:  created: 8895322   present: 10712   in FES: 154
** Event #8733952   t=320.540571974282   Elapsed: 278.722s (4m 38s)  64% completed  (32% total)
     Speed:     ev/sec=34033.9   simsec/sec=2.72834   ev/simsec=12474.2
     Messages:  created: 8962003   present: 11358   in FES: 148
** Event #8804608   t=326.556194841342   Elapsed: 280.722s (4m 40s)  65% completed  (32% total)
     Speed:     ev/sec=35319.6   simsec/sec=3.00709   ev/simsec=11745.4
     Messages:  created: 9030052   present: 12082   in FES: 154
** Event #8873984   t=331.563104525153   Elapsed: 282.726s (4m 42s)  66% completed  (33% total)
     Speed:     ev/sec=34628.8   simsec/sec=2.49918   ev/simsec=13856.1
     Messages:  created: 9097504   present: 12745   in FES: 185
** Event #8937984   t=336.59326844626   Elapsed: 284.732s (4m 44s)  67% completed  (33% total)
     Speed:     ev/sec=31894.4   simsec/sec=2.50678   ev/simsec=12723.2
     Messages:  created: 9159788   present: 13264   in FES: 147
** Event #9013504   t=343.055257792576   Elapsed: 286.732s (4m 46s)  68% completed  (34% total)
     Speed:     ev/sec=37758.8   simsec/sec=3.23089   ev/simsec=11686.8
     Messages:  created: 9232545   present: 14068   in FES: 153
** Event #9082624   t=348.539401444247   Elapsed: 288.733s (4m 48s)  69% completed  (34% total)
     Speed:     ev/sec=34559.8   simsec/sec=2.74206   ev/simsec=12603.6
     Messages:  created: 9299827   present: 14776   in FES: 172
** Event #9158656   t=354.609608526297   Elapsed: 290.737s (4m 50s)  70% completed  (35% total)
     Speed:     ev/sec=37923.4   simsec/sec=3.02771   ev/simsec=12525.4
     Messages:  created: 9373902   present: 15491   in FES: 169
** Event #9226752   t=360.002138418728   Elapsed: 292.739s (4m 52s)  72% completed  (36% total)
     Speed:     ev/sec=34021.7   simsec/sec=2.69418   ev/simsec=12627.8
     Messages:  created: 9440048   present: 16075   in FES: 166
** Event #9294592   t=366.01168149411   Elapsed: 294.741s (4m 54s)  73% completed  (36% total)
     Speed:     ev/sec=33881   simsec/sec=3.00132   ev/simsec=11288.7
     Messages:  created: 9505786   present: 3473   in FES: 149
** Event #9357824   t=370.60990193561   Elapsed: 296.743s (4m 56s)  74% completed  (37% total)
     Speed:     ev/sec=31585.3   simsec/sec=2.29688   ev/simsec=13751.4
     Messages:  created: 9567765   present: 1991   in FES: 151
** Event #9426432   t=376.033828347921   Elapsed: 298.749s (4m 58s)  75% completed  (37% total)
     Speed:     ev/sec=34205.4   simsec/sec=2.70417   ev/simsec=12649.1
     Messages:  created: 9634555   present: 2558   in FES: 124
** Event #9498112   t=382.515861757779   Elapsed: 300.752s (5m 00s)  76% completed  (38% total)
     Speed:     ev/sec=35779.9   simsec/sec=3.23558   ev/simsec=11058.3
     Messages:  created: 9703776   present: 3416   in FES: 147
** Event #9570304   t=387.562622640408   Elapsed: 302.755s (5m 02s)  77% completed  (38% total)
     Speed:     ev/sec=36053.5   simsec/sec=2.52041   ev/simsec=14304.6
     Messages:  created: 9774194   present: 4030   in FES: 154
** Event #9639168   t=393.042409415943   Elapsed: 304.755s (5m 04s)  78% completed  (39% total)
     Speed:     ev/sec=34428   simsec/sec=2.73958   ev/simsec=12566.9
     Messages:  created: 9841235   present: 4689   in FES: 154
** Event #9707008   t=398.610426179867   Elapsed: 306.767s (5m 06s)  79% completed  (39% total)
     Speed:     ev/sec=33722   simsec/sec=2.76776   ev/simsec=12183.9
     Messages:  created: 9907234   present: 5278   in FES: 126
** Event #9774848   t=403.067199393468   Elapsed: 308.775s (5m 08s)  80% completed  (40% total)
     Speed:     ev/sec=33786.2   simsec/sec=2.2196   ev/simsec=15221.8
     Messages:  created: 9973389   present: 5863   in FES: 146
** Event #9837824   t=404.609795194461   Elapsed: 310.78s (5m 10s)  80% completed  (40% total)
     Speed:     ev/sec=31401.3   simsec/sec=0.769173   ev/simsec=40824.7
     Messages:  created: 10033734   present: 6151   in FES: 185
** Event #9899776   t=407.548734845489   Elapsed: 312.797s (5m 12s)  81% completed  (40% total)
     Speed:     ev/sec=30719.3   simsec/sec=1.45729   ev/simsec=21079.7
     Messages:  created: 10090340   present: 6505   in FES: 185
** Event #9960192   t=410.586463734295   Elapsed: 314.809s (5m 14s)  82% completed  (41% total)
     Speed:     ev/sec=30019.9   simsec/sec=1.50941   ev/simsec=19888.5
     Messages:  created: 10145360   present: 6821   in FES: 150
** Event #10021632   t=414.566741457432   Elapsed: 316.809s (5m 16s)  82% completed  (41% total)
     Speed:     ev/sec=30719.7   simsec/sec=1.99012   ev/simsec=15436.1
     Messages:  created: 10201077   present: 7259   in FES: 150
** Event #10081536   t=417.562782779528   Elapsed: 318.81s (5m 18s)  83% completed  (41% total)
     Speed:     ev/sec=29938.5   simsec/sec=1.49734   ev/simsec=19994.4
     Messages:  created: 10255223   present: 7629   in FES: 156
** Event #10147072   t=420.691060246686   Elapsed: 320.812s (5m 20s)  84% completed  (42% total)
     Speed:     ev/sec=32735.4   simsec/sec=1.56258   ev/simsec=20949.5
     Messages:  created: 10315386   present: 7995   in FES: 160
** Event #10212352   t=422.231796277561   Elapsed: 322.814s (5m 22s)  84% completed  (42% total)
     Speed:     ev/sec=32610.9   simsec/sec=0.769682   ev/simsec=42369.4
     Messages:  created: 10391774   present: 8068   in FES: 170
** Event #10276352   t=423.593110421857   Elapsed: 324.823s (5m 24s)  84% completed  (42% total)
     Speed:     ev/sec=31861.1   simsec/sec=0.677703   ev/simsec=47013.4
     Messages:  created: 10466462   present: 8226   in FES: 185
** Event #10342400   t=425.102738796152   Elapsed: 326.83s (5m 26s)  85% completed  (42% total)
     Speed:     ev/sec=32906   simsec/sec=0.752117   ev/simsec=43751.2
     Messages:  created: 10543336   present: 8192   in FES: 154
** Event #10403840   t=426.520526894545   Elapsed: 328.831s (5m 28s)  85% completed  (42% total)
     Speed:     ev/sec=30697.6   simsec/sec=0.708376   ev/simsec=43335.1
     Messages:  created: 10616164   present: 8247   in FES: 141
** Event #10471168   t=427.87283769504   Elapsed: 330.84s (5m 30s)  85% completed  (42% total)
     Speed:     ev/sec=33513.7   simsec/sec=0.673137   ev/simsec=49787.4
     Messages:  created: 10693541   present: 8300   in FES: 154
** Event #10536192   t=429.502262544083   Elapsed: 332.843s (5m 32s)  85% completed  (42% total)
     Speed:     ev/sec=32475.9   simsec/sec=0.813808   ev/simsec=39906.1
     Messages:  created: 10771244   present: 8373   in FES: 154
** Event #10598400   t=430.589369960177   Elapsed: 334.847s (5m 34s)  86% completed  (43% total)
     Speed:     ev/sec=31035.1   simsec/sec=0.54235   ev/simsec=57223.4
     Messages:  created: 10840646   present: 8442   in FES: 154
** Event #10662912   t=432.163699747697   Elapsed: 336.855s (5m 36s)  86% completed  (43% total)
     Speed:     ev/sec=32128.5   simsec/sec=0.784054   ev/simsec=40977.4
     Messages:  created: 10916505   present: 8471   in FES: 155
** Event #10727680   t=433.558032589748   Elapsed: 338.859s (5m 38s)  86% completed  (43% total)
     Speed:     ev/sec=32326.6   simsec/sec=0.69593   ev/simsec=46450.9
     Messages:  created: 10991643   present: 8631   in FES: 155
** Event #10796800   t=434.957221140637   Elapsed: 340.866s (5m 40s)  86% completed  (43% total)
     Speed:     ev/sec=34431.5   simsec/sec=0.696993   ev/simsec=49400.1
     Messages:  created: 11073584   present: 8565   in FES: 134
** Event #10864896   t=435.784866701841   Elapsed: 342.867s (5m 42s)  87% completed  (43% total)
     Speed:     ev/sec=34036.6   simsec/sec=0.413684   ev/simsec=82276.8
     Messages:  created: 11162349   present: 8662   in FES: 156
** Event #10936320   t=436.199795562484   Elapsed: 344.871s (5m 44s)  87% completed  (43% total)
     Speed:     ev/sec=35637.1   simsec/sec=0.20703   ev/simsec=172136
     Messages:  created: 11258919   present: 8729   in FES: 165
** Event #11004416   t=436.535624395242   Elapsed: 346.874s (5m 46s)  87% completed  (43% total)
     Speed:     ev/sec=33991.3   simsec/sec=0.167635   ev/simsec=202770
     Messages:  created: 11352058   present: 8684   in FES: 146
** Event #11076352   t=436.915685473101   Elapsed: 348.877s (5m 48s)  87% completed  (43% total)
     Speed:     ev/sec=35925.8   simsec/sec=0.189807   ev/simsec=189275
     Messages:  created: 11449044   present: 8701   in FES: 147
** Event #11144960   t=437.234284438943   Elapsed: 350.88s (5m 50s)  87% completed  (43% total)
     Speed:     ev/sec=34242.6   simsec/sec=0.159015   ev/simsec=215343
     Messages:  created: 11542001   present: 8728   in FES: 164
** Event #11220480   t=437.551839389336   Elapsed: 352.886s (5m 52s)  87% completed  (43% total)
     Speed:     ev/sec=37640.2   simsec/sec=0.158274   ev/simsec=237817
     Messages:  created: 11645086   present: 8819   in FES: 153
** Event #11292160   t=437.884747677869   Elapsed: 354.892s (5m 54s)  87% completed  (43% total)
     Speed:     ev/sec=35746.2   simsec/sec=0.166019   ev/simsec=215315
     Messages:  created: 11741453   present: 8821   in FES: 157
** Event #11361536   t=438.183816486603   Elapsed: 356.902s (5m 56s)  87% completed  (43% total)
     Speed:     ev/sec=34512.3   simsec/sec=0.148777   ev/simsec=231973
     Messages:  created: 11835568   present: 8813   in FES: 147
** Event #11430400   t=438.464530889485   Elapsed: 358.907s (5m 58s)  87% completed  (43% total)
     Speed:     ev/sec=34346.4   simsec/sec=0.140008   ev/simsec=245317
     Messages:  created: 11930474   present: 8845   in FES: 165
** Event #11501824   t=439.561619778047   Elapsed: 360.915s (6m 00s)  87% completed  (43% total)
     Speed:     ev/sec=35567   simsec/sec=0.546317   ev/simsec=65103.2
     Messages:  created: 12021619   present: 8818   in FES: 153
** Event #11574528   t=441.611776374526   Elapsed: 362.918s (6m 02s)  88% completed  (44% total)
     Speed:     ev/sec=36293.3   simsec/sec=1.02342   ev/simsec=35462.7
     Messages:  created: 12105728   present: 8971   in FES: 152
** Event #11644416   t=443.887475509084   Elapsed: 364.922s (6m 04s)  88% completed  (44% total)
     Speed:     ev/sec=34886.6   simsec/sec=1.13598   ev/simsec=30710.6
     Messages:  created: 12183534   present: 9151   in FES: 156
** Event #11719680   t=446.154162841616   Elapsed: 366.922s (6m 06s)  89% completed  (44% total)
     Speed:     ev/sec=37630.9   simsec/sec=1.13331   ev/simsec=33204.4
     Messages:  created: 12275033   present: 9256   in FES: 124
** Event #11792384   t=449.076816377905   Elapsed: 368.928s (6m 08s)  89% completed  (44% total)
     Speed:     ev/sec=36240.3   simsec/sec=1.45684   ev/simsec=24876
     Messages:  created: 12358679   present: 9582   in FES: 154
** Event #11868416   t=453.016071798223   Elapsed: 370.929s (6m 10s)  90% completed  (45% total)
     Speed:     ev/sec=37985.9   simsec/sec=1.96807   ev/simsec=19301.1
     Messages:  created: 12443243   present: 9954   in FES: 154
** Event #11940864   t=458.579874395697   Elapsed: 372.934s (6m 12s)  91% completed  (45% total)
     Speed:     ev/sec=36143.2   simsec/sec=2.7757   ev/simsec=13021.3
     Messages:  created: 12513476   present: 10631   in FES: 155
** Event #12010240   t=464.517013536181   Elapsed: 374.934s (6m 14s)  92% completed  (46% total)
     Speed:     ev/sec=34681.4   simsec/sec=2.968   ev/simsec=11685.1
     Messages:  created: 12580154   present: 11347   in FES: 152
** Event #12077824   t=469.853727579705   Elapsed: 376.937s (6m 16s)  93% completed  (46% total)
     Speed:     ev/sec=33743   simsec/sec=2.66449   ev/simsec=12664
     Messages:  created: 12646105   present: 11899   in FES: 122
** Event #12143360   t=475.013521017344   Elapsed: 378.942s (6m 18s)  95% completed  (47% total)
     Speed:     ev/sec=32693.6   simsec/sec=2.57404   ev/simsec=12701.3
     Messages:  created: 12710160   present: 12522   in FES: 124
** Event #12213760   t=478.514273212907   Elapsed: 380.942s (6m 20s)  95% completed  (47% total)
     Speed:     ev/sec=35195.8   simsec/sec=1.75017   ev/simsec=20110
     Messages:  created: 12790705   present: 12973   in FES: 190
** Event #12288000   t=481.533687622642   Elapsed: 382.949s (6m 22s)  96% completed  (48% total)
     Speed:     ev/sec=36988.8   simsec/sec=1.50437   ev/simsec=24587.5
     Messages:  created: 12875458   present: 13179   in FES: 155
** Event #12359936   t=484.57353236892   Elapsed: 384.95s (6m 24s)  96% completed  (48% total)
     Speed:     ev/sec=35951.9   simsec/sec=1.51924   ev/simsec=23664.4
     Messages:  created: 12957672   present: 13432   in FES: 166
** Event #12434176   t=487.599111800712   Elapsed: 386.958s (6m 26s)  97% completed  (48% total)
     Speed:     ev/sec=36962.6   simsec/sec=1.50638   ev/simsec=24537.4
     Messages:  created: 13041941   present: 13664   in FES: 155
** Event #12505344   t=490.598861657312   Elapsed: 388.962s (6m 28s)  98% completed  (49% total)
     Speed:     ev/sec=35527.6   simsec/sec=1.4975   ev/simsec=23724.6
     Messages:  created: 13123060   present: 13111   in FES: 173
** Event #12564736   t=492.046438428023   Elapsed: 390.97s (6m 30s)  98% completed  (49% total)
     Speed:     ev/sec=29570.9   simsec/sec=0.72074   ev/simsec=41028.6
     Messages:  created: 13190696   present: 9295   in FES: 151
** Event #12621824   t=492.926219681491   Elapsed: 392.972s (6m 32s)  98% completed  (49% total)
     Speed:     ev/sec=28520.5   simsec/sec=0.439529   ev/simsec=64888.9
     Messages:  created: 13256733   present: 8331   in FES: 159
** Event #12680192   t=493.596071742688   Elapsed: 394.975s (6m 34s)  98% completed  (49% total)
     Speed:     ev/sec=29143.1   simsec/sec=0.334456   ev/simsec=87135.7
     Messages:  created: 13319859   present: 8415   in FES: 150
** Event #12735488   t=494.554498444398   Elapsed: 396.975s (6m 36s)  98% completed  (49% total)
     Speed:     ev/sec=27637.1   simsec/sec=0.479025   ev/simsec=57694.6
     Messages:  created: 13383036   present: 7534   in FES: 151
** Event #12794880   t=495.542507457197   Elapsed: 398.981s (6m 38s)  99% completed  (49% total)
     Speed:     ev/sec=29611.4   simsec/sec=0.492597   ev/simsec=60112.8
     Messages:  created: 13448678   present: 6533   in FES: 154
** Event #12854016   t=496.149603746744   Elapsed: 400.986s (6m 40s)  99% completed  (49% total)
     Speed:     ev/sec=29492.9   simsec/sec=0.302777   ev/simsec=97407.9
     Messages:  created: 13523854   present: 6530   in FES: 173
** Event #12912896   t=496.296336708214   Elapsed: 402.993s (6m 42s)  99% completed  (49% total)
     Speed:     ev/sec=29338   simsec/sec=0.0731122   ev/simsec=401273
     Messages:  created: 13604770   present: 6535   in FES: 173
** Event #12972288   t=496.444866857528   Elapsed: 404.994s (6m 44s)  99% completed  (49% total)
     Speed:     ev/sec=29679.5   simsec/sec=0.0742239   ev/simsec=399865
     Messages:  created: 13686365   present: 6455   in FES: 145
** Event #13030144   t=496.60332560128   Elapsed: 406.999s (6m 46s)  99% completed  (49% total)
     Speed:     ev/sec=28862.2   simsec/sec=0.079049   ev/simsec=365117
     Messages:  created: 13763750   present: 6382   in FES: 124
** Event #13092608   t=497.982235179273   Elapsed: 409.002s (6m 49s)  99% completed  (49% total)
     Speed:     ev/sec=31175.9   simsec/sec=0.688215   ev/simsec=45299.6
     Messages:  created: 13836863   present: 6539   in FES: 156
** Event #13157376   t=499.234651991667   Elapsed: 411.009s (6m 51s)  99% completed  (49% total)
     Speed:     ev/sec=32278.3   simsec/sec=0.624165   ev/simsec=51714.4
     Messages:  created: 13910467   present: 6602   in FES: 155
** Event #13194787   t=500   Elapsed: 412.259s (6m 52s)  100% completed  (50% total)
     Speed:     ev/sec=29937.3   simsec/sec=0.607873   ev/simsec=49249.3
     Messages:  created: 13953728   present: 6520   in FES: 122

<!> Simulation time limit reached -- at t=500s, event #13194787
undisposed object: (omnetpp::cMessage) FanetSarNetwork.groundStation.app.debugTimer -- check module destructor
undisposed object: (omnetpp::cMessage) FanetSarNetwork.uav[0].app.debugTimer -- check module destructor
undisposed object: (omnetpp::cMessage) FanetSarNetwork.uav[1].app.debugTimer -- check module destructor
undisposed object: (omnetpp::cMessage) FanetSarNetwork.uav[2].app.debugTimer -- check module destructor
undisposed object: (omnetpp::cMessage) FanetSarNetwork.uav[3].app.debugTimer -- check module destructor
undisposed object: (omnetpp::cMessage) FanetSarNetwork.uav[4].app.debugTimer -- check module destructor
undisposed object: (omnetpp::cMessage) FanetSarNetwork.uav[5].app.debugTimer -- check module destructor
undisposed object: (omnetpp::cMessage) FanetSarNetwork.uav[6].app.debugTimer -- check module destructor
undisposed object: (omnetpp::cMessage) FanetSarNetwork.uav[7].app.debugTimer -- check module destructor
undisposed object: (omnetpp::cMessage) FanetSarNetwork.uav[8].app.debugTimer -- check module destructor
undisposed object: (omnetpp::cMessage) FanetSarNetwork.uav[9].app.debugTimer -- check module destructor
undisposed object: (omnetpp::cMessage) FanetSarNetwork.uav[10].app.debugTimer -- check module destructor
undisposed object: (omnetpp::cMessage) FanetSarNetwork.uav[11].app.debugTimer -- check module destructor
undisposed object: (omnetpp::cMessage) FanetSarNetwork.uav[12].app.debugTimer -- check module destructor
undisposed object: (omnetpp::cMessage) FanetSarNetwork.uav[13].app.debugTimer -- check module destructor
undisposed object: (omnetpp::cMessage) FanetSarNetwork.uav[14].app.debugTimer -- check module destructor
undisposed object: (omnetpp::cMessage) FanetSarNetwork.uav[15].app.debugTimer -- check module destructor
undisposed object: (omnetpp::cMessage) FanetSarNetwork.uav[16].app.debugTimer -- check module destructor
undisposed object: (omnetpp::cMessage) FanetSarNetwork.uav[17].app.debugTimer -- check module destructor
undisposed object: (omnetpp::cMessage) FanetSarNetwork.uav[18].app.debugTimer -- check module destructor
undisposed object: (omnetpp::cMessage) FanetSarNetwork.uav[19].app.debugTimer -- check module destructor
undisposed object: (omnetpp::cMessage) FanetSarNetwork.uav[20].app.debugTimer -- check module destructor
undisposed object: (omnetpp::cMessage) FanetSarNetwork.uav[21].app.debugTimer -- check module destructor
undisposed object: (omnetpp::cMessage) FanetSarNetwork.uav[22].app.debugTimer -- check module destructor
undisposed object: (omnetpp::cMessage) FanetSarNetwork.uav[23].app.debugTimer -- check module destructor
undisposed object: (omnetpp::cMessage) FanetSarNetwork.uav[24].app.debugTimer -- check module destructor
undisposed object: (omnetpp::cMessage) FanetSarNetwork.uav[25].app.debugTimer -- check module destructor
undisposed object: (omnetpp::cMessage) FanetSarNetwork.uav[26].app.debugTimer -- check module destructor
undisposed object: (omnetpp::cMessage) FanetSarNetwork.uav[27].app.debugTimer -- check module destructor
undisposed object: (omnetpp::cMessage) FanetSarNetwork.uav[28].app.debugTimer -- check module destructor
undisposed object: (omnetpp::cMessage) FanetSarNetwork.uav[29].app.debugTimer -- check module destructor
