** Event #0   t=0   Elapsed: 9e-06s (0m 00s)  0% completed  (50% total)
     Speed:     ev/sec=0   simsec/sec=0   ev/simsec=0
     Messages:  created: 1178   present: 1178   in FES: 186
** Event #48128   t=4.518150192154   Elapsed: 2.0249s (0m 02s)  0% completed  (50% total)
     Speed:     ev/sec=23768.6   simsec/sec=2.2313   ev/simsec=10652.4
     Messages:  created: 39945   present: 1154   in FES: 129
** Event #73984   t=6.581935395438   Elapsed: 4.02811s (0m 04s)  1% completed  (50% total)
     Speed:     ev/sec=12907.3   simsec/sec=1.03024   ev/simsec=12528.4
     Messages:  created: 59503   present: 1182   in FES: 154
** Event #107264   t=9.534894300042   Elapsed: 6.03112s (0m 06s)  1% completed  (50% total)
     Speed:     ev/sec=16615   simsec/sec=1.47426   ev/simsec=11270.1
     Messages:  created: 84529   present: 1396   in FES: 216
** Event #137216   t=12.056205631142   Elapsed: 8.03456s (0m 08s)  2% completed  (51% total)
     Speed:     ev/sec=14950.3   simsec/sec=1.25849   ev/simsec=11879.5
     Messages:  created: 106944   present: 1173   in FES: 140
** Event #170496   t=15.015951406356   Elapsed: 10.0415s (0m 10s)  3% completed  (51% total)
     Speed:     ev/sec=16582.8   simsec/sec=1.47479   ev/simsec=11244.2
     Messages:  created: 132036   present: 1144   in FES: 129
** Event #201472   t=17.52457634356   Elapsed: 12.0658s (0m 12s)  3% completed  (51% total)
     Speed:     ev/sec=15301.8   simsec/sec=1.23924   ev/simsec=12347.8
     Messages:  created: 155126   present: 1181   in FES: 140
** Event #230144   t=20.059806685646   Elapsed: 14.0684s (0m 14s)  4% completed  (52% total)
     Speed:     ev/sec=14317.4   simsec/sec=1.26597   ev/simsec=11309.4
     Messages:  created: 176992   present: 1154   in FES: 133
** Event #255488   t=22.523981125083   Elapsed: 16.0749s (0m 16s)  4% completed  (52% total)
     Speed:     ev/sec=12630.7   simsec/sec=1.22808   ev/simsec=10285
     Messages:  created: 196464   present: 1140   in FES: 127
** Event #287744   t=25.524057913268   Elapsed: 18.0813s (0m 18s)  5% completed  (52% total)
     Speed:     ev/sec=16077   simsec/sec=1.4953   ev/simsec=10751.7
     Messages:  created: 221188   present: 1153   in FES: 130
** Event #318976   t=28.520497760008   Elapsed: 20.0884s (0m 20s)  5% completed  (52% total)
     Speed:     ev/sec=15560.2   simsec/sec=1.49286   ev/simsec=10423
     Messages:  created: 245524   present: 1165   in FES: 136
** Event #350720   t=31.545634484233   Elapsed: 22.0905s (0m 22s)  6% completed  (53% total)
     Speed:     ev/sec=15855.6   simsec/sec=1.51101   ev/simsec=10493.4
     Messages:  created: 270876   present: 1201   in FES: 150
** Event #388096   t=36.005578284905   Elapsed: 24.0974s (0m 24s)  7% completed  (53% total)
     Speed:     ev/sec=18623.6   simsec/sec=2.22229   ev/simsec=8380.37
     Messages:  created: 303066   present: 1200   in FES: 151
** Event #438016   t=42.05620490563   Elapsed: 26.099s (0m 26s)  8% completed  (54% total)
     Speed:     ev/sec=24940   simsec/sec=3.02289   ev/simsec=8250.39
     Messages:  created: 348148   present: 1212   in FES: 153
** Event #493056   t=49.130884031136   Elapsed: 28.1034s (0m 28s)  9% completed  (54% total)
     Speed:     ev/sec=27460.4   simsec/sec=3.52968   ev/simsec=7779.86
     Messages:  created: 399086   present: 1116   in FES: 122
** Event #550144   t=56.578414951102   Elapsed: 30.1109s (0m 30s)  11% completed  (55% total)
     Speed:     ev/sec=28436.7   simsec/sec=3.70976   ev/simsec=7665.36
     Messages:  created: 451614   present: 1199   in FES: 154
** Event #604928   t=63.586424754799   Elapsed: 32.1181s (0m 32s)  12% completed  (56% total)
     Speed:     ev/sec=27293.8   simsec/sec=3.49145   ev/simsec=7817.34
     Messages:  created: 502206   present: 1141   in FES: 128
** Event #664064   t=71.57183826147   Elapsed: 34.1271s (0m 34s)  14% completed  (57% total)
     Speed:     ev/sec=29436.4   simsec/sec=3.97494   ev/simsec=7405.5
     Messages:  created: 557554   present: 1138   in FES: 127
** Event #722432   t=79.50660228363   Elapsed: 36.1287s (0m 36s)  15% completed  (57% total)
     Speed:     ev/sec=29160.4   simsec/sec=3.96417   ev/simsec=7355.98
     Messages:  created: 611472   present: 1181   in FES: 144
** Event #782336   t=87.074414334919   Elapsed: 38.1293s (0m 38s)  17% completed  (58% total)
     Speed:     ev/sec=29942.7   simsec/sec=3.78273   ev/simsec=7915.63
     Messages:  created: 666914   present: 1215   in FES: 152
** Event #837632   t=94.553604904443   Elapsed: 40.1375s (0m 40s)  18% completed  (59% total)
     Speed:     ev/sec=27535.6   simsec/sec=3.72439   ev/simsec=7393.31
     Messages:  created: 717951   present: 1190   in FES: 154
** Event #892672   t=101.08319050579   Elapsed: 42.1419s (0m 42s)  20% completed  (60% total)
     Speed:     ev/sec=27458.8   simsec/sec=3.25753   ev/simsec=8429.33
     Messages:  created: 770367   present: 1332   in FES: 183
** Event #949760   t=106.737569017569   Elapsed: 44.1473s (0m 44s)  21% completed  (60% total)
     Speed:     ev/sec=28467.5   simsec/sec=2.81961   ev/simsec=10096.2
     Messages:  created: 827751   present: 1913   in FES: 153
** Event #1010944   t=114.088852348892   Elapsed: 46.1487s (0m 46s)  22% completed  (61% total)
     Speed:     ev/sec=30569.9   simsec/sec=3.67299   ev/simsec=8322.9
     Messages:  created: 885439   present: 1886   in FES: 147
** Event #1075456   t=122.582007388031   Elapsed: 48.1544s (0m 48s)  24% completed  (62% total)
     Speed:     ev/sec=32164.2   simsec/sec=4.23449   ev/simsec=7595.76
     Messages:  created: 944509   present: 2922   in FES: 147
** Event #1131776   t=129.065976020542   Elapsed: 50.1568s (0m 50s)  25% completed  (62% total)
     Speed:     ev/sec=28126.2   simsec/sec=3.23809   ev/simsec=8686.04
     Messages:  created: 993094   present: 3668   in FES: 142
** Event #1183488   t=135.011849766594   Elapsed: 52.1613s (0m 52s)  27% completed  (63% total)
     Speed:     ev/sec=25798.4   simsec/sec=2.96632   ev/simsec=8697.12
     Messages:  created: 1036809   present: 4403   in FES: 154
** Event #1234688   t=140.524549118135   Elapsed: 54.1746s (0m 54s)  28% completed  (64% total)
     Speed:     ev/sec=25431.1   simsec/sec=2.73816   ev/simsec=9287.65
     Messages:  created: 1079805   present: 5032   in FES: 137
** Event #1282048   t=145.576015243475   Elapsed: 56.1793s (0m 56s)  29% completed  (64% total)
     Speed:     ev/sec=23624   simsec/sec=2.51976   ev/simsec=9375.5
     Messages:  created: 1120133   present: 5785   in FES: 182
** Event #1332480   t=151.246472779867   Elapsed: 58.1826s (0m 58s)  30% completed  (65% total)
     Speed:     ev/sec=25175.5   simsec/sec=2.83068   ev/simsec=8893.81
     Messages:  created: 1162805   present: 6264   in FES: 122
** Event #1379328   t=156.528446095428   Elapsed: 60.1972s (1m 00s)  31% completed  (65% total)
     Speed:     ev/sec=23253.2   simsec/sec=2.62173   ev/simsec=8869.41
     Messages:  created: 1202462   present: 6976   in FES: 154
** Event #1441024   t=163.56149985736   Elapsed: 62.2115s (1m 02s)  32% completed  (66% total)
     Speed:     ev/sec=30630.1   simsec/sec=3.49169   ev/simsec=8772.29
     Messages:  created: 1255927   present: 7748   in FES: 124
** Event #1482240   t=168.041851995726   Elapsed: 64.2118s (1m 04s)  33% completed  (66% total)
     Speed:     ev/sec=20604.8   simsec/sec=2.23983   ev/simsec=9199.28
     Messages:  created: 1289759   present: 8375   in FES: 154
** Event #1525248   t=172.531440399451   Elapsed: 66.2147s (1m 06s)  34% completed  (67% total)
     Speed:     ev/sec=21472.7   simsec/sec=2.24153   ev/simsec=9579.5
     Messages:  created: 1325476   present: 8859   in FES: 129
** Event #1570560   t=177.521878050321   Elapsed: 68.2182s (1m 08s)  35% completed  (67% total)
     Speed:     ev/sec=22616.9   simsec/sec=2.49091   ev/simsec=9079.76
     Messages:  created: 1362938   present: 9500   in FES: 154
** Event #1614080   t=182.041902803391   Elapsed: 70.2186s (1m 10s)  36% completed  (68% total)
     Speed:     ev/sec=21755.2   simsec/sec=2.25951   ev/simsec=9628.27
     Messages:  created: 1398872   present: 10012   in FES: 140
** Event #1665536   t=187.520555188527   Elapsed: 72.2249s (1m 12s)  37% completed  (68% total)
     Speed:     ev/sec=25647.2   simsec/sec=2.73073   ev/simsec=9392.09
     Messages:  created: 1441075   present: 10631   in FES: 126
** Event #1713920   t=192.526552885367   Elapsed: 74.249s (1m 14s)  38% completed  (69% total)
     Speed:     ev/sec=23903.5   simsec/sec=2.47315   ev/simsec=9665.21
     Messages:  created: 1481069   present: 11274   in FES: 137
** Event #1756672   t=197.029826585954   Elapsed: 76.2521s (1m 16s)  39% completed  (69% total)
     Speed:     ev/sec=21343.6   simsec/sec=2.24823   ev/simsec=9493.54
     Messages:  created: 1516033   present: 11850   in FES: 153
** Event #1798400   t=201.553573810904   Elapsed: 78.2624s (1m 18s)  40% completed  (70% total)
     Speed:     ev/sec=20756.4   simsec/sec=2.25021   ev/simsec=9224.21
     Messages:  created: 1550346   present: 12386   in FES: 150
** Event #1852672   t=208.525090669598   Elapsed: 80.2637s (1m 20s)  41% completed  (70% total)
     Speed:     ev/sec=27118.9   simsec/sec=3.48357   ev/simsec=7784.82
     Messages:  created: 1599602   present: 13141   in FES: 124
** Event #1914112   t=215.54323185554   Elapsed: 82.2729s (1m 22s)  43% completed  (71% total)
     Speed:     ev/sec=30578.9   simsec/sec=3.49295   ev/simsec=8754.45
     Messages:  created: 1653185   present: 14059   in FES: 154
** Event #1982208   t=223.520520948944   Elapsed: 84.2792s (1m 24s)  44% completed  (72% total)
     Speed:     ev/sec=33940.6   simsec/sec=3.97606   ev/simsec=8536.23
     Messages:  created: 1711163   present: 15005   in FES: 142
** Event #2060288   t=230.065922668494   Elapsed: 86.2838s (1m 26s)  46% completed  (73% total)
     Speed:     ev/sec=38951.9   simsec/sec=3.26531   ev/simsec=11929
     Messages:  created: 1791065   present: 15786   in FES: 176
** Event #2144768   t=234.780858440636   Elapsed: 88.2846s (1m 28s)  46% completed  (73% total)
     Speed:     ev/sec=42221.8   simsec/sec=2.35645   ev/simsec=17917.5
     Messages:  created: 1889846   present: 12530   in FES: 140
** Event #2213376   t=239.530824016926   Elapsed: 90.2872s (1m 30s)  47% completed  (73% total)
     Speed:     ev/sec=34260.2   simsec/sec=2.37195   ev/simsec=14443.9
     Messages:  created: 1967045   present: 6371   in FES: 165
** Event #2293760   t=245.029231968   Elapsed: 92.2881s (1m 32s)  49% completed  (74% total)
     Speed:     ev/sec=40173.2   simsec/sec=2.74792   ev/simsec=14619.5
     Messages:  created: 2057237   present: 6798   in FES: 154
** Event #2387968   t=251.514312021384   Elapsed: 94.2904s (1m 34s)  50% completed  (75% total)
     Speed:     ev/sec=47051   simsec/sec=3.23889   ev/simsec=14526.9
     Messages:  created: 2163185   present: 7336   in FES: 153
** Event #2466816   t=256.794935948093   Elapsed: 96.2916s (1m 36s)  51% completed  (75% total)
     Speed:     ev/sec=39399.3   simsec/sec=2.63866   ev/simsec=14931.6
     Messages:  created: 2251531   present: 7708   in FES: 134
** Event #2545152   t=261.530811483211   Elapsed: 98.2988s (1m 38s)  52% completed  (76% total)
     Speed:     ev/sec=39028.6   simsec/sec=2.35951   ev/simsec=16541
     Messages:  created: 2341639   present: 8059   in FES: 136
** Event #2626304   t=266.096080702402   Elapsed: 100.304s (1m 40s)  53% completed  (76% total)
     Speed:     ev/sec=40480.2   simsec/sec=2.27725   ev/simsec=17776
     Messages:  created: 2432005   present: 8560   in FES: 154
** Event #2679296   t=271.719500998966   Elapsed: 102.314s (1m 42s)  54% completed  (77% total)
     Speed:     ev/sec=26361   simsec/sec=2.79738   ev/simsec=9423.45
     Messages:  created: 2474914   present: 9154   in FES: 123
** Event #2728448   t=276.514397292658   Elapsed: 104.319s (1m 44s)  55% completed  (77% total)
     Speed:     ev/sec=24515.3   simsec/sec=2.39153   ev/simsec=10250.9
     Messages:  created: 2512932   present: 9821   in FES: 150
** Event #2775552   t=281.547930558157   Elapsed: 106.327s (1m 46s)  56% completed  (78% total)
     Speed:     ev/sec=23459.2   simsec/sec=2.50685   ev/simsec=9358.04
     Messages:  created: 2551972   present: 10426   in FES: 153
** Event #2839808   t=288.583192923424   Elapsed: 108.333s (1m 48s)  57% completed  (78% total)
     Speed:     ev/sec=32030.8   simsec/sec=3.50699   ev/simsec=9133.42
     Messages:  created: 2605892   present: 11255   in FES: 154
** Event #2904064   t=294.864043584821   Elapsed: 110.334s (1m 50s)  58% completed  (79% total)
     Speed:     ev/sec=32105   simsec/sec=3.13818   ev/simsec=10230.5
     Messages:  created: 2664309   present: 11995   in FES: 154
** Event #2991616   t=297.542416147311   Elapsed: 112.336s (1m 52s)  59% completed  (79% total)
     Speed:     ev/sec=43734.5   simsec/sec=1.33792   ev/simsec=32688.5
     Messages:  created: 2771570   present: 12137   in FES: 169
** Event #3089408   t=302.801462652275   Elapsed: 114.337s (1m 54s)  60% completed  (80% total)
     Speed:     ev/sec=48865.3   simsec/sec=2.62787   ev/simsec=18595
     Messages:  created: 2885358   present: 12495   in FES: 144
** Event #3186432   t=309.604156825665   Elapsed: 116.342s (1m 56s)  61% completed  (80% total)
     Speed:     ev/sec=48403.7   simsec/sec=3.39376   ev/simsec=14262.6
     Messages:  created: 2991902   present: 13089   in FES: 152
** Event #3272192   t=315.364309023146   Elapsed: 118.344s (1m 58s)  63% completed  (81% total)
     Speed:     ev/sec=42840.4   simsec/sec=2.87741   ev/simsec=14888.5
     Messages:  created: 3081900   present: 13581   in FES: 155
** Event #3351296   t=320.530828206606   Elapsed: 120.344s (2m 00s)  64% completed  (82% total)
     Speed:     ev/sec=39542.8   simsec/sec=2.58266   ev/simsec=15310.9
     Messages:  created: 3164028   present: 13980   in FES: 155
** Event #3430912   t=325.534579216744   Elapsed: 122.351s (2m 02s)  65% completed  (82% total)
     Speed:     ev/sec=39678.4   simsec/sec=2.49373   ev/simsec=15911.3
     Messages:  created: 3246992   present: 14434   in FES: 164
** Event #3506432   t=330.01514495572   Elapsed: 124.352s (2m 04s)  66% completed  (83% total)
     Speed:     ev/sec=37733.9   simsec/sec=2.23873   ev/simsec=16855
     Messages:  created: 3327699   present: 14769   in FES: 146
** Event #3587328   t=334.801461358237   Elapsed: 126.354s (2m 06s)  66% completed  (83% total)
     Speed:     ev/sec=40408.3   simsec/sec=2.39081   ev/simsec=16901.5
     Messages:  created: 3415258   present: 15140   in FES: 144
** Event #3673600   t=338.318291947393   Elapsed: 128.356s (2m 08s)  67% completed  (83% total)
     Speed:     ev/sec=43092.6   simsec/sec=1.75665   ev/simsec=24531.2
     Messages:  created: 3515484   present: 15521   in FES: 157
** Event #3769600   t=341.517340100578   Elapsed: 130.367s (2m 10s)  68% completed  (84% total)
     Speed:     ev/sec=47726   simsec/sec=1.59039   ev/simsec=30008.9
     Messages:  created: 3632532   present: 15818   in FES: 151
** Event #3822592   t=347.065295862042   Elapsed: 132.367s (2m 12s)  69% completed  (84% total)
     Speed:     ev/sec=26495.8   simsec/sec=2.77396   ev/simsec=9551.63
     Messages:  created: 3676669   present: 16494   in FES: 154
** Event #3868928   t=351.04449966852   Elapsed: 134.369s (2m 14s)  70% completed  (85% total)
     Speed:     ev/sec=23145.2   simsec/sec=1.98764   ev/simsec=11644.5
     Messages:  created: 3719127   present: 16951   in FES: 164
** Event #3930368   t=354.941520785447   Elapsed: 136.37s (2m 16s)  70% completed  (85% total)
     Speed:     ev/sec=30711.5   simsec/sec=1.94797   ev/simsec=15765.9
     Messages:  created: 3782562   present: 17371   in FES: 152
** Event #3978496   t=358.554766421874   Elapsed: 138.384s (2m 18s)  71% completed  (85% total)
     Speed:     ev/sec=23891.2   simsec/sec=1.79365   ev/simsec=13319.9
     Messages:  created: 3825947   present: 9391   in FES: 170
** Event #4027648   t=362.510420496132   Elapsed: 140.386s (2m 20s)  72% completed  (86% total)
     Speed:     ev/sec=24553.4   simsec/sec=1.97601   ev/simsec=12425.8
     Messages:  created: 3868794   present: 5578   in FES: 148
** Event #4073472   t=366.545767714659   Elapsed: 142.406s (2m 22s)  73% completed  (86% total)
     Speed:     ev/sec=22685   simsec/sec=1.99768   ev/simsec=11355.7
     Messages:  created: 3903738   present: 1925   in FES: 135
** Event #4118528   t=370.568337825067   Elapsed: 144.417s (2m 24s)  74% completed  (87% total)
     Speed:     ev/sec=22413.5   simsec/sec=2.00106   ev/simsec=11200.8
     Messages:  created: 3938080   present: 2428   in FES: 140
** Event #4164096   t=375.028300290349   Elapsed: 146.421s (2m 26s)  75% completed  (87% total)
     Speed:     ev/sec=22727.7   simsec/sec=2.22447   ev/simsec=10217.1
     Messages:  created: 3972850   present: 2988   in FES: 154
** Event #4203520   t=378.596176845143   Elapsed: 148.43s (2m 28s)  75% completed  (87% total)
     Speed:     ev/sec=19626.2   simsec/sec=1.77617   ev/simsec=11049.7
     Messages:  created: 4003631   present: 3429   in FES: 152
** Event #4259328   t=384.560175137101   Elapsed: 150.445s (2m 30s)  76% completed  (88% total)
     Speed:     ev/sec=27703.2   simsec/sec=2.96054   ev/simsec=9357.48
     Messages:  created: 4048396   present: 4122   in FES: 154
** Event #4312064   t=390.056853214767   Elapsed: 152.446s (2m 32s)  78% completed  (89% total)
     Speed:     ev/sec=26347   simsec/sec=2.74615   ev/simsec=9594.16
     Messages:  created: 4091022   present: 4801   in FES: 151
** Event #4372736   t=396.550499905197   Elapsed: 154.449s (2m 34s)  79% completed  (89% total)
     Speed:     ev/sec=30294.7   simsec/sec=3.2424   ev/simsec=9343.29
     Messages:  created: 4140143   present: 5571   in FES: 154
** Event #4428800   t=402.541878767701   Elapsed: 156.461s (2m 36s)  80% completed  (90% total)
     Speed:     ev/sec=27866.7   simsec/sec=2.97802   ev/simsec=9357.45
     Messages:  created: 4185499   present: 6288   in FES: 149
** Event #4487936   t=408.563073542278   Elapsed: 158.471s (2m 38s)  81% completed  (90% total)
     Speed:     ev/sec=29416.7   simsec/sec=2.99519   ev/simsec=9821.31
     Messages:  created: 4233351   present: 7020   in FES: 149
** Event #4552960   t=415.555347147696   Elapsed: 160.48s (2m 40s)  83% completed  (91% total)
     Speed:     ev/sec=32375.4   simsec/sec=3.48145   ev/simsec=9299.41
     Messages:  created: 4286161   present: 7858   in FES: 149
** Event #4610816   t=421.58983832713   Elapsed: 162.489s (2m 42s)  84% completed  (92% total)
     Speed:     ev/sec=28796.3   simsec/sec=3.00351   ev/simsec=9587.55
     Messages:  created: 4334876   present: 8517   in FES: 123
** Event #4680960   t=429.078925139757   Elapsed: 164.489s (2m 44s)  85% completed  (92% total)
     Speed:     ev/sec=35070.5   simsec/sec=3.74439   ev/simsec=9366.16
     Messages:  created: 4392984   present: 9449   in FES: 139
** Event #4742144   t=435.589042978599   Elapsed: 166.491s (2m 46s)  87% completed  (93% total)
     Speed:     ev/sec=30559.1   simsec/sec=3.25156   ev/simsec=9398.29
     Messages:  created: 4443824   present: 10189   in FES: 123
** Event #4788992   t=440.533301583242   Elapsed: 168.492s (2m 48s)  88% completed  (94% total)
     Speed:     ev/sec=23415.6   simsec/sec=2.47124   ev/simsec=9475.23
     Messages:  created: 4481209   present: 10857   in FES: 154
** Event #4848128   t=443.581520683751   Elapsed: 170.494s (2m 50s)  88% completed  (94% total)
     Speed:     ev/sec=29532   simsec/sec=1.52226   ev/simsec=19400.2
     Messages:  created: 4543903   present: 11131   in FES: 145
** Event #4943872   t=446.557153455217   Elapsed: 172.504s (2m 52s)  89% completed  (94% total)
     Speed:     ev/sec=47633.6   simsec/sec=1.48041   ev/simsec=32176
     Messages:  created: 4658889   present: 11260   in FES: 154
** Event #5028864   t=449.195950565524   Elapsed: 174.504s (2m 54s)  89% completed  (94% total)
     Speed:     ev/sec=42493.9   simsec/sec=1.31933   ev/simsec=32208.6
     Messages:  created: 4760056   present: 11355   in FES: 152
** Event #5118208   t=452.051461007056   Elapsed: 176.505s (2m 56s)  90% completed  (95% total)
     Speed:     ev/sec=44653.8   simsec/sec=1.42717   ev/simsec=31288.3
     Messages:  created: 4867144   present: 11461   in FES: 147
** Event #5208576   t=454.992788733692   Elapsed: 178.511s (2m 58s)  90% completed  (95% total)
     Speed:     ev/sec=45046.4   simsec/sec=1.46618   ev/simsec=30723.5
     Messages:  created: 4975508   present: 11569   in FES: 155
** Event #5293312   t=457.603260124585   Elapsed: 180.513s (3m 00s)  91% completed  (95% total)
     Speed:     ev/sec=42320.3   simsec/sec=1.30377   ev/simsec=32460
     Messages:  created: 5075295   present: 11700   in FES: 167
** Event #5385216   t=460.582521303631   Elapsed: 182.52s (3m 02s)  92% completed  (96% total)
     Speed:     ev/sec=45810.2   simsec/sec=1.48503   ev/simsec=30847.9
     Messages:  created: 5185062   present: 11774   in FES: 132
** Event #5477632   t=463.601216496886   Elapsed: 184.524s (3m 04s)  92% completed  (96% total)
     Speed:     ev/sec=46109.3   simsec/sec=1.50612   ev/simsec=30614.6
     Messages:  created: 5295169   present: 11937   in FES: 151
** Event #5570048   t=466.060268288794   Elapsed: 186.525s (3m 06s)  93% completed  (96% total)
     Speed:     ev/sec=46192.4   simsec/sec=1.22911   ev/simsec=37582
     Messages:  created: 5406585   present: 12015   in FES: 156
** Event #5661952   t=468.075825582694   Elapsed: 188.53s (3m 08s)  93% completed  (96% total)
     Speed:     ev/sec=45823.1   simsec/sec=1.00495   ev/simsec=45597.3
     Messages:  created: 5518477   present: 12130   in FES: 155
** Event #5752832   t=470.440499131848   Elapsed: 190.536s (3m 10s)  94% completed  (97% total)
     Speed:     ev/sec=45309.4   simsec/sec=1.17894   ev/simsec=38432.4
     Messages:  created: 5627769   present: 12241   in FES: 145
** Event #5794816   t=473.536959568297   Elapsed: 192.538s (3m 12s)  94% completed  (97% total)
     Speed:     ev/sec=20967.6   simsec/sec=1.54643   ev/simsec=13558.7
     Messages:  created: 5662039   present: 12549   in FES: 133
** Event #5832960   t=476.521063252868   Elapsed: 194.545s (3m 14s)  95% completed  (97% total)
     Speed:     ev/sec=19012.2   simsec/sec=1.48737   ev/simsec=12782.4
     Messages:  created: 5690110   present: 12963   in FES: 159
** Event #5863424   t=478.582913616745   Elapsed: 196.548s (3m 16s)  95% completed  (97% total)
     Speed:     ev/sec=15204.7   simsec/sec=1.02908   ev/simsec=14775.1
     Messages:  created: 5711739   present: 13160   in FES: 142
** Event #5900544   t=481.543734828995   Elapsed: 198.578s (3m 18s)  96% completed  (98% total)
     Speed:     ev/sec=18288   simsec/sec=1.45872   ev/simsec=12537.1
     Messages:  created: 5738011   present: 13607   in FES: 174
** Event #5935104   t=484.096132836823   Elapsed: 200.58s (3m 20s)  96% completed  (98% total)
     Speed:     ev/sec=17260.1   simsec/sec=1.27473   ev/simsec=13540.2
     Messages:  created: 5762383   present: 9319   in FES: 171
** Event #5966592   t=486.587912402893   Elapsed: 202.592s (3m 22s)  97% completed  (98% total)
     Speed:     ev/sec=15653.9   simsec/sec=1.23876   ev/simsec=12636.8
     Messages:  created: 5784642   present: 9126   in FES: 174
** Event #6003456   t=489.543414990538   Elapsed: 204.61s (3m 24s)  97% completed  (98% total)
     Speed:     ev/sec=18265.2   simsec/sec=1.46438   ev/simsec=12473
     Messages:  created: 5810654   present: 5483   in FES: 159
** Event #6031104   t=491.589912438732   Elapsed: 206.611s (3m 26s)  98% completed  (99% total)
     Speed:     ev/sec=13818.9   simsec/sec=1.02287   ev/simsec=13509.9
     Messages:  created: 5830167   present: 1752   in FES: 151
** Event #6063360   t=494.083191636688   Elapsed: 208.615s (3m 28s)  98% completed  (99% total)
     Speed:     ev/sec=16090.6   simsec/sec=1.24375   ev/simsec=12937.2
     Messages:  created: 5852865   present: 1977   in FES: 126
** Event #6098944   t=497.044554809208   Elapsed: 210.618s (3m 30s)  99% completed  (99% total)
     Speed:     ev/sec=17767.5   simsec/sec=1.47864   ev/simsec=12016.1
     Messages:  created: 5877888   present: 2345   in FES: 131
** Event #6134016   t=499.594912620947   Elapsed: 212.626s (3m 32s)  99% completed  (99% total)
     Speed:     ev/sec=17466.5   simsec/sec=1.27013   ev/simsec=13751.8
     Messages:  created: 5902840   present: 2698   in FES: 146
** Event #6134415   t=500   Elapsed: 212.641s (3m 32s)  100% completed  (100% total)
     Speed:     ev/sec=26281   simsec/sec=26.4563   ev/simsec=993.376
     Messages:  created: 5902927   present: 2670   in FES: 122

<!> Simulation time limit reached -- at t=500s, event #6134415
undisposed object: (omnetpp::cMessage) FanetSarNetwork.groundStation.app.debugTimer -- check module destructor
undisposed object: (omnetpp::cMessage) FanetSarNetwork.uav[0].app.debugTimer -- check module destructor
undisposed object: (omnetpp::cMessage) FanetSarNetwork.uav[1].app.debugTimer -- check module destructor
undisposed object: (omnetpp::cMessage) FanetSarNetwork.uav[2].app.debugTimer -- check module destructor
undisposed object: (omnetpp::cMessage) FanetSarNetwork.uav[3].app.debugTimer -- check module destructor
undisposed object: (omnetpp::cMessage) FanetSarNetwork.uav[4].app.debugTimer -- check module destructor
undisposed object: (omnetpp::cMessage) FanetSarNetwork.uav[5].app.debugTimer -- check module destructor
undisposed object: (omnetpp::cMessage) FanetSarNetwork.uav[6].app.debugTimer -- check module destructor
undisposed object: (omnetpp::cMessage) FanetSarNetwork.uav[7].app.debugTimer -- check module destructor
undisposed object: (omnetpp::cMessage) FanetSarNetwork.uav[8].app.debugTimer -- check module destructor
undisposed object: (omnetpp::cMessage) FanetSarNetwork.uav[9].app.debugTimer -- check module destructor
undisposed object: (omnetpp::cMessage) FanetSarNetwork.uav[10].app.debugTimer -- check module destructor
undisposed object: (omnetpp::cMessage) FanetSarNetwork.uav[11].app.debugTimer -- check module destructor
undisposed object: (omnetpp::cMessage) FanetSarNetwork.uav[12].app.debugTimer -- check module destructor
undisposed object: (omnetpp::cMessage) FanetSarNetwork.uav[13].app.debugTimer -- check module destructor
undisposed object: (omnetpp::cMessage) FanetSarNetwork.uav[14].app.debugTimer -- check module destructor
undisposed object: (omnetpp::cMessage) FanetSarNetwork.uav[15].app.debugTimer -- check module destructor
undisposed object: (omnetpp::cMessage) FanetSarNetwork.uav[16].app.debugTimer -- check module destructor
undisposed object: (omnetpp::cMessage) FanetSarNetwork.uav[17].app.debugTimer -- check module destructor
undisposed object: (omnetpp::cMessage) FanetSarNetwork.uav[18].app.debugTimer -- check module destructor
undisposed object: (omnetpp::cMessage) FanetSarNetwork.uav[19].app.debugTimer -- check module destructor
undisposed object: (omnetpp::cMessage) FanetSarNetwork.uav[20].app.debugTimer -- check module destructor
undisposed object: (omnetpp::cMessage) FanetSarNetwork.uav[21].app.debugTimer -- check module destructor
undisposed object: (omnetpp::cMessage) FanetSarNetwork.uav[22].app.debugTimer -- check module destructor
undisposed object: (omnetpp::cMessage) FanetSarNetwork.uav[23].app.debugTimer -- check module destructor
undisposed object: (omnetpp::cMessage) FanetSarNetwork.uav[24].app.debugTimer -- check module destructor
undisposed object: (omnetpp::cMessage) FanetSarNetwork.uav[25].app.debugTimer -- check module destructor
undisposed object: (omnetpp::cMessage) FanetSarNetwork.uav[26].app.debugTimer -- check module destructor
undisposed object: (omnetpp::cMessage) FanetSarNetwork.uav[27].app.debugTimer -- check module destructor
undisposed object: (omnetpp::cMessage) FanetSarNetwork.uav[28].app.debugTimer -- check module destructor
undisposed object: (omnetpp::cMessage) FanetSarNetwork.uav[29].app.debugTimer -- check module destructor
