** Event #0   t=0   Elapsed: 1.5e-05s (0m 00s)  0% completed  (0% total)
     Speed:     ev/sec=0   simsec/sec=0   ev/simsec=0
     Messages:  created: 1178   present: 1178   in FES: 186
** Event #88320   t=7.051067187285   Elapsed: 2.00163s (0m 02s)  1% completed  (0% total)
     Speed:     ev/sec=44124.9   simsec/sec=3.52269   ev/simsec=12525.9
     Messages:  created: 88739   present: 1186   in FES: 154
** Event #187392   t=12.529584965989   Elapsed: 4.00759s (0m 04s)  2% completed  (1% total)
     Speed:     ev/sec=49388.6   simsec/sec=2.73111   ev/simsec=18083.7
     Messages:  created: 189025   present: 1280   in FES: 154
** Event #273920   t=20.077437262991   Elapsed: 6.00956s (0m 06s)  4% completed  (2% total)
     Speed:     ev/sec=43221.5   simsec/sec=3.77022   ev/simsec=11463.9
     Messages:  created: 274808   present: 1203   in FES: 150
** Event #350208   t=26.567627232011   Elapsed: 8.01551s (0m 08s)  5% completed  (2% total)
     Speed:     ev/sec=38030.8   simsec/sec=3.23547   ev/simsec=11754.4
     Messages:  created: 350181   present: 1264   in FES: 154
** Event #427264   t=33.083007006152   Elapsed: 10.0222s (0m 10s)  6% completed  (3% total)
     Speed:     ev/sec=38399.6   simsec/sec=3.24683   ev/simsec=11826.8
     Messages:  created: 426617   present: 1188   in FES: 154
** Event #503040   t=39.53017278789   Elapsed: 12.0281s (0m 12s)  7% completed  (3% total)
     Speed:     ev/sec=37777.2   simsec/sec=3.21416   ev/simsec=11753.4
     Messages:  created: 501854   present: 1222   in FES: 152
** Event #580096   t=45.514073546929   Elapsed: 14.0384s (0m 14s)  9% completed  (4% total)
     Speed:     ev/sec=38329.2   simsec/sec=2.97651   ev/simsec=12877.2
     Messages:  created: 578512   present: 1214   in FES: 153
** Event #646656   t=47.583582796941   Elapsed: 16.0456s (0m 16s)  9% completed  (4% total)
     Speed:     ev/sec=33161.1   simsec/sec=1.03106   ev/simsec=32162.2
     Messages:  created: 643433   present: 1159   in FES: 124
** Event #711680   t=49.583245919992   Elapsed: 18.0541s (0m 18s)  9% completed  (4% total)
     Speed:     ev/sec=32374   simsec/sec=0.995586   ev/simsec=32517.5
     Messages:  created: 704815   present: 1316   in FES: 154
** Event #773376   t=51.546395471613   Elapsed: 20.0607s (0m 20s)  10% completed  (5% total)
     Speed:     ev/sec=30747.8   simsec/sec=0.978386   ev/simsec=31427.1
     Messages:  created: 762616   present: 1266   in FES: 154
** Event #831232   t=53.005920766381   Elapsed: 22.0622s (0m 22s)  10% completed  (5% total)
     Speed:     ev/sec=28906.3   simsec/sec=0.729215   ev/simsec=39640.3
     Messages:  created: 817414   present: 1201   in FES: 154
** Event #886528   t=54.506659151581   Elapsed: 24.0634s (0m 24s)  10% completed  (5% total)
     Speed:     ev/sec=27630.1   simsec/sec=0.749884   ev/simsec=36845.9
     Messages:  created: 868738   present: 1185   in FES: 145
** Event #942336   t=55.044771856082   Elapsed: 26.0653s (0m 26s)  11% completed  (5% total)
     Speed:     ev/sec=27878.6   simsec/sec=0.268811   ev/simsec=103711
     Messages:  created: 920000   present: 1161   in FES: 136
** Event #997376   t=55.606372283908   Elapsed: 28.0717s (0m 28s)  11% completed  (5% total)
     Speed:     ev/sec=27431.3   simsec/sec=0.279895   ev/simsec=98005.6
     Messages:  created: 972399   present: 1287   in FES: 144
** Event #1058048   t=57.609236746178   Elapsed: 30.0785s (0m 30s)  11% completed  (5% total)
     Speed:     ev/sec=30234.5   simsec/sec=0.998083   ev/simsec=30292.6
     Messages:  created: 1026174   present: 1287   in FES: 162
** Event #1114112   t=60.009154921892   Elapsed: 32.0806s (0m 32s)  12% completed  (6% total)
     Speed:     ev/sec=28001.4   simsec/sec=1.19865   ev/simsec=23360.8
     Messages:  created: 1075764   present: 1203   in FES: 150
** Event #1174528   t=62.586645180403   Elapsed: 34.0865s (0m 34s)  12% completed  (6% total)
     Speed:     ev/sec=30119.7   simsec/sec=1.28498   ev/simsec=23439.9
     Messages:  created: 1127637   present: 1149   in FES: 132
** Event #1232896   t=64.519870488052   Elapsed: 36.0932s (0m 36s)  12% completed  (6% total)
     Speed:     ev/sec=29086.7   simsec/sec=0.96339   ev/simsec=30192
     Messages:  created: 1178190   present: 1209   in FES: 145
** Event #1286144   t=65.514980948663   Elapsed: 38.0964s (0m 38s)  13% completed  (6% total)
     Speed:     ev/sec=26581.2   simsec/sec=0.496756   ev/simsec=53509.6
     Messages:  created: 1224077   present: 1170   in FES: 135
** Event #1342208   t=66.513696330083   Elapsed: 40.1013s (0m 40s)  13% completed  (6% total)
     Speed:     ev/sec=27963.4   simsec/sec=0.498137   ev/simsec=56136.1
     Messages:  created: 1273058   present: 1179   in FES: 126
** Event #1398016   t=67.525176409923   Elapsed: 42.1014s (0m 42s)  13% completed  (6% total)
     Speed:     ev/sec=27903.1   simsec/sec=0.505723   ev/simsec=55174.6
     Messages:  created: 1322032   present: 1183   in FES: 145
** Event #1459456   t=69.605344803812   Elapsed: 44.1066s (0m 44s)  13% completed  (6% total)
     Speed:     ev/sec=30640.2   simsec/sec=1.03738   ev/simsec=29536.1
     Messages:  created: 1372505   present: 1172   in FES: 153
** Event #1517312   t=70.623847280085   Elapsed: 46.1071s (0m 46s)  14% completed  (7% total)
     Speed:     ev/sec=28920.9   simsec/sec=0.509126   ev/simsec=56805
     Messages:  created: 1421606   present: 1325   in FES: 150
** Event #1579520   t=72.531584247842   Elapsed: 48.1291s (0m 48s)  14% completed  (7% total)
     Speed:     ev/sec=30764.6   simsec/sec=0.943459   ev/simsec=32608.3
     Messages:  created: 1473369   present: 1154   in FES: 153
** Event #1640448   t=74.598835632523   Elapsed: 50.13s (0m 50s)  14% completed  (7% total)
     Speed:     ev/sec=30451.4   simsec/sec=1.0332   ev/simsec=29473
     Messages:  created: 1524408   present: 1279   in FES: 153
** Event #1697280   t=75.606342592124   Elapsed: 52.1431s (0m 52s)  15% completed  (7% total)
     Speed:     ev/sec=28230   simsec/sec=0.500457   ev/simsec=56408.5
     Messages:  created: 1573184   present: 1264   in FES: 154
** Event #1758720   t=78.099746953942   Elapsed: 54.1454s (0m 54s)  15% completed  (7% total)
     Speed:     ev/sec=30685.6   simsec/sec=1.2453   ev/simsec=24641
     Messages:  created: 1624574   present: 1211   in FES: 152
** Event #1817088   t=79.551054661955   Elapsed: 56.1512s (0m 56s)  15% completed  (7% total)
     Speed:     ev/sec=29098.8   simsec/sec=0.723536   ev/simsec=40217.5
     Messages:  created: 1675140   present: 1295   in FES: 148
** Event #1881088   t=81.612449932696   Elapsed: 58.1558s (0m 58s)  16% completed  (8% total)
     Speed:     ev/sec=31926.7   simsec/sec=1.02834   ev/simsec=31046.9
     Messages:  created: 1729062   present: 1297   in FES: 157
** Event #1940736   t=83.524400838272   Elapsed: 60.1566s (1m 00s)  16% completed  (8% total)
     Speed:     ev/sec=29813.3   simsec/sec=0.955634   ev/simsec=31197.5
     Messages:  created: 1778525   present: 1169   in FES: 141
** Event #1998336   t=85.016681460072   Elapsed: 62.1585s (1m 02s)  17% completed  (8% total)
     Speed:     ev/sec=28771.7   simsec/sec=0.745407   ev/simsec=38598.6
     Messages:  created: 1827714   present: 1213   in FES: 152
** Event #2054912   t=86.524232258102   Elapsed: 64.1623s (1m 04s)  17% completed  (8% total)
     Speed:     ev/sec=28234.1   simsec/sec=0.752338   ev/simsec=37528.4
     Messages:  created: 1875875   present: 1154   in FES: 153
** Event #2111744   t=87.608823947301   Elapsed: 66.1755s (1m 06s)  17% completed  (8% total)
     Speed:     ev/sec=28230.7   simsec/sec=0.538759   ev/simsec=52399.4
     Messages:  created: 1925488   present: 1186   in FES: 153
** Event #2167040   t=90.076581442215   Elapsed: 68.1832s (1m 08s)  18% completed  (9% total)
     Speed:     ev/sec=27541.8   simsec/sec=1.22914   ev/simsec=22407.4
     Messages:  created: 1971664   present: 1174   in FES: 141
** Event #2224384   t=91.553253391549   Elapsed: 70.1842s (1m 10s)  18% completed  (9% total)
     Speed:     ev/sec=28657.3   simsec/sec=0.737957   ev/simsec=38833.3
     Messages:  created: 2021308   present: 1219   in FES: 142
** Event #2280960   t=94.561260249693   Elapsed: 72.1867s (1m 12s)  18% completed  (9% total)
     Speed:     ev/sec=28253.3   simsec/sec=1.50216   ev/simsec=18808.5
     Messages:  created: 2071683   present: 1278   in FES: 154
** Event #2337792   t=97.567187320257   Elapsed: 74.1897s (1m 14s)  19% completed  (9% total)
     Speed:     ev/sec=28373.3   simsec/sec=1.5007   ev/simsec=18906.6
     Messages:  created: 2124228   present: 1264   in FES: 144
** Event #2397440   t=98.608309358273   Elapsed: 76.1959s (1m 16s)  19% completed  (9% total)
     Speed:     ev/sec=29730.9   simsec/sec=0.518936   ev/simsec=57292
     Messages:  created: 2180670   present: 1208   in FES: 131
** Event #2450688   t=99.611570049107   Elapsed: 78.1961s (1m 18s)  19% completed  (9% total)
     Speed:     ev/sec=26621.6   simsec/sec=0.501584   ev/simsec=53074.9
     Messages:  created: 2230718   present: 1291   in FES: 155
** Event #2502656   t=100.590608917946   Elapsed: 80.2045s (1m 20s)  20% completed  (10% total)
     Speed:     ev/sec=25875.2   simsec/sec=0.487469   ev/simsec=53080.6
     Messages:  created: 2279187   present: 1338   in FES: 165
** Event #2555904   t=101.588740275844   Elapsed: 82.2058s (1m 22s)  20% completed  (10% total)
     Speed:     ev/sec=26607.1   simsec/sec=0.498748   ev/simsec=53347.7
     Messages:  created: 2329414   present: 1438   in FES: 183
** Event #2612480   t=103.053339415356   Elapsed: 84.2081s (1m 24s)  20% completed  (10% total)
     Speed:     ev/sec=28255   simsec/sec=0.731445   ev/simsec=38629
     Messages:  created: 2383728   present: 1538   in FES: 184
** Event #2674176   t=105.613830608577   Elapsed: 86.2101s (1m 26s)  21% completed  (10% total)
     Speed:     ev/sec=30818.1   simsec/sec=1.27901   ev/simsec=24095.4
     Messages:  created: 2439971   present: 1791   in FES: 159
** Event #2731264   t=107.561680119228   Elapsed: 88.2224s (1m 28s)  21% completed  (10% total)
     Speed:     ev/sec=28369.4   simsec/sec=0.967967   ev/simsec=29308.2
     Messages:  created: 2493190   present: 2129   in FES: 183
** Event #2791936   t=110.558345466668   Elapsed: 90.2263s (1m 30s)  22% completed  (11% total)
     Speed:     ev/sec=30276.8   simsec/sec=1.49541   ev/simsec=20246.5
     Messages:  created: 2547676   present: 1521   in FES: 153
** Event #2851840   t=113.522715286942   Elapsed: 92.2456s (1m 32s)  22% completed  (11% total)
     Speed:     ev/sec=29665.4   simsec/sec=1.468   ev/simsec=20208
     Messages:  created: 2601271   present: 1840   in FES: 154
** Event #2913024   t=115.561140089336   Elapsed: 94.2537s (1m 34s)  23% completed  (11% total)
     Speed:     ev/sec=30468.5   simsec/sec=1.0151   ev/simsec=30015.3
     Messages:  created: 2656449   present: 2102   in FES: 140
** Event #2971392   t=118.5235947445   Elapsed: 96.2551s (1m 36s)  23% completed  (11% total)
     Speed:     ev/sec=29163.4   simsec/sec=1.48018   ev/simsec=19702.6
     Messages:  created: 2708382   present: 2536   in FES: 185
** Event #3028224   t=120.528917314673   Elapsed: 98.2635s (1m 38s)  24% completed  (12% total)
     Speed:     ev/sec=28298.4   simsec/sec=0.99851   ev/simsec=28340.6
     Messages:  created: 2759712   present: 2657   in FES: 152
** Event #3088128   t=123.051070758051   Elapsed: 100.266s (1m 40s)  24% completed  (12% total)
     Speed:     ev/sec=29913.2   simsec/sec=1.25944   ev/simsec=23751.1
     Messages:  created: 2813379   present: 2958   in FES: 154
** Event #3149824   t=126.548690802403   Elapsed: 102.269s (1m 42s)  25% completed  (12% total)
     Speed:     ev/sec=30802.4   simsec/sec=1.74623   ev/simsec=17639.4
     Messages:  created: 2868727   present: 3357   in FES: 136
** Event #3212032   t=129.083061111512   Elapsed: 104.274s (1m 44s)  25% completed  (12% total)
     Speed:     ev/sec=31026.9   simsec/sec=1.26404   ev/simsec=24545.7
     Messages:  created: 2925083   present: 3679   in FES: 149
** Event #3274496   t=132.519067008103   Elapsed: 106.282s (1m 46s)  26% completed  (13% total)
     Speed:     ev/sec=31104.6   simsec/sec=1.71099   ev/simsec=18179.2
     Messages:  created: 2980376   present: 4112   in FES: 155
** Event #3335680   t=135.550826069055   Elapsed: 108.295s (1m 48s)  27% completed  (13% total)
     Speed:     ev/sec=30391.8   simsec/sec=1.50596   ev/simsec=20181
     Messages:  created: 3035073   present: 4474   in FES: 159
** Event #3393280   t=138.572542268857   Elapsed: 110.303s (1m 50s)  27% completed  (13% total)
     Speed:     ev/sec=28683.2   simsec/sec=1.50473   ev/simsec=19062
     Messages:  created: 3088625   present: 4864   in FES: 154
** Event #3451136   t=141.572385824106   Elapsed: 112.308s (1m 52s)  28% completed  (14% total)
     Speed:     ev/sec=28863   simsec/sec=1.49655   ev/simsec=19286.3
     Messages:  created: 3143351   present: 5190   in FES: 153
** Event #3507968   t=143.515198226824   Elapsed: 114.31s (1m 54s)  28% completed  (14% total)
     Speed:     ev/sec=28381.5   simsec/sec=0.970227   ev/simsec=29252.4
     Messages:  created: 3194557   present: 5507   in FES: 148
** Event #3565056   t=144.550213597055   Elapsed: 116.317s (1m 56s)  28% completed  (14% total)
     Speed:     ev/sec=28448.1   simsec/sec=0.515769   ev/simsec=55156.7
     Messages:  created: 3247082   present: 5643   in FES: 150
** Event #3631104   t=148.536076201602   Elapsed: 118.325s (1m 58s)  29% completed  (14% total)
     Speed:     ev/sec=32895.7   simsec/sec=1.98519   ev/simsec=16570.6
     Messages:  created: 3306152   present: 6023   in FES: 162
** Event #3693568   t=151.562961378573   Elapsed: 120.326s (2m 00s)  30% completed  (15% total)
     Speed:     ev/sec=31217.3   simsec/sec=1.51273   ev/simsec=20636.4
     Messages:  created: 3362855   present: 6403   in FES: 146
** Event #3757312   t=155.537784574406   Elapsed: 122.328s (2m 02s)  31% completed  (15% total)
     Speed:     ev/sec=31842.2   simsec/sec=1.98555   ev/simsec=16036.9
     Messages:  created: 3419945   present: 6882   in FES: 154
** Event #3819264   t=159.007363734945   Elapsed: 124.332s (2m 04s)  31% completed  (15% total)
     Speed:     ev/sec=30915   simsec/sec=1.73137   ev/simsec=17855.8
     Messages:  created: 3475477   present: 7261   in FES: 147
** Event #3883008   t=162.078232688359   Elapsed: 126.343s (2m 06s)  32% completed  (16% total)
     Speed:     ev/sec=31698.4   simsec/sec=1.52707   ev/simsec=20757.6
     Messages:  created: 3533309   present: 7636   in FES: 148
** Event #3949056   t=167.546284320127   Elapsed: 128.344s (2m 08s)  33% completed  (16% total)
     Speed:     ev/sec=33009.2   simsec/sec=2.7328   ev/simsec=12078.9
     Messages:  created: 3597888   present: 8430   in FES: 188
** Event #4017152   t=170.566229804021   Elapsed: 130.349s (2m 10s)  34% completed  (17% total)
     Speed:     ev/sec=33954.9   simsec/sec=1.50584   ev/simsec=22548.8
     Messages:  created: 3666321   present: 8710   in FES: 153
** Event #4091136   t=176.533332061434   Elapsed: 132.352s (2m 12s)  35% completed  (17% total)
     Speed:     ev/sec=36938.6   simsec/sec=2.97925   ev/simsec=12398.6
     Messages:  created: 3738545   present: 9367   in FES: 153
** Event #4159744   t=182.55699568192   Elapsed: 134.356s (2m 14s)  36% completed  (18% total)
     Speed:     ev/sec=34232.7   simsec/sec=3.00557   ev/simsec=11389.7
     Messages:  created: 3805153   present: 10114   in FES: 154
** Event #4221952   t=184.563436821612   Elapsed: 136.357s (2m 16s)  36% completed  (18% total)
     Speed:     ev/sec=31095.7   simsec/sec=1.00295   ev/simsec=31004.1
     Messages:  created: 3865203   present: 10381   in FES: 155
** Event #4282880   t=186.535283221272   Elapsed: 138.357s (2m 18s)  37% completed  (18% total)
     Speed:     ev/sec=30453.3   simsec/sec=0.985577   ev/simsec=30899
     Messages:  created: 3923036   present: 10654   in FES: 150
** Event #4340736   t=187.611905341661   Elapsed: 140.36s (2m 20s)  37% completed  (18% total)
     Speed:     ev/sec=28893   simsec/sec=0.53766   ev/simsec=53738.4
     Messages:  created: 3976917   present: 10785   in FES: 190
** Event #4404736   t=191.065656307254   Elapsed: 142.363s (2m 22s)  38% completed  (19% total)
     Speed:     ev/sec=31944.2   simsec/sec=1.72386   ev/simsec=18530.6
     Messages:  created: 4033865   present: 11128   in FES: 154
** Event #4470784   t=194.542619807559   Elapsed: 144.371s (2m 24s)  38% completed  (19% total)
     Speed:     ev/sec=32903.9   simsec/sec=1.73216   ev/simsec=18995.9
     Messages:  created: 4093500   present: 11582   in FES: 152
** Event #4538880   t=197.584952868426   Elapsed: 146.375s (2m 26s)  39% completed  (19% total)
     Speed:     ev/sec=33974.6   simsec/sec=1.51789   ev/simsec=22382.8
     Messages:  created: 4155053   present: 11912   in FES: 154
** Event #4602880   t=200.606850684543   Elapsed: 148.382s (2m 28s)  40% completed  (20% total)
     Speed:     ev/sec=31891.5   simsec/sec=1.50582   ev/simsec=21178.7
     Messages:  created: 4214875   present: 12262   in FES: 153
** Event #4669184   t=202.083061255566   Elapsed: 150.383s (2m 30s)  40% completed  (20% total)
     Speed:     ev/sec=33126.8   simsec/sec=0.737545   ev/simsec=44915
     Messages:  created: 4291719   present: 12293   in FES: 140
** Event #4737024   t=203.521753638221   Elapsed: 152.388s (2m 32s)  40% completed  (20% total)
     Speed:     ev/sec=33830.9   simsec/sec=0.717457   ev/simsec=47153.9
     Messages:  created: 4369250   present: 12366   in FES: 131
** Event #4802816   t=204.979235796554   Elapsed: 154.393s (2m 34s)  40% completed  (20% total)
     Speed:     ev/sec=32824.9   simsec/sec=0.727166   ev/simsec=45140.9
     Messages:  created: 4444953   present: 12451   in FES: 155
** Event #4862464   t=206.510737769976   Elapsed: 156.396s (2m 36s)  41% completed  (20% total)
     Speed:     ev/sec=29776   simsec/sec=0.764518   ev/simsec=38947.4
     Messages:  created: 4511805   present: 12530   in FES: 161
** Event #4928768   t=208.515375476379   Elapsed: 158.406s (2m 38s)  41% completed  (20% total)
     Speed:     ev/sec=32985.9   simsec/sec=0.997296   ev/simsec=33075.3
     Messages:  created: 4586056   present: 12590   in FES: 153
** Event #4987136   t=209.546363154449   Elapsed: 160.413s (2m 40s)  41% completed  (20% total)
     Speed:     ev/sec=29079.8   simsec/sec=0.513654   ev/simsec=56613.7
     Messages:  created: 4647104   present: 12730   in FES: 143
** Event #5044224   t=210.530909303716   Elapsed: 162.418s (2m 42s)  42% completed  (21% total)
     Speed:     ev/sec=28471.9   simsec/sec=0.491029   ev/simsec=57984.1
     Messages:  created: 4709943   present: 12926   in FES: 155
** Event #5103872   t=211.109440237517   Elapsed: 164.426s (2m 44s)  42% completed  (21% total)
     Speed:     ev/sec=29706.3   simsec/sec=0.288124   ev/simsec=103103
     Messages:  created: 4773285   present: 12597   in FES: 124
** Event #5156864   t=211.550054996518   Elapsed: 166.427s (2m 46s)  42% completed  (21% total)
     Speed:     ev/sec=26485.3   simsec/sec=0.220219   ev/simsec=120268
     Messages:  created: 4830230   present: 12817   in FES: 158
** Event #5221376   t=212.340595627116   Elapsed: 168.434s (2m 48s)  42% completed  (21% total)
     Speed:     ev/sec=32146.4   simsec/sec=0.393927   ev/simsec=81604.9
     Messages:  created: 4910716   present: 12728   in FES: 148
** Event #5283328   t=212.559603250739   Elapsed: 170.437s (2m 50s)  42% completed  (21% total)
     Speed:     ev/sec=30926.6   simsec/sec=0.109329   ev/simsec=282876
     Messages:  created: 4989638   present: 12709   in FES: 155
** Event #5345024   t=212.771649419033   Elapsed: 172.443s (2m 52s)  42% completed  (21% total)
     Speed:     ev/sec=30763.7   simsec/sec=0.105733   ev/simsec=290956
     Messages:  created: 5070275   present: 12653   in FES: 155
** Event #5410048   t=213.029452460478   Elapsed: 174.45s (2m 54s)  42% completed  (21% total)
     Speed:     ev/sec=32388.6   simsec/sec=0.128412   ev/simsec=252224
     Messages:  created: 5158361   present: 12646   in FES: 136
** Event #5477888   t=213.238359945511   Elapsed: 176.455s (2m 56s)  42% completed  (21% total)
     Speed:     ev/sec=33841.6   simsec/sec=0.104212   ev/simsec=324737
     Messages:  created: 5249788   present: 12781   in FES: 170
** Event #5542912   t=213.465425600886   Elapsed: 178.46s (2m 58s)  42% completed  (21% total)
     Speed:     ev/sec=32435.7   simsec/sec=0.113266   ev/simsec=286367
     Messages:  created: 5339143   present: 12778   in FES: 156
** Event #5600768   t=213.601125785197   Elapsed: 180.462s (3m 00s)  42% completed  (21% total)
     Speed:     ev/sec=28888.6   simsec/sec=0.0677577   ev/simsec=426352
     Messages:  created: 5410006   present: 12709   in FES: 126
** Event #5660672   t=213.820600869526   Elapsed: 182.462s (3m 02s)  42% completed  (21% total)
     Speed:     ev/sec=29949.7   simsec/sec=0.109729   ev/simsec=272942
     Messages:  created: 5492252   present: 12776   in FES: 173
** Event #5726464   t=214.055117726037   Elapsed: 184.475s (3m 04s)  42% completed  (21% total)
     Speed:     ev/sec=32691.3   simsec/sec=0.116529   ev/simsec=280543
     Messages:  created: 5580906   present: 12754   in FES: 173
** Event #5790976   t=214.285464970199   Elapsed: 186.476s (3m 06s)  42% completed  (21% total)
     Speed:     ev/sec=32239.1   simsec/sec=0.115113   ev/simsec=280064
     Messages:  created: 5668125   present: 12639   in FES: 144
** Event #5857536   t=214.507974215182   Elapsed: 188.485s (3m 08s)  42% completed  (21% total)
     Speed:     ev/sec=33132.5   simsec/sec=0.110762   ev/simsec=299134
     Messages:  created: 5759774   present: 12844   in FES: 216
** Event #5913600   t=214.634508404309   Elapsed: 190.489s (3m 10s)  42% completed  (21% total)
     Speed:     ev/sec=27976.6   simsec/sec=0.0631421   ev/simsec=443074
     Messages:  created: 5824254   present: 12691   in FES: 150
** Event #5979648   t=214.870290860365   Elapsed: 192.496s (3m 12s)  42% completed  (21% total)
     Speed:     ev/sec=32904.7   simsec/sec=0.117465   ev/simsec=280123
     Messages:  created: 5914951   present: 12701   in FES: 156
** Event #6042368   t=215.077638455625   Elapsed: 194.499s (3m 14s)  43% completed  (21% total)
     Speed:     ev/sec=31321.4   simsec/sec=0.103546   ev/simsec=302487
     Messages:  created: 5999073   present: 12875   in FES: 185
** Event #6109184   t=215.319298989102   Elapsed: 196.505s (3m 16s)  43% completed  (21% total)
     Speed:     ev/sec=33308.7   simsec/sec=0.120471   ev/simsec=276487
     Messages:  created: 6090033   present: 12742   in FES: 156
** Event #6169088   t=215.515432828314   Elapsed: 198.525s (3m 18s)  43% completed  (21% total)
     Speed:     ev/sec=29645.9   simsec/sec=0.0970646   ev/simsec=305424
     Messages:  created: 6169978   present: 12752   in FES: 153
** Event #6225920   t=215.611088061508   Elapsed: 200.532s (3m 20s)  43% completed  (21% total)
     Speed:     ev/sec=28325.5   simsec/sec=0.0476753   ev/simsec=594134
     Messages:  created: 6233940   present: 12784   in FES: 155
** Event #6289408   t=215.827540414393   Elapsed: 202.537s (3m 22s)  43% completed  (21% total)
     Speed:     ev/sec=31660   simsec/sec=0.10794   ev/simsec=293312
     Messages:  created: 6321248   present: 12763   in FES: 156
** Event #6350848   t=216.04807351225   Elapsed: 204.539s (3m 24s)  43% completed  (21% total)
     Speed:     ev/sec=30690.5   simsec/sec=0.110161   ev/simsec=278598
     Messages:  created: 6403939   present: 12723   in FES: 130
** Event #6410496   t=216.235870251871   Elapsed: 206.543s (3m 26s)  43% completed  (21% total)
     Speed:     ev/sec=29767.2   simsec/sec=0.0937196   ev/simsec=317620
     Messages:  created: 6484405   present: 12755   in FES: 172
** Event #6472192   t=216.455944563049   Elapsed: 208.543s (3m 28s)  43% completed  (21% total)
     Speed:     ev/sec=30846.6   simsec/sec=0.110032   ev/simsec=280342
     Messages:  created: 6569190   present: 12759   in FES: 158
** Event #6532608   t=216.6453117488   Elapsed: 210.547s (3m 30s)  43% completed  (21% total)
     Speed:     ev/sec=30149   simsec/sec=0.0944985   ev/simsec=319042
     Messages:  created: 6644674   present: 12772   in FES: 173
** Event #6599424   t=216.896201777149   Elapsed: 212.554s (3m 32s)  43% completed  (21% total)
     Speed:     ev/sec=33283.3   simsec/sec=0.124977   ev/simsec=266316
     Messages:  created: 6736499   present: 12758   in FES: 172
** Event #6666752   t=217.12754958467   Elapsed: 214.559s (3m 34s)  43% completed  (21% total)
     Speed:     ev/sec=33589.8   simsec/sec=0.115419   ev/simsec=291025
     Messages:  created: 6826585   present: 12724   in FES: 156
** Event #6731520   t=217.379460096049   Elapsed: 216.56s (3m 36s)  43% completed  (21% total)
     Speed:     ev/sec=32358.5   simsec/sec=0.125856   ev/simsec=257107
     Messages:  created: 6915584   present: 12656   in FES: 140
** Event #6789888   t=217.549416136142   Elapsed: 218.562s (3m 38s)  43% completed  (21% total)
     Speed:     ev/sec=29149.6   simsec/sec=0.0848777   ev/simsec=343430
     Messages:  created: 6989315   present: 12785   in FES: 159
** Event #6856960   t=217.807566967308   Elapsed: 220.565s (3m 40s)  43% completed  (21% total)
     Speed:     ev/sec=33487.5   simsec/sec=0.128889   ev/simsec=259817
     Messages:  created: 7081677   present: 12779   in FES: 154
** Event #6936576   t=218.092622608694   Elapsed: 222.573s (3m 42s)  43% completed  (21% total)
     Speed:     ev/sec=39656.6   simsec/sec=0.141986   ev/simsec=279300
     Messages:  created: 7189211   present: 12787   in FES: 161
** Event #7002624   t=218.353779325109   Elapsed: 224.576s (3m 44s)  43% completed  (21% total)
     Speed:     ev/sec=32971.3   simsec/sec=0.13037   ev/simsec=252906
     Messages:  created: 7279882   present: 12767   in FES: 160
** Event #7063040   t=218.573406234602   Elapsed: 226.577s (3m 46s)  43% completed  (21% total)
     Speed:     ev/sec=30189.9   simsec/sec=0.109748   ev/simsec=275085
     Messages:  created: 7358534   present: 12782   in FES: 154
** Event #7129600   t=218.918966238378   Elapsed: 228.582s (3m 48s)  43% completed  (21% total)
     Speed:     ev/sec=33210.2   simsec/sec=0.172418   ev/simsec=192615
     Messages:  created: 7448621   present: 12780   in FES: 165
** Event #7197952   t=219.329908103602   Elapsed: 230.586s (3m 50s)  43% completed  (21% total)
     Speed:     ev/sec=34103.2   simsec/sec=0.205033   ev/simsec=166330
     Messages:  created: 7539580   present: 12721   in FES: 137
** Event #7257856   t=219.554958106498   Elapsed: 232.589s (3m 52s)  43% completed  (21% total)
     Speed:     ev/sec=29910.4   simsec/sec=0.112369   ev/simsec=266181
     Messages:  created: 7611698   present: 12829   in FES: 153
** Event #7319040   t=220.509288802216   Elapsed: 234.594s (3m 54s)  44% completed  (22% total)
     Speed:     ev/sec=30513.2   simsec/sec=0.475936   ev/simsec=64111.9
     Messages:  created: 7683662   present: 12711   in FES: 141
** Event #7385856   t=221.525813741633   Elapsed: 236.615s (3m 56s)  44% completed  (22% total)
     Speed:     ev/sec=33051.3   simsec/sec=0.502836   ev/simsec=65729.8
     Messages:  created: 7763122   present: 12829   in FES: 186
** Event #7452416   t=222.185764521137   Elapsed: 238.619s (3m 58s)  44% completed  (22% total)
     Speed:     ev/sec=33227   simsec/sec=0.32945   ev/simsec=100856
     Messages:  created: 7851074   present: 12838   in FES: 174
** Event #7521536   t=222.489137272912   Elapsed: 240.622s (4m 00s)  44% completed  (22% total)
     Speed:     ev/sec=34501   simsec/sec=0.151427   ev/simsec=227839
     Messages:  created: 7945889   present: 12822   in FES: 157
** Event #7585536   t=222.703350721727   Elapsed: 242.624s (4m 02s)  44% completed  (22% total)
     Speed:     ev/sec=31961.2   simsec/sec=0.106977   ev/simsec=298767
     Messages:  created: 8029277   present: 12840   in FES: 160
** Event #7656960   t=223.025118261459   Elapsed: 244.628s (4m 04s)  44% completed  (22% total)
     Speed:     ev/sec=35657.5   simsec/sec=0.160638   ev/simsec=221974
     Messages:  created: 8126469   present: 12663   in FES: 126
** Event #7728384   t=223.313238351505   Elapsed: 246.628s (4m 06s)  44% completed  (22% total)
     Speed:     ev/sec=35704.8   simsec/sec=0.144031   ev/simsec=247897
     Messages:  created: 8223340   present: 12819   in FES: 165
** Event #7792384   t=223.52999682939   Elapsed: 248.634s (4m 08s)  44% completed  (22% total)
     Speed:     ev/sec=31900.1   simsec/sec=0.108041   ev/simsec=295260
     Messages:  created: 8305288   present: 12803   in FES: 144
** Event #7852288   t=224.515688130085   Elapsed: 250.638s (4m 10s)  44% completed  (22% total)
     Speed:     ev/sec=29890.6   simsec/sec=0.491835   ev/simsec=60773.6
     Messages:  created: 8375541   present: 13015   in FES: 215
** Event #7910144   t=225.517802691387   Elapsed: 252.641s (4m 12s)  45% completed  (22% total)
     Speed:     ev/sec=28885.6   simsec/sec=0.500323   ev/simsec=57733.9
     Messages:  created: 8435813   present: 12835   in FES: 171
** Event #7973120   t=226.583789632949   Elapsed: 254.642s (4m 14s)  45% completed  (22% total)
     Speed:     ev/sec=31473.8   simsec/sec=0.532753   ev/simsec=59077.6
     Messages:  created: 8502914   present: 12893   in FES: 156
** Event #8035072   t=227.579916158421   Elapsed: 256.646s (4m 16s)  45% completed  (22% total)
     Speed:     ev/sec=30915.7   simsec/sec=0.497093   ev/simsec=62192.9
     Messages:  created: 8572721   present: 12922   in FES: 159
** Event #8101632   t=229.074772860734   Elapsed: 258.647s (4m 18s)  45% completed  (22% total)
     Speed:     ev/sec=33261.1   simsec/sec=0.747004   ev/simsec=44526
     Messages:  created: 8646913   present: 12945   in FES: 150
** Event #8163072   t=230.603749893012   Elapsed: 260.649s (4m 20s)  46% completed  (23% total)
     Speed:     ev/sec=30686.7   simsec/sec=0.763661   ev/simsec=40183.7
     Messages:  created: 8716121   present: 13089   in FES: 183
** Event #8223232   t=230.904929370977   Elapsed: 262.651s (4m 22s)  46% completed  (23% total)
     Speed:     ev/sec=30051.5   simsec/sec=0.150447   ev/simsec=199748
     Messages:  created: 8798290   present: 11931   in FES: 174
** Event #8281856   t=231.272587346516   Elapsed: 264.652s (4m 24s)  46% completed  (23% total)
     Speed:     ev/sec=29296.3   simsec/sec=0.183731   ev/simsec=159453
     Messages:  created: 8875287   present: 11733   in FES: 162
** Event #8340736   t=231.706825216328   Elapsed: 266.655s (4m 26s)  46% completed  (23% total)
     Speed:     ev/sec=29401.8   simsec/sec=0.216837   ev/simsec=135594
     Messages:  created: 8944522   present: 11122   in FES: 182
** Event #8397824   t=231.8618420044   Elapsed: 268.656s (4m 28s)  46% completed  (23% total)
     Speed:     ev/sec=28534.1   simsec/sec=0.0774816   ev/simsec=368270
     Messages:  created: 9022779   present: 10384   in FES: 178
** Event #8454912   t=232.006386334245   Elapsed: 270.663s (4m 30s)  46% completed  (23% total)
     Speed:     ev/sec=28432.2   simsec/sec=0.071989   ev/simsec=394952
     Messages:  created: 9100942   present: 9985   in FES: 155
** Event #8513024   t=232.162249868225   Elapsed: 272.668s (4m 32s)  46% completed  (23% total)
     Speed:     ev/sec=28997.2   simsec/sec=0.0777741   ev/simsec=372839
     Messages:  created: 9178598   present: 9906   in FES: 157
** Event #8573440   t=232.926776029727   Elapsed: 274.671s (4m 34s)  46% completed  (23% total)
     Speed:     ev/sec=30153.9   simsec/sec=0.381579   ev/simsec=79024.1
     Messages:  created: 9253249   present: 9821   in FES: 157
** Event #8635648   t=233.735886332778   Elapsed: 276.675s (4m 36s)  46% completed  (23% total)
     Speed:     ev/sec=31038.5   simsec/sec=0.403703   ev/simsec=76884.4
     Messages:  created: 9329454   present: 9840   in FES: 162
** Event #8695296   t=234.625192622546   Elapsed: 278.68s (4m 38s)  46% completed  (23% total)
     Speed:     ev/sec=29761.7   simsec/sec=0.443725   ev/simsec=67072.5
     Messages:  created: 9400460   present: 9828   in FES: 154
** Event #8758528   t=235.288306366103   Elapsed: 280.684s (4m 40s)  47% completed  (23% total)
     Speed:     ev/sec=31549.5   simsec/sec=0.330859   ev/simsec=95356.2
     Messages:  created: 9483556   present: 9117   in FES: 159
** Event #8820736   t=236.005116088409   Elapsed: 282.692s (4m 42s)  47% completed  (23% total)
     Speed:     ev/sec=30980.6   simsec/sec=0.356983   ev/simsec=86784.5
     Messages:  created: 9557737   present: 9086   in FES: 155
** Event #8883968   t=236.299037883237   Elapsed: 284.695s (4m 44s)  47% completed  (23% total)
     Speed:     ev/sec=31557.7   simsec/sec=0.14669   ev/simsec=215132
     Messages:  created: 9640413   present: 8666   in FES: 152
** Event #8946432   t=237.039401619976   Elapsed: 286.7s (4m 46s)  47% completed  (23% total)
     Speed:     ev/sec=31161.4   simsec/sec=0.369345   ev/simsec=84369.3
     Messages:  created: 9717822   present: 8563   in FES: 129
** Event #9005568   t=237.674395343099   Elapsed: 288.705s (4m 48s)  47% completed  (23% total)
     Speed:     ev/sec=29494.6   simsec/sec=0.316709   ev/simsec=93128.5
     Messages:  created: 9784909   present: 8640   in FES: 162
** Event #9065984   t=238.604977637784   Elapsed: 290.713s (4m 50s)  47% completed  (23% total)
     Speed:     ev/sec=30090.5   simsec/sec=0.463481   ev/simsec=64922.8
     Messages:  created: 9857702   present: 8704   in FES: 151
** Event #9125888   t=239.554017104437   Elapsed: 292.716s (4m 52s)  47% completed  (23% total)
     Speed:     ev/sec=29902.2   simsec/sec=0.47373   ev/simsec=63120.7
     Messages:  created: 9931947   present: 8732   in FES: 172
** Event #9183488   t=240.306360750089   Elapsed: 294.722s (4m 54s)  48% completed  (24% total)
     Speed:     ev/sec=28708.1   simsec/sec=0.374972   ev/simsec=76560.8
     Messages:  created: 10000227   present: 8825   in FES: 190
** Event #9241856   t=241.038837501983   Elapsed: 296.73s (4m 56s)  48% completed  (24% total)
     Speed:     ev/sec=29070.2   simsec/sec=0.364811   ev/simsec=79685.8
     Messages:  created: 10069386   present: 8741   in FES: 161
** Event #9301504   t=241.738219306853   Elapsed: 298.734s (4m 58s)  48% completed  (24% total)
     Speed:     ev/sec=29764.3   simsec/sec=0.34899   ev/simsec=85286.7
     Messages:  created: 10138209   present: 8701   in FES: 132
** Event #9364992   t=242.937207387739   Elapsed: 300.736s (5m 00s)  48% completed  (24% total)
     Speed:     ev/sec=31710.2   simsec/sec=0.598856   ev/simsec=52951.3
     Messages:  created: 10218063   present: 8714   in FES: 132
** Event #9425152   t=243.985030512381   Elapsed: 302.742s (5m 02s)  48% completed  (24% total)
     Speed:     ev/sec=29997.6   simsec/sec=0.522477   ev/simsec=57414.3
     Messages:  created: 10294718   present: 8818   in FES: 164
** Event #9488896   t=245.761511094099   Elapsed: 304.743s (5m 04s)  49% completed  (24% total)
     Speed:     ev/sec=31860.5   simsec/sec=0.887918   ev/simsec=35882.2
     Messages:  created: 10369235   present: 6495   in FES: 164
** Event #9552896   t=248.601776983895   Elapsed: 306.75s (5m 06s)  49% completed  (24% total)
     Speed:     ev/sec=31885.2   simsec/sec=1.41504   ev/simsec=22533.1
     Messages:  created: 10444172   present: 6672   in FES: 149
** Event #9619456   t=251.003984541867   Elapsed: 308.756s (5m 08s)  50% completed  (25% total)
     Speed:     ev/sec=33171.8   simsec/sec=1.1972   ev/simsec=27707.8
     Messages:  created: 10520104   present: 6842   in FES: 157
** Event #9681664   t=252.580678926109   Elapsed: 310.764s (5m 10s)  50% completed  (25% total)
     Speed:     ev/sec=30990.1   simsec/sec=0.78546   ev/simsec=39454.7
     Messages:  created: 10589435   present: 6323   in FES: 155
** Event #9742080   t=253.555643390215   Elapsed: 312.764s (5m 12s)  50% completed  (25% total)
     Speed:     ev/sec=30205.6   simsec/sec=0.487444   ev/simsec=61967.4
     Messages:  created: 10659231   present: 6313   in FES: 147
** Event #9797888   t=254.526666917222   Elapsed: 314.766s (5m 14s)  50% completed  (25% total)
     Speed:     ev/sec=27879.1   simsec/sec=0.485078   ev/simsec=57473.4
     Messages:  created: 10722047   present: 6475   in FES: 155
** Event #9855744   t=255.568443120471   Elapsed: 316.77s (5m 16s)  51% completed  (25% total)
     Speed:     ev/sec=28866   simsec/sec=0.519772   ev/simsec=55535.9
     Messages:  created: 10786289   present: 6475   in FES: 185
** Event #9910528   t=256.575497937817   Elapsed: 318.778s (5m 18s)  51% completed  (25% total)
     Speed:     ev/sec=27282   simsec/sec=0.501506   ev/simsec=54400.2
     Messages:  created: 10847465   present: 6416   in FES: 155
** Event #9973760   t=257.933459810676   Elapsed: 320.785s (5m 20s)  51% completed  (25% total)
     Speed:     ev/sec=31512.7   simsec/sec=0.676764   ev/simsec=46563.9
     Messages:  created: 10919084   present: 6450   in FES: 147
** Event #10036736   t=259.555573914842   Elapsed: 322.785s (5m 22s)  51% completed  (25% total)
     Speed:     ev/sec=31479.7   simsec/sec=0.810842   ev/simsec=38823.4
     Messages:  created: 10992317   present: 6719   in FES: 216
** Event #10095616   t=260.614670018269   Elapsed: 324.793s (5m 24s)  52% completed  (26% total)
     Speed:     ev/sec=29322.8   simsec/sec=0.527439   ev/simsec=55594.6
     Messages:  created: 11057345   present: 6495   in FES: 123
** Event #10156288   t=262.370293755611   Elapsed: 326.799s (5m 26s)  52% completed  (26% total)
     Speed:     ev/sec=30247.2   simsec/sec=0.875242   ev/simsec=34558.7
     Messages:  created: 11130717   present: 6600   in FES: 140
** Event #10216960   t=263.583599575452   Elapsed: 328.804s (5m 28s)  52% completed  (26% total)
     Speed:     ev/sec=30252.7   simsec/sec=0.604987   ev/simsec=50005.5
     Messages:  created: 11199064   present: 6728   in FES: 148
** Event #10274304   t=264.890720436084   Elapsed: 330.818s (5m 30s)  52% completed  (26% total)
     Speed:     ev/sec=28475.4   simsec/sec=0.649078   ev/simsec=43870.5
     Messages:  created: 11265001   present: 6690   in FES: 155
** Event #10337280   t=266.276577567244   Elapsed: 332.822s (5m 32s)  53% completed  (26% total)
     Speed:     ev/sec=31425.4   simsec/sec=0.691552   ev/simsec=45441.9
     Messages:  created: 11338048   present: 6755   in FES: 151
** Event #10397440   t=267.58080762488   Elapsed: 334.833s (5m 34s)  53% completed  (26% total)
     Speed:     ev/sec=29917.1   simsec/sec=0.648583   ev/simsec=46126.8
     Messages:  created: 11407612   present: 6774   in FES: 125
** Event #10460160   t=268.583735425163   Elapsed: 336.834s (5m 36s)  53% completed  (26% total)
     Speed:     ev/sec=31341.9   simsec/sec=0.501174   ev/simsec=62536.9
     Messages:  created: 11479344   present: 6916   in FES: 153
** Event #10518272   t=269.554667249116   Elapsed: 338.842s (5m 38s)  53% completed  (26% total)
     Speed:     ev/sec=28942.9   simsec/sec=0.483577   ev/simsec=59851.8
     Messages:  created: 11545767   present: 7014   in FES: 152
** Event #10577152   t=270.520703851627   Elapsed: 340.85s (5m 40s)  54% completed  (27% total)
     Speed:     ev/sec=29322.2   simsec/sec=0.481086   ev/simsec=60950.1
     Messages:  created: 11613713   present: 7089   in FES: 166
** Event #10638592   t=271.433947207697   Elapsed: 342.864s (5m 42s)  54% completed  (27% total)
     Speed:     ev/sec=30508   simsec/sec=0.45347   ev/simsec=67276.7
     Messages:  created: 11683286   present: 6965   in FES: 154
** Event #10693888   t=271.942925838399   Elapsed: 344.867s (5m 44s)  54% completed  (27% total)
     Speed:     ev/sec=27602.5   simsec/sec=0.254071   ev/simsec=108641
     Messages:  created: 11742914   present: 6959   in FES: 147
** Event #10749952   t=272.955373047644   Elapsed: 346.867s (5m 46s)  54% completed  (27% total)
     Speed:     ev/sec=28030.1   simsec/sec=0.506189   ev/simsec=55374.7
     Messages:  created: 11807029   present: 7054   in FES: 155
** Event #10814720   t=273.984933274118   Elapsed: 348.87s (5m 48s)  54% completed  (27% total)
     Speed:     ev/sec=32343.5   simsec/sec=0.514136   ev/simsec=62908.4
     Messages:  created: 11885046   present: 7112   in FES: 176
** Event #10876160   t=275.053340948866   Elapsed: 350.874s (5m 50s)  55% completed  (27% total)
     Speed:     ev/sec=30661.1   simsec/sec=0.53318   ev/simsec=57506.1
     Messages:  created: 11958486   present: 7112   in FES: 154
** Event #10933248   t=276.005973134823   Elapsed: 352.882s (5m 52s)  55% completed  (27% total)
     Speed:     ev/sec=28434.2   simsec/sec=0.474485   ev/simsec=59926.6
     Messages:  created: 12025004   present: 7127   in FES: 149
** Event #10991616   t=277.370024142529   Elapsed: 354.887s (5m 54s)  55% completed  (27% total)
     Speed:     ev/sec=29109.6   simsec/sec=0.680287   ev/simsec=42790.2
     Messages:  created: 12093314   present: 7203   in FES: 155
** Event #11052288   t=278.528138593468   Elapsed: 356.888s (5m 56s)  55% completed  (27% total)
     Speed:     ev/sec=30314.9   simsec/sec=0.578654   ev/simsec=52388.6
     Messages:  created: 12167099   present: 7245   in FES: 151
** Event #11113984   t=279.942700973712   Elapsed: 358.891s (5m 58s)  55% completed  (27% total)
     Speed:     ev/sec=30798.1   simsec/sec=0.706137   ev/simsec=43614.9
     Messages:  created: 12235881   present: 7210   in FES: 126
** Event #11177216   t=282.141590003434   Elapsed: 360.894s (6m 00s)  56% completed  (28% total)
     Speed:     ev/sec=31576   simsec/sec=1.09805   ev/simsec=28756.3
     Messages:  created: 12304991   present: 7465   in FES: 167
** Event #11238144   t=284.014553967048   Elapsed: 362.9s (6m 02s)  56% completed  (28% total)
     Speed:     ev/sec=30368.6   simsec/sec=0.933549   ev/simsec=32530.3
     Messages:  created: 12371707   present: 7524   in FES: 125
** Event #11305216   t=286.081128958041   Elapsed: 364.903s (6m 04s)  57% completed  (28% total)
     Speed:     ev/sec=33492   simsec/sec=1.03193   ev/simsec=32455.6
     Messages:  created: 12447537   present: 7813   in FES: 163
** Event #11369472   t=287.546630522271   Elapsed: 366.903s (6m 06s)  57% completed  (28% total)
     Speed:     ev/sec=32123.5   simsec/sec=0.732648   ev/simsec=43845.7
     Messages:  created: 12523655   present: 7888   in FES: 153
** Event #11436544   t=290.526096483644   Elapsed: 368.91s (6m 08s)  58% completed  (29% total)
     Speed:     ev/sec=33415.6   simsec/sec=1.48438   ev/simsec=22511.4
     Messages:  created: 12597089   present: 8104   in FES: 163
** Event #11500544   t=294.078180262775   Elapsed: 370.913s (6m 10s)  58% completed  (29% total)
     Speed:     ev/sec=31952.6   simsec/sec=1.77341   ev/simsec=18017.6
     Messages:  created: 12655576   present: 8548   in FES: 164
** Event #11555072   t=296.528351511862   Elapsed: 372.913s (6m 12s)  59% completed  (29% total)
     Speed:     ev/sec=27261.3   simsec/sec=1.22496   ev/simsec=22254.8
     Messages:  created: 12705974   present: 8509   in FES: 151
** Event #11609088   t=298.581688806545   Elapsed: 374.916s (6m 14s)  59% completed  (29% total)
     Speed:     ev/sec=26973.9   simsec/sec=1.02537   ev/simsec=26306.4
     Messages:  created: 12757765   present: 4726   in FES: 153
** Event #11666432   t=301.541692055183   Elapsed: 376.923s (6m 16s)  60% completed  (30% total)
     Speed:     ev/sec=28571.1   simsec/sec=1.47479   ev/simsec=19373
     Messages:  created: 12811649   present: 5101   in FES: 153
** Event #11720192   t=304.593747596738   Elapsed: 378.932s (6m 18s)  60% completed  (30% total)
     Speed:     ev/sec=26756   simsec/sec=1.51899   ev/simsec=17614.4
     Messages:  created: 12863678   present: 5449   in FES: 140
** Event #11783680   t=308.647068043938   Elapsed: 380.934s (6m 20s)  61% completed  (30% total)
     Speed:     ev/sec=31722.7   simsec/sec=2.0253   ev/simsec=15663.2
     Messages:  created: 12925977   present: 5818   in FES: 123
** Event #11847680   t=311.532118635028   Elapsed: 382.944s (6m 22s)  62% completed  (31% total)
     Speed:     ev/sec=31834   simsec/sec=1.43504   ev/simsec=22183.3
     Messages:  created: 12990033   present: 6244   in FES: 137
** Event #11909376   t=314.589346585438   Elapsed: 384.95s (6m 24s)  62% completed  (31% total)
     Speed:     ev/sec=30754.1   simsec/sec=1.52396   ev/simsec=20180.4
     Messages:  created: 13050441   present: 6721   in FES: 158
** Event #11966976   t=316.072589596345   Elapsed: 386.956s (6m 26s)  63% completed  (31% total)
     Speed:     ev/sec=28719.9   simsec/sec=0.739559   ev/simsec=38833.8
     Messages:  created: 13105129   present: 6801   in FES: 152
** Event #12031232   t=319.09969292907   Elapsed: 388.963s (6m 28s)  63% completed  (31% total)
     Speed:     ev/sec=32005.6   simsec/sec=1.50779   ev/simsec=21226.9
     Messages:  created: 13162862   present: 7079   in FES: 124
** Event #12092160   t=321.547249987306   Elapsed: 390.974s (6m 30s)  64% completed  (32% total)
     Speed:     ev/sec=30296.2   simsec/sec=1.21704   ev/simsec=24893.4
     Messages:  created: 13219402   present: 7511   in FES: 153
** Event #12156416   t=324.583846378674   Elapsed: 392.984s (6m 32s)  64% completed  (32% total)
     Speed:     ev/sec=31973.8   simsec/sec=1.51101   ev/simsec=21160.5
     Messages:  created: 13276960   present: 7799   in FES: 153
** Event #12220416   t=328.538712416328   Elapsed: 394.988s (6m 34s)  65% completed  (32% total)
     Speed:     ev/sec=31933.8   simsec/sec=1.97334   ev/simsec=16182.6
     Messages:  created: 13335093   present: 8312   in FES: 143
** Event #12277760   t=330.521469041864   Elapsed: 397s (6m 36s)  66% completed  (33% total)
     Speed:     ev/sec=28509.7   simsec/sec=0.985766   ev/simsec=28921.4
     Messages:  created: 13387005   present: 8553   in FES: 145
** Event #12336640   t=332.016682949993   Elapsed: 399.005s (6m 39s)  66% completed  (33% total)
     Speed:     ev/sec=29358.7   simsec/sec=0.745542   ev/simsec=39379
     Messages:  created: 13441450   present: 8662   in FES: 132
** Event #12389120   t=333.521785017349   Elapsed: 401.007s (6m 41s)  66% completed  (33% total)
     Speed:     ev/sec=26216.2   simsec/sec=0.751869   ev/simsec=34868.1
     Messages:  created: 13488483   present: 9045   in FES: 170
** Event #12440576   t=334.522270568512   Elapsed: 403.015s (6m 43s)  66% completed  (33% total)
     Speed:     ev/sec=25623.6   simsec/sec=0.498213   ev/simsec=51431
     Messages:  created: 13535648   present: 9120   in FES: 151
** Event #12491008   t=335.520067985242   Elapsed: 405.017s (6m 45s)  67% completed  (33% total)
     Speed:     ev/sec=25196.3   simsec/sec=0.498509   ev/simsec=50543.3
     Messages:  created: 13580859   present: 9189   in FES: 147
** Event #12539136   t=336.083062202119   Elapsed: 407.022s (6m 47s)  67% completed  (33% total)
     Speed:     ev/sec=23997.4   simsec/sec=0.280718   ev/simsec=85485.8
     Messages:  created: 13623483   present: 9151   in FES: 134
** Event #12587520   t=336.595322898518   Elapsed: 409.042s (6m 49s)  67% completed  (33% total)
     Speed:     ev/sec=23954   simsec/sec=0.253611   ev/simsec=94451.9
     Messages:  created: 13666539   present: 9504   in FES: 185
** Event #12639744   t=337.587961577013   Elapsed: 411.054s (6m 51s)  67% completed  (33% total)
     Speed:     ev/sec=25956.6   simsec/sec=0.493365   ev/simsec=52611.3
     Messages:  created: 13711761   present: 9573   in FES: 182
** Event #12691968   t=339.056294770779   Elapsed: 413.059s (6m 53s)  67% completed  (33% total)
     Speed:     ev/sec=26046.4   simsec/sec=0.732322   ev/simsec=35566.9
     Messages:  created: 13755451   present: 9499   in FES: 132
** Event #12743424   t=340.5936559139   Elapsed: 415.066s (6m 55s)  68% completed  (34% total)
     Speed:     ev/sec=25643   simsec/sec=0.766142   ev/simsec=33470.3
     Messages:  created: 13797353   present: 9899   in FES: 155
** Event #12793088   t=341.596832936573   Elapsed: 417.067s (6m 57s)  68% completed  (34% total)
     Speed:     ev/sec=24822.6   simsec/sec=0.501398   ev/simsec=49506.7
     Messages:  created: 13839983   present: 9972   in FES: 148
** Event #12846848   t=343.588850266636   Elapsed: 419.068s (6m 59s)  68% completed  (34% total)
     Speed:     ev/sec=26866.2   simsec/sec=0.995495   ev/simsec=26987.7
     Messages:  created: 13883960   present: 10174   in FES: 152
** Event #12902144   t=345.542331660639   Elapsed: 421.07s (7m 01s)  69% completed  (34% total)
     Speed:     ev/sec=27609.6   simsec/sec=0.975383   ev/simsec=28306.4
     Messages:  created: 13929644   present: 10391   in FES: 153
** Event #12958720   t=347.05334127371   Elapsed: 423.071s (7m 03s)  69% completed  (34% total)
     Speed:     ev/sec=28283   simsec/sec=0.755371   ev/simsec=37442.5
     Messages:  created: 13977227   present: 10501   in FES: 154
** Event #13009920   t=348.592984971752   Elapsed: 425.077s (7m 05s)  69% completed  (34% total)
     Speed:     ev/sec=25522.1   simsec/sec=0.767479   ev/simsec=33254.4
     Messages:  created: 14019099   present: 10811   in FES: 153
** Event #13067008   t=350.083007170216   Elapsed: 427.084s (7m 07s)  70% completed  (35% total)
     Speed:     ev/sec=28434.2   simsec/sec=0.742146   ev/simsec=38313.5
     Messages:  created: 14067406   present: 10868   in FES: 154
** Event #13119488   t=352.58056601008   Elapsed: 429.094s (7m 09s)  70% completed  (35% total)
     Speed:     ev/sec=26120.8   simsec/sec=1.24311   ev/simsec=21012.5
     Messages:  created: 14109953   present: 11224   in FES: 158
** Event #13167104   t=353.593168731456   Elapsed: 431.098s (7m 11s)  70% completed  (35% total)
     Speed:     ev/sec=23752.8   simsec/sec=0.505127   ev/simsec=47023.4
     Messages:  created: 14151431   present: 11375   in FES: 148
** Event #13220864   t=356.581489126652   Elapsed: 433.1s (7m 13s)  71% completed  (35% total)
     Speed:     ev/sec=26859.6   simsec/sec=1.49303   ev/simsec=17990
     Messages:  created: 14196523   present: 11726   in FES: 155
** Event #13269504   t=357.586621277466   Elapsed: 435.102s (7m 15s)  71% completed  (35% total)
     Speed:     ev/sec=24294.7   simsec/sec=0.502044   ev/simsec=48391.6
     Messages:  created: 14239371   present: 12062   in FES: 217
** Event #13320960   t=359.099747024944   Elapsed: 437.107s (7m 17s)  71% completed  (35% total)
     Speed:     ev/sec=25664.9   simsec/sec=0.754709   ev/simsec=34006.4
     Messages:  created: 14284426   present: 11969   in FES: 154
** Event #13373184   t=360.511055568938   Elapsed: 439.114s (7m 19s)  72% completed  (36% total)
     Speed:     ev/sec=26011.8   simsec/sec=0.702946   ev/simsec=37004
     Messages:  created: 14330382   present: 12134   in FES: 152
** Event #13421312   t=361.516437462659   Elapsed: 441.117s (7m 21s)  72% completed  (36% total)
     Speed:     ev/sec=24038.8   simsec/sec=0.502165   ev/simsec=47870.4
     Messages:  created: 14372967   present: 12260   in FES: 151
** Event #13470720   t=362.515584714303   Elapsed: 443.121s (7m 23s)  72% completed  (36% total)
     Speed:     ev/sec=24651.9   simsec/sec=0.49852   ev/simsec=49450.2
     Messages:  created: 14417411   present: 11702   in FES: 139
** Event #13520640   t=363.077438691775   Elapsed: 445.124s (7m 25s)  72% completed  (36% total)
     Speed:     ev/sec=24915.8   simsec/sec=0.28043   ev/simsec=88848.7
     Messages:  created: 14462388   present: 11725   in FES: 145
** Event #13572608   t=364.514102988712   Elapsed: 447.13s (7m 27s)  72% completed  (36% total)
     Speed:     ev/sec=25916   simsec/sec=0.716451   ev/simsec=36172.7
     Messages:  created: 14508112   present: 11920   in FES: 147
** Event #13620224   t=365.523149512118   Elapsed: 449.136s (7m 29s)  73% completed  (36% total)
     Speed:     ev/sec=23732.2   simsec/sec=0.502918   ev/simsec=47189.1
     Messages:  created: 14549832   present: 12060   in FES: 151
** Event #13667072   t=365.591886371048   Elapsed: 451.139s (7m 31s)  73% completed  (36% total)
     Speed:     ev/sec=23384   simsec/sec=0.0343097   ev/simsec=681556
     Messages:  created: 14593454   present: 11962   in FES: 129
** Event #13716480   t=366.584495026946   Elapsed: 453.143s (7m 33s)  73% completed  (36% total)
     Speed:     ev/sec=24656.8   simsec/sec=0.495356   ev/simsec=49775.9
     Messages:  created: 14636354   present: 12194   in FES: 156
** Event #13768448   t=368.529941726421   Elapsed: 455.148s (7m 35s)  73% completed  (36% total)
     Speed:     ev/sec=25926.4   simsec/sec=0.970567   ev/simsec=26712.6
     Messages:  created: 14679257   present: 12500   in FES: 161
** Event #13817600   t=369.520866720462   Elapsed: 457.151s (7m 37s)  73% completed  (36% total)
     Speed:     ev/sec=24539.9   simsec/sec=0.494734   ev/simsec=49602.1
     Messages:  created: 14720766   present: 12618   in FES: 161
** Event #13870080   t=370.529176452102   Elapsed: 459.152s (7m 39s)  74% completed  (37% total)
     Speed:     ev/sec=26216.2   simsec/sec=0.503698   ev/simsec=52047.5
     Messages:  created: 14766483   present: 12769   in FES: 163
** Event #13925376   t=372.577796807327   Elapsed: 461.158s (7m 41s)  74% completed  (37% total)
     Speed:     ev/sec=27572.6   simsec/sec=1.02152   ev/simsec=26991.8
     Messages:  created: 14811872   present: 10959   in FES: 158
** Event #13977344   t=373.544524599976   Elapsed: 463.165s (7m 43s)  74% completed  (37% total)
     Speed:     ev/sec=25895.2   simsec/sec=0.481713   ev/simsec=53756.6
     Messages:  created: 14856386   present: 10309   in FES: 161
** Event #14030848   t=375.523342525877   Elapsed: 465.173s (7m 45s)  75% completed  (37% total)
     Speed:     ev/sec=26639   simsec/sec=0.985229   ev/simsec=27038.4
     Messages:  created: 14902259   present: 10478   in FES: 163
** Event #14079232   t=377.519937529279   Elapsed: 467.181s (7m 47s)  75% completed  (37% total)
     Speed:     ev/sec=24102.8   simsec/sec=0.994615   ev/simsec=24233.3
     Messages:  created: 14944784   present: 10762   in FES: 164
** Event #14126848   t=379.029452273947   Elapsed: 469.187s (7m 49s)  75% completed  (37% total)
     Speed:     ev/sec=23734.2   simsec/sec=0.752419   ev/simsec=31543.9
     Messages:  created: 14987475   present: 9348   in FES: 151
** Event #14177792   t=381.522159660604   Elapsed: 471.196s (7m 51s)  76% completed  (38% total)
     Speed:     ev/sec=25350.7   simsec/sec=1.24042   ev/simsec=20437.2
     Messages:  created: 15031661   present: 8710   in FES: 160
** Event #14223360   t=382.548146989121   Elapsed: 473.207s (7m 53s)  76% completed  (38% total)
     Speed:     ev/sec=22660.2   simsec/sec=0.510207   ev/simsec=44413.8
     Messages:  created: 15072958   present: 6330   in FES: 154
** Event #14271232   t=383.546023162963   Elapsed: 475.212s (7m 55s)  76% completed  (38% total)
     Speed:     ev/sec=23880.4   simsec/sec=0.497779   ev/simsec=47973.9
     Messages:  created: 15115826   present: 6460   in FES: 153
** Event #14322944   t=384.571670970418   Elapsed: 477.223s (7m 57s)  76% completed  (38% total)
     Speed:     ev/sec=25712   simsec/sec=0.509967   ev/simsec=50418.9
     Messages:  created: 15162639   present: 6520   in FES: 153
** Event #14373632   t=387.515644104276   Elapsed: 479.233s (7m 59s)  77% completed  (38% total)
     Speed:     ev/sec=25225.3   simsec/sec=1.46509   ev/simsec=17217.5
     Messages:  created: 15208750   present: 6863   in FES: 153
** Event #14428416   t=390.538137966673   Elapsed: 481.233s (8m 01s)  78% completed  (39% total)
     Speed:     ev/sec=27382.8   simsec/sec=1.51074   ev/simsec=18125.4
     Messages:  created: 15262972   present: 7252   in FES: 154
** Event #14486784   t=393.529897279833   Elapsed: 483.241s (8m 03s)  78% completed  (39% total)
     Speed:     ev/sec=29071   simsec/sec=1.49009   ev/simsec=19509.6
     Messages:  created: 15321608   present: 7622   in FES: 155
** Event #14546688   t=395.584750236946   Elapsed: 485.249s (8m 05s)  79% completed  (39% total)
     Speed:     ev/sec=29839.5   simsec/sec=1.02357   ev/simsec=29152.5
     Messages:  created: 15382112   present: 7822   in FES: 154
** Event #14606848   t=399.581992403125   Elapsed: 487.251s (8m 07s)  79% completed  (39% total)
     Speed:     ev/sec=30050.4   simsec/sec=1.99665   ev/simsec=15050.4
     Messages:  created: 15441424   present: 8298   in FES: 141
** Event #14670848   t=404.582452790482   Elapsed: 489.251s (8m 09s)  80% completed  (40% total)
     Speed:     ev/sec=31990.5   simsec/sec=2.49949   ev/simsec=12798.8
     Messages:  created: 15504140   present: 7965   in FES: 123
** Event #14736640   t=409.515247362938   Elapsed: 491.252s (8m 11s)  81% completed  (40% total)
     Speed:     ev/sec=32878.6   simsec/sec=2.46509   ev/simsec=13337.7
     Messages:  created: 15568215   present: 8819   in FES: 186
** Event #14797312   t=411.517235039675   Elapsed: 493.254s (8m 13s)  82% completed  (41% total)
     Speed:     ev/sec=30307.1   simsec/sec=1.00004   ev/simsec=30305.9
     Messages:  created: 15624311   present: 8930   in FES: 147
** Event #14858752   t=413.07738449685   Elapsed: 495.259s (8m 15s)  82% completed  (41% total)
     Speed:     ev/sec=30643.1   simsec/sec=0.778122   ev/simsec=39380.8
     Messages:  created: 15682741   present: 9052   in FES: 155
** Event #14921472   t=416.525939885281   Elapsed: 497.26s (8m 17s)  83% completed  (41% total)
     Speed:     ev/sec=31344.8   simsec/sec=1.72344   ev/simsec=18187.3
     Messages:  created: 15739618   present: 9665   in FES: 219
** Event #14982656   t=419.542361919939   Elapsed: 499.262s (8m 19s)  83% completed  (41% total)
     Speed:     ev/sec=30556.2   simsec/sec=1.50644   ev/simsec=20283.6
     Messages:  created: 15795123   present: 9379   in FES: 164
** Event #15045376   t=423.044770561217   Elapsed: 501.269s (8m 21s)  84% completed  (42% total)
     Speed:     ev/sec=31261.1   simsec/sec=1.74568   ev/simsec=17907.7
     Messages:  created: 15851955   present: 9217   in FES: 155
** Event #15105280   t=425.548957180804   Elapsed: 503.272s (8m 23s)  85% completed  (42% total)
     Speed:     ev/sec=29904.4   simsec/sec=1.2501   ev/simsec=23921.5
     Messages:  created: 15907296   present: 8621   in FES: 161
** Event #15163392   t=429.072590458329   Elapsed: 505.275s (8m 25s)  85% completed  (42% total)
     Speed:     ev/sec=29010.9   simsec/sec=1.75908   ev/simsec=16492.1
     Messages:  created: 15959431   present: 5304   in FES: 143
** Event #15224064   t=432.523137497007   Elapsed: 507.283s (8m 27s)  86% completed  (43% total)
     Speed:     ev/sec=30216.8   simsec/sec=1.71849   ev/simsec=17583.3
     Messages:  created: 16014197   present: 5748   in FES: 152
** Event #15284736   t=435.542958421325   Elapsed: 509.289s (8m 29s)  87% completed  (43% total)
     Speed:     ev/sec=30249   simsec/sec=1.50558   ev/simsec=20091.3
     Messages:  created: 16069109   present: 6102   in FES: 134
** Event #15350272   t=439.536170418949   Elapsed: 511.292s (8m 31s)  87% completed  (43% total)
     Speed:     ev/sec=32712.3   simsec/sec=1.99321   ev/simsec=16411.9
     Messages:  created: 16128760   present: 6647   in FES: 149
** Event #15413248   t=443.016681475594   Elapsed: 513.295s (8m 33s)  88% completed  (44% total)
     Speed:     ev/sec=31446.8   simsec/sec=1.73798   ev/simsec=18093.9
     Messages:  created: 16186662   present: 7006   in FES: 150
** Event #15475200   t=445.54820245647   Elapsed: 515.303s (8m 35s)  89% completed  (44% total)
     Speed:     ev/sec=30851.6   simsec/sec=1.26068   ev/simsec=24472.2
     Messages:  created: 16243370   present: 7426   in FES: 167
** Event #15529728   t=448.005975287128   Elapsed: 517.303s (8m 37s)  89% completed  (44% total)
     Speed:     ev/sec=27255.6   simsec/sec=1.22851   ev/simsec=22185.9
     Messages:  created: 16292893   present: 7564   in FES: 139
** Event #15581696   t=449.025172827512   Elapsed: 519.309s (8m 39s)  89% completed  (44% total)
     Speed:     ev/sec=25907   simsec/sec=0.508088   ev/simsec=50989.1
     Messages:  created: 16340537   present: 7699   in FES: 144
** Event #15630080   t=450.509363378253   Elapsed: 521.314s (8m 41s)  90% completed  (45% total)
     Speed:     ev/sec=24136.1   simsec/sec=0.740382   ev/simsec=32599.6
     Messages:  created: 16383009   present: 8014   in FES: 181
** Event #15681280   t=451.056294953131   Elapsed: 523.326s (8m 43s)  90% completed  (45% total)
     Speed:     ev/sec=25445.1   simsec/sec=0.271811   ev/simsec=93613.2
     Messages:  created: 16428371   present: 7894   in FES: 127
** Event #15735296   t=452.067562912683   Elapsed: 525.328s (8m 45s)  90% completed  (45% total)
     Speed:     ev/sec=26987.9   simsec/sec=0.505258   ev/simsec=53414.1
     Messages:  created: 16476059   present: 8019   in FES: 128
** Event #15791616   t=455.510449688944   Elapsed: 527.329s (8m 47s)  91% completed  (45% total)
     Speed:     ev/sec=28147.5   simsec/sec=1.72068   ev/simsec=16358.4
     Messages:  created: 16521046   present: 8504   in FES: 150
** Event #15840000   t=456.016681442787   Elapsed: 529.329s (8m 49s)  91% completed  (45% total)
     Speed:     ev/sec=24183.9   simsec/sec=0.253031   ev/simsec=95576.8
     Messages:  created: 16564562   present: 8573   in FES: 153
** Event #15893760   t=458.525035091899   Elapsed: 531.338s (8m 51s)  91% completed  (45% total)
     Speed:     ev/sec=26764.3   simsec/sec=1.24878   ev/simsec=21432.4
     Messages:  created: 16609824   present: 9082   in FES: 214
** Event #15948032   t=461.537114353254   Elapsed: 533.344s (8m 53s)  92% completed  (46% total)
     Speed:     ev/sec=27051.4   simsec/sec=1.50134   ev/simsec=18018.1
     Messages:  created: 16659223   present: 9382   in FES: 185
** Event #16008960   t=465.076581213279   Elapsed: 535.351s (8m 55s)  93% completed  (46% total)
     Speed:     ev/sec=30358.6   simsec/sec=1.76361   ev/simsec=17213.9
     Messages:  created: 16715511   present: 9650   in FES: 151
** Event #16064512   t=466.570186177446   Elapsed: 537.351s (8m 57s)  93% completed  (46% total)
     Speed:     ev/sec=27774.2   simsec/sec=0.746755   ev/simsec=37193.2
     Messages:  created: 16767645   present: 9819   in FES: 140
** Event #16119040   t=467.554738598765   Elapsed: 539.359s (8m 59s)  93% completed  (46% total)
     Speed:     ev/sec=27161   simsec/sec=0.490416   ev/simsec=55383.5
     Messages:  created: 16818469   present: 9963   in FES: 146
** Event #16179200   t=468.583513016576   Elapsed: 541.363s (9m 01s)  93% completed  (46% total)
     Speed:     ev/sec=30017.5   simsec/sec=0.513318   ev/simsec=58477.3
     Messages:  created: 16874838   present: 10319   in FES: 213
** Event #16240384   t=472.529889162988   Elapsed: 543.371s (9m 03s)  94% completed  (47% total)
     Speed:     ev/sec=30464.8   simsec/sec=1.96498   ev/simsec=15503.8
     Messages:  created: 16929536   present: 10654   in FES: 170
** Event #16303360   t=475.607874033623   Elapsed: 545.373s (9m 05s)  95% completed  (47% total)
     Speed:     ev/sec=31468.3   simsec/sec=1.53803   ev/simsec=20460.1
     Messages:  created: 16986981   present: 10987   in FES: 154
** Event #16364288   t=479.523629119126   Elapsed: 547.374s (9m 07s)  95% completed  (47% total)
     Speed:     ev/sec=30447.1   simsec/sec=1.95679   ev/simsec=15559.7
     Messages:  created: 17040916   present: 11393   in FES: 144
** Event #16426240   t=481.083749956482   Elapsed: 549.377s (9m 09s)  96% completed  (48% total)
     Speed:     ev/sec=30929.1   simsec/sec=0.77888   ev/simsec=39709.7
     Messages:  created: 17098045   present: 11501   in FES: 126
** Event #16489728   t=484.561029457766   Elapsed: 551.381s (9m 11s)  96% completed  (48% total)
     Speed:     ev/sec=31675.9   simsec/sec=1.73491   ev/simsec=18258
     Messages:  created: 17156160   present: 12011   in FES: 148
** Event #16555776   t=489.095568751786   Elapsed: 553.382s (9m 13s)  97% completed  (48% total)
     Speed:     ev/sec=32999.8   simsec/sec=2.26561   ev/simsec=14565.5
     Messages:  created: 17219128   present: 12526   in FES: 151
** Event #16620288   t=493.60423053351   Elapsed: 555.389s (9m 15s)  98% completed  (49% total)
     Speed:     ev/sec=32144.9   simsec/sec=2.24656   ev/simsec=14308.5
     Messages:  created: 17282864   present: 12500   in FES: 130
** Event #16687616   t=498.06560454722   Elapsed: 557.391s (9m 17s)  99% completed  (49% total)
     Speed:     ev/sec=33638.4   simsec/sec=2.22899   ev/simsec=15091.3
     Messages:  created: 17349221   present: 12583   in FES: 160
** Event #16712840   t=500   Elapsed: 558.137s (9m 18s)  100% completed  (50% total)
     Speed:     ev/sec=33785.2   simsec/sec=2.58747   ev/simsec=13057.2
     Messages:  created: 17373993   present: 11202   in FES: 127

<!> Simulation time limit reached -- at t=500s, event #16712840
undisposed object: (omnetpp::cMessage) FanetSarNetwork.groundStation.app.debugTimer -- check module destructor
undisposed object: (omnetpp::cMessage) FanetSarNetwork.uav[0].app.debugTimer -- check module destructor
undisposed object: (omnetpp::cMessage) FanetSarNetwork.uav[1].app.debugTimer -- check module destructor
undisposed object: (omnetpp::cMessage) FanetSarNetwork.uav[2].app.debugTimer -- check module destructor
undisposed object: (omnetpp::cMessage) FanetSarNetwork.uav[3].app.debugTimer -- check module destructor
undisposed object: (omnetpp::cMessage) FanetSarNetwork.uav[4].app.debugTimer -- check module destructor
undisposed object: (omnetpp::cMessage) FanetSarNetwork.uav[5].app.debugTimer -- check module destructor
undisposed object: (omnetpp::cMessage) FanetSarNetwork.uav[6].app.debugTimer -- check module destructor
undisposed object: (omnetpp::cMessage) FanetSarNetwork.uav[7].app.debugTimer -- check module destructor
undisposed object: (omnetpp::cMessage) FanetSarNetwork.uav[8].app.debugTimer -- check module destructor
undisposed object: (omnetpp::cMessage) FanetSarNetwork.uav[9].app.debugTimer -- check module destructor
undisposed object: (omnetpp::cMessage) FanetSarNetwork.uav[10].app.debugTimer -- check module destructor
undisposed object: (omnetpp::cMessage) FanetSarNetwork.uav[11].app.debugTimer -- check module destructor
undisposed object: (omnetpp::cMessage) FanetSarNetwork.uav[12].app.debugTimer -- check module destructor
undisposed object: (omnetpp::cMessage) FanetSarNetwork.uav[13].app.debugTimer -- check module destructor
undisposed object: (omnetpp::cMessage) FanetSarNetwork.uav[14].app.debugTimer -- check module destructor
undisposed object: (omnetpp::cMessage) FanetSarNetwork.uav[15].app.debugTimer -- check module destructor
undisposed object: (omnetpp::cMessage) FanetSarNetwork.uav[16].app.debugTimer -- check module destructor
undisposed object: (omnetpp::cMessage) FanetSarNetwork.uav[17].app.debugTimer -- check module destructor
undisposed object: (omnetpp::cMessage) FanetSarNetwork.uav[18].app.debugTimer -- check module destructor
undisposed object: (omnetpp::cMessage) FanetSarNetwork.uav[19].app.debugTimer -- check module destructor
undisposed object: (omnetpp::cMessage) FanetSarNetwork.uav[20].app.debugTimer -- check module destructor
undisposed object: (omnetpp::cMessage) FanetSarNetwork.uav[21].app.debugTimer -- check module destructor
undisposed object: (omnetpp::cMessage) FanetSarNetwork.uav[22].app.debugTimer -- check module destructor
undisposed object: (omnetpp::cMessage) FanetSarNetwork.uav[23].app.debugTimer -- check module destructor
undisposed object: (omnetpp::cMessage) FanetSarNetwork.uav[24].app.debugTimer -- check module destructor
undisposed object: (omnetpp::cMessage) FanetSarNetwork.uav[25].app.debugTimer -- check module destructor
undisposed object: (omnetpp::cMessage) FanetSarNetwork.uav[26].app.debugTimer -- check module destructor
undisposed object: (omnetpp::cMessage) FanetSarNetwork.uav[27].app.debugTimer -- check module destructor
undisposed object: (omnetpp::cMessage) FanetSarNetwork.uav[28].app.debugTimer -- check module destructor
undisposed object: (omnetpp::cMessage) FanetSarNetwork.uav[29].app.debugTimer -- check module destructor
