** Event #0   t=0   Elapsed: 8e-06s (0m 00s)  0% completed  (50% total)
     Speed:     ev/sec=0   simsec/sec=0   ev/simsec=0
     Messages:  created: 1178   present: 1178   in FES: 186
** Event #53248   t=5.042335747735   Elapsed: 2.0072s (0m 02s)  1% completed  (50% total)
     Speed:     ev/sec=26529.1   simsec/sec=2.51213   ev/simsec=10560.4
     Messages:  created: 44909   present: 1190   in FES: 154
** Event #104704   t=10.031901249934   Elapsed: 4.00811s (0m 04s)  2% completed  (51% total)
     Speed:     ev/sec=25716.3   simsec/sec=2.49365   ev/simsec=10312.7
     Messages:  created: 86856   present: 1207   in FES: 152
** Event #148224   t=14.031567500354   Elapsed: 6.00992s (0m 06s)  2% completed  (51% total)
     Speed:     ev/sec=21740.3   simsec/sec=1.99802   ev/simsec=10880.9
     Messages:  created: 121281   present: 1194   in FES: 154
** Event #189184   t=17.554444137291   Elapsed: 8.02076s (0m 08s)  3% completed  (51% total)
     Speed:     ev/sec=20369.6   simsec/sec=1.75194   ev/simsec=11626.9
     Messages:  created: 153476   present: 1146   in FES: 133
** Event #220416   t=20.515957462092   Elapsed: 10.0315s (0m 10s)  4% completed  (52% total)
     Speed:     ev/sec=15532.5   simsec/sec=1.47284   ev/simsec=10546
     Messages:  created: 177536   present: 1192   in FES: 143
** Event #247808   t=23.03139646473   Elapsed: 12.037s (0m 12s)  4% completed  (52% total)
     Speed:     ev/sec=13658.2   simsec/sec=1.25425   ev/simsec=10889.6
     Messages:  created: 198862   present: 1204   in FES: 151
** Event #277760   t=25.570153858056   Elapsed: 14.053s (0m 14s)  5% completed  (52% total)
     Speed:     ev/sec=14857.7   simsec/sec=1.25935   ev/simsec=11797.9
     Messages:  created: 222308   present: 1172   in FES: 141
** Event #308224   t=28.504013097304   Elapsed: 16.0732s (0m 16s)  5% completed  (52% total)
     Speed:     ev/sec=15079.4   simsec/sec=1.45223   ev/simsec=10383.6
     Messages:  created: 245402   present: 1207   in FES: 152
** Event #335104   t=30.571339581404   Elapsed: 18.1014s (0m 18s)  6% completed  (53% total)
     Speed:     ev/sec=13253.1   simsec/sec=1.01929   ev/simsec=13002.3
     Messages:  created: 265894   present: 1159   in FES: 136
** Event #363520   t=33.075069755827   Elapsed: 20.103s (0m 20s)  6% completed  (53% total)
     Speed:     ev/sec=14196.8   simsec/sec=1.25088   ev/simsec=11349.5
     Messages:  created: 287262   present: 1153   in FES: 132
** Event #391168   t=35.519507228352   Elapsed: 22.112s (0m 22s)  7% completed  (53% total)
     Speed:     ev/sec=13762.2   simsec/sec=1.21676   ev/simsec=11310.6
     Messages:  created: 308107   present: 1228   in FES: 154
** Event #419840   t=38.068705688188   Elapsed: 24.1172s (0m 24s)  7% completed  (53% total)
     Speed:     ev/sec=14298.7   simsec/sec=1.27128   ev/simsec=11247.5
     Messages:  created: 329972   present: 1142   in FES: 131
** Event #446464   t=40.557976207129   Elapsed: 26.1465s (0m 26s)  8% completed  (54% total)
     Speed:     ev/sec=13119.6   simsec/sec=1.22665   ev/simsec=10695.5
     Messages:  created: 350780   present: 1159   in FES: 136
** Event #476160   t=43.58218186021   Elapsed: 28.1606s (0m 28s)  8% completed  (54% total)
     Speed:     ev/sec=14744.2   simsec/sec=1.50153   ev/simsec=9819.44
     Messages:  created: 375020   present: 1161   in FES: 136
** Event #514304   t=47.583435456448   Elapsed: 30.1713s (0m 30s)  9% completed  (54% total)
     Speed:     ev/sec=18970.1   simsec/sec=1.98994   ev/simsec=9533.01
     Messages:  created: 406530   present: 1162   in FES: 135
** Event #556032   t=52.069868845609   Elapsed: 32.1757s (0m 32s)  10% completed  (55% total)
     Speed:     ev/sec=20818.9   simsec/sec=2.23837   ev/simsec=9300.93
     Messages:  created: 440960   present: 1176   in FES: 141
** Event #604416   t=57.1   Elapsed: 34.1796s (0m 34s)  11% completed  (55% total)
     Speed:     ev/sec=24144.6   simsec/sec=2.51014   ev/simsec=9618.83
     Messages:  created: 480932   present: 1122   in FES: 123
** Event #644096   t=61.576458763133   Elapsed: 36.1819s (0m 36s)  12% completed  (56% total)
     Speed:     ev/sec=19817.1   simsec/sec=2.23565   ev/simsec=8864.15
     Messages:  created: 514116   present: 1168   in FES: 137
** Event #688640   t=66.587910640347   Elapsed: 38.194s (0m 38s)  13% completed  (56% total)
     Speed:     ev/sec=22138.2   simsec/sec=2.49067   ev/simsec=8888.44
     Messages:  created: 552024   present: 1218   in FES: 153
** Event #737536   t=72.533913688579   Elapsed: 40.2047s (0m 40s)  14% completed  (57% total)
     Speed:     ev/sec=24317.5   simsec/sec=2.95713   ev/simsec=8223.34
     Messages:  created: 594612   present: 1182   in FES: 143
** Event #787456   t=78.603917722175   Elapsed: 42.2139s (0m 42s)  15% completed  (57% total)
     Speed:     ev/sec=24846.7   simsec/sec=3.02122   ev/simsec=8224.05
     Messages:  created: 639654   present: 1183   in FES: 144
** Event #846336   t=86.574306529347   Elapsed: 44.216s (0m 44s)  17% completed  (58% total)
     Speed:     ev/sec=29408   simsec/sec=3.98086   ev/simsec=7387.34
     Messages:  created: 694344   present: 1189   in FES: 146
** Event #907520   t=95.003911499297   Elapsed: 46.2178s (0m 46s)  19% completed  (59% total)
     Speed:     ev/sec=30565.7   simsec/sec=4.21118   ev/simsec=7258.23
     Messages:  created: 751597   present: 1210   in FES: 154
** Event #967680   t=103   Elapsed: 48.222s (0m 48s)  20% completed  (60% total)
     Speed:     ev/sec=30016.1   simsec/sec=3.98956   ev/simsec=7523.68
     Messages:  created: 807351   present: 1467   in FES: 152
** Event #1032192   t=111.069246416552   Elapsed: 50.2244s (0m 50s)  22% completed  (61% total)
     Speed:     ev/sec=32217.1   simsec/sec=4.02976   ev/simsec=7994.8
     Messages:  created: 866173   present: 1562   in FES: 160
** Event #1091328   t=118.5918924555   Elapsed: 52.2286s (0m 52s)  23% completed  (61% total)
     Speed:     ev/sec=29505.7   simsec/sec=3.7534   ev/simsec=7861.06
     Messages:  created: 919922   present: 2428   in FES: 147
** Event #1152256   t=126.572046750756   Elapsed: 54.2329s (0m 54s)  25% completed  (62% total)
     Speed:     ev/sec=30399.6   simsec/sec=3.98165   ev/simsec=7634.94
     Messages:  created: 975179   present: 3309   in FES: 124
** Event #1220096   t=135.098940312662   Elapsed: 56.2347s (0m 56s)  27% completed  (63% total)
     Speed:     ev/sec=33889.4   simsec/sec=4.2596   ev/simsec=7956
     Messages:  created: 1036985   present: 4402   in FES: 146
** Event #1279744   t=143.028098690011   Elapsed: 58.2355s (0m 58s)  28% completed  (64% total)
     Speed:     ev/sec=29812.4   simsec/sec=3.96303   ev/simsec=7522.61
     Messages:  created: 1091002   present: 5344   in FES: 143
** Event #1342720   t=151.05592734553   Elapsed: 60.2372s (1m 00s)  30% completed  (65% total)
     Speed:     ev/sec=31460   simsec/sec=4.01034   ev/simsec=7844.71
     Messages:  created: 1148293   present: 6277   in FES: 133
** Event #1405440   t=159.07487071546   Elapsed: 62.2409s (1m 02s)  31% completed  (65% total)
     Speed:     ev/sec=31303   simsec/sec=4.00218   ev/simsec=7821.48
     Messages:  created: 1205364   present: 7296   in FES: 151
** Event #1465600   t=167.008504562733   Elapsed: 64.2421s (1m 04s)  33% completed  (66% total)
     Speed:     ev/sec=30061.7   simsec/sec=3.9644   ev/simsec=7582.91
     Messages:  created: 1259847   present: 8230   in FES: 154
** Event #1519104   t=173.535404814024   Elapsed: 66.2487s (1m 06s)  34% completed  (67% total)
     Speed:     ev/sec=26664.9   simsec/sec=3.25282   ev/simsec=8197.46
     Messages:  created: 1307623   present: 9032   in FES: 154
** Event #1564672   t=178.583791911841   Elapsed: 68.2623s (1m 08s)  35% completed  (67% total)
     Speed:     ev/sec=22628.9   simsec/sec=2.50701   ev/simsec=9026.25
     Messages:  created: 1346910   present: 9632   in FES: 149
** Event #1613568   t=184.055923056598   Elapsed: 70.2657s (1m 10s)  36% completed  (68% total)
     Speed:     ev/sec=24407   simsec/sec=2.73148   ev/simsec=8935.46
     Messages:  created: 1387865   present: 10292   in FES: 152
** Event #1657344   t=188.579515081636   Elapsed: 72.278s (1m 12s)  37% completed  (68% total)
     Speed:     ev/sec=21753.8   simsec/sec=2.24793   ev/simsec=9677.27
     Messages:  created: 1424006   present: 10841   in FES: 150
** Event #1699584   t=193.074870778749   Elapsed: 74.2799s (1m 14s)  38% completed  (69% total)
     Speed:     ev/sec=21100.1   simsec/sec=2.24556   ev/simsec=9396.36
     Messages:  created: 1458634   present: 11367   in FES: 148
** Event #1741312   t=197.554188922547   Elapsed: 76.2851s (1m 16s)  39% completed  (69% total)
     Speed:     ev/sec=20810.4   simsec/sec=2.23391   ev/simsec=9315.7
     Messages:  created: 1492887   present: 11908   in FES: 150
** Event #1787648   t=202.533964454234   Elapsed: 78.2895s (1m 18s)  40% completed  (70% total)
     Speed:     ev/sec=23117.2   simsec/sec=2.48443   ev/simsec=9304.84
     Messages:  created: 1530826   present: 12499   in FES: 154
** Event #1827840   t=206.574015553939   Elapsed: 80.2951s (1m 20s)  41% completed  (70% total)
     Speed:     ev/sec=20039.9   simsec/sec=2.01439   ev/simsec=9948.39
     Messages:  created: 1563673   present: 12957   in FES: 140
** Event #1868544   t=211.010376854426   Elapsed: 82.2989s (1m 22s)  42% completed  (71% total)
     Speed:     ev/sec=20313.2   simsec/sec=2.21395   ev/simsec=9175.09
     Messages:  created: 1597032   present: 13518   in FES: 147
** Event #1913856   t=215.57438748396   Elapsed: 84.3032s (1m 24s)  43% completed  (71% total)
     Speed:     ev/sec=22607.9   simsec/sec=2.27716   ev/simsec=9928.11
     Messages:  created: 1634057   present: 14060   in FES: 147
** Event #1958912   t=220.518990043425   Elapsed: 86.3051s (1m 26s)  44% completed  (72% total)
     Speed:     ev/sec=22506.4   simsec/sec=2.46993   ev/simsec=9112.16
     Messages:  created: 1670988   present: 14638   in FES: 141
** Event #1998592   t=224.554111021427   Elapsed: 88.3057s (1m 28s)  44% completed  (72% total)
     Speed:     ev/sec=19833.9   simsec/sec=2.01694   ev/simsec=9833.66
     Messages:  created: 1703570   present: 15137   in FES: 154
** Event #2047232   t=229.57501529213   Elapsed: 90.325s (1m 30s)  45% completed  (72% total)
     Speed:     ev/sec=24088   simsec/sec=2.4865   ev/simsec=9687.5
     Messages:  created: 1743446   present: 15742   in FES: 167
** Event #2092800   t=234.533963651559   Elapsed: 92.3386s (1m 32s)  46% completed  (73% total)
     Speed:     ev/sec=22629.6   simsec/sec=2.46268   ev/simsec=9189.05
     Messages:  created: 1780623   present: 16295   in FES: 154
** Event #2132736   t=238.573481356989   Elapsed: 94.3545s (1m 34s)  47% completed  (73% total)
     Speed:     ev/sec=19810.1   simsec/sec=2.00379   ev/simsec=9886.33
     Messages:  created: 1813378   present: 1586   in FES: 130
** Event #2175744   t=243.067100936341   Elapsed: 96.3553s (1m 36s)  48% completed  (74% total)
     Speed:     ev/sec=21496.1   simsec/sec=2.24598   ev/simsec=9570.9
     Messages:  created: 1848466   present: 2164   in FES: 144
** Event #2217472   t=247.543130069957   Elapsed: 98.3617s (1m 38s)  49% completed  (74% total)
     Speed:     ev/sec=20796.7   simsec/sec=2.2308   ev/simsec=9322.55
     Messages:  created: 1882821   present: 2710   in FES: 144
** Event #2260224   t=252.031701040262   Elapsed: 100.364s (1m 40s)  50% completed  (75% total)
     Speed:     ev/sec=21350.7   simsec/sec=2.24163   ev/simsec=9524.63
     Messages:  created: 1917864   present: 3267   in FES: 151
** Event #2301952   t=256.516582552994   Elapsed: 102.369s (1m 42s)  51% completed  (75% total)
     Speed:     ev/sec=20814.4   simsec/sec=2.23711   ev/simsec=9304.15
     Messages:  created: 1951924   present: 3792   in FES: 148
** Event #2342400   t=260.574311323483   Elapsed: 104.382s (1m 44s)  52% completed  (76% total)
     Speed:     ev/sec=20093.9   simsec/sec=2.01582   ev/simsec=9968.14
     Messages:  created: 1985257   present: 4277   in FES: 147
** Event #2386944   t=265.096880348622   Elapsed: 106.39s (1m 46s)  53% completed  (76% total)
     Speed:     ev/sec=22181.4   simsec/sec=2.25209   ev/simsec=9849.27
     Messages:  created: 2021719   present: 4821   in FES: 146
** Event #2429184   t=269.579636837032   Elapsed: 108.403s (1m 48s)  53% completed  (76% total)
     Speed:     ev/sec=20982.7   simsec/sec=2.2268   ev/simsec=9422.77
     Messages:  created: 2056212   present: 5305   in FES: 125
** Event #2473984   t=274.53407572077   Elapsed: 110.431s (1m 50s)  54% completed  (77% total)
     Speed:     ev/sec=22092.3   simsec/sec=2.44319   ev/simsec=9042.4
     Messages:  created: 2092876   present: 5886   in FES: 124
** Event #2514944   t=278.583741508944   Elapsed: 112.437s (1m 52s)  55% completed  (77% total)
     Speed:     ev/sec=20422.4   simsec/sec=2.01914   ev/simsec=10114.4
     Messages:  created: 2126534   present: 6465   in FES: 153
** Event #2559744   t=283.544905080674   Elapsed: 114.451s (1m 54s)  56% completed  (78% total)
     Speed:     ev/sec=22242.9   simsec/sec=2.46318   ev/simsec=9030.14
     Messages:  created: 2163678   present: 7052   in FES: 154
** Event #2603264   t=288.098940351594   Elapsed: 116.457s (1m 56s)  57% completed  (78% total)
     Speed:     ev/sec=21693.6   simsec/sec=2.27007   ev/simsec=9556.36
     Messages:  created: 2200111   present: 7579   in FES: 146
** Event #2650880   t=294.044847630483   Elapsed: 118.463s (1m 58s)  58% completed  (79% total)
     Speed:     ev/sec=23735.1   simsec/sec=2.96385   ev/simsec=8008.2
     Messages:  created: 2241746   present: 8258   in FES: 134
** Event #2706176   t=301.0687042244   Elapsed: 120.463s (2m 00s)  60% completed  (80% total)
     Speed:     ev/sec=27646.4   simsec/sec=3.51172   ev/simsec=7872.6
     Messages:  created: 2291824   present: 9141   in FES: 149
** Event #2763520   t=308.513962507779   Elapsed: 122.463s (2m 02s)  61% completed  (80% total)
     Speed:     ev/sec=28671.7   simsec/sec=3.7226   ev/simsec=7702.08
     Messages:  created: 2343532   present: 10051   in FES: 153
** Event #2819840   t=315.529061068701   Elapsed: 124.468s (2m 04s)  63% completed  (81% total)
     Speed:     ev/sec=28091.8   simsec/sec=3.49905   ev/simsec=8028.4
     Messages:  created: 2394078   present: 10886   in FES: 152
** Event #2874368   t=322.080130032675   Elapsed: 126.47s (2m 06s)  64% completed  (82% total)
     Speed:     ev/sec=27233.3   simsec/sec=3.27185   ev/simsec=8323.53
     Messages:  created: 2442558   present: 11650   in FES: 144
** Event #2925824   t=328.541885891936   Elapsed: 128.48s (2m 08s)  65% completed  (82% total)
     Speed:     ev/sec=25600.7   simsec/sec=3.2149   ev/simsec=7963.16
     Messages:  created: 2488036   present: 12403   in FES: 135
** Event #2974976   t=334.342362897665   Elapsed: 130.485s (2m 10s)  66% completed  (83% total)
     Speed:     ev/sec=24513.6   simsec/sec=2.89287   ev/simsec=8473.79
     Messages:  created: 2530811   present: 13052   in FES: 122
** Event #3029760   t=340.579963737701   Elapsed: 132.502s (2m 12s)  68% completed  (84% total)
     Speed:     ev/sec=27163.9   simsec/sec=3.09283   ev/simsec=8782.86
     Messages:  created: 2577776   present: 13868   in FES: 144
** Event #3081984   t=346.561026835908   Elapsed: 134.509s (2m 14s)  69% completed  (84% total)
     Speed:     ev/sec=26021.1   simsec/sec=2.98012   ev/simsec=8731.56
     Messages:  created: 2622117   present: 14609   in FES: 150
** Event #3134976   t=352.539696564116   Elapsed: 136.517s (2m 16s)  70% completed  (85% total)
     Speed:     ev/sec=26393   simsec/sec=2.97772   ev/simsec=8863.51
     Messages:  created: 2667168   present: 15250   in FES: 124
** Event #3180288   t=356.747249679101   Elapsed: 138.519s (2m 18s)  71% completed  (85% total)
     Speed:     ev/sec=22627   simsec/sec=2.10109   ev/simsec=10769.2
     Messages:  created: 2708260   present: 15806   in FES: 185
** Event #3232512   t=361.537207684893   Elapsed: 140.526s (2m 20s)  72% completed  (86% total)
     Speed:     ev/sec=26023.4   simsec/sec=2.38685   ev/simsec=10902.8
     Messages:  created: 2755648   present: 15891   in FES: 165
** Event #3267328   t=365.014094000288   Elapsed: 142.533s (2m 22s)  73% completed  (86% total)
     Speed:     ev/sec=17352.9   simsec/sec=1.73294   ev/simsec=10013.6
     Messages:  created: 2783101   present: 1571   in FES: 145
** Event #3297024   t=367.573805227518   Elapsed: 144.545s (2m 24s)  73% completed  (86% total)
     Speed:     ev/sec=14753.3   simsec/sec=1.27169   ev/simsec=11601.3
     Messages:  created: 2805753   present: 1861   in FES: 141
** Event #3329792   t=370.532207350416   Elapsed: 146.566s (2m 26s)  74% completed  (87% total)
     Speed:     ev/sec=16214.5   simsec/sec=1.4639   ev/simsec=11076.2
     Messages:  created: 2830281   present: 2229   in FES: 145
** Event #3356416   t=372.592309882053   Elapsed: 148.602s (2m 28s)  74% completed  (87% total)
     Speed:     ev/sec=13077.8   simsec/sec=1.01193   ev/simsec=12923.6
     Messages:  created: 2850489   present: 2460   in FES: 140
** Event #3387392   t=375.534207449901   Elapsed: 150.611s (2m 30s)  75% completed  (87% total)
     Speed:     ev/sec=15423.3   simsec/sec=1.4648   ev/simsec=10529.3
     Messages:  created: 2873463   present: 2824   in FES: 142
** Event #3419648   t=378.089514777445   Elapsed: 152.618s (2m 32s)  75% completed  (87% total)
     Speed:     ev/sec=16064   simsec/sec=1.27258   ev/simsec=12623.1
     Messages:  created: 2897737   present: 3151   in FES: 149
** Event #3446528   t=380.569054676674   Elapsed: 154.619s (2m 34s)  76% completed  (88% total)
     Speed:     ev/sec=13437.1   simsec/sec=1.2395   ev/simsec=10840.7
     Messages:  created: 2917819   present: 3454   in FES: 152
** Event #3479296   t=383.517021327665   Elapsed: 156.633s (2m 36s)  76% completed  (88% total)
     Speed:     ev/sec=16272   simsec/sec=1.46391   ev/simsec=11115.5
     Messages:  created: 2942139   present: 3759   in FES: 133
** Event #3505664   t=385.534222664305   Elapsed: 158.672s (2m 38s)  77% completed  (88% total)
     Speed:     ev/sec=12929.9   simsec/sec=0.98916   ev/simsec=13071.6
     Messages:  created: 2961427   present: 3994   in FES: 132
** Event #3531008   t=387.535528794177   Elapsed: 160.699s (2m 40s)  77% completed  (88% total)
     Speed:     ev/sec=12500.6   simsec/sec=0.987119   ev/simsec=12663.7
     Messages:  created: 2979604   present: 4248   in FES: 135
** Event #3556608   t=389.537528285572   Elapsed: 162.703s (2m 42s)  77% completed  (88% total)
     Speed:     ev/sec=12777.8   simsec/sec=0.999267   ev/simsec=12787.2
     Messages:  created: 2997994   present: 4520   in FES: 145
** Event #3582464   t=391.58969021796   Elapsed: 164.712s (2m 44s)  78% completed  (89% total)
     Speed:     ev/sec=12866.4   simsec/sec=1.02119   ev/simsec=12599.4
     Messages:  created: 3017014   present: 4761   in FES: 146
** Event #3614208   t=394.087693125297   Elapsed: 166.716s (2m 46s)  78% completed  (89% total)
     Speed:     ev/sec=15846   simsec/sec=1.24696   ev/simsec=12707.8
     Messages:  created: 3040197   present: 5057   in FES: 145
** Event #3643648   t=396.594089896281   Elapsed: 168.732s (2m 48s)  79% completed  (89% total)
     Speed:     ev/sec=14604.5   simsec/sec=1.24337   ev/simsec=11745.9
     Messages:  created: 3062534   present: 5357   in FES: 142
** Event #3677952   t=399.539398067394   Elapsed: 170.761s (2m 50s)  79% completed  (89% total)
     Speed:     ev/sec=16904.1   simsec/sec=1.45137   ev/simsec=11647
     Messages:  created: 3087852   present: 5666   in FES: 124
** Event #3713024   t=402.533398622408   Elapsed: 172.767s (2m 52s)  80% completed  (90% total)
     Speed:     ev/sec=17480   simsec/sec=1.49222   ev/simsec=11714.1
     Messages:  created: 3114003   present: 6254   in FES: 216
** Event #3742208   t=405.008558492202   Elapsed: 174.768s (2m 54s)  81% completed  (90% total)
     Speed:     ev/sec=14586.8   simsec/sec=1.23714   ev/simsec=11790.8
     Messages:  created: 3136029   present: 6387   in FES: 151
** Event #3777280   t=407.598192580935   Elapsed: 176.799s (2m 56s)  81% completed  (90% total)
     Speed:     ev/sec=17265.5   simsec/sec=1.27484   ev/simsec=13543.2
     Messages:  created: 3162362   present: 6639   in FES: 128
** Event #3812352   t=410.592308995539   Elapsed: 178.826s (2m 58s)  82% completed  (91% total)
     Speed:     ev/sec=17305.3   simsec/sec=1.47736   ev/simsec=11713.6
     Messages:  created: 3188759   present: 7040   in FES: 144
** Event #3847680   t=413.588089663461   Elapsed: 180.828s (3m 00s)  82% completed  (91% total)
     Speed:     ev/sec=17643.8   simsec/sec=1.49618   ev/simsec=11792.6
     Messages:  created: 3215113   present: 7405   in FES: 149
** Event #3882752   t=416.536528618718   Elapsed: 182.83s (3m 02s)  83% completed  (91% total)
     Speed:     ev/sec=17517.9   simsec/sec=1.4727   ev/simsec=11895.1
     Messages:  created: 3240912   present: 7744   in FES: 139
** Event #3913472   t=419.031396418469   Elapsed: 184.831s (3m 04s)  83% completed  (91% total)
     Speed:     ev/sec=15353.9   simsec/sec=1.24694   ev/simsec=12313.3
     Messages:  created: 3263667   present: 8076   in FES: 154
** Event #3944192   t=421.535529370442   Elapsed: 186.842s (3m 06s)  84% completed  (92% total)
     Speed:     ev/sec=15278.9   simsec/sec=1.24545   ev/simsec=12267.7
     Messages:  created: 3286196   present: 8315   in FES: 130
** Event #3971072   t=423.589309943477   Elapsed: 188.873s (3m 08s)  84% completed  (92% total)
     Speed:     ev/sec=13236.3   simsec/sec=1.01133   ev/simsec=13088.1
     Messages:  created: 3306220   present: 8544   in FES: 128
** Event #3997440   t=425.598088777363   Elapsed: 190.876s (3m 10s)  85% completed  (92% total)
     Speed:     ev/sec=13162.1   simsec/sec=1.00272   ev/simsec=13126.4
     Messages:  created: 3325500   present: 8878   in FES: 153
** Event #4031744   t=428.53822876132   Elapsed: 192.899s (3m 12s)  85% completed  (92% total)
     Speed:     ev/sec=16952.9   simsec/sec=1.453   ev/simsec=11667.5
     Messages:  created: 3350394   present: 9155   in FES: 128
** Event #4059392   t=430.598088849053   Elapsed: 194.915s (3m 14s)  86% completed  (93% total)
     Speed:     ev/sec=13714.1   simsec/sec=1.02174   ev/simsec=13422.3
     Messages:  created: 3370986   present: 9469   in FES: 150
** Event #4092160   t=433.51702136421   Elapsed: 196.925s (3m 16s)  86% completed  (93% total)
     Speed:     ev/sec=16304.4   simsec/sec=1.45237   ev/simsec=11226
     Messages:  created: 3394515   present: 9728   in FES: 126
** Event #4120320   t=435.592309310183   Elapsed: 198.962s (3m 18s)  87% completed  (93% total)
     Speed:     ev/sec=13826.1   simsec/sec=1.01893   ev/simsec=13569.2
     Messages:  created: 3415805   present: 10031   in FES: 141
** Event #4146688   t=437.837874308835   Elapsed: 200.981s (3m 20s)  87% completed  (93% total)
     Speed:     ev/sec=13061.7   simsec/sec=1.11237   ev/simsec=11742.3
     Messages:  created: 3434983   present: 10235   in FES: 122
** Event #4183040   t=440.597790648072   Elapsed: 203.006s (3m 23s)  88% completed  (94% total)
     Speed:     ev/sec=17950.9   simsec/sec=1.36287   ev/simsec=13171.4
     Messages:  created: 3461752   present: 10637   in FES: 140
** Event #4217088   t=443.536528491626   Elapsed: 205.015s (3m 25s)  88% completed  (94% total)
     Speed:     ev/sec=16947.8   simsec/sec=1.46279   ev/simsec=11585.9
     Messages:  created: 3486450   present: 10975   in FES: 136
** Event #4244736   t=445.598252093974   Elapsed: 207.049s (3m 27s)  89% completed  (94% total)
     Speed:     ev/sec=13591.3   simsec/sec=1.01351   ev/simsec=13410.1
     Messages:  created: 3507226   present: 11205   in FES: 130
** Event #4287488   t=449.08817766333   Elapsed: 209.057s (3m 29s)  89% completed  (94% total)
     Speed:     ev/sec=21293   simsec/sec=1.73819   ev/simsec=12250.1
     Messages:  created: 3538717   present: 11647   in FES: 141
** Event #4324096   t=452.08791765413   Elapsed: 211.067s (3m 31s)  90% completed  (95% total)
     Speed:     ev/sec=18210.4   simsec/sec=1.4922   ev/simsec=12203.7
     Messages:  created: 3565829   present: 12001   in FES: 139
** Event #4362496   t=455.533528077154   Elapsed: 213.071s (3m 33s)  91% completed  (95% total)
     Speed:     ev/sec=19162.1   simsec/sec=1.71941   ev/simsec=11144.6
     Messages:  created: 3594329   present: 12638   in FES: 212
** Event #4401408   t=458.58912974755   Elapsed: 215.088s (3m 35s)  91% completed  (95% total)
     Speed:     ev/sec=19295.1   simsec/sec=1.51517   ev/simsec=12734.6
     Messages:  created: 3623404   present: 12745   in FES: 129
** Event #4438528   t=461.591299079622   Elapsed: 217.107s (3m 37s)  92% completed  (96% total)
     Speed:     ev/sec=18385.5   simsec/sec=1.48697   ev/simsec=12364.4
     Messages:  created: 3650904   present: 13173   in FES: 154
** Event #4473856   t=464.544398035837   Elapsed: 219.12s (3m 39s)  92% completed  (96% total)
     Speed:     ev/sec=17548.8   simsec/sec=1.46692   ev/simsec=11963
     Messages:  created: 3676820   present: 13460   in FES: 124
** Event #4513024   t=467.598491148552   Elapsed: 221.143s (3m 41s)  93% completed  (96% total)
     Speed:     ev/sec=19360.6   simsec/sec=1.50963   ev/simsec=12824.8
     Messages:  created: 3705927   present: 13894   in FES: 147
** Event #4559616   t=471.544529056985   Elapsed: 223.158s (3m 43s)  94% completed  (97% total)
     Speed:     ev/sec=23123.3   simsec/sec=1.95839   ev/simsec=11807.3
     Messages:  created: 3740319   present: 14366   in FES: 144
** Event #4599040   t=474.600089901665   Elapsed: 225.158s (3m 45s)  94% completed  (97% total)
     Speed:     ev/sec=19708.3   simsec/sec=1.5275   ev/simsec=12902.4
     Messages:  created: 3769520   present: 14680   in FES: 129
** Event #4644864   t=478.544398074314   Elapsed: 227.172s (3m 47s)  95% completed  (97% total)
     Speed:     ev/sec=22752.6   simsec/sec=1.95844   ev/simsec=11617.8
     Messages:  created: 3803389   present: 15204   in FES: 155
** Event #4684032   t=481.599958778477   Elapsed: 229.202s (3m 49s)  96% completed  (98% total)
     Speed:     ev/sec=19298.6   simsec/sec=1.50552   ev/simsec=12818.6
     Messages:  created: 3832589   present: 15527   in FES: 146
** Event #4728320   t=485.531398068428   Elapsed: 231.219s (3m 51s)  97% completed  (98% total)
     Speed:     ev/sec=21954.6   simsec/sec=1.94891   ev/simsec=11265.1
     Messages:  created: 3864961   present: 16059   in FES: 186
** Event #4765952   t=488.536528567472   Elapsed: 233.228s (3m 53s)  97% completed  (98% total)
     Speed:     ev/sec=18728.3   simsec/sec=1.49556   ev/simsec=12522.6
     Messages:  created: 3893070   present: 15388   in FES: 164
** Event #4803840   t=491.588088898115   Elapsed: 235.236s (3m 55s)  98% completed  (99% total)
     Speed:     ev/sec=18867.3   simsec/sec=1.5196   ev/simsec=12415.9
     Messages:  created: 3921459   present: 1602   in FES: 174
** Event #4841728   t=494.594089241248   Elapsed: 237.248s (3m 57s)  98% completed  (99% total)
     Speed:     ev/sec=18831.8   simsec/sec=1.4941   ev/simsec=12604.1
     Messages:  created: 3949514   present: 1861   in FES: 136
** Event #4886016   t=498.096880250143   Elapsed: 239.255s (3m 59s)  99% completed  (99% total)
     Speed:     ev/sec=22072.2   simsec/sec=1.74572   ev/simsec=12643.6
     Messages:  created: 3981988   present: 2319   in FES: 150
** Event #4904137   t=500   Elapsed: 240.348s (4m 00s)  100% completed  (100% total)
     Speed:     ev/sec=16574.5   simsec/sec=1.73992   ev/simsec=9526.01
     Messages:  created: 3995538   present: 2460   in FES: 122

<!> Simulation time limit reached -- at t=500s, event #4904137
undisposed object: (omnetpp::cMessage) FanetSarNetwork.groundStation.app.debugTimer -- check module destructor
undisposed object: (omnetpp::cMessage) FanetSarNetwork.uav[0].app.debugTimer -- check module destructor
undisposed object: (omnetpp::cMessage) FanetSarNetwork.uav[1].app.debugTimer -- check module destructor
undisposed object: (omnetpp::cMessage) FanetSarNetwork.uav[2].app.debugTimer -- check module destructor
undisposed object: (omnetpp::cMessage) FanetSarNetwork.uav[3].app.debugTimer -- check module destructor
undisposed object: (omnetpp::cMessage) FanetSarNetwork.uav[4].app.debugTimer -- check module destructor
undisposed object: (omnetpp::cMessage) FanetSarNetwork.uav[5].app.debugTimer -- check module destructor
undisposed object: (omnetpp::cMessage) FanetSarNetwork.uav[6].app.debugTimer -- check module destructor
undisposed object: (omnetpp::cMessage) FanetSarNetwork.uav[7].app.debugTimer -- check module destructor
undisposed object: (omnetpp::cMessage) FanetSarNetwork.uav[8].app.debugTimer -- check module destructor
undisposed object: (omnetpp::cMessage) FanetSarNetwork.uav[9].app.debugTimer -- check module destructor
undisposed object: (omnetpp::cMessage) FanetSarNetwork.uav[10].app.debugTimer -- check module destructor
undisposed object: (omnetpp::cMessage) FanetSarNetwork.uav[11].app.debugTimer -- check module destructor
undisposed object: (omnetpp::cMessage) FanetSarNetwork.uav[12].app.debugTimer -- check module destructor
undisposed object: (omnetpp::cMessage) FanetSarNetwork.uav[13].app.debugTimer -- check module destructor
undisposed object: (omnetpp::cMessage) FanetSarNetwork.uav[14].app.debugTimer -- check module destructor
undisposed object: (omnetpp::cMessage) FanetSarNetwork.uav[15].app.debugTimer -- check module destructor
undisposed object: (omnetpp::cMessage) FanetSarNetwork.uav[16].app.debugTimer -- check module destructor
undisposed object: (omnetpp::cMessage) FanetSarNetwork.uav[17].app.debugTimer -- check module destructor
undisposed object: (omnetpp::cMessage) FanetSarNetwork.uav[18].app.debugTimer -- check module destructor
undisposed object: (omnetpp::cMessage) FanetSarNetwork.uav[19].app.debugTimer -- check module destructor
undisposed object: (omnetpp::cMessage) FanetSarNetwork.uav[20].app.debugTimer -- check module destructor
undisposed object: (omnetpp::cMessage) FanetSarNetwork.uav[21].app.debugTimer -- check module destructor
undisposed object: (omnetpp::cMessage) FanetSarNetwork.uav[22].app.debugTimer -- check module destructor
undisposed object: (omnetpp::cMessage) FanetSarNetwork.uav[23].app.debugTimer -- check module destructor
undisposed object: (omnetpp::cMessage) FanetSarNetwork.uav[24].app.debugTimer -- check module destructor
undisposed object: (omnetpp::cMessage) FanetSarNetwork.uav[25].app.debugTimer -- check module destructor
undisposed object: (omnetpp::cMessage) FanetSarNetwork.uav[26].app.debugTimer -- check module destructor
undisposed object: (omnetpp::cMessage) FanetSarNetwork.uav[27].app.debugTimer -- check module destructor
undisposed object: (omnetpp::cMessage) FanetSarNetwork.uav[28].app.debugTimer -- check module destructor
undisposed object: (omnetpp::cMessage) FanetSarNetwork.uav[29].app.debugTimer -- check module destructor
