** Event #0   t=0   Elapsed: 7e-06s (0m 00s)  0% completed  (50% total)
     Speed:     ev/sec=0   simsec/sec=0   ev/simsec=0
     Messages:  created: 418   present: 418   in FES: 66
** Event #73472   t=62.041973538258   Elapsed: 2.00335s (0m 02s)  12% completed  (56% total)
     Speed:     ev/sec=36676   simsec/sec=30.9699   ev/simsec=1184.25
     Messages:  created: 58268   present: 430   in FES: 53
** Event #143872   t=102.236321889145   Elapsed: 4.00594s (0m 04s)  20% completed  (60% total)
     Speed:     ev/sec=35153.8   simsec/sec=20.0708   ev/simsec=1751.49
     Messages:  created: 124170   present: 453   in FES: 64
** Event #214784   t=134.560949515341   Elapsed: 6.00866s (0m 06s)  26% completed  (63% total)
     Speed:     ev/sec=35407.9   simsec/sec=16.1404   ev/simsec=2193.75
     Messages:  created: 190375   present: 1502   in FES: 48
** Event #284416   t=164.146994738591   Elapsed: 8.01388s (0m 08s)  32% completed  (66% total)
     Speed:     ev/sec=34725.2   simsec/sec=14.7545   ev/simsec=2353.54
     Messages:  created: 257726   present: 2381   in FES: 57
** Event #354560   t=195.087816668779   Elapsed: 10.0154s (0m 10s)  39% completed  (69% total)
     Speed:     ev/sec=35046.2   simsec/sec=15.459   ev/simsec=2267.04
     Messages:  created: 324911   present: 3307   in FES: 54
** Event #427008   t=255.041973642564   Elapsed: 12.0208s (0m 12s)  51% completed  (75% total)
     Speed:     ev/sec=36126   simsec/sec=29.896   ev/simsec=1208.39
     Messages:  created: 380152   present: 1259   in FES: 51
** Event #493312   t=283.628348983787   Elapsed: 14.0225s (0m 14s)  56% completed  (78% total)
     Speed:     ev/sec=33124.2   simsec/sec=14.2812   ev/simsec=2319.43
     Messages:  created: 444579   present: 2150   in FES: 55
** Event #556544   t=295.054041688685   Elapsed: 16.0227s (0m 16s)  59% completed  (79% total)
     Speed:     ev/sec=31611.5   simsec/sec=5.71204   ev/simsec=5534.19
     Messages:  created: 513999   present: 2268   in FES: 52
** Event #626432   t=321.667021998437   Elapsed: 18.0274s (0m 18s)  64% completed  (82% total)
     Speed:     ev/sec=34863.3   simsec/sec=13.2758   ev/simsec=2626.09
     Messages:  created: 583291   present: 2902   in FES: 43
** Event #697088   t=352.034610072508   Elapsed: 20.0323s (0m 20s)  70% completed  (85% total)
     Speed:     ev/sec=35240.5   simsec/sec=15.1462   ev/simsec=2326.69
     Messages:  created: 648974   present: 3785   in FES: 56
** Event #766208   t=381.167021998437   Elapsed: 22.0379s (0m 22s)  76% completed  (88% total)
     Speed:     ev/sec=34464.9   simsec/sec=14.5261   ev/simsec=2372.62
     Messages:  created: 713843   present: 1486   in FES: 46
** Event #837632   t=438.087814202768   Elapsed: 24.0455s (0m 24s)  87% completed  (93% total)
     Speed:     ev/sec=35575.9   simsec/sec=28.3519   ev/simsec=1254.8
     Messages:  created: 767666   present: 3227   in FES: 54
** Event #912384   t=496.034610228744   Elapsed: 26.0511s (0m 26s)  99% completed  (99% total)
     Speed:     ev/sec=37271.3   simsec/sec=28.8923   ev/simsec=1290.01
     Messages:  created: 822915   present: 1987   in FES: 52
** Event #917312   t=500   Elapsed: 26.1812s (0m 26s)  100% completed  (100% total)
     Speed:     ev/sec=37878.7   simsec/sec=30.4785   ev/simsec=1242.8
     Messages:  created: 826522   present: 2119   in FES: 42

<!> Simulation time limit reached -- at t=500s, event #917312
undisposed object: (omnetpp::cMessage) FanetSarNetwork.groundStation.app.debugTimer -- check module destructor
undisposed object: (omnetpp::cMessage) FanetSarNetwork.uav[0].app.debugTimer -- check module destructor
undisposed object: (omnetpp::cMessage) FanetSarNetwork.uav[1].app.debugTimer -- check module destructor
undisposed object: (omnetpp::cMessage) FanetSarNetwork.uav[2].app.debugTimer -- check module destructor
undisposed object: (omnetpp::cMessage) FanetSarNetwork.uav[3].app.debugTimer -- check module destructor
undisposed object: (omnetpp::cMessage) FanetSarNetwork.uav[4].app.debugTimer -- check module destructor
undisposed object: (omnetpp::cMessage) FanetSarNetwork.uav[5].app.debugTimer -- check module destructor
undisposed object: (omnetpp::cMessage) FanetSarNetwork.uav[6].app.debugTimer -- check module destructor
undisposed object: (omnetpp::cMessage) FanetSarNetwork.uav[7].app.debugTimer -- check module destructor
undisposed object: (omnetpp::cMessage) FanetSarNetwork.uav[8].app.debugTimer -- check module destructor
undisposed object: (omnetpp::cMessage) FanetSarNetwork.uav[9].app.debugTimer -- check module destructor
