** Event #0   t=0   Elapsed: 8e-06s (0m 00s)  0% completed  (50% total)
     Speed:     ev/sec=0   simsec/sec=0   ev/simsec=0
     Messages:  created: 418   present: 418   in FES: 66
** Event #83712   t=71.554136631298   Elapsed: 2.00671s (0m 02s)  14% completed  (57% total)
     Speed:     ev/sec=41716.6   simsec/sec=35.6575   ev/simsec=1169.93
     Messages:  created: 66493   present: 399   in FES: 44
** Event #151040   t=125.064972886156   Elapsed: 4.01169s (0m 04s)  25% completed  (62% total)
     Speed:     ev/sec=33580.4   simsec/sec=26.689   ev/simsec=1258.21
     Messages:  created: 117765   present: 1082   in FES: 48
** Event #219392   t=161.513987621259   Elapsed: 6.0169s (0m 06s)  32% completed  (66% total)
     Speed:     ev/sec=34087.3   simsec/sec=18.1772   ev/simsec=1875.28
     Messages:  created: 181041   present: 2203   in FES: 44
** Event #290560   t=209.598691467332   Elapsed: 8.02489s (0m 08s)  41% completed  (70% total)
     Speed:     ev/sec=35442.4   simsec/sec=23.9467   ev/simsec=1480.05
     Messages:  created: 241936   present: 3983   in FES: 52
** Event #362496   t=270.553741554197   Elapsed: 10.0249s (0m 10s)  54% completed  (77% total)
     Speed:     ev/sec=35967.3   simsec/sec=30.4769   ev/simsec=1180.15
     Messages:  created: 298115   present: 1848   in FES: 51
** Event #436736   t=336.059144743583   Elapsed: 12.0323s (0m 12s)  67% completed  (83% total)
     Speed:     ev/sec=36983   simsec/sec=32.6318   ev/simsec=1133.34
     Messages:  created: 356559   present: 4442   in FES: 43
** Event #507904   t=398.536970419171   Elapsed: 14.0421s (0m 14s)  79% completed  (89% total)
     Speed:     ev/sec=35410.5   simsec/sec=31.0866   ev/simsec=1139.09
     Messages:  created: 412377   present: 1885   in FES: 52
** Event #574720   t=446.559136838074   Elapsed: 16.0504s (0m 16s)  89% completed  (94% total)
     Speed:     ev/sec=33271.1   simsec/sec=23.9127   ev/simsec=1391.36
     Messages:  created: 460665   present: 3815   in FES: 54
** Event #634112   t=467.261049600956   Elapsed: 18.0516s (0m 18s)  93% completed  (96% total)
     Speed:     ev/sec=29678.4   simsec/sec=10.3448   ev/simsec=2868.91
     Messages:  created: 514035   present: 4420   in FES: 55
** Event #705536   t=482.636789765498   Elapsed: 20.0549s (0m 20s)  96% completed  (98% total)
     Speed:     ev/sec=35652.3   simsec/sec=7.67501   ev/simsec=4645.24
     Messages:  created: 588255   present: 4652   in FES: 60
** Event #728500   t=500   Elapsed: 20.8147s (0m 20s)  100% completed  (100% total)
     Speed:     ev/sec=30221.9   simsec/sec=22.8474   ev/simsec=1322.77
     Messages:  created: 605164   present: 836   in FES: 42

<!> Simulation time limit reached -- at t=500s, event #728500
undisposed object: (omnetpp::cMessage) FanetSarNetwork.groundStation.app.debugTimer -- check module destructor
undisposed object: (omnetpp::cMessage) FanetSarNetwork.uav[0].app.debugTimer -- check module destructor
undisposed object: (omnetpp::cMessage) FanetSarNetwork.uav[1].app.debugTimer -- check module destructor
undisposed object: (omnetpp::cMessage) FanetSarNetwork.uav[2].app.debugTimer -- check module destructor
undisposed object: (omnetpp::cMessage) FanetSarNetwork.uav[3].app.debugTimer -- check module destructor
undisposed object: (omnetpp::cMessage) FanetSarNetwork.uav[4].app.debugTimer -- check module destructor
undisposed object: (omnetpp::cMessage) FanetSarNetwork.uav[5].app.debugTimer -- check module destructor
undisposed object: (omnetpp::cMessage) FanetSarNetwork.uav[6].app.debugTimer -- check module destructor
undisposed object: (omnetpp::cMessage) FanetSarNetwork.uav[7].app.debugTimer -- check module destructor
undisposed object: (omnetpp::cMessage) FanetSarNetwork.uav[8].app.debugTimer -- check module destructor
undisposed object: (omnetpp::cMessage) FanetSarNetwork.uav[9].app.debugTimer -- check module destructor
