** Event #0   t=0   Elapsed: 2.1e-05s (0m 00s)  0% completed  (0% total)
     Speed:     ev/sec=0   simsec/sec=0   ev/simsec=0
     Messages:  created: 1178   present: 1178   in FES: 186
** Event #79360   t=4.518661225753   Elapsed: 2.00462s (0m 02s)  0% completed  (0% total)
     Speed:     ev/sec=39589.4   simsec/sec=2.25414   ev/simsec=17562.9
     Messages:  created: 71755   present: 1444   in FES: 172
** Event #158208   t=8.525112451432   Elapsed: 4.00959s (0m 04s)  1% completed  (0% total)
     Speed:     ev/sec=39326.2   simsec/sec=1.99825   ev/simsec=19680.3
     Messages:  created: 143199   present: 1518   in FES: 192
** Event #227072   t=12.524260482395   Elapsed: 6.01381s (0m 06s)  2% completed  (1% total)
     Speed:     ev/sec=34359.5   simsec/sec=1.99536   ev/simsec=17219.7
     Messages:  created: 203577   present: 1378   in FES: 158
** Event #289280   t=15.082430130659   Elapsed: 8.01841s (0m 08s)  3% completed  (1% total)
     Speed:     ev/sec=31032.6   simsec/sec=1.27615   ev/simsec=24317.4
     Messages:  created: 258408   present: 1192   in FES: 145
** Event #346880   t=16.562844712692   Elapsed: 10.022s (0m 10s)  3% completed  (1% total)
     Speed:     ev/sec=28748   simsec/sec=0.738871   ev/simsec=38908
     Messages:  created: 312071   present: 1259   in FES: 142
** Event #407808   t=20.523845753667   Elapsed: 12.0222s (0m 12s)  4% completed  (2% total)
     Speed:     ev/sec=30460.8   simsec/sec=1.9803   ev/simsec=15382
     Messages:  created: 363177   present: 1478   in FES: 178
** Event #466944   t=22.541913948601   Elapsed: 14.0256s (0m 14s)  4% completed  (2% total)
     Speed:     ev/sec=29518.8   simsec/sec=1.00736   ev/simsec=29303.3
     Messages:  created: 415732   present: 1199   in FES: 151
** Event #522240   t=24.543968411947   Elapsed: 16.0292s (0m 16s)  4% completed  (2% total)
     Speed:     ev/sec=27597.6   simsec/sec=0.999203   ev/simsec=27619.6
     Messages:  created: 466218   present: 1311   in FES: 160
** Event #581376   t=27.579252603296   Elapsed: 18.0377s (0m 18s)  5% completed  (2% total)
     Speed:     ev/sec=29443.6   simsec/sec=1.51125   ev/simsec=19482.9
     Messages:  created: 515884   present: 1263   in FES: 173
** Event #637696   t=28.551442233021   Elapsed: 20.0424s (0m 20s)  5% completed  (2% total)
     Speed:     ev/sec=28094   simsec/sec=0.484955   ev/simsec=57931.1
     Messages:  created: 566992   present: 1332   in FES: 156
** Event #692480   t=30.59082851354   Elapsed: 22.0426s (0m 22s)  6% completed  (3% total)
     Speed:     ev/sec=27389.3   simsec/sec=1.01959   ev/simsec=26863
     Messages:  created: 614243   present: 1397   in FES: 186
** Event #750080   t=32.516549731006   Elapsed: 24.0487s (0m 24s)  6% completed  (3% total)
     Speed:     ev/sec=28712   simsec/sec=0.959917   ev/simsec=29910.9
     Messages:  created: 663402   present: 1309   in FES: 154
** Event #806400   t=34.040947181159   Elapsed: 26.0547s (0m 26s)  6% completed  (3% total)
     Speed:     ev/sec=28076.1   simsec/sec=0.759928   ev/simsec=36945.7
     Messages:  created: 712993   present: 1143   in FES: 130
** Event #864000   t=35.596337977433   Elapsed: 28.0659s (0m 28s)  7% completed  (3% total)
     Speed:     ev/sec=28639.7   simsec/sec=0.773368   ev/simsec=37032.5
     Messages:  created: 761286   present: 1291   in FES: 167
** Event #921344   t=36.590850341176   Elapsed: 30.0674s (0m 30s)  7% completed  (3% total)
     Speed:     ev/sec=28650.6   simsec/sec=0.496885   ev/simsec=57660.4
     Messages:  created: 812711   present: 1301   in FES: 187
** Event #983040   t=38.58328757686   Elapsed: 32.0701s (0m 32s)  7% completed  (3% total)
     Speed:     ev/sec=30805.5   simsec/sec=0.994845   ev/simsec=30965.1
     Messages:  created: 864944   present: 1313   in FES: 152
** Event #1041408   t=40.526102311191   Elapsed: 34.0735s (0m 34s)  8% completed  (4% total)
     Speed:     ev/sec=29135   simsec/sec=0.969775   ev/simsec=30043
     Messages:  created: 914464   present: 1378   in FES: 162
** Event #1103616   t=42.3   Elapsed: 36.077s (0m 36s)  8% completed  (4% total)
     Speed:     ev/sec=31049.6   simsec/sec=0.885398   ev/simsec=35068.5
     Messages:  created: 966808   present: 1116   in FES: 122
** Event #1162240   t=43.594278896664   Elapsed: 38.0815s (0m 38s)  8% completed  (4% total)
     Speed:     ev/sec=29246.5   simsec/sec=0.645692   ev/simsec=45294.7
     Messages:  created: 1017356   present: 1162   in FES: 123
** Event #1221888   t=45.550662119482   Elapsed: 40.0943s (0m 40s)  9% completed  (4% total)
     Speed:     ev/sec=29634.1   simsec/sec=0.971964   ev/simsec=30488.9
     Messages:  created: 1069778   present: 1283   in FES: 156
** Event #1276416   t=46.608378956192   Elapsed: 42.1041s (0m 42s)  9% completed  (4% total)
     Speed:     ev/sec=27131.1   simsec/sec=0.52628   ev/simsec=51552.5
     Messages:  created: 1117360   present: 1453   in FES: 187
** Event #1336576   t=48.510470340467   Elapsed: 44.1062s (0m 44s)  9% completed  (4% total)
     Speed:     ev/sec=30048.4   simsec/sec=0.950047   ev/simsec=31628.3
     Messages:  created: 1167089   present: 1211   in FES: 148
** Event #1393664   t=49.540024847029   Elapsed: 46.1107s (0m 46s)  9% completed  (4% total)
     Speed:     ev/sec=28480.2   simsec/sec=0.513627   ev/simsec=55449.2
     Messages:  created: 1217544   present: 1171   in FES: 140
** Event #1450240   t=51.071986382542   Elapsed: 48.1159s (0m 48s)  10% completed  (5% total)
     Speed:     ev/sec=28213.5   simsec/sec=0.763964   ev/simsec=36930.4
     Messages:  created: 1265127   present: 1201   in FES: 149
** Event #1507840   t=52.521887408589   Elapsed: 50.1166s (0m 50s)  10% completed  (5% total)
     Speed:     ev/sec=28790.8   simsec/sec=0.724718   ev/simsec=39726.8
     Messages:  created: 1313737   present: 1460   in FES: 184
** Event #1562368   t=52.617004199704   Elapsed: 52.1223s (0m 52s)  10% completed  (5% total)
     Speed:     ev/sec=27186.9   simsec/sec=0.0474239   ev/simsec=573274
     Messages:  created: 1361054   present: 1264   in FES: 136
** Event #1620992   t=55.581683886801   Elapsed: 54.1355s (0m 54s)  11% completed  (5% total)
     Speed:     ev/sec=29118.6   simsec/sec=1.47256   ev/simsec=19774.1
     Messages:  created: 1408154   present: 1263   in FES: 179
** Event #1676800   t=56.528483189447   Elapsed: 56.1391s (0m 56s)  11% completed  (5% total)
     Speed:     ev/sec=27854.9   simsec/sec=0.472566   ev/simsec=58943.9
     Messages:  created: 1455228   present: 1311   in FES: 157
** Event #1735168   t=57.593955079061   Elapsed: 58.143s (0m 58s)  11% completed  (5% total)
     Speed:     ev/sec=29126.2   simsec/sec=0.531681   ev/simsec=54781.4
     Messages:  created: 1504061   present: 1282   in FES: 159
** Event #1795072   t=59.599099081261   Elapsed: 60.1533s (1m 00s)  11% completed  (5% total)
     Speed:     ev/sec=29799.2   simsec/sec=0.997459   ev/simsec=29875.2
     Messages:  created: 1553471   present: 1211   in FES: 140
** Event #1851392   t=60.596145965137   Elapsed: 62.1563s (1m 02s)  12% completed  (6% total)
     Speed:     ev/sec=28117.5   simsec/sec=0.497771   ev/simsec=56486.8
     Messages:  created: 1602639   present: 1229   in FES: 150
** Event #1909504   t=62.588637045604   Elapsed: 64.1613s (1m 04s)  12% completed  (6% total)
     Speed:     ev/sec=28984.3   simsec/sec=0.993787   ev/simsec=29165.5
     Messages:  created: 1650334   present: 1280   in FES: 153
** Event #1966592   t=64.07246115895   Elapsed: 66.162s (1m 06s)  12% completed  (6% total)
     Speed:     ev/sec=28533.6   simsec/sec=0.741641   ev/simsec=38473.6
     Messages:  created: 1698183   present: 1212   in FES: 152
** Event #2022400   t=64.612167580731   Elapsed: 68.1649s (1m 08s)  12% completed  (6% total)
     Speed:     ev/sec=27863   simsec/sec=0.269457   ev/simsec=103404
     Messages:  created: 1746985   present: 1292   in FES: 152
** Event #2081792   t=66.61542511329   Elapsed: 70.1731s (1m 10s)  13% completed  (6% total)
     Speed:     ev/sec=29574.6   simsec/sec=0.997534   ev/simsec=29647.7
     Messages:  created: 1796031   present: 1306   in FES: 146
** Event #2138112   t=68.582338997882   Elapsed: 72.1785s (1m 12s)  13% completed  (6% total)
     Speed:     ev/sec=28085   simsec/sec=0.980837   ev/simsec=28633.7
     Messages:  created: 1843079   present: 1578   in FES: 264
** Event #2193408   t=70.581603480973   Elapsed: 74.2082s (1m 14s)  14% completed  (7% total)
     Speed:     ev/sec=27242.9   simsec/sec=0.984984   ev/simsec=27658.2
     Messages:  created: 1888306   present: 1227   in FES: 154
** Event #2251008   t=72.093789045792   Elapsed: 76.2169s (1m 16s)  14% completed  (7% total)
     Speed:     ev/sec=28676.3   simsec/sec=0.752846   ev/simsec=38090.6
     Messages:  created: 1936628   present: 1202   in FES: 151
** Event #2303232   t=72.611303790578   Elapsed: 78.2268s (1m 18s)  14% completed  (7% total)
     Speed:     ev/sec=25983.1   simsec/sec=0.25748   ev/simsec=100913
     Messages:  created: 1983074   present: 1421   in FES: 184
** Event #2362880   t=74.602441065701   Elapsed: 80.2272s (1m 20s)  14% completed  (7% total)
     Speed:     ev/sec=29818.2   simsec/sec=0.995374   ev/simsec=29956.7
     Messages:  created: 2032959   present: 1253   in FES: 136
** Event #2423296   t=76.519450261589   Elapsed: 82.2321s (1m 22s)  15% completed  (7% total)
     Speed:     ev/sec=30134   simsec/sec=0.956158   ev/simsec=31515.8
     Messages:  created: 2083524   present: 1319   in FES: 155
** Event #2482432   t=77.578646889311   Elapsed: 84.2369s (1m 24s)  15% completed  (7% total)
     Speed:     ev/sec=29496.2   simsec/sec=0.528312   ev/simsec=55831
     Messages:  created: 2133418   present: 1214   in FES: 151
** Event #2535424   t=78.599171018128   Elapsed: 86.2424s (1m 26s)  15% completed  (7% total)
     Speed:     ev/sec=26424.4   simsec/sec=0.508884   ev/simsec=51926.3
     Messages:  created: 2179070   present: 1337   in FES: 155
** Event #2589696   t=80.512027516544   Elapsed: 88.2456s (1m 28s)  16% completed  (8% total)
     Speed:     ev/sec=27091.7   simsec/sec=0.954868   ev/simsec=28372.2
     Messages:  created: 2224508   present: 1332   in FES: 185
** Event #2642944   t=81.582696876712   Elapsed: 90.252s (1m 30s)  16% completed  (8% total)
     Speed:     ev/sec=26539.3   simsec/sec=0.533632   ev/simsec=49733.4
     Messages:  created: 2269488   present: 1404   in FES: 185
** Event #2693888   t=82.599591235722   Elapsed: 92.2582s (1m 32s)  16% completed  (8% total)
     Speed:     ev/sec=25393.7   simsec/sec=0.506884   ev/simsec=50097.6
     Messages:  created: 2313166   present: 1252   in FES: 138
** Event #2750464   t=84.51523926284   Elapsed: 94.2667s (1m 34s)  16% completed  (8% total)
     Speed:     ev/sec=28167.4   simsec/sec=0.953742   ev/simsec=29533.6
     Messages:  created: 2361699   present: 1292   in FES: 151
** Event #2806016   t=85.586518193683   Elapsed: 96.2738s (1m 36s)  17% completed  (8% total)
     Speed:     ev/sec=27678   simsec/sec=0.533749   ev/simsec=51855.8
     Messages:  created: 2408673   present: 1362   in FES: 174
** Event #2861824   t=86.597783278101   Elapsed: 98.2773s (1m 38s)  17% completed  (8% total)
     Speed:     ev/sec=27855.1   simsec/sec=0.504746   ev/simsec=55186.3
     Messages:  created: 2457451   present: 1330   in FES: 150
** Event #2917888   t=87.595744991274   Elapsed: 100.282s (1m 40s)  17% completed  (8% total)
     Speed:     ev/sec=27964.7   simsec/sec=0.497783   ev/simsec=56178.5
     Messages:  created: 2503788   present: 1299   in FES: 167
** Event #2973952   t=88.599795951798   Elapsed: 102.291s (1m 42s)  17% completed  (8% total)
     Speed:     ev/sec=27909.6   simsec/sec=0.499833   ev/simsec=55837.8
     Messages:  created: 2551458   present: 1410   in FES: 186
** Event #3033088   t=89.595210438051   Elapsed: 104.296s (1m 44s)  17% completed  (8% total)
     Speed:     ev/sec=29495.8   simsec/sec=0.496492   ev/simsec=59408.4
     Messages:  created: 2600896   present: 1328   in FES: 156
** Event #3086080   t=90.603023909632   Elapsed: 106.3s (1m 46s)  18% completed  (9% total)
     Speed:     ev/sec=26439.9   simsec/sec=0.50284   ev/simsec=52581.2
     Messages:  created: 2647128   present: 1317   in FES: 150
** Event #3141120   t=91.583388110351   Elapsed: 108.306s (1m 48s)  18% completed  (9% total)
     Speed:     ev/sec=27437.6   simsec/sec=0.488714   ev/simsec=56142.4
     Messages:  created: 2692529   present: 1385   in FES: 185
** Event #3194880   t=92.601818110891   Elapsed: 110.307s (1m 50s)  18% completed  (9% total)
     Speed:     ev/sec=26873.3   simsec/sec=0.509087   ev/simsec=52787.1
     Messages:  created: 2739232   present: 1282   in FES: 139
** Event #3246592   t=94.035235107308   Elapsed: 112.308s (1m 52s)  18% completed  (9% total)
     Speed:     ev/sec=25835.7   simsec/sec=0.716146   ev/simsec=36076
     Messages:  created: 2782386   present: 1204   in FES: 151
** Event #3299328   t=94.607697473998   Elapsed: 114.311s (1m 54s)  18% completed  (9% total)
     Speed:     ev/sec=26325.7   simsec/sec=0.285772   ev/simsec=92121.3
     Messages:  created: 2827522   present: 1300   in FES: 149
** Event #3356672   t=96.555332499845   Elapsed: 116.339s (1m 56s)  19% completed  (9% total)
     Speed:     ev/sec=28278.4   simsec/sec=0.960449   ev/simsec=29442.9
     Messages:  created: 2875181   present: 1315   in FES: 190
** Event #3413760   t=97.601515185763   Elapsed: 118.34s (1m 58s)  19% completed  (9% total)
     Speed:     ev/sec=28533.7   simsec/sec=0.522902   ev/simsec=54567.9
     Messages:  created: 2924051   present: 1321   in FES: 149
** Event #3469568   t=98.610437560849   Elapsed: 120.344s (2m 00s)  19% completed  (9% total)
     Speed:     ev/sec=27843.9   simsec/sec=0.503375   ev/simsec=55314.5
     Messages:  created: 2971730   present: 1308   in FES: 153
** Event #3525888   t=100.58608701877   Elapsed: 122.355s (2m 02s)  20% completed  (10% total)
     Speed:     ev/sec=28015.6   simsec/sec=0.98276   ev/simsec=28507.1
     Messages:  created: 3018195   present: 1282   in FES: 179
** Event #3580928   t=102.082040010072   Elapsed: 124.357s (2m 04s)  20% completed  (10% total)
     Speed:     ev/sec=27489   simsec/sec=0.747135   ev/simsec=36792.6
     Messages:  created: 3064729   present: 1432   in FES: 176
** Event #3633152   t=103.522460132085   Elapsed: 126.363s (2m 06s)  20% completed  (10% total)
     Speed:     ev/sec=26033.6   simsec/sec=0.718048   ev/simsec=36256.1
     Messages:  created: 3108169   present: 1589   in FES: 166
** Event #3685888   t=104.596945848963   Elapsed: 128.372s (2m 08s)  20% completed  (10% total)
     Speed:     ev/sec=26251.9   simsec/sec=0.534878   ev/simsec=49080.2
     Messages:  created: 3152539   present: 1995   in FES: 246
** Event #3740416   t=106.532702777224   Elapsed: 130.374s (2m 10s)  21% completed  (10% total)
     Speed:     ev/sec=27225.5   simsec/sec=0.966513   ev/simsec=28168.8
     Messages:  created: 3197396   present: 1986   in FES: 168
** Event #3792128   t=107.522218964225   Elapsed: 132.375s (2m 12s)  21% completed  (10% total)
     Speed:     ev/sec=25849.6   simsec/sec=0.494635   ev/simsec=52259.9
     Messages:  created: 3241032   present: 2126   in FES: 179
** Event #3842304   t=108.598943487043   Elapsed: 134.378s (2m 14s)  21% completed  (10% total)
     Speed:     ev/sec=25051.4   simsec/sec=0.537576   ev/simsec=46600.6
     Messages:  created: 3284688   present: 1692   in FES: 169
** Event #3894016   t=110.560039368191   Elapsed: 136.379s (2m 16s)  22% completed  (11% total)
     Speed:     ev/sec=25846.7   simsec/sec=0.980195   ev/simsec=26368.9
     Messages:  created: 3327927   present: 1495   in FES: 149
** Event #3945472   t=111.57369493446   Elapsed: 138.379s (2m 18s)  22% completed  (11% total)
     Speed:     ev/sec=25717.5   simsec/sec=0.506622   ev/simsec=50762.8
     Messages:  created: 3371667   present: 1638   in FES: 139
** Event #3996672   t=112.596154734774   Elapsed: 140.386s (2m 20s)  22% completed  (11% total)
     Speed:     ev/sec=25518.6   simsec/sec=0.509604   ev/simsec=50075.3
     Messages:  created: 3414922   present: 1825   in FES: 155
** Event #4047104   t=114.57500869362   Elapsed: 142.387s (2m 22s)  22% completed  (11% total)
     Speed:     ev/sec=25200.7   simsec/sec=0.988825   ev/simsec=25485.5
     Messages:  created: 3458585   present: 1971   in FES: 146
** Event #4098048   t=115.588513652489   Elapsed: 144.391s (2m 24s)  23% completed  (11% total)
     Speed:     ev/sec=25424.4   simsec/sec=0.505805   ev/simsec=50265.2
     Messages:  created: 3502591   present: 2116   in FES: 137
** Event #4145152   t=116.596295736503   Elapsed: 146.393s (2m 26s)  23% completed  (11% total)
     Speed:     ev/sec=23529.2   simsec/sec=0.503404   ev/simsec=46740.3
     Messages:  created: 3544490   present: 2402   in FES: 185
** Event #4193280   t=117.596219761923   Elapsed: 148.395s (2m 28s)  23% completed  (11% total)
     Speed:     ev/sec=24041.6   simsec/sec=0.499497   ev/simsec=48131.7
     Messages:  created: 3585869   present: 2347   in FES: 137
** Event #4245760   t=118.602786287072   Elapsed: 150.399s (2m 30s)  23% completed  (11% total)
     Speed:     ev/sec=26175.7   simsec/sec=0.50205   ev/simsec=52137.6
     Messages:  created: 3633178   present: 2692   in FES: 185
** Event #4299264   t=120.521534660653   Elapsed: 152.403s (2m 32s)  24% completed  (12% total)
     Speed:     ev/sec=26705.4   simsec/sec=0.957703   ev/simsec=27884.8
     Messages:  created: 3679291   present: 2789   in FES: 188
** Event #4349952   t=121.515855660551   Elapsed: 154.408s (2m 34s)  24% completed  (12% total)
     Speed:     ev/sec=25280.6   simsec/sec=0.495916   ev/simsec=50977.5
     Messages:  created: 3723742   present: 2803   in FES: 149
** Event #4399872   t=122.599886546395   Elapsed: 156.41s (2m 36s)  24% completed  (12% total)
     Speed:     ev/sec=24934   simsec/sec=0.541451   ev/simsec=46050.3
     Messages:  created: 3768322   present: 3039   in FES: 177
** Event #4454400   t=124.581824726399   Elapsed: 158.424s (2m 38s)  24% completed  (12% total)
     Speed:     ev/sec=27071.1   simsec/sec=0.983958   ev/simsec=27512.5
     Messages:  created: 3815108   present: 3179   in FES: 165
** Event #4506624   t=126.535176099837   Elapsed: 160.429s (2m 40s)  25% completed  (12% total)
     Speed:     ev/sec=26053.8   simsec/sec=0.9745   ev/simsec=26735.6
     Messages:  created: 3861299   present: 3399   in FES: 149
** Event #4559616   t=128.554958897152   Elapsed: 162.436s (2m 42s)  25% completed  (12% total)
     Speed:     ev/sec=26403   simsec/sec=1.00635   ev/simsec=26236.5
     Messages:  created: 3907399   present: 3642   in FES: 153
** Event #4610304   t=130.581915018649   Elapsed: 164.436s (2m 44s)  26% completed  (13% total)
     Speed:     ev/sec=25336.7   simsec/sec=1.01319   ev/simsec=25007
     Messages:  created: 3953307   present: 3892   in FES: 170
** Event #4662784   t=132.548663780318   Elapsed: 166.442s (2m 46s)  26% completed  (13% total)
     Speed:     ev/sec=26168.3   simsec/sec=0.980686   ev/simsec=26683.6
     Messages:  created: 4000234   present: 4193   in FES: 168
** Event #4718336   t=133.61506700018   Elapsed: 168.449s (2m 48s)  26% completed  (13% total)
     Speed:     ev/sec=27681   simsec/sec=0.531377   ev/simsec=52092.9
     Messages:  created: 4051435   present: 4318   in FES: 155
** Event #4775936   t=135.530218095675   Elapsed: 170.451s (2m 50s)  27% completed  (13% total)
     Speed:     ev/sec=28771.3   simsec/sec=0.95662   ev/simsec=30076
     Messages:  created: 4104289   present: 4575   in FES: 169
** Event #4829440   t=136.580401540819   Elapsed: 172.458s (2m 52s)  27% completed  (13% total)
     Speed:     ev/sec=26652.6   simsec/sec=0.523141   ev/simsec=50947.3
     Messages:  created: 4154655   present: 4636   in FES: 163
** Event #4888576   t=138.579727425742   Elapsed: 174.467s (2m 54s)  27% completed  (13% total)
     Speed:     ev/sec=29437.6   simsec/sec=0.995253   ev/simsec=29578
     Messages:  created: 4209436   present: 4791   in FES: 144
** Event #4944640   t=140.557791900369   Elapsed: 176.467s (2m 56s)  28% completed  (14% total)
     Speed:     ev/sec=28027.2   simsec/sec=0.988865   ev/simsec=28342.9
     Messages:  created: 4261013   present: 5152   in FES: 153
** Event #5003776   t=142.606315777788   Elapsed: 178.469s (2m 58s)  28% completed  (14% total)
     Speed:     ev/sec=29544.1   simsec/sec=1.02343   ev/simsec=28867.6
     Messages:  created: 4315027   present: 5457   in FES: 185
** Event #5064192   t=145.611130115336   Elapsed: 180.471s (3m 00s)  29% completed  (14% total)
     Speed:     ev/sec=30174.3   simsec/sec=1.50073   ev/simsec=20106.4
     Messages:  created: 4369429   present: 5724   in FES: 150
** Event #5126144   t=148.582022255288   Elapsed: 182.484s (3m 02s)  29% completed  (14% total)
     Speed:     ev/sec=30784   simsec/sec=1.47624   ev/simsec=20853
     Messages:  created: 4424868   present: 5977   in FES: 147
** Event #5189888   t=151.598627573967   Elapsed: 184.484s (3m 04s)  30% completed  (15% total)
     Speed:     ev/sec=31869.7   simsec/sec=1.50819   ev/simsec=21131
     Messages:  created: 4481919   present: 6386   in FES: 154
** Event #5252352   t=154.604220370077   Elapsed: 186.491s (3m 06s)  30% completed  (15% total)
     Speed:     ev/sec=31127.2   simsec/sec=1.49776   ev/simsec=20782.6
     Messages:  created: 4537626   present: 6881   in FES: 182
** Event #5312512   t=157.605841674354   Elapsed: 188.496s (3m 08s)  31% completed  (15% total)
     Speed:     ev/sec=29995.6   simsec/sec=1.4966   ev/simsec=20042.5
     Messages:  created: 4591575   present: 7094   in FES: 153
** Event #5374976   t=160.559238983817   Elapsed: 190.502s (3m 10s)  32% completed  (16% total)
     Speed:     ev/sec=31145.4   simsec/sec=1.4726   ev/simsec=21149.9
     Messages:  created: 4648744   present: 7719   in FES: 216
** Event #5439488   t=163.579869848159   Elapsed: 192.505s (3m 12s)  32% completed  (16% total)
     Speed:     ev/sec=32202.6   simsec/sec=1.50781   ev/simsec=21357.1
     Messages:  created: 4706447   present: 7834   in FES: 145
** Event #5502976   t=166.569475943026   Elapsed: 194.51s (3m 14s)  33% completed  (16% total)
     Speed:     ev/sec=31670.6   simsec/sec=1.49135   ev/simsec=21236.2
     Messages:  created: 4762606   present: 8183   in FES: 147
** Event #5566720   t=169.606484463237   Elapsed: 196.512s (3m 16s)  33% completed  (16% total)
     Speed:     ev/sec=31834   simsec/sec=1.51669   ev/simsec=20989.1
     Messages:  created: 4820746   present: 8559   in FES: 163
** Event #5626880   t=172.555114175755   Elapsed: 198.513s (3m 18s)  34% completed  (17% total)
     Speed:     ev/sec=30062.6   simsec/sec=1.47346   ev/simsec=20402.7
     Messages:  created: 4874575   present: 8949   in FES: 158
** Event #5690368   t=175.549288462413   Elapsed: 200.519s (3m 20s)  35% completed  (17% total)
     Speed:     ev/sec=31647.2   simsec/sec=1.49252   ev/simsec=21203.8
     Messages:  created: 4931947   present: 9334   in FES: 153
** Event #5753344   t=178.58411673439   Elapsed: 202.519s (3m 22s)  35% completed  (17% total)
     Speed:     ev/sec=31487.9   simsec/sec=1.51741   ev/simsec=20751.1
     Messages:  created: 4988579   present: 9729   in FES: 185
** Event #5814528   t=181.579439767811   Elapsed: 204.52s (3m 24s)  36% completed  (18% total)
     Speed:     ev/sec=30588.5   simsec/sec=1.49749   ev/simsec=20426.5
     Messages:  created: 5043344   present: 10023   in FES: 154
** Event #5875968   t=184.040791476859   Elapsed: 206.53s (3m 26s)  36% completed  (18% total)
     Speed:     ev/sec=30556.1   simsec/sec=1.22411   ev/simsec=24961.9
     Messages:  created: 5098706   present: 10273   in FES: 154
** Event #5939200   t=187.095764729497   Elapsed: 208.535s (3m 28s)  37% completed  (18% total)
     Speed:     ev/sec=31548.3   simsec/sec=1.52421   ev/simsec=20698.1
     Messages:  created: 5155021   present: 10571   in FES: 125
** Event #6000128   t=190.546442499893   Elapsed: 210.537s (3m 30s)  38% completed  (19% total)
     Speed:     ev/sec=30425.7   simsec/sec=1.72317   ev/simsec=17656.8
     Messages:  created: 5209453   present: 11086   in FES: 150
** Event #6062592   t=193.579759626945   Elapsed: 212.545s (3m 32s)  38% completed  (19% total)
     Speed:     ev/sec=31109.8   simsec/sec=1.51073   ev/simsec=20592.6
     Messages:  created: 5266149   present: 11436   in FES: 163
** Event #6128640   t=196.074706667585   Elapsed: 214.55s (3m 34s)  39% completed  (19% total)
     Speed:     ev/sec=32946.3   simsec/sec=1.24454   ev/simsec=26472.7
     Messages:  created: 5326074   present: 11697   in FES: 138
** Event #6191104   t=199.543718251191   Elapsed: 216.551s (3m 36s)  39% completed  (19% total)
     Speed:     ev/sec=31215.7   simsec/sec=1.7336   ev/simsec=18006.3
     Messages:  created: 5382058   present: 12124   in FES: 153
** Event #6252288   t=202.595057014607   Elapsed: 218.553s (3m 38s)  40% completed  (20% total)
     Speed:     ev/sec=30562.8   simsec/sec=1.52421   ev/simsec=20051.5
     Messages:  created: 5437985   present: 12514   in FES: 152
** Event #6310912   t=205.607929932807   Elapsed: 220.567s (3m 40s)  41% completed  (20% total)
     Speed:     ev/sec=29108.9   simsec/sec=1.496   ev/simsec=19457.8
     Messages:  created: 5491195   present: 12881   in FES: 154
** Event #6368000   t=208.55470571278   Elapsed: 222.568s (3m 42s)  41% completed  (20% total)
     Speed:     ev/sec=28522.7   simsec/sec=1.47229   ev/simsec=19373
     Messages:  created: 5544438   present: 13261   in FES: 154
** Event #6428672   t=211.581412064272   Elapsed: 224.574s (3m 44s)  42% completed  (21% total)
     Speed:     ev/sec=30243.1   simsec/sec=1.50872   ev/simsec=20045.6
     Messages:  created: 5602685   present: 13576   in FES: 143
** Event #6489088   t=214.550491667538   Elapsed: 226.58s (3m 46s)  42% completed  (21% total)
     Speed:     ev/sec=30127.1   simsec/sec=1.48057   ev/simsec=20348.4
     Messages:  created: 5661185   present: 13994   in FES: 154
** Event #6550784   t=217.588901006943   Elapsed: 228.589s (3m 48s)  43% completed  (21% total)
     Speed:     ev/sec=30710.6   simsec/sec=1.51244   ev/simsec=20305.4
     Messages:  created: 5722550   present: 14316   in FES: 153
** Event #6615808   t=221.598002680565   Elapsed: 230.596s (3m 50s)  44% completed  (22% total)
     Speed:     ev/sec=32387.2   simsec/sec=1.99686   ev/simsec=16219.1
     Messages:  created: 5786964   present: 14790   in FES: 148
** Event #6683136   t=226.586959915556   Elapsed: 232.597s (3m 52s)  45% completed  (22% total)
     Speed:     ev/sec=33645.9   simsec/sec=2.49314   ev/simsec=13495.4
     Messages:  created: 5852993   present: 15418   in FES: 156
** Event #6753280   t=231.590900261967   Elapsed: 234.6s (3m 54s)  46% completed  (23% total)
     Speed:     ev/sec=35031.5   simsec/sec=2.49908   ev/simsec=14017.8
     Messages:  created: 5921890   present: 16005   in FES: 164
** Event #6821888   t=237.596482593081   Elapsed: 236.603s (3m 56s)  47% completed  (23% total)
     Speed:     ev/sec=34241.4   simsec/sec=2.99731   ev/simsec=11424
     Messages:  created: 5987839   present: 6565   in FES: 163
** Event #6884608   t=242.586970436291   Elapsed: 238.607s (3m 58s)  48% completed  (24% total)
     Speed:     ev/sec=31306.1   simsec/sec=2.49095   ev/simsec=12567.9
     Messages:  created: 6049089   present: 2066   in FES: 193
** Event #6953984   t=248.025417583449   Elapsed: 240.611s (4m 00s)  49% completed  (24% total)
     Speed:     ev/sec=34621.1   simsec/sec=2.71398   ev/simsec=12756.6
     Messages:  created: 6116830   present: 2606   in FES: 150
** Event #7023360   t=253.610277033601   Elapsed: 242.616s (4m 02s)  50% completed  (25% total)
     Speed:     ev/sec=34602.9   simsec/sec=2.78558   ev/simsec=12422.2
     Messages:  created: 6183682   present: 3298   in FES: 154
** Event #7091968   t=259.522904974878   Elapsed: 244.619s (4m 04s)  51% completed  (25% total)
     Speed:     ev/sec=34248   simsec/sec=2.95149   ev/simsec=11603.6
     Messages:  created: 6250012   present: 3944   in FES: 134
** Event #7159808   t=264.582977191359   Elapsed: 246.628s (4m 06s)  52% completed  (26% total)
     Speed:     ev/sec=33768   simsec/sec=2.5187   ev/simsec=13406.9
     Messages:  created: 6316362   present: 4634   in FES: 154
** Event #7231744   t=270.586219654362   Elapsed: 248.633s (4m 08s)  54% completed  (27% total)
     Speed:     ev/sec=35880.8   simsec/sec=2.99435   ev/simsec=11982.9
     Messages:  created: 6385882   present: 5264   in FES: 131
** Event #7304960   t=276.554403783775   Elapsed: 250.639s (4m 10s)  55% completed  (27% total)
     Speed:     ev/sec=36491.6   simsec/sec=2.9746   ev/simsec=12267.7
     Messages:  created: 6456749   present: 6024   in FES: 153
** Event #7377408   t=282.586177801946   Elapsed: 252.64s (4m 12s)  56% completed  (28% total)
     Speed:     ev/sec=36205.2   simsec/sec=3.01432   ev/simsec=12011.1
     Messages:  created: 6527224   present: 6687   in FES: 128
** Event #7448832   t=288.073694681221   Elapsed: 254.646s (4m 14s)  57% completed  (28% total)
     Speed:     ev/sec=35599.6   simsec/sec=2.73512   ev/simsec=13015.7
     Messages:  created: 6597505   present: 7430   in FES: 153
** Event #7521792   t=294.556263985242   Elapsed: 256.653s (4m 16s)  58% completed  (29% total)
     Speed:     ev/sec=36361.6   simsec/sec=3.23077   ev/simsec=11254.8
     Messages:  created: 6667854   present: 8206   in FES: 154
** Event #7589632   t=299.580945583387   Elapsed: 258.656s (4m 18s)  59% completed  (29% total)
     Speed:     ev/sec=33864.8   simsec/sec=2.50825   ev/simsec=13501.4
     Messages:  created: 6734982   present: 8791   in FES: 142
** Event #7661568   t=305.59917240369   Elapsed: 260.658s (4m 20s)  61% completed  (30% total)
     Speed:     ev/sec=35934.6   simsec/sec=3.00632   ev/simsec=11953
     Messages:  created: 6804942   present: 9579   in FES: 157
** Event #7728896   t=311.077188733932   Elapsed: 262.664s (4m 22s)  62% completed  (31% total)
     Speed:     ev/sec=33562.3   simsec/sec=2.73074   ev/simsec=12290.6
     Messages:  created: 6870384   present: 10103   in FES: 123
** Event #7796224   t=316.145355090965   Elapsed: 264.667s (4m 24s)  63% completed  (31% total)
     Speed:     ev/sec=33619.4   simsec/sec=2.53073   ev/simsec=13284.5
     Messages:  created: 6935642   present: 10701   in FES: 123
** Event #7869440   t=322.573733376854   Elapsed: 266.671s (4m 26s)  64% completed  (32% total)
     Speed:     ev/sec=36536.4   simsec/sec=3.2079   ev/simsec=11389.5
     Messages:  created: 7006818   present: 11560   in FES: 154
** Event #7939328   t=327.592028623563   Elapsed: 268.672s (4m 28s)  65% completed  (32% total)
     Speed:     ev/sec=34929.8   simsec/sec=2.50813   ev/simsec=13926.6
     Messages:  created: 7075309   present: 12146   in FES: 131
** Event #8015104   t=334.538810702408   Elapsed: 270.677s (4m 30s)  66% completed  (33% total)
     Speed:     ev/sec=37790.5   simsec/sec=3.46445   ev/simsec=10908.1
     Messages:  created: 7148929   present: 12978   in FES: 154
** Event #8083456   t=337.074657055395   Elapsed: 272.68s (4m 32s)  67% completed  (33% total)
     Speed:     ev/sec=34116.3   simsec/sec=1.26571   ev/simsec=26954.3
     Messages:  created: 7226926   present: 13211   in FES: 154
** Event #8157440   t=340.059957202788   Elapsed: 274.687s (4m 34s)  68% completed  (34% total)
     Speed:     ev/sec=36864.4   simsec/sec=1.4875   ev/simsec=24782.8
     Messages:  created: 7312085   present: 13397   in FES: 140
** Event #8228352   t=343.168807524842   Elapsed: 276.692s (4m 36s)  68% completed  (34% total)
     Speed:     ev/sec=35377.5   simsec/sec=1.55098   ev/simsec=22809.7
     Messages:  created: 7393698   present: 13658   in FES: 154
** Event #8299520   t=346.541641135027   Elapsed: 278.7s (4m 38s)  69% completed  (34% total)
     Speed:     ev/sec=35429.7   simsec/sec=1.6791   ev/simsec=21100.4
     Messages:  created: 7475734   present: 13912   in FES: 137
** Event #8369920   t=349.539557845774   Elapsed: 280.701s (4m 40s)  69% completed  (34% total)
     Speed:     ev/sec=35195.8   simsec/sec=1.49878   ev/simsec=23483
     Messages:  created: 7555940   present: 14217   in FES: 150
** Event #8440832   t=352.530974946765   Elapsed: 282.705s (4m 42s)  70% completed  (35% total)
     Speed:     ev/sec=35373.6   simsec/sec=1.49223   ev/simsec=23705.2
     Messages:  created: 7636607   present: 14434   in FES: 155
** Event #8509440   t=355.547692562329   Elapsed: 284.711s (4m 44s)  71% completed  (35% total)
     Speed:     ev/sec=34208.1   simsec/sec=1.50414   ev/simsec=22742.6
     Messages:  created: 7714832   present: 14783   in FES: 188
** Event #8578048   t=358.574270574852   Elapsed: 286.712s (4m 46s)  71% completed  (35% total)
     Speed:     ev/sec=34287.8   simsec/sec=1.51258   ev/simsec=22668.5
     Messages:  created: 7793254   present: 14913   in FES: 168
** Event #8644864   t=361.550158173806   Elapsed: 288.719s (4m 48s)  72% completed  (36% total)
     Speed:     ev/sec=33284.2   simsec/sec=1.48243   ev/simsec=22452.5
     Messages:  created: 7869678   present: 15176   in FES: 172
** Event #8717056   t=364.550882877242   Elapsed: 290.725s (4m 50s)  72% completed  (36% total)
     Speed:     ev/sec=35995.1   simsec/sec=1.49617   ev/simsec=24058.2
     Messages:  created: 7951566   present: 9287   in FES: 163
** Event #8783104   t=367.523573621957   Elapsed: 292.725s (4m 52s)  73% completed  (36% total)
     Speed:     ev/sec=33017.2   simsec/sec=1.48604   ev/simsec=22218.3
     Messages:  created: 8027914   present: 5425   in FES: 153
** Event #8848384   t=370.349697523037   Elapsed: 294.727s (4m 54s)  74% completed  (37% total)
     Speed:     ev/sec=32615.4   simsec/sec=1.412   ev/simsec=23098.8
     Messages:  created: 8104007   present: 5554   in FES: 140
** Event #8918784   t=373.087680894291   Elapsed: 296.73s (4m 56s)  74% completed  (37% total)
     Speed:     ev/sec=35146.3   simsec/sec=1.3669   ev/simsec=25712.4
     Messages:  created: 8185251   present: 5841   in FES: 150
** Event #8985344   t=375.611728694358   Elapsed: 298.733s (4m 58s)  75% completed  (37% total)
     Speed:     ev/sec=33226.2   simsec/sec=1.25998   ev/simsec=26370.3
     Messages:  created: 8262152   present: 6029   in FES: 149
** Event #9056256   t=378.60039097898   Elapsed: 300.737s (5m 00s)  75% completed  (37% total)
     Speed:     ev/sec=35380.6   simsec/sec=1.49115   ev/simsec=23727
     Messages:  created: 8345036   present: 6289   in FES: 154
** Event #9126656   t=381.585407849168   Elapsed: 302.744s (5m 02s)  76% completed  (38% total)
     Speed:     ev/sec=35075.2   simsec/sec=1.48722   ev/simsec=23584.5
     Messages:  created: 8428126   present: 6440   in FES: 125
** Event #9195776   t=384.325478931648   Elapsed: 304.745s (5m 04s)  76% completed  (38% total)
     Speed:     ev/sec=34550   simsec/sec=1.36964   ev/simsec=25225.6
     Messages:  created: 8508538   present: 6665   in FES: 125
** Event #9264384   t=389.599880146767   Elapsed: 306.751s (5m 06s)  77% completed  (38% total)
     Speed:     ev/sec=34194.7   simsec/sec=2.6288   ev/simsec=13007.7
     Messages:  created: 8576378   present: 6939   in FES: 140
** Event #9331712   t=395.08768261248   Elapsed: 308.755s (5m 08s)  79% completed  (39% total)
     Speed:     ev/sec=33602.8   simsec/sec=2.73892   ev/simsec=12268.7
     Messages:  created: 8641703   present: 3780   in FES: 144
** Event #9395968   t=400.095818836314   Elapsed: 310.762s (5m 10s)  80% completed  (40% total)
     Speed:     ev/sec=32012   simsec/sec=2.49503   ev/simsec=12830.3
     Messages:  created: 8704778   present: 4401   in FES: 152
** Event #9463552   t=406.037380842981   Elapsed: 312.765s (5m 12s)  81% completed  (40% total)
     Speed:     ev/sec=33751.3   simsec/sec=2.9672   ev/simsec=11374.8
     Messages:  created: 8770135   present: 5088   in FES: 154
** Event #9531904   t=411.523532885016   Elapsed: 314.767s (5m 14s)  82% completed  (41% total)
     Speed:     ev/sec=34132   simsec/sec=2.73954   ev/simsec=12459
     Messages:  created: 8836444   present: 5753   in FES: 142
** Event #9594624   t=414.578160008039   Elapsed: 316.774s (5m 16s)  82% completed  (41% total)
     Speed:     ev/sec=31261   simsec/sec=1.52249   ev/simsec=20532.8
     Messages:  created: 8896856   present: 6231   in FES: 159
** Event #9657344   t=416.586897996619   Elapsed: 318.776s (5m 18s)  83% completed  (41% total)
     Speed:     ev/sec=31316.3   simsec/sec=1.00297   ev/simsec=31223.6
     Messages:  created: 8955327   present: 6352   in FES: 142
** Event #9715200   t=418.574214600721   Elapsed: 320.784s (5m 20s)  83% completed  (41% total)
     Speed:     ev/sec=28811.7   simsec/sec=0.989662   ev/simsec=29112.6
     Messages:  created: 9007993   present: 6626   in FES: 154
** Event #9774080   t=420.599261522136   Elapsed: 322.787s (5m 22s)  84% completed  (42% total)
     Speed:     ev/sec=29405.5   simsec/sec=1.01134   ev/simsec=29075.9
     Messages:  created: 9060965   present: 6958   in FES: 150
** Event #9833728   t=423.587825447087   Elapsed: 324.792s (5m 24s)  84% completed  (42% total)
     Speed:     ev/sec=29747.3   simsec/sec=1.49044   ev/simsec=19958.7
     Messages:  created: 9114528   present: 7249   in FES: 149
** Event #9893120   t=426.059958281912   Elapsed: 326.796s (5m 26s)  85% completed  (42% total)
     Speed:     ev/sec=29634.7   simsec/sec=1.23351   ev/simsec=24024.6
     Messages:  created: 9168961   present: 7445   in FES: 129
** Event #9953024   t=429.575137009839   Elapsed: 328.801s (5m 28s)  85% completed  (42% total)
     Speed:     ev/sec=29873.9   simsec/sec=1.75301   ev/simsec=17041.5
     Messages:  created: 9222807   present: 7958   in FES: 149
** Event #10016256   t=432.601592212537   Elapsed: 330.808s (5m 30s)  86% completed  (43% total)
     Speed:     ev/sec=31505.6   simsec/sec=1.50794   ev/simsec=20893.1
     Messages:  created: 9279496   present: 8340   in FES: 136
** Event #10077184   t=436.095764729497   Elapsed: 332.815s (5m 32s)  87% completed  (43% total)
     Speed:     ev/sec=30366   simsec/sec=1.74146   ev/simsec=17437
     Messages:  created: 9334285   present: 8635   in FES: 124
** Event #10138624   t=439.573282328118   Elapsed: 334.816s (5m 34s)  87% completed  (43% total)
     Speed:     ev/sec=30695.4   simsec/sec=1.73737   ev/simsec=17667.8
     Messages:  created: 9389425   present: 9180   in FES: 168
** Event #10198528   t=442.575508052247   Elapsed: 336.823s (5m 36s)  88% completed  (44% total)
     Speed:     ev/sec=29849.9   simsec/sec=1.496   ev/simsec=19953.2
     Messages:  created: 9443854   present: 9435   in FES: 126
** Event #10257408   t=445.58182777211   Elapsed: 338.831s (5m 38s)  89% completed  (44% total)
     Speed:     ev/sec=29327.1   simsec/sec=1.49739   ev/simsec=19585.4
     Messages:  created: 9497098   present: 10038   in FES: 155
** Event #10318336   t=448.603970276638   Elapsed: 340.838s (5m 40s)  89% completed  (44% total)
     Speed:     ev/sec=30351.5   simsec/sec=1.50549   ev/simsec=20160.5
     Messages:  created: 9552833   present: 10329   in FES: 151
** Event #10382336   t=452.583511531911   Elapsed: 342.843s (5m 42s)  90% completed  (45% total)
     Speed:     ev/sec=31927.7   simsec/sec=1.98528   ev/simsec=16082.3
     Messages:  created: 9610567   present: 10789   in FES: 192
** Event #10443008   t=455.577941942043   Elapsed: 344.843s (5m 44s)  91% completed  (45% total)
     Speed:     ev/sec=30331.5   simsec/sec=1.49699   ev/simsec=20261.6
     Messages:  created: 9665739   present: 11175   in FES: 173
** Event #10501120   t=458.059955165719   Elapsed: 346.854s (5m 46s)  91% completed  (45% total)
     Speed:     ev/sec=28902.6   simsec/sec=1.23445   ev/simsec=23413.3
     Messages:  created: 9719495   present: 11325   in FES: 143
** Event #10561280   t=461.58271740118   Elapsed: 348.855s (5m 48s)  92% completed  (46% total)
     Speed:     ev/sec=30059.2   simsec/sec=1.76016   ev/simsec=17077.5
     Messages:  created: 9773045   present: 11894   in FES: 155
** Event #10622208   t=464.605333488397   Elapsed: 350.856s (5m 50s)  92% completed  (46% total)
     Speed:     ev/sec=30445.1   simsec/sec=1.51037   ev/simsec=20157.4
     Messages:  created: 9828075   present: 12240   in FES: 150
** Event #10683136   t=467.597654611064   Elapsed: 352.865s (5m 52s)  93% completed  (46% total)
     Speed:     ev/sec=30334.8   simsec/sec=1.48981   ev/simsec=20361.5
     Messages:  created: 9882825   present: 12574   in FES: 149
** Event #10742784   t=470.507065997205   Elapsed: 354.873s (5m 54s)  94% completed  (47% total)
     Speed:     ev/sec=29703.5   simsec/sec=1.44883   ev/simsec=20501.7
     Messages:  created: 9936067   present: 12939   in FES: 185
** Event #10805504   t=473.551021876206   Elapsed: 356.879s (5m 56s)  94% completed  (47% total)
     Speed:     ev/sec=31272.8   simsec/sec=1.51775   ev/simsec=20604.8
     Messages:  created: 9992565   present: 13198   in FES: 128
** Event #10865920   t=476.584540117652   Elapsed: 358.881s (5m 58s)  95% completed  (47% total)
     Speed:     ev/sec=30171   simsec/sec=1.5149   ev/simsec=19916.1
     Messages:  created: 10046826   present: 13625   in FES: 168
** Event #10925056   t=479.577597881555   Elapsed: 360.889s (6m 00s)  95% completed  (47% total)
     Speed:     ev/sec=29449.2   simsec/sec=1.49052   ev/simsec=19757.7
     Messages:  created: 10100342   present: 14048   in FES: 190
** Event #10989312   t=483.58766789817   Elapsed: 362.894s (6m 02s)  96% completed  (48% total)
     Speed:     ev/sec=32055.8   simsec/sec=2.00053   ev/simsec=16023.7
     Messages:  created: 10160578   present: 14463   in FES: 158
** Event #11051776   t=487.574327129012   Elapsed: 364.895s (6m 04s)  97% completed  (48% total)
     Speed:     ev/sec=31216.4   simsec/sec=1.99234   ev/simsec=15668.3
     Messages:  created: 10221953   present: 14875   in FES: 157
** Event #11110912   t=489.557643542678   Elapsed: 366.897s (6m 06s)  97% completed  (48% total)
     Speed:     ev/sec=29533.7   simsec/sec=0.990509   ev/simsec=29816.7
     Messages:  created: 10281329   present: 15146   in FES: 156
** Event #11168000   t=490.603413203507   Elapsed: 368.9s (6m 08s)  98% completed  (49% total)
     Speed:     ev/sec=28498.8   simsec/sec=0.522058   ev/simsec=54589.5
     Messages:  created: 10339279   present: 14813   in FES: 163
** Event #11219968   t=492.520093970452   Elapsed: 370.903s (6m 10s)  98% completed  (49% total)
     Speed:     ev/sec=25944.1   simsec/sec=0.956868   ev/simsec=27113.5
     Messages:  created: 10387649   present: 11016   in FES: 175
** Event #11278336   t=493.61192454862   Elapsed: 372.909s (6m 12s)  98% completed  (49% total)
     Speed:     ev/sec=29101.4   simsec/sec=0.54437   ev/simsec=53458.8
     Messages:  created: 10442251   present: 8962   in FES: 161
** Event #11332864   t=495.589425264534   Elapsed: 374.912s (6m 14s)  99% completed  (49% total)
     Speed:     ev/sec=27225.8   simsec/sec=0.987366   ev/simsec=27574.2
     Messages:  created: 10491194   present: 5662   in FES: 151
** Event #11390976   t=497.584578927498   Elapsed: 376.914s (6m 16s)  99% completed  (49% total)
     Speed:     ev/sec=29021.1   simsec/sec=0.996379   ev/simsec=29126.6
     Messages:  created: 10543947   present: 5852   in FES: 153
** Event #11434101   t=500   Elapsed: 378.383s (6m 18s)  100% completed  (50% total)
     Speed:     ev/sec=29364.4   simsec/sec=1.63779   ev/simsec=17929.2
     Messages:  created: 10582115   present: 6038   in FES: 122

<!> Simulation time limit reached -- at t=500s, event #11434101
undisposed object: (omnetpp::cMessage) FanetSarNetwork.groundStation.app.debugTimer -- check module destructor
undisposed object: (omnetpp::cMessage) FanetSarNetwork.uav[0].app.debugTimer -- check module destructor
undisposed object: (omnetpp::cMessage) FanetSarNetwork.uav[1].app.debugTimer -- check module destructor
undisposed object: (omnetpp::cMessage) FanetSarNetwork.uav[2].app.debugTimer -- check module destructor
undisposed object: (omnetpp::cMessage) FanetSarNetwork.uav[3].app.debugTimer -- check module destructor
undisposed object: (omnetpp::cMessage) FanetSarNetwork.uav[4].app.debugTimer -- check module destructor
undisposed object: (omnetpp::cMessage) FanetSarNetwork.uav[5].app.debugTimer -- check module destructor
undisposed object: (omnetpp::cMessage) FanetSarNetwork.uav[6].app.debugTimer -- check module destructor
undisposed object: (omnetpp::cMessage) FanetSarNetwork.uav[7].app.debugTimer -- check module destructor
undisposed object: (omnetpp::cMessage) FanetSarNetwork.uav[8].app.debugTimer -- check module destructor
undisposed object: (omnetpp::cMessage) FanetSarNetwork.uav[9].app.debugTimer -- check module destructor
undisposed object: (omnetpp::cMessage) FanetSarNetwork.uav[10].app.debugTimer -- check module destructor
undisposed object: (omnetpp::cMessage) FanetSarNetwork.uav[11].app.debugTimer -- check module destructor
undisposed object: (omnetpp::cMessage) FanetSarNetwork.uav[12].app.debugTimer -- check module destructor
undisposed object: (omnetpp::cMessage) FanetSarNetwork.uav[13].app.debugTimer -- check module destructor
undisposed object: (omnetpp::cMessage) FanetSarNetwork.uav[14].app.debugTimer -- check module destructor
undisposed object: (omnetpp::cMessage) FanetSarNetwork.uav[15].app.debugTimer -- check module destructor
undisposed object: (omnetpp::cMessage) FanetSarNetwork.uav[16].app.debugTimer -- check module destructor
undisposed object: (omnetpp::cMessage) FanetSarNetwork.uav[17].app.debugTimer -- check module destructor
undisposed object: (omnetpp::cMessage) FanetSarNetwork.uav[18].app.debugTimer -- check module destructor
undisposed object: (omnetpp::cMessage) FanetSarNetwork.uav[19].app.debugTimer -- check module destructor
undisposed object: (omnetpp::cMessage) FanetSarNetwork.uav[20].app.debugTimer -- check module destructor
undisposed object: (omnetpp::cMessage) FanetSarNetwork.uav[21].app.debugTimer -- check module destructor
undisposed object: (omnetpp::cMessage) FanetSarNetwork.uav[22].app.debugTimer -- check module destructor
undisposed object: (omnetpp::cMessage) FanetSarNetwork.uav[23].app.debugTimer -- check module destructor
undisposed object: (omnetpp::cMessage) FanetSarNetwork.uav[24].app.debugTimer -- check module destructor
undisposed object: (omnetpp::cMessage) FanetSarNetwork.uav[25].app.debugTimer -- check module destructor
undisposed object: (omnetpp::cMessage) FanetSarNetwork.uav[26].app.debugTimer -- check module destructor
undisposed object: (omnetpp::cMessage) FanetSarNetwork.uav[27].app.debugTimer -- check module destructor
undisposed object: (omnetpp::cMessage) FanetSarNetwork.uav[28].app.debugTimer -- check module destructor
undisposed object: (omnetpp::cMessage) FanetSarNetwork.uav[29].app.debugTimer -- check module destructor
