** Event #0   t=0   Elapsed: 8e-06s (0m 00s)  0% completed  (50% total)
     Speed:     ev/sec=0   simsec/sec=0   ev/simsec=0
     Messages:  created: 418   present: 418   in FES: 66
** Event #69632   t=55.061228386158   Elapsed: 2.00003s (0m 02s)  11% completed  (55% total)
     Speed:     ev/sec=34816.1   simsec/sec=27.5303   ev/simsec=1264.65
     Messages:  created: 53412   present: 430   in FES: 53
** Event #145920   t=125.582652895613   Elapsed: 4.00485s (0m 04s)  25% completed  (62% total)
     Speed:     ev/sec=38052.3   simsec/sec=35.176   ev/simsec=1081.77
     Messages:  created: 115428   present: 1114   in FES: 53
** Event #221952   t=186.738411189988   Elapsed: 6.00744s (0m 06s)  37% completed  (68% total)
     Speed:     ev/sec=37966.8   simsec/sec=30.5383   ev/simsec=1243.25
     Messages:  created: 172746   present: 3532   in FES: 43
** Event #289536   t=232.808993734152   Elapsed: 8.01187s (0m 08s)  46% completed  (73% total)
     Speed:     ev/sec=33717.5   simsec/sec=22.9845   ev/simsec=1466.97
     Messages:  created: 224178   present: 5426   in FES: 71
** Event #358912   t=281.088048757179   Elapsed: 10.0165s (0m 10s)  56% completed  (78% total)
     Speed:     ev/sec=34607.7   simsec/sec=24.0836   ev/simsec=1436.98
     Messages:  created: 273908   present: 2267   in FES: 52
** Event #429056   t=329.584974340127   Elapsed: 12.0265s (0m 12s)  65% completed  (82% total)
     Speed:     ev/sec=34897.1   simsec/sec=24.1276   ev/simsec=1446.36
     Messages:  created: 323598   present: 4204   in FES: 49
** Event #503808   t=388.073898240218   Elapsed: 14.0294s (0m 14s)  77% completed  (88% total)
     Speed:     ev/sec=37322.8   simsec/sec=29.2028   ev/simsec=1278.05
     Messages:  created: 380770   present: 1466   in FES: 52
** Event #582656   t=453.576850540679   Elapsed: 16.0317s (0m 16s)  90% completed  (95% total)
     Speed:     ev/sec=39378.8   simsec/sec=32.714   ev/simsec=1203.73
     Messages:  created: 441036   present: 4092   in FES: 54
** Event #635952   t=500   Elapsed: 17.4526s (0m 17s)  100% completed  (100% total)
     Speed:     ev/sec=37508.1   simsec/sec=32.6636   ev/simsec=1148.31
     Messages:  created: 482585   present: 838   in FES: 42

<!> Simulation time limit reached -- at t=500s, event #635952
undisposed object: (omnetpp::cMessage) FanetSarNetwork.groundStation.app.debugTimer -- check module destructor
undisposed object: (omnetpp::cMessage) FanetSarNetwork.uav[0].app.debugTimer -- check module destructor
undisposed object: (omnetpp::cMessage) FanetSarNetwork.uav[1].app.debugTimer -- check module destructor
undisposed object: (omnetpp::cMessage) FanetSarNetwork.uav[2].app.debugTimer -- check module destructor
undisposed object: (omnetpp::cMessage) FanetSarNetwork.uav[3].app.debugTimer -- check module destructor
undisposed object: (omnetpp::cMessage) FanetSarNetwork.uav[4].app.debugTimer -- check module destructor
undisposed object: (omnetpp::cMessage) FanetSarNetwork.uav[5].app.debugTimer -- check module destructor
undisposed object: (omnetpp::cMessage) FanetSarNetwork.uav[6].app.debugTimer -- check module destructor
undisposed object: (omnetpp::cMessage) FanetSarNetwork.uav[7].app.debugTimer -- check module destructor
undisposed object: (omnetpp::cMessage) FanetSarNetwork.uav[8].app.debugTimer -- check module destructor
undisposed object: (omnetpp::cMessage) FanetSarNetwork.uav[9].app.debugTimer -- check module destructor
