** Event #0   t=0   Elapsed: 9e-06s (0m 00s)  0% completed  (50% total)
     Speed:     ev/sec=0   simsec/sec=0   ev/simsec=0
     Messages:  created: 1178   present: 1178   in FES: 186
** Event #37376   t=3.508928243988   Elapsed: 2.01358s (0m 02s)  0% completed  (50% total)
     Speed:     ev/sec=18562.5   simsec/sec=1.74264   ev/simsec=10652
     Messages:  created: 30843   present: 1305   in FES: 185
** Event #62720   t=5.600011571065   Elapsed: 4.01875s (0m 04s)  1% completed  (50% total)
     Speed:     ev/sec=12639.3   simsec/sec=1.04284   ev/simsec=12120
     Messages:  created: 50728   present: 1192   in FES: 147
** Event #93696   t=8.560996695625   Elapsed: 6.02968s (0m 06s)  1% completed  (50% total)
     Speed:     ev/sec=15403.9   simsec/sec=1.47245   ev/simsec=10461.4
     Messages:  created: 74826   present: 1126   in FES: 123
** Event #125440   t=11.577777102728   Elapsed: 8.04262s (0m 08s)  2% completed  (51% total)
     Speed:     ev/sec=15769.9   simsec/sec=1.49869   ev/simsec=10522.5
     Messages:  created: 99704   present: 1151   in FES: 134
** Event #156160   t=14.596854672523   Elapsed: 10.0683s (0m 10s)  2% completed  (51% total)
     Speed:     ev/sec=15165.4   simsec/sec=1.49042   ev/simsec=10175.3
     Messages:  created: 124081   present: 1188   in FES: 146
** Event #190720   t=18.597855174303   Elapsed: 12.0776s (0m 12s)  3% completed  (51% total)
     Speed:     ev/sec=17200.3   simsec/sec=1.99127   ev/simsec=8637.84
     Messages:  created: 153820   present: 1121   in FES: 124
** Event #238080   t=24.596991587082   Elapsed: 14.078s (0m 14s)  4% completed  (52% total)
     Speed:     ev/sec=23674.9   simsec/sec=2.99892   ev/simsec=7894.47
     Messages:  created: 196722   present: 1187   in FES: 146
** Event #294144   t=32.045865930556   Elapsed: 16.0844s (0m 16s)  6% completed  (53% total)
     Speed:     ev/sec=27942.8   simsec/sec=3.71259   ev/simsec=7526.51
     Messages:  created: 248500   present: 1138   in FES: 129
** Event #357120   t=40.095611561911   Elapsed: 18.0859s (0m 18s)  8% completed  (54% total)
     Speed:     ev/sec=31463.2   simsec/sec=4.0217   ev/simsec=7823.35
     Messages:  created: 307026   present: 1196   in FES: 147
** Event #417792   t=48.091914135992   Elapsed: 20.089s (0m 20s)  9% completed  (54% total)
     Speed:     ev/sec=30290.1   simsec/sec=3.99211   ev/simsec=7587.51
     Messages:  created: 363558   present: 1155   in FES: 134
** Event #473088   t=55.507026761418   Elapsed: 22.0985s (0m 22s)  11% completed  (55% total)
     Speed:     ev/sec=27516.6   simsec/sec=3.68994   ev/simsec=7457.2
     Messages:  created: 414083   present: 1176   in FES: 143
** Event #521984   t=61.034812355533   Elapsed: 24.0998s (0m 24s)  12% completed  (56% total)
     Speed:     ev/sec=24432.5   simsec/sec=2.76214   ev/simsec=8845.5
     Messages:  created: 456884   present: 1206   in FES: 149
** Event #563968   t=65.575707273805   Elapsed: 26.1093s (0m 26s)  13% completed  (56% total)
     Speed:     ev/sec=20893.2   simsec/sec=2.25976   ev/simsec=9245.75
     Messages:  created: 492545   present: 1214   in FES: 154
** Event #609024   t=70.555971694698   Elapsed: 28.1255s (0m 28s)  14% completed  (57% total)
     Speed:     ev/sec=22346.8   simsec/sec=2.47011   ev/simsec=9046.91
     Messages:  created: 530956   present: 1173   in FES: 136
** Event #653312   t=75.521734512868   Elapsed: 30.1345s (0m 30s)  15% completed  (57% total)
     Speed:     ev/sec=22044.3   simsec/sec=2.4717   ev/simsec=8918.67
     Messages:  created: 568554   present: 1180   in FES: 137
** Event #698112   t=80.51307941625   Elapsed: 32.1456s (0m 32s)  16% completed  (58% total)
     Speed:     ev/sec=22276.2   simsec/sec=2.48188   ev/simsec=8975.54
     Messages:  created: 606216   present: 1209   in FES: 152
** Event #739584   t=85.024507708083   Elapsed: 34.1506s (0m 34s)  17% completed  (58% total)
     Speed:     ev/sec=20684.8   simsec/sec=2.25015   ev/simsec=9192.65
     Messages:  created: 641072   present: 1141   in FES: 130
** Event #783360   t=89.582622698995   Elapsed: 36.1601s (0m 36s)  17% completed  (58% total)
     Speed:     ev/sec=21783.8   simsec/sec=2.26821   ev/simsec=9603.97
     Messages:  created: 677934   present: 1191   in FES: 146
** Event #827136   t=94.545861126049   Elapsed: 38.1645s (0m 38s)  18% completed  (59% total)
     Speed:     ev/sec=21840.9   simsec/sec=2.47628   ev/simsec=8820.05
     Messages:  created: 714808   present: 1157   in FES: 136
** Event #865536   t=98.858322314445   Elapsed: 40.1679s (0m 40s)  19% completed  (59% total)
     Speed:     ev/sec=19167.3   simsec/sec=2.15256   ev/simsec=8904.43
     Messages:  created: 746964   present: 1116   in FES: 122
** Event #907008   t=102.751767646704   Elapsed: 42.1749s (0m 42s)  20% completed  (60% total)
     Speed:     ev/sec=20663.7   simsec/sec=1.93993   ev/simsec=10651.7
     Messages:  created: 783783   present: 1514   in FES: 198
** Event #953600   t=107.081338759942   Elapsed: 44.175s (0m 44s)  21% completed  (60% total)
     Speed:     ev/sec=23294.5   simsec/sec=2.16464   ev/simsec=10761.3
     Messages:  created: 824825   present: 1979   in FES: 166
** Event #995840   t=111.596879941249   Elapsed: 46.189s (0m 46s)  22% completed  (61% total)
     Speed:     ev/sec=20973.4   simsec/sec=2.2421   ev/simsec=9354.36
     Messages:  created: 859338   present: 1545   in FES: 139
** Event #1040384   t=116.546536340688   Elapsed: 48.2013s (0m 48s)  23% completed  (61% total)
     Speed:     ev/sec=22135.4   simsec/sec=2.45965   ev/simsec=8999.41
     Messages:  created: 895732   present: 2163   in FES: 147
** Event #1080064   t=120.869261838311   Elapsed: 50.2047s (0m 50s)  24% completed  (62% total)
     Speed:     ev/sec=19806.5   simsec/sec=2.15772   ev/simsec=9179.39
     Messages:  created: 928097   present: 2604   in FES: 122
** Event #1122560   t=125.511297487682   Elapsed: 52.22s (0m 52s)  25% completed  (62% total)
     Speed:     ev/sec=21086.4   simsec/sec=2.30336   ev/simsec=9154.6
     Messages:  created: 962842   present: 3188   in FES: 130
** Event #1162496   t=129.582622630144   Elapsed: 54.2308s (0m 54s)  25% completed  (62% total)
     Speed:     ev/sec=19860.7   simsec/sec=2.02472   ev/simsec=9809.09
     Messages:  created: 995637   present: 3732   in FES: 149
** Event #1212672   t=133.509571744779   Elapsed: 56.251s (0m 56s)  26% completed  (63% total)
     Speed:     ev/sec=24837   simsec/sec=1.94383   ev/simsec=12777.3
     Messages:  created: 1045614   present: 4085   in FES: 124
** Event #1272320   t=136.525750389324   Elapsed: 58.2641s (0m 58s)  27% completed  (63% total)
     Speed:     ev/sec=29630.7   simsec/sec=1.49831   ev/simsec=19776
     Messages:  created: 1114564   present: 4355   in FES: 147
** Event #1334528   t=140.109042545701   Elapsed: 60.2675s (1m 00s)  28% completed  (64% total)
     Speed:     ev/sec=31050.9   simsec/sec=1.78859   ev/simsec=17360.6
     Messages:  created: 1185535   present: 4677   in FES: 154
** Event #1404672   t=145.138279855184   Elapsed: 62.2706s (1m 02s)  29% completed  (64% total)
     Speed:     ev/sec=35018   simsec/sec=2.51075   ev/simsec=13947.2
     Messages:  created: 1263727   present: 5105   in FES: 164
** Event #1472000   t=150.065647966729   Elapsed: 64.2711s (1m 04s)  30% completed  (65% total)
     Speed:     ev/sec=33655.4   simsec/sec=2.46305   ev/simsec=13664.1
     Messages:  created: 1338551   present: 5516   in FES: 154
** Event #1537792   t=154.972020804153   Elapsed: 66.2736s (1m 06s)  30% completed  (65% total)
     Speed:     ev/sec=32855   simsec/sec=2.45013   ev/simsec=13409.5
     Messages:  created: 1411722   present: 5930   in FES: 154
** Event #1602816   t=159.570987626921   Elapsed: 68.2764s (1m 08s)  31% completed  (65% total)
     Speed:     ev/sec=32466.1   simsec/sec=2.29624   ev/simsec=14138.8
     Messages:  created: 1483721   present: 6320   in FES: 154
** Event #1666816   t=164.138045628625   Elapsed: 70.2816s (1m 10s)  32% completed  (66% total)
     Speed:     ev/sec=31917   simsec/sec=2.27761   ev/simsec=14013.4
     Messages:  created: 1554651   present: 6694   in FES: 154
** Event #1732096   t=168.607565469599   Elapsed: 72.29s (1m 12s)  33% completed  (66% total)
     Speed:     ev/sec=32504.4   simsec/sec=2.22548   ev/simsec=14605.6
     Messages:  created: 1627776   present: 7074   in FES: 155
** Event #1797120   t=172.507022424269   Elapsed: 74.2942s (1m 14s)  34% completed  (67% total)
     Speed:     ev/sec=32443.9   simsec/sec=1.94565   ev/simsec=16675.1
     Messages:  created: 1703647   present: 7362   in FES: 137
** Event #1864192   t=176.003194548587   Elapsed: 76.2986s (1m 16s)  35% completed  (67% total)
     Speed:     ev/sec=33462.1   simsec/sec=1.74424   ev/simsec=19184.4
     Messages:  created: 1782822   present: 7707   in FES: 154
** Event #1928704   t=183.64161334699   Elapsed: 78.2992s (1m 18s)  36% completed  (68% total)
     Speed:     ev/sec=32246.5   simsec/sec=3.81808   ev/simsec=8445.73
     Messages:  created: 1844222   present: 8493   in FES: 123
** Event #1978112   t=189.553151393923   Elapsed: 80.3002s (1m 20s)  37% completed  (68% total)
     Speed:     ev/sec=24691.6   simsec/sec=2.95428   ev/simsec=8357.89
     Messages:  created: 1887057   present: 9260   in FES: 141
** Event #2021888   t=194.472018230008   Elapsed: 82.3028s (1m 22s)  38% completed  (69% total)
     Speed:     ev/sec=21859.4   simsec/sec=2.45622   ev/simsec=8899.61
     Messages:  created: 1923347   present: 9792   in FES: 122
** Event #2064896   t=199.045812376945   Elapsed: 84.3045s (1m 24s)  39% completed  (69% total)
     Speed:     ev/sec=21486   simsec/sec=2.28499   ev/simsec=9403.13
     Messages:  created: 1959721   present: 10437   in FES: 154
** Event #2116864   t=205.556887060281   Elapsed: 86.3104s (1m 26s)  41% completed  (70% total)
     Speed:     ev/sec=25907.5   simsec/sec=3.24596   ev/simsec=7981.48
     Messages:  created: 2006255   present: 11216   in FES: 153
** Event #2166272   t=211.512451251805   Elapsed: 88.3291s (1m 28s)  42% completed  (71% total)
     Speed:     ev/sec=24474.9   simsec/sec=2.95016   ev/simsec=8296.11
     Messages:  created: 2049144   present: 11916   in FES: 148
** Event #2205952   t=215.556886581566   Elapsed: 90.3367s (1m 30s)  43% completed  (71% total)
     Speed:     ev/sec=19764.7   simsec/sec=2.01455   ev/simsec=9811.01
     Messages:  created: 2082013   present: 12423   in FES: 154
** Event #2255360   t=222.000871572946   Elapsed: 92.342s (1m 32s)  44% completed  (72% total)
     Speed:     ev/sec=24639.1   simsec/sec=3.21352   ev/simsec=7667.31
     Messages:  created: 2126137   present: 13161   in FES: 154
** Event #2313472   t=228.107060943963   Elapsed: 94.3475s (1m 34s)  45% completed  (72% total)
     Speed:     ev/sec=28976.1   simsec/sec=3.0447   ev/simsec=9516.9
     Messages:  created: 2182791   present: 13856   in FES: 153
** Event #2384384   t=229.80899690179   Elapsed: 96.3537s (1m 36s)  45% completed  (72% total)
     Speed:     ev/sec=35346   simsec/sec=0.848327   ev/simsec=41665.5
     Messages:  created: 2273792   present: 12377   in FES: 176
** Event #2449664   t=230.605347189966   Elapsed: 98.3553s (1m 38s)  46% completed  (73% total)
     Speed:     ev/sec=32613.9   simsec/sec=0.397856   ev/simsec=81974
     Messages:  created: 2358606   present: 11820   in FES: 172
** Event #2510848   t=230.838653011277   Elapsed: 100.362s (1m 40s)  46% completed  (73% total)
     Speed:     ev/sec=30486.7   simsec/sec=0.116251   ev/simsec=262248
     Messages:  created: 2441473   present: 10309   in FES: 138
** Event #2569472   t=232.050981921825   Elapsed: 102.363s (1m 42s)  46% completed  (73% total)
     Speed:     ev/sec=29295.2   simsec/sec=0.605817   ev/simsec=48356.5
     Messages:  created: 2515125   present: 10298   in FES: 147
** Event #2627072   t=233.549446816058   Elapsed: 104.365s (1m 44s)  46% completed  (73% total)
     Speed:     ev/sec=28778   simsec/sec=0.748661   ev/simsec=38439.3
     Messages:  created: 2586483   present: 10372   in FES: 165
** Event #2688512   t=235.108754665772   Elapsed: 106.366s (1m 46s)  47% completed  (73% total)
     Speed:     ev/sec=30696.8   simsec/sec=0.779065   ev/simsec=39402.1
     Messages:  created: 2661571   present: 9397   in FES: 159
** Event #2746880   t=236.596080268642   Elapsed: 108.373s (1m 48s)  47% completed  (73% total)
     Speed:     ev/sec=29085.7   simsec/sec=0.741158   ev/simsec=39243.6
     Messages:  created: 2733646   present: 5464   in FES: 153
** Event #2807808   t=238.275750367822   Elapsed: 110.377s (1m 50s)  47% completed  (73% total)
     Speed:     ev/sec=30413.4   simsec/sec=0.83844   ev/simsec=36273.8
     Messages:  created: 2808868   present: 5495   in FES: 149
** Event #2870528   t=240.024885975014   Elapsed: 112.378s (1m 52s)  48% completed  (74% total)
     Speed:     ev/sec=31336.5   simsec/sec=0.873912   ev/simsec=35857.7
     Messages:  created: 2886833   present: 5674   in FES: 151
** Event #2933504   t=241.516823403845   Elapsed: 114.379s (1m 54s)  48% completed  (74% total)
     Speed:     ev/sec=31472.6   simsec/sec=0.745604   ev/simsec=42210.9
     Messages:  created: 2966999   present: 5752   in FES: 159
** Event #2992896   t=243.552894891836   Elapsed: 116.382s (1m 56s)  48% completed  (74% total)
     Speed:     ev/sec=29657.3   simsec/sec=1.01671   ev/simsec=29169.9
     Messages:  created: 3040349   present: 5900   in FES: 154
** Event #3055360   t=246.953671271619   Elapsed: 118.384s (1m 58s)  49% completed  (74% total)
     Speed:     ev/sec=31191.7   simsec/sec=1.69819   ev/simsec=18367.6
     Messages:  created: 3114031   present: 6094   in FES: 155
** Event #3117824   t=250.220870265781   Elapsed: 120.39s (2m 00s)  50% completed  (75% total)
     Speed:     ev/sec=31142.3   simsec/sec=1.62891   ev/simsec=19118.5
     Messages:  created: 3187220   present: 6364   in FES: 146
** Event #3190528   t=254.12355087089   Elapsed: 122.398s (2m 02s)  50% completed  (75% total)
     Speed:     ev/sec=36197.6   simsec/sec=1.94305   ev/simsec=18629.2
     Messages:  created: 3272485   present: 6642   in FES: 124
** Event #3253760   t=257.59035237683   Elapsed: 124.4s (2m 04s)  51% completed  (75% total)
     Speed:     ev/sec=31594.5   simsec/sec=1.73222   ev/simsec=18239.3
     Messages:  created: 3346826   present: 7034   in FES: 154
** Event #3318016   t=261.069598664345   Elapsed: 126.401s (2m 06s)  52% completed  (76% total)
     Speed:     ev/sec=32101.8   simsec/sec=1.7382   ev/simsec=18468.4
     Messages:  created: 3422449   present: 7335   in FES: 150
** Event #3387136   t=265.069598674312   Elapsed: 128.406s (2m 08s)  53% completed  (76% total)
     Speed:     ev/sec=34474.9   simsec/sec=1.99507   ev/simsec=17280
     Messages:  created: 3502857   present: 7706   in FES: 152
** Event #3458304   t=271.002462791127   Elapsed: 130.407s (2m 10s)  54% completed  (77% total)
     Speed:     ev/sec=35565.7   simsec/sec=2.96491   ev/simsec=11995.6
     Messages:  created: 3580722   present: 8351   in FES: 159
** Event #3533824   t=277.536911559058   Elapsed: 132.414s (2m 12s)  55% completed  (77% total)
     Speed:     ev/sec=37642.3   simsec/sec=3.25704   ev/simsec=11557.2
     Messages:  created: 3661700   present: 8869   in FES: 144
** Event #3601408   t=283.513079344717   Elapsed: 134.419s (2m 14s)  56% completed  (78% total)
     Speed:     ev/sec=33706   simsec/sec=2.98048   ev/simsec=11308.9
     Messages:  created: 3734359   present: 9531   in FES: 151
** Event #3665408   t=289.034812121334   Elapsed: 136.421s (2m 16s)  57% completed  (78% total)
     Speed:     ev/sec=31970.3   simsec/sec=2.7583   ev/simsec=11590.6
     Messages:  created: 3802945   present: 10139   in FES: 153
** Event #3737344   t=295.35800465183   Elapsed: 138.426s (2m 18s)  59% completed  (79% total)
     Speed:     ev/sec=35875.5   simsec/sec=3.15346   ev/simsec=11376.5
     Messages:  created: 3880172   present: 10785   in FES: 142
** Event #3803392   t=301.065706525438   Elapsed: 140.431s (2m 20s)  60% completed  (80% total)
     Speed:     ev/sec=32939.4   simsec/sec=2.84654   ev/simsec=11571.7
     Messages:  created: 3951027   present: 11341   in FES: 123
** Event #3868160   t=306.676803192697   Elapsed: 142.435s (2m 22s)  61% completed  (80% total)
     Speed:     ev/sec=32313.3   simsec/sec=2.79942   ev/simsec=11542.8
     Messages:  created: 4020732   present: 11943   in FES: 122
** Event #3934976   t=312.55594637645   Elapsed: 144.437s (2m 24s)  62% completed  (81% total)
     Speed:     ev/sec=33388   simsec/sec=2.93781   ev/simsec=11364.9
     Messages:  created: 4092744   present: 12663   in FES: 148
** Event #4004608   t=318.559947077843   Elapsed: 146.437s (2m 26s)  63% completed  (81% total)
     Speed:     ev/sec=34811.7   simsec/sec=3.00163   ev/simsec=11597.6
     Messages:  created: 4167779   present: 13373   in FES: 165
** Event #4079104   t=325.035891267254   Elapsed: 148.438s (2m 28s)  65% completed  (82% total)
     Speed:     ev/sec=37227.9   simsec/sec=3.23623   ev/simsec=11503.5
     Messages:  created: 4247958   present: 13966   in FES: 133
** Event #4150528   t=331.203715686574   Elapsed: 150.438s (2m 30s)  66% completed  (83% total)
     Speed:     ev/sec=35710.2   simsec/sec=3.08375   ev/simsec=11580.1
     Messages:  created: 4324720   present: 14677   in FES: 152
** Event #4220672   t=337.501933421765   Elapsed: 152.438s (2m 32s)  67% completed  (83% total)
     Speed:     ev/sec=35064.6   simsec/sec=3.14844   ev/simsec=11137.1
     Messages:  created: 4400706   present: 15277   in FES: 124
** Event #4294144   t=343.857609478104   Elapsed: 154.443s (2m 34s)  68% completed  (84% total)
     Speed:     ev/sec=36652.4   simsec/sec=3.17061   ev/simsec=11560.1
     Messages:  created: 4479494   present: 16051   in FES: 158
** Event #4361728   t=349.608241640605   Elapsed: 156.446s (2m 36s)  69% completed  (84% total)
     Speed:     ev/sec=33736.5   simsec/sec=2.87059   ev/simsec=11752.4
     Messages:  created: 4551942   present: 16672   in FES: 155
** Event #4427008   t=355.51307930593   Elapsed: 158.447s (2m 38s)  71% completed  (85% total)
     Speed:     ev/sec=32625.7   simsec/sec=2.95112   ev/simsec=11055.3
     Messages:  created: 4622265   present: 17320   in FES: 168
** Event #4485632   t=360.557944616457   Elapsed: 160.452s (2m 40s)  72% completed  (86% total)
     Speed:     ev/sec=29245.2   simsec/sec=2.51668   ev/simsec=11620.5
     Messages:  created: 4684990   present: 10382   in FES: 151
** Event #4547072   t=366.006562531416   Elapsed: 162.452s (2m 42s)  73% completed  (86% total)
     Speed:     ev/sec=30716.1   simsec/sec=2.72396   ev/simsec=11276.3
     Messages:  created: 4751092   present: 5922   in FES: 153
** Event #4618240   t=372.091831281807   Elapsed: 164.453s (2m 44s)  74% completed  (87% total)
     Speed:     ev/sec=35556.7   simsec/sec=3.0403   ev/simsec=11695.1
     Messages:  created: 4827259   present: 6065   in FES: 154
** Event #4685568   t=378.045867575719   Elapsed: 166.455s (2m 46s)  75% completed  (87% total)
     Speed:     ev/sec=33642.5   simsec/sec=2.97511   ev/simsec=11308
     Messages:  created: 4899611   present: 5663   in FES: 141
** Event #4749056   t=383.577737108358   Elapsed: 168.456s (2m 48s)  76% completed  (88% total)
     Speed:     ev/sec=31723.5   simsec/sec=2.76415   ev/simsec=11476.8
     Messages:  created: 4967646   present: 6213   in FES: 124
** Event #4826368   t=390.501927590176   Elapsed: 170.458s (2m 50s)  78% completed  (89% total)
     Speed:     ev/sec=38610.9   simsec/sec=3.45806   ev/simsec=11165.5
     Messages:  created: 5050871   present: 7041   in FES: 160
** Event #4896512   t=396.034812254551   Elapsed: 172.468s (2m 52s)  79% completed  (89% total)
     Speed:     ev/sec=34900.9   simsec/sec=2.75295   ev/simsec=12677.7
     Messages:  created: 5124722   present: 7639   in FES: 153
** Event #4941824   t=399.511355440562   Elapsed: 174.487s (2m 54s)  79% completed  (89% total)
     Speed:     ev/sec=22447.5   simsec/sec=1.72227   ev/simsec=13033.6
     Messages:  created: 5169477   present: 6448   in FES: 132
** Event #4989952   t=403.094909418141   Elapsed: 176.495s (2m 56s)  80% completed  (90% total)
     Speed:     ev/sec=23965.4   simsec/sec=1.78443   ev/simsec=13430.2
     Messages:  created: 5217445   present: 5789   in FES: 125
** Event #5040384   t=407.065649536813   Elapsed: 178.495s (2m 58s)  81% completed  (90% total)
     Speed:     ev/sec=25214.5   simsec/sec=1.98525   ev/simsec=12700.9
     Messages:  created: 5268187   present: 6300   in FES: 154
** Event #5091584   t=411.045813643888   Elapsed: 180.496s (3m 00s)  82% completed  (91% total)
     Speed:     ev/sec=25592.9   simsec/sec=1.98953   ev/simsec=12863.8
     Messages:  created: 5319500   present: 6723   in FES: 154
** Event #5142016   t=415.024945769211   Elapsed: 182.502s (3m 02s)  83% completed  (91% total)
     Speed:     ev/sec=25140.1   simsec/sec=1.98358   ev/simsec=12674.1
     Messages:  created: 5370259   present: 7152   in FES: 150
** Event #5191936   t=418.953923443677   Elapsed: 184.505s (3m 04s)  83% completed  (91% total)
     Speed:     ev/sec=24924.4   simsec/sec=1.96168   ev/simsec=12705.6
     Messages:  created: 5420339   present: 7589   in FES: 156
** Event #5252864   t=423.566002412977   Elapsed: 186.507s (3m 06s)  84% completed  (92% total)
     Speed:     ev/sec=30434.1   simsec/sec=2.30377   ev/simsec=13210.5
     Messages:  created: 5481083   present: 8041   in FES: 139
** Event #5307648   t=427.857345840756   Elapsed: 188.516s (3m 08s)  85% completed  (92% total)
     Speed:     ev/sec=27267.6   simsec/sec=2.13592   ev/simsec=12766.2
     Messages:  created: 5536147   present: 8543   in FES: 154
** Event #5362432   t=432.024865780394   Elapsed: 190.52s (3m 10s)  86% completed  (93% total)
     Speed:     ev/sec=27332.3   simsec/sec=2.07922   ev/simsec=13145.5
     Messages:  created: 5590873   present: 8988   in FES: 150
** Event #5411072   t=435.465749201365   Elapsed: 192.525s (3m 12s)  87% completed  (93% total)
     Speed:     ev/sec=24262.1   simsec/sec=1.71635   ev/simsec=14135.9
     Messages:  created: 5638001   present: 9274   in FES: 123
** Event #5450240   t=438.025628072364   Elapsed: 194.529s (3m 14s)  87% completed  (93% total)
     Speed:     ev/sec=19540.6   simsec/sec=1.2771   ev/simsec=15300.7
     Messages:  created: 5675697   present: 9626   in FES: 154
** Event #5491456   t=440.577624048014   Elapsed: 196.529s (3m 16s)  88% completed  (94% total)
     Speed:     ev/sec=20605.4   simsec/sec=1.27583   ev/simsec=16150.5
     Messages:  created: 5714456   present: 9917   in FES: 144
** Event #5522944   t=442.528795008716   Elapsed: 198.552s (3m 18s)  88% completed  (94% total)
     Speed:     ev/sec=15572.5   simsec/sec=0.96496   ev/simsec=16138
     Messages:  created: 5743671   present: 10094   in FES: 140
** Event #5557760   t=444.548815315134   Elapsed: 200.555s (3m 20s)  88% completed  (94% total)
     Speed:     ev/sec=17376.6   simsec/sec=1.00819   ev/simsec=17235.5
     Messages:  created: 5775794   present: 10347   in FES: 154
** Event #5592832   t=446.573701178406   Elapsed: 202.563s (3m 22s)  89% completed  (94% total)
     Speed:     ev/sec=17464.3   simsec/sec=1.00831   ev/simsec=17320.5
     Messages:  created: 5808722   present: 10496   in FES: 124
** Event #5636608   t=449.107609542046   Elapsed: 204.568s (3m 24s)  89% completed  (94% total)
     Speed:     ev/sec=21838.8   simsec/sec=1.26411   ev/simsec=17276.1
     Messages:  created: 5850282   present: 10839   in FES: 173
** Event #5676288   t=451.58422326747   Elapsed: 206.576s (3m 26s)  90% completed  (95% total)
     Speed:     ev/sec=19763.2   simsec/sec=1.23351   ev/simsec=16021.9
     Messages:  created: 5888875   present: 11031   in FES: 124
** Event #5720832   t=454.453681432651   Elapsed: 208.582s (3m 28s)  90% completed  (95% total)
     Speed:     ev/sec=22195.6   simsec/sec=1.42981   ev/simsec=15523.5
     Messages:  created: 5931508   present: 11332   in FES: 155
** Event #5763840   t=456.065699706138   Elapsed: 210.585s (3m 30s)  91% completed  (95% total)
     Speed:     ev/sec=21472.8   simsec/sec=0.804838   ev/simsec=26679.6
     Messages:  created: 5977070   present: 11549   in FES: 150
** Event #5820928   t=457.508851310499   Elapsed: 212.588s (3m 32s)  91% completed  (95% total)
     Speed:     ev/sec=28504   simsec/sec=0.720564   ev/simsec=39557.9
     Messages:  created: 6044856   present: 11601   in FES: 137
** Event #5881344   t=459.034814212831   Elapsed: 214.592s (3m 34s)  91% completed  (95% total)
     Speed:     ev/sec=30145.6   simsec/sec=0.761406   ev/simsec=39592.1
     Messages:  created: 6115073   present: 11623   in FES: 124
** Event #5937152   t=460.578325417806   Elapsed: 216.616s (3m 36s)  92% completed  (96% total)
     Speed:     ev/sec=27571.1   simsec/sec=0.762549   ev/simsec=36156.5
     Messages:  created: 6179088   present: 11749   in FES: 149
** Event #5996544   t=462.223322399591   Elapsed: 218.625s (3m 38s)  92% completed  (96% total)
     Speed:     ev/sec=29577   simsec/sec=0.819203   ev/simsec=36104.6
     Messages:  created: 6247790   present: 11831   in FES: 150
** Event #6048256   t=463.641836385133   Elapsed: 220.625s (3m 40s)  92% completed  (96% total)
     Speed:     ev/sec=25853.5   simsec/sec=0.709187   ev/simsec=36455.1
     Messages:  created: 6307071   present: 11857   in FES: 156
** Event #6117632   t=465.597508472761   Elapsed: 222.643s (3m 42s)  93% completed  (96% total)
     Speed:     ev/sec=34371.8   simsec/sec=0.968923   ev/simsec=35474.2
     Messages:  created: 6386989   present: 11933   in FES: 138
** Event #6181888   t=467.47003052081   Elapsed: 224.644s (3m 44s)  93% completed  (96% total)
     Speed:     ev/sec=32115.6   simsec/sec=0.9359   ev/simsec=34315.2
     Messages:  created: 6462446   present: 11970   in FES: 123
** Event #6243328   t=469.08802870406   Elapsed: 226.648s (3m 46s)  93% completed  (96% total)
     Speed:     ev/sec=30651.1   simsec/sec=0.807185   ev/simsec=37972.8
     Messages:  created: 6532020   present: 12041   in FES: 123
** Event #6306816   t=470.953672550739   Elapsed: 228.652s (3m 48s)  94% completed  (97% total)
     Speed:     ev/sec=31686.6   simsec/sec=0.931134   ev/simsec=34030.1
     Messages:  created: 6606422   present: 12160   in FES: 156
** Event #6366720   t=472.545289649722   Elapsed: 230.654s (3m 50s)  94% completed  (97% total)
     Speed:     ev/sec=29929   simsec/sec=0.795197   ev/simsec=37637.2
     Messages:  created: 6675190   present: 12280   in FES: 155
** Event #6437120   t=474.533797779831   Elapsed: 232.664s (3m 52s)  94% completed  (97% total)
     Speed:     ev/sec=35009.9   simsec/sec=0.988884   ev/simsec=35403.4
     Messages:  created: 6756905   present: 12378   in FES: 149
** Event #6486272   t=475.97342609039   Elapsed: 234.668s (3m 54s)  95% completed  (97% total)
     Speed:     ev/sec=24535.2   simsec/sec=0.71862   ev/simsec=34142.1
     Messages:  created: 6814493   present: 12357   in FES: 123
** Event #6559232   t=476.891259962614   Elapsed: 236.672s (3m 56s)  95% completed  (97% total)
     Speed:     ev/sec=36395.3   simsec/sec=0.457851   ev/simsec=79491.5
     Messages:  created: 6907786   present: 11559   in FES: 157
** Event #6636032   t=478.775793679586   Elapsed: 238.675s (3m 58s)  95% completed  (97% total)
     Speed:     ev/sec=38354.1   simsec/sec=0.941141   ev/simsec=40752.8
     Messages:  created: 7000547   present: 11584   in FES: 159
** Event #6715136   t=480.819680862101   Elapsed: 240.677s (4m 00s)  96% completed  (98% total)
     Speed:     ev/sec=39503.2   simsec/sec=1.02068   ev/simsec=38702.7
     Messages:  created: 7096522   present: 11675   in FES: 157
** Event #6803200   t=482.525748509155   Elapsed: 242.681s (4m 02s)  96% completed  (98% total)
     Speed:     ev/sec=43957   simsec/sec=0.851581   ev/simsec=51618.1
     Messages:  created: 7206113   present: 11381   in FES: 158
** Event #6886144   t=483.052887620707   Elapsed: 244.682s (4m 04s)  96% completed  (98% total)
     Speed:     ev/sec=41447   simsec/sec=0.263411   ev/simsec=157347
     Messages:  created: 7316264   present: 11036   in FES: 150
** Event #6982144   t=483.291653067759   Elapsed: 246.682s (4m 06s)  96% completed  (98% total)
     Speed:     ev/sec=47999.9   simsec/sec=0.119382   ev/simsec=402068
     Messages:  created: 7447377   present: 11121   in FES: 164
** Event #7076864   t=483.532886157409   Elapsed: 248.686s (4m 08s)  96% completed  (98% total)
     Speed:     ev/sec=47267.2   simsec/sec=0.12038   ev/simsec=392649
     Messages:  created: 7576983   present: 11154   in FES: 173
** Event #7166464   t=483.751787130762   Elapsed: 250.689s (4m 10s)  96% completed  (98% total)
     Speed:     ev/sec=44733.1   simsec/sec=0.109287   ev/simsec=409318
     Messages:  created: 7698397   present: 8459   in FES: 156
** Event #7261184   t=483.988855477955   Elapsed: 252.691s (4m 12s)  96% completed  (98% total)
     Speed:     ev/sec=47310.6   simsec/sec=0.11841   ev/simsec=399547
     Messages:  created: 7828454   present: 5774   in FES: 139
** Event #7338240   t=484.179151417226   Elapsed: 254.696s (4m 14s)  96% completed  (98% total)
     Speed:     ev/sec=38439   simsec/sec=0.0949281   ev/simsec=404927
     Messages:  created: 7932399   present: 5830   in FES: 176
** Event #7408384   t=484.354757184488   Elapsed: 256.699s (4m 16s)  96% completed  (98% total)
     Speed:     ev/sec=35012.4   simsec/sec=0.0876538   ev/simsec=399440
     Messages:  created: 8028750   present: 5813   in FES: 159
** Event #7496192   t=484.57640324215   Elapsed: 258.7s (4m 18s)  96% completed  (98% total)
     Speed:     ev/sec=43889.9   simsec/sec=0.110787   ev/simsec=396163
     Messages:  created: 8148008   present: 5859   in FES: 158
** Event #7583232   t=484.795126091409   Elapsed: 260.706s (4m 20s)  96% completed  (98% total)
     Speed:     ev/sec=43373.9   simsec/sec=0.108994   ev/simsec=397947
     Messages:  created: 8266892   present: 5379   in FES: 154
** Event #7669248   t=485.010035259932   Elapsed: 262.711s (4m 22s)  97% completed  (98% total)
     Speed:     ev/sec=42916.7   simsec/sec=0.107227   ev/simsec=400244
     Messages:  created: 8384823   present: 5460   in FES: 187
** Event #7769088   t=485.26241205939   Elapsed: 264.712s (4m 24s)  97% completed  (98% total)
     Speed:     ev/sec=49875   simsec/sec=0.126075   ev/simsec=395599
     Messages:  created: 8520396   present: 5385   in FES: 144
** Event #7866368   t=485.507690704316   Elapsed: 266.717s (4m 26s)  97% completed  (98% total)
     Speed:     ev/sec=48539.1   simsec/sec=0.122385   ev/simsec=396610
     Messages:  created: 8653985   present: 5440   in FES: 165
** Event #7952640   t=485.726701317669   Elapsed: 268.719s (4m 28s)  97% completed  (98% total)
     Speed:     ev/sec=43089   simsec/sec=0.109386   ev/simsec=393917
     Messages:  created: 8770668   present: 5449   in FES: 175
** Event #8050176   t=485.969255655292   Elapsed: 270.722s (4m 30s)  97% completed  (98% total)
     Speed:     ev/sec=48683.2   simsec/sec=0.121066   ev/simsec=402120
     Messages:  created: 8904683   present: 5473   in FES: 175
** Event #8136448   t=486.18755102493   Elapsed: 272.725s (4m 32s)  97% completed  (98% total)
     Speed:     ev/sec=43076.2   simsec/sec=0.108996   ev/simsec=395208
     Messages:  created: 9020934   present: 5392   in FES: 146
** Event #8232448   t=486.430500371675   Elapsed: 274.728s (4m 34s)  97% completed  (98% total)
     Speed:     ev/sec=47919.8   simsec/sec=0.121272   ev/simsec=395144
     Messages:  created: 9152844   present: 5437   in FES: 146
** Event #8313600   t=486.630208195342   Elapsed: 276.736s (4m 36s)  97% completed  (98% total)
     Speed:     ev/sec=40422.6   simsec/sec=0.0994763   ev/simsec=406354
     Messages:  created: 9262166   present: 5457   in FES: 148
** Event #8406784   t=486.863778006461   Elapsed: 278.737s (4m 38s)  97% completed  (98% total)
     Speed:     ev/sec=46556   simsec/sec=0.116695   ev/simsec=398956
     Messages:  created: 9390220   present: 5493   in FES: 156
** Event #8494848   t=487.085299871975   Elapsed: 280.742s (4m 40s)  97% completed  (98% total)
     Speed:     ev/sec=43923.5   simsec/sec=0.110488   ev/simsec=397541
     Messages:  created: 9509486   present: 5493   in FES: 174
** Event #8582656   t=487.29941850138   Elapsed: 282.743s (4m 42s)  97% completed  (98% total)
     Speed:     ev/sec=43889.6   simsec/sec=0.107024   ev/simsec=410090
     Messages:  created: 9629623   present: 5513   in FES: 163
** Event #8677632   t=487.535209950386   Elapsed: 284.745s (4m 44s)  97% completed  (98% total)
     Speed:     ev/sec=47452.3   simsec/sec=0.117807   ev/simsec=402797
     Messages:  created: 9759578   present: 5544   in FES: 158
** Event #8772352   t=487.773434850679   Elapsed: 286.748s (4m 46s)  97% completed  (98% total)
     Speed:     ev/sec=47268.7   simsec/sec=0.118883   ev/simsec=397607
     Messages:  created: 9888428   present: 5506   in FES: 156
** Event #8867072   t=488.015087267472   Elapsed: 288.753s (4m 48s)  97% completed  (98% total)
     Speed:     ev/sec=47261.6   simsec/sec=0.120575   ev/simsec=391968
     Messages:  created: 10018227   present: 5534   in FES: 156
** Event #8965888   t=488.260046286391   Elapsed: 290.754s (4m 50s)  97% completed  (98% total)
     Speed:     ev/sec=49382.4   simsec/sec=0.122416   ev/simsec=403398
     Messages:  created: 10152146   present: 5514   in FES: 155
** Event #9057792   t=488.492847944856   Elapsed: 292.755s (4m 52s)  97% completed  (98% total)
     Speed:     ev/sec=45923.8   simsec/sec=0.116329   ev/simsec=394774
     Messages:  created: 10278451   present: 5525   in FES: 173
** Event #9155328   t=488.73160050907   Elapsed: 294.757s (4m 54s)  97% completed  (98% total)
     Speed:     ev/sec=48704   simsec/sec=0.11922   ev/simsec=408523
     Messages:  created: 10410761   present: 5518   in FES: 173
** Event #9248768   t=488.967520416643   Elapsed: 296.766s (4m 56s)  97% completed  (98% total)
     Speed:     ev/sec=46528.1   simsec/sec=0.117475   ev/simsec=396067
     Messages:  created: 10539145   present: 5532   in FES: 173
** Event #9343744   t=489.202512762101   Elapsed: 298.769s (4m 58s)  97% completed  (98% total)
     Speed:     ev/sec=47410.1   simsec/sec=0.117303   ev/simsec=404166
     Messages:  created: 10667862   present: 5528   in FES: 155
** Event #9443840   t=489.453339063356   Elapsed: 300.769s (5m 00s)  97% completed  (98% total)
     Speed:     ev/sec=50039.9   simsec/sec=0.125393   ev/simsec=399065
     Messages:  created: 10805377   present: 5549   in FES: 157
** Event #9544448   t=489.698770056042   Elapsed: 302.773s (5m 02s)  97% completed  (98% total)
     Speed:     ev/sec=50206.8   simsec/sec=0.122478   ev/simsec=409924
     Messages:  created: 10941826   present: 5568   in FES: 173
** Event #9641216   t=489.946373453019   Elapsed: 304.775s (5m 04s)  97% completed  (98% total)
     Speed:     ev/sec=48344.2   simsec/sec=0.1237   ev/simsec=390819
     Messages:  created: 11074743   present: 5537   in FES: 156
** Event #9720064   t=490.141010269037   Elapsed: 306.781s (5m 06s)  98% completed  (99% total)
     Speed:     ev/sec=39299.4   simsec/sec=0.0970109   ev/simsec=405103
     Messages:  created: 11180956   present: 5568   in FES: 144
** Event #9822976   t=490.398549525116   Elapsed: 308.786s (5m 08s)  98% completed  (99% total)
     Speed:     ev/sec=51340.9   simsec/sec=0.128482   ev/simsec=399597
     Messages:  created: 11322392   present: 5623   in FES: 173
** Event #9906176   t=490.610814274307   Elapsed: 310.787s (5m 10s)  98% completed  (99% total)
     Speed:     ev/sec=41573.4   simsec/sec=0.106064   ev/simsec=391963
     Messages:  created: 11434871   present: 5617   in FES: 148
** Event #9994752   t=490.837881456466   Elapsed: 312.788s (5m 12s)  98% completed  (99% total)
     Speed:     ev/sec=44275.2   simsec/sec=0.113501   ev/simsec=390087
     Messages:  created: 11556499   present: 5551   in FES: 126
** Event #10077696   t=491.045164489232   Elapsed: 314.789s (5m 14s)  98% completed  (99% total)
     Speed:     ev/sec=41445   simsec/sec=0.103574   ev/simsec=400149
     Messages:  created: 11669619   present: 5620   in FES: 157
** Event #10178304   t=491.292359833476   Elapsed: 316.794s (5m 16s)  98% completed  (99% total)
     Speed:     ev/sec=50179.9   simsec/sec=0.123293   ev/simsec=406998
     Messages:  created: 11806665   present: 5659   in FES: 156
** Event #10280704   t=491.549284514838   Elapsed: 318.799s (5m 18s)  98% completed  (99% total)
     Speed:     ev/sec=51078.5   simsec/sec=0.128157   ev/simsec=398560
     Messages:  created: 11946558   present: 5654   in FES: 155
** Event #10370560   t=491.776906363365   Elapsed: 320.802s (5m 20s)  98% completed  (99% total)
     Speed:     ev/sec=44841.1   simsec/sec=0.113591   ev/simsec=394760
     Messages:  created: 12069115   present: 5672   in FES: 157
** Event #10473472   t=492.034989775234   Elapsed: 322.803s (5m 22s)  98% completed  (99% total)
     Speed:     ev/sec=51438.8   simsec/sec=0.128999   ev/simsec=398755
     Messages:  created: 12209636   present: 5658   in FES: 145
** Event #10571520   t=492.279591783422   Elapsed: 324.808s (5m 24s)  98% completed  (99% total)
     Speed:     ev/sec=48905.5   simsec/sec=0.122005   ev/simsec=400847
     Messages:  created: 12343092   present: 5678   in FES: 157
** Event #10671104   t=492.530246709112   Elapsed: 326.817s (5m 26s)  98% completed  (99% total)
     Speed:     ev/sec=49573.5   simsec/sec=0.124778   ev/simsec=397295
     Messages:  created: 12479501   present: 5714   in FES: 157
** Event #10768896   t=492.772237914585   Elapsed: 328.817s (5m 28s)  98% completed  (99% total)
     Speed:     ev/sec=48889.7   simsec/sec=0.12098   ev/simsec=404114
     Messages:  created: 12612666   present: 5692   in FES: 175
** Event #10870272   t=493.026328139564   Elapsed: 330.819s (5m 30s)  98% completed  (99% total)
     Speed:     ev/sec=50639.9   simsec/sec=0.126925   ev/simsec=398976
     Messages:  created: 12751420   present: 5719   in FES: 158
** Event #10963968   t=493.256192310951   Elapsed: 332.823s (5m 32s)  98% completed  (99% total)
     Speed:     ev/sec=46756   simsec/sec=0.114706   ev/simsec=407615
     Messages:  created: 12878570   present: 5760   in FES: 158
** Event #11054336   t=493.484721450627   Elapsed: 334.826s (5m 34s)  98% completed  (99% total)
     Speed:     ev/sec=45122.6   simsec/sec=0.114109   ev/simsec=395433
     Messages:  created: 13002772   present: 5755   in FES: 158
** Event #11158016   t=493.740396005591   Elapsed: 336.828s (5m 36s)  98% completed  (99% total)
     Speed:     ev/sec=51774.5   simsec/sec=0.127676   ev/simsec=405516
     Messages:  created: 13143465   present: 5784   in FES: 158
** Event #11259904   t=493.998673534045   Elapsed: 338.833s (5m 38s)  98% completed  (99% total)
     Speed:     ev/sec=50827.8   simsec/sec=0.128844   ev/simsec=394490
     Messages:  created: 13283490   present: 5779   in FES: 158
** Event #11365120   t=494.258817292493   Elapsed: 340.835s (5m 40s)  98% completed  (99% total)
     Speed:     ev/sec=52540.8   simsec/sec=0.129906   ev/simsec=404453
     Messages:  created: 13425885   present: 5774   in FES: 159
** Event #11477760   t=494.542433426117   Elapsed: 342.837s (5m 42s)  98% completed  (99% total)
     Speed:     ev/sec=56259.5   simsec/sec=0.141656   ev/simsec=397157
     Messages:  created: 13580243   present: 5845   in FES: 158
** Event #11582976   t=494.816367299887   Elapsed: 344.84s (5m 44s)  98% completed  (99% total)
     Speed:     ev/sec=52536.7   simsec/sec=0.136781   ev/simsec=384093
     Messages:  created: 13723711   present: 5813   in FES: 176
** Event #11695360   t=495.129978774978   Elapsed: 346.843s (5m 46s)  99% completed  (99% total)
     Speed:     ev/sec=56107.5   simsec/sec=0.15657   ev/simsec=358354
     Messages:  created: 13876097   present: 5808   in FES: 157
** Event #11804928   t=495.406270519878   Elapsed: 348.844s (5m 48s)  99% completed  (99% total)
     Speed:     ev/sec=54754.4   simsec/sec=0.138071   ev/simsec=396566
     Messages:  created: 14026722   present: 5809   in FES: 174
** Event #11908352   t=495.667675350305   Elapsed: 350.845s (5m 50s)  99% completed  (99% total)
     Speed:     ev/sec=51703   simsec/sec=0.13068   ev/simsec=395647
     Messages:  created: 14166817   present: 5847   in FES: 157
** Event #12022528   t=495.988134139068   Elapsed: 352.849s (5m 52s)  99% completed  (99% total)
     Speed:     ev/sec=56957   simsec/sec=0.159862   ev/simsec=356289
     Messages:  created: 14323671   present: 5833   in FES: 173
** Event #12138240   t=496.277313048083   Elapsed: 354.853s (5m 54s)  99% completed  (99% total)
     Speed:     ev/sec=57756.2   simsec/sec=0.14434   ev/simsec=400140
     Messages:  created: 14480791   present: 5886   in FES: 157
** Event #12249600   t=496.565539416841   Elapsed: 356.854s (5m 56s)  99% completed  (99% total)
     Speed:     ev/sec=55648.5   simsec/sec=0.144032   ev/simsec=386363
     Messages:  created: 14632766   present: 5897   in FES: 173
** Event #12362496   t=496.871830013118   Elapsed: 358.855s (5m 58s)  99% completed  (99% total)
     Speed:     ev/sec=56400.9   simsec/sec=0.153018   ev/simsec=368591
     Messages:  created: 14787071   present: 5903   in FES: 161
** Event #12474880   t=497.156509899587   Elapsed: 360.858s (6m 00s)  99% completed  (99% total)
     Speed:     ev/sec=56127.4   simsec/sec=0.142176   ev/simsec=394773
     Messages:  created: 14939653   present: 5900   in FES: 158
** Event #12589312   t=497.457197933822   Elapsed: 362.862s (6m 02s)  99% completed  (99% total)
     Speed:     ev/sec=57105.4   simsec/sec=0.150053   ev/simsec=380567
     Messages:  created: 15096952   present: 5914   in FES: 158
** Event #12697344   t=497.743927953585   Elapsed: 364.864s (6m 04s)  99% completed  (99% total)
     Speed:     ev/sec=53957.8   simsec/sec=0.143211   ev/simsec=376773
     Messages:  created: 15243771   present: 5908   in FES: 151
** Event #12811264   t=498.049634430474   Elapsed: 366.868s (6m 06s)  99% completed  (99% total)
     Speed:     ev/sec=56832.6   simsec/sec=0.152511   ev/simsec=372645
     Messages:  created: 15399081   present: 5861   in FES: 128
** Event #12925952   t=498.350384723253   Elapsed: 368.872s (6m 08s)  99% completed  (99% total)
     Speed:     ev/sec=57234.9   simsec/sec=0.150089   ev/simsec=381340
     Messages:  created: 15555932   present: 5912   in FES: 149
** Event #13033472   t=498.635204676845   Elapsed: 370.875s (6m 10s)  99% completed  (99% total)
     Speed:     ev/sec=53692.5   simsec/sec=0.142231   ev/simsec=377502
     Messages:  created: 15702189   present: 5429   in FES: 153
** Event #13146624   t=498.928235168514   Elapsed: 372.876s (6m 12s)  99% completed  (99% total)
     Speed:     ev/sec=56544   simsec/sec=0.146432   ev/simsec=386144
     Messages:  created: 15857871   present: 5472   in FES: 157
** Event #13263616   t=499.230544012   Elapsed: 374.877s (6m 14s)  99% completed  (99% total)
     Speed:     ev/sec=58465.7   simsec/sec=0.151076   ev/simsec=386995
     Messages:  created: 16016804   present: 5503   in FES: 157
** Event #13378304   t=499.538124950635   Elapsed: 376.878s (6m 16s)  99% completed  (99% total)
     Speed:     ev/sec=57295.6   simsec/sec=0.153661   ev/simsec=372871
     Messages:  created: 16173911   present: 5512   in FES: 175
** Event #13489152   t=499.827850907758   Elapsed: 378.879s (6m 18s)  99% completed  (99% total)
     Speed:     ev/sec=55409   simsec/sec=0.144824   ev/simsec=382596
     Messages:  created: 16325131   present: 5014   in FES: 168
** Event #13542890   t=500   Elapsed: 379.801s (6m 19s)  100% completed  (100% total)
     Speed:     ev/sec=58262.6   simsec/sec=0.186646   ev/simsec=312155
     Messages:  created: 16398747   present: 5020   in FES: 155

<!> Simulation time limit reached -- at t=500s, event #13542890
undisposed object: (omnetpp::cMessage) FanetSarNetwork.groundStation.app.debugTimer -- check module destructor
undisposed object: (omnetpp::cMessage) FanetSarNetwork.uav[0].app.debugTimer -- check module destructor
undisposed object: (omnetpp::cMessage) FanetSarNetwork.uav[1].app.debugTimer -- check module destructor
undisposed object: (omnetpp::cMessage) FanetSarNetwork.uav[2].app.debugTimer -- check module destructor
undisposed object: (omnetpp::cMessage) FanetSarNetwork.uav[3].app.debugTimer -- check module destructor
undisposed object: (omnetpp::cMessage) FanetSarNetwork.uav[4].app.debugTimer -- check module destructor
undisposed object: (omnetpp::cMessage) FanetSarNetwork.uav[5].app.debugTimer -- check module destructor
undisposed object: (omnetpp::cMessage) FanetSarNetwork.uav[6].app.debugTimer -- check module destructor
undisposed object: (omnetpp::cMessage) FanetSarNetwork.uav[7].app.debugTimer -- check module destructor
undisposed object: (omnetpp::cMessage) FanetSarNetwork.uav[8].app.debugTimer -- check module destructor
undisposed object: (omnetpp::cMessage) FanetSarNetwork.uav[9].app.debugTimer -- check module destructor
undisposed object: (omnetpp::cMessage) FanetSarNetwork.uav[10].app.debugTimer -- check module destructor
undisposed object: (omnetpp::cMessage) FanetSarNetwork.uav[11].app.debugTimer -- check module destructor
undisposed object: (omnetpp::cMessage) FanetSarNetwork.uav[12].app.debugTimer -- check module destructor
undisposed object: (omnetpp::cMessage) FanetSarNetwork.uav[13].app.debugTimer -- check module destructor
undisposed object: (omnetpp::cMessage) FanetSarNetwork.uav[14].app.debugTimer -- check module destructor
undisposed object: (omnetpp::cMessage) FanetSarNetwork.uav[15].app.debugTimer -- check module destructor
undisposed object: (omnetpp::cMessage) FanetSarNetwork.uav[16].app.debugTimer -- check module destructor
undisposed object: (omnetpp::cMessage) FanetSarNetwork.uav[17].app.debugTimer -- check module destructor
undisposed object: (omnetpp::cMessage) FanetSarNetwork.uav[18].app.debugTimer -- check module destructor
undisposed object: (omnetpp::cMessage) FanetSarNetwork.uav[19].app.debugTimer -- check module destructor
undisposed object: (omnetpp::cMessage) FanetSarNetwork.uav[20].app.debugTimer -- check module destructor
undisposed object: (omnetpp::cMessage) FanetSarNetwork.uav[21].app.debugTimer -- check module destructor
undisposed object: (omnetpp::cMessage) FanetSarNetwork.uav[22].app.debugTimer -- check module destructor
undisposed object: (omnetpp::cMessage) FanetSarNetwork.uav[23].app.debugTimer -- check module destructor
undisposed object: (omnetpp::cMessage) FanetSarNetwork.uav[24].app.debugTimer -- check module destructor
undisposed object: (omnetpp::cMessage) FanetSarNetwork.uav[25].app.debugTimer -- check module destructor
undisposed object: (omnetpp::cMessage) FanetSarNetwork.uav[26].app.debugTimer -- check module destructor
undisposed object: (omnetpp::cMessage) FanetSarNetwork.uav[27].app.debugTimer -- check module destructor
undisposed object: (omnetpp::cMessage) FanetSarNetwork.uav[28].app.debugTimer -- check module destructor
undisposed object: (omnetpp::cMessage) FanetSarNetwork.uav[29].app.debugTimer -- check module destructor
