** Event #0   t=0   Elapsed: 9e-06s (0m 00s)  0% completed  (50% total)
     Speed:     ev/sec=0   simsec/sec=0   ev/simsec=0
     Messages:  created: 1178   present: 1178   in FES: 186
** Event #70400   t=10.002593731107   Elapsed: 2.00041s (0m 02s)  2% completed  (51% total)
     Speed:     ev/sec=35193.5   simsec/sec=5.0003   ev/simsec=7038.27
     Messages:  created: 70004   present: 1178   in FES: 141
** Event #137984   t=19.507474179274   Elapsed: 4.00572s (0m 04s)  3% completed  (51% total)
     Speed:     ev/sec=33702.4   simsec/sec=4.73984   ev/simsec=7110.45
     Messages:  created: 135886   present: 1214   in FES: 149
** Event #208896   t=29.516425381629   Elapsed: 6.00581s (0m 06s)  5% completed  (52% total)
     Speed:     ev/sec=35454.5   simsec/sec=5.00427   ev/simsec=7084.86
     Messages:  created: 205171   present: 1318   in FES: 184
** Event #276480   t=39.080303890957   Elapsed: 8.01268s (0m 08s)  7% completed  (53% total)
     Speed:     ev/sec=33676.3   simsec/sec=4.76557   ev/simsec=7066.59
     Messages:  created: 270962   present: 1199   in FES: 150
** Event #350464   t=49.528473663393   Elapsed: 10.0193s (0m 10s)  9% completed  (54% total)
     Speed:     ev/sec=36870.6   simsec/sec=5.20694   ev/simsec=7081.05
     Messages:  created: 343242   present: 1284   in FES: 185
** Event #417024   t=59.087054732881   Elapsed: 12.0228s (0m 12s)  11% completed  (55% total)
     Speed:     ev/sec=33221.3   simsec/sec=4.77086   ev/simsec=6963.38
     Messages:  created: 407943   present: 1212   in FES: 154
** Event #488448   t=69.504425465829   Elapsed: 14.0267s (0m 14s)  13% completed  (56% total)
     Speed:     ev/sec=35642.9   simsec/sec=5.19861   ev/simsec=6856.24
     Messages:  created: 477508   present: 1204   in FES: 149
** Event #556544   t=79.057983780862   Elapsed: 16.0289s (0m 16s)  15% completed  (57% total)
     Speed:     ev/sec=34010.8   simsec/sec=4.77156   ev/simsec=7127.82
     Messages:  created: 543934   present: 1124   in FES: 125
** Event #625920   t=89.029610915263   Elapsed: 18.0307s (0m 18s)  17% completed  (58% total)
     Speed:     ev/sec=34656.9   simsec/sec=4.98135   ev/simsec=6957.34
     Messages:  created: 611760   present: 1209   in FES: 154
** Event #694528   t=98.528555998575   Elapsed: 20.037s (0m 20s)  19% completed  (59% total)
     Speed:     ev/sec=34195.1   simsec/sec=4.73439   ev/simsec=7222.7
     Messages:  created: 678605   present: 1141   in FES: 126
** Event #759040   t=107.507402434725   Elapsed: 22.0403s (0m 22s)  21% completed  (60% total)
     Speed:     ev/sec=32203.1   simsec/sec=4.48206   ev/simsec=7184.89
     Messages:  created: 739342   present: 2186   in FES: 215
** Event #820224   t=115.516428908358   Elapsed: 24.0405s (0m 24s)  23% completed  (61% total)
     Speed:     ev/sec=30589.9   simsec/sec=4.00423   ev/simsec=7639.38
     Messages:  created: 796299   present: 2052   in FES: 142
** Event #887552   t=124.509347381798   Elapsed: 26.0418s (0m 26s)  24% completed  (62% total)
     Speed:     ev/sec=33640.7   simsec/sec=4.49335   ev/simsec=7486.78
     Messages:  created: 858719   present: 3170   in FES: 155
** Event #947712   t=132.504425434521   Elapsed: 28.0437s (0m 28s)  26% completed  (63% total)
     Speed:     ev/sec=30051.8   simsec/sec=3.9938   ev/simsec=7524.63
     Messages:  created: 914145   present: 4102   in FES: 150
** Event #1006080   t=140.025358820078   Elapsed: 30.0457s (0m 30s)  28% completed  (64% total)
     Speed:     ev/sec=29154.9   simsec/sec=3.75672   ev/simsec=7760.74
     Messages:  created: 967455   present: 4921   in FES: 124
** Event #1050880   t=144.569739036731   Elapsed: 32.0522s (0m 32s)  28% completed  (64% total)
     Speed:     ev/sec=22327.4   simsec/sec=2.26482   ev/simsec=9858.33
     Messages:  created: 1005899   present: 5546   in FES: 161
** Event #1110528   t=146.09639543326   Elapsed: 34.0568s (0m 34s)  29% completed  (64% total)
     Speed:     ev/sec=29755.6   simsec/sec=0.761577   ev/simsec=39071
     Messages:  created: 1078123   present: 5616   in FES: 154
** Event #1165824   t=147.562757966331   Elapsed: 36.0591s (0m 36s)  29% completed  (64% total)
     Speed:     ev/sec=27616.1   simsec/sec=0.732336   ev/simsec=37709.6
     Messages:  created: 1145621   present: 5602   in FES: 124
** Event #1225216   t=149.096703040736   Elapsed: 38.0652s (0m 38s)  29% completed  (64% total)
     Speed:     ev/sec=29605.7   simsec/sec=0.76464   ev/simsec=38718.5
     Messages:  created: 1216971   present: 5651   in FES: 124
** Event #1280512   t=150.590901731195   Elapsed: 40.0659s (0m 40s)  30% completed  (65% total)
     Speed:     ev/sec=27639.2   simsec/sec=0.746861   ev/simsec=37007.1
     Messages:  created: 1284020   present: 5765   in FES: 155
** Event #1339648   t=152.222652605977   Elapsed: 42.0691s (0m 42s)  30% completed  (65% total)
     Speed:     ev/sec=29519.7   simsec/sec=0.814543   ev/simsec=36240.8
     Messages:  created: 1355711   present: 5850   in FES: 154
** Event #1394688   t=153.739378941596   Elapsed: 44.0699s (0m 44s)  30% completed  (65% total)
     Speed:     ev/sec=27508.9   simsec/sec=0.758058   ev/simsec=36288.7
     Messages:  created: 1422386   present: 5893   in FES: 144
** Event #1455872   t=155.560110587606   Elapsed: 46.0838s (0m 46s)  31% completed  (65% total)
     Speed:     ev/sec=30381.7   simsec/sec=0.904108   ev/simsec=33604.1
     Messages:  created: 1495821   present: 5988   in FES: 148
** Event #1513216   t=157.096076824976   Elapsed: 48.0863s (0m 48s)  31% completed  (65% total)
     Speed:     ev/sec=28636.2   simsec/sec=0.767024   ev/simsec=37334.2
     Messages:  created: 1564462   present: 6026   in FES: 147
** Event #1565952   t=158.266727605893   Elapsed: 50.0887s (0m 50s)  31% completed  (65% total)
     Speed:     ev/sec=26336.3   simsec/sec=0.584622   ev/simsec=45048.4
     Messages:  created: 1629750   present: 6043   in FES: 155
** Event #1619712   t=159.330741367172   Elapsed: 52.0933s (0m 52s)  31% completed  (65% total)
     Speed:     ev/sec=26818.3   simsec/sec=0.530786   ev/simsec=50525.7
     Messages:  created: 1696205   present: 6025   in FES: 154
** Event #1669376   t=160.191992664951   Elapsed: 54.096s (0m 54s)  32% completed  (66% total)
     Speed:     ev/sec=24798.9   simsec/sec=0.430052   ev/simsec=57664.9
     Messages:  created: 1756422   present: 6065   in FES: 167
** Event #1716736   t=161.015477447676   Elapsed: 56.0983s (0m 56s)  32% completed  (66% total)
     Speed:     ev/sec=23652.7   simsec/sec=0.411267   ev/simsec=57511.7
     Messages:  created: 1816116   present: 6042   in FES: 155
** Event #1774848   t=161.158619194881   Elapsed: 58.1079s (0m 58s)  32% completed  (66% total)
     Speed:     ev/sec=28916.3   simsec/sec=0.0712269   ev/simsec=405975
     Messages:  created: 1893023   present: 6077   in FES: 156
** Event #1829632   t=161.272934835805   Elapsed: 60.1112s (1m 00s)  32% completed  (66% total)
     Speed:     ev/sec=27346.7   simsec/sec=0.0570632   ev/simsec=479235
     Messages:  created: 1968187   present: 6152   in FES: 157
** Event #1887744   t=161.391664566467   Elapsed: 62.118s (1m 02s)  32% completed  (66% total)
     Speed:     ev/sec=28958   simsec/sec=0.0591647   ev/simsec=489448
     Messages:  created: 2047771   present: 6079   in FES: 156
** Event #1942784   t=161.504481706679   Elapsed: 64.1239s (1m 04s)  32% completed  (66% total)
     Speed:     ev/sec=27438.7   simsec/sec=0.056242   ev/simsec=487869
     Messages:  created: 2123208   present: 6146   in FES: 155
** Event #1987840   t=162.002349235635   Elapsed: 66.129s (1m 06s)  32% completed  (66% total)
     Speed:     ev/sec=22471.3   simsec/sec=0.248307   ev/simsec=90498
     Messages:  created: 2180974   present: 6025   in FES: 125
** Event #2038272   t=163.264594668706   Elapsed: 68.1414s (1m 08s)  32% completed  (66% total)
     Speed:     ev/sec=25060.7   simsec/sec=0.627236   ev/simsec=39954.2
     Messages:  created: 2238985   present: 6134   in FES: 155
** Event #2082816   t=164.081327958502   Elapsed: 70.1447s (1m 10s)  32% completed  (66% total)
     Speed:     ev/sec=22235.2   simsec/sec=0.407693   ev/simsec=54539.2
     Messages:  created: 2292918   present: 6137   in FES: 155
** Event #2129152   t=165.000218349759   Elapsed: 72.1473s (1m 12s)  33% completed  (66% total)
     Speed:     ev/sec=23137.3   simsec/sec=0.458836   ev/simsec=50426
     Messages:  created: 2350911   present: 6140   in FES: 146
** Event #2178560   t=165.820492412416   Elapsed: 74.1485s (1m 14s)  33% completed  (66% total)
     Speed:     ev/sec=24690.1   simsec/sec=0.409906   ev/simsec=60233.5
     Messages:  created: 2410993   present: 6068   in FES: 156
** Event #2236672   t=166.139391771868   Elapsed: 76.1551s (1m 16s)  33% completed  (66% total)
     Speed:     ev/sec=28959.2   simsec/sec=0.158919   ev/simsec=182227
     Messages:  created: 2487503   present: 6156   in FES: 155
** Event #2295296   t=166.260369629311   Elapsed: 78.1585s (1m 18s)  33% completed  (66% total)
     Speed:     ev/sec=29262.3   simsec/sec=0.0603864   ev/simsec=484585
     Messages:  created: 2567844   present: 6219   in FES: 156
** Event #2359040   t=166.391845793427   Elapsed: 80.1634s (1m 20s)  33% completed  (66% total)
     Speed:     ev/sec=31795.5   simsec/sec=0.0655802   ev/simsec=484833
     Messages:  created: 2655218   present: 6247   in FES: 156
** Event #2416896   t=166.509448559408   Elapsed: 82.1718s (1m 22s)  33% completed  (66% total)
     Speed:     ev/sec=28807   simsec/sec=0.0585555   ev/simsec=491961
     Messages:  created: 2734330   present: 6225   in FES: 140
** Event #2467328   t=166.764595950436   Elapsed: 84.1796s (1m 24s)  33% completed  (66% total)
     Speed:     ev/sec=25117.9   simsec/sec=0.127077   ev/simsec=197658
     Messages:  created: 2800248   present: 6099   in FES: 156
** Event #2516992   t=167.598049775149   Elapsed: 86.2079s (1m 26s)  33% completed  (66% total)
     Speed:     ev/sec=24484.8   simsec/sec=0.4109   ev/simsec=59588.2
     Messages:  created: 2861751   present: 6166   in FES: 154
** Event #2574592   t=169.404742057935   Elapsed: 88.2161s (1m 28s)  33% completed  (66% total)
     Speed:     ev/sec=28683.4   simsec/sec=0.89969   ev/simsec=31881.5
     Messages:  created: 2928846   present: 6178   in FES: 123
** Event #2623488   t=170.309455148067   Elapsed: 90.2233s (1m 30s)  34% completed  (67% total)
     Speed:     ev/sec=24360.2   simsec/sec=0.450732   ev/simsec=54045.9
     Messages:  created: 2988413   present: 6265   in FES: 185
** Event #2676992   t=171.267159232975   Elapsed: 92.2287s (1m 32s)  34% completed  (67% total)
     Speed:     ev/sec=26679.9   simsec/sec=0.477562   ev/simsec=55866.9
     Messages:  created: 3054088   present: 6266   in FES: 185
** Event #2727936   t=172.060768143654   Elapsed: 94.2346s (1m 34s)  34% completed  (67% total)
     Speed:     ev/sec=25396.4   simsec/sec=0.395626   ev/simsec=64192.8
     Messages:  created: 3117563   present: 6334   in FES: 185
** Event #2785280   t=172.183910702827   Elapsed: 96.2362s (1m 36s)  34% completed  (67% total)
     Speed:     ev/sec=28648.8   simsec/sec=0.0615214   ev/simsec=465672
     Messages:  created: 3195095   present: 6320   in FES: 148
** Event #2842624   t=172.339475129563   Elapsed: 98.2459s (1m 38s)  34% completed  (67% total)
     Speed:     ev/sec=28534.1   simsec/sec=0.077408   ev/simsec=368619
     Messages:  created: 3273641   present: 6347   in FES: 178
** Event #2897408   t=172.4650306817   Elapsed: 100.252s (1m 40s)  34% completed  (67% total)
     Speed:     ev/sec=27307.5   simsec/sec=0.0625842   ev/simsec=436333
     Messages:  created: 3348863   present: 6321   in FES: 148
** Event #2958592   t=172.840860664176   Elapsed: 102.258s (1m 42s)  34% completed  (67% total)
     Speed:     ev/sec=30501.9   simsec/sec=0.187361   ev/simsec=162797
     Messages:  created: 3427966   present: 6224   in FES: 149
** Event #3011328   t=174.121289962241   Elapsed: 104.259s (1m 44s)  34% completed  (67% total)
     Speed:     ev/sec=26359.5   simsec/sec=0.640008   ev/simsec=41186.2
     Messages:  created: 3489432   present: 6341   in FES: 154
** Event #3063552   t=175.090955101451   Elapsed: 106.26s (1m 46s)  35% completed  (67% total)
     Speed:     ev/sec=26093.3   simsec/sec=0.484486   ev/simsec=53857.8
     Messages:  created: 3554001   present: 6378   in FES: 177
** Event #3119616   t=176.241087937733   Elapsed: 108.262s (1m 48s)  35% completed  (67% total)
     Speed:     ev/sec=27998.9   simsec/sec=0.574388   ev/simsec=48745.7
     Messages:  created: 3622913   present: 6382   in FES: 154
** Event #3174656   t=177.097187143188   Elapsed: 110.265s (1m 50s)  35% completed  (67% total)
     Speed:     ev/sec=27488.2   simsec/sec=0.427555   ev/simsec=64291.6
     Messages:  created: 3692270   present: 6472   in FES: 174
** Event #3238912   t=177.256381111547   Elapsed: 112.266s (1m 52s)  35% completed  (67% total)
     Speed:     ev/sec=32102.5   simsec/sec=0.0795338   ev/simsec=403633
     Messages:  created: 3780412   present: 6462   in FES: 156
** Event #3302656   t=177.409901557043   Elapsed: 114.269s (1m 54s)  35% completed  (67% total)
     Speed:     ev/sec=31834.7   simsec/sec=0.0766705   ev/simsec=415215
     Messages:  created: 3868042   present: 6506   in FES: 174
** Event #3356672   t=178.018895511734   Elapsed: 116.272s (1m 56s)  35% completed  (67% total)
     Speed:     ev/sec=26959.4   simsec/sec=0.303949   ev/simsec=88697.1
     Messages:  created: 3939056   present: 6471   in FES: 152
** Event #3409408   t=179.820130932404   Elapsed: 118.273s (1m 58s)  35% completed  (67% total)
     Speed:     ev/sec=26354.6   simsec/sec=0.90016   ev/simsec=29277.7
     Messages:  created: 4000429   present: 6570   in FES: 155
** Event #3466240   t=181.44206923144   Elapsed: 120.278s (2m 00s)  36% completed  (68% total)
     Speed:     ev/sec=28345.5   simsec/sec=0.808958   ev/simsec=35039.6
     Messages:  created: 4069051   present: 6588   in FES: 150
** Event #3516672   t=183.304742057935   Elapsed: 122.281s (2m 02s)  36% completed  (68% total)
     Speed:     ev/sec=25186.1   simsec/sec=0.930232   ev/simsec=27075.1
     Messages:  created: 4127007   present: 6693   in FES: 122
** Event #3569408   t=184.991259913737   Elapsed: 124.284s (2m 04s)  36% completed  (68% total)
     Speed:     ev/sec=26330.6   simsec/sec=0.842064   ev/simsec=31269.2
     Messages:  created: 4190486   present: 6896   in FES: 154
** Event #3628032   t=186.370732303476   Elapsed: 126.287s (2m 06s)  37% completed  (68% total)
     Speed:     ev/sec=29259.8   simsec/sec=0.688508   ev/simsec=42497.4
     Messages:  created: 4261459   present: 6860   in FES: 123
** Event #3671808   t=190.532358820078   Elapsed: 128.304s (2m 08s)  38% completed  (69% total)
     Speed:     ev/sec=21706.8   simsec/sec=2.06358   ev/simsec=10519
     Messages:  created: 4300322   present: 7403   in FES: 154
** Event #3717376   t=195.096077764301   Elapsed: 130.311s (2m 10s)  39% completed  (69% total)
     Speed:     ev/sec=22705.8   simsec/sec=2.27403   ev/simsec=9984.84
     Messages:  created: 4338018   present: 7939   in FES: 140
** Event #3758848   t=199.567630201486   Elapsed: 132.315s (2m 12s)  39% completed  (69% total)
     Speed:     ev/sec=20696   simsec/sec=2.23147   ev/simsec=9274.63
     Messages:  created: 4372185   present: 8440   in FES: 127
** Event #3803392   t=204.53101324693   Elapsed: 134.316s (2m 14s)  40% completed  (70% total)
     Speed:     ev/sec=22255.7   simsec/sec=2.47988   ev/simsec=8974.52
     Messages:  created: 4408685   present: 9080   in FES: 144
** Event #3853056   t=210.020509641   Elapsed: 136.316s (2m 16s)  42% completed  (71% total)
     Speed:     ev/sec=24829   simsec/sec=2.74442   ev/simsec=9047.1
     Messages:  created: 4450577   present: 9758   in FES: 148
** Event #3920896   t=218.575276686632   Elapsed: 138.323s (2m 18s)  43% completed  (71% total)
     Speed:     ev/sec=33802.2   simsec/sec=4.26253   ev/simsec=7930.08
     Messages:  created: 4512156   present: 10702   in FES: 123
** Event #3985920   t=227.02746288065   Elapsed: 140.324s (2m 20s)  45% completed  (72% total)
     Speed:     ev/sec=32495   simsec/sec=4.22388   ev/simsec=7693.16
     Messages:  created: 4571244   present: 11810   in FES: 162
** Event #4047360   t=235.014470564001   Elapsed: 142.326s (2m 22s)  47% completed  (73% total)
     Speed:     ev/sec=30697.6   simsec/sec=3.99059   ev/simsec=7692.49
     Messages:  created: 4627051   present: 6162   in FES: 160
** Event #4110080   t=243.02590975943   Elapsed: 144.329s (2m 24s)  48% completed  (74% total)
     Speed:     ev/sec=31308.4   simsec/sec=3.99913   ev/simsec=7828.81
     Messages:  created: 4684030   present: 2093   in FES: 124
** Event #4171776   t=251.014475174513   Elapsed: 146.33s (2m 26s)  50% completed  (75% total)
     Speed:     ev/sec=30839   simsec/sec=3.99311   ev/simsec=7723.04
     Messages:  created: 4740081   present: 3062   in FES: 129
** Event #4238336   t=259.529607631062   Elapsed: 148.334s (2m 28s)  51% completed  (75% total)
     Speed:     ev/sec=33207.4   simsec/sec=4.24828   ev/simsec=7816.67
     Messages:  created: 4800623   present: 4142   in FES: 147
** Event #4295680   t=267.00022296598   Elapsed: 150.337s (2m 30s)  53% completed  (76% total)
     Speed:     ev/sec=28623.4   simsec/sec=3.72898   ev/simsec=7675.94
     Messages:  created: 4852649   present: 4976   in FES: 128
** Event #4356352   t=274.576883640559   Elapsed: 152.341s (2m 32s)  54% completed  (77% total)
     Speed:     ev/sec=30285.4   simsec/sec=3.78201   ev/simsec=8007.75
     Messages:  created: 4907950   present: 5958   in FES: 154
** Event #4419072   t=279.60839313615   Elapsed: 154.342s (2m 34s)  55% completed  (77% total)
     Speed:     ev/sec=31332.4   simsec/sec=2.51354   ev/simsec=12465.4
     Messages:  created: 4975266   present: 6473   in FES: 154
** Event #4485120   t=283.441536210039   Elapsed: 156.346s (2m 36s)  56% completed  (78% total)
     Speed:     ev/sec=32957.3   simsec/sec=1.9127   ev/simsec=17230.8
     Messages:  created: 5052324   present: 6732   in FES: 137
** Event #4553216   t=287.658581336205   Elapsed: 158.349s (2m 38s)  57% completed  (78% total)
     Speed:     ev/sec=33998.9   simsec/sec=2.10548   ev/simsec=16147.8
     Messages:  created: 5129222   present: 7102   in FES: 130
** Event #4617984   t=292.408581525863   Elapsed: 160.349s (2m 40s)  58% completed  (79% total)
     Speed:     ev/sec=32382.3   simsec/sec=2.37488   ev/simsec=13635.4
     Messages:  created: 5201098   present: 7486   in FES: 125
** Event #4683776   t=297.048161870292   Elapsed: 162.351s (2m 42s)  59% completed  (79% total)
     Speed:     ev/sec=32879.1   simsec/sec=2.3186   ev/simsec=14180.6
     Messages:  created: 5273756   present: 7931   in FES: 145
** Event #4751616   t=301.992777076562   Elapsed: 164.355s (2m 44s)  60% completed  (80% total)
     Speed:     ev/sec=33840.8   simsec/sec=2.46654   ev/simsec=13720
     Messages:  created: 5349136   present: 8361   in FES: 164
** Event #4818432   t=306.579032791229   Elapsed: 166.363s (2m 46s)  61% completed  (80% total)
     Speed:     ev/sec=33273.1   simsec/sec=2.28387   ev/simsec=14568.7
     Messages:  created: 5422630   present: 8677   in FES: 125
** Event #4883200   t=311.242762493703   Elapsed: 168.367s (2m 48s)  62% completed  (81% total)
     Speed:     ev/sec=32322.9   simsec/sec=2.32747   ev/simsec=13887.6
     Messages:  created: 5494311   present: 9141   in FES: 155
** Event #4947968   t=315.988443507579   Elapsed: 170.369s (2m 50s)  63% completed  (81% total)
     Speed:     ev/sec=32348.8   simsec/sec=2.37026   ev/simsec=13647.8
     Messages:  created: 5565946   present: 9529   in FES: 154
** Event #5011712   t=320.408543932641   Elapsed: 172.372s (2m 52s)  64% completed  (82% total)
     Speed:     ev/sec=31836.2   simsec/sec=2.20757   ev/simsec=14421.4
     Messages:  created: 5635778   present: 9896   in FES: 164
** Event #5070336   t=324.514594726525   Elapsed: 174.383s (2m 54s)  64% completed  (82% total)
     Speed:     ev/sec=29141.7   simsec/sec=2.0411   ev/simsec=14277.5
     Messages:  created: 5699511   present: 10244   in FES: 155
** Event #5128960   t=328.522901460011   Elapsed: 176.4s (2m 56s)  65% completed  (82% total)
     Speed:     ev/sec=29072.4   simsec/sec=1.98777   ev/simsec=14625.6
     Messages:  created: 5762784   present: 10602   in FES: 154
** Event #5186560   t=332.380162466759   Elapsed: 178.404s (2m 58s)  66% completed  (83% total)
     Speed:     ev/sec=28738   simsec/sec=1.92448   ev/simsec=14932.9
     Messages:  created: 5823962   present: 10892   in FES: 153
** Event #5236736   t=335.630171190315   Elapsed: 180.406s (3m 00s)  67% completed  (83% total)
     Speed:     ev/sec=25068.4   simsec/sec=1.62374   ev/simsec=15438.7
     Messages:  created: 5877177   present: 11179   in FES: 164
** Event #5290496   t=339.238662440607   Elapsed: 182.41s (3m 02s)  67% completed  (83% total)
     Speed:     ev/sec=26822   simsec/sec=1.80035   ev/simsec=14898.2
     Messages:  created: 5933790   present: 11487   in FES: 155
** Event #5341184   t=342.545582774724   Elapsed: 184.416s (3m 04s)  68% completed  (84% total)
     Speed:     ev/sec=25269.1   simsec/sec=1.64857   ev/simsec=15327.9
     Messages:  created: 5986427   present: 11732   in FES: 139
** Event #5395200   t=346.026635920504   Elapsed: 186.421s (3m 06s)  69% completed  (84% total)
     Speed:     ev/sec=26943.7   simsec/sec=1.73638   ev/simsec=15517.1
     Messages:  created: 6042568   present: 12074   in FES: 153
** Event #5446144   t=349.158581094878   Elapsed: 188.422s (3m 08s)  69% completed  (84% total)
     Speed:     ev/sec=25457.4   simsec/sec=1.56507   ev/simsec=16265.9
     Messages:  created: 6094623   present: 12307   in FES: 143
** Event #5497600   t=352.532608100238   Elapsed: 190.441s (3m 10s)  70% completed  (85% total)
     Speed:     ev/sec=25480.9   simsec/sec=1.67081   ev/simsec=15250.6
     Messages:  created: 6147549   present: 12613   in FES: 150
** Event #5547520   t=355.532608099904   Elapsed: 192.448s (3m 12s)  71% completed  (85% total)
     Speed:     ev/sec=24873.3   simsec/sec=1.49479   ev/simsec=16640
     Messages:  created: 6199728   present: 12886   in FES: 171
** Event #5598464   t=358.529667423705   Elapsed: 194.468s (3m 14s)  71% completed  (85% total)
     Speed:     ev/sec=25220.7   simsec/sec=1.48375   ev/simsec=16998
     Messages:  created: 6253597   present: 13124   in FES: 169
** Event #5650432   t=361.529948876626   Elapsed: 196.477s (3m 16s)  72% completed  (86% total)
     Speed:     ev/sec=25869   simsec/sec=1.4935   ev/simsec=17321
     Messages:  created: 6309178   present: 12848   in FES: 160
** Event #5696000   t=364.408581650852   Elapsed: 198.478s (3m 18s)  72% completed  (86% total)
     Speed:     ev/sec=22773.4   simsec/sec=1.43865   ev/simsec=15829.7
     Messages:  created: 6356271   present: 2884   in FES: 129
** Event #5752576   t=368.028522781855   Elapsed: 200.486s (3m 20s)  73% completed  (86% total)
     Speed:     ev/sec=28175.9   simsec/sec=1.8028   ev/simsec=15629
     Messages:  created: 6415189   present: 3249   in FES: 148
** Event #5802752   t=371.238665197109   Elapsed: 202.487s (3m 22s)  74% completed  (87% total)
     Speed:     ev/sec=25078.9   simsec/sec=1.60449   ev/simsec=15630.5
     Messages:  created: 6467362   present: 3460   in FES: 142
** Event #5853952   t=374.560873763681   Elapsed: 204.487s (3m 24s)  74% completed  (87% total)
     Speed:     ev/sec=25595.4   simsec/sec=1.66081   ev/simsec=15411.4
     Messages:  created: 6520938   present: 3778   in FES: 140
** Event #5911808   t=378.150418606451   Elapsed: 206.488s (3m 26s)  75% completed  (87% total)
     Speed:     ev/sec=28907.7   simsec/sec=1.79351   ev/simsec=16117.9
     Messages:  created: 6582763   present: 4085   in FES: 156
** Event #5967872   t=381.526168759783   Elapsed: 208.495s (3m 28s)  76% completed  (88% total)
     Speed:     ev/sec=27936.8   simsec/sec=1.68214   ev/simsec=16607.9
     Messages:  created: 6644606   present: 4371   in FES: 144
** Event #6035968   t=385.000164217013   Elapsed: 210.499s (3m 30s)  77% completed  (88% total)
     Speed:     ev/sec=33989.7   simsec/sec=1.73403   ev/simsec=19601.6
     Messages:  created: 6722773   present: 4600   in FES: 125
** Event #6087936   t=389.002959027464   Elapsed: 212.501s (3m 32s)  77% completed  (88% total)
     Speed:     ev/sec=25951.2   simsec/sec=1.99887   ev/simsec=12982.9
     Messages:  created: 6776443   present: 5105   in FES: 163
** Event #6136064   t=394.55208032698   Elapsed: 214.503s (3m 34s)  78% completed  (89% total)
     Speed:     ev/sec=24043   simsec/sec=2.77214   ev/simsec=8673.08
     Messages:  created: 6818267   present: 5540   in FES: 149
** Event #6184960   t=400.096076717698   Elapsed: 216.504s (3m 36s)  80% completed  (90% total)
     Speed:     ev/sec=24430.6   simsec/sec=2.77003   ev/simsec=8819.63
     Messages:  created: 6860584   present: 4624   in FES: 153
** Event #6218752   t=403.608394940652   Elapsed: 218.505s (3m 38s)  80% completed  (90% total)
     Speed:     ev/sec=16886.1   simsec/sec=1.75513   ev/simsec=9621
     Messages:  created: 6888095   present: 5040   in FES: 154
** Event #6256640   t=407.5937755584   Elapsed: 220.52s (3m 40s)  81% completed  (90% total)
     Speed:     ev/sec=18807.9   simsec/sec=1.97837   ev/simsec=9506.75
     Messages:  created: 6919126   present: 5507   in FES: 144
** Event #6297856   t=412.025414237414   Elapsed: 222.529s (3m 42s)  82% completed  (91% total)
     Speed:     ev/sec=20512.3   simsec/sec=2.20553   ev/simsec=9300.4
     Messages:  created: 6952659   present: 6005   in FES: 135
** Event #6333952   t=415.574102958016   Elapsed: 224.541s (3m 44s)  83% completed  (91% total)
     Speed:     ev/sec=17946.1   simsec/sec=1.76433   ev/simsec=10171.6
     Messages:  created: 6981935   present: 6446   in FES: 142
** Event #6371584   t=419.529124910194   Elapsed: 226.551s (3m 46s)  83% completed  (91% total)
     Speed:     ev/sec=18716.4   simsec/sec=1.96705   ev/simsec=9514.99
     Messages:  created: 7012510   present: 6973   in FES: 154
** Event #6409984   t=423.526472945627   Elapsed: 228.557s (3m 48s)  84% completed  (92% total)
     Speed:     ev/sec=19149.1   simsec/sec=1.99337   ev/simsec=9606.37
     Messages:  created: 7043819   present: 7509   in FES: 185
** Event #6452480   t=428.016615387999   Elapsed: 230.558s (3m 50s)  85% completed  (92% total)
     Speed:     ev/sec=21235.8   simsec/sec=2.24378   ev/simsec=9464.29
     Messages:  created: 7078530   present: 7971   in FES: 152
** Event #6504960   t=433.521580582531   Elapsed: 232.561s (3m 52s)  86% completed  (93% total)
     Speed:     ev/sec=26196   simsec/sec=2.74787   ev/simsec=9533.21
     Messages:  created: 7121469   present: 8577   in FES: 133
** Event #6545920   t=437.568985876991   Elapsed: 234.583s (3m 54s)  87% completed  (93% total)
     Speed:     ev/sec=20254.8   simsec/sec=2.00145   ev/simsec=10120.1
     Messages:  created: 7155300   present: 9081   in FES: 140
** Event #6590976   t=442.52453361325   Elapsed: 236.585s (3m 56s)  88% completed  (94% total)
     Speed:     ev/sec=22510.8   simsec/sec=2.47588   ev/simsec=9092.03
     Messages:  created: 7192291   present: 9898   in FES: 212
** Event #6630400   t=446.538464926974   Elapsed: 238.599s (3m 58s)  89% completed  (94% total)
     Speed:     ev/sec=19576.4   simsec/sec=1.99316   ev/simsec=9821.79
     Messages:  created: 7224812   present: 10187   in FES: 149
** Event #6677504   t=451.538360326337   Elapsed: 240.6s (4m 00s)  90% completed  (95% total)
     Speed:     ev/sec=23538.7   simsec/sec=2.49854   ev/simsec=9421
     Messages:  created: 7263679   present: 10790   in FES: 154
** Event #6727168   t=457.529671954756   Elapsed: 242.611s (4m 02s)  91% completed  (95% total)
     Speed:     ev/sec=24699.2   simsec/sec=2.97963   ev/simsec=8289.34
     Messages:  created: 7306661   present: 11513   in FES: 151
** Event #6793472   t=466.024472947697   Elapsed: 244.613s (4m 04s)  93% completed  (96% total)
     Speed:     ev/sec=33118.7   simsec/sec=4.24314   ev/simsec=7805.24
     Messages:  created: 7366755   present: 12449   in FES: 123
** Event #6857984   t=474.087102438196   Elapsed: 246.62s (4m 06s)  94% completed  (97% total)
     Speed:     ev/sec=32143.6   simsec/sec=4.01727   ev/simsec=8001.36
     Messages:  created: 7425481   present: 13505   in FES: 153
** Event #6928896   t=483.507293309104   Elapsed: 248.623s (4m 08s)  96% completed  (98% total)
     Speed:     ev/sec=35398.1   simsec/sec=4.7024   ev/simsec=7527.66
     Messages:  created: 7489728   present: 14564   in FES: 145
** Event #6991104   t=491.505508799481   Elapsed: 250.626s (4m 10s)  98% completed  (99% total)
     Speed:     ev/sec=31050.6   simsec/sec=3.99225   ev/simsec=7777.73
     Messages:  created: 7546282   present: 4912   in FES: 148
** Event #7046912   t=498.538610263651   Elapsed: 252.631s (4m 12s)  99% completed  (99% total)
     Speed:     ev/sec=27833.3   simsec/sec=3.50764   ev/simsec=7935.05
     Messages:  created: 7597086   present: 5772   in FES: 154
** Event #7057068   t=500   Elapsed: 252.998s (4m 12s)  100% completed  (100% total)
     Speed:     ev/sec=27695.2   simsec/sec=3.96523   ev/simsec=6984.52
     Messages:  created: 7606170   present: 5857   in FES: 122

<!> Simulation time limit reached -- at t=500s, event #7057068
undisposed object: (omnetpp::cMessage) FanetSarNetwork.groundStation.app.debugTimer -- check module destructor
undisposed object: (omnetpp::cMessage) FanetSarNetwork.uav[0].app.debugTimer -- check module destructor
undisposed object: (omnetpp::cMessage) FanetSarNetwork.uav[1].app.debugTimer -- check module destructor
undisposed object: (omnetpp::cMessage) FanetSarNetwork.uav[2].app.debugTimer -- check module destructor
undisposed object: (omnetpp::cMessage) FanetSarNetwork.uav[3].app.debugTimer -- check module destructor
undisposed object: (omnetpp::cMessage) FanetSarNetwork.uav[4].app.debugTimer -- check module destructor
undisposed object: (omnetpp::cMessage) FanetSarNetwork.uav[5].app.debugTimer -- check module destructor
undisposed object: (omnetpp::cMessage) FanetSarNetwork.uav[6].app.debugTimer -- check module destructor
undisposed object: (omnetpp::cMessage) FanetSarNetwork.uav[7].app.debugTimer -- check module destructor
undisposed object: (omnetpp::cMessage) FanetSarNetwork.uav[8].app.debugTimer -- check module destructor
undisposed object: (omnetpp::cMessage) FanetSarNetwork.uav[9].app.debugTimer -- check module destructor
undisposed object: (omnetpp::cMessage) FanetSarNetwork.uav[10].app.debugTimer -- check module destructor
undisposed object: (omnetpp::cMessage) FanetSarNetwork.uav[11].app.debugTimer -- check module destructor
undisposed object: (omnetpp::cMessage) FanetSarNetwork.uav[12].app.debugTimer -- check module destructor
undisposed object: (omnetpp::cMessage) FanetSarNetwork.uav[13].app.debugTimer -- check module destructor
undisposed object: (omnetpp::cMessage) FanetSarNetwork.uav[14].app.debugTimer -- check module destructor
undisposed object: (omnetpp::cMessage) FanetSarNetwork.uav[15].app.debugTimer -- check module destructor
undisposed object: (omnetpp::cMessage) FanetSarNetwork.uav[16].app.debugTimer -- check module destructor
undisposed object: (omnetpp::cMessage) FanetSarNetwork.uav[17].app.debugTimer -- check module destructor
undisposed object: (omnetpp::cMessage) FanetSarNetwork.uav[18].app.debugTimer -- check module destructor
undisposed object: (omnetpp::cMessage) FanetSarNetwork.uav[19].app.debugTimer -- check module destructor
undisposed object: (omnetpp::cMessage) FanetSarNetwork.uav[20].app.debugTimer -- check module destructor
undisposed object: (omnetpp::cMessage) FanetSarNetwork.uav[21].app.debugTimer -- check module destructor
undisposed object: (omnetpp::cMessage) FanetSarNetwork.uav[22].app.debugTimer -- check module destructor
undisposed object: (omnetpp::cMessage) FanetSarNetwork.uav[23].app.debugTimer -- check module destructor
undisposed object: (omnetpp::cMessage) FanetSarNetwork.uav[24].app.debugTimer -- check module destructor
undisposed object: (omnetpp::cMessage) FanetSarNetwork.uav[25].app.debugTimer -- check module destructor
undisposed object: (omnetpp::cMessage) FanetSarNetwork.uav[26].app.debugTimer -- check module destructor
undisposed object: (omnetpp::cMessage) FanetSarNetwork.uav[27].app.debugTimer -- check module destructor
undisposed object: (omnetpp::cMessage) FanetSarNetwork.uav[28].app.debugTimer -- check module destructor
undisposed object: (omnetpp::cMessage) FanetSarNetwork.uav[29].app.debugTimer -- check module destructor
