** Event #0   t=0   Elapsed: 2e-05s (0m 00s)  0% completed  (0% total)
     Speed:     ev/sec=0   simsec/sec=0   ev/simsec=0
     Messages:  created: 1178   present: 1178   in FES: 186
** Event #86272   t=4.518448655301   Elapsed: 2.0126s (0m 02s)  0% completed  (0% total)
     Speed:     ev/sec=42866.9   simsec/sec=2.2451   ev/simsec=19093.5
     Messages:  created: 77517   present: 1290   in FES: 159
** Event #166912   t=8.528929387876   Elapsed: 4.01355s (0m 04s)  1% completed  (0% total)
     Speed:     ev/sec=40300.7   simsec/sec=2.00428   ev/simsec=20107.3
     Messages:  created: 153054   present: 1562   in FES: 212
** Event #238080   t=11.524236401986   Elapsed: 6.01607s (0m 06s)  2% completed  (1% total)
     Speed:     ev/sec=35539.2   simsec/sec=1.49577   ev/simsec=23759.8
     Messages:  created: 218092   present: 1209   in FES: 147
** Event #297984   t=13.531928210074   Elapsed: 8.02013s (0m 08s)  2% completed  (1% total)
     Speed:     ev/sec=29891.4   simsec/sec=1.00181   ev/simsec=29837.2
     Messages:  created: 274149   present: 1313   in FES: 188
** Event #361984   t=14.578883821869   Elapsed: 10.022s (0m 10s)  2% completed  (1% total)
     Speed:     ev/sec=31970.2   simsec/sec=0.52299   ev/simsec=61129.6
     Messages:  created: 335033   present: 1373   in FES: 151
** Event #424448   t=15.605599001913   Elapsed: 12.0224s (0m 12s)  3% completed  (1% total)
     Speed:     ev/sec=31225.8   simsec/sec=0.513256   ev/simsec=60838.7
     Messages:  created: 393562   present: 1299   in FES: 154
** Event #492288   t=19.578616001508   Elapsed: 14.0311s (0m 14s)  3% completed  (1% total)
     Speed:     ev/sec=33773.1   simsec/sec=1.9779   ev/simsec=17075.2
     Messages:  created: 454111   present: 1261   in FES: 160
** Event #562432   t=23.528897495918   Elapsed: 16.0346s (0m 16s)  4% completed  (2% total)
     Speed:     ev/sec=35010.6   simsec/sec=1.97168   ev/simsec=17756.7
     Messages:  created: 517195   present: 1183   in FES: 140
** Event #625408   t=25.599141184193   Elapsed: 18.0375s (0m 18s)  5% completed  (2% total)
     Speed:     ev/sec=31442.5   simsec/sec=1.03363   ev/simsec=30419.6
     Messages:  created: 575748   present: 1282   in FES: 186
** Event #692480   t=28.530394523731   Elapsed: 20.0433s (0m 20s)  5% completed  (2% total)
     Speed:     ev/sec=33438.1   simsec/sec=1.46135   ev/simsec=22881.7
     Messages:  created: 638211   present: 1239   in FES: 154
** Event #757760   t=33.023223999816   Elapsed: 22.0508s (0m 22s)  6% completed  (3% total)
     Speed:     ev/sec=32519   simsec/sec=2.23808   ev/simsec=14529.8
     Messages:  created: 702596   present: 1194   in FES: 147
** Event #818176   t=34.590077791244   Elapsed: 24.0584s (0m 24s)  6% completed  (3% total)
     Speed:     ev/sec=30093.5   simsec/sec=0.780458   ev/simsec=38558.8
     Messages:  created: 761423   present: 1144   in FES: 137
** Event #875776   t=36.517976141134   Elapsed: 26.0616s (0m 26s)  7% completed  (3% total)
     Speed:     ev/sec=28753.8   simsec/sec=0.962404   ev/simsec=29877.1
     Messages:  created: 816869   present: 1317   in FES: 185
** Event #934912   t=37.538596522221   Elapsed: 28.0756s (0m 28s)  7% completed  (3% total)
     Speed:     ev/sec=29362.5   simsec/sec=0.506764   ev/simsec=57941.2
     Messages:  created: 873284   present: 1309   in FES: 155
** Event #999680   t=39.570908001285   Elapsed: 30.0799s (0m 30s)  7% completed  (3% total)
     Speed:     ev/sec=32314.6   simsec/sec=1.01398   ev/simsec=31869.1
     Messages:  created: 933981   present: 1226   in FES: 155
** Event #1068032   t=42.595566794417   Elapsed: 32.0861s (0m 32s)  8% completed  (4% total)
     Speed:     ev/sec=34071   simsec/sec=1.50768   ev/simsec=22598.3
     Messages:  created: 997185   present: 1129   in FES: 132
** Event #1135616   t=46.519708981536   Elapsed: 34.0941s (0m 34s)  9% completed  (4% total)
     Speed:     ev/sec=33656.4   simsec/sec=1.9542   ev/simsec=17222.6
     Messages:  created: 1058571   present: 1273   in FES: 192
** Event #1204480   t=49.555776966177   Elapsed: 36.0944s (0m 36s)  9% completed  (4% total)
     Speed:     ev/sec=34427   simsec/sec=1.51781   ev/simsec=22682
     Messages:  created: 1122169   present: 1391   in FES: 185
** Event #1272832   t=53.551660385262   Elapsed: 38.1021s (0m 38s)  10% completed  (5% total)
     Speed:     ev/sec=34044.7   simsec/sec=1.99026   ev/simsec=17105.6
     Messages:  created: 1185637   present: 1216   in FES: 149
** Event #1343488   t=58.582913614129   Elapsed: 40.1059s (0m 40s)  11% completed  (5% total)
     Speed:     ev/sec=35261.7   simsec/sec=2.51091   ev/simsec=14043.4
     Messages:  created: 1255494   present: 1247   in FES: 154
** Event #1413632   t=61.599805840979   Elapsed: 42.1073s (0m 42s)  12% completed  (6% total)
     Speed:     ev/sec=35046.6   simsec/sec=1.50735   ev/simsec=23250.4
     Messages:  created: 1326631   present: 1280   in FES: 163
** Event #1485312   t=66.596265392734   Elapsed: 44.1082s (0m 44s)  13% completed  (6% total)
     Speed:     ev/sec=35824   simsec/sec=2.49711   ev/simsec=14346.2
     Messages:  created: 1398047   present: 1236   in FES: 152
** Event #1555200   t=72.592075406088   Elapsed: 46.1122s (0m 46s)  14% completed  (7% total)
     Speed:     ev/sec=34874.7   simsec/sec=2.99196   ev/simsec=11656.1
     Messages:  created: 1466603   present: 1226   in FES: 152
** Event #1621760   t=75.531558906769   Elapsed: 48.113s (0m 48s)  15% completed  (7% total)
     Speed:     ev/sec=33267.6   simsec/sec=1.4692   ev/simsec=22643.4
     Messages:  created: 1531208   present: 1378   in FES: 194
** Event #1692160   t=77.549217027953   Elapsed: 50.1171s (0m 50s)  15% completed  (7% total)
     Speed:     ev/sec=35126.6   simsec/sec=1.00672   ev/simsec=34891.9
     Messages:  created: 1595930   present: 1206   in FES: 125
** Event #1766144   t=81.564456890377   Elapsed: 52.122s (0m 52s)  16% completed  (8% total)
     Speed:     ev/sec=36902.2   simsec/sec=2.00275   ev/simsec=18425.8
     Messages:  created: 1664032   present: 1221   in FES: 154
** Event #1835264   t=85.566544801295   Elapsed: 54.1273s (0m 54s)  17% completed  (8% total)
     Speed:     ev/sec=34468.7   simsec/sec=1.99576   ev/simsec=17271
     Messages:  created: 1728468   present: 1233   in FES: 159
** Event #1903104   t=89.565120429557   Elapsed: 56.1274s (0m 56s)  17% completed  (8% total)
     Speed:     ev/sec=33918.6   simsec/sec=1.99921   ev/simsec=16966
     Messages:  created: 1792506   present: 1244   in FES: 157
** Event #1964032   t=92.58939761561   Elapsed: 58.128s (0m 58s)  18% completed  (9% total)
     Speed:     ev/sec=30454.1   simsec/sec=1.51165   ev/simsec=20146.3
     Messages:  created: 1852691   present: 1212   in FES: 153
** Event #2035968   t=96.600523882412   Elapsed: 60.1312s (1m 00s)  19% completed  (9% total)
     Speed:     ev/sec=35911.7   simsec/sec=2.00242   ev/simsec=17934.1
     Messages:  created: 1924911   present: 1259   in FES: 153
** Event #2106624   t=100.588558403213   Elapsed: 62.1438s (1m 02s)  20% completed  (10% total)
     Speed:     ev/sec=35107   simsec/sec=1.98154   ev/simsec=17717
     Messages:  created: 1996130   present: 1277   in FES: 172
** Event #2179072   t=106.022768523908   Elapsed: 64.1546s (1m 04s)  21% completed  (10% total)
     Speed:     ev/sec=36028.3   simsec/sec=2.70242   ev/simsec=13331.8
     Messages:  created: 2067685   present: 1893   in FES: 184
** Event #2241280   t=109.040224752858   Elapsed: 66.1565s (1m 06s)  21% completed  (10% total)
     Speed:     ev/sec=31074.4   simsec/sec=1.50729   ev/simsec=20616
     Messages:  created: 2127838   present: 1277   in FES: 154
** Event #2303488   t=110.557189109818   Elapsed: 68.1596s (1m 08s)  22% completed  (11% total)
     Speed:     ev/sec=31056.4   simsec/sec=0.757321   ev/simsec=41008.2
     Messages:  created: 2186165   present: 1571   in FES: 167
** Event #2360064   t=111.593147940605   Elapsed: 70.1654s (1m 10s)  22% completed  (11% total)
     Speed:     ev/sec=28205.9   simsec/sec=0.516475   ev/simsec=54612.2
     Messages:  created: 2239221   present: 1700   in FES: 153
** Event #2416896   t=113.586201881473   Elapsed: 72.1706s (1m 12s)  22% completed  (11% total)
     Speed:     ev/sec=28342.2   simsec/sec=0.99394   ev/simsec=28515
     Messages:  created: 2290418   present: 1887   in FES: 152
** Event #2484480   t=116.097098327974   Elapsed: 74.176s (1m 14s)  23% completed  (11% total)
     Speed:     ev/sec=33700.8   simsec/sec=1.25206   ev/simsec=26916.3
     Messages:  created: 2350660   present: 2089   in FES: 138
** Event #2543104   t=118.602729756032   Elapsed: 76.1823s (1m 16s)  23% completed  (11% total)
     Speed:     ev/sec=29220.4   simsec/sec=1.2489   ev/simsec=23396.9
     Messages:  created: 2403076   present: 2438   in FES: 123
** Event #2609152   t=121.608362922497   Elapsed: 78.1857s (1m 18s)  24% completed  (12% total)
     Speed:     ev/sec=32968.4   simsec/sec=1.50029   ev/simsec=21974.7
     Messages:  created: 2460846   present: 2818   in FES: 137
** Event #2672128   t=124.58041491249   Elapsed: 80.1972s (1m 20s)  24% completed  (12% total)
     Speed:     ev/sec=31308.3   simsec/sec=1.47754   ev/simsec=21189.4
     Messages:  created: 2516616   present: 3162   in FES: 147
** Event #2731264   t=127.5901988209   Elapsed: 82.1986s (1m 22s)  25% completed  (12% total)
     Speed:     ev/sec=29546.9   simsec/sec=1.50382   ev/simsec=19647.9
     Messages:  created: 2569600   present: 3529   in FES: 145
** Event #2790400   t=130.594402177501   Elapsed: 84.2007s (1m 24s)  26% completed  (13% total)
     Speed:     ev/sec=29537.5   simsec/sec=1.50055   ev/simsec=19684.4
     Messages:  created: 2624593   present: 3835   in FES: 134
** Event #2847744   t=133.048657303497   Elapsed: 86.2014s (1m 26s)  26% completed  (13% total)
     Speed:     ev/sec=28661.2   simsec/sec=1.22667   ev/simsec=23365.1
     Messages:  created: 2679409   present: 4158   in FES: 150
** Event #2899968   t=134.520124995088   Elapsed: 88.2105s (1m 28s)  26% completed  (13% total)
     Speed:     ev/sec=25994.2   simsec/sec=0.732414   ev/simsec=35491.1
     Messages:  created: 2728152   present: 4295   in FES: 124
** Event #2953984   t=135.524580164805   Elapsed: 90.222s (1m 30s)  27% completed  (13% total)
     Speed:     ev/sec=26852.7   simsec/sec=0.49934   ev/simsec=53776.4
     Messages:  created: 2779098   present: 4647   in FES: 185
** Event #3010560   t=136.601644792607   Elapsed: 92.2304s (1m 32s)  27% completed  (13% total)
     Speed:     ev/sec=28170.1   simsec/sec=0.536287   ev/simsec=52528
     Messages:  created: 2832020   present: 4617   in FES: 158
** Event #3074304   t=138.561268968962   Elapsed: 94.2401s (1m 34s)  27% completed  (13% total)
     Speed:     ev/sec=31718   simsec/sec=0.975077   ev/simsec=32528.7
     Messages:  created: 2891083   present: 5106   in FES: 216
** Event #3132160   t=140.554938235102   Elapsed: 96.2487s (1m 36s)  28% completed  (14% total)
     Speed:     ev/sec=28804.3   simsec/sec=0.992572   ev/simsec=29019.9
     Messages:  created: 2944960   present: 5136   in FES: 152
** Event #3192064   t=142.593654155064   Elapsed: 98.2491s (1m 38s)  28% completed  (14% total)
     Speed:     ev/sec=29946   simsec/sec=1.01915   ev/simsec=29383.2
     Messages:  created: 3001405   present: 5388   in FES: 154
** Event #3252736   t=145.559650482628   Elapsed: 100.249s (1m 40s)  29% completed  (14% total)
     Speed:     ev/sec=30331.8   simsec/sec=1.4828   ev/simsec=20455.9
     Messages:  created: 3057234   present: 5734   in FES: 153
** Event #3316992   t=149.0143586464   Elapsed: 102.254s (1m 42s)  29% completed  (14% total)
     Speed:     ev/sec=32052.5   simsec/sec=1.72329   ev/simsec=18599.5
     Messages:  created: 3114710   present: 6035   in FES: 138
** Event #3377920   t=151.571404516173   Elapsed: 104.257s (1m 44s)  30% completed  (15% total)
     Speed:     ev/sec=30426.7   simsec/sec=1.27696   ev/simsec=23827.5
     Messages:  created: 3169645   present: 6407   in FES: 154
** Event #3442432   t=156.084424308801   Elapsed: 106.257s (1m 46s)  31% completed  (15% total)
     Speed:     ev/sec=32243.6   simsec/sec=2.25564   ev/simsec=14294.6
     Messages:  created: 3230244   present: 6921   in FES: 154
** Event #3505920   t=160.607286350191   Elapsed: 108.263s (1m 48s)  32% completed  (16% total)
     Speed:     ev/sec=31651.8   simsec/sec=2.25486   ev/simsec=14037.1
     Messages:  created: 3292360   present: 7435   in FES: 134
** Event #3571200   t=163.570982487334   Elapsed: 110.267s (1m 50s)  32% completed  (16% total)
     Speed:     ev/sec=32573.6   simsec/sec=1.47883   ev/simsec=22026.5
     Messages:  created: 3358051   present: 7845   in FES: 150
** Event #3643904   t=169.860436798423   Elapsed: 112.269s (1m 52s)  33% completed  (16% total)
     Speed:     ev/sec=36314.2   simsec/sec=3.14146   ev/simsec=11559.7
     Messages:  created: 3428358   present: 8488   in FES: 122
** Event #3714816   t=175.532561233028   Elapsed: 114.277s (1m 54s)  35% completed  (17% total)
     Speed:     ev/sec=35321.7   simsec/sec=2.82532   ev/simsec=12501.8
     Messages:  created: 3497244   present: 9266   in FES: 149
** Event #3790080   t=181.556612150673   Elapsed: 116.278s (1m 56s)  36% completed  (18% total)
     Speed:     ev/sec=37610.9   simsec/sec=3.01034   ev/simsec=12493.9
     Messages:  created: 3570798   present: 9948   in FES: 129
** Event #3855872   t=186.602543371605   Elapsed: 118.28s (1m 58s)  37% completed  (18% total)
     Speed:     ev/sec=32858.1   simsec/sec=2.52006   ev/simsec=13038.6
     Messages:  created: 3634402   present: 10641   in FES: 157
** Event #3926272   t=192.048659046151   Elapsed: 120.283s (2m 00s)  38% completed  (19% total)
     Speed:     ev/sec=35148.6   simsec/sec=2.71908   ev/simsec=12926.6
     Messages:  created: 3702981   present: 11201   in FES: 137
** Event #3997696   t=198.540748404441   Elapsed: 122.286s (2m 02s)  39% completed  (19% total)
     Speed:     ev/sec=35664.4   simsec/sec=3.24172   ev/simsec=11001.7
     Messages:  created: 3771681   present: 12125   in FES: 183
** Event #4069120   t=203.569508977291   Elapsed: 124.288s (2m 04s)  40% completed  (20% total)
     Speed:     ev/sec=35669   simsec/sec=2.51135   ev/simsec=14203.1
     Messages:  created: 3841163   present: 12652   in FES: 154
** Event #4139520   t=209.555538581839   Elapsed: 126.292s (2m 06s)  41% completed  (20% total)
     Speed:     ev/sec=35129.3   simsec/sec=2.987   ev/simsec=11760.7
     Messages:  created: 3909712   present: 13364   in FES: 153
** Event #4210176   t=215.516663977505   Elapsed: 128.3s (2m 08s)  43% completed  (21% total)
     Speed:     ev/sec=35195   simsec/sec=2.96934   ev/simsec=11852.8
     Messages:  created: 3977905   present: 14036   in FES: 149
** Event #4281344   t=220.572952189789   Elapsed: 130.303s (2m 10s)  44% completed  (22% total)
     Speed:     ev/sec=35530.3   simsec/sec=2.52433   ev/simsec=14075.1
     Messages:  created: 4048081   present: 14682   in FES: 157
** Event #4354304   t=226.602426924429   Elapsed: 132.307s (2m 12s)  45% completed  (22% total)
     Speed:     ev/sec=36414.3   simsec/sec=3.0093   ev/simsec=12100.6
     Messages:  created: 4118162   present: 15524   in FES: 184
** Event #4426752   t=232.08433650913   Elapsed: 134.311s (2m 14s)  46% completed  (23% total)
     Speed:     ev/sec=36148.4   simsec/sec=2.73523   ev/simsec=13215.8
     Messages:  created: 4188510   present: 16000   in FES: 155
** Event #4493824   t=238.050021785256   Elapsed: 136.314s (2m 16s)  47% completed  (23% total)
     Speed:     ev/sec=33479.4   simsec/sec=2.97781   ev/simsec=11243
     Messages:  created: 4252709   present: 3503   in FES: 152
** Event #4561664   t=243.520353961421   Elapsed: 138.315s (2m 18s)  48% completed  (24% total)
     Speed:     ev/sec=33906   simsec/sec=2.73404   ev/simsec=12401.4
     Messages:  created: 4318483   present: 2100   in FES: 153
** Event #4630784   t=247.052854617825   Elapsed: 140.316s (2m 20s)  49% completed  (24% total)
     Speed:     ev/sec=34542.1   simsec/sec=1.76534   ev/simsec=19566.9
     Messages:  created: 4393540   present: 2354   in FES: 123
** Event #4701184   t=249.619081912338   Elapsed: 142.319s (2m 22s)  49% completed  (24% total)
     Speed:     ev/sec=35144.3   simsec/sec=1.28108   ev/simsec=27433.3
     Messages:  created: 4474292   present: 2641   in FES: 154
** Event #4773376   t=252.810583118825   Elapsed: 144.325s (2m 24s)  50% completed  (25% total)
     Speed:     ev/sec=35999   simsec/sec=1.59146   ev/simsec=22620.1
     Messages:  created: 4556681   present: 2861   in FES: 155
** Event #4843520   t=256.053522158871   Elapsed: 146.33s (2m 26s)  51% completed  (25% total)
     Speed:     ev/sec=34978.9   simsec/sec=1.61716   ev/simsec=21629.8
     Messages:  created: 4635241   present: 3127   in FES: 152
** Event #4912640   t=259.570844917161   Elapsed: 148.331s (2m 28s)  51% completed  (25% total)
     Speed:     ev/sec=34534.9   simsec/sec=1.75738   ev/simsec=19651.3
     Messages:  created: 4712710   present: 3574   in FES: 184
** Event #4980480   t=263.310234927349   Elapsed: 150.333s (2m 30s)  52% completed  (26% total)
     Speed:     ev/sec=33888.5   simsec/sec=1.86796   ev/simsec=18142
     Messages:  created: 4788911   present: 3640   in FES: 140
** Event #5047552   t=266.552072222894   Elapsed: 152.336s (2m 32s)  53% completed  (26% total)
     Speed:     ev/sec=33482.2   simsec/sec=1.61832   ev/simsec=20689.5
     Messages:  created: 4864080   present: 3933   in FES: 160
** Event #5111808   t=267.546488564853   Elapsed: 154.345s (2m 34s)  53% completed  (26% total)
     Speed:     ev/sec=31998   simsec/sec=0.495196   ev/simsec=64616.8
     Messages:  created: 4936257   present: 4055   in FES: 146
** Event #5170176   t=268.484952919594   Elapsed: 156.352s (2m 36s)  53% completed  (26% total)
     Speed:     ev/sec=29079.4   simsec/sec=0.46755   ev/simsec=62195.2
     Messages:  created: 4999792   present: 3996   in FES: 164
** Event #5227264   t=268.970289396193   Elapsed: 158.36s (2m 38s)  53% completed  (26% total)
     Speed:     ev/sec=28428.4   simsec/sec=0.241685   ev/simsec=117626
     Messages:  created: 5057129   present: 3996   in FES: 155
** Event #5295616   t=271.061518988072   Elapsed: 160.365s (2m 40s)  54% completed  (27% total)
     Speed:     ev/sec=34096.2   simsec/sec=1.04317   ev/simsec=32685.1
     Messages:  created: 5140817   present: 4072   in FES: 144
** Event #5360640   t=272.567334536973   Elapsed: 162.37s (2m 42s)  54% completed  (27% total)
     Speed:     ev/sec=32425.9   simsec/sec=0.750914   ev/simsec=43181.9
     Messages:  created: 5217960   present: 4145   in FES: 155
** Event #5425152   t=273.99306588739   Elapsed: 164.374s (2m 44s)  54% completed  (27% total)
     Speed:     ev/sec=32188.6   simsec/sec=0.711376   ev/simsec=45248.4
     Messages:  created: 5295324   present: 4111   in FES: 127
** Event #5497600   t=275.219092233647   Elapsed: 166.375s (2m 46s)  55% completed  (27% total)
     Speed:     ev/sec=36203.7   simsec/sec=0.612669   ev/simsec=59091.7
     Messages:  created: 5388575   present: 4302   in FES: 164
** Event #5566464   t=275.546383951327   Elapsed: 168.377s (2m 48s)  55% completed  (27% total)
     Speed:     ev/sec=34408.4   simsec/sec=0.163534   ev/simsec=210406
     Messages:  created: 5481740   present: 4282   in FES: 154
** Event #5639424   t=275.848559140986   Elapsed: 170.385s (2m 50s)  55% completed  (27% total)
     Speed:     ev/sec=36324.6   simsec/sec=0.150444   ev/simsec=241449
     Messages:  created: 5580276   present: 4537   in FES: 188
** Event #5706496   t=275.999998395679   Elapsed: 172.389s (2m 52s)  55% completed  (27% total)
     Speed:     ev/sec=33474.4   simsec/sec=0.0755806   ev/simsec=442897
     Messages:  created: 5672942   present: 4434   in FES: 168
** Event #5770752   t=276.092324378377   Elapsed: 174.39s (2m 54s)  55% completed  (27% total)
     Speed:     ev/sec=32114.1   simsec/sec=0.0461431   ev/simsec=695969
     Messages:  created: 5760896   present: 4538   in FES: 187
** Event #5835264   t=276.272269929644   Elapsed: 176.393s (2m 56s)  55% completed  (27% total)
     Speed:     ev/sec=32198.8   simsec/sec=0.0898134   ev/simsec=358508
     Messages:  created: 5850070   present: 4524   in FES: 196
** Event #5903616   t=276.453484697517   Elapsed: 178.393s (2m 58s)  55% completed  (27% total)
     Speed:     ev/sec=34172.9   simsec/sec=0.0905992   ev/simsec=377188
     Messages:  created: 5944470   present: 4288   in FES: 144
** Event #5972736   t=276.563994435711   Elapsed: 180.394s (3m 00s)  55% completed  (27% total)
     Speed:     ev/sec=34557.3   simsec/sec=0.0552506   ev/simsec=625465
     Messages:  created: 6036395   present: 4442   in FES: 160
** Event #6035200   t=277.564443098165   Elapsed: 182.401s (3m 02s)  55% completed  (27% total)
     Speed:     ev/sec=31120.3   simsec/sec=0.498435   ev/simsec=62436
     Messages:  created: 6114126   present: 4358   in FES: 143
** Event #6106112   t=279.571609212183   Elapsed: 184.408s (3m 04s)  55% completed  (27% total)
     Speed:     ev/sec=35319.2   simsec/sec=0.999712   ev/simsec=35329.4
     Messages:  created: 6195754   present: 4679   in FES: 208
** Event #6172416   t=281.636766578476   Elapsed: 186.411s (3m 06s)  56% completed  (28% total)
     Speed:     ev/sec=33111.8   simsec/sec=1.03133   ev/simsec=32106
     Messages:  created: 6266946   present: 4606   in FES: 155
** Event #6244352   t=285.368724016635   Elapsed: 188.414s (3m 08s)  57% completed  (28% total)
     Speed:     ev/sec=35912.7   simsec/sec=1.86311   ev/simsec=19275.7
     Messages:  created: 6347950   present: 4872   in FES: 154
** Event #6319872   t=288.809964710614   Elapsed: 190.415s (3m 10s)  57% completed  (28% total)
     Speed:     ev/sec=37745   simsec/sec=1.71993   ev/simsec=21945.6
     Messages:  created: 6431624   present: 5060   in FES: 123
** Event #6386688   t=291.746723856152   Elapsed: 192.417s (3m 12s)  58% completed  (29% total)
     Speed:     ev/sec=33377.6   simsec/sec=1.46704   ev/simsec=22751.6
     Messages:  created: 6505469   present: 5358   in FES: 148
** Event #6453248   t=295.064276731632   Elapsed: 194.422s (3m 14s)  59% completed  (29% total)
     Speed:     ev/sec=33192.1   simsec/sec=1.6544   ev/simsec=20063
     Messages:  created: 6579634   present: 5613   in FES: 144
** Event #6521856   t=298.563419203334   Elapsed: 196.431s (3m 16s)  59% completed  (29% total)
     Speed:     ev/sec=34142.4   simsec/sec=1.74133   ev/simsec=19607.1
     Messages:  created: 6656382   present: 5908   in FES: 153
** Event #6586880   t=301.587296145862   Elapsed: 198.433s (3m 18s)  60% completed  (30% total)
     Speed:     ev/sec=32480.6   simsec/sec=1.51048   ev/simsec=21503.5
     Messages:  created: 6728757   present: 6106   in FES: 161
** Event #6654976   t=304.816350715082   Elapsed: 200.436s (3m 20s)  60% completed  (30% total)
     Speed:     ev/sec=33996.2   simsec/sec=1.61207   ev/simsec=21088.5
     Messages:  created: 6804951   present: 6369   in FES: 154
** Event #6720512   t=307.521271541336   Elapsed: 202.439s (3m 22s)  61% completed  (30% total)
     Speed:     ev/sec=32730.3   simsec/sec=1.3509   ev/simsec=24228.4
     Messages:  created: 6876112   present: 6591   in FES: 146
** Event #6784768   t=308.60515742815   Elapsed: 204.443s (3m 24s)  61% completed  (30% total)
     Speed:     ev/sec=32063.1   simsec/sec=0.540848   ev/simsec=59283
     Messages:  created: 6941264   present: 6711   in FES: 157
** Event #6852608   t=310.524645387003   Elapsed: 206.447s (3m 26s)  62% completed  (31% total)
     Speed:     ev/sec=33855   simsec/sec=0.957906   ev/simsec=35342.8
     Messages:  created: 7011616   present: 6909   in FES: 185
** Event #6917888   t=312.563713778103   Elapsed: 208.448s (3m 28s)  62% completed  (31% total)
     Speed:     ev/sec=32615.3   simsec/sec=1.01876   ev/simsec=32014.6
     Messages:  created: 7079170   present: 6983   in FES: 152
** Event #6984192   t=314.604135250679   Elapsed: 210.452s (3m 30s)  62% completed  (31% total)
     Speed:     ev/sec=33084.2   simsec/sec=1.01812   ev/simsec=32495.2
     Messages:  created: 7147907   present: 7108   in FES: 153
** Event #7049216   t=317.532415362922   Elapsed: 212.456s (3m 32s)  63% completed  (31% total)
     Speed:     ev/sec=32456   simsec/sec=1.46162   ev/simsec=22205.5
     Messages:  created: 7216867   present: 7400   in FES: 146
** Event #7114752   t=319.541205589223   Elapsed: 214.464s (3m 34s)  63% completed  (31% total)
     Speed:     ev/sec=32635.7   simsec/sec=1.00034   ev/simsec=32624.6
     Messages:  created: 7284847   present: 7533   in FES: 136
** Event #7176192   t=321.57376050995   Elapsed: 216.465s (3m 36s)  64% completed  (32% total)
     Speed:     ev/sec=30700.9   simsec/sec=1.01564   ev/simsec=30228
     Messages:  created: 7348195   present: 7688   in FES: 138
** Event #7246592   t=324.545758931611   Elapsed: 218.469s (3m 38s)  64% completed  (32% total)
     Speed:     ev/sec=35131.5   simsec/sec=1.48311   ev/simsec=23687.8
     Messages:  created: 7422583   present: 7817   in FES: 123
** Event #7316736   t=326.996724998854   Elapsed: 220.469s (3m 40s)  65% completed  (32% total)
     Speed:     ev/sec=35062.4   simsec/sec=1.22515   ev/simsec=28618.9
     Messages:  created: 7498815   present: 8036   in FES: 147
** Event #7386112   t=329.810237175492   Elapsed: 222.48s (3m 42s)  65% completed  (32% total)
     Speed:     ev/sec=34500.8   simsec/sec=1.39916   ev/simsec=24658.1
     Messages:  created: 7578881   present: 8198   in FES: 130
** Event #7461888   t=331.51024906996   Elapsed: 224.484s (3m 44s)  66% completed  (33% total)
     Speed:     ev/sec=37815.9   simsec/sec=0.848388   ev/simsec=44573.8
     Messages:  created: 7675945   present: 8458   in FES: 165
** Event #7533056   t=331.788852581893   Elapsed: 226.49s (3m 46s)  66% completed  (33% total)
     Speed:     ev/sec=35480.6   simsec/sec=0.138897   ev/simsec=255445
     Messages:  created: 7771956   present: 8480   in FES: 154
** Event #7603456   t=332.320785475724   Elapsed: 228.496s (3m 48s)  66% completed  (33% total)
     Speed:     ev/sec=35085.9   simsec/sec=0.265104   ev/simsec=132348
     Messages:  created: 7867212   present: 8470   in FES: 153
** Event #7663616   t=333.571599595094   Elapsed: 230.505s (3m 50s)  66% completed  (33% total)
     Speed:     ev/sec=29956.2   simsec/sec=0.622834   ev/simsec=48096.7
     Messages:  created: 7933802   present: 8654   in FES: 149
** Event #7728640   t=334.603555012273   Elapsed: 232.517s (3m 52s)  66% completed  (33% total)
     Speed:     ev/sec=32317.7   simsec/sec=0.512894   ev/simsec=63010.5
     Messages:  created: 8001914   present: 8622   in FES: 154
** Event #7795712   t=336.566569217193   Elapsed: 234.519s (3m 54s)  67% completed  (33% total)
     Speed:     ev/sec=33499.8   simsec/sec=0.980449   ev/simsec=34167.9
     Messages:  created: 8075310   present: 8829   in FES: 156
** Event #7859456   t=339.533548561002   Elapsed: 236.524s (3m 56s)  67% completed  (33% total)
     Speed:     ev/sec=31790.4   simsec/sec=1.47969   ev/simsec=21484.5
     Messages:  created: 8139243   present: 9147   in FES: 143
** Event #7922176   t=343.089410881406   Elapsed: 238.526s (3m 58s)  68% completed  (34% total)
     Speed:     ev/sec=31333.6   simsec/sec=1.77643   ev/simsec=17638.5
     Messages:  created: 8196348   present: 9521   in FES: 146
** Event #7982848   t=346.599442947135   Elapsed: 240.533s (4m 00s)  69% completed  (34% total)
     Speed:     ev/sec=30225.9   simsec/sec=1.74864   ev/simsec=17285.3
     Messages:  created: 8251319   present: 10170   in FES: 216
** Event #8044544   t=350.530271893217   Elapsed: 242.544s (4m 02s)  70% completed  (35% total)
     Speed:     ev/sec=30675.6   simsec/sec=1.95443   ev/simsec=15695.4
     Messages:  created: 8307138   present: 10363   in FES: 134
** Event #8101888   t=352.533073515515   Elapsed: 244.546s (4m 04s)  70% completed  (35% total)
     Speed:     ev/sec=28641.8   simsec/sec=1.00035   ev/simsec=28631.9
     Messages:  created: 8361067   present: 10832   in FES: 188
** Event #8155136   t=353.534188986563   Elapsed: 246.548s (4m 06s)  70% completed  (35% total)
     Speed:     ev/sec=26595   simsec/sec=0.500013   ev/simsec=53188.7
     Messages:  created: 8410159   present: 10889   in FES: 152
** Event #8205056   t=353.605841039141   Elapsed: 248.564s (4m 08s)  70% completed  (35% total)
     Speed:     ev/sec=24762.1   simsec/sec=0.0355419   ev/simsec=696700
     Messages:  created: 8456139   present: 11108   in FES: 209
** Event #8257536   t=355.064276697321   Elapsed: 250.57s (4m 10s)  71% completed  (35% total)
     Speed:     ev/sec=26171.4   simsec/sec=0.72731   ev/simsec=35983.8
     Messages:  created: 8501800   present: 10986   in FES: 162
** Event #8310016   t=357.601610707433   Elapsed: 252.57s (4m 12s)  71% completed  (35% total)
     Speed:     ev/sec=26232.5   simsec/sec=1.2683   ev/simsec=20683.1
     Messages:  created: 8546542   present: 11381   in FES: 169
** Event #8362496   t=359.548853765611   Elapsed: 254.575s (4m 14s)  71% completed  (35% total)
     Speed:     ev/sec=26182.1   simsec/sec=0.971474   ev/simsec=26950.9
     Messages:  created: 8591803   present: 11609   in FES: 196
** Event #8413696   t=361.596430215055   Elapsed: 256.592s (4m 16s)  72% completed  (36% total)
     Speed:     ev/sec=25378.8   simsec/sec=1.01494   ev/simsec=25005.2
     Messages:  created: 8636322   present: 11655   in FES: 177
** Event #8461056   t=362.552611756358   Elapsed: 258.594s (4m 18s)  72% completed  (36% total)
     Speed:     ev/sec=23656.8   simsec/sec=0.477622   ev/simsec=49530.3
     Messages:  created: 8678764   present: 10509   in FES: 184
** Event #8513792   t=364.050022576013   Elapsed: 260.603s (4m 20s)  72% completed  (36% total)
     Speed:     ev/sec=26254.9   simsec/sec=0.745493   ev/simsec=35218.1
     Messages:  created: 8723763   present: 7385   in FES: 152
** Event #8561408   t=365.529323616225   Elapsed: 262.632s (4m 22s)  73% completed  (36% total)
     Speed:     ev/sec=23462.1   simsec/sec=0.728904   ev/simsec=32188.2
     Messages:  created: 8763526   present: 7101   in FES: 171
** Event #8609792   t=366.519541572902   Elapsed: 264.634s (4m 24s)  73% completed  (36% total)
     Speed:     ev/sec=24174.6   simsec/sec=0.494754   ev/simsec=48862
     Messages:  created: 8805510   present: 2793   in FES: 194
** Event #8659456   t=367.012281548429   Elapsed: 266.643s (4m 26s)  73% completed  (36% total)
     Speed:     ev/sec=24715.9   simsec/sec=0.245219   ev/simsec=100791
     Messages:  created: 8849473   present: 1519   in FES: 154
** Event #8711936   t=368.522526674357   Elapsed: 268.652s (4m 28s)  73% completed  (36% total)
     Speed:     ev/sec=26125.7   simsec/sec=0.751834   ev/simsec=34749.3
     Messages:  created: 8892988   present: 1811   in FES: 185
** Event #8761088   t=369.532125712412   Elapsed: 270.664s (4m 30s)  73% completed  (36% total)
     Speed:     ev/sec=24428.5   simsec/sec=0.501771   ev/simsec=48684.7
     Messages:  created: 8935775   present: 2009   in FES: 184
** Event #8808704   t=370.524208769365   Elapsed: 272.668s (4m 32s)  74% completed  (37% total)
     Speed:     ev/sec=23756.7   simsec/sec=0.494973   ev/simsec=47996
     Messages:  created: 8978188   present: 1977   in FES: 143
** Event #8855552   t=371.524033349064   Elapsed: 274.679s (4m 34s)  74% completed  (37% total)
     Speed:     ev/sec=23297.1   simsec/sec=0.497204   ev/simsec=46856.2
     Messages:  created: 9021333   present: 2067   in FES: 152
** Event #8903168   t=372.574183593203   Elapsed: 276.688s (4m 36s)  74% completed  (37% total)
     Speed:     ev/sec=23705.5   simsec/sec=0.522816   ev/simsec=45342.1
     Messages:  created: 9064812   present: 2330   in FES: 176
** Event #8949504   t=373.60554300078   Elapsed: 278.691s (4m 38s)  74% completed  (37% total)
     Speed:     ev/sec=23133.5   simsec/sec=0.514912   ev/simsec=44927.1
     Messages:  created: 9107070   present: 2225   in FES: 123
** Event #8997888   t=375.578253461224   Elapsed: 280.696s (4m 40s)  75% completed  (37% total)
     Speed:     ev/sec=24132.9   simsec/sec=0.983946   ev/simsec=24526.7
     Messages:  created: 9149949   present: 2560   in FES: 147
** Event #9045760   t=376.590026481351   Elapsed: 282.699s (4m 42s)  75% completed  (37% total)
     Speed:     ev/sec=23890.3   simsec/sec=0.50492   ev/simsec=47315
     Messages:  created: 9192179   present: 2733   in FES: 153
** Event #9091328   t=377.579390612257   Elapsed: 284.701s (4m 44s)  75% completed  (37% total)
     Speed:     ev/sec=22763.6   simsec/sec=0.494239   ev/simsec=46057.9
     Messages:  created: 9234121   present: 3103   in FES: 216
** Event #9142016   t=378.572269647672   Elapsed: 286.703s (4m 46s)  75% completed  (37% total)
     Speed:     ev/sec=25324.3   simsec/sec=0.496053   ev/simsec=51051.5
     Messages:  created: 9281468   present: 3115   in FES: 185
** Event #9196800   t=380.526048567142   Elapsed: 288.705s (4m 48s)  76% completed  (38% total)
     Speed:     ev/sec=27361.7   simsec/sec=0.975808   ev/simsec=28040
     Messages:  created: 9331821   present: 3154   in FES: 150
** Event #9254912   t=383.516223181654   Elapsed: 290.712s (4m 50s)  76% completed  (38% total)
     Speed:     ev/sec=28950.3   simsec/sec=1.48965   ev/simsec=19434.3
     Messages:  created: 9383896   present: 3491   in FES: 143
** Event #9310720   t=385.061518817399   Elapsed: 292.713s (4m 52s)  77% completed  (38% total)
     Speed:     ev/sec=27891.9   simsec/sec=0.772312   ev/simsec=36114.8
     Messages:  created: 9436337   present: 3691   in FES: 152
** Event #9366528   t=386.530887872247   Elapsed: 294.718s (4m 54s)  77% completed  (38% total)
     Speed:     ev/sec=27838   simsec/sec=0.732947   ev/simsec=37980.9
     Messages:  created: 9489365   present: 3993   in FES: 168
** Event #9425920   t=389.062491743244   Elapsed: 296.725s (4m 56s)  77% completed  (38% total)
     Speed:     ev/sec=29585.9   simsec/sec=1.26111   ev/simsec=23460.2
     Messages:  created: 9544897   present: 4160   in FES: 147
** Event #9484288   t=391.519405867087   Elapsed: 298.732s (4m 58s)  78% completed  (39% total)
     Speed:     ev/sec=29092.9   simsec/sec=1.22462   ev/simsec=23756.6
     Messages:  created: 9597336   present: 4449   in FES: 153
** Event #9547264   t=395.560463015573   Elapsed: 300.732s (5m 00s)  79% completed  (39% total)
     Speed:     ev/sec=31477.8   simsec/sec=2.01987   ev/simsec=15584
     Messages:  created: 9657092   present: 4972   in FES: 153
** Event #9607424   t=399.521986624032   Elapsed: 302.733s (5m 02s)  79% completed  (39% total)
     Speed:     ev/sec=30064.1   simsec/sec=1.97971   ev/simsec=15186.1
     Messages:  created: 9712971   present: 5404   in FES: 141
** Event #9664768   t=401.515554884133   Elapsed: 304.738s (5m 04s)  80% completed  (40% total)
     Speed:     ev/sec=28601.1   simsec/sec=0.994321   ev/simsec=28764.5
     Messages:  created: 9765795   present: 5673   in FES: 152
** Event #9728000   t=403.543971173857   Elapsed: 306.747s (5m 06s)  80% completed  (40% total)
     Speed:     ev/sec=31478.7   simsec/sec=1.0098   ev/simsec=31173.1
     Messages:  created: 9823342   present: 5858   in FES: 138
** Event #9789184   t=406.543264726395   Elapsed: 308.748s (5m 08s)  81% completed  (40% total)
     Speed:     ev/sec=30570.8   simsec/sec=1.49861   ev/simsec=20399.5
     Messages:  created: 9878825   present: 6263   in FES: 131
** Event #9850880   t=409.594982552418   Elapsed: 310.751s (5m 10s)  81% completed  (40% total)
     Speed:     ev/sec=30802   simsec/sec=1.52358   ev/simsec=20216.8
     Messages:  created: 9934543   present: 6667   in FES: 150
** Event #9912576   t=411.588522445368   Elapsed: 312.754s (5m 12s)  82% completed  (41% total)
     Speed:     ev/sec=30810.5   simsec/sec=0.99556   ev/simsec=30948
     Messages:  created: 9991279   present: 6880   in FES: 145
** Event #9962240   t=413.516353143106   Elapsed: 314.757s (5m 14s)  82% completed  (41% total)
     Speed:     ev/sec=24787.1   simsec/sec=0.962172   ev/simsec=25761.6
     Messages:  created: 10035576   present: 7082   in FES: 136
** Event #10010880   t=413.592714846251   Elapsed: 316.763s (5m 16s)  82% completed  (41% total)
     Speed:     ev/sec=24254.3   simsec/sec=0.0380778   ev/simsec=636969
     Messages:  created: 10080009   present: 7126   in FES: 144
** Event #10064640   t=414.604168387436   Elapsed: 318.767s (5m 18s)  82% completed  (41% total)
     Speed:     ev/sec=26820.5   simsec/sec=0.504608   ev/simsec=53151.2
     Messages:  created: 10129299   present: 7449   in FES: 183
** Event #10117888   t=416.574267702223   Elapsed: 320.775s (5m 20s)  83% completed  (41% total)
     Speed:     ev/sec=26524.6   simsec/sec=0.981372   ev/simsec=27028.1
     Messages:  created: 10174312   present: 7555   in FES: 190
** Event #10169344   t=417.597573400287   Elapsed: 322.778s (5m 22s)  83% completed  (41% total)
     Speed:     ev/sec=25682.3   simsec/sec=0.510743   ev/simsec=50284.1
     Messages:  created: 10219952   present: 7648   in FES: 145
** Event #10217984   t=418.594451428184   Elapsed: 324.786s (5m 24s)  83% completed  (41% total)
     Speed:     ev/sec=24222.2   simsec/sec=0.496435   ev/simsec=48792.3
     Messages:  created: 10262002   present: 7828   in FES: 162
** Event #10267648   t=419.553292826243   Elapsed: 326.792s (5m 26s)  83% completed  (41% total)
     Speed:     ev/sec=24756.8   simsec/sec=0.477969   ev/simsec=51795.8
     Messages:  created: 10305726   present: 7959   in FES: 153
** Event #10315776   t=420.535190138811   Elapsed: 328.808s (5m 28s)  84% completed  (42% total)
     Speed:     ev/sec=23881.7   simsec/sec=0.487229   ev/simsec=49015.3
     Messages:  created: 10348233   present: 8045   in FES: 153
** Event #10365696   t=421.068023886019   Elapsed: 330.814s (5m 30s)  84% completed  (42% total)
     Speed:     ev/sec=24877.7   simsec/sec=0.265538   ev/simsec=93687.8
     Messages:  created: 10390460   present: 7931   in FES: 124
** Event #10416128   t=423.563004430924   Elapsed: 332.82s (5m 32s)  84% completed  (42% total)
     Speed:     ev/sec=25149.6   simsec/sec=1.24421   ev/simsec=20213.4
     Messages:  created: 10434958   present: 8421   in FES: 188
** Event #10469632   t=426.594812445224   Elapsed: 334.827s (5m 34s)  85% completed  (42% total)
     Speed:     ev/sec=26652.6   simsec/sec=1.51027   ev/simsec=17647.6
     Messages:  created: 10482798   present: 8685   in FES: 153
** Event #10520576   t=428.591690713804   Elapsed: 336.831s (5m 36s)  85% completed  (42% total)
     Speed:     ev/sec=25420.6   simsec/sec=0.996425   ev/simsec=25511.8
     Messages:  created: 10529936   present: 8928   in FES: 153
** Event #10573056   t=429.600894460845   Elapsed: 338.838s (5m 38s)  85% completed  (42% total)
     Speed:     ev/sec=26156.5   simsec/sec=0.502995   ev/simsec=52001.4
     Messages:  created: 10580231   present: 9184   in FES: 187
** Event #10625536   t=430.598356129122   Elapsed: 340.84s (5m 40s)  86% completed  (43% total)
     Speed:     ev/sec=26205.9   simsec/sec=0.498083   ev/simsec=52613.6
     Messages:  created: 10629674   present: 9255   in FES: 153
** Event #10681600   t=431.60541613107   Elapsed: 342.854s (5m 42s)  86% completed  (43% total)
     Speed:     ev/sec=27833.8   simsec/sec=0.499969   ev/simsec=55671
     Messages:  created: 10682292   present: 9348   in FES: 154
** Event #10742528   t=435.023171612997   Elapsed: 344.86s (5m 44s)  87% completed  (43% total)
     Speed:     ev/sec=30373.1   simsec/sec=1.70378   ev/simsec=17826.9
     Messages:  created: 10736538   present: 9682   in FES: 154
** Event #10799360   t=437.526425567144   Elapsed: 346.862s (5m 46s)  87% completed  (43% total)
     Speed:     ev/sec=28388.4   simsec/sec=1.25041   ev/simsec=22703.2
     Messages:  created: 10789963   present: 9979   in FES: 153
** Event #10848512   t=438.539145753423   Elapsed: 348.865s (5m 48s)  87% completed  (43% total)
     Speed:     ev/sec=24547.1   simsec/sec=0.505766   ev/simsec=48534.6
     Messages:  created: 10836695   present: 10201   in FES: 155
** Event #10900224   t=439.586279725446   Elapsed: 350.871s (5m 50s)  87% completed  (43% total)
     Speed:     ev/sec=25779.9   simsec/sec=0.522026   ev/simsec=49384.3
     Messages:  created: 10884340   present: 10239   in FES: 147
** Event #10949888   t=440.595400077998   Elapsed: 352.892s (5m 52s)  88% completed  (44% total)
     Speed:     ev/sec=24571.5   simsec/sec=0.499267   ev/simsec=49215.1
     Messages:  created: 10930340   present: 10269   in FES: 125
** Event #10996736   t=441.566133103183   Elapsed: 354.897s (5m 54s)  88% completed  (44% total)
     Speed:     ev/sec=23360.1   simsec/sec=0.484043   ev/simsec=48260.4
     Messages:  created: 10973944   present: 10564   in FES: 144
** Event #11042816   t=442.54131353051   Elapsed: 356.917s (5m 56s)  88% completed  (44% total)
     Speed:     ev/sec=22811.1   simsec/sec=0.482747   ev/simsec=47252.8
     Messages:  created: 11016309   present: 10755   in FES: 159
** Event #11091712   t=443.075833890329   Elapsed: 358.924s (5m 58s)  88% completed  (44% total)
     Speed:     ev/sec=24370.9   simsec/sec=0.266417   ev/simsec=91476.4
     Messages:  created: 11061116   present: 10644   in FES: 150
** Event #11140608   t=443.590272329534   Elapsed: 360.926s (6m 00s)  88% completed  (44% total)
     Speed:     ev/sec=24413.5   simsec/sec=0.256856   ev/simsec=95047.3
     Messages:  created: 11106551   present: 10782   in FES: 153
** Event #11190272   t=444.561177257282   Elapsed: 362.931s (6m 02s)  88% completed  (44% total)
     Speed:     ev/sec=24779.4   simsec/sec=0.484424   ev/simsec=51152.3
     Messages:  created: 11148916   present: 10852   in FES: 148
** Event #11239680   t=445.514254077361   Elapsed: 364.932s (6m 04s)  89% completed  (44% total)
     Speed:     ev/sec=24687.2   simsec/sec=0.476214   ev/simsec=51840.5
     Messages:  created: 11192884   present: 10877   in FES: 139
** Event #11290112   t=446.524165709077   Elapsed: 366.935s (6m 06s)  89% completed  (44% total)
     Speed:     ev/sec=25176.4   simsec/sec=0.504163   ev/simsec=49937
     Messages:  created: 11237874   present: 11051   in FES: 132
** Event #11340288   t=447.554332637213   Elapsed: 368.938s (6m 08s)  89% completed  (44% total)
     Speed:     ev/sec=25049.6   simsec/sec=0.514295   ev/simsec=48706.7
     Messages:  created: 11281733   present: 11235   in FES: 153
** Event #11393536   t=448.597191272444   Elapsed: 370.945s (6m 10s)  89% completed  (44% total)
     Speed:     ev/sec=26534.4   simsec/sec=0.519674   ev/simsec=51059.7
     Messages:  created: 11330302   present: 11533   in FES: 181
** Event #11445760   t=450.582551562532   Elapsed: 372.952s (6m 12s)  90% completed  (45% total)
     Speed:     ev/sec=26014.9   simsec/sec=0.988989   ev/simsec=26304.5
     Messages:  created: 11374849   present: 11613   in FES: 145
** Event #11500288   t=453.526056558396   Elapsed: 374.956s (6m 14s)  90% completed  (45% total)
     Speed:     ev/sec=27222.4   simsec/sec=1.46951   ev/simsec=18524.9
     Messages:  created: 11424190   present: 12051   in FES: 185
** Event #11554816   t=456.084424116098   Elapsed: 376.959s (6m 16s)  91% completed  (45% total)
     Speed:     ev/sec=27210.6   simsec/sec=1.27668   ev/simsec=21313.6
     Messages:  created: 11474111   present: 12209   in FES: 154
** Event #11608320   t=457.602364138746   Elapsed: 378.966s (6m 18s)  91% completed  (45% total)
     Speed:     ev/sec=26661.6   simsec/sec=0.756407   ev/simsec=35247.8
     Messages:  created: 11523499   present: 12467   in FES: 153
** Event #11662080   t=459.532851315295   Elapsed: 380.971s (6m 20s)  91% completed  (45% total)
     Speed:     ev/sec=26815.8   simsec/sec=0.962937   ev/simsec=27847.9
     Messages:  created: 11573987   present: 12649   in FES: 151
** Event #11721472   t=460.362031596209   Elapsed: 382.972s (6m 22s)  92% completed  (46% total)
     Speed:     ev/sec=29688.7   simsec/sec=0.414488   ev/simsec=71627.4
     Messages:  created: 11639879   present: 12654   in FES: 154
** Event #11777792   t=460.621621133097   Elapsed: 384.979s (6m 24s)  92% completed  (46% total)
     Speed:     ev/sec=28059.2   simsec/sec=0.12933   ev/simsec=216958
     Messages:  created: 11695599   present: 12717   in FES: 148
** Event #11840512   t=461.914553231418   Elapsed: 386.982s (6m 26s)  92% completed  (46% total)
     Speed:     ev/sec=31311.7   simsec/sec=0.64547   ev/simsec=48509.9
     Messages:  created: 11766993   present: 12729   in FES: 154
** Event #11902976   t=463.553899528843   Elapsed: 388.989s (6m 28s)  92% completed  (46% total)
     Speed:     ev/sec=31121   simsec/sec=0.816759   ev/simsec=38103
     Messages:  created: 11839141   present: 12817   in FES: 161
** Event #11963648   t=465.061518863293   Elapsed: 390.992s (6m 30s)  93% completed  (46% total)
     Speed:     ev/sec=30293.8   simsec/sec=0.752762   ev/simsec=40243.6
     Messages:  created: 11909545   present: 12870   in FES: 149
** Event #12026624   t=466.465599559446   Elapsed: 392.999s (6m 32s)  93% completed  (46% total)
     Speed:     ev/sec=31379.6   simsec/sec=0.699624   ev/simsec=44852.1
     Messages:  created: 11983626   present: 12941   in FES: 155
** Event #12095232   t=467.401467049899   Elapsed: 395.001s (6m 35s)  93% completed  (46% total)
     Speed:     ev/sec=34258.8   simsec/sec=0.467317   ev/simsec=73309.5
     Messages:  created: 12072440   present: 12984   in FES: 157
** Event #12174592   t=467.904344428598   Elapsed: 397.008s (6m 37s)  93% completed  (46% total)
     Speed:     ev/sec=39543.8   simsec/sec=0.250576   ev/simsec=157812
     Messages:  created: 12179663   present: 13049   in FES: 140
** Event #12239360   t=468.111059676267   Elapsed: 399.009s (6m 39s)  93% completed  (46% total)
     Speed:     ev/sec=32376.5   simsec/sec=0.103334   ev/simsec=313320
     Messages:  created: 12267501   present: 13002   in FES: 154
** Event #12308224   t=468.458187769834   Elapsed: 401.014s (6m 41s)  93% completed  (46% total)
     Speed:     ev/sec=34347.6   simsec/sec=0.173139   ev/simsec=198382
     Messages:  created: 12362148   present: 12997   in FES: 128
** Event #12368896   t=468.586552654474   Elapsed: 403.014s (6m 43s)  93% completed  (46% total)
     Speed:     ev/sec=30324.7   simsec/sec=0.0641585   ev/simsec=472653
     Messages:  created: 12439644   present: 13128   in FES: 162
** Event #12433152   t=468.811045764182   Elapsed: 405.015s (6m 45s)  93% completed  (46% total)
     Speed:     ev/sec=32123.8   simsec/sec=0.112232   ev/simsec=286227
     Messages:  created: 12526882   present: 13118   in FES: 157
** Event #12500736   t=469.054493996153   Elapsed: 407.015s (6m 47s)  93% completed  (46% total)
     Speed:     ev/sec=33776.4   simsec/sec=0.121668   ev/simsec=277611
     Messages:  created: 12619480   present: 13113   in FES: 158
** Event #12569600   t=469.255573225799   Elapsed: 409.017s (6m 49s)  93% completed  (46% total)
     Speed:     ev/sec=34410.4   simsec/sec=0.100477   ev/simsec=342472
     Messages:  created: 12713631   present: 13272   in FES: 196
** Event #12634368   t=469.465195357467   Elapsed: 411.022s (6m 51s)  93% completed  (46% total)
     Speed:     ev/sec=32291.7   simsec/sec=0.104512   ev/simsec=308975
     Messages:  created: 12803202   present: 13204   in FES: 188
** Event #12701440   t=469.579077222574   Elapsed: 413.035s (6m 53s)  93% completed  (46% total)
     Speed:     ev/sec=33332.2   simsec/sec=0.0565948   ev/simsec=588961
     Messages:  created: 12888191   present: 13239   in FES: 163
** Event #12762880   t=470.530110624092   Elapsed: 415.041s (6m 55s)  94% completed  (47% total)
     Speed:     ev/sec=30626.4   simsec/sec=0.474067   ev/simsec=64603.4
     Messages:  created: 12956361   present: 13217   in FES: 162
** Event #12820992   t=471.527017303664   Elapsed: 417.045s (6m 57s)  94% completed  (47% total)
     Speed:     ev/sec=28999.7   simsec/sec=0.497488   ev/simsec=58292.3
     Messages:  created: 13019778   present: 13059   in FES: 138
** Event #12883712   t=472.54060619055   Elapsed: 419.046s (6m 59s)  94% completed  (47% total)
     Speed:     ev/sec=31344.6   simsec/sec=0.506546   ev/simsec=61879.1
     Messages:  created: 13087234   present: 13170   in FES: 140
** Event #12944896   t=473.557265720223   Elapsed: 421.049s (7m 01s)  94% completed  (47% total)
     Speed:     ev/sec=30533.8   simsec/sec=0.507362   ev/simsec=60181.4
     Messages:  created: 13154467   present: 13221   in FES: 141
** Event #13003776   t=474.552379170631   Elapsed: 423.055s (7m 03s)  94% completed  (47% total)
     Speed:     ev/sec=29358.2   simsec/sec=0.496175   ev/simsec=59169.1
     Messages:  created: 13219372   present: 13224   in FES: 164
** Event #13062912   t=475.618992382765   Elapsed: 425.056s (7m 05s)  95% completed  (47% total)
     Speed:     ev/sec=29560.1   simsec/sec=0.533163   ev/simsec=55442.8
     Messages:  created: 13283362   present: 13206   in FES: 132
** Event #13124096   t=476.90036555273   Elapsed: 427.061s (7m 07s)  95% completed  (47% total)
     Speed:     ev/sec=30514.2   simsec/sec=0.639058   ev/simsec=47748.8
     Messages:  created: 13358364   present: 13279   in FES: 156
** Event #13189376   t=477.217641865817   Elapsed: 429.064s (7m 09s)  95% completed  (47% total)
     Speed:     ev/sec=32577.8   simsec/sec=0.158336   ev/simsec=205751
     Messages:  created: 13445326   present: 13362   in FES: 137
** Event #13248512   t=477.365241407524   Elapsed: 431.068s (7m 11s)  95% completed  (47% total)
     Speed:     ev/sec=29518.8   simsec/sec=0.073677   ev/simsec=400652
     Messages:  created: 13526615   present: 13401   in FES: 156
** Event #13310976   t=477.516331784234   Elapsed: 433.068s (7m 13s)  95% completed  (47% total)
     Speed:     ev/sec=31231.3   simsec/sec=0.0755436   ev/simsec=413421
     Messages:  created: 13612354   present: 13435   in FES: 174
** Event #13371648   t=478.02192243368   Elapsed: 435.069s (7m 15s)  95% completed  (47% total)
     Speed:     ev/sec=30324.7   simsec/sec=0.252701   ev/simsec=120002
     Messages:  created: 13690724   present: 13365   in FES: 155
** Event #13439744   t=478.35108187622   Elapsed: 437.072s (7m 17s)  95% completed  (47% total)
     Speed:     ev/sec=33983.1   simsec/sec=0.164266   ev/simsec=206878
     Messages:  created: 13781743   present: 13440   in FES: 159
** Event #13507840   t=478.515147411916   Elapsed: 439.076s (7m 19s)  95% completed  (47% total)
     Speed:     ev/sec=33986.9   simsec/sec=0.0818855   ev/simsec=415054
     Messages:  created: 13875249   present: 13397   in FES: 126
** Event #13568512   t=478.635562739979   Elapsed: 441.082s (7m 21s)  95% completed  (47% total)
     Speed:     ev/sec=30249.8   simsec/sec=0.0600365   ev/simsec=503856
     Messages:  created: 13950299   present: 13437   in FES: 156
** Event #13630720   t=478.790897859068   Elapsed: 443.087s (7m 23s)  95% completed  (47% total)
     Speed:     ev/sec=31024.9   simsec/sec=0.07747   ev/simsec=400476
     Messages:  created: 14035863   present: 13477   in FES: 174
** Event #13691904   t=478.940117339367   Elapsed: 445.088s (7m 25s)  95% completed  (47% total)
     Speed:     ev/sec=30580.5   simsec/sec=0.0745816   ev/simsec=410027
     Messages:  created: 14119966   present: 13446   in FES: 137
** Event #13753856   t=479.084774046601   Elapsed: 447.091s (7m 27s)  95% completed  (47% total)
     Speed:     ev/sec=30923.3   simsec/sec=0.0722053   ev/simsec=428269
     Messages:  created: 14203589   present: 13498   in FES: 144
** Event #13815296   t=479.235165666947   Elapsed: 449.092s (7m 29s)  95% completed  (47% total)
     Speed:     ev/sec=30703.3   simsec/sec=0.0751549   ev/simsec=408533
     Messages:  created: 14287579   present: 13498   in FES: 147
** Event #13883648   t=479.404649675142   Elapsed: 451.101s (7m 31s)  95% completed  (47% total)
     Speed:     ev/sec=34017.2   simsec/sec=0.0843482   ev/simsec=403295
     Messages:  created: 14381570   present: 13549   in FES: 154
** Event #13942272   t=479.547721687415   Elapsed: 453.108s (7m 33s)  95% completed  (47% total)
     Speed:     ev/sec=29215.7   simsec/sec=0.0713011   ev/simsec=409752
     Messages:  created: 14462178   present: 13547   in FES: 167
** Event #14005760   t=479.678446218189   Elapsed: 455.116s (7m 35s)  95% completed  (47% total)
     Speed:     ev/sec=31613.9   simsec/sec=0.0650943   ev/simsec=485662
     Messages:  created: 14539514   present: 13510   in FES: 156
** Event #14069504   t=483.595173056984   Elapsed: 457.117s (7m 37s)  96% completed  (48% total)
     Speed:     ev/sec=31852.1   simsec/sec=1.95714   ev/simsec=16274.8
     Messages:  created: 14602984   present: 13990   in FES: 162
** Event #14131200   t=487.589822924853   Elapsed: 459.122s (7m 39s)  97% completed  (48% total)
     Speed:     ev/sec=30784.6   simsec/sec=1.99322   ev/simsec=15444.7
     Messages:  created: 14658465   present: 14388   in FES: 176
** Event #14192896   t=490.527317940902   Elapsed: 461.128s (7m 41s)  98% completed  (49% total)
     Speed:     ev/sec=30752   simsec/sec=1.46418   ev/simsec=21002.9
     Messages:  created: 14714196   present: 12040   in FES: 177
** Event #14250240   t=493.595062223173   Elapsed: 463.129s (7m 43s)  98% completed  (49% total)
     Speed:     ev/sec=28654.6   simsec/sec=1.53294   ev/simsec=18692.6
     Messages:  created: 14766764   present: 8755   in FES: 170
** Event #14307584   t=496.589069999786   Elapsed: 465.136s (7m 45s)  99% completed  (49% total)
     Speed:     ev/sec=28565.8   simsec/sec=1.49146   ev/simsec=19152.9
     Messages:  created: 14818203   present: 2172   in FES: 159
** Event #14364672   t=499.607072017272   Elapsed: 467.146s (7m 47s)  99% completed  (49% total)
     Speed:     ev/sec=28410.7   simsec/sec=1.50196   ev/simsec=18915.8
     Messages:  created: 14869686   present: 2128   in FES: 150
** Event #14373402   t=500   Elapsed: 467.443s (7m 47s)  100% completed  (50% total)
     Speed:     ev/sec=29338.5   simsec/sec=1.3202   ev/simsec=22222.8
     Messages:  created: 14877666   present: 1979   in FES: 122

<!> Simulation time limit reached -- at t=500s, event #14373402
undisposed object: (omnetpp::cMessage) FanetSarNetwork.groundStation.app.debugTimer -- check module destructor
undisposed object: (omnetpp::cMessage) FanetSarNetwork.uav[0].app.debugTimer -- check module destructor
undisposed object: (omnetpp::cMessage) FanetSarNetwork.uav[1].app.debugTimer -- check module destructor
undisposed object: (omnetpp::cMessage) FanetSarNetwork.uav[2].app.debugTimer -- check module destructor
undisposed object: (omnetpp::cMessage) FanetSarNetwork.uav[3].app.debugTimer -- check module destructor
undisposed object: (omnetpp::cMessage) FanetSarNetwork.uav[4].app.debugTimer -- check module destructor
undisposed object: (omnetpp::cMessage) FanetSarNetwork.uav[5].app.debugTimer -- check module destructor
undisposed object: (omnetpp::cMessage) FanetSarNetwork.uav[6].app.debugTimer -- check module destructor
undisposed object: (omnetpp::cMessage) FanetSarNetwork.uav[7].app.debugTimer -- check module destructor
undisposed object: (omnetpp::cMessage) FanetSarNetwork.uav[8].app.debugTimer -- check module destructor
undisposed object: (omnetpp::cMessage) FanetSarNetwork.uav[9].app.debugTimer -- check module destructor
undisposed object: (omnetpp::cMessage) FanetSarNetwork.uav[10].app.debugTimer -- check module destructor
undisposed object: (omnetpp::cMessage) FanetSarNetwork.uav[11].app.debugTimer -- check module destructor
undisposed object: (omnetpp::cMessage) FanetSarNetwork.uav[12].app.debugTimer -- check module destructor
undisposed object: (omnetpp::cMessage) FanetSarNetwork.uav[13].app.debugTimer -- check module destructor
undisposed object: (omnetpp::cMessage) FanetSarNetwork.uav[14].app.debugTimer -- check module destructor
undisposed object: (omnetpp::cMessage) FanetSarNetwork.uav[15].app.debugTimer -- check module destructor
undisposed object: (omnetpp::cMessage) FanetSarNetwork.uav[16].app.debugTimer -- check module destructor
undisposed object: (omnetpp::cMessage) FanetSarNetwork.uav[17].app.debugTimer -- check module destructor
undisposed object: (omnetpp::cMessage) FanetSarNetwork.uav[18].app.debugTimer -- check module destructor
undisposed object: (omnetpp::cMessage) FanetSarNetwork.uav[19].app.debugTimer -- check module destructor
undisposed object: (omnetpp::cMessage) FanetSarNetwork.uav[20].app.debugTimer -- check module destructor
undisposed object: (omnetpp::cMessage) FanetSarNetwork.uav[21].app.debugTimer -- check module destructor
undisposed object: (omnetpp::cMessage) FanetSarNetwork.uav[22].app.debugTimer -- check module destructor
undisposed object: (omnetpp::cMessage) FanetSarNetwork.uav[23].app.debugTimer -- check module destructor
undisposed object: (omnetpp::cMessage) FanetSarNetwork.uav[24].app.debugTimer -- check module destructor
undisposed object: (omnetpp::cMessage) FanetSarNetwork.uav[25].app.debugTimer -- check module destructor
undisposed object: (omnetpp::cMessage) FanetSarNetwork.uav[26].app.debugTimer -- check module destructor
undisposed object: (omnetpp::cMessage) FanetSarNetwork.uav[27].app.debugTimer -- check module destructor
undisposed object: (omnetpp::cMessage) FanetSarNetwork.uav[28].app.debugTimer -- check module destructor
undisposed object: (omnetpp::cMessage) FanetSarNetwork.uav[29].app.debugTimer -- check module destructor
