** Event #0   t=0   Elapsed: 1.8e-05s (0m 00s)  0% completed  (0% total)
     Speed:     ev/sec=0   simsec/sec=0   ev/simsec=0
     Messages:  created: 1178   present: 1178   in FES: 186
** Event #69376   t=8.019796209649   Elapsed: 2.00108s (0m 02s)  1% completed  (0% total)
     Speed:     ev/sec=34670.1   simsec/sec=4.00777   ev/simsec=8650.72
     Messages:  created: 62028   present: 1199   in FES: 150
** Event #137216   t=15.529905299498   Elapsed: 4.00404s (0m 04s)  3% completed  (1% total)
     Speed:     ev/sec=33869.7   simsec/sec=3.74949   ev/simsec=9033.16
     Messages:  created: 121206   present: 1197   in FES: 140
** Event #195840   t=22.519903460759   Elapsed: 6.01099s (0m 06s)  4% completed  (2% total)
     Speed:     ev/sec=29210.5   simsec/sec=3.4829   ev/simsec=8386.84
     Messages:  created: 172200   present: 1155   in FES: 136
** Event #247552   t=28.525904719123   Elapsed: 8.0293s (0m 08s)  5% completed  (2% total)
     Speed:     ev/sec=25621.4   simsec/sec=2.97576   ev/simsec=8610.05
     Messages:  created: 217930   present: 1168   in FES: 135
** Event #298752   t=34.524907442904   Elapsed: 10.0434s (0m 10s)  6% completed  (3% total)
     Speed:     ev/sec=25420.9   simsec/sec=2.97852   ev/simsec=8534.75
     Messages:  created: 262559   present: 1131   in FES: 124
** Event #349696   t=40.523798955402   Elapsed: 12.0625s (0m 12s)  8% completed  (4% total)
     Speed:     ev/sec=25230.5   simsec/sec=2.97101   ev/simsec=8492.24
     Messages:  created: 307007   present: 1281   in FES: 185
** Event #400896   t=47.02944776132   Elapsed: 14.0655s (0m 14s)  9% completed  (4% total)
     Speed:     ev/sec=25561.5   simsec/sec=3.24793   ev/simsec=7870.08
     Messages:  created: 353072   present: 1198   in FES: 147
** Event #458496   t=54.532483544366   Elapsed: 16.0773s (0m 16s)  10% completed  (5% total)
     Speed:     ev/sec=28631.1   simsec/sec=3.72952   ev/simsec=7676.89
     Messages:  created: 407033   present: 1216   in FES: 154
** Event #505344   t=60.047715394364   Elapsed: 18.0804s (0m 18s)  12% completed  (6% total)
     Speed:     ev/sec=23388   simsec/sec=2.75338   ev/simsec=8494.29
     Messages:  created: 447626   present: 1155   in FES: 136
** Event #555520   t=66.019221993375   Elapsed: 20.0843s (0m 20s)  13% completed  (6% total)
     Speed:     ev/sec=25039   simsec/sec=2.97992   ev/simsec=8402.57
     Messages:  created: 491542   present: 1182   in FES: 145
** Event #612864   t=72.525292991566   Elapsed: 22.0866s (0m 22s)  14% completed  (7% total)
     Speed:     ev/sec=28640.2   simsec/sec=3.24942   ev/simsec=8813.92
     Messages:  created: 542032   present: 1200   in FES: 147
** Event #661760   t=78.068751019061   Elapsed: 24.0906s (0m 24s)  15% completed  (7% total)
     Speed:     ev/sec=24399   simsec/sec=2.76618   ev/simsec=8820.49
     Messages:  created: 584350   present: 1215   in FES: 154
** Event #710912   t=83.762174124193   Elapsed: 26.0995s (0m 26s)  16% completed  (8% total)
     Speed:     ev/sec=24466.9   simsec/sec=2.83407   ev/simsec=8633.12
     Messages:  created: 627094   present: 1116   in FES: 122
** Event #761856   t=89.538829158589   Elapsed: 28.1185s (0m 28s)  17% completed  (8% total)
     Speed:     ev/sec=25231.7   simsec/sec=2.86108   ev/simsec=8818.94
     Messages:  created: 671650   present: 1205   in FES: 154
** Event #822272   t=96.532832198028   Elapsed: 30.126s (0m 30s)  19% completed  (9% total)
     Speed:     ev/sec=30095.9   simsec/sec=3.48402   ev/simsec=8638.26
     Messages:  created: 724252   present: 1221   in FES: 154
** Event #871680   t=102.079050101068   Elapsed: 32.1284s (0m 32s)  20% completed  (10% total)
     Speed:     ev/sec=24674   simsec/sec=2.76974   ev/simsec=8908.41
     Messages:  created: 766780   present: 1446   in FES: 183
** Event #921600   t=107.579127255493   Elapsed: 34.1471s (0m 34s)  21% completed  (10% total)
     Speed:     ev/sec=24728.8   simsec/sec=2.72457   ev/simsec=9076.24
     Messages:  created: 809302   present: 2092   in FES: 179
** Event #970496   t=113.066661023021   Elapsed: 36.151s (0m 36s)  22% completed  (11% total)
     Speed:     ev/sec=24401.4   simsec/sec=2.73853   ev/simsec=8910.38
     Messages:  created: 850746   present: 1757   in FES: 154
** Event #1030144   t=119.577127275688   Elapsed: 38.1642s (0m 38s)  23% completed  (11% total)
     Speed:     ev/sec=29627.9   simsec/sec=3.23383   ev/simsec=9161.86
     Messages:  created: 901438   present: 2543   in FES: 150
** Event #1092608   t=126.531293803103   Elapsed: 40.1763s (0m 40s)  25% completed  (12% total)
     Speed:     ev/sec=31044.6   simsec/sec=3.45622   ev/simsec=8982.24
     Messages:  created: 954398   present: 3348   in FES: 136
** Event #1139968   t=132.007967471502   Elapsed: 42.1795s (0m 42s)  26% completed  (13% total)
     Speed:     ev/sec=23641.3   simsec/sec=2.73387   ev/simsec=8647.58
     Messages:  created: 994612   present: 4048   in FES: 153
** Event #1195776   t=138.035220948992   Elapsed: 44.1825s (0m 44s)  27% completed  (13% total)
     Speed:     ev/sec=27862.6   simsec/sec=3.00915   ev/simsec=9259.28
     Messages:  created: 1041933   present: 4685   in FES: 123
** Event #1234176   t=141.584127193752   Elapsed: 46.1903s (0m 46s)  28% completed  (14% total)
     Speed:     ev/sec=19125.1   simsec/sec=1.76753   ev/simsec=10820.2
     Messages:  created: 1072409   present: 5203   in FES: 153
** Event #1267456   t=144.583128090255   Elapsed: 48.214s (0m 48s)  28% completed  (14% total)
     Speed:     ev/sec=16445.6   simsec/sec=1.48198   ev/simsec=11097
     Messages:  created: 1097970   present: 5504   in FES: 135
** Event #1307648   t=148.507960498369   Elapsed: 50.2274s (0m 50s)  29% completed  (14% total)
     Speed:     ev/sec=19962.2   simsec/sec=1.94935   ev/simsec=10240.4
     Messages:  created: 1128612   present: 5999   in FES: 144
** Event #1336064   t=150.562376719646   Elapsed: 52.2348s (0m 52s)  30% completed  (15% total)
     Speed:     ev/sec=14155.8   simsec/sec=1.02344   ev/simsec=13831.7
     Messages:  created: 1149948   present: 6261   in FES: 154
** Event #1372416   t=153.541580384404   Elapsed: 54.258s (0m 54s)  30% completed  (15% total)
     Speed:     ev/sec=17966.9   simsec/sec=1.47247   ev/simsec=12201.9
     Messages:  created: 1176764   present: 6579   in FES: 134
** Event #1407744   t=156.533580090598   Elapsed: 56.2592s (0m 56s)  31% completed  (15% total)
     Speed:     ev/sec=17653.5   simsec/sec=1.49511   ev/simsec=11807.5
     Messages:  created: 1203073   present: 6939   in FES: 135
** Event #1442560   t=159.512418868679   Elapsed: 58.284s (0m 58s)  31% completed  (15% total)
     Speed:     ev/sec=17195.4   simsec/sec=1.47123   ev/simsec=11687.8
     Messages:  created: 1228853   present: 7458   in FES: 182
** Event #1479424   t=162.514420229698   Elapsed: 60.3024s (1m 00s)  32% completed  (16% total)
     Speed:     ev/sec=18263.3   simsec/sec=1.48727   ev/simsec=12279.8
     Messages:  created: 1256199   present: 7653   in FES: 127
** Event #1514240   t=165.506420098064   Elapsed: 62.3176s (1m 02s)  33% completed  (16% total)
     Speed:     ev/sec=17276.8   simsec/sec=1.48472   ev/simsec=11636.4
     Messages:  created: 1281731   present: 7991   in FES: 127
** Event #1553408   t=168.586126309178   Elapsed: 64.3216s (1m 04s)  33% completed  (16% total)
     Speed:     ev/sec=19545.1   simsec/sec=1.53679   ev/simsec=12718.1
     Messages:  created: 1311546   present: 8410   in FES: 145
** Event #1593856   t=172.506419486625   Elapsed: 66.3361s (1m 06s)  34% completed  (17% total)
     Speed:     ev/sec=20078.6   simsec/sec=1.94605   ev/simsec=10317.6
     Messages:  created: 1342203   present: 8855   in FES: 135
** Event #1635328   t=176.54119234336   Elapsed: 68.3469s (1m 08s)  35% completed  (17% total)
     Speed:     ev/sec=20624.4   simsec/sec=2.00653   ev/simsec=10278.6
     Messages:  created: 1375224   present: 9383   in FES: 154
** Event #1692928   t=182.529848492919   Elapsed: 70.3548s (1m 10s)  36% completed  (18% total)
     Speed:     ev/sec=28687   simsec/sec=2.98258   ev/simsec=9618.18
     Messages:  created: 1421597   present: 10072   in FES: 140
** Event #1750528   t=188.262174124193   Elapsed: 72.3578s (1m 12s)  37% completed  (18% total)
     Speed:     ev/sec=28756.7   simsec/sec=2.86185   ev/simsec=10048.3
     Messages:  created: 1467989   present: 10703   in FES: 122
** Event #1803264   t=193.585503673622   Elapsed: 74.3616s (1m 14s)  38% completed  (19% total)
     Speed:     ev/sec=26318   simsec/sec=2.65662   ev/simsec=9906.58
     Messages:  created: 1510572   present: 11443   in FES: 154
** Event #1861120   t=199.577803089754   Elapsed: 76.3718s (1m 16s)  39% completed  (19% total)
     Speed:     ev/sec=28780.5   simsec/sec=2.98087   ev/simsec=9655.06
     Messages:  created: 1557174   present: 12156   in FES: 153
** Event #1910272   t=204.579766329743   Elapsed: 78.381s (1m 18s)  40% completed  (20% total)
     Speed:     ev/sec=24464.1   simsec/sec=2.48959   ev/simsec=9826.54
     Messages:  created: 1596740   present: 12733   in FES: 144
** Event #1967360   t=210.55354921555   Elapsed: 80.3916s (1m 20s)  42% completed  (21% total)
     Speed:     ev/sec=28393.2   simsec/sec=2.97111   ev/simsec=9556.42
     Messages:  created: 1642630   present: 13407   in FES: 132
** Event #2017536   t=215.579778624349   Elapsed: 82.3954s (1m 22s)  43% completed  (21% total)
     Speed:     ev/sec=25040   simsec/sec=2.5083   ev/simsec=9982.83
     Messages:  created: 1683150   present: 14062   in FES: 147
** Event #2072320   t=221.166101668263   Elapsed: 84.3979s (1m 24s)  44% completed  (22% total)
     Speed:     ev/sec=27358.8   simsec/sec=2.78977   ev/simsec=9806.81
     Messages:  created: 1727225   present: 14651   in FES: 122
** Event #2127360   t=227.029452943253   Elapsed: 86.4016s (1m 26s)  45% completed  (22% total)
     Speed:     ev/sec=27468.8   simsec/sec=2.92622   ev/simsec=9387.12
     Messages:  created: 1771532   present: 15383   in FES: 139
** Event #2182656   t=232.574965562434   Elapsed: 88.4018s (1m 28s)  46% completed  (23% total)
     Speed:     ev/sec=27644.8   simsec/sec=2.77244   ev/simsec=9971.31
     Messages:  created: 1816210   present: 16121   in FES: 184
** Event #2232320   t=237.583752831651   Elapsed: 90.4057s (1m 30s)  47% completed  (23% total)
     Speed:     ev/sec=24783.8   simsec/sec=2.49953   ev/simsec=9915.37
     Messages:  created: 1856194   present: 1496   in FES: 154
** Event #2285824   t=243.071425764831   Elapsed: 92.4144s (1m 32s)  48% completed  (24% total)
     Speed:     ev/sec=26636.2   simsec/sec=2.73196   ev/simsec=9749.85
     Messages:  created: 1899314   present: 2154   in FES: 154
** Event #2339584   t=248.579883908665   Elapsed: 94.4213s (1m 34s)  49% completed  (24% total)
     Speed:     ev/sec=26788.4   simsec/sec=2.74484   ev/simsec=9759.54
     Messages:  created: 1942542   present: 2770   in FES: 130
** Event #2388992   t=253.593789233605   Elapsed: 96.4295s (1m 36s)  50% completed  (25% total)
     Speed:     ev/sec=24603   simsec/sec=2.49671   ev/simsec=9854.19
     Messages:  created: 1982410   present: 3416   in FES: 154
** Event #2434304   t=258.529848777637   Elapsed: 98.4312s (1m 38s)  51% completed  (25% total)
     Speed:     ev/sec=22636.4   simsec/sec=2.4659   ev/simsec=9179.79
     Messages:  created: 2018779   present: 3980   in FES: 137
** Event #2488832   t=264.032023266352   Elapsed: 100.432s (1m 40s)  52% completed  (26% total)
     Speed:     ev/sec=27256.3   simsec/sec=2.75031   ev/simsec=9910.26
     Messages:  created: 2062711   present: 4635   in FES: 134
** Event #2544128   t=269.579102108015   Elapsed: 102.44s (1m 42s)  53% completed  (26% total)
     Speed:     ev/sec=27532.4   simsec/sec=2.76195   ev/simsec=9968.49
     Messages:  created: 2107352   present: 5349   in FES: 151
** Event #2603264   t=275.59026866473   Elapsed: 104.443s (1m 44s)  55% completed  (27% total)
     Speed:     ev/sec=29524.8   simsec/sec=3.00119   ev/simsec=9837.69
     Messages:  created: 2155004   present: 6065   in FES: 151
** Event #2658048   t=281.511313948924   Elapsed: 106.447s (1m 46s)  56% completed  (28% total)
     Speed:     ev/sec=27333.2   simsec/sec=2.95417   ev/simsec=9252.42
     Messages:  created: 2198974   present: 6747   in FES: 141
** Event #2707712   t=286.53687917137   Elapsed: 108.448s (1m 48s)  57% completed  (28% total)
     Speed:     ev/sec=24820.5   simsec/sec=2.51162   ev/simsec=9882.27
     Messages:  created: 2239013   present: 7348   in FES: 139
** Event #2756096   t=291.523188927032   Elapsed: 110.455s (1m 50s)  58% completed  (29% total)
     Speed:     ev/sec=24115.1   simsec/sec=2.48523   ev/simsec=9703.37
     Messages:  created: 2277943   present: 7987   in FES: 154
** Event #2799104   t=295.507793141825   Elapsed: 112.482s (1m 52s)  59% completed  (29% total)
     Speed:     ev/sec=21210.6   simsec/sec=1.96512   ev/simsec=10793.5
     Messages:  created: 2311253   present: 8447   in FES: 154
** Event #2828544   t=297.54415037754   Elapsed: 114.508s (1m 54s)  59% completed  (29% total)
     Speed:     ev/sec=14534.6   simsec/sec=1.00535   ev/simsec=14457.2
     Messages:  created: 2332384   present: 8711   in FES: 151
** Event #2863872   t=300.526493101859   Elapsed: 116.517s (1m 56s)  60% completed  (30% total)
     Speed:     ev/sec=17581.8   simsec/sec=1.48423   ev/simsec=11845.7
     Messages:  created: 2358056   present: 9053   in FES: 141
** Event #2900736   t=303.523809924152   Elapsed: 118.529s (1m 58s)  60% completed  (30% total)
     Speed:     ev/sec=18323.2   simsec/sec=1.48981   ev/simsec=12299
     Messages:  created: 2384774   present: 9434   in FES: 152
** Event #2937600   t=306.52035474727   Elapsed: 120.556s (2m 00s)  61% completed  (30% total)
     Speed:     ev/sec=18187.9   simsec/sec=1.47843   ev/simsec=12302.2
     Messages:  created: 2411277   present: 9757   in FES: 144
** Event #2967808   t=309.053374424762   Elapsed: 122.558s (2m 02s)  61% completed  (30% total)
     Speed:     ev/sec=15085   simsec/sec=1.26492   ev/simsec=11925.7
     Messages:  created: 2434368   present: 10084   in FES: 152
** Event #3002112   t=312.524947622333   Elapsed: 124.578s (2m 04s)  62% completed  (31% total)
     Speed:     ev/sec=16989   simsec/sec=1.71929   ev/simsec=9881.4
     Messages:  created: 2461258   present: 10433   in FES: 129
** Event #3046400   t=317.021185507265   Elapsed: 126.58s (2m 06s)  63% completed  (31% total)
     Speed:     ev/sec=22113.4   simsec/sec=2.24501   ev/simsec=9850.01
     Messages:  created: 2496950   present: 11023   in FES: 145
** Event #3102464   t=322.580968795493   Elapsed: 128.592s (2m 08s)  64% completed  (32% total)
     Speed:     ev/sec=27863.5   simsec/sec=2.76318   ev/simsec=10083.8
     Messages:  created: 2542248   present: 11708   in FES: 154
** Event #3157504   t=328.532299862775   Elapsed: 130.599s (2m 10s)  65% completed  (32% total)
     Speed:     ev/sec=27436.7   simsec/sec=2.96666   ev/simsec=9248.35
     Messages:  created: 2586917   present: 12346   in FES: 125
** Event #3210752   t=334.52814945666   Elapsed: 132.618s (2m 12s)  66% completed  (33% total)
     Speed:     ev/sec=26366.6   simsec/sec=2.96895   ev/simsec=8880.81
     Messages:  created: 2632324   present: 13107   in FES: 137
** Event #3262464   t=340.020081401287   Elapsed: 134.624s (2m 14s)  68% completed  (34% total)
     Speed:     ev/sec=25784.7   simsec/sec=2.73839   ev/simsec=9415.99
     Messages:  created: 2674567   present: 13765   in FES: 140
** Event #3324416   t=346.515442027834   Elapsed: 136.626s (2m 16s)  69% completed  (34% total)
     Speed:     ev/sec=30942.4   simsec/sec=3.24416   ev/simsec=9537.88
     Messages:  created: 2725063   present: 14566   in FES: 147
** Event #3382784   t=352.525468774823   Elapsed: 138.628s (2m 18s)  70% completed  (35% total)
     Speed:     ev/sec=29157.9   simsec/sec=3.00232   ev/simsec=9711.77
     Messages:  created: 2772630   present: 15263   in FES: 137
** Event #3433984   t=357.590606443456   Elapsed: 140.641s (2m 20s)  71% completed  (35% total)
     Speed:     ev/sec=25428.3   simsec/sec=2.51559   ev/simsec=10108.3
     Messages:  created: 2814551   present: 15849   in FES: 153
** Event #3489024   t=363.530047001904   Elapsed: 142.652s (2m 22s)  72% completed  (36% total)
     Speed:     ev/sec=27370.5   simsec/sec=2.95359   ev/simsec=9266.87
     Messages:  created: 2859338   present: 1407   in FES: 154
** Event #3553024   t=367.15060827515   Elapsed: 144.656s (2m 24s)  73% completed  (36% total)
     Speed:     ev/sec=31930.5   simsec/sec=1.80635   ev/simsec=17676.8
     Messages:  created: 2927201   present: 1722   in FES: 164
** Event #3626752   t=371.001711505989   Elapsed: 146.661s (2m 26s)  74% completed  (37% total)
     Speed:     ev/sec=36783.4   simsec/sec=1.92134   ev/simsec=19144.6
     Messages:  created: 3013515   present: 2014   in FES: 152
** Event #3714048   t=376.587242357662   Elapsed: 148.662s (2m 28s)  75% completed  (37% total)
     Speed:     ev/sec=43610.9   simsec/sec=2.79039   ev/simsec=15629
     Messages:  created: 3110842   present: 2443   in FES: 143
** Event #3791616   t=380.454388977815   Elapsed: 150.663s (2m 30s)  76% completed  (38% total)
     Speed:     ev/sec=38774.9   simsec/sec=1.93312   ev/simsec=20058.2
     Messages:  created: 3203287   present: 2752   in FES: 154
** Event #3877376   t=391.071485120699   Elapsed: 152.669s (2m 32s)  78% completed  (39% total)
     Speed:     ev/sec=42750.3   simsec/sec=5.2925   ev/simsec=8077.54
     Messages:  created: 3282080   present: 3966   in FES: 125
** Event #3956736   t=401.533941643119   Elapsed: 154.674s (2m 34s)  80% completed  (40% total)
     Speed:     ev/sec=39576.9   simsec/sec=5.21763   ev/simsec=7585.22
     Messages:  created: 3354177   present: 5278   in FES: 146
** Event #4030208   t=411.01979950253   Elapsed: 156.674s (2m 36s)  82% completed  (41% total)
     Speed:     ev/sec=36732.7   simsec/sec=4.7425   ev/simsec=7745.42
     Messages:  created: 3420965   present: 6360   in FES: 128
** Event #4098816   t=419.582697019061   Elapsed: 158.678s (2m 38s)  83% completed  (41% total)
     Speed:     ev/sec=34241   simsec/sec=4.27359   ev/simsec=8012.24
     Messages:  created: 3483331   present: 7381   in FES: 124
** Event #4190208   t=431.545191817204   Elapsed: 160.678s (2m 40s)  86% completed  (43% total)
     Speed:     ev/sec=45695.4   simsec/sec=5.98117   ev/simsec=7639.88
     Messages:  created: 3566467   present: 8874   in FES: 154
** Event #4263936   t=440.095000928388   Elapsed: 162.679s (2m 42s)  88% completed  (44% total)
     Speed:     ev/sec=36840   simsec/sec=4.27213   ev/simsec=8623.35
     Messages:  created: 3631017   present: 9888   in FES: 142
** Event #4328960   t=447.571755009116   Elapsed: 164.688s (2m 44s)  89% completed  (44% total)
     Speed:     ev/sec=32374.3   simsec/sec=3.72255   ev/simsec=8696.82
     Messages:  created: 3687187   present: 10822   in FES: 154
** Event #4398592   t=455.545131998497   Elapsed: 166.694s (2m 46s)  91% completed  (45% total)
     Speed:     ev/sec=34703.9   simsec/sec=3.97385   ev/simsec=8733.06
     Messages:  created: 3747166   present: 11728   in FES: 135
** Event #4482816   t=466.505235941256   Elapsed: 168.697s (2m 48s)  93% completed  (46% total)
     Speed:     ev/sec=42063.5   simsec/sec=5.47374   ev/simsec=7684.6
     Messages:  created: 3823581   present: 13090   in FES: 154
** Event #4564480   t=477.019221945294   Elapsed: 170.698s (2m 50s)  95% completed  (47% total)
     Speed:     ev/sec=40804.4   simsec/sec=5.25344   ev/simsec=7767.18
     Messages:  created: 3897873   present: 14330   in FES: 146
** Event #4647680   t=487.572743142549   Elapsed: 172.704s (2m 52s)  97% completed  (48% total)
     Speed:     ev/sec=41483.5   simsec/sec=5.26199   ev/simsec=7883.62
     Messages:  created: 3973718   present: 15597   in FES: 164
** Event #4719616   t=497.019221740038   Elapsed: 174.708s (2m 54s)  99% completed  (49% total)
     Speed:     ev/sec=35898.2   simsec/sec=4.71408   ev/simsec=7615.11
     Messages:  created: 4039097   present: 2175   in FES: 154
** Event #4742473   t=500   Elapsed: 175.199s (2m 55s)  100% completed  (50% total)
     Speed:     ev/sec=46459.7   simsec/sec=6.04799   ev/simsec=7681.84
     Messages:  created: 4059823   present: 2438   in FES: 122

<!> Simulation time limit reached -- at t=500s, event #4742473
undisposed object: (omnetpp::cMessage) FanetSarNetwork.groundStation.app.debugTimer -- check module destructor
undisposed object: (omnetpp::cMessage) FanetSarNetwork.uav[0].app.debugTimer -- check module destructor
undisposed object: (omnetpp::cMessage) FanetSarNetwork.uav[1].app.debugTimer -- check module destructor
undisposed object: (omnetpp::cMessage) FanetSarNetwork.uav[2].app.debugTimer -- check module destructor
undisposed object: (omnetpp::cMessage) FanetSarNetwork.uav[3].app.debugTimer -- check module destructor
undisposed object: (omnetpp::cMessage) FanetSarNetwork.uav[4].app.debugTimer -- check module destructor
undisposed object: (omnetpp::cMessage) FanetSarNetwork.uav[5].app.debugTimer -- check module destructor
undisposed object: (omnetpp::cMessage) FanetSarNetwork.uav[6].app.debugTimer -- check module destructor
undisposed object: (omnetpp::cMessage) FanetSarNetwork.uav[7].app.debugTimer -- check module destructor
undisposed object: (omnetpp::cMessage) FanetSarNetwork.uav[8].app.debugTimer -- check module destructor
undisposed object: (omnetpp::cMessage) FanetSarNetwork.uav[9].app.debugTimer -- check module destructor
undisposed object: (omnetpp::cMessage) FanetSarNetwork.uav[10].app.debugTimer -- check module destructor
undisposed object: (omnetpp::cMessage) FanetSarNetwork.uav[11].app.debugTimer -- check module destructor
undisposed object: (omnetpp::cMessage) FanetSarNetwork.uav[12].app.debugTimer -- check module destructor
undisposed object: (omnetpp::cMessage) FanetSarNetwork.uav[13].app.debugTimer -- check module destructor
undisposed object: (omnetpp::cMessage) FanetSarNetwork.uav[14].app.debugTimer -- check module destructor
undisposed object: (omnetpp::cMessage) FanetSarNetwork.uav[15].app.debugTimer -- check module destructor
undisposed object: (omnetpp::cMessage) FanetSarNetwork.uav[16].app.debugTimer -- check module destructor
undisposed object: (omnetpp::cMessage) FanetSarNetwork.uav[17].app.debugTimer -- check module destructor
undisposed object: (omnetpp::cMessage) FanetSarNetwork.uav[18].app.debugTimer -- check module destructor
undisposed object: (omnetpp::cMessage) FanetSarNetwork.uav[19].app.debugTimer -- check module destructor
undisposed object: (omnetpp::cMessage) FanetSarNetwork.uav[20].app.debugTimer -- check module destructor
undisposed object: (omnetpp::cMessage) FanetSarNetwork.uav[21].app.debugTimer -- check module destructor
undisposed object: (omnetpp::cMessage) FanetSarNetwork.uav[22].app.debugTimer -- check module destructor
undisposed object: (omnetpp::cMessage) FanetSarNetwork.uav[23].app.debugTimer -- check module destructor
undisposed object: (omnetpp::cMessage) FanetSarNetwork.uav[24].app.debugTimer -- check module destructor
undisposed object: (omnetpp::cMessage) FanetSarNetwork.uav[25].app.debugTimer -- check module destructor
undisposed object: (omnetpp::cMessage) FanetSarNetwork.uav[26].app.debugTimer -- check module destructor
undisposed object: (omnetpp::cMessage) FanetSarNetwork.uav[27].app.debugTimer -- check module destructor
undisposed object: (omnetpp::cMessage) FanetSarNetwork.uav[28].app.debugTimer -- check module destructor
undisposed object: (omnetpp::cMessage) FanetSarNetwork.uav[29].app.debugTimer -- check module destructor
