** Event #0   t=0   Elapsed: 2.2e-05s (0m 00s)  0% completed  (0% total)
     Speed:     ev/sec=0   simsec/sec=0   ev/simsec=0
     Messages:  created: 1178   present: 1178   in FES: 186
** Event #50688   t=4.560490696576   Elapsed: 2.01809s (0m 02s)  0% completed  (0% total)
     Speed:     ev/sec=25117.5   simsec/sec=2.25982   ev/simsec=11114.8
     Messages:  created: 42029   present: 1188   in FES: 154
** Event #96768   t=9.510466687067   Elapsed: 4.02635s (0m 04s)  1% completed  (0% total)
     Speed:     ev/sec=22945.2   simsec/sec=2.4648   ev/simsec=9309.14
     Messages:  created: 79092   present: 1143   in FES: 130
** Event #137216   t=13.551506650192   Elapsed: 6.02969s (0m 06s)  2% completed  (1% total)
     Speed:     ev/sec=20190.3   simsec/sec=2.01715   ev/simsec=10009.3
     Messages:  created: 112312   present: 1189   in FES: 146
** Event #175104   t=17.552574500749   Elapsed: 8.03845s (0m 08s)  3% completed  (1% total)
     Speed:     ev/sec=18861.5   simsec/sec=1.99182   ev/simsec=9469.47
     Messages:  created: 143430   present: 1158   in FES: 135
** Event #214016   t=21.710986863338   Elapsed: 10.0446s (0m 10s)  4% completed  (2% total)
     Speed:     ev/sec=19396.2   simsec/sec=2.07282   ev/simsec=9357.42
     Messages:  created: 175772   present: 1116   in FES: 122
** Event #257792   t=26.534082809693   Elapsed: 12.0501s (0m 12s)  5% completed  (2% total)
     Speed:     ev/sec=21827.9   simsec/sec=2.40493   ev/simsec=9076.33
     Messages:  created: 212268   present: 1167   in FES: 138
** Event #302080   t=31.508559677716   Elapsed: 14.0671s (0m 14s)  6% completed  (3% total)
     Speed:     ev/sec=21957.7   simsec/sec=2.46631   ev/simsec=8903.05
     Messages:  created: 249194   present: 1193   in FES: 148
** Event #348416   t=36.519337188192   Elapsed: 16.0703s (0m 16s)  7% completed  (3% total)
     Speed:     ev/sec=23131   simsec/sec=2.50139   ev/simsec=9247.27
     Messages:  created: 288110   present: 1197   in FES: 146
** Event #395264   t=42.514094205682   Elapsed: 18.0715s (0m 18s)  8% completed  (4% total)
     Speed:     ev/sec=23409.7   simsec/sec=2.99555   ev/simsec=7814.83
     Messages:  created: 330324   present: 1121   in FES: 124
** Event #456704   t=50.574150330454   Elapsed: 20.0791s (0m 20s)  10% completed  (5% total)
     Speed:     ev/sec=30604.5   simsec/sec=4.01488   ev/simsec=7622.78
     Messages:  created: 388001   present: 1196   in FES: 154
** Event #518912   t=59.035797856465   Elapsed: 22.0796s (0m 22s)  11% completed  (5% total)
     Speed:     ev/sec=31096.2   simsec/sec=4.22976   ev/simsec=7351.76
     Messages:  created: 446218   present: 1198   in FES: 147
** Event #585216   t=68.031063832657   Elapsed: 24.0829s (0m 24s)  13% completed  (6% total)
     Speed:     ev/sec=33096.7   simsec/sec=4.49014   ev/simsec=7370.99
     Messages:  created: 508264   present: 1120   in FES: 123
** Event #648448   t=76.529061958133   Elapsed: 26.0903s (0m 26s)  15% completed  (7% total)
     Speed:     ev/sec=31499.7   simsec/sec=4.23337   ev/simsec=7440.81
     Messages:  created: 567288   present: 1205   in FES: 152
** Event #695808   t=82.035164057054   Elapsed: 28.0911s (0m 28s)  16% completed  (8% total)
     Speed:     ev/sec=23670.1   simsec/sec=2.7519   ev/simsec=8601.37
     Messages:  created: 608645   present: 1204   in FES: 154
** Event #743680   t=87.546907236506   Elapsed: 30.1016s (0m 30s)  17% completed  (8% total)
     Speed:     ev/sec=23811.7   simsec/sec=2.74156   ev/simsec=8685.46
     Messages:  created: 649972   present: 1126   in FES: 125
** Event #792832   t=93.099192417314   Elapsed: 32.1023s (0m 32s)  18% completed  (9% total)
     Speed:     ev/sec=24567   simsec/sec=2.77512   ev/simsec=8852.57
     Messages:  created: 692980   present: 1205   in FES: 152
** Event #844800   t=100.032260513005   Elapsed: 34.1088s (0m 34s)  20% completed  (10% total)
     Speed:     ev/sec=25900   simsec/sec=3.45532   ev/simsec=7495.67
     Messages:  created: 740872   present: 1203   in FES: 150
** Event #909056   t=107.573555358047   Elapsed: 36.1097s (0m 36s)  21% completed  (10% total)
     Speed:     ev/sec=32114   simsec/sec=3.769   ev/simsec=8520.55
     Messages:  created: 801650   present: 2092   in FES: 178
** Event #968448   t=115.087106312192   Elapsed: 38.1155s (0m 38s)  23% completed  (11% total)
     Speed:     ev/sec=29609   simsec/sec=3.74577   ev/simsec=7904.65
     Messages:  created: 855622   present: 1971   in FES: 137
** Event #1027584   t=122.594128008364   Elapsed: 40.1287s (0m 40s)  24% completed  (12% total)
     Speed:     ev/sec=29374.7   simsec/sec=3.72897   ev/simsec=7877.42
     Messages:  created: 909087   present: 2918   in FES: 151
** Event #1077760   t=128.093311215805   Elapsed: 42.1352s (0m 42s)  25% completed  (12% total)
     Speed:     ev/sec=25007.1   simsec/sec=2.74072   ev/simsec=9124.26
     Messages:  created: 951225   present: 3534   in FES: 137
** Event #1129472   t=134.03521778738   Elapsed: 44.136s (0m 44s)  26% completed  (13% total)
     Speed:     ev/sec=25845.8   simsec/sec=2.96978   ev/simsec=8702.93
     Messages:  created: 995073   present: 4274   in FES: 145
** Event #1180416   t=139.575333282279   Elapsed: 46.1431s (0m 46s)  27% completed  (13% total)
     Speed:     ev/sec=25381.6   simsec/sec=2.76023   ev/simsec=9195.48
     Messages:  created: 1038308   present: 4939   in FES: 147
** Event #1227264   t=144.763943339465   Elapsed: 48.1467s (0m 48s)  28% completed  (14% total)
     Speed:     ev/sec=23381.7   simsec/sec=2.58962   ev/simsec=9029.01
     Messages:  created: 1077901   present: 5488   in FES: 123
** Event #1278208   t=151.031595181774   Elapsed: 50.1545s (0m 50s)  30% completed  (15% total)
     Speed:     ev/sec=25372.9   simsec/sec=3.12163   ev/simsec=8128.08
     Messages:  created: 1122851   present: 6329   in FES: 154
** Event #1326080   t=156.53824016885   Elapsed: 52.157s (0m 52s)  31% completed  (15% total)
     Speed:     ev/sec=23905.8   simsec/sec=2.74985   ev/simsec=8693.5
     Messages:  created: 1164063   present: 6919   in FES: 128
** Event #1373184   t=161.596418314855   Elapsed: 54.1677s (0m 54s)  32% completed  (16% total)
     Speed:     ev/sec=23427.6   simsec/sec=2.51573   ev/simsec=9312.44
     Messages:  created: 1203871   present: 7568   in FES: 141
** Event #1422592   t=167.037424474373   Elapsed: 56.1678s (0m 56s)  33% completed  (16% total)
     Speed:     ev/sec=24701.6   simsec/sec=2.72024   ev/simsec=9080.67
     Messages:  created: 1245602   present: 8171   in FES: 124
** Event #1470464   t=172.076368109348   Elapsed: 58.1751s (0m 58s)  34% completed  (17% total)
     Speed:     ev/sec=23850   simsec/sec=2.51042   ev/simsec=9500.4
     Messages:  created: 1285962   present: 8832   in FES: 140
** Event #1518592   t=177.541868064374   Elapsed: 60.178s (1m 00s)  35% completed  (17% total)
     Speed:     ev/sec=24028.8   simsec/sec=2.72876   ev/simsec=8805.78
     Messages:  created: 1326632   present: 9478   in FES: 140
** Event #1566208   t=182.601312380777   Elapsed: 62.1877s (1m 02s)  36% completed  (18% total)
     Speed:     ev/sec=23692.8   simsec/sec=2.51748   ev/simsec=9411.31
     Messages:  created: 1367064   present: 10213   in FES: 185
** Event #1612288   t=187.559380436962   Elapsed: 64.1903s (1m 04s)  37% completed  (18% total)
     Speed:     ev/sec=23010.1   simsec/sec=2.47582   ev/simsec=9293.94
     Messages:  created: 1405269   present: 10683   in FES: 140
** Event #1644288   t=190.543218283319   Elapsed: 66.1924s (1m 06s)  38% completed  (19% total)
     Speed:     ev/sec=15983.3   simsec/sec=1.49036   ev/simsec=10724.4
     Messages:  created: 1430350   present: 10987   in FES: 124
** Event #1674496   t=193.54210980921   Elapsed: 68.2147s (1m 08s)  38% completed  (19% total)
     Speed:     ev/sec=14937.7   simsec/sec=1.48294   ev/simsec=10073.1
     Messages:  created: 1454326   present: 11350   in FES: 124
** Event #1712128   t=197.530201912238   Elapsed: 70.2232s (1m 10s)  39% completed  (19% total)
     Speed:     ev/sec=18736   simsec/sec=1.98556   ev/simsec=9436.09
     Messages:  created: 1484928   present: 11906   in FES: 154
** Event #1752064   t=201.5803106852   Elapsed: 72.2277s (1m 12s)  40% completed  (20% total)
     Speed:     ev/sec=19923.2   simsec/sec=2.02051   ev/simsec=9860.48
     Messages:  created: 1517592   present: 12431   in FES: 161
** Event #1792000   t=205.747493537609   Elapsed: 74.2286s (1m 14s)  41% completed  (20% total)
     Speed:     ev/sec=19959.1   simsec/sec=2.08266   ev/simsec=9583.45
     Messages:  created: 1550147   present: 12804   in FES: 123
** Event #1833216   t=210.065754176048   Elapsed: 76.2323s (1m 16s)  42% completed  (21% total)
     Speed:     ev/sec=20570.2   simsec/sec=2.15517   ev/simsec=9544.58
     Messages:  created: 1583736   present: 13403   in FES: 149
** Event #1874432   t=214.518390526136   Elapsed: 78.2469s (1m 18s)  42% completed  (21% total)
     Speed:     ev/sec=20458.1   simsec/sec=2.21013   ev/simsec=9256.54
     Messages:  created: 1617030   present: 13863   in FES: 124
** Event #1914112   t=218.575349391674   Elapsed: 80.2649s (1m 20s)  43% completed  (21% total)
     Speed:     ev/sec=19663.6   simsec/sec=2.01044   ev/simsec=9780.73
     Messages:  created: 1650070   present: 14416   in FES: 144
** Event #1952512   t=223.035164073284   Elapsed: 82.2652s (1m 22s)  44% completed  (22% total)
     Speed:     ev/sec=19196.7   simsec/sec=2.22953   ev/simsec=8610.22
     Messages:  created: 1682648   present: 14968   in FES: 154
** Event #1995008   t=227.539749589327   Elapsed: 84.2686s (1m 24s)  45% completed  (22% total)
     Speed:     ev/sec=21212.3   simsec/sec=2.24851   ev/simsec=9433.94
     Messages:  created: 1718031   present: 15543   in FES: 171
** Event #2041600   t=232.536694621937   Elapsed: 86.277s (1m 26s)  46% completed  (23% total)
     Speed:     ev/sec=23197.9   simsec/sec=2.48795   ev/simsec=9324.1
     Messages:  created: 1756453   present: 16116   in FES: 172
** Event #2082048   t=236.818284428213   Elapsed: 88.2807s (1m 28s)  47% completed  (23% total)
     Speed:     ev/sec=20186.8   simsec/sec=2.13686   ev/simsec=9446.96
     Messages:  created: 1789659   present: 1346   in FES: 123
** Event #2127104   t=241.540962793498   Elapsed: 90.2915s (1m 30s)  48% completed  (24% total)
     Speed:     ev/sec=22406.8   simsec/sec=2.34864   ev/simsec=9540.35
     Messages:  created: 1826850   present: 1999   in FES: 145
** Event #2173184   t=246.536695284467   Elapsed: 92.2963s (1m 32s)  49% completed  (24% total)
     Speed:     ev/sec=22985.3   simsec/sec=2.49193   ev/simsec=9223.87
     Messages:  created: 1864931   present: 2570   in FES: 139
** Event #2221568   t=252.047490576631   Elapsed: 94.2975s (1m 34s)  50% completed  (25% total)
     Speed:     ev/sec=24177.9   simsec/sec=2.75379   ev/simsec=8779.86
     Messages:  created: 1906441   present: 3178   in FES: 124
** Event #2274048   t=258.583563226532   Elapsed: 96.3035s (1m 36s)  51% completed  (25% total)
     Speed:     ev/sec=26161.2   simsec/sec=3.25823   ev/simsec=8029.29
     Messages:  created: 1953652   present: 4053   in FES: 153
** Event #2334976   t=266.537009270888   Elapsed: 98.3093s (1m 38s)  53% completed  (26% total)
     Speed:     ev/sec=30375   simsec/sec=3.9651   ev/simsec=7660.58
     Messages:  created: 2008987   present: 4987   in FES: 154
** Event #2395136   t=274.087104062501   Elapsed: 100.311s (1m 40s)  54% completed  (27% total)
     Speed:     ev/sec=30048   simsec/sec=3.77103   ev/simsec=7968.11
     Messages:  created: 2063680   present: 5888   in FES: 146
** Event #2453248   t=281.587230155409   Elapsed: 102.314s (1m 42s)  56% completed  (28% total)
     Speed:     ev/sec=29021   simsec/sec=3.74555   ev/simsec=7748.14
     Messages:  created: 2116490   present: 6817   in FES: 153
** Event #2511872   t=289.087104160762   Elapsed: 104.316s (1m 44s)  57% completed  (28% total)
     Speed:     ev/sec=29275   simsec/sec=3.74521   ev/simsec=7816.66
     Messages:  created: 2169696   present: 7683   in FES: 145
** Event #2567424   t=296.019043342602   Elapsed: 106.322s (1m 46s)  59% completed  (29% total)
     Speed:     ev/sec=27691.8   simsec/sec=3.45546   ev/simsec=8013.92
     Messages:  created: 2218283   present: 8506   in FES: 141
** Event #2601472   t=299.076369424408   Elapsed: 108.33s (1m 48s)  59% completed  (29% total)
     Speed:     ev/sec=16958   simsec/sec=1.52274   ev/simsec=11136.5
     Messages:  created: 2245266   present: 8873   in FES: 137
** Event #2634240   t=302.517012775693   Elapsed: 110.33s (1m 50s)  60% completed  (30% total)
     Speed:     ev/sec=16383.5   simsec/sec=1.72027   ev/simsec=9523.8
     Messages:  created: 2271301   present: 9315   in FES: 154
** Event #2672896   t=306.548572627545   Elapsed: 112.341s (1m 52s)  61% completed  (30% total)
     Speed:     ev/sec=19222.7   simsec/sec=2.00479   ev/simsec=9588.35
     Messages:  created: 2303595   present: 9826   in FES: 156
** Event #2714624   t=311.035940868036   Elapsed: 114.344s (1m 54s)  62% completed  (31% total)
     Speed:     ev/sec=20836.9   simsec/sec=2.24077   ev/simsec=9298.99
     Messages:  created: 2338121   present: 10332   in FES: 147
** Event #2757632   t=315.548702597898   Elapsed: 116.359s (1m 56s)  63% completed  (31% total)
     Speed:     ev/sec=21339.3   simsec/sec=2.2391   ev/simsec=9530.31
     Messages:  created: 2373675   present: 10871   in FES: 143
** Event #2796800   t=319.557269426707   Elapsed: 118.375s (1m 58s)  63% completed  (31% total)
     Speed:     ev/sec=19434.1   simsec/sec=1.98894   ev/simsec=9771.07
     Messages:  created: 2405623   present: 11418   in FES: 185
** Event #2834944   t=323.545998027831   Elapsed: 120.396s (2m 00s)  64% completed  (32% total)
     Speed:     ev/sec=18875.8   simsec/sec=1.97385   ev/simsec=9562.95
     Messages:  created: 2436328   present: 11813   in FES: 139
** Event #2867200   t=326.550376553166   Elapsed: 122.407s (2m 02s)  65% completed  (32% total)
     Speed:     ev/sec=16036.5   simsec/sec=1.49366   ev/simsec=10736.3
     Messages:  created: 2462086   present: 12184   in FES: 140
** Event #2901248   t=330.031647116093   Elapsed: 124.415s (2m 04s)  66% completed  (33% total)
     Speed:     ev/sec=16953.1   simsec/sec=1.73339   ev/simsec=9780.34
     Messages:  created: 2488992   present: 12596   in FES: 144
** Event #2934272   t=333.065755236344   Elapsed: 126.417s (2m 06s)  66% completed  (33% total)
     Speed:     ev/sec=16494.9   simsec/sec=1.51548   ev/simsec=10884.3
     Messages:  created: 2514838   present: 12948   in FES: 140
** Event #2968320   t=336.513198346355   Elapsed: 128.439s (2m 08s)  67% completed  (33% total)
     Speed:     ev/sec=16838.4   simsec/sec=1.70493   ev/simsec=9876.31
     Messages:  created: 2541588   present: 13345   in FES: 135
** Event #3000832   t=339.548894738975   Elapsed: 130.454s (2m 10s)  67% completed  (33% total)
     Speed:     ev/sec=16136   simsec/sec=1.50665   ev/simsec=10709.9
     Messages:  created: 2568060   present: 13752   in FES: 142
** Event #3040000   t=344.008389005707   Elapsed: 132.458s (2m 12s)  68% completed  (34% total)
     Speed:     ev/sec=19545.7   simsec/sec=2.22538   ev/simsec=8783.06
     Messages:  created: 2600573   present: 14297   in FES: 152
** Event #3087872   t=349.035902373375   Elapsed: 134.46s (2m 14s)  69% completed  (34% total)
     Speed:     ev/sec=23909.6   simsec/sec=2.51099   ev/simsec=9522
     Messages:  created: 2640249   present: 14860   in FES: 137
** Event #3139072   t=354.534107207449   Elapsed: 136.478s (2m 16s)  70% completed  (35% total)
     Speed:     ev/sec=25381.9   simsec/sec=2.72568   ev/simsec=9312.13
     Messages:  created: 2683906   present: 15581   in FES: 171
** Event #3186688   t=358.575339976809   Elapsed: 138.484s (2m 18s)  71% completed  (35% total)
     Speed:     ev/sec=23733.2   simsec/sec=2.01426   ev/simsec=11782.5
     Messages:  created: 2728655   present: 16065   in FES: 179
** Event #3230720   t=363.032206586597   Elapsed: 140.485s (2m 20s)  72% completed  (36% total)
     Speed:     ev/sec=22002.3   simsec/sec=2.22705   ev/simsec=9879.59
     Messages:  created: 2769071   present: 1332   in FES: 154
** Event #3282432   t=369.087103991897   Elapsed: 142.488s (2m 22s)  73% completed  (36% total)
     Speed:     ev/sec=25822.8   simsec/sec=3.02356   ev/simsec=8540.52
     Messages:  created: 2814562   present: 2067   in FES: 152
** Event #3339008   t=376.538424474373   Elapsed: 144.498s (2m 24s)  75% completed  (37% total)
     Speed:     ev/sec=28150.8   simsec/sec=3.70759   ev/simsec=7592.75
     Messages:  created: 2865670   present: 2880   in FES: 124
** Event #3402752   t=384.57870036083   Elapsed: 146.498s (2m 26s)  76% completed  (38% total)
     Speed:     ev/sec=31870.4   simsec/sec=4.01994   ev/simsec=7928.09
     Messages:  created: 2923743   present: 3924   in FES: 154
** Event #3462144   t=392.273165049963   Elapsed: 148.501s (2m 28s)  78% completed  (39% total)
     Speed:     ev/sec=29648.6   simsec/sec=3.84109   ev/simsec=7718.8
     Messages:  created: 2977634   present: 4762   in FES: 122
** Event #3515904   t=399.035802307511   Elapsed: 150.501s (2m 30s)  79% completed  (39% total)
     Speed:     ev/sec=26870.7   simsec/sec=3.38015   ev/simsec=7949.56
     Messages:  created: 3025667   present: 5600   in FES: 128
** Event #3558400   t=403.539583382004   Elapsed: 152.513s (2m 32s)  80% completed  (40% total)
     Speed:     ev/sec=21124.6   simsec/sec=2.23882   ev/simsec=9435.63
     Messages:  created: 3060854   present: 6171   in FES: 136
** Event #3604224   t=408.535058036495   Elapsed: 154.515s (2m 34s)  81% completed  (40% total)
     Speed:     ev/sec=22896.1   simsec/sec=2.49601   ev/simsec=9173.1
     Messages:  created: 3098824   present: 6728   in FES: 124
** Event #3658752   t=411.53589333653   Elapsed: 156.522s (2m 36s)  82% completed  (41% total)
     Speed:     ev/sec=27157.2   simsec/sec=1.49454   ev/simsec=18170.9
     Messages:  created: 3157082   present: 7021   in FES: 146
** Event #3716608   t=413.088753920234   Elapsed: 158.525s (2m 38s)  82% completed  (41% total)
     Speed:     ev/sec=28893.1   simsec/sec=0.775493   ev/simsec=37257.7
     Messages:  created: 3226241   present: 7140   in FES: 154
** Event #3774208   t=414.748651706967   Elapsed: 160.534s (2m 40s)  82% completed  (41% total)
     Speed:     ev/sec=28675.7   simsec/sec=0.826367   ev/simsec=34700.9
     Messages:  created: 3296239   present: 7231   in FES: 155
** Event #3835136   t=416.530160933021   Elapsed: 162.55s (2m 42s)  83% completed  (41% total)
     Speed:     ev/sec=30216.4   simsec/sec=0.883514   ev/simsec=34200.2
     Messages:  created: 3370162   present: 7269   in FES: 136
** Event #3890944   t=418.074739872179   Elapsed: 164.555s (2m 44s)  83% completed  (41% total)
     Speed:     ev/sec=27827.3   simsec/sec=0.770168   ev/simsec=36131.5
     Messages:  created: 3436613   present: 7393   in FES: 154
** Event #3946496   t=419.759126909289   Elapsed: 166.556s (2m 46s)  83% completed  (41% total)
     Speed:     ev/sec=27768.3   simsec/sec=0.841962   ev/simsec=32980.5
     Messages:  created: 3503716   present: 7419   in FES: 155
** Event #4004864   t=421.576284295257   Elapsed: 168.561s (2m 48s)  84% completed  (42% total)
     Speed:     ev/sec=29112.5   simsec/sec=0.906354   ev/simsec=32120.5
     Messages:  created: 3573735   present: 7525   in FES: 154
** Event #4068352   t=423.603940759664   Elapsed: 170.577s (2m 50s)  84% completed  (42% total)
     Speed:     ev/sec=31496.1   simsec/sec=1.00591   ev/simsec=31311
     Messages:  created: 3649742   present: 7720   in FES: 185
** Event #4130048   t=425.602840369712   Elapsed: 172.579s (2m 52s)  85% completed  (42% total)
     Speed:     ev/sec=30808.7   simsec/sec=0.998176   ev/simsec=30865
     Messages:  created: 3723759   present: 7650   in FES: 132
** Event #4195072   t=427.672315392023   Elapsed: 174.581s (2m 54s)  85% completed  (42% total)
     Speed:     ev/sec=32489.3   simsec/sec=1.03401   ev/simsec=31420.5
     Messages:  created: 3801854   present: 7798   in FES: 154
** Event #4261632   t=429.870695443062   Elapsed: 176.583s (2m 56s)  85% completed  (42% total)
     Speed:     ev/sec=33233.8   simsec/sec=1.09767   ev/simsec=30276.8
     Messages:  created: 3882382   present: 7899   in FES: 151
** Event #4321792   t=431.922678411973   Elapsed: 178.585s (2m 58s)  86% completed  (43% total)
     Speed:     ev/sec=30051.3   simsec/sec=1.02501   ev/simsec=29318
     Messages:  created: 3954947   present: 8004   in FES: 155
** Event #4383744   t=433.535370256616   Elapsed: 180.598s (3m 00s)  86% completed  (43% total)
     Speed:     ev/sec=30775.9   simsec/sec=0.801136   ev/simsec=38415.3
     Messages:  created: 4030167   present: 8056   in FES: 144
** Event #4444928   t=435.038043263934   Elapsed: 182.604s (3m 02s)  87% completed  (43% total)
     Speed:     ev/sec=30499.8   simsec/sec=0.749071   ev/simsec=40716.8
     Messages:  created: 4104476   present: 8079   in FES: 125
** Event #4497408   t=438.067347930075   Elapsed: 184.612s (3m 04s)  87% completed  (43% total)
     Speed:     ev/sec=26143   simsec/sec=1.50905   ev/simsec=17324.1
     Messages:  created: 4159886   present: 8457   in FES: 148
** Event #4539648   t=442.545288384484   Elapsed: 186.615s (3m 06s)  88% completed  (44% total)
     Speed:     ev/sec=21083.6   simsec/sec=2.23511   ev/simsec=9432.91
     Messages:  created: 4194421   present: 9114   in FES: 182
** Event #4581632   t=447.030012668218   Elapsed: 188.619s (3m 08s)  89% completed  (44% total)
     Speed:     ev/sec=20956.5   simsec/sec=2.23857   ev/simsec=9361.56
     Messages:  created: 4228628   present: 9545   in FES: 154
** Event #4625408   t=451.545209566802   Elapsed: 190.63s (3m 10s)  90% completed  (45% total)
     Speed:     ev/sec=21765.8   simsec/sec=2.24499   ev/simsec=9695.26
     Messages:  created: 4264359   present: 10094   in FES: 154
** Event #4665856   t=456.008393797263   Elapsed: 192.631s (3m 12s)  91% completed  (45% total)
     Speed:     ev/sec=20216.1   simsec/sec=2.23072   ev/simsec=9062.59
     Messages:  created: 4297621   present: 10543   in FES: 125
** Event #4718848   t=462.552568704772   Elapsed: 194.636s (3m 14s)  92% completed  (46% total)
     Speed:     ev/sec=26427.5   simsec/sec=3.26363   ev/simsec=8097.58
     Messages:  created: 4345506   present: 11411   in FES: 150
** Event #4777728   t=470.073202207455   Elapsed: 196.64s (3m 16s)  94% completed  (47% total)
     Speed:     ev/sec=29371.7   simsec/sec=3.75159   ev/simsec=7829.13
     Messages:  created: 4399014   present: 12311   in FES: 150
** Event #4837120   t=477.664875370057   Elapsed: 198.641s (3m 18s)  95% completed  (47% total)
     Speed:     ev/sec=29680.1   simsec/sec=3.7938   ev/simsec=7823.31
     Messages:  created: 4452977   present: 13129   in FES: 122
** Event #4898304   t=485.576822277937   Elapsed: 200.651s (3m 20s)  97% completed  (48% total)
     Speed:     ev/sec=30454.3   simsec/sec=3.93817   ev/simsec=7733.12
     Messages:  created: 4508639   present: 14195   in FES: 178
** Event #4954112   t=493.005216021385   Elapsed: 202.652s (3m 22s)  98% completed  (49% total)
     Speed:     ev/sec=27887.8   simsec/sec=3.71204   ev/simsec=7512.8
     Messages:  created: 4559199   present: 1691   in FES: 151
** Event #5008476   t=500   Elapsed: 204.267s (3m 24s)  100% completed  (50% total)
     Speed:     ev/sec=33664.2   simsec/sec=4.32996   ev/simsec=7774.72
     Messages:  created: 4608545   present: 2447   in FES: 122

<!> Simulation time limit reached -- at t=500s, event #5008476
undisposed object: (omnetpp::cMessage) FanetSarNetwork.groundStation.app.debugTimer -- check module destructor
undisposed object: (omnetpp::cMessage) FanetSarNetwork.uav[0].app.debugTimer -- check module destructor
undisposed object: (omnetpp::cMessage) FanetSarNetwork.uav[1].app.debugTimer -- check module destructor
undisposed object: (omnetpp::cMessage) FanetSarNetwork.uav[2].app.debugTimer -- check module destructor
undisposed object: (omnetpp::cMessage) FanetSarNetwork.uav[3].app.debugTimer -- check module destructor
undisposed object: (omnetpp::cMessage) FanetSarNetwork.uav[4].app.debugTimer -- check module destructor
undisposed object: (omnetpp::cMessage) FanetSarNetwork.uav[5].app.debugTimer -- check module destructor
undisposed object: (omnetpp::cMessage) FanetSarNetwork.uav[6].app.debugTimer -- check module destructor
undisposed object: (omnetpp::cMessage) FanetSarNetwork.uav[7].app.debugTimer -- check module destructor
undisposed object: (omnetpp::cMessage) FanetSarNetwork.uav[8].app.debugTimer -- check module destructor
undisposed object: (omnetpp::cMessage) FanetSarNetwork.uav[9].app.debugTimer -- check module destructor
undisposed object: (omnetpp::cMessage) FanetSarNetwork.uav[10].app.debugTimer -- check module destructor
undisposed object: (omnetpp::cMessage) FanetSarNetwork.uav[11].app.debugTimer -- check module destructor
undisposed object: (omnetpp::cMessage) FanetSarNetwork.uav[12].app.debugTimer -- check module destructor
undisposed object: (omnetpp::cMessage) FanetSarNetwork.uav[13].app.debugTimer -- check module destructor
undisposed object: (omnetpp::cMessage) FanetSarNetwork.uav[14].app.debugTimer -- check module destructor
undisposed object: (omnetpp::cMessage) FanetSarNetwork.uav[15].app.debugTimer -- check module destructor
undisposed object: (omnetpp::cMessage) FanetSarNetwork.uav[16].app.debugTimer -- check module destructor
undisposed object: (omnetpp::cMessage) FanetSarNetwork.uav[17].app.debugTimer -- check module destructor
undisposed object: (omnetpp::cMessage) FanetSarNetwork.uav[18].app.debugTimer -- check module destructor
undisposed object: (omnetpp::cMessage) FanetSarNetwork.uav[19].app.debugTimer -- check module destructor
undisposed object: (omnetpp::cMessage) FanetSarNetwork.uav[20].app.debugTimer -- check module destructor
undisposed object: (omnetpp::cMessage) FanetSarNetwork.uav[21].app.debugTimer -- check module destructor
undisposed object: (omnetpp::cMessage) FanetSarNetwork.uav[22].app.debugTimer -- check module destructor
undisposed object: (omnetpp::cMessage) FanetSarNetwork.uav[23].app.debugTimer -- check module destructor
undisposed object: (omnetpp::cMessage) FanetSarNetwork.uav[24].app.debugTimer -- check module destructor
undisposed object: (omnetpp::cMessage) FanetSarNetwork.uav[25].app.debugTimer -- check module destructor
undisposed object: (omnetpp::cMessage) FanetSarNetwork.uav[26].app.debugTimer -- check module destructor
undisposed object: (omnetpp::cMessage) FanetSarNetwork.uav[27].app.debugTimer -- check module destructor
undisposed object: (omnetpp::cMessage) FanetSarNetwork.uav[28].app.debugTimer -- check module destructor
undisposed object: (omnetpp::cMessage) FanetSarNetwork.uav[29].app.debugTimer -- check module destructor
