** Event #0   t=0   Elapsed: 9e-06s (0m 00s)  0% completed  (50% total)
     Speed:     ev/sec=0   simsec/sec=0   ev/simsec=0
     Messages:  created: 418   present: 418   in FES: 66
** Event #63488   t=45.091016597972   Elapsed: 2.00008s (0m 02s)  9% completed  (54% total)
     Speed:     ev/sec=31743.4   simsec/sec=22.5447   ev/simsec=1408.02
     Messages:  created: 46206   present: 410   in FES: 47
** Event #137984   t=116.006595887571   Elapsed: 4.003s (0m 04s)  23% completed  (61% total)
     Speed:     ev/sec=37193.6   simsec/sec=35.406   ev/simsec=1050.49
     Messages:  created: 107778   present: 729   in FES: 54
** Event #203520   t=165.562058395553   Elapsed: 6.01286s (0m 06s)  33% completed  (66% total)
     Speed:     ev/sec=32607.3   simsec/sec=24.6562   ev/simsec=1322.48
     Messages:  created: 155889   present: 2715   in FES: 51
** Event #272128   t=219.050113285993   Elapsed: 8.01739s (0m 08s)  43% completed  (71% total)
     Speed:     ev/sec=34226.5   simsec/sec=26.6836   ev/simsec=1282.68
     Messages:  created: 207056   present: 4853   in FES: 54
** Event #341248   t=257.050112120437   Elapsed: 10.025s (0m 10s)  51% completed  (75% total)
     Speed:     ev/sec=34429.4   simsec/sec=18.9282   ev/simsec=1818.95
     Messages:  created: 270299   present: 2508   in FES: 54
** Event #405760   t=294.705808457544   Elapsed: 12.0307s (0m 12s)  58% completed  (79% total)
     Speed:     ev/sec=32164.5   simsec/sec=18.7745   ev/simsec=1713.21
     Messages:  created: 323463   present: 3923   in FES: 56
** Event #472320   t=321.478222581726   Elapsed: 14.034s (0m 14s)  64% completed  (82% total)
     Speed:     ev/sec=33225   simsec/sec=13.3641   ev/simsec=2486.14
     Messages:  created: 388839   present: 4607   in FES: 48
** Event #542208   t=357.518329025981   Elapsed: 16.0368s (0m 16s)  71% completed  (85% total)
     Speed:     ev/sec=34895.8   simsec/sec=17.9952   ev/simsec=1939.17
     Messages:  created: 449879   present: 5862   in FES: 55
** Event #614912   t=407.050613432617   Elapsed: 18.0403s (0m 18s)  81% completed  (90% total)
     Speed:     ev/sec=36286.8   simsec/sec=24.7217   ev/simsec=1467.81
     Messages:  created: 502364   present: 2271   in FES: 54
** Event #691200   t=446.723467593257   Elapsed: 20.0434s (0m 20s)  89% completed  (94% total)
     Speed:     ev/sec=38085.6   simsec/sec=19.806   ev/simsec=1922.93
     Messages:  created: 567551   present: 3687   in FES: 54
** Event #759808   t=461.729061609612   Elapsed: 22.0463s (0m 22s)  92% completed  (96% total)
     Speed:     ev/sec=34254.8   simsec/sec=7.49203   ev/simsec=4572.16
     Messages:  created: 640278   present: 3881   in FES: 62
** Event #818688   t=483.053849694609   Elapsed: 24.0486s (0m 24s)  96% completed  (98% total)
     Speed:     ev/sec=29406.4   simsec/sec=10.6502   ev/simsec=2761.11
     Messages:  created: 692731   present: 4556   in FES: 64
** Event #847901   t=500   Elapsed: 25.1123s (0m 25s)  100% completed  (100% total)
     Speed:     ev/sec=27461.1   simsec/sec=15.9263   ev/simsec=1724.26
     Messages:  created: 711816   present: 880   in FES: 42

<!> Simulation time limit reached -- at t=500s, event #847901
undisposed object: (omnetpp::cMessage) FanetSarNetwork.groundStation.app.debugTimer -- check module destructor
undisposed object: (omnetpp::cMessage) FanetSarNetwork.uav[0].app.debugTimer -- check module destructor
undisposed object: (omnetpp::cMessage) FanetSarNetwork.uav[1].app.debugTimer -- check module destructor
undisposed object: (omnetpp::cMessage) FanetSarNetwork.uav[2].app.debugTimer -- check module destructor
undisposed object: (omnetpp::cMessage) FanetSarNetwork.uav[3].app.debugTimer -- check module destructor
undisposed object: (omnetpp::cMessage) FanetSarNetwork.uav[4].app.debugTimer -- check module destructor
undisposed object: (omnetpp::cMessage) FanetSarNetwork.uav[5].app.debugTimer -- check module destructor
undisposed object: (omnetpp::cMessage) FanetSarNetwork.uav[6].app.debugTimer -- check module destructor
undisposed object: (omnetpp::cMessage) FanetSarNetwork.uav[7].app.debugTimer -- check module destructor
undisposed object: (omnetpp::cMessage) FanetSarNetwork.uav[8].app.debugTimer -- check module destructor
undisposed object: (omnetpp::cMessage) FanetSarNetwork.uav[9].app.debugTimer -- check module destructor
