** Event #0   t=0   Elapsed: 1.1e-05s (0m 00s)  0% completed  (50% total)
     Speed:     ev/sec=0   simsec/sec=0   ev/simsec=0
     Messages:  created: 418   present: 418   in FES: 66
** Event #67840   t=51.576981108952   Elapsed: 2.00583s (0m 02s)  10% completed  (55% total)
     Speed:     ev/sec=33822.1   simsec/sec=25.7137   ev/simsec=1315.33
     Messages:  created: 51600   present: 423   in FES: 52
** Event #145664   t=110.260608309206   Elapsed: 4.00605s (0m 04s)  22% completed  (61% total)
     Speed:     ev/sec=38907.6   simsec/sec=29.3385   ev/simsec=1326.16
     Messages:  created: 117951   present: 500   in FES: 57
** Event #204032   t=131.13382953289   Elapsed: 6.00919s (0m 06s)  26% completed  (63% total)
     Speed:     ev/sec=29138.2   simsec/sec=10.4202   ev/simsec=2796.31
     Messages:  created: 170036   present: 1037   in FES: 43
** Event #263680   t=139.511462329135   Elapsed: 8.01322s (0m 08s)  27% completed  (63% total)
     Speed:     ev/sec=29764.1   simsec/sec=4.18041   ev/simsec=7119.91
     Messages:  created: 234969   present: 1084   in FES: 54
** Event #323072   t=147.816447579018   Elapsed: 10.0167s (0m 10s)  29% completed  (64% total)
     Speed:     ev/sec=29644.8   simsec/sec=4.14533   ev/simsec=7151.37
     Messages:  created: 299401   present: 1055   in FES: 55
** Event #390400   t=162.008462718311   Elapsed: 12.0173s (0m 12s)  32% completed  (66% total)
     Speed:     ev/sec=33653.1   simsec/sec=7.09371   ev/simsec=4744.08
     Messages:  created: 370961   present: 1210   in FES: 44
** Event #458240   t=196.087855908275   Elapsed: 14.0239s (0m 14s)  39% completed  (69% total)
     Speed:     ev/sec=33809.6   simsec/sec=16.9842   ev/simsec=1990.65
     Messages:  created: 432145   present: 2386   in FES: 43
** Event #529920   t=259.034553120233   Elapsed: 16.0265s (0m 16s)  51% completed  (75% total)
     Speed:     ev/sec=35792.9   simsec/sec=31.432   ev/simsec=1138.74
     Messages:  created: 488419   present: 1264   in FES: 54
** Event #601856   t=288.041854031697   Elapsed: 18.0313s (0m 18s)  57% completed  (78% total)
     Speed:     ev/sec=35882.5   simsec/sec=14.4692   ev/simsec=2479.93
     Messages:  created: 557990   present: 1999   in FES: 54
** Event #674304   t=315.555251854916   Elapsed: 20.0334s (0m 20s)  63% completed  (81% total)
     Speed:     ev/sec=36185.9   simsec/sec=13.7422   ev/simsec=2633.19
     Messages:  created: 628451   present: 2611   in FES: 43
** Event #741376   t=336.024864734444   Elapsed: 22.0343s (0m 22s)  67% completed  (83% total)
     Speed:     ev/sec=33519.6   simsec/sec=10.2298   ev/simsec=3276.66
     Messages:  created: 691057   present: 3244   in FES: 49
** Event #806656   t=381.532914003414   Elapsed: 24.0354s (0m 24s)  76% completed  (88% total)
     Speed:     ev/sec=32621.9   simsec/sec=22.7414   ev/simsec=1434.47
     Messages:  created: 740500   present: 1084   in FES: 54
** Event #880640   t=440.087910443711   Elapsed: 26.0381s (0m 26s)  88% completed  (94% total)
     Speed:     ev/sec=36942.8   simsec/sec=29.2385   ev/simsec=1263.5
     Messages:  created: 795862   present: 3410   in FES: 49
** Event #956928   t=494.545619906036   Elapsed: 28.0384s (0m 28s)  98% completed  (99% total)
     Speed:     ev/sec=38138.8   simsec/sec=27.2252   ev/simsec=1400.87
     Messages:  created: 850382   present: 2048   in FES: 56
** Event #964087   t=500   Elapsed: 28.2589s (0m 28s)  100% completed  (100% total)
     Speed:     ev/sec=32456.6   simsec/sec=24.7293   ev/simsec=1312.47
     Messages:  created: 855485   present: 2234   in FES: 45

<!> Simulation time limit reached -- at t=500s, event #964087
undisposed object: (omnetpp::cMessage) FanetSarNetwork.groundStation.app.debugTimer -- check module destructor
undisposed object: (omnetpp::cMessage) FanetSarNetwork.uav[0].app.debugTimer -- check module destructor
undisposed object: (omnetpp::cMessage) FanetSarNetwork.uav[1].app.debugTimer -- check module destructor
undisposed object: (omnetpp::cMessage) FanetSarNetwork.uav[2].app.debugTimer -- check module destructor
undisposed object: (omnetpp::cMessage) FanetSarNetwork.uav[3].app.debugTimer -- check module destructor
undisposed object: (omnetpp::cMessage) FanetSarNetwork.uav[4].app.debugTimer -- check module destructor
undisposed object: (omnetpp::cMessage) FanetSarNetwork.uav[5].app.debugTimer -- check module destructor
undisposed object: (omnetpp::cMessage) FanetSarNetwork.uav[6].app.debugTimer -- check module destructor
undisposed object: (omnetpp::cMessage) FanetSarNetwork.uav[7].app.debugTimer -- check module destructor
undisposed object: (omnetpp::cMessage) FanetSarNetwork.uav[8].app.debugTimer -- check module destructor
undisposed object: (omnetpp::cMessage) FanetSarNetwork.uav[9].app.debugTimer -- check module destructor
