** Event #0   t=0   Elapsed: 7e-06s (0m 00s)  0% completed  (50% total)
     Speed:     ev/sec=0   simsec/sec=0   ev/simsec=0
     Messages:  created: 381   present: 381   in FES: 61
** Event #70400   t=66.056985132567   Elapsed: 2.00278s (0m 02s)  13% completed  (56% total)
     Speed:     ev/sec=35151.8   simsec/sec=32.9828   ev/simsec=1065.76
     Messages:  created: 53828   present: 391   in FES: 46
** Event #134656   t=106.801982853171   Elapsed: 4.0094s (0m 04s)  21% completed  (60% total)
     Speed:     ev/sec=32021.9   simsec/sec=20.3052   ev/simsec=1577.03
     Messages:  created: 109902   present: 395   in FES: 47
** Event #198400   t=123.218416628445   Elapsed: 6.01107s (0m 06s)  24% completed  (62% total)
     Speed:     ev/sec=31845.4   simsec/sec=8.20136   ev/simsec=3882.94
     Messages:  created: 178023   present: 361   in FES: 35
** Event #260608   t=138.343078859049   Elapsed: 8.0194s (0m 08s)  27% completed  (63% total)
     Speed:     ev/sec=30975   simsec/sec=7.53098   ev/simsec=4113.02
     Messages:  created: 244524   present: 401   in FES: 43
** Event #326400   t=154.513478067953   Elapsed: 10.0263s (0m 10s)  30% completed  (65% total)
     Speed:     ev/sec=32783.5   simsec/sec=8.05756   ev/simsec=4068.67
     Messages:  created: 315261   present: 381   in FES: 42
** Event #391424   t=175.090940948256   Elapsed: 12.0281s (0m 12s)  35% completed  (67% total)
     Speed:     ev/sec=32481.5   simsec/sec=10.2791   ev/simsec=3159.96
     Messages:  created: 381075   present: 395   in FES: 53
** Event #456192   t=194.06953671543   Elapsed: 14.0317s (0m 14s)  38% completed  (69% total)
     Speed:     ev/sec=32326.7   simsec/sec=9.47249   ev/simsec=3412.69
     Messages:  created: 448794   present: 385   in FES: 44
** Event #516096   t=213.523566487353   Elapsed: 16.0345s (0m 16s)  42% completed  (71% total)
     Speed:     ev/sec=29909.3   simsec/sec=9.71313   ev/simsec=3079.26
     Messages:  created: 508506   present: 390   in FES: 45
** Event #575488   t=233.458414856193   Elapsed: 18.039s (0m 18s)  46% completed  (73% total)
     Speed:     ev/sec=29629.3   simsec/sec=9.94503   ev/simsec=2979.31
     Messages:  created: 564602   present: 391   in FES: 47
** Event #633344   t=253.045371826506   Elapsed: 20.0457s (0m 20s)  50% completed  (75% total)
     Speed:     ev/sec=28832.4   simsec/sec=9.76113   ev/simsec=2953.8
     Messages:  created: 619230   present: 394   in FES: 45
** Event #695040   t=269.958371286861   Elapsed: 22.0469s (0m 22s)  53% completed  (76% total)
     Speed:     ev/sec=30828.5   simsec/sec=8.45114   ev/simsec=3647.84
     Messages:  created: 681451   present: 378   in FES: 47
** Event #757504   t=288.001930043097   Elapsed: 24.0535s (0m 24s)  57% completed  (78% total)
     Speed:     ev/sec=31129.8   simsec/sec=8.99225   ev/simsec=3461.84
     Messages:  created: 745793   present: 376   in FES: 41
** Event #819968   t=305.542044633501   Elapsed: 26.0574s (0m 26s)  61% completed  (80% total)
     Speed:     ev/sec=31171.1   simsec/sec=8.75296   ev/simsec=3561.21
     Messages:  created: 810465   present: 393   in FES: 48
** Event #880896   t=322.801065154881   Elapsed: 28.0592s (0m 28s)  64% completed  (82% total)
     Speed:     ev/sec=30437   simsec/sec=8.62187   ev/simsec=3530.21
     Messages:  created: 871948   present: 375   in FES: 38
** Event #939776   t=341.041172178297   Elapsed: 30.0702s (0m 30s)  68% completed  (84% total)
     Speed:     ev/sec=29278.3   simsec/sec=9.06996   ev/simsec=3228.05
     Messages:  created: 929483   present: 394   in FES: 47
** Event #1002240   t=362.290905743211   Elapsed: 32.077s (0m 32s)  72% completed  (86% total)
     Speed:     ev/sec=31126.4   simsec/sec=10.5889   ev/simsec=2939.52
     Messages:  created: 989042   present: 386   in FES: 46
** Event #1069056   t=385.458965273704   Elapsed: 34.0842s (0m 34s)  77% completed  (88% total)
     Speed:     ev/sec=33289.3   simsec/sec=11.5429   ev/simsec=2883.97
     Messages:  created: 1054817   present: 388   in FES: 46
** Event #1133824   t=406.014593046343   Elapsed: 36.0896s (0m 36s)  81% completed  (90% total)
     Speed:     ev/sec=32295.4   simsec/sec=10.2497   ev/simsec=3150.86
     Messages:  created: 1120108   present: 373   in FES: 38
** Event #1194240   t=422.70948563432   Elapsed: 38.0925s (0m 38s)  84% completed  (92% total)
     Speed:     ev/sec=30165.2   simsec/sec=8.33561   ev/simsec=3618.83
     Messages:  created: 1181775   present: 388   in FES: 47
** Event #1255936   t=439.051758265825   Elapsed: 40.0961s (0m 40s)  87% completed  (93% total)
     Speed:     ev/sec=30792.5   simsec/sec=8.15643   ev/simsec=3775.24
     Messages:  created: 1246825   present: 404   in FES: 48
** Event #1320704   t=458.05106519622   Elapsed: 42.1023s (0m 42s)  91% completed  (95% total)
     Speed:     ev/sec=32284.2   simsec/sec=9.47037   ev/simsec=3408.97
     Messages:  created: 1313649   present: 416   in FES: 48
** Event #1391104   t=480.570960281675   Elapsed: 44.1058s (0m 44s)  96% completed  (98% total)
     Speed:     ev/sec=35138.4   simsec/sec=11.2402   ev/simsec=3126.12
     Messages:  created: 1384105   present: 408   in FES: 50
** Event #1458901   t=500   Elapsed: 46.101s (0m 46s)  100% completed  (100% total)
     Speed:     ev/sec=33979.8   simsec/sec=9.73768   ev/simsec=3489.52
     Messages:  created: 1456069   present: 378   in FES: 36

<!> Simulation time limit reached -- at t=500s, event #1458901
undisposed object: (omnetpp::cMessage) FanetStressNetwork.uav[0].app.debugTimer -- check module destructor
undisposed object: (omnetpp::cMessage) FanetStressNetwork.uav[1].app.debugTimer -- check module destructor
undisposed object: (omnetpp::cMessage) FanetStressNetwork.uav[2].app.debugTimer -- check module destructor
undisposed object: (omnetpp::cMessage) FanetStressNetwork.uav[3].app.debugTimer -- check module destructor
undisposed object: (omnetpp::cMessage) FanetStressNetwork.uav[4].app.debugTimer -- check module destructor
undisposed object: (omnetpp::cMessage) FanetStressNetwork.uav[5].app.debugTimer -- check module destructor
undisposed object: (omnetpp::cMessage) FanetStressNetwork.uav[6].app.debugTimer -- check module destructor
undisposed object: (omnetpp::cMessage) FanetStressNetwork.uav[7].app.debugTimer -- check module destructor
undisposed object: (omnetpp::cMessage) FanetStressNetwork.uav[8].app.debugTimer -- check module destructor
undisposed object: (omnetpp::cMessage) FanetStressNetwork.uav[9].app.debugTimer -- check module destructor
