** Event #0   t=0   Elapsed: 6e-06s (0m 00s)  0% completed  (50% total)
     Speed:     ev/sec=0   simsec/sec=0   ev/simsec=0
     Messages:  created: 381   present: 381   in FES: 61
** Event #64768   t=52.537514382676   Elapsed: 2.00135s (0m 02s)  10% completed  (55% total)
     Speed:     ev/sec=32362.7   simsec/sec=26.2511   ev/simsec=1232.81
     Messages:  created: 46519   present: 377   in FES: 40
** Event #129024   t=102.279918795684   Elapsed: 4.00412s (0m 04s)  20% completed  (60% total)
     Speed:     ev/sec=32083.5   simsec/sec=24.8368   ev/simsec=1291.78
     Messages:  created: 95198   present: 383   in FES: 46
** Event #190464   t=120.592881563615   Elapsed: 6.01364s (0m 06s)  24% completed  (62% total)
     Speed:     ev/sec=30574.5   simsec/sec=9.11312   ev/simsec=3355
     Messages:  created: 157748   present: 388   in FES: 46
** Event #251392   t=138.827209502079   Elapsed: 8.01717s (0m 08s)  27% completed  (63% total)
     Speed:     ev/sec=30410.3   simsec/sec=9.10111   ev/simsec=3341.39
     Messages:  created: 220263   present: 383   in FES: 44
** Event #314368   t=157.546012947514   Elapsed: 10.0227s (0m 10s)  31% completed  (65% total)
     Speed:     ev/sec=31401.6   simsec/sec=9.33371   ev/simsec=3364.32
     Messages:  created: 284827   present: 370   in FES: 37
** Event #378112   t=178.069732320362   Elapsed: 12.0246s (0m 12s)  35% completed  (67% total)
     Speed:     ev/sec=31840.6   simsec/sec=10.2517   ev/simsec=3105.87
     Messages:  created: 349921   present: 389   in FES: 47
** Event #442112   t=198.086882986226   Elapsed: 14.0248s (0m 14s)  39% completed  (69% total)
     Speed:     ev/sec=31998.3   simsec/sec=10.008   ev/simsec=3197.26
     Messages:  created: 415350   present: 392   in FES: 46
** Event #506624   t=216.280142394418   Elapsed: 16.0291s (0m 16s)  43% completed  (71% total)
     Speed:     ev/sec=32186.3   simsec/sec=9.07698   ev/simsec=3545.93
     Messages:  created: 483666   present: 383   in FES: 47
** Event #571392   t=238.097876289611   Elapsed: 18.0307s (0m 18s)  47% completed  (73% total)
     Speed:     ev/sec=32358.7   simsec/sec=10.9003   ev/simsec=2968.59
     Messages:  created: 548524   present: 421   in FES: 46
** Event #630016   t=258.589010207908   Elapsed: 20.0349s (0m 20s)  51% completed  (75% total)
     Speed:     ev/sec=29250.6   simsec/sec=10.2241   ev/simsec=2860.94
     Messages:  created: 605200   present: 500   in FES: 45
** Event #689920   t=279.516591311742   Elapsed: 22.0374s (0m 22s)  55% completed  (77% total)
     Speed:     ev/sec=29913.5   simsec/sec=10.4504   ev/simsec=2862.44
     Messages:  created: 662940   present: 572   in FES: 46
** Event #753664   t=302.279919305515   Elapsed: 24.0388s (0m 24s)  60% completed  (80% total)
     Speed:     ev/sec=31849.4   simsec/sec=11.3736   ev/simsec=2800.29
     Messages:  created: 725002   present: 650   in FES: 46
** Event #817152   t=323.326309566882   Elapsed: 26.0453s (0m 26s)  64% completed  (82% total)
     Speed:     ev/sec=31642   simsec/sec=10.4894   ev/simsec=3016.57
     Messages:  created: 788104   present: 682   in FES: 46
** Event #880640   t=341.936278709355   Elapsed: 28.0527s (0m 28s)  68% completed  (84% total)
     Speed:     ev/sec=31626.7   simsec/sec=9.27059   ev/simsec=3411.5
     Messages:  created: 853377   present: 650   in FES: 35
** Event #943872   t=361.54094031331   Elapsed: 30.0593s (0m 30s)  72% completed  (86% total)
     Speed:     ev/sec=31512.9   simsec/sec=9.77038   ev/simsec=3225.36
     Messages:  created: 916960   present: 656   in FES: 36
** Event #1010432   t=379.227340012137   Elapsed: 32.0608s (0m 32s)  75% completed  (87% total)
     Speed:     ev/sec=33254.7   simsec/sec=8.83647   ev/simsec=3763.34
     Messages:  created: 987872   present: 674   in FES: 46
** Event #1072128   t=397.938409224851   Elapsed: 34.0616s (0m 34s)  79% completed  (89% total)
     Speed:     ev/sec=30834.7   simsec/sec=9.3515   ev/simsec=3297.3
     Messages:  created: 1050878   present: 672   in FES: 46
** Event #1133056   t=420.477339074947   Elapsed: 36.0648s (0m 36s)  84% completed  (92% total)
     Speed:     ev/sec=30415.7   simsec/sec=11.2516   ev/simsec=2703.23
     Messages:  created: 1109928   present: 651   in FES: 36
** Event #1192960   t=443.528510342476   Elapsed: 38.074s (0m 38s)  88% completed  (94% total)
     Speed:     ev/sec=29815.1   simsec/sec=11.4729   ev/simsec=2598.74
     Messages:  created: 1168909   present: 673   in FES: 43
** Event #1261824   t=464.280377480166   Elapsed: 40.0764s (0m 40s)  92% completed  (96% total)
     Speed:     ev/sec=34390.9   simsec/sec=10.3635   ev/simsec=3318.45
     Messages:  created: 1241547   present: 393   in FES: 46
** Event #1331200   t=484.319837028359   Elapsed: 42.0817s (0m 42s)  96% completed  (98% total)
     Speed:     ev/sec=34596.4   simsec/sec=9.99326   ev/simsec=3461.97
     Messages:  created: 1314182   present: 389   in FES: 44
** Event #1384621   t=500   Elapsed: 43.6554s (0m 43s)  100% completed  (100% total)
     Speed:     ev/sec=33945   simsec/sec=9.96336   ev/simsec=3406.98
     Messages:  created: 1368823   present: 361   in FES: 35

<!> Simulation time limit reached -- at t=500s, event #1384621
undisposed object: (omnetpp::cMessage) FanetStressNetwork.uav[0].app.debugTimer -- check module destructor
undisposed object: (omnetpp::cMessage) FanetStressNetwork.uav[1].app.debugTimer -- check module destructor
undisposed object: (omnetpp::cMessage) FanetStressNetwork.uav[2].app.debugTimer -- check module destructor
undisposed object: (omnetpp::cMessage) FanetStressNetwork.uav[3].app.debugTimer -- check module destructor
undisposed object: (omnetpp::cMessage) FanetStressNetwork.uav[4].app.debugTimer -- check module destructor
undisposed object: (omnetpp::cMessage) FanetStressNetwork.uav[5].app.debugTimer -- check module destructor
undisposed object: (omnetpp::cMessage) FanetStressNetwork.uav[6].app.debugTimer -- check module destructor
undisposed object: (omnetpp::cMessage) FanetStressNetwork.uav[7].app.debugTimer -- check module destructor
undisposed object: (omnetpp::cMessage) FanetStressNetwork.uav[8].app.debugTimer -- check module destructor
undisposed object: (omnetpp::cMessage) FanetStressNetwork.uav[9].app.debugTimer -- check module destructor
