** Event #0   t=0   Elapsed: 7e-06s (0m 00s)  0% completed  (50% total)
     Speed:     ev/sec=0   simsec/sec=0   ev/simsec=0
     Messages:  created: 1081   present: 1081   in FES: 161
** Event #46592   t=4.56491684226   Elapsed: 2.01179s (0m 02s)  0% completed  (50% total)
     Speed:     ev/sec=23160   simsec/sec=2.26909   ev/simsec=10206.8
     Messages:  created: 38567   present: 1095   in FES: 118
** Event #90880   t=9.051304103312   Elapsed: 4.01784s (0m 04s)  1% completed  (50% total)
     Speed:     ev/sec=22077.2   simsec/sec=2.23643   ev/simsec=9871.64
     Messages:  created: 73220   present: 1088   in FES: 117
** Event #133120   t=13.523658813161   Elapsed: 6.0258s (0m 06s)  2% completed  (51% total)
     Speed:     ev/sec=21036.3   simsec/sec=2.22732   ev/simsec=9444.69
     Messages:  created: 106345   present: 1065   in FES: 110
** Event #174336   t=17.565204692633   Elapsed: 8.04378s (0m 08s)  3% completed  (51% total)
     Speed:     ev/sec=20424.3   simsec/sec=2.00276   ev/simsec=10198.1
     Messages:  created: 139152   present: 1081   in FES: 114
** Event #220672   t=22.568193002142   Elapsed: 10.054s (0m 10s)  4% completed  (52% total)
     Speed:     ev/sec=23050.3   simsec/sec=2.48879   ev/simsec=9261.66
     Messages:  created: 176582   present: 1073   in FES: 112
** Event #273152   t=28.536048271277   Elapsed: 12.0615s (0m 12s)  5% completed  (52% total)
     Speed:     ev/sec=26142.2   simsec/sec=2.97281   ev/simsec=8793.78
     Messages:  created: 219478   present: 1112   in FES: 125
** Event #320768   t=34.003431319329   Elapsed: 14.0634s (0m 14s)  6% completed  (53% total)
     Speed:     ev/sec=23784.9   simsec/sec=2.73104   ev/simsec=8709.1
     Messages:  created: 258653   present: 1024   in FES: 97
** Event #373248   t=39.581915068311   Elapsed: 16.0708s (0m 16s)  7% completed  (53% total)
     Speed:     ev/sec=26143.8   simsec/sec=2.77902   ev/simsec=9407.57
     Messages:  created: 302283   present: 1099   in FES: 122
** Event #423680   t=45.550933000028   Elapsed: 18.0931s (0m 18s)  9% completed  (54% total)
     Speed:     ev/sec=24937.2   simsec/sec=2.95151   ev/simsec=8448.96
     Messages:  created: 344575   present: 1069   in FES: 108
** Event #480768   t=52.525069254303   Elapsed: 20.1039s (0m 20s)  10% completed  (55% total)
     Speed:     ev/sec=28390.7   simsec/sec=3.46834   ev/simsec=8185.67
     Messages:  created: 393223   present: 1082   in FES: 113
** Event #534784   t=59.010354695967   Elapsed: 22.108s (0m 22s)  11% completed  (55% total)
     Speed:     ev/sec=26953.4   simsec/sec=3.23608   ev/simsec=8329.01
     Messages:  created: 439206   present: 1090   in FES: 117
** Event #587008   t=65.021552815598   Elapsed: 24.11s (0m 24s)  13% completed  (56% total)
     Speed:     ev/sec=26085.7   simsec/sec=3.00258   ev/simsec=8687.79
     Messages:  created: 483194   present: 1100   in FES: 126
** Event #636928   t=70.521863434765   Elapsed: 26.1298s (0m 26s)  14% completed  (57% total)
     Speed:     ev/sec=24715   simsec/sec=2.72316   ev/simsec=9075.85
     Messages:  created: 524052   present: 1065   in FES: 108
** Event #683008   t=75.523709573534   Elapsed: 28.1385s (0m 28s)  15% completed  (57% total)
     Speed:     ev/sec=22940.8   simsec/sec=2.49015   ev/simsec=9212.6
     Messages:  created: 561478   present: 1097   in FES: 120
** Event #725248   t=79.5876836804   Elapsed: 30.1467s (0m 30s)  15% completed  (57% total)
     Speed:     ev/sec=21033.6   simsec/sec=2.02368   ev/simsec=10393.8
     Messages:  created: 594912   present: 1107   in FES: 126
** Event #763904   t=83.583551623293   Elapsed: 32.1507s (0m 32s)  16% completed  (58% total)
     Speed:     ev/sec=19289.7   simsec/sec=1.99397   ev/simsec=9673.99
     Messages:  created: 625364   present: 1057   in FES: 106
** Event #808448   t=88.527583591914   Elapsed: 34.1763s (0m 34s)  17% completed  (58% total)
     Speed:     ev/sec=21990.6   simsec/sec=2.44079   ev/simsec=9009.65
     Messages:  created: 661306   present: 1066   in FES: 109
** Event #855296   t=93.560873702654   Elapsed: 36.1786s (0m 36s)  18% completed  (59% total)
     Speed:     ev/sec=23396.4   simsec/sec=2.51368   ev/simsec=9307.63
     Messages:  created: 699300   present: 1106   in FES: 123
** Event #906752   t=99.514462480883   Elapsed: 38.1885s (0m 38s)  19% completed  (59% total)
     Speed:     ev/sec=25601.4   simsec/sec=2.96215   ev/simsec=8642.85
     Messages:  created: 741822   present: 1061   in FES: 108
** Event #962048   t=103.552763180779   Elapsed: 40.2074s (0m 40s)  20% completed  (60% total)
     Speed:     ev/sec=27389   simsec/sec=2.00024   ev/simsec=13692.9
     Messages:  created: 797187   present: 1040   in FES: 97
** Event #1017088   t=107.51946265595   Elapsed: 42.2222s (0m 42s)  21% completed  (60% total)
     Speed:     ev/sec=27318   simsec/sec=1.96879   ev/simsec=13875.5
     Messages:  created: 853427   present: 1060   in FES: 107
** Event #1073664   t=111.514264930146   Elapsed: 44.2314s (0m 44s)  22% completed  (61% total)
     Speed:     ev/sec=28158.1   simsec/sec=1.98823   ev/simsec=14162.4
     Messages:  created: 911600   present: 1116   in FES: 125
** Event #1131264   t=115.344834292623   Elapsed: 46.2323s (0m 46s)  23% completed  (61% total)
     Speed:     ev/sec=28787   simsec/sec=1.91442   ev/simsec=15036.9
     Messages:  created: 969602   present: 1053   in FES: 127
** Event #1180672   t=118.594470173956   Elapsed: 48.2434s (0m 48s)  23% completed  (61% total)
     Speed:     ev/sec=24567.9   simsec/sec=1.61587   ev/simsec=15204.2
     Messages:  created: 1018723   present: 1112   in FES: 152
** Event #1235968   t=122.585258330424   Elapsed: 50.2497s (0m 50s)  24% completed  (62% total)
     Speed:     ev/sec=27561.3   simsec/sec=1.98914   ev/simsec=13855.9
     Messages:  created: 1073505   present: 1099   in FES: 126
** Event #1294336   t=126.579520628114   Elapsed: 52.2553s (0m 52s)  25% completed  (62% total)
     Speed:     ev/sec=29102.2   simsec/sec=1.99154   ev/simsec=14613
     Messages:  created: 1132710   present: 1139   in FES: 133
** Event #1351936   t=130.544933743037   Elapsed: 54.2611s (0m 54s)  26% completed  (63% total)
     Speed:     ev/sec=28717.2   simsec/sec=1.97701   ev/simsec=14525.6
     Messages:  created: 1192224   present: 1057   in FES: 106
** Event #1410560   t=134.587259750316   Elapsed: 56.2666s (0m 56s)  26% completed  (63% total)
     Speed:     ev/sec=29230.8   simsec/sec=2.01556   ev/simsec=14502.5
     Messages:  created: 1252016   present: 1112   in FES: 126
** Event #1466624   t=138.55539523164   Elapsed: 58.2707s (0m 58s)  27% completed  (63% total)
     Speed:     ev/sec=27975.7   simsec/sec=1.98008   ev/simsec=14128.5
     Messages:  created: 1309284   present: 1111   in FES: 124
** Event #1523712   t=142.545536481255   Elapsed: 60.2729s (1m 00s)  28% completed  (64% total)
     Speed:     ev/sec=28512.1   simsec/sec=1.99284   ev/simsec=14307.3
     Messages:  created: 1367489   present: 1111   in FES: 152
** Event #1578752   t=146.344457546669   Elapsed: 62.2794s (1m 02s)  29% completed  (64% total)
     Speed:     ev/sec=27431.1   simsec/sec=1.89333   ev/simsec=14488.3
     Messages:  created: 1423017   present: 1071   in FES: 127
** Event #1628928   t=149.554748238107   Elapsed: 64.2802s (1m 04s)  29% completed  (64% total)
     Speed:     ev/sec=25077.5   simsec/sec=1.60447   ev/simsec=15629.7
     Messages:  created: 1473103   present: 1075   in FES: 108
** Event #1675264   t=152.566091387906   Elapsed: 66.284s (1m 06s)  30% completed  (65% total)
     Speed:     ev/sec=23124.8   simsec/sec=1.50286   ev/simsec=15387.2
     Messages:  created: 1518920   present: 1059   in FES: 106
** Event #1722624   t=155.579012313845   Elapsed: 68.2997s (1m 08s)  31% completed  (65% total)
     Speed:     ev/sec=23495   simsec/sec=1.49469   ev/simsec=15719
     Messages:  created: 1566208   present: 1063   in FES: 108
** Event #1774848   t=158.575975761318   Elapsed: 70.3169s (1m 10s)  31% completed  (65% total)
     Speed:     ev/sec=25889.6   simsec/sec=1.48572   ev/simsec=17425.6
     Messages:  created: 1620313   present: 1024   in FES: 97
** Event #1825792   t=161.795269851153   Elapsed: 72.3209s (1m 12s)  32% completed  (66% total)
     Speed:     ev/sec=25420.9   simsec/sec=1.60642   ev/simsec=15824.6
     Messages:  created: 1671661   present: 1100   in FES: 121
** Event #1882112   t=165.510489542943   Elapsed: 74.3363s (1m 14s)  33% completed  (66% total)
     Speed:     ev/sec=27944.5   simsec/sec=1.8434   ev/simsec=15159.3
     Messages:  created: 1728594   present: 1114   in FES: 126
** Event #1930752   t=168.577597535787   Elapsed: 76.3415s (1m 16s)  33% completed  (66% total)
     Speed:     ev/sec=24256.8   simsec/sec=1.52957   ev/simsec=15858.6
     Messages:  created: 1776545   present: 1052   in FES: 105
** Event #1983488   t=172.075894684993   Elapsed: 78.3433s (1m 18s)  34% completed  (67% total)
     Speed:     ev/sec=26345.1   simsec/sec=1.74763   ev/simsec=15074.8
     Messages:  created: 1828910   present: 1096   in FES: 119
** Event #2027264   t=175.044666131018   Elapsed: 80.3458s (1m 20s)  35% completed  (67% total)
     Speed:     ev/sec=21860   simsec/sec=1.48249   ev/simsec=14745.5
     Messages:  created: 1872207   present: 1095   in FES: 126
** Event #2076928   t=178.55684630584   Elapsed: 82.3558s (1m 22s)  35% completed  (67% total)
     Speed:     ev/sec=24709.2   simsec/sec=1.74741   ev/simsec=14140.5
     Messages:  created: 1920974   present: 1088   in FES: 117
** Event #2127872   t=182.280586752808   Elapsed: 84.3602s (1m 24s)  36% completed  (68% total)
     Speed:     ev/sec=25415.4   simsec/sec=1.85773   ev/simsec=13680.9
     Messages:  created: 1970894   present: 1022   in FES: 96
** Event #2182400   t=186.037840402652   Elapsed: 86.3611s (1m 26s)  37% completed  (68% total)
     Speed:     ev/sec=27252.7   simsec/sec=1.87785   ev/simsec=14512.7
     Messages:  created: 2026097   present: 1097   in FES: 118
** Event #2242304   t=190.09529834007   Elapsed: 88.3632s (1m 28s)  38% completed  (69% total)
     Speed:     ev/sec=29919.6   simsec/sec=2.02653   ev/simsec=14763.9
     Messages:  created: 2087301   present: 1052   in FES: 101
** Event #2295040   t=194.004701026164   Elapsed: 90.3709s (1m 30s)  38% completed  (69% total)
     Speed:     ev/sec=26267.1   simsec/sec=1.94722   ev/simsec=13489.5
     Messages:  created: 2142095   present: 1078   in FES: 113
** Event #2347520   t=197.53085463137   Elapsed: 92.3717s (1m 32s)  39% completed  (69% total)
     Speed:     ev/sec=26228.9   simsec/sec=1.76233   ev/simsec=14883.1
     Messages:  created: 2195912   present: 1111   in FES: 124
** Event #2401280   t=201.041220753299   Elapsed: 94.3766s (1m 34s)  40% completed  (70% total)
     Speed:     ev/sec=26814.7   simsec/sec=1.75092   ev/simsec=15314.6
     Messages:  created: 2251273   present: 1073   in FES: 110
** Event #2456832   t=204.691742785447   Elapsed: 96.3788s (1m 36s)  40% completed  (70% total)
     Speed:     ev/sec=27745.3   simsec/sec=1.82324   ev/simsec=15217.5
     Messages:  created: 2308584   present: 1115   in FES: 127
** Event #2517248   t=208.561416005709   Elapsed: 98.3903s (1m 38s)  41% completed  (70% total)
     Speed:     ev/sec=30036.3   simsec/sec=1.92384   ev/simsec=15612.7
     Messages:  created: 2371490   present: 1086   in FES: 115
** Event #2576128   t=212.511225683525   Elapsed: 100.393s (1m 40s)  42% completed  (71% total)
     Speed:     ev/sec=29401   simsec/sec=1.97229   ev/simsec=14907
     Messages:  created: 2434224   present: 1104   in FES: 122
** Event #2634752   t=216.074310622093   Elapsed: 102.393s (1m 42s)  43% completed  (71% total)
     Speed:     ev/sec=29306.2   simsec/sec=1.78119   ev/simsec=16453.2
     Messages:  created: 2495568   present: 1113   in FES: 126
** Event #2689024   t=219.579456280951   Elapsed: 104.396s (1m 44s)  43% completed  (71% total)
     Speed:     ev/sec=27098.7   simsec/sec=1.75017   ev/simsec=15483.5
     Messages:  created: 2551888   present: 1100   in FES: 121
** Event #2746112   t=223.530809571711   Elapsed: 106.406s (1m 46s)  44% completed  (72% total)
     Speed:     ev/sec=28404.3   simsec/sec=1.96601   ev/simsec=14447.7
     Messages:  created: 2610824   present: 1098   in FES: 128
** Event #2797824   t=226.567176908437   Elapsed: 108.407s (1m 48s)  45% completed  (72% total)
     Speed:     ev/sec=25841.4   simsec/sec=1.51733   ev/simsec=17030.9
     Messages:  created: 2664456   present: 1093   in FES: 118
** Event #2851840   t=230.517577643516   Elapsed: 110.421s (1m 50s)  46% completed  (73% total)
     Speed:     ev/sec=26822.2   simsec/sec=1.96161   ev/simsec=13673.5
     Messages:  created: 2718154   present: 1102   in FES: 120
** Event #2906624   t=233.524084992353   Elapsed: 112.424s (1m 52s)  46% completed  (73% total)
     Speed:     ev/sec=27343   simsec/sec=1.50056   ev/simsec=18221.8
     Messages:  created: 2776328   present: 1071   in FES: 110
** Event #2958592   t=236.558204567767   Elapsed: 114.438s (1m 54s)  47% completed  (73% total)
     Speed:     ev/sec=25805.9   simsec/sec=1.50666   ev/simsec=17127.9
     Messages:  created: 2829106   present: 1098   in FES: 119
** Event #3007232   t=239.565131403963   Elapsed: 116.442s (1m 56s)  47% completed  (73% total)
     Speed:     ev/sec=24280.2   simsec/sec=1.501   ev/simsec=16176
     Messages:  created: 2878391   present: 1056   in FES: 105
** Event #3055616   t=242.562468343152   Elapsed: 118.449s (1m 58s)  48% completed  (74% total)
     Speed:     ev/sec=24107.8   simsec/sec=1.49345   ev/simsec=16142.3
     Messages:  created: 2927308   present: 1098   in FES: 126
** Event #3104256   t=245.555565984691   Elapsed: 120.459s (2m 00s)  49% completed  (74% total)
     Speed:     ev/sec=24190   simsec/sec=1.48855   ev/simsec=16250.7
     Messages:  created: 2976483   present: 1107   in FES: 122
** Event #3154176   t=248.587678917684   Elapsed: 122.472s (2m 02s)  49% completed  (74% total)
     Speed:     ev/sec=24796.6   simsec/sec=1.50613   ev/simsec=16463.8
     Messages:  created: 3026337   present: 1078   in FES: 113
** Event #3202816   t=251.54571067778   Elapsed: 124.476s (2m 04s)  50% completed  (75% total)
     Speed:     ev/sec=24278.8   simsec/sec=1.47651   ev/simsec=16443.4
     Messages:  created: 3074996   present: 1064   in FES: 103
** Event #3252736   t=254.549949696022   Elapsed: 126.483s (2m 06s)  50% completed  (75% total)
     Speed:     ev/sec=24871.7   simsec/sec=1.49681   ev/simsec=16616.5
     Messages:  created: 3124585   present: 1078   in FES: 111
** Event #3300352   t=257.34595092305   Elapsed: 128.486s (2m 08s)  51% completed  (75% total)
     Speed:     ev/sec=23774.6   simsec/sec=1.39604   ev/simsec=17030
     Messages:  created: 3171759   present: 1108   in FES: 127
** Event #3340800   t=259.560940147688   Elapsed: 130.508s (2m 10s)  51% completed  (75% total)
     Speed:     ev/sec=20001   simsec/sec=1.09528   ev/simsec=18261
     Messages:  created: 3210742   present: 1100   in FES: 119
** Event #3389184   t=262.513485916228   Elapsed: 132.529s (2m 12s)  52% completed  (76% total)
     Speed:     ev/sec=23940.4   simsec/sec=1.46092   ev/simsec=16387.2
     Messages:  created: 3257857   present: 1072   in FES: 111
** Event #3426560   t=264.581018911734   Elapsed: 134.535s (2m 14s)  52% completed  (76% total)
     Speed:     ev/sec=18637   simsec/sec=1.03095   ev/simsec=18077.6
     Messages:  created: 3292701   present: 1027   in FES: 96
** Event #3467264   t=267.06303076136   Elapsed: 136.535s (2m 16s)  53% completed  (76% total)
     Speed:     ev/sec=20346.7   simsec/sec=1.24068   ev/simsec=16399.6
     Messages:  created: 3331578   present: 1059   in FES: 108
** Event #3507968   t=269.591801658455   Elapsed: 138.549s (2m 18s)  53% completed  (76% total)
     Speed:     ev/sec=20215.4   simsec/sec=1.2559   ev/simsec=16096.4
     Messages:  created: 3370682   present: 1058   in FES: 105
** Event #3554816   t=272.543145025815   Elapsed: 140.552s (2m 20s)  54% completed  (77% total)
     Speed:     ev/sec=23384.2   simsec/sec=1.47316   ev/simsec=15873.4
     Messages:  created: 3417594   present: 1094   in FES: 117
** Event #3605760   t=275.594235437826   Elapsed: 142.56s (2m 22s)  55% completed  (77% total)
     Speed:     ev/sec=25375.9   simsec/sec=1.51979   ev/simsec=16697
     Messages:  created: 3468533   present: 1097   in FES: 126
** Event #3657216   t=279.01765350113   Elapsed: 144.565s (2m 24s)  55% completed  (77% total)
     Speed:     ev/sec=25653.3   simsec/sec=1.70674   ev/simsec=15030.6
     Messages:  created: 3520788   present: 1100   in FES: 126
** Event #3703808   t=281.932000885933   Elapsed: 146.569s (2m 26s)  56% completed  (78% total)
     Speed:     ev/sec=23249.2   simsec/sec=1.45425   ev/simsec=15987.1
     Messages:  created: 3567593   present: 1079   in FES: 127
** Event #3757312   t=285.044887878833   Elapsed: 148.573s (2m 28s)  57% completed  (78% total)
     Speed:     ev/sec=26709   simsec/sec=1.55394   ev/simsec=17187.9
     Messages:  created: 3621618   present: 1098   in FES: 128
** Event #3807488   t=288.079368664953   Elapsed: 150.578s (2m 30s)  57% completed  (78% total)
     Speed:     ev/sec=25026   simsec/sec=1.51349   ev/simsec=16535.3
     Messages:  created: 3671054   present: 1026   in FES: 97
** Event #3853312   t=291.051990125687   Elapsed: 152.58s (2m 32s)  58% completed  (79% total)
     Speed:     ev/sec=22881.6   simsec/sec=1.48434   ev/simsec=15415.3
     Messages:  created: 3716037   present: 1053   in FES: 102
** Event #3902976   t=294.080737654392   Elapsed: 154.581s (2m 34s)  58% completed  (79% total)
     Speed:     ev/sec=24827.3   simsec/sec=1.51409   ev/simsec=16397.5
     Messages:  created: 3765264   present: 1068   in FES: 109
** Event #3954176   t=297.508114382919   Elapsed: 156.582s (2m 36s)  59% completed  (79% total)
     Speed:     ev/sec=25583.8   simsec/sec=1.71261   ev/simsec=14938.5
     Messages:  created: 3817414   present: 1108   in FES: 126
** Event #4001792   t=300.537180958528   Elapsed: 158.592s (2m 38s)  60% completed  (80% total)
     Speed:     ev/sec=23689.4   simsec/sec=1.50699   ev/simsec=15719.7
     Messages:  created: 3863783   present: 1078   in FES: 109
** Event #4050944   t=304.021606698006   Elapsed: 160.598s (2m 40s)  60% completed  (80% total)
     Speed:     ev/sec=24505.1   simsec/sec=1.73719   ev/simsec=14106.2
     Messages:  created: 3911462   present: 1082   in FES: 115
** Event #4100864   t=307.441522697374   Elapsed: 162.6s (2m 42s)  61% completed  (80% total)
     Speed:     ev/sec=24930   simsec/sec=1.7079   ev/simsec=14596.8
     Messages:  created: 3959646   present: 1106   in FES: 126
** Event #4150016   t=310.554427532465   Elapsed: 164.604s (2m 44s)  62% completed  (81% total)
     Speed:     ev/sec=24528   simsec/sec=1.55341   ev/simsec=15789.8
     Messages:  created: 4007869   present: 1108   in FES: 121
** Event #4198656   t=314.030215190502   Elapsed: 166.606s (2m 46s)  62% completed  (81% total)
     Speed:     ev/sec=24296.7   simsec/sec=1.73623   ev/simsec=13994
     Messages:  created: 4055043   present: 1110   in FES: 123
** Event #4248576   t=317.518737223264   Elapsed: 168.615s (2m 48s)  63% completed  (81% total)
     Speed:     ev/sec=24852.8   simsec/sec=1.73677   ev/simsec=14309.8
     Messages:  created: 4104193   present: 1081   in FES: 114
** Event #4298240   t=320.691789064753   Elapsed: 170.618s (2m 50s)  64% completed  (82% total)
     Speed:     ev/sec=24793.9   simsec/sec=1.58409   ev/simsec=15651.8
     Messages:  created: 4153340   present: 1079   in FES: 114
** Event #4352512   t=324.527642580632   Elapsed: 172.624s (2m 52s)  64% completed  (82% total)
     Speed:     ev/sec=27054.2   simsec/sec=1.91214   ev/simsec=14148.6
     Messages:  created: 4208018   present: 1084   in FES: 115
** Event #4407296   t=328.191788721868   Elapsed: 174.624s (2m 54s)  65% completed  (82% total)
     Speed:     ev/sec=27381.6   simsec/sec=1.83138   ev/simsec=14951.4
     Messages:  created: 4263415   present: 1113   in FES: 126
** Event #4461312   t=331.941789290906   Elapsed: 176.63s (2m 56s)  66% completed  (83% total)
     Speed:     ev/sec=26938.1   simsec/sec=1.87015   ev/simsec=14404.3
     Messages:  created: 4319148   present: 1102   in FES: 121
** Event #4517888   t=335.548201403743   Elapsed: 178.648s (2m 58s)  67% completed  (83% total)
     Speed:     ev/sec=28024.1   simsec/sec=1.78639   ev/simsec=15687.6
     Messages:  created: 4376788   present: 1064   in FES: 107
** Event #4574464   t=339.516482666083   Elapsed: 180.656s (3m 00s)  67% completed  (83% total)
     Speed:     ev/sec=28186.8   simsec/sec=1.97704   ev/simsec=14257.1
     Messages:  created: 4434136   present: 1045   in FES: 100
** Event #4624640   t=342.794900678671   Elapsed: 182.656s (3m 02s)  68% completed  (84% total)
     Speed:     ev/sec=25081.1   simsec/sec=1.63876   ev/simsec=15304.9
     Messages:  created: 4484237   present: 1102   in FES: 153
** Event #4677120   t=346.537086331521   Elapsed: 184.662s (3m 04s)  69% completed  (84% total)
     Speed:     ev/sec=26166.2   simsec/sec=1.86583   ev/simsec=14023.9
     Messages:  created: 4535382   present: 1094   in FES: 117
** Event #4726016   t=350.011961817301   Elapsed: 186.672s (3m 06s)  70% completed  (85% total)
     Speed:     ev/sec=24324   simsec/sec=1.72863   ev/simsec=14071.3
     Messages:  created: 4582800   present: 1091   in FES: 116
** Event #4778240   t=353.544934442968   Elapsed: 188.677s (3m 08s)  70% completed  (85% total)
     Speed:     ev/sec=26048.7   simsec/sec=1.76221   ev/simsec=14781.9
     Messages:  created: 4634494   present: 1080   in FES: 113
** Event #4825600   t=356.780810009616   Elapsed: 190.677s (3m 10s)  71% completed  (85% total)
     Speed:     ev/sec=23677.3   simsec/sec=1.61776   ev/simsec=14635.9
     Messages:  created: 4681997   present: 1083   in FES: 128
** Event #4882176   t=360.562988281232   Elapsed: 192.68s (3m 12s)  72% completed  (86% total)
     Speed:     ev/sec=28247.4   simsec/sec=1.88837   ev/simsec=14958.6
     Messages:  created: 4739005   present: 1053   in FES: 104
** Event #4939008   t=364.088941838552   Elapsed: 194.682s (3m 14s)  72% completed  (86% total)
     Speed:     ev/sec=28391.1   simsec/sec=1.76143   ev/simsec=16118.2
     Messages:  created: 4797534   present: 1075   in FES: 112
** Event #4991232   t=367.521553902853   Elapsed: 196.688s (3m 16s)  73% completed  (86% total)
     Speed:     ev/sec=26031.4   simsec/sec=1.71101   ev/simsec=15214.1
     Messages:  created: 4852005   present: 1113   in FES: 126
** Event #5048320   t=371.030854681085   Elapsed: 198.691s (3m 18s)  74% completed  (87% total)
     Speed:     ev/sec=28505.6   simsec/sec=1.75229   ev/simsec=16267.6
     Messages:  created: 4911606   present: 1109   in FES: 122
** Event #5105920   t=374.525746042308   Elapsed: 200.694s (3m 20s)  74% completed  (87% total)
     Speed:     ev/sec=28745.9   simsec/sec=1.74416   ev/simsec=16481.2
     Messages:  created: 4972010   present: 1120   in FES: 125
** Event #5160960   t=377.69221982751   Elapsed: 202.696s (3m 22s)  75% completed  (87% total)
     Speed:     ev/sec=27497.7   simsec/sec=1.58196   ev/simsec=17382.1
     Messages:  created: 5030020   present: 1113   in FES: 126
** Event #5220608   t=381.514546500701   Elapsed: 204.706s (3m 24s)  76% completed  (88% total)
     Speed:     ev/sec=29670   simsec/sec=1.90129   ev/simsec=15605.2
     Messages:  created: 5093540   present: 1085   in FES: 116
** Event #5272832   t=384.780854997081   Elapsed: 206.711s (3m 26s)  76% completed  (88% total)
     Speed:     ev/sec=26047.6   simsec/sec=1.62913   ev/simsec=15988.7
     Messages:  created: 5147704   present: 1075   in FES: 114
** Event #5330944   t=388.579939170959   Elapsed: 208.729s (3m 28s)  77% completed  (88% total)
     Speed:     ev/sec=28796.3   simsec/sec=1.88256   ev/simsec=15296.3
     Messages:  created: 5207184   present: 1074   in FES: 113
** Event #5387264   t=392.552404741959   Elapsed: 210.732s (3m 30s)  78% completed  (89% total)
     Speed:     ev/sec=28129   simsec/sec=1.98405   ev/simsec=14177.6
     Messages:  created: 5262907   present: 1050   in FES: 103
** Event #5439232   t=396.0860482101   Elapsed: 212.735s (3m 32s)  79% completed  (89% total)
     Speed:     ev/sec=25941.5   simsec/sec=1.76393   ev/simsec=14706.6
     Messages:  created: 5312022   present: 1042   in FES: 101
** Event #5479936   t=399.051304068831   Elapsed: 214.738s (3m 34s)  79% completed  (89% total)
     Speed:     ev/sec=20316.7   simsec/sec=1.48005   ev/simsec=13727
     Messages:  created: 5350194   present: 1095   in FES: 118
** Event #5527040   t=402.529072430661   Elapsed: 216.75s (3m 36s)  80% completed  (90% total)
     Speed:     ev/sec=23418.9   simsec/sec=1.72906   ev/simsec=13544.3
     Messages:  created: 5394185   present: 1112   in FES: 125
** Event #5577728   t=406.051762393044   Elapsed: 218.754s (3m 38s)  81% completed  (90% total)
     Speed:     ev/sec=25292.1   simsec/sec=1.75774   ev/simsec=14389
     Messages:  created: 5441705   present: 1097   in FES: 126
** Event #5632000   t=410.052522289826   Elapsed: 220.758s (3m 40s)  82% completed  (91% total)
     Speed:     ev/sec=27080.4   simsec/sec=1.99628   ev/simsec=13565.4
     Messages:  created: 5492906   present: 1069   in FES: 108
** Event #5688576   t=414.522708910893   Elapsed: 222.763s (3m 42s)  82% completed  (91% total)
     Speed:     ev/sec=28215.4   simsec/sec=2.22936   ev/simsec=12656.3
     Messages:  created: 5547254   present: 1114   in FES: 126
** Event #5745152   t=418.79489941169   Elapsed: 224.764s (3m 44s)  83% completed  (91% total)
     Speed:     ev/sec=28277.3   simsec/sec=2.13528   ev/simsec=13242.9
     Messages:  created: 5601991   present: 1105   in FES: 143
** Event #5806336   t=423.536006746721   Elapsed: 226.77s (3m 46s)  84% completed  (92% total)
     Speed:     ev/sec=30502.1   simsec/sec=2.36359   ev/simsec=12905
     Messages:  created: 5660838   present: 1100   in FES: 126
** Event #5865728   t=428.048757263765   Elapsed: 228.773s (3m 48s)  85% completed  (92% total)
     Speed:     ev/sec=29649.9   simsec/sec=2.25287   ev/simsec=13160.9
     Messages:  created: 5718123   present: 1095   in FES: 126
** Event #5925120   t=432.596985802791   Elapsed: 230.781s (3m 50s)  86% completed  (93% total)
     Speed:     ev/sec=29579.9   simsec/sec=2.26522   ev/simsec=13058.3
     Messages:  created: 5775867   present: 1093   in FES: 116
** Event #5989632   t=437.931780337045   Elapsed: 232.781s (3m 52s)  87% completed  (93% total)
     Speed:     ev/sec=32243.1   simsec/sec=2.66633   ev/simsec=12092.7
     Messages:  created: 5839155   present: 1102   in FES: 126
** Event #6055936   t=443.032512493837   Elapsed: 234.784s (3m 54s)  88% completed  (94% total)
     Speed:     ev/sec=33106   simsec/sec=2.54683   ev/simsec=12998.9
     Messages:  created: 5905030   present: 1121   in FES: 126
** Event #6124800   t=448.010354970907   Elapsed: 236.787s (3m 56s)  89% completed  (94% total)
     Speed:     ev/sec=34384.6   simsec/sec=2.4855   ev/simsec=13834.1
     Messages:  created: 5975662   present: 1069   in FES: 110
** Event #6190848   t=452.594458058076   Elapsed: 238.794s (3m 58s)  90% completed  (95% total)
     Speed:     ev/sec=32914.4   simsec/sec=2.28445   ev/simsec=14408.1
     Messages:  created: 6043449   present: 1053   in FES: 122
** Event #6267648   t=457.532023310548   Elapsed: 240.797s (4m 00s)  91% completed  (95% total)
     Speed:     ev/sec=38327.6   simsec/sec=2.46413   ev/simsec=15554.2
     Messages:  created: 6125776   present: 1088   in FES: 125
** Event #6339584   t=462.030587521684   Elapsed: 242.799s (4m 02s)  92% completed  (96% total)
     Speed:     ev/sec=35943.1   simsec/sec=2.24773   ev/simsec=15990.9
     Messages:  created: 6202277   present: 1097   in FES: 126
** Event #6409728   t=466.574074896722   Elapsed: 244.804s (4m 04s)  93% completed  (96% total)
     Speed:     ev/sec=34979.7   simsec/sec=2.26576   ev/simsec=15438.4
     Messages:  created: 6275311   present: 1083   in FES: 116
** Event #6477824   t=471.048813224391   Elapsed: 246.809s (4m 06s)  94% completed  (97% total)
     Speed:     ev/sec=33963.5   simsec/sec=2.23182   ev/simsec=15217.9
     Messages:  created: 6345661   present: 1063   in FES: 106
** Event #6547712   t=475.544109574243   Elapsed: 248.813s (4m 08s)  95% completed  (97% total)
     Speed:     ev/sec=34879.2   simsec/sec=2.24348   ev/simsec=15546.9
     Messages:  created: 6418655   present: 1092   in FES: 117
** Event #6617344   t=480.010353604267   Elapsed: 250.817s (4m 10s)  96% completed  (98% total)
     Speed:     ev/sec=34750.2   simsec/sec=2.2289   ev/simsec=15590.7
     Messages:  created: 6491916   present: 1111   in FES: 124
** Event #6686464   t=484.518282131083   Elapsed: 252.823s (4m 12s)  96% completed  (98% total)
     Speed:     ev/sec=34449.6   simsec/sec=2.24676   ev/simsec=15333
     Messages:  created: 6563068   present: 1073   in FES: 112
** Event #6749184   t=488.566612263152   Elapsed: 254.833s (4m 14s)  97% completed  (98% total)
     Speed:     ev/sec=31209.4   simsec/sec=2.01444   ev/simsec=15492.8
     Messages:  created: 6626062   present: 1082   in FES: 115
** Event #6816256   t=493.442221334197   Elapsed: 256.834s (4m 16s)  98% completed  (99% total)
     Speed:     ev/sec=33519.5   simsec/sec=2.43661   ev/simsec=13756.6
     Messages:  created: 6692752   present: 1085   in FES: 127
** Event #6877184   t=497.51444528618   Elapsed: 258.841s (4m 18s)  99% completed  (99% total)
     Speed:     ev/sec=30353.3   simsec/sec=2.02871   ev/simsec=14961.8
     Messages:  created: 6753384   present: 1113   in FES: 124
** Event #6913977   t=500   Elapsed: 260.133s (4m 20s)  100% completed  (100% total)
     Speed:     ev/sec=28465.1   simsec/sec=1.92256   ev/simsec=14805.9
     Messages:  created: 6790201   present: 1021   in FES: 95

<!> Simulation time limit reached -- at t=500s, event #6913977
undisposed object: (omnetpp::cMessage) FanetStressNetwork.uav[0].app.debugTimer -- check module destructor
undisposed object: (omnetpp::cMessage) FanetStressNetwork.uav[1].app.debugTimer -- check module destructor
undisposed object: (omnetpp::cMessage) FanetStressNetwork.uav[2].app.debugTimer -- check module destructor
undisposed object: (omnetpp::cMessage) FanetStressNetwork.uav[3].app.debugTimer -- check module destructor
undisposed object: (omnetpp::cMessage) FanetStressNetwork.uav[4].app.debugTimer -- check module destructor
undisposed object: (omnetpp::cMessage) FanetStressNetwork.uav[5].app.debugTimer -- check module destructor
undisposed object: (omnetpp::cMessage) FanetStressNetwork.uav[6].app.debugTimer -- check module destructor
undisposed object: (omnetpp::cMessage) FanetStressNetwork.uav[7].app.debugTimer -- check module destructor
undisposed object: (omnetpp::cMessage) FanetStressNetwork.uav[8].app.debugTimer -- check module destructor
undisposed object: (omnetpp::cMessage) FanetStressNetwork.uav[9].app.debugTimer -- check module destructor
undisposed object: (omnetpp::cMessage) FanetStressNetwork.uav[10].app.debugTimer -- check module destructor
undisposed object: (omnetpp::cMessage) FanetStressNetwork.uav[11].app.debugTimer -- check module destructor
undisposed object: (omnetpp::cMessage) FanetStressNetwork.uav[12].app.debugTimer -- check module destructor
undisposed object: (omnetpp::cMessage) FanetStressNetwork.uav[13].app.debugTimer -- check module destructor
undisposed object: (omnetpp::cMessage) FanetStressNetwork.uav[14].app.debugTimer -- check module destructor
undisposed object: (omnetpp::cMessage) FanetStressNetwork.uav[15].app.debugTimer -- check module destructor
undisposed object: (omnetpp::cMessage) FanetStressNetwork.uav[16].app.debugTimer -- check module destructor
undisposed object: (omnetpp::cMessage) FanetStressNetwork.uav[17].app.debugTimer -- check module destructor
undisposed object: (omnetpp::cMessage) FanetStressNetwork.uav[18].app.debugTimer -- check module destructor
undisposed object: (omnetpp::cMessage) FanetStressNetwork.uav[19].app.debugTimer -- check module destructor
undisposed object: (omnetpp::cMessage) FanetStressNetwork.uav[20].app.debugTimer -- check module destructor
undisposed object: (omnetpp::cMessage) FanetStressNetwork.uav[21].app.debugTimer -- check module destructor
undisposed object: (omnetpp::cMessage) FanetStressNetwork.uav[22].app.debugTimer -- check module destructor
undisposed object: (omnetpp::cMessage) FanetStressNetwork.uav[23].app.debugTimer -- check module destructor
undisposed object: (omnetpp::cMessage) FanetStressNetwork.uav[24].app.debugTimer -- check module destructor
undisposed object: (omnetpp::cMessage) FanetStressNetwork.uav[25].app.debugTimer -- check module destructor
undisposed object: (omnetpp::cMessage) FanetStressNetwork.uav[26].app.debugTimer -- check module destructor
undisposed object: (omnetpp::cMessage) FanetStressNetwork.uav[27].app.debugTimer -- check module destructor
undisposed object: (omnetpp::cMessage) FanetStressNetwork.uav[28].app.debugTimer -- check module destructor
undisposed object: (omnetpp::cMessage) FanetStressNetwork.uav[29].app.debugTimer -- check module destructor
