** Event #0   t=0   Elapsed: 1e-05s (0m 00s)  0% completed  (50% total)
     Speed:     ev/sec=0   simsec/sec=0   ev/simsec=0
     Messages:  created: 1081   present: 1081   in FES: 161
** Event #42752   t=4.551183334356   Elapsed: 2.01316s (0m 02s)  0% completed  (50% total)
     Speed:     ev/sec=21236.8   simsec/sec=2.26072   ev/simsec=9393.82
     Messages:  created: 36809   present: 1073   in FES: 112
** Event #78848   t=8.508511549375   Elapsed: 4.01591s (0m 04s)  1% completed  (50% total)
     Speed:     ev/sec=18023.3   simsec/sec=1.97596   ev/simsec=9121.31
     Messages:  created: 65387   present: 1096   in FES: 126
** Event #110080   t=11.56429636017   Elapsed: 6.02055s (0m 06s)  2% completed  (51% total)
     Speed:     ev/sec=15579.9   simsec/sec=1.52436   ev/simsec=10220.6
     Messages:  created: 90307   present: 1088   in FES: 117
** Event #143616   t=15.064990388818   Elapsed: 8.02715s (0m 08s)  3% completed  (51% total)
     Speed:     ev/sec=16712.8   simsec/sec=1.74459   ev/simsec=9579.81
     Messages:  created: 117078   present: 1108   in FES: 125
** Event #177408   t=18.578937927346   Elapsed: 10.0429s (0m 10s)  3% completed  (51% total)
     Speed:     ev/sec=16764.3   simsec/sec=1.74328   ev/simsec=9616.54
     Messages:  created: 144232   present: 1107   in FES: 126
** Event #212992   t=22.554127193487   Elapsed: 12.0533s (0m 12s)  4% completed  (52% total)
     Speed:     ev/sec=17699.2   simsec/sec=1.97723   ev/simsec=8951.52
     Messages:  created: 173007   present: 1096   in FES: 119
** Event #248832   t=26.552231335762   Elapsed: 14.0571s (0m 14s)  5% completed  (52% total)
     Speed:     ev/sec=17886.2   simsec/sec=1.99528   ev/simsec=8964.25
     Messages:  created: 202744   present: 1098   in FES: 121
** Event #284928   t=30.598112126774   Elapsed: 16.0742s (0m 16s)  6% completed  (53% total)
     Speed:     ev/sec=17895.4   simsec/sec=2.00583   ev/simsec=8921.67
     Messages:  created: 232966   present: 1061   in FES: 108
** Event #325888   t=35.541544240756   Elapsed: 18.0927s (0m 18s)  7% completed  (53% total)
     Speed:     ev/sec=20292.4   simsec/sec=2.44907   ev/simsec=8285.74
     Messages:  created: 267340   present: 1099   in FES: 120
** Event #364544   t=40.039877528404   Elapsed: 20.1s (0m 20s)  8% completed  (54% total)
     Speed:     ev/sec=19257.7   simsec/sec=2.24098   ev/simsec=8593.41
     Messages:  created: 300048   present: 1087   in FES: 114
** Event #403456   t=44.555183312427   Elapsed: 22.1072s (0m 22s)  8% completed  (54% total)
     Speed:     ev/sec=19385.9   simsec/sec=2.24952   ev/simsec=8617.8
     Messages:  created: 333029   present: 1082   in FES: 115
** Event #445696   t=49.554513364897   Elapsed: 24.1137s (0m 24s)  9% completed  (54% total)
     Speed:     ev/sec=21051.7   simsec/sec=2.49158   ev/simsec=8449.13
     Messages:  created: 368918   present: 1094   in FES: 126
** Event #484608   t=54.067707539627   Elapsed: 26.1203s (0m 26s)  10% completed  (55% total)
     Speed:     ev/sec=19391.8   simsec/sec=2.24915   ev/simsec=8621.83
     Messages:  created: 401621   present: 1112   in FES: 126
** Event #523264   t=58.578346648535   Elapsed: 28.1349s (0m 28s)  11% completed  (55% total)
     Speed:     ev/sec=19188.4   simsec/sec=2.23903   ev/simsec=8569.96
     Messages:  created: 434275   present: 1095   in FES: 120
** Event #563968   t=63.538424861704   Elapsed: 30.1395s (0m 30s)  12% completed  (56% total)
     Speed:     ev/sec=20305.3   simsec/sec=2.47435   ev/simsec=8206.32
     Messages:  created: 469049   present: 1064   in FES: 107
** Event #602880   t=68.072193555728   Elapsed: 32.1419s (0m 32s)  13% completed  (56% total)
     Speed:     ev/sec=19432.7   simsec/sec=2.26417   ev/simsec=8582.71
     Messages:  created: 502243   present: 1038   in FES: 99
** Event #645632   t=73.516117325384   Elapsed: 34.1483s (0m 34s)  14% completed  (57% total)
     Speed:     ev/sec=21307   simsec/sec=2.71318   ev/simsec=7853.16
     Messages:  created: 539094   present: 1101   in FES: 126
** Event #688384   t=78.515262406423   Elapsed: 36.157s (0m 36s)  15% completed  (57% total)
     Speed:     ev/sec=21284.3   simsec/sec=2.48885   ev/simsec=8551.86
     Messages:  created: 575209   present: 1034   in FES: 97
** Event #727040   t=82.595282044531   Elapsed: 38.177s (0m 38s)  16% completed  (58% total)
     Speed:     ev/sec=19136.6   simsec/sec=2.0198   ev/simsec=9474.46
     Messages:  created: 607286   present: 1103   in FES: 122
** Event #768768   t=87.535152950176   Elapsed: 40.1999s (0m 40s)  17% completed  (58% total)
     Speed:     ev/sec=20627.4   simsec/sec=2.44192   ev/simsec=8447.18
     Messages:  created: 641749   present: 1102   in FES: 126
** Event #805376   t=91.570920544727   Elapsed: 42.204s (0m 42s)  18% completed  (59% total)
     Speed:     ev/sec=18267   simsec/sec=2.01381   ev/simsec=9070.89
     Messages:  created: 672088   present: 1092   in FES: 119
** Event #841472   t=95.590221881604   Elapsed: 44.2295s (0m 44s)  19% completed  (59% total)
     Speed:     ev/sec=17820.6   simsec/sec=1.98433   ev/simsec=8980.67
     Messages:  created: 702296   present: 1152   in FES: 156
** Event #879104   t=100.039592015137   Elapsed: 46.2306s (0m 46s)  20% completed  (60% total)
     Speed:     ev/sec=18805.1   simsec/sec=2.22339   ev/simsec=8457.83
     Messages:  created: 733637   present: 1110   in FES: 126
** Event #926208   t=103.323257246177   Elapsed: 48.2388s (0m 48s)  20% completed  (60% total)
     Speed:     ev/sec=23456.5   simsec/sec=1.63517   ev/simsec=14344.9
     Messages:  created: 782289   present: 1090   in FES: 126
** Event #971008   t=106.073526249374   Elapsed: 50.2414s (0m 50s)  21% completed  (60% total)
     Speed:     ev/sec=22371.3   simsec/sec=1.37337   ev/simsec=16289.3
     Messages:  created: 829738   present: 1069   in FES: 108
** Event #1014016   t=108.801343095751   Elapsed: 52.2449s (0m 52s)  21% completed  (60% total)
     Speed:     ev/sec=21465.9   simsec/sec=1.36149   ev/simsec=15766.5
     Messages:  created: 876138   present: 1119   in FES: 149
** Event #1068288   t=112.077312243168   Elapsed: 54.2489s (0m 54s)  22% completed  (61% total)
     Speed:     ev/sec=27082.4   simsec/sec=1.63475   ev/simsec=16566.7
     Messages:  created: 935362   present: 1052   in FES: 103
** Event #1122304   t=115.536395783547   Elapsed: 56.2502s (0m 56s)  23% completed  (61% total)
     Speed:     ev/sec=26990.6   simsec/sec=1.72843   ev/simsec=15615.7
     Messages:  created: 994923   present: 1110   in FES: 146
** Event #1175296   t=118.823480416477   Elapsed: 58.2528s (0m 58s)  23% completed  (61% total)
     Speed:     ev/sec=26461.1   simsec/sec=1.64138   ev/simsec=16121.3
     Messages:  created: 1053850   present: 1032   in FES: 118
** Event #1228800   t=122.515063710735   Elapsed: 60.2535s (1m 00s)  24% completed  (62% total)
     Speed:     ev/sec=26742.8   simsec/sec=1.84516   ev/simsec=14493.5
     Messages:  created: 1112303   present: 1090   in FES: 119
** Event #1281536   t=125.613983219264   Elapsed: 62.2594s (1m 02s)  25% completed  (62% total)
     Speed:     ev/sec=26290.1   simsec/sec=1.54488   ev/simsec=17017.5
     Messages:  created: 1169894   present: 1101   in FES: 127
** Event #1337856   t=129.099578266261   Elapsed: 64.2714s (1m 04s)  25% completed  (62% total)
     Speed:     ev/sec=27992.6   simsec/sec=1.73243   ev/simsec=16157.9
     Messages:  created: 1231837   present: 1059   in FES: 106
** Event #1390848   t=132.536729225761   Elapsed: 66.2742s (1m 06s)  26% completed  (63% total)
     Speed:     ev/sec=26458.3   simsec/sec=1.71613   ev/simsec=15417.4
     Messages:  created: 1290897   present: 1119   in FES: 126
** Event #1440512   t=135.588311496529   Elapsed: 68.2854s (1m 08s)  27% completed  (63% total)
     Speed:     ev/sec=24694   simsec/sec=1.51731   ev/simsec=16274.8
     Messages:  created: 1345161   present: 1030   in FES: 97
** Event #1491200   t=139.015032190662   Elapsed: 70.2888s (1m 10s)  27% completed  (63% total)
     Speed:     ev/sec=25301.1   simsec/sec=1.71046   ev/simsec=14792
     Messages:  created: 1400986   present: 1082   in FES: 115
** Event #1539072   t=141.602412476599   Elapsed: 72.2951s (1m 12s)  28% completed  (64% total)
     Speed:     ev/sec=23860.9   simsec/sec=1.28963   ev/simsec=18502.1
     Messages:  created: 1452733   present: 1027   in FES: 96
** Event #1585664   t=144.535594160321   Elapsed: 74.3098s (1m 14s)  28% completed  (64% total)
     Speed:     ev/sec=23126.9   simsec/sec=1.45594   ev/simsec=15884.5
     Messages:  created: 1503171   present: 1110   in FES: 127
** Event #1630464   t=147.085515951734   Elapsed: 76.3105s (1m 16s)  29% completed  (64% total)
     Speed:     ev/sec=22390.8   simsec/sec=1.27444   ev/simsec=17569.2
     Messages:  created: 1550271   present: 1106   in FES: 121
** Event #1670144   t=149.551088009743   Elapsed: 78.3268s (1m 18s)  29% completed  (64% total)
     Speed:     ev/sec=19680.3   simsec/sec=1.22287   ev/simsec=16093.6
     Messages:  created: 1591639   present: 1124   in FES: 129
** Event #1718016   t=152.051042871989   Elapsed: 80.3276s (1m 20s)  30% completed  (65% total)
     Speed:     ev/sec=23926.4   simsec/sec=1.24947   ev/simsec=19149.1
     Messages:  created: 1643784   present: 1096   in FES: 119
** Event #1760768   t=154.549697578506   Elapsed: 82.3501s (1m 22s)  30% completed  (65% total)
     Speed:     ev/sec=21137.6   simsec/sec=1.23539   ev/simsec=17110
     Messages:  created: 1689743   present: 1067   in FES: 108
** Event #1807872   t=157.530594329095   Elapsed: 84.3527s (1m 24s)  31% completed  (65% total)
     Speed:     ev/sec=23521.7   simsec/sec=1.48853   ev/simsec=15802
     Messages:  created: 1740654   present: 1104   in FES: 126
** Event #1854976   t=160.53425217146   Elapsed: 86.374s (1m 26s)  32% completed  (66% total)
     Speed:     ev/sec=23304.2   simsec/sec=1.48603   ev/simsec=15682.2
     Messages:  created: 1790901   present: 1034   in FES: 97
** Event #1900032   t=163.550763364357   Elapsed: 88.3753s (1m 28s)  32% completed  (66% total)
     Speed:     ev/sec=22513.4   simsec/sec=1.50728   ev/simsec=14936.5
     Messages:  created: 1838398   present: 1100   in FES: 142
** Event #1943808   t=166.528509427953   Elapsed: 90.3848s (1m 30s)  33% completed  (66% total)
     Speed:     ev/sec=21783.5   simsec/sec=1.48177   ev/simsec=14701.1
     Messages:  created: 1883432   present: 1081   in FES: 114
** Event #1984000   t=169.064991636061   Elapsed: 92.3866s (1m 32s)  33% completed  (66% total)
     Speed:     ev/sec=20078.2   simsec/sec=1.26712   ev/simsec=15845.6
     Messages:  created: 1924904   present: 1069   in FES: 112
** Event #2020864   t=171.572992515706   Elapsed: 94.4073s (1m 34s)  34% completed  (67% total)
     Speed:     ev/sec=18243.5   simsec/sec=1.24117   ev/simsec=14698.6
     Messages:  created: 1961225   present: 1095   in FES: 126
** Event #2059520   t=174.506673938286   Elapsed: 96.4178s (1m 36s)  34% completed  (67% total)
     Speed:     ev/sec=19227.5   simsec/sec=1.45921   ev/simsec=13176.6
     Messages:  created: 1999130   present: 1040   in FES: 101
** Event #2094592   t=177.015032688937   Elapsed: 98.4262s (1m 38s)  35% completed  (67% total)
     Speed:     ev/sec=17462.4   simsec/sec=1.24892   ev/simsec=13982.1
     Messages:  created: 2033308   present: 1075   in FES: 112
** Event #2131712   t=179.557280352321   Elapsed: 100.435s (1m 40s)  35% completed  (67% total)
     Speed:     ev/sec=18483   simsec/sec=1.26585   ev/simsec=14601.3
     Messages:  created: 2068283   present: 1089   in FES: 114
** Event #2170880   t=182.518146136633   Elapsed: 102.46s (1m 42s)  36% completed  (68% total)
     Speed:     ev/sec=19340.3   simsec/sec=1.46201   ev/simsec=13228.6
     Messages:  created: 2105005   present: 1116   in FES: 125
** Event #2202368   t=184.56208498631   Elapsed: 104.463s (1m 44s)  36% completed  (68% total)
     Speed:     ev/sec=15721.2   simsec/sec=1.02049   ev/simsec=15405.5
     Messages:  created: 2134132   present: 1108   in FES: 126
** Event #2236416   t=187.033480994994   Elapsed: 106.47s (1m 46s)  37% completed  (68% total)
     Speed:     ev/sec=16964.9   simsec/sec=1.23141   ev/simsec=13776.8
     Messages:  created: 2165616   present: 1095   in FES: 126
** Event #2272512   t=189.538594119132   Elapsed: 108.474s (1m 48s)  37% completed  (68% total)
     Speed:     ev/sec=18008.1   simsec/sec=1.24979   ev/simsec=14408.9
     Messages:  created: 2199502   present: 1101   in FES: 126
** Event #2304768   t=191.581255875408   Elapsed: 110.501s (1m 50s)  38% completed  (69% total)
     Speed:     ev/sec=15912.4   simsec/sec=1.00768   ev/simsec=15791.2
     Messages:  created: 2229090   present: 1033   in FES: 98
** Event #2339328   t=194.039644536105   Elapsed: 112.507s (1m 52s)  38% completed  (69% total)
     Speed:     ev/sec=17230.2   simsec/sec=1.22565   ev/simsec=14058
     Messages:  created: 2260960   present: 1121   in FES: 124
** Event #2374400   t=196.535172944734   Elapsed: 114.524s (1m 54s)  39% completed  (69% total)
     Speed:     ev/sec=17383.8   simsec/sec=1.23693   ev/simsec=14053.9
     Messages:  created: 2293310   present: 1114   in FES: 137
** Event #2405632   t=198.577820075515   Elapsed: 116.542s (1m 56s)  39% completed  (69% total)
     Speed:     ev/sec=15480.9   simsec/sec=1.01249   ev/simsec=15290
     Messages:  created: 2322164   present: 1067   in FES: 108
** Event #2440960   t=201.0373569976   Elapsed: 118.546s (1m 58s)  40% completed  (70% total)
     Speed:     ev/sec=17629.4   simsec/sec=1.22736   ev/simsec=14363.7
     Messages:  created: 2356647   present: 1062   in FES: 105
** Event #2480384   t=203.580705835905   Elapsed: 120.555s (2m 00s)  40% completed  (70% total)
     Speed:     ev/sec=19616.8   simsec/sec=1.26554   ev/simsec=15500.8
     Messages:  created: 2396083   present: 1103   in FES: 126
** Event #2525184   t=206.540438462473   Elapsed: 122.576s (2m 02s)  41% completed  (70% total)
     Speed:     ev/sec=22176.9   simsec/sec=1.46513   ev/simsec=15136.5
     Messages:  created: 2441706   present: 1117   in FES: 127
** Event #2563584   t=209.03315045729   Elapsed: 124.576s (2m 04s)  41% completed  (70% total)
     Speed:     ev/sec=19193.9   simsec/sec=1.24596   ev/simsec=15404.9
     Messages:  created: 2480765   present: 1102   in FES: 121
** Event #2605568   t=211.786019653105   Elapsed: 126.583s (2m 06s)  42% completed  (71% total)
     Speed:     ev/sec=20922.3   simsec/sec=1.37186   ev/simsec=15251
     Messages:  created: 2523115   present: 1117   in FES: 152
** Event #2646528   t=214.548356099934   Elapsed: 128.589s (2m 08s)  42% completed  (71% total)
     Speed:     ev/sec=20421.3   simsec/sec=1.37721   ev/simsec=14828
     Messages:  created: 2563931   present: 1119   in FES: 127
** Event #2684416   t=217.035359405774   Elapsed: 130.592s (2m 10s)  43% completed  (71% total)
     Speed:     ev/sec=18914   simsec/sec=1.24153   ev/simsec=15234.4
     Messages:  created: 2601758   present: 1070   in FES: 109
** Event #2722048   t=219.537139661787   Elapsed: 132.605s (2m 12s)  43% completed  (71% total)
     Speed:     ev/sec=18688.2   simsec/sec=1.2424   ev/simsec=15042.1
     Messages:  created: 2639468   present: 1212   in FES: 156
** Event #2756864   t=221.847622958525   Elapsed: 134.615s (2m 14s)  44% completed  (72% total)
     Speed:     ev/sec=17326.4   simsec/sec=1.14983   ev/simsec=15068.7
     Messages:  created: 2674623   present: 1118   in FES: 139
** Event #2796032   t=224.524441677749   Elapsed: 136.621s (2m 16s)  44% completed  (72% total)
     Speed:     ev/sec=19524.6   simsec/sec=1.33435   ev/simsec=14632.3
     Messages:  created: 2713330   present: 1088   in FES: 117
** Event #2829824   t=226.581419056656   Elapsed: 138.622s (2m 18s)  45% completed  (72% total)
     Speed:     ev/sec=16886.4   simsec/sec=1.0279   ev/simsec=16428
     Messages:  created: 2746394   present: 1068   in FES: 109
** Event #2870016   t=229.085516601784   Elapsed: 140.623s (2m 20s)  45% completed  (72% total)
     Speed:     ev/sec=20083.6   simsec/sec=1.25128   ev/simsec=16050.5
     Messages:  created: 2786014   present: 1081   in FES: 112
** Event #2908160   t=231.563236793685   Elapsed: 142.639s (2m 22s)  46% completed  (73% total)
     Speed:     ev/sec=18926   simsec/sec=1.22937   ev/simsec=15394.8
     Messages:  created: 2824783   present: 1077   in FES: 114
** Event #2952192   t=234.462332883802   Elapsed: 144.643s (2m 24s)  46% completed  (73% total)
     Speed:     ev/sec=21974.8   simsec/sec=1.44683   ev/simsec=15188.2
     Messages:  created: 2869346   present: 1021   in FES: 95
** Event #2988288   t=236.573525202724   Elapsed: 146.659s (2m 26s)  47% completed  (73% total)
     Speed:     ev/sec=17900   simsec/sec=1.04694   ev/simsec=17097.4
     Messages:  created: 2905801   present: 1054   in FES: 105
** Event #3030016   t=239.285140621774   Elapsed: 148.662s (2m 28s)  47% completed  (73% total)
     Speed:     ev/sec=20828.6   simsec/sec=1.35351   ev/simsec=15388.6
     Messages:  created: 2948026   present: 1100   in FES: 146
** Event #3066368   t=241.550966694441   Elapsed: 150.667s (2m 30s)  48% completed  (74% total)
     Speed:     ev/sec=18136   simsec/sec=1.13042   ev/simsec=16043.6
     Messages:  created: 2984529   present: 1038   in FES: 97
** Event #3108608   t=244.516656872168   Elapsed: 152.678s (2m 32s)  48% completed  (74% total)
     Speed:     ev/sec=20998.5   simsec/sec=1.47431   ev/simsec=14242.9
     Messages:  created: 3026634   present: 1088   in FES: 117
** Event #3146496   t=247.025647461678   Elapsed: 154.679s (2m 34s)  49% completed  (74% total)
     Speed:     ev/sec=18935.6   simsec/sec=1.25394   ev/simsec=15100.9
     Messages:  created: 3064418   present: 1091   in FES: 118
** Event #3185664   t=249.539771651913   Elapsed: 156.685s (2m 36s)  49% completed  (74% total)
     Speed:     ev/sec=19527.3   simsec/sec=1.25342   ev/simsec=15579.2
     Messages:  created: 3103508   present: 1053   in FES: 102
** Event #3222016   t=252.013061061273   Elapsed: 158.687s (2m 38s)  50% completed  (75% total)
     Speed:     ev/sec=18159.5   simsec/sec=1.23552   ev/simsec=14697.8
     Messages:  created: 3139913   present: 1090   in FES: 126
** Event #3261440   t=254.539203128606   Elapsed: 160.692s (2m 40s)  50% completed  (75% total)
     Speed:     ev/sec=19662.6   simsec/sec=1.25991   ev/simsec=15606.4
     Messages:  created: 3178960   present: 1080   in FES: 113
** Event #3301120   t=257.084715661916   Elapsed: 162.695s (2m 42s)  51% completed  (75% total)
     Speed:     ev/sec=19813.2   simsec/sec=1.27104   ev/simsec=15588.2
     Messages:  created: 3218272   present: 1064   in FES: 107
** Event #3339520   t=259.554315273037   Elapsed: 164.717s (2m 44s)  51% completed  (75% total)
     Speed:     ev/sec=18986.2   simsec/sec=1.22105   ev/simsec=15549.1
     Messages:  created: 3257741   present: 1091   in FES: 112
** Event #3384832   t=262.539195237178   Elapsed: 166.735s (2m 46s)  52% completed  (76% total)
     Speed:     ev/sec=22454.2   simsec/sec=1.47914   ev/simsec=15180.5
     Messages:  created: 3304245   present: 1083   in FES: 114
** Event #3427840   t=265.347591809505   Elapsed: 168.739s (2m 48s)  53% completed  (76% total)
     Speed:     ev/sec=21467.3   simsec/sec=1.4018   ev/simsec=15314.1
     Messages:  created: 3348940   present: 1109   in FES: 148
** Event #3468288   t=268.051189675437   Elapsed: 170.744s (2m 50s)  53% completed  (76% total)
     Speed:     ev/sec=20167.3   simsec/sec=1.34801   ev/simsec=14960.8
     Messages:  created: 3390740   present: 1092   in FES: 127
** Event #3507968   t=270.588034933033   Elapsed: 172.749s (2m 52s)  54% completed  (77% total)
     Speed:     ev/sec=19790.4   simsec/sec=1.26525   ev/simsec=15641.5
     Messages:  created: 3431777   present: 1087   in FES: 126
** Event #3552512   t=273.511828030337   Elapsed: 174.765s (2m 54s)  54% completed  (77% total)
     Speed:     ev/sec=22095.4   simsec/sec=1.4503   ev/simsec=15235
     Messages:  created: 3478344   present: 1050   in FES: 103
** Event #3589888   t=275.596721917712   Elapsed: 176.767s (2m 56s)  55% completed  (77% total)
     Speed:     ev/sec=18675.1   simsec/sec=1.04173   ev/simsec=17927.1
     Messages:  created: 3516283   present: 1099   in FES: 128
** Event #3630080   t=278.050797454124   Elapsed: 178.77s (2m 58s)  55% completed  (77% total)
     Speed:     ev/sec=20058.5   simsec/sec=1.22475   ev/simsec=16377.7
     Messages:  created: 3557296   present: 1100   in FES: 121
** Event #3671808   t=280.538050442632   Elapsed: 180.771s (3m 00s)  56% completed  (78% total)
     Speed:     ev/sec=20854   simsec/sec=1.24303   ev/simsec=16776.7
     Messages:  created: 3600090   present: 1116   in FES: 126
** Event #3706880   t=282.578296184668   Elapsed: 182.773s (3m 02s)  56% completed  (78% total)
     Speed:     ev/sec=17524.5   simsec/sec=1.01946   ev/simsec=17190.1
     Messages:  created: 3634930   present: 1079   in FES: 112
** Event #3740928   t=284.594635170373   Elapsed: 184.787s (3m 04s)  56% completed  (78% total)
     Speed:     ev/sec=16899.5   simsec/sec=1.0008   ev/simsec=16886
     Messages:  created: 3668654   present: 1100   in FES: 120
** Event #3777280   t=286.596499084728   Elapsed: 186.804s (3m 06s)  57% completed  (78% total)
     Speed:     ev/sec=18026.2   simsec/sec=0.992681   ev/simsec=18159.1
     Messages:  created: 3705315   present: 1093   in FES: 126
** Event #3819520   t=289.067759779625   Elapsed: 188.807s (3m 08s)  57% completed  (78% total)
     Speed:     ev/sec=21088.8   simsec/sec=1.2338   ev/simsec=17092.5
     Messages:  created: 3748134   present: 1073   in FES: 112
** Event #3856896   t=291.40843703377   Elapsed: 190.808s (3m 10s)  58% completed  (79% total)
     Speed:     ev/sec=18682.2   simsec/sec=1.16997   ev/simsec=15968
     Messages:  created: 3786103   present: 1021   in FES: 95
** Event #3892736   t=293.542536303641   Elapsed: 192.817s (3m 12s)  58% completed  (79% total)
     Speed:     ev/sec=17835.5   simsec/sec=1.06202   ev/simsec=16794
     Messages:  created: 3822046   present: 1099   in FES: 126
** Event #3932416   t=296.015033386713   Elapsed: 194.823s (3m 14s)  59% completed  (79% total)
     Speed:     ev/sec=19780.8   simsec/sec=1.23256   ev/simsec=16048.6
     Messages:  created: 3863087   present: 1054   in FES: 105
** Event #3975424   t=298.514512038254   Elapsed: 196.837s (3m 16s)  59% completed  (79% total)
     Speed:     ev/sec=21351.1   simsec/sec=1.24085   ev/simsec=17206.8
     Messages:  created: 3907477   present: 1104   in FES: 126
** Event #4012544   t=300.613761481727   Elapsed: 198.843s (3m 18s)  60% completed  (80% total)
     Speed:     ev/sec=18510.1   simsec/sec=1.04681   ev/simsec=17682.5
     Messages:  created: 3945019   present: 1097   in FES: 126
** Event #4054016   t=303.114027985106   Elapsed: 200.847s (3m 20s)  60% completed  (80% total)
     Speed:     ev/sec=20694.9   simsec/sec=1.24766   ev/simsec=16587
     Messages:  created: 3986673   present: 1086   in FES: 117
** Event #4090624   t=305.539941127869   Elapsed: 202.856s (3m 22s)  61% completed  (80% total)
     Speed:     ev/sec=18220.6   simsec/sec=1.20743   ev/simsec=15090.4
     Messages:  created: 4023580   present: 1103   in FES: 118
** Event #4123904   t=307.588268044091   Elapsed: 204.872s (3m 24s)  61% completed  (80% total)
     Speed:     ev/sec=16508.4   simsec/sec=1.01607   ev/simsec=16247.4
     Messages:  created: 4056313   present: 1089   in FES: 127
** Event #4164352   t=310.323524677123   Elapsed: 206.876s (3m 26s)  62% completed  (81% total)
     Speed:     ev/sec=20178.9   simsec/sec=1.36458   ev/simsec=14787.6
     Messages:  created: 4095816   present: 1067   in FES: 110
** Event #4199168   t=312.573479892498   Elapsed: 208.886s (3m 28s)  62% completed  (81% total)
     Speed:     ev/sec=17323.5   simsec/sec=1.11952   ev/simsec=15474.1
     Messages:  created: 4129163   present: 1049   in FES: 127
** Event #4235776   t=315.064990716069   Elapsed: 210.887s (3m 30s)  63% completed  (81% total)
     Speed:     ev/sec=18291.3   simsec/sec=1.24489   ev/simsec=14693.1
     Messages:  created: 4164538   present: 1096   in FES: 121
** Event #4270592   t=317.535138571565   Elapsed: 212.899s (3m 32s)  63% completed  (81% total)
     Speed:     ev/sec=17311.3   simsec/sec=1.22821   ev/simsec=14094.7
     Messages:  created: 4198081   present: 1092   in FES: 146
** Event #4304128   t=319.578436296716   Elapsed: 214.911s (3m 34s)  63% completed  (81% total)
     Speed:     ev/sec=16668.1   simsec/sec=1.01556   ev/simsec=16412.7
     Messages:  created: 4229929   present: 1034   in FES: 97
** Event #4346624   t=322.535173424692   Elapsed: 216.918s (3m 36s)  64% completed  (82% total)
     Speed:     ev/sec=21170.8   simsec/sec=1.473   ev/simsec=14372.6
     Messages:  created: 4272313   present: 1087   in FES: 116
** Event #4386304   t=324.551527725103   Elapsed: 218.919s (3m 38s)  64% completed  (82% total)
     Speed:     ev/sec=19829.2   simsec/sec=1.00763   ev/simsec=19679.1
     Messages:  created: 4314311   present: 1065   in FES: 108
** Event #4422912   t=326.864027383716   Elapsed: 220.92s (3m 40s)  65% completed  (82% total)
     Speed:     ev/sec=18292.6   simsec/sec=1.15553   ev/simsec=15830.5
     Messages:  created: 4351437   present: 1110   in FES: 132
** Event #4464896   t=329.550138546924   Elapsed: 222.931s (3m 42s)  65% completed  (82% total)
     Speed:     ev/sec=20883.3   simsec/sec=1.3361   ev/simsec=15630
     Messages:  created: 4393890   present: 1111   in FES: 126
** Event #4506112   t=332.085462272172   Elapsed: 224.935s (3m 44s)  66% completed  (83% total)
     Speed:     ev/sec=20560   simsec/sec=1.26471   ev/simsec=16256.7
     Messages:  created: 4436028   present: 1109   in FES: 126
** Event #4545024   t=334.590312648035   Elapsed: 226.943s (3m 46s)  66% completed  (83% total)
     Speed:     ev/sec=19382   simsec/sec=1.24766   ev/simsec=15534.7
     Messages:  created: 4475893   present: 1100   in FES: 126
** Event #4589568   t=337.530203475265   Elapsed: 228.962s (3m 48s)  67% completed  (83% total)
     Speed:     ev/sec=22057.5   simsec/sec=1.45579   ev/simsec=15151.6
     Messages:  created: 4521606   present: 1066   in FES: 109
** Event #4632320   t=340.097711800382   Elapsed: 230.969s (3m 50s)  68% completed  (84% total)
     Speed:     ev/sec=21302.7   simsec/sec=1.27935   ev/simsec=16651.2
     Messages:  created: 4565268   present: 1061   in FES: 106
** Event #4673536   t=342.612324322691   Elapsed: 232.974s (3m 52s)  68% completed  (84% total)
     Speed:     ev/sec=20558.8   simsec/sec=1.25431   ev/simsec=16390.6
     Messages:  created: 4608783   present: 1094   in FES: 119
** Event #4718848   t=345.530695318174   Elapsed: 234.989s (3m 54s)  69% completed  (84% total)
     Speed:     ev/sec=22483.6   simsec/sec=1.44808   ev/simsec=15526.5
     Messages:  created: 4657106   present: 1090   in FES: 119
** Event #4758784   t=347.824976767142   Elapsed: 236.994s (3m 56s)  69% completed  (84% total)
     Speed:     ev/sec=19917.7   simsec/sec=1.14425   ev/simsec=17406.8
     Messages:  created: 4699580   present: 1097   in FES: 116
** Event #4802816   t=350.534731238648   Elapsed: 239.008s (3m 59s)  70% completed  (85% total)
     Speed:     ev/sec=21865.7   simsec/sec=1.34563   ev/simsec=16249.4
     Messages:  created: 4745881   present: 1106   in FES: 121
** Event #4843520   t=353.013114640544   Elapsed: 241.013s (4m 01s)  70% completed  (85% total)
     Speed:     ev/sec=20304.5   simsec/sec=1.2363   ev/simsec=16423.6
     Messages:  created: 4788411   present: 1104   in FES: 123
** Event #4884736   t=355.550357353867   Elapsed: 243.03s (4m 03s)  71% completed  (85% total)
     Speed:     ev/sec=20432.9   simsec/sec=1.25784   ev/simsec=16244.4
     Messages:  created: 4829798   present: 1104   in FES: 126
** Event #4926720   t=358.32405668987   Elapsed: 245.036s (4m 05s)  71% completed  (85% total)
     Speed:     ev/sec=20931.9   simsec/sec=1.38288   ev/simsec=15136.5
     Messages:  created: 4871998   present: 1077   in FES: 127
** Event #4969984   t=360.324441796499   Elapsed: 247.038s (4m 07s)  72% completed  (86% total)
     Speed:     ev/sec=21612   simsec/sec=0.999267   ev/simsec=21627.8
     Messages:  created: 4919794   present: 1085   in FES: 116
** Event #5006848   t=362.583441126698   Elapsed: 249.048s (4m 09s)  72% completed  (86% total)
     Speed:     ev/sec=18332.8   simsec/sec=1.12342   ev/simsec=16318.7
     Messages:  created: 4956850   present: 1120   in FES: 125
** Event #5050624   t=365.508552329623   Elapsed: 251.065s (4m 11s)  73% completed  (86% total)
     Speed:     ev/sec=21710.5   simsec/sec=1.4507   ev/simsec=14965.6
     Messages:  created: 5001193   present: 1097   in FES: 120
** Event #5085440   t=367.559195175501   Elapsed: 253.076s (4m 13s)  73% completed  (86% total)
     Speed:     ev/sec=17313.4   simsec/sec=1.01975   ev/simsec=16978.1
     Messages:  created: 5036188   present: 1070   in FES: 107
** Event #5122560   t=370.039192137566   Elapsed: 255.077s (4m 15s)  74% completed  (87% total)
     Speed:     ev/sec=18546.2   simsec/sec=1.23908   ev/simsec=14967.8
     Messages:  created: 5072893   present: 1086   in FES: 113
** Event #5159936   t=372.545435744725   Elapsed: 257.107s (4m 17s)  74% completed  (87% total)
     Speed:     ev/sec=18414.7   simsec/sec=1.2348   ev/simsec=14913.2
     Messages:  created: 5108694   present: 1095   in FES: 118
** Event #5193728   t=374.613983579669   Elapsed: 259.12s (4m 19s)  74% completed  (87% total)
     Speed:     ev/sec=16786.8   simsec/sec=1.02759   ev/simsec=16336.1
     Messages:  created: 5140669   present: 1074   in FES: 127
** Event #5232384   t=377.510042992121   Elapsed: 261.123s (4m 21s)  75% completed  (87% total)
     Speed:     ev/sec=19297.3   simsec/sec=1.44573   ev/simsec=13347.8
     Messages:  created: 5178062   present: 1105   in FES: 124
** Event #5264896   t=379.552238433146   Elapsed: 263.124s (4m 23s)  75% completed  (87% total)
     Speed:     ev/sec=16244.5   simsec/sec=1.02038   ev/simsec=15920.1
     Messages:  created: 5209351   present: 1125   in FES: 146
** Event #5298688   t=382.025647431999   Elapsed: 265.131s (4m 25s)  76% completed  (88% total)
     Speed:     ev/sec=16839   simsec/sec=1.23253   ev/simsec=13662.1
     Messages:  created: 5242181   present: 1082   in FES: 115
** Event #5335808   t=384.566091352108   Elapsed: 267.152s (4m 27s)  76% completed  (88% total)
     Speed:     ev/sec=18373.9   simsec/sec=1.25749   ev/simsec=14611.6
     Messages:  created: 5278625   present: 1079   in FES: 114
** Event #5375744   t=387.528648246712   Elapsed: 269.172s (4m 29s)  77% completed  (88% total)
     Speed:     ev/sec=19767   simsec/sec=1.46636   ev/simsec=13480.2
     Messages:  created: 5318525   present: 1092   in FES: 126
** Event #5417472   t=390.079322363405   Elapsed: 271.175s (4m 31s)  78% completed  (89% total)
     Speed:     ev/sec=20831.7   simsec/sec=1.27336   ev/simsec=16359.6
     Messages:  created: 5360911   present: 1098   in FES: 119
** Event #5458432   t=392.596766434772   Elapsed: 273.185s (4m 33s)  78% completed  (89% total)
     Speed:     ev/sec=20376.8   simsec/sec=1.25238   ev/simsec=16270.5
     Messages:  created: 5403427   present: 1118   in FES: 130
** Event #5504512   t=395.554220622227   Elapsed: 275.187s (4m 35s)  79% completed  (89% total)
     Speed:     ev/sec=23013.1   simsec/sec=1.477   ev/simsec=15581
     Messages:  created: 5450851   present: 1105   in FES: 118
** Event #5548032   t=398.370705223132   Elapsed: 277.192s (4m 37s)  79% completed  (89% total)
     Speed:     ev/sec=21708.2   simsec/sec=1.40489   ev/simsec=15451.9
     Messages:  created: 5496019   present: 1095   in FES: 126
** Event #5588480   t=401.035677067429   Elapsed: 279.196s (4m 39s)  80% completed  (90% total)
     Speed:     ev/sec=20185.7   simsec/sec=1.32996   ev/simsec=15177.6
     Messages:  created: 5538077   present: 1118   in FES: 125
** Event #5631232   t=404.013060346589   Elapsed: 281.196s (4m 41s)  80% completed  (90% total)
     Speed:     ev/sec=21375.1   simsec/sec=1.48863   ev/simsec=14358.9
     Messages:  created: 5582963   present: 1087   in FES: 126
** Event #5671936   t=406.573480812985   Elapsed: 283.202s (4m 43s)  81% completed  (90% total)
     Speed:     ev/sec=20287.3   simsec/sec=1.27614   ev/simsec=15897.4
     Messages:  created: 5624956   present: 1040   in FES: 118
** Event #5715968   t=409.581347687652   Elapsed: 285.217s (4m 45s)  81% completed  (90% total)
     Speed:     ev/sec=21853.7   simsec/sec=1.49285   ev/simsec=14638.9
     Messages:  created: 5671228   present: 1079   in FES: 112
** Event #5760768   t=412.570991781882   Elapsed: 287.219s (4m 47s)  82% completed  (91% total)
     Speed:     ev/sec=22383.2   simsec/sec=1.4937   ev/simsec=14985.1
     Messages:  created: 5718200   present: 1087   in FES: 126
** Event #5803520   t=415.513184292015   Elapsed: 289.221s (4m 49s)  83% completed  (91% total)
     Speed:     ev/sec=21356.6   simsec/sec=1.46976   ev/simsec=14530.7
     Messages:  created: 5762280   present: 1110   in FES: 125
** Event #5842176   t=417.614400654823   Elapsed: 291.226s (4m 51s)  83% completed  (91% total)
     Speed:     ev/sec=19272.5   simsec/sec=1.04759   ev/simsec=18397
     Messages:  created: 5801201   present: 1076   in FES: 127
** Event #5887488   t=420.035174273643   Elapsed: 293.231s (4m 53s)  84% completed  (92% total)
     Speed:     ev/sec=22606.1   simsec/sec=1.20772   ev/simsec=18718
     Messages:  created: 5851493   present: 1065   in FES: 108
** Event #5933568   t=422.050164915349   Elapsed: 295.232s (4m 55s)  84% completed  (92% total)
     Speed:     ev/sec=23021   simsec/sec=1.00666   ev/simsec=22868.6
     Messages:  created: 5903703   present: 1064   in FES: 109
** Event #5980672   t=425.025647532768   Elapsed: 297.234s (4m 57s)  85% completed  (92% total)
     Speed:     ev/sec=23527.7   simsec/sec=1.4862   ev/simsec=15830.7
     Messages:  created: 5954141   present: 1094   in FES: 119
** Event #6025984   t=427.594584761143   Elapsed: 299.252s (4m 59s)  85% completed  (92% total)
     Speed:     ev/sec=22460.5   simsec/sec=1.27339   ev/simsec=17638.4
     Messages:  created: 6002518   present: 1068   in FES: 109
** Event #6072320   t=430.586582737306   Elapsed: 301.253s (5m 01s)  86% completed  (93% total)
     Speed:     ev/sec=23160   simsec/sec=1.49548   ev/simsec=15486.6
     Messages:  created: 6051426   present: 1114   in FES: 125
** Event #6121728   t=433.591378584334   Elapsed: 303.277s (5m 03s)  86% completed  (93% total)
     Speed:     ev/sec=24410.9   simsec/sec=1.48458   ev/simsec=16443
     Messages:  created: 6103900   present: 1073   in FES: 112
** Event #6167552   t=436.589326012428   Elapsed: 305.278s (5m 05s)  87% completed  (93% total)
     Speed:     ev/sec=22896.6   simsec/sec=1.49797   ev/simsec=15285.1
     Messages:  created: 6151254   present: 1082   in FES: 114
** Event #6213888   t=439.599309744708   Elapsed: 307.282s (5m 07s)  87% completed  (93% total)
     Speed:     ev/sec=23118.4   simsec/sec=1.50177   ev/simsec=15394.1
     Messages:  created: 6199026   present: 1035   in FES: 96
** Event #6266624   t=443.084036066346   Elapsed: 309.287s (5m 09s)  88% completed  (94% total)
     Speed:     ev/sec=26309   simsec/sec=1.73846   ev/simsec=15133.5
     Messages:  created: 6253230   present: 1101   in FES: 126
** Event #6315264   t=446.363982949929   Elapsed: 311.294s (5m 11s)  89% completed  (94% total)
     Speed:     ev/sec=24232.3   simsec/sec=1.63406   ev/simsec=14829.5
     Messages:  created: 6303757   present: 1091   in FES: 127
** Event #6361600   t=449.513816739939   Elapsed: 313.3s (5m 13s)  89% completed  (94% total)
     Speed:     ev/sec=23099.2   simsec/sec=1.57024   ev/simsec=14710.6
     Messages:  created: 6351405   present: 1038   in FES: 99
** Event #6406400   t=452.530738803408   Elapsed: 315.308s (5m 15s)  90% completed  (95% total)
     Speed:     ev/sec=22309.4   simsec/sec=1.50236   ev/simsec=14849.6
     Messages:  created: 6396784   present: 1104   in FES: 121
** Event #6454272   t=455.547199342296   Elapsed: 317.317s (5m 17s)  91% completed  (95% total)
     Speed:     ev/sec=23831.1   simsec/sec=1.50162   ev/simsec=15870.3
     Messages:  created: 6446023   present: 1086   in FES: 115
** Event #6504192   t=458.597085750551   Elapsed: 319.32s (5m 19s)  91% completed  (95% total)
     Speed:     ev/sec=24923.1   simsec/sec=1.52269   ev/simsec=16367.8
     Messages:  created: 6497886   present: 1072   in FES: 107
** Event #6556160   t=462.079267759954   Elapsed: 321.329s (5m 21s)  92% completed  (96% total)
     Speed:     ev/sec=25870.9   simsec/sec=1.73351   ev/simsec=14924
     Messages:  created: 6552245   present: 1093   in FES: 127
** Event #6610688   t=465.546816006648   Elapsed: 323.335s (5m 23s)  93% completed  (96% total)
     Speed:     ev/sec=27178.1   simsec/sec=1.72831   ev/simsec=15725.2
     Messages:  created: 6609794   present: 1120   in FES: 125
** Event #6665472   t=469.073480177537   Elapsed: 325.339s (5m 25s)  93% completed  (96% total)
     Speed:     ev/sec=27333.2   simsec/sec=1.75955   ev/simsec=15534.2
     Messages:  created: 6666611   present: 1068   in FES: 122
** Event #6721536   t=472.785138249949   Elapsed: 327.346s (5m 27s)  94% completed  (97% total)
     Speed:     ev/sec=27941   simsec/sec=1.84981   ev/simsec=15104.8
     Messages:  created: 6724685   present: 1027   in FES: 115
** Event #6779392   t=476.542676612247   Elapsed: 329.366s (5m 29s)  95% completed  (97% total)
     Speed:     ev/sec=28637.6   simsec/sec=1.85991   ev/simsec=15397.3
     Messages:  created: 6784771   present: 1082   in FES: 113
** Event #6835968   t=480.06776004682   Elapsed: 331.366s (5m 31s)  96% completed  (98% total)
     Speed:     ev/sec=28286.1   simsec/sec=1.76243   ev/simsec=16049.5
     Messages:  created: 6843356   present: 1069   in FES: 110
** Event #6899456   t=484.534428906268   Elapsed: 333.371s (5m 33s)  96% completed  (98% total)
     Speed:     ev/sec=31665.6   simsec/sec=2.22782   ev/simsec=14213.7
     Messages:  created: 6909146   present: 1073   in FES: 112
** Event #6969344   t=489.084089458312   Elapsed: 335.375s (5m 35s)  97% completed  (98% total)
     Speed:     ev/sec=34866.9   simsec/sec=2.26981   ev/simsec=15361.1
     Messages:  created: 6982338   present: 1115   in FES: 124
** Event #7044096   t=494.085460945172   Elapsed: 337.377s (5m 37s)  98% completed  (99% total)
     Speed:     ev/sec=37352.7   simsec/sec=2.49913   ev/simsec=14946.3
     Messages:  created: 7062365   present: 1036   in FES: 97
** Event #7109120   t=498.567118310808   Elapsed: 339.384s (5m 39s)  99% completed  (99% total)
     Speed:     ev/sec=32401.6   simsec/sec=2.23322   ev/simsec=14508.9
     Messages:  created: 7131931   present: 1094   in FES: 126
** Event #7127074   t=500   Elapsed: 339.885s (5m 39s)  100% completed  (100% total)
     Speed:     ev/sec=35810.1   simsec/sec=2.85329   ev/simsec=12550.4
     Messages:  created: 7151348   present: 1021   in FES: 95

<!> Simulation time limit reached -- at t=500s, event #7127074
undisposed object: (omnetpp::cMessage) FanetStressNetwork.uav[0].app.debugTimer -- check module destructor
undisposed object: (omnetpp::cMessage) FanetStressNetwork.uav[1].app.debugTimer -- check module destructor
undisposed object: (omnetpp::cMessage) FanetStressNetwork.uav[2].app.debugTimer -- check module destructor
undisposed object: (omnetpp::cMessage) FanetStressNetwork.uav[3].app.debugTimer -- check module destructor
undisposed object: (omnetpp::cMessage) FanetStressNetwork.uav[4].app.debugTimer -- check module destructor
undisposed object: (omnetpp::cMessage) FanetStressNetwork.uav[5].app.debugTimer -- check module destructor
undisposed object: (omnetpp::cMessage) FanetStressNetwork.uav[6].app.debugTimer -- check module destructor
undisposed object: (omnetpp::cMessage) FanetStressNetwork.uav[7].app.debugTimer -- check module destructor
undisposed object: (omnetpp::cMessage) FanetStressNetwork.uav[8].app.debugTimer -- check module destructor
undisposed object: (omnetpp::cMessage) FanetStressNetwork.uav[9].app.debugTimer -- check module destructor
undisposed object: (omnetpp::cMessage) FanetStressNetwork.uav[10].app.debugTimer -- check module destructor
undisposed object: (omnetpp::cMessage) FanetStressNetwork.uav[11].app.debugTimer -- check module destructor
undisposed object: (omnetpp::cMessage) FanetStressNetwork.uav[12].app.debugTimer -- check module destructor
undisposed object: (omnetpp::cMessage) FanetStressNetwork.uav[13].app.debugTimer -- check module destructor
undisposed object: (omnetpp::cMessage) FanetStressNetwork.uav[14].app.debugTimer -- check module destructor
undisposed object: (omnetpp::cMessage) FanetStressNetwork.uav[15].app.debugTimer -- check module destructor
undisposed object: (omnetpp::cMessage) FanetStressNetwork.uav[16].app.debugTimer -- check module destructor
undisposed object: (omnetpp::cMessage) FanetStressNetwork.uav[17].app.debugTimer -- check module destructor
undisposed object: (omnetpp::cMessage) FanetStressNetwork.uav[18].app.debugTimer -- check module destructor
undisposed object: (omnetpp::cMessage) FanetStressNetwork.uav[19].app.debugTimer -- check module destructor
undisposed object: (omnetpp::cMessage) FanetStressNetwork.uav[20].app.debugTimer -- check module destructor
undisposed object: (omnetpp::cMessage) FanetStressNetwork.uav[21].app.debugTimer -- check module destructor
undisposed object: (omnetpp::cMessage) FanetStressNetwork.uav[22].app.debugTimer -- check module destructor
undisposed object: (omnetpp::cMessage) FanetStressNetwork.uav[23].app.debugTimer -- check module destructor
undisposed object: (omnetpp::cMessage) FanetStressNetwork.uav[24].app.debugTimer -- check module destructor
undisposed object: (omnetpp::cMessage) FanetStressNetwork.uav[25].app.debugTimer -- check module destructor
undisposed object: (omnetpp::cMessage) FanetStressNetwork.uav[26].app.debugTimer -- check module destructor
undisposed object: (omnetpp::cMessage) FanetStressNetwork.uav[27].app.debugTimer -- check module destructor
undisposed object: (omnetpp::cMessage) FanetStressNetwork.uav[28].app.debugTimer -- check module destructor
undisposed object: (omnetpp::cMessage) FanetStressNetwork.uav[29].app.debugTimer -- check module destructor
