** Event #0   t=0   Elapsed: 2e-05s (0m 00s)  0% completed  (0% total)
     Speed:     ev/sec=0   simsec/sec=0   ev/simsec=0
     Messages:  created: 1081   present: 1081   in FES: 161
** Event #63232   t=7.513406842816   Elapsed: 2.0077s (0m 02s)  1% completed  (0% total)
     Speed:     ev/sec=31495.6   simsec/sec=3.74234   ev/simsec=8416.02
     Messages:  created: 56003   present: 1100   in FES: 119
** Event #100864   t=11.553164959681   Elapsed: 4.0088s (0m 04s)  2% completed  (1% total)
     Speed:     ev/sec=18805.5   simsec/sec=2.01875   ev/simsec=9315.41
     Messages:  created: 87098   present: 1092   in FES: 119
** Event #136192   t=15.5574690041   Elapsed: 6.02459s (0m 06s)  3% completed  (1% total)
     Speed:     ev/sec=17525.6   simsec/sec=1.98647   ev/simsec=8822.51
     Messages:  created: 116047   present: 1077   in FES: 114
** Event #173056   t=19.573392873478   Elapsed: 8.0254s (0m 08s)  3% completed  (1% total)
     Speed:     ev/sec=18424.7   simsec/sec=2.00717   ev/simsec=9179.46
     Messages:  created: 146132   present: 1099   in FES: 120
** Event #210944   t=23.58928304337   Elapsed: 10.0489s (0m 10s)  4% completed  (2% total)
     Speed:     ev/sec=18723.5   simsec/sec=1.98458   ev/simsec=9434.52
     Messages:  created: 177139   present: 1038   in FES: 97
** Event #248320   t=28.016493098044   Elapsed: 12.0517s (0m 12s)  5% completed  (2% total)
     Speed:     ev/sec=18662.1   simsec/sec=2.21053   ev/simsec=8442.34
     Messages:  created: 207760   present: 1073   in FES: 110
** Event #287232   t=32.128639105687   Elapsed: 14.053s (0m 14s)  6% completed  (3% total)
     Speed:     ev/sec=19443.3   simsec/sec=2.05473   ev/simsec=9462.7
     Messages:  created: 240045   present: 1021   in FES: 95
** Event #324096   t=36.527486717419   Elapsed: 16.0578s (0m 16s)  7% completed  (3% total)
     Speed:     ev/sec=18387.8   simsec/sec=2.19415   ev/simsec=8380.38
     Messages:  created: 270415   present: 1094   in FES: 126
** Event #362752   t=40.609939647232   Elapsed: 18.0642s (0m 18s)  8% completed  (4% total)
     Speed:     ev/sec=19266.8   simsec/sec=2.03476   ev/simsec=9468.82
     Messages:  created: 302721   present: 1087   in FES: 116
** Event #403968   t=45.516610324008   Elapsed: 20.0813s (0m 20s)  9% completed  (4% total)
     Speed:     ev/sec=20433.4   simsec/sec=2.43254   ev/simsec=8399.99
     Messages:  created: 336345   present: 1025   in FES: 96
** Event #441856   t=49.52757665075   Elapsed: 22.091s (0m 22s)  9% completed  (4% total)
     Speed:     ev/sec=18852.4   simsec/sec=1.99578   ev/simsec=9446.1
     Messages:  created: 367330   present: 1168   in FES: 139
** Event #475904   t=53.045660136724   Elapsed: 24.0957s (0m 24s)  10% completed  (5% total)
     Speed:     ev/sec=16983.9   simsec/sec=1.7549   ev/simsec=9678
     Messages:  created: 394415   present: 1086   in FES: 117
** Event #509440   t=56.548429228061   Elapsed: 26.1095s (0m 26s)  11% completed  (5% total)
     Speed:     ev/sec=16653.5   simsec/sec=1.73943   ev/simsec=9574.14
     Messages:  created: 420996   present: 1112   in FES: 125
** Event #542976   t=60.070349295589   Elapsed: 28.1103s (0m 28s)  12% completed  (6% total)
     Speed:     ev/sec=16761.3   simsec/sec=1.76026   ev/simsec=9522.08
     Messages:  created: 448302   present: 1093   in FES: 118
** Event #576768   t=63.597336149208   Elapsed: 30.1132s (0m 30s)  12% completed  (6% total)
     Speed:     ev/sec=16871.3   simsec/sec=1.76091   ev/simsec=9580.98
     Messages:  created: 475656   present: 1109   in FES: 124
** Event #613120   t=67.578534345841   Elapsed: 32.1365s (0m 32s)  13% completed  (6% total)
     Speed:     ev/sec=17967.1   simsec/sec=1.96772   ev/simsec=9130.92
     Messages:  created: 504899   present: 1104   in FES: 121
** Event #648704   t=71.520878191527   Elapsed: 34.1466s (0m 34s)  14% completed  (7% total)
     Speed:     ev/sec=17702.5   simsec/sec=1.96125   ev/simsec=9026.1
     Messages:  created: 533450   present: 1118   in FES: 123
** Event #681984   t=75.035047827289   Elapsed: 36.1526s (0m 36s)  15% completed  (7% total)
     Speed:     ev/sec=16590.3   simsec/sec=1.75184   ev/simsec=9470.23
     Messages:  created: 560140   present: 1027   in FES: 98
** Event #717568   t=78.602881431924   Elapsed: 38.1778s (0m 38s)  15% completed  (7% total)
     Speed:     ev/sec=17570   simsec/sec=1.76166   ev/simsec=9973.56
     Messages:  created: 588813   present: 1085   in FES: 116
** Event #752896   t=82.530337728446   Elapsed: 40.1809s (0m 40s)  16% completed  (8% total)
     Speed:     ev/sec=17637.2   simsec/sec=1.96075   ev/simsec=8995.14
     Messages:  created: 616739   present: 1104   in FES: 126
** Event #785408   t=85.605424395245   Elapsed: 42.1916s (0m 42s)  17% completed  (8% total)
     Speed:     ev/sec=16169.1   simsec/sec=1.52932   ev/simsec=10572.7
     Messages:  created: 642447   present: 1101   in FES: 122
** Event #820224   t=89.515806635025   Elapsed: 44.2065s (0m 44s)  17% completed  (8% total)
     Speed:     ev/sec=17279.9   simsec/sec=1.9408   ev/simsec=8903.48
     Messages:  created: 669948   present: 1058   in FES: 107
** Event #856576   t=93.09582800906   Elapsed: 46.2124s (0m 46s)  18% completed  (9% total)
     Speed:     ev/sec=18122.1   simsec/sec=1.7847   ev/simsec=10154.1
     Messages:  created: 699396   present: 1085   in FES: 114
** Event #888320   t=96.581595416266   Elapsed: 48.2227s (0m 48s)  19% completed  (9% total)
     Speed:     ev/sec=15790.5   simsec/sec=1.73393   ev/simsec=9106.75
     Messages:  created: 724990   present: 1024   in FES: 97
** Event #924416   t=100.534339136054   Elapsed: 50.2424s (0m 50s)  20% completed  (10% total)
     Speed:     ev/sec=17872.5   simsec/sec=1.95715   ev/simsec=9131.88
     Messages:  created: 754850   present: 1118   in FES: 126
** Event #964864   t=103.509462139446   Elapsed: 52.2491s (0m 52s)  20% completed  (10% total)
     Speed:     ev/sec=20155.8   simsec/sec=1.48254   ev/simsec=13595.4
     Messages:  created: 795193   present: 1065   in FES: 110
** Event #1008128   t=106.527524418006   Elapsed: 54.2763s (0m 54s)  21% completed  (10% total)
     Speed:     ev/sec=21342.2   simsec/sec=1.48881   ev/simsec=14335
     Messages:  created: 839103   present: 1083   in FES: 114
** Event #1050624   t=109.53854632106   Elapsed: 56.2863s (0m 56s)  21% completed  (10% total)
     Speed:     ev/sec=21142   simsec/sec=1.498   ev/simsec=14113.5
     Messages:  created: 882137   present: 1025   in FES: 96
** Event #1093120   t=112.532412446823   Elapsed: 58.3056s (0m 58s)  22% completed  (11% total)
     Speed:     ev/sec=21045.7   simsec/sec=1.48268   ev/simsec=14194.4
     Messages:  created: 925441   present: 1100   in FES: 121
** Event #1137920   t=115.587622656905   Elapsed: 60.3283s (1m 00s)  23% completed  (11% total)
     Speed:     ev/sec=22148.3   simsec/sec=1.51044   ev/simsec=14663.5
     Messages:  created: 971209   present: 1026   in FES: 97
** Event #1181184   t=118.595832735978   Elapsed: 62.3366s (1m 02s)  23% completed  (11% total)
     Speed:     ev/sec=21542.3   simsec/sec=1.49786   ev/simsec=14382
     Messages:  created: 1015517   present: 1110   in FES: 125
** Event #1221120   t=121.580699604926   Elapsed: 64.3504s (1m 04s)  24% completed  (12% total)
     Speed:     ev/sec=19831.3   simsec/sec=1.48222   ev/simsec=13379.5
     Messages:  created: 1055001   present: 1057   in FES: 106
** Event #1261824   t=124.528321707923   Elapsed: 66.3578s (1m 06s)  24% completed  (12% total)
     Speed:     ev/sec=20276.7   simsec/sec=1.46836   ev/simsec=13809.1
     Messages:  created: 1094947   present: 1047   in FES: 98
** Event #1302272   t=127.521415750581   Elapsed: 68.3688s (1m 08s)  25% completed  (12% total)
     Speed:     ev/sec=20114   simsec/sec=1.48841   ev/simsec=13513.8
     Messages:  created: 1135361   present: 1064   in FES: 107
** Event #1344512   t=130.523158282402   Elapsed: 70.3862s (1m 10s)  26% completed  (13% total)
     Speed:     ev/sec=20937.7   simsec/sec=1.48792   ev/simsec=14071.8
     Messages:  created: 1177245   present: 1078   in FES: 111
** Event #1383936   t=133.09072812751   Elapsed: 72.3891s (1m 12s)  26% completed  (13% total)
     Speed:     ev/sec=19683   simsec/sec=1.2819   ev/simsec=15354.6
     Messages:  created: 1216891   present: 1101   in FES: 126
** Event #1422080   t=135.697207046211   Elapsed: 74.3961s (1m 14s)  27% completed  (13% total)
     Speed:     ev/sec=19005.6   simsec/sec=1.29871   ev/simsec=14634.3
     Messages:  created: 1255851   present: 1087   in FES: 116
** Event #1465088   t=138.623387157219   Elapsed: 76.4172s (1m 16s)  27% completed  (13% total)
     Speed:     ev/sec=21279.5   simsec/sec=1.44781   ev/simsec=14697.7
     Messages:  created: 1299877   present: 1022   in FES: 96
** Event #1514240   t=142.091257122711   Elapsed: 78.4269s (1m 18s)  28% completed  (14% total)
     Speed:     ev/sec=24457.2   simsec/sec=1.72555   ev/simsec=14173.5
     Messages:  created: 1350706   present: 1114   in FES: 126
** Event #1554944   t=145.008307226001   Elapsed: 80.4343s (1m 20s)  29% completed  (14% total)
     Speed:     ev/sec=20277.2   simsec/sec=1.45317   ev/simsec=13953.8
     Messages:  created: 1392924   present: 1097   in FES: 120
** Event #1598976   t=148.005295152776   Elapsed: 82.4462s (1m 22s)  29% completed  (14% total)
     Speed:     ev/sec=21886.4   simsec/sec=1.48967   ev/simsec=14692.1
     Messages:  created: 1437984   present: 1026   in FES: 97
** Event #1640704   t=150.623611509389   Elapsed: 84.4551s (1m 24s)  30% completed  (15% total)
     Speed:     ev/sec=20770.9   simsec/sec=1.30332   ev/simsec=15937
     Messages:  created: 1479506   present: 1032   in FES: 118
** Event #1683456   t=153.537682173789   Elapsed: 86.46s (1m 26s)  30% completed  (15% total)
     Speed:     ev/sec=21323.9   simsec/sec=1.45348   ev/simsec=14670.9
     Messages:  created: 1522693   present: 1106   in FES: 123
** Event #1721600   t=156.050049225475   Elapsed: 88.4624s (1m 28s)  31% completed  (15% total)
     Speed:     ev/sec=19049.6   simsec/sec=1.2547   ev/simsec=15182.5
     Messages:  created: 1560757   present: 1100   in FES: 121
** Event #1760512   t=158.585597312689   Elapsed: 90.468s (1m 30s)  31% completed  (15% total)
     Speed:     ev/sec=19401.5   simsec/sec=1.26423   ev/simsec=15346.6
     Messages:  created: 1599497   present: 1108   in FES: 126
** Event #1800704   t=161.404164391341   Elapsed: 92.4715s (1m 32s)  32% completed  (16% total)
     Speed:     ev/sec=20060.4   simsec/sec=1.40679   ev/simsec=14259.7
     Messages:  created: 1638802   present: 1104   in FES: 126
** Event #1835264   t=163.595829250015   Elapsed: 94.4863s (1m 34s)  32% completed  (16% total)
     Speed:     ev/sec=17153.2   simsec/sec=1.08779   ev/simsec=15768.8
     Messages:  created: 1671885   present: 1091   in FES: 126
** Event #1873664   t=166.095827356849   Elapsed: 96.4985s (1m 36s)  33% completed  (16% total)
     Speed:     ev/sec=19083.6   simsec/sec=1.24242   ev/simsec=15360
     Messages:  created: 1708706   present: 1110   in FES: 123
** Event #1910016   t=168.57785352452   Elapsed: 98.5174s (1m 38s)  33% completed  (16% total)
     Speed:     ev/sec=18005.9   simsec/sec=1.2294   ev/simsec=14646.1
     Messages:  created: 1744064   present: 1072   in FES: 111
** Event #1946880   t=171.048207573939   Elapsed: 100.524s (1m 40s)  34% completed  (17% total)
     Speed:     ev/sec=18375.9   simsec/sec=1.23142   ev/simsec=14922.6
     Messages:  created: 1779608   present: 1086   in FES: 117
** Event #1983744   t=173.527321700352   Elapsed: 102.526s (1m 42s)  34% completed  (17% total)
     Speed:     ev/sec=18404.8   simsec/sec=1.23773   ev/simsec=14869.8
     Messages:  created: 1815114   present: 1030   in FES: 97
** Event #2016256   t=175.589309719548   Elapsed: 104.549s (1m 44s)  35% completed  (17% total)
     Speed:     ev/sec=16071.9   simsec/sec=1.01932   ev/simsec=15767.3
     Messages:  created: 1845952   present: 1041   in FES: 102
** Event #2056704   t=178.507453768929   Elapsed: 106.572s (1m 46s)  35% completed  (17% total)
     Speed:     ev/sec=19998   simsec/sec=1.44277   ev/simsec=13860.9
     Messages:  created: 1885465   present: 1091   in FES: 118
** Event #2089984   t=180.587628215913   Elapsed: 108.595s (1m 48s)  36% completed  (18% total)
     Speed:     ev/sec=16448   simsec/sec=1.02809   ev/simsec=15998.7
     Messages:  created: 1917021   present: 1029   in FES: 96
** Event #2130688   t=183.522645392741   Elapsed: 110.601s (1m 50s)  36% completed  (18% total)
     Speed:     ev/sec=20296.1   simsec/sec=1.46348   ev/simsec=13868.4
     Messages:  created: 1957045   present: 1112   in FES: 126
** Event #2163200   t=185.593217710056   Elapsed: 112.604s (1m 52s)  37% completed  (18% total)
     Speed:     ev/sec=16234.1   simsec/sec=1.03389   ev/simsec=15701.9
     Messages:  created: 1987891   present: 1095   in FES: 120
** Event #2201088   t=188.154430550766   Elapsed: 114.605s (1m 54s)  37% completed  (18% total)
     Speed:     ev/sec=18931.6   simsec/sec=1.27977   ev/simsec=14793
     Messages:  created: 2024583   present: 1108   in FES: 125
** Event #2234624   t=190.534414902484   Elapsed: 116.624s (1m 56s)  38% completed  (19% total)
     Speed:     ev/sec=16611.2   simsec/sec=1.17886   ev/simsec=14090.8
     Messages:  created: 2057393   present: 1110   in FES: 123
** Event #2273024   t=193.091506073194   Elapsed: 118.631s (1m 58s)  38% completed  (19% total)
     Speed:     ev/sec=19132.1   simsec/sec=1.27403   ev/simsec=15017.1
     Messages:  created: 2094803   present: 1084   in FES: 115
** Event #2308864   t=195.580881431393   Elapsed: 120.648s (2m 00s)  39% completed  (19% total)
     Speed:     ev/sec=17769.7   simsec/sec=1.23425   ev/simsec=14397.2
     Messages:  created: 2130246   present: 1033   in FES: 98
** Event #2350080   t=198.405134036937   Elapsed: 122.649s (2m 02s)  39% completed  (19% total)
     Speed:     ev/sec=20590.1   simsec/sec=1.4109   ev/simsec=14593.6
     Messages:  created: 2171593   present: 1099   in FES: 146
** Event #2386176   t=200.624386766074   Elapsed: 124.656s (2m 04s)  40% completed  (20% total)
     Speed:     ev/sec=17993.1   simsec/sec=1.10625   ev/simsec=16264.9
     Messages:  created: 2207075   present: 1083   in FES: 127
** Event #2426624   t=203.51452883778   Elapsed: 126.661s (2m 06s)  40% completed  (20% total)
     Speed:     ev/sec=20171.6   simsec/sec=1.44132   ev/simsec=13995.2
     Messages:  created: 2247901   present: 1042   in FES: 99
** Event #2466816   t=206.094373265472   Elapsed: 128.673s (2m 08s)  41% completed  (20% total)
     Speed:     ev/sec=19973.1   simsec/sec=1.28203   ev/simsec=15579.2
     Messages:  created: 2287607   present: 1084   in FES: 115
** Event #2504192   t=208.609463794398   Elapsed: 130.683s (2m 10s)  41% completed  (20% total)
     Speed:     ev/sec=18597.4   simsec/sec=1.25145   ev/simsec=14860.7
     Messages:  created: 2325562   present: 1109   in FES: 124
** Event #2550272   t=212.003451011452   Elapsed: 132.685s (2m 12s)  42% completed  (21% total)
     Speed:     ev/sec=23018.7   simsec/sec=1.69543   ev/simsec=13577
     Messages:  created: 2372800   present: 1105   in FES: 124
** Event #2592256   t=214.875164560192   Elapsed: 134.685s (2m 14s)  42% completed  (21% total)
     Speed:     ev/sec=20985   simsec/sec=1.43538   ev/simsec=14619.8
     Messages:  created: 2415585   present: 1081   in FES: 127
** Event #2636544   t=217.624398248247   Elapsed: 136.689s (2m 16s)  43% completed  (21% total)
     Speed:     ev/sec=22108.2   simsec/sec=1.3724   ev/simsec=16109.2
     Messages:  created: 2461297   present: 1099   in FES: 148
** Event #2680832   t=220.562268233519   Elapsed: 138.701s (2m 18s)  44% completed  (22% total)
     Speed:     ev/sec=22002.8   simsec/sec=1.45957   ev/simsec=15074.9
     Messages:  created: 2507504   present: 1068   in FES: 111
** Event #2724096   t=223.509814527729   Elapsed: 140.72s (2m 20s)  44% completed  (22% total)
     Speed:     ev/sec=21429.7   simsec/sec=1.45999   ev/simsec=14678
     Messages:  created: 2552132   present: 1056   in FES: 107
** Event #2769664   t=226.155283663813   Elapsed: 142.725s (2m 22s)  45% completed  (22% total)
     Speed:     ev/sec=22733.2   simsec/sec=1.31978   ev/simsec=17224.9
     Messages:  created: 2598753   present: 1038   in FES: 122
** Event #2808064   t=228.563370917551   Elapsed: 144.751s (2m 24s)  45% completed  (22% total)
     Speed:     ev/sec=18951.2   simsec/sec=1.18844   ev/simsec=15946.3
     Messages:  created: 2638432   present: 1091   in FES: 126
** Event #2852608   t=231.521297151989   Elapsed: 146.764s (2m 26s)  46% completed  (23% total)
     Speed:     ev/sec=22125.7   simsec/sec=1.46925   ev/simsec=15059.2
     Messages:  created: 2684757   present: 1104   in FES: 119
** Event #2897664   t=234.513584743913   Elapsed: 148.766s (2m 28s)  46% completed  (23% total)
     Speed:     ev/sec=22506   simsec/sec=1.49468   ev/simsec=15057.4
     Messages:  created: 2731168   present: 1049   in FES: 102
** Event #2935808   t=237.013583441233   Elapsed: 150.773s (2m 30s)  47% completed  (23% total)
     Speed:     ev/sec=19008.6   simsec/sec=1.24585   ev/simsec=15257.6
     Messages:  created: 2770517   present: 1086   in FES: 115
** Event #2980864   t=240.013537802802   Elapsed: 152.775s (2m 32s)  48% completed  (24% total)
     Speed:     ev/sec=22500.7   simsec/sec=1.49816   ev/simsec=15018.9
     Messages:  created: 2817002   present: 1094   in FES: 127
** Event #3020288   t=242.623654437206   Elapsed: 154.783s (2m 34s)  48% completed  (24% total)
     Speed:     ev/sec=19634.6   simsec/sec=1.29993   ev/simsec=15104.3
     Messages:  created: 2856520   present: 1115   in FES: 130
** Event #3061248   t=245.643574089597   Elapsed: 156.787s (2m 36s)  49% completed  (24% total)
     Speed:     ev/sec=20437.6   simsec/sec=1.50683   ev/simsec=13563.3
     Messages:  created: 2897508   present: 1021   in FES: 95
** Event #3101696   t=248.599781968406   Elapsed: 158.793s (2m 38s)  49% completed  (24% total)
     Speed:     ev/sec=20168.9   simsec/sec=1.47407   ev/simsec=13682.4
     Messages:  created: 2937655   present: 1056   in FES: 107
** Event #3142912   t=251.586293825923   Elapsed: 160.796s (2m 40s)  50% completed  (25% total)
     Speed:     ev/sec=20571.4   simsec/sec=1.4906   ev/simsec=13800.7
     Messages:  created: 2978490   present: 1052   in FES: 105
** Event #3185152   t=254.514346843756   Elapsed: 162.8s (2m 42s)  50% completed  (25% total)
     Speed:     ev/sec=21081.7   simsec/sec=1.46137   ev/simsec=14426
     Messages:  created: 3021426   present: 1112   in FES: 145
** Event #3222784   t=257.013974875674   Elapsed: 164.808s (2m 44s)  51% completed  (25% total)
     Speed:     ev/sec=18739.4   simsec/sec=1.24473   ev/simsec=15055
     Messages:  created: 3059239   present: 1091   in FES: 128
** Event #3265280   t=259.57693701368   Elapsed: 166.809s (2m 46s)  51% completed  (25% total)
     Speed:     ev/sec=21237.2   simsec/sec=1.28083   ev/simsec=16580.8
     Messages:  created: 3102567   present: 1088   in FES: 126
** Event #3311360   t=262.520805420103   Elapsed: 168.815s (2m 48s)  52% completed  (26% total)
     Speed:     ev/sec=22977.8   simsec/sec=1.46796   ev/simsec=15652.9
     Messages:  created: 3151129   present: 1125   in FES: 124
** Event #3357184   t=265.510454511948   Elapsed: 170.821s (2m 50s)  53% completed  (26% total)
     Speed:     ev/sec=22840.2   simsec/sec=1.49014   ev/simsec=15327.6
     Messages:  created: 3198532   present: 1112   in FES: 126
** Event #3404544   t=268.539523160668   Elapsed: 172.824s (2m 52s)  53% completed  (26% total)
     Speed:     ev/sec=23641.4   simsec/sec=1.51207   ev/simsec=15635.2
     Messages:  created: 3247729   present: 1023   in FES: 96
** Event #3450112   t=271.509091739454   Elapsed: 174.831s (2m 54s)  54% completed  (27% total)
     Speed:     ev/sec=22707.2   simsec/sec=1.47978   ev/simsec=15345
     Messages:  created: 3295950   present: 1075   in FES: 112
** Event #3496704   t=274.580611358599   Elapsed: 176.832s (2m 56s)  54% completed  (27% total)
     Speed:     ev/sec=23285.7   simsec/sec=1.53508   ev/simsec=15169
     Messages:  created: 3344474   present: 1084   in FES: 114
** Event #3539968   t=277.555751446436   Elapsed: 178.85s (2m 58s)  55% completed  (27% total)
     Speed:     ev/sec=21434.6   simsec/sec=1.47399   ev/simsec=14541.8
     Messages:  created: 3389845   present: 1108   in FES: 123
** Event #3585536   t=280.614636461019   Elapsed: 180.854s (3m 00s)  56% completed  (28% total)
     Speed:     ev/sec=22739.5   simsec/sec=1.52646   ev/simsec=14896.9
     Messages:  created: 3437328   present: 1021   in FES: 95
** Event #3628032   t=283.557775364898   Elapsed: 182.871s (3m 02s)  56% completed  (28% total)
     Speed:     ev/sec=21066.1   simsec/sec=1.45897   ev/simsec=14439
     Messages:  created: 3481715   present: 1098   in FES: 121
** Event #3670784   t=286.548304198409   Elapsed: 184.873s (3m 04s)  57% completed  (28% total)
     Speed:     ev/sec=21354.5   simsec/sec=1.49376   ev/simsec=14295.8
     Messages:  created: 3525193   present: 1077   in FES: 112
** Event #3712256   t=289.654430652056   Elapsed: 186.885s (3m 06s)  57% completed  (28% total)
     Speed:     ev/sec=20618.5   simsec/sec=1.54426   ev/simsec=13351.7
     Messages:  created: 3565690   present: 1062   in FES: 109
** Event #3755008   t=292.900581295574   Elapsed: 188.888s (3m 08s)  58% completed  (29% total)
     Speed:     ev/sec=21337   simsec/sec=1.62012   ev/simsec=13170.1
     Messages:  created: 3608525   present: 1021   in FES: 95
** Event #3794432   t=295.583934395513   Elapsed: 190.902s (3m 10s)  59% completed  (29% total)
     Speed:     ev/sec=19582.5   simsec/sec=1.33286   ev/simsec=14692.1
     Messages:  created: 3647078   present: 1059   in FES: 106
** Event #3835392   t=298.539147037164   Elapsed: 192.92s (3m 12s)  59% completed  (29% total)
     Speed:     ev/sec=20298.7   simsec/sec=1.46453   ev/simsec=13860.3
     Messages:  created: 3687712   present: 1096   in FES: 119
** Event #3875584   t=301.522695244197   Elapsed: 194.942s (3m 14s)  60% completed  (30% total)
     Speed:     ev/sec=19876.7   simsec/sec=1.47549   ev/simsec=13471.2
     Messages:  created: 3727592   present: 1084   in FES: 113
** Event #3915520   t=304.522213177444   Elapsed: 196.962s (3m 16s)  60% completed  (30% total)
     Speed:     ev/sec=19769   simsec/sec=1.48481   ev/simsec=13314.1
     Messages:  created: 3767501   present: 1090   in FES: 115
** Event #3958016   t=307.578690546684   Elapsed: 198.973s (3m 18s)  61% completed  (30% total)
     Speed:     ev/sec=21132.3   simsec/sec=1.51992   ev/simsec=13903.6
     Messages:  created: 3809430   present: 1097   in FES: 120
** Event #4004096   t=311.048153786495   Elapsed: 200.977s (3m 20s)  62% completed  (31% total)
     Speed:     ev/sec=22985   simsec/sec=1.73059   ev/simsec=13281.6
     Messages:  created: 3856211   present: 1095   in FES: 126
** Event #4048384   t=314.124492272835   Elapsed: 202.982s (3m 22s)  62% completed  (31% total)
     Speed:     ev/sec=22094.9   simsec/sec=1.53476   ev/simsec=14396.3
     Messages:  created: 3900923   present: 1096   in FES: 121
** Event #4092160   t=317.534321716402   Elapsed: 204.995s (3m 24s)  63% completed  (31% total)
     Speed:     ev/sec=21751.2   simsec/sec=1.69426   ev/simsec=12838.2
     Messages:  created: 3945624   present: 1029   in FES: 98
** Event #4134144   t=320.580941526649   Elapsed: 206.995s (3m 26s)  64% completed  (32% total)
     Speed:     ev/sec=20990.5   simsec/sec=1.5232   ev/simsec=13780.5
     Messages:  created: 3987922   present: 1056   in FES: 105
** Event #4179968   t=324.020320835113   Elapsed: 208.997s (3m 28s)  64% completed  (32% total)
     Speed:     ev/sec=22885   simsec/sec=1.71766   ev/simsec=13323.3
     Messages:  created: 4035243   present: 1105   in FES: 118
** Event #4224768   t=327.1964901639   Elapsed: 211.001s (3m 31s)  65% completed  (32% total)
     Speed:     ev/sec=22352.8   simsec/sec=1.58474   ev/simsec=14105
     Messages:  created: 4080771   present: 1095   in FES: 120
** Event #4267520   t=330.091308870837   Elapsed: 213.003s (3m 33s)  66% completed  (33% total)
     Speed:     ev/sec=21357.6   simsec/sec=1.44616   ev/simsec=14768.5
     Messages:  created: 4125252   present: 1097   in FES: 120
** Event #4315648   t=333.514793524747   Elapsed: 215.013s (3m 35s)  66% completed  (33% total)
     Speed:     ev/sec=23948.6   simsec/sec=1.70353   ev/simsec=14058.2
     Messages:  created: 4176202   present: 1094   in FES: 127
** Event #4358656   t=336.513550369205   Elapsed: 217.035s (3m 37s)  67% completed  (33% total)
     Speed:     ev/sec=21269   simsec/sec=1.483   ev/simsec=14341.9
     Messages:  created: 4220049   present: 1120   in FES: 126
** Event #4403968   t=339.196981764405   Elapsed: 219.039s (3m 39s)  67% completed  (33% total)
     Speed:     ev/sec=22601.8   simsec/sec=1.33851   ev/simsec=16885.8
     Messages:  created: 4267848   present: 1085   in FES: 127
** Event #4444928   t=342.037338973911   Elapsed: 221.041s (3m 41s)  68% completed  (34% total)
     Speed:     ev/sec=20469.2   simsec/sec=1.41943   ev/simsec=14420.7
     Messages:  created: 4310573   present: 1070   in FES: 111
** Event #4491264   t=345.090781895181   Elapsed: 223.046s (3m 43s)  69% completed  (34% total)
     Speed:     ev/sec=23106.9   simsec/sec=1.52269   ev/simsec=15175
     Messages:  created: 4358944   present: 1077   in FES: 114
** Event #4535552   t=348.269958087429   Elapsed: 225.05s (3m 45s)  69% completed  (34% total)
     Speed:     ev/sec=22102.4   simsec/sec=1.5866   ev/simsec=13930.7
     Messages:  created: 4405398   present: 1116   in FES: 131
** Event #4583168   t=351.373610012474   Elapsed: 227.053s (3m 47s)  70% completed  (35% total)
     Speed:     ev/sec=23765.4   simsec/sec=1.54905   ev/simsec=15341.9
     Messages:  created: 4456734   present: 1095   in FES: 127
** Event #4628224   t=354.523324111182   Elapsed: 229.075s (3m 49s)  70% completed  (35% total)
     Speed:     ev/sec=22281.7   simsec/sec=1.55764   ev/simsec=14304.8
     Messages:  created: 4504496   present: 1124   in FES: 126
** Event #4673280   t=357.552661258693   Elapsed: 231.096s (3m 51s)  71% completed  (35% total)
     Speed:     ev/sec=22298   simsec/sec=1.49921   ev/simsec=14873.2
     Messages:  created: 4552082   present: 1088   in FES: 126
** Event #4718848   t=360.604785081137   Elapsed: 233.104s (3m 53s)  72% completed  (36% total)
     Speed:     ev/sec=22693.6   simsec/sec=1.52001   ev/simsec=14929.9
     Messages:  created: 4599781   present: 1121   in FES: 126
** Event #4768512   t=364.080181919497   Elapsed: 235.111s (3m 55s)  72% completed  (36% total)
     Speed:     ev/sec=24749.8   simsec/sec=1.73195   ev/simsec=14290.2
     Messages:  created: 4652458   present: 1069   in FES: 110
** Event #4813824   t=367.263317311838   Elapsed: 237.117s (3m 57s)  73% completed  (36% total)
     Speed:     ev/sec=22578.3   simsec/sec=1.58611   ev/simsec=14235
     Messages:  created: 4700143   present: 1100   in FES: 126
** Event #4862976   t=370.578399977438   Elapsed: 239.121s (3m 59s)  74% completed  (37% total)
     Speed:     ev/sec=24531.3   simsec/sec=1.65453   ev/simsec=14826.8
     Messages:  created: 4751687   present: 1113   in FES: 126
** Event #4908800   t=373.590623931364   Elapsed: 241.139s (4m 01s)  74% completed  (37% total)
     Speed:     ev/sec=22712.8   simsec/sec=1.49302   ev/simsec=15212.7
     Messages:  created: 4799343   present: 1096   in FES: 126
** Event #4953856   t=376.603832735978   Elapsed: 243.147s (4m 03s)  75% completed  (37% total)
     Speed:     ev/sec=22429   simsec/sec=1.49998   ev/simsec=14952.8
     Messages:  created: 4846223   present: 1112   in FES: 125
** Event #4998912   t=379.603726735978   Elapsed: 245.166s (4m 05s)  75% completed  (37% total)
     Speed:     ev/sec=22318.8   simsec/sec=1.48602   ev/simsec=15019.2
     Messages:  created: 4893285   present: 1026   in FES: 97
** Event #5044224   t=382.526964076114   Elapsed: 247.175s (4m 07s)  76% completed  (38% total)
     Speed:     ev/sec=22554.8   simsec/sec=1.45509   ev/simsec=15500.6
     Messages:  created: 4940585   present: 1094   in FES: 115
** Event #5084160   t=385.154385975625   Elapsed: 249.179s (4m 09s)  77% completed  (38% total)
     Speed:     ev/sec=19932.9   simsec/sec=1.3114   ev/simsec=15199.7
     Messages:  created: 4979858   present: 1079   in FES: 127
** Event #5119744   t=387.597473041235   Elapsed: 251.203s (4m 11s)  77% completed  (38% total)
     Speed:     ev/sec=17576.1   simsec/sec=1.20672   ev/simsec=14565.2
     Messages:  created: 5014698   present: 1071   in FES: 112
** Event #5165056   t=390.576106805019   Elapsed: 253.21s (4m 13s)  78% completed  (39% total)
     Speed:     ev/sec=22574.2   simsec/sec=1.48394   ev/simsec=15212.3
     Messages:  created: 5060603   present: 1090   in FES: 117
** Event #5203712   t=393.196444945683   Elapsed: 255.219s (4m 15s)  78% completed  (39% total)
     Speed:     ev/sec=19247.9   simsec/sec=1.30474   ev/simsec=14752.3
     Messages:  created: 5097878   present: 1060   in FES: 127
** Event #5237504   t=395.563468583192   Elapsed: 257.221s (4m 17s)  79% completed  (39% total)
     Speed:     ev/sec=16873.8   simsec/sec=1.18195   ev/simsec=14276.2
     Messages:  created: 5130759   present: 1101   in FES: 120
** Event #5272064   t=398.01485267988   Elapsed: 259.222s (4m 19s)  79% completed  (39% total)
     Speed:     ev/sec=17272.4   simsec/sec=1.22515   ev/simsec=14098.2
     Messages:  created: 5164429   present: 1085   in FES: 112
** Event #5309440   t=400.520802169635   Elapsed: 261.246s (4m 21s)  80% completed  (40% total)
     Speed:     ev/sec=18467.9   simsec/sec=1.23822   ev/simsec=14914.9
     Messages:  created: 5200290   present: 1103   in FES: 116
** Event #5344512   t=402.990282635096   Elapsed: 263.251s (4m 23s)  80% completed  (40% total)
     Speed:     ev/sec=17493.1   simsec/sec=1.23172   ev/simsec=14202.2
     Messages:  created: 5234251   present: 1090   in FES: 152
** Event #5383680   t=405.516627727186   Elapsed: 265.261s (4m 25s)  81% completed  (40% total)
     Speed:     ev/sec=19483.2   simsec/sec=1.25667   ev/simsec=15503.8
     Messages:  created: 5271772   present: 1106   in FES: 119
** Event #5416448   t=407.552323672445   Elapsed: 267.272s (4m 27s)  81% completed  (40% total)
     Speed:     ev/sec=16300.5   simsec/sec=1.01266   ev/simsec=16096.7
     Messages:  created: 5302692   present: 1075   in FES: 114
** Event #5448960   t=409.60043623649   Elapsed: 269.298s (4m 29s)  81% completed  (40% total)
     Speed:     ev/sec=16043.6   simsec/sec=1.01068   ev/simsec=15874.1
     Messages:  created: 5333195   present: 1083   in FES: 116
** Event #5480448   t=411.578115091125   Elapsed: 271.314s (4m 31s)  82% completed  (41% total)
     Speed:     ev/sec=15621.6   simsec/sec=0.981153   ev/simsec=15921.7
     Messages:  created: 5362979   present: 1082   in FES: 115
** Event #5512960   t=413.600436161632   Elapsed: 273.335s (4m 33s)  82% completed  (41% total)
     Speed:     ev/sec=16087.3   simsec/sec=1.00067   ev/simsec=16076.6
     Messages:  created: 5393594   present: 1091   in FES: 118
** Event #5545216   t=415.603495815104   Elapsed: 275.354s (4m 35s)  83% completed  (41% total)
     Speed:     ev/sec=15977.8   simsec/sec=0.992201   ev/simsec=16103.4
     Messages:  created: 5423413   present: 1109   in FES: 124
** Event #5574912   t=417.590733621192   Elapsed: 277.381s (4m 37s)  83% completed  (41% total)
     Speed:     ev/sec=14647.4   simsec/sec=0.980196   ev/simsec=14943.4
     Messages:  created: 5450437   present: 1089   in FES: 118
** Event #5605120   t=419.594249851204   Elapsed: 279.411s (4m 39s)  83% completed  (41% total)
     Speed:     ev/sec=14880.7   simsec/sec=0.986948   ev/simsec=15077.5
     Messages:  created: 5478006   present: 1068   in FES: 111
** Event #5642496   t=422.072919050036   Elapsed: 281.411s (4m 41s)  84% completed  (42% total)
     Speed:     ev/sec=18686.1   simsec/sec=1.23921   ev/simsec=15079.1
     Messages:  created: 5513514   present: 1109   in FES: 122
** Event #5678848   t=424.530600303777   Elapsed: 283.415s (4m 43s)  84% completed  (42% total)
     Speed:     ev/sec=18137.4   simsec/sec=1.22623   ev/simsec=14791.2
     Messages:  created: 5548913   present: 1109   in FES: 126
** Event #5711360   t=426.577138373713   Elapsed: 285.447s (4m 45s)  85% completed  (42% total)
     Speed:     ev/sec=16003.4   simsec/sec=1.00737   ev/simsec=15886.3
     Messages:  created: 5579643   present: 1060   in FES: 107
** Event #5745152   t=428.990770036566   Elapsed: 287.448s (4m 47s)  85% completed  (42% total)
     Speed:     ev/sec=16889.6   simsec/sec=1.20636   ev/simsec=14000.5
     Messages:  created: 5612436   present: 1087   in FES: 127
** Event #5783040   t=431.490283679616   Elapsed: 289.45s (4m 49s)  86% completed  (43% total)
     Speed:     ev/sec=18923.4   simsec/sec=1.2484   ev/simsec=15158.1
     Messages:  created: 5648681   present: 1099   in FES: 147
** Event #5816832   t=433.579718798481   Elapsed: 291.458s (4m 51s)  86% completed  (43% total)
     Speed:     ev/sec=16830.7   simsec/sec=1.04068   ev/simsec=16172.8
     Messages:  created: 5680839   present: 1052   in FES: 105
** Event #5853184   t=436.022391085173   Elapsed: 293.459s (4m 53s)  87% completed  (43% total)
     Speed:     ev/sec=18165.3   simsec/sec=1.22062   ev/simsec=14882.1
     Messages:  created: 5717024   present: 1097   in FES: 116
** Event #5891072   t=438.491129989586   Elapsed: 295.462s (4m 55s)  87% completed  (43% total)
     Speed:     ev/sec=18911.3   simsec/sec=1.23224   ev/simsec=15347.1
     Messages:  created: 5754157   present: 1068   in FES: 127
** Event #5925888   t=440.553051116668   Elapsed: 297.479s (4m 57s)  88% completed  (44% total)
     Speed:     ev/sec=17265.8   simsec/sec=1.02254   ev/simsec=16885.2
     Messages:  created: 5788426   present: 1101   in FES: 126
** Event #5959936   t=442.576691153271   Elapsed: 299.49s (4m 59s)  88% completed  (44% total)
     Speed:     ev/sec=16925.8   simsec/sec=1.00598   ev/simsec=16825.1
     Messages:  created: 5821544   present: 1085   in FES: 116
** Event #5997312   t=445.019042583508   Elapsed: 301.494s (5m 01s)  89% completed  (44% total)
     Speed:     ev/sec=18652.5   simsec/sec=1.21886   ev/simsec=15303.3
     Messages:  created: 5858424   present: 1094   in FES: 117
** Event #6035968   t=447.44622174534   Elapsed: 303.5s (5m 03s)  89% completed  (44% total)
     Speed:     ev/sec=19267.6   simsec/sec=1.2098   ev/simsec=15926.3
     Messages:  created: 5895935   present: 1022   in FES: 96
** Event #6072064   t=449.533514104377   Elapsed: 305.505s (5m 05s)  89% completed  (44% total)
     Speed:     ev/sec=18008.5   simsec/sec=1.04136   ev/simsec=17293.2
     Messages:  created: 5931965   present: 1101   in FES: 120
** Event #6107136   t=451.582779178779   Elapsed: 307.526s (5m 07s)  90% completed  (45% total)
     Speed:     ev/sec=17352.6   simsec/sec=1.01392   ev/simsec=17114.4
     Messages:  created: 5966179   present: 1027   in FES: 96
** Event #6141440   t=453.623609733761   Elapsed: 309.544s (5m 09s)  90% completed  (45% total)
     Speed:     ev/sec=17000.5   simsec/sec=1.0114   ev/simsec=16808.8
     Messages:  created: 6000432   present: 1097   in FES: 127
** Event #6182144   t=456.090781984671   Elapsed: 311.55s (5m 11s)  91% completed  (45% total)
     Speed:     ev/sec=20284.9   simsec/sec=1.22952   ev/simsec=16498.2
     Messages:  created: 6041429   present: 1071   in FES: 112
** Event #6222848   t=458.540682878968   Elapsed: 313.562s (5m 13s)  91% completed  (45% total)
     Speed:     ev/sec=20230.8   simsec/sec=1.21765   ev/simsec=16614.5
     Messages:  created: 6083557   present: 1085   in FES: 114
** Event #6257152   t=460.559208655307   Elapsed: 315.567s (5m 15s)  92% completed  (46% total)
     Speed:     ev/sec=17114.9   simsec/sec=1.00708   ev/simsec=16994.6
     Messages:  created: 6117463   present: 1026   in FES: 97
** Event #6292224   t=462.654386404555   Elapsed: 317.57s (5m 17s)  92% completed  (46% total)
     Speed:     ev/sec=17507.4   simsec/sec=1.04588   ev/simsec=16739.4
     Messages:  created: 6152362   present: 1060   in FES: 128
** Event #6332160   t=465.094372820873   Elapsed: 319.576s (5m 19s)  93% completed  (46% total)
     Speed:     ev/sec=19911.8   simsec/sec=1.21656   ev/simsec=16367.3
     Messages:  created: 6192577   present: 1077   in FES: 112
** Event #6372096   t=467.529373385153   Elapsed: 321.593s (5m 21s)  93% completed  (46% total)
     Speed:     ev/sec=19797.9   simsec/sec=1.20713   ev/simsec=16400.8
     Messages:  created: 6234061   present: 1076   in FES: 111
** Event #6408192   t=469.584182156851   Elapsed: 323.616s (5m 23s)  93% completed  (46% total)
     Speed:     ev/sec=17842.1   simsec/sec=1.01568   ev/simsec=17566.6
     Messages:  created: 6270599   present: 1085   in FES: 126
** Event #6447872   t=472.014484126956   Elapsed: 325.623s (5m 25s)  94% completed  (47% total)
     Speed:     ev/sec=19771.5   simsec/sec=1.21096   ev/simsec=16327.2
     Messages:  created: 6311307   present: 1112   in FES: 123
** Event #6488320   t=474.515699082269   Elapsed: 327.631s (5m 27s)  94% completed  (47% total)
     Speed:     ev/sec=20143.5   simsec/sec=1.24563   ev/simsec=16171.3
     Messages:  created: 6351858   present: 1028   in FES: 97
** Event #6525184   t=476.609475578102   Elapsed: 329.655s (5m 29s)  95% completed  (47% total)
     Speed:     ev/sec=18210.9   simsec/sec=1.03433   ev/simsec=17606.5
     Messages:  created: 6388222   present: 1084   in FES: 117
** Event #6568192   t=479.446488189322   Elapsed: 331.658s (5m 31s)  95% completed  (47% total)
     Speed:     ev/sec=21473.7   simsec/sec=1.41651   ev/simsec=15159.6
     Messages:  created: 6433040   present: 1115   in FES: 136
** Event #6606848   t=481.605774070786   Elapsed: 333.671s (5m 33s)  96% completed  (48% total)
     Speed:     ev/sec=19201.3   simsec/sec=1.07257   ev/simsec=17902.2
     Messages:  created: 6472730   present: 1102   in FES: 126
** Event #6651392   t=484.447342595533   Elapsed: 335.675s (5m 35s)  96% completed  (48% total)
     Speed:     ev/sec=22228.7   simsec/sec=1.41802   ev/simsec=15675.8
     Messages:  created: 6519911   present: 1060   in FES: 127
** Event #6689792   t=486.603889026904   Elapsed: 337.676s (5m 37s)  97% completed  (48% total)
     Speed:     ev/sec=19188.3   simsec/sec=1.07762   ev/simsec=17806.2
     Messages:  created: 6559433   present: 1101   in FES: 122
** Event #6733824   t=489.519797387295   Elapsed: 339.68s (5m 39s)  97% completed  (48% total)
     Speed:     ev/sec=21977.8   simsec/sec=1.45543   ev/simsec=15100.6
     Messages:  created: 6605520   present: 1034   in FES: 97
** Event #6773760   t=492.022391462198   Elapsed: 341.683s (5m 41s)  98% completed  (49% total)
     Speed:     ev/sec=19936.7   simsec/sec=1.24934   ev/simsec=15957.8
     Messages:  created: 6646210   present: 1090   in FES: 113
** Event #6813440   t=494.52915465798   Elapsed: 343.69s (5m 43s)  98% completed  (49% total)
     Speed:     ev/sec=19766   simsec/sec=1.24871   ev/simsec=15829.2
     Messages:  created: 6686719   present: 1071   in FES: 110
** Event #6852096   t=497.014484440676   Elapsed: 345.694s (5m 45s)  99% completed  (49% total)
     Speed:     ev/sec=19292.1   simsec/sec=1.24036   ev/simsec=15553.7
     Messages:  created: 6726445   present: 1113   in FES: 122
** Event #6890496   t=499.536705494527   Elapsed: 347.708s (5m 47s)  99% completed  (49% total)
     Speed:     ev/sec=19068.7   simsec/sec=1.25249   ev/simsec=15224.7
     Messages:  created: 6764219   present: 1204   in FES: 154
** Event #6895279   t=500   Elapsed: 348.029s (5m 48s)  100% completed  (50% total)
     Speed:     ev/sec=14904.4   simsec/sec=1.43643   ev/simsec=10376
     Messages:  created: 6769270   present: 1025   in FES: 96

<!> Simulation time limit reached -- at t=500s, event #6895279
undisposed object: (omnetpp::cMessage) FanetStressNetwork.uav[0].app.debugTimer -- check module destructor
undisposed object: (omnetpp::cMessage) FanetStressNetwork.uav[1].app.debugTimer -- check module destructor
undisposed object: (omnetpp::cMessage) FanetStressNetwork.uav[2].app.debugTimer -- check module destructor
undisposed object: (omnetpp::cMessage) FanetStressNetwork.uav[3].app.debugTimer -- check module destructor
undisposed object: (omnetpp::cMessage) FanetStressNetwork.uav[4].app.debugTimer -- check module destructor
undisposed object: (omnetpp::cMessage) FanetStressNetwork.uav[5].app.debugTimer -- check module destructor
undisposed object: (omnetpp::cMessage) FanetStressNetwork.uav[6].app.debugTimer -- check module destructor
undisposed object: (omnetpp::cMessage) FanetStressNetwork.uav[7].app.debugTimer -- check module destructor
undisposed object: (omnetpp::cMessage) FanetStressNetwork.uav[8].app.debugTimer -- check module destructor
undisposed object: (omnetpp::cMessage) FanetStressNetwork.uav[9].app.debugTimer -- check module destructor
undisposed object: (omnetpp::cMessage) FanetStressNetwork.uav[10].app.debugTimer -- check module destructor
undisposed object: (omnetpp::cMessage) FanetStressNetwork.uav[11].app.debugTimer -- check module destructor
undisposed object: (omnetpp::cMessage) FanetStressNetwork.uav[12].app.debugTimer -- check module destructor
undisposed object: (omnetpp::cMessage) FanetStressNetwork.uav[13].app.debugTimer -- check module destructor
undisposed object: (omnetpp::cMessage) FanetStressNetwork.uav[14].app.debugTimer -- check module destructor
undisposed object: (omnetpp::cMessage) FanetStressNetwork.uav[15].app.debugTimer -- check module destructor
undisposed object: (omnetpp::cMessage) FanetStressNetwork.uav[16].app.debugTimer -- check module destructor
undisposed object: (omnetpp::cMessage) FanetStressNetwork.uav[17].app.debugTimer -- check module destructor
undisposed object: (omnetpp::cMessage) FanetStressNetwork.uav[18].app.debugTimer -- check module destructor
undisposed object: (omnetpp::cMessage) FanetStressNetwork.uav[19].app.debugTimer -- check module destructor
undisposed object: (omnetpp::cMessage) FanetStressNetwork.uav[20].app.debugTimer -- check module destructor
undisposed object: (omnetpp::cMessage) FanetStressNetwork.uav[21].app.debugTimer -- check module destructor
undisposed object: (omnetpp::cMessage) FanetStressNetwork.uav[22].app.debugTimer -- check module destructor
undisposed object: (omnetpp::cMessage) FanetStressNetwork.uav[23].app.debugTimer -- check module destructor
undisposed object: (omnetpp::cMessage) FanetStressNetwork.uav[24].app.debugTimer -- check module destructor
undisposed object: (omnetpp::cMessage) FanetStressNetwork.uav[25].app.debugTimer -- check module destructor
undisposed object: (omnetpp::cMessage) FanetStressNetwork.uav[26].app.debugTimer -- check module destructor
undisposed object: (omnetpp::cMessage) FanetStressNetwork.uav[27].app.debugTimer -- check module destructor
undisposed object: (omnetpp::cMessage) FanetStressNetwork.uav[28].app.debugTimer -- check module destructor
undisposed object: (omnetpp::cMessage) FanetStressNetwork.uav[29].app.debugTimer -- check module destructor
