** Event #0   t=0   Elapsed: 9e-06s (0m 00s)  0% completed  (50% total)
     Speed:     ev/sec=0   simsec/sec=0   ev/simsec=0
     Messages:  created: 1081   present: 1081   in FES: 161
** Event #45312   t=5.06183628002   Elapsed: 2.00551s (0m 02s)  1% completed  (50% total)
     Speed:     ev/sec=22594.4   simsec/sec=2.52398   ev/simsec=8951.89
     Messages:  created: 39611   present: 1122   in FES: 126
** Event #80896   t=9.055991143111   Elapsed: 4.00915s (0m 04s)  1% completed  (50% total)
     Speed:     ev/sec=17759.7   simsec/sec=1.99345   ev/simsec=8909.02
     Messages:  created: 68742   present: 1107   in FES: 122
** Event #116992   t=13.0611645304   Elapsed: 6.01293s (0m 06s)  2% completed  (51% total)
     Speed:     ev/sec=18013.9   simsec/sec=1.99881   ev/simsec=9012.34
     Messages:  created: 98604   present: 1076   in FES: 111
** Event #154880   t=17.520268740102   Elapsed: 8.02059s (0m 08s)  3% completed  (51% total)
     Speed:     ev/sec=18871.7   simsec/sec=2.22104   ev/simsec=8496.77
     Messages:  created: 129956   present: 1089   in FES: 118
** Event #191488   t=21.537500537567   Elapsed: 10.0209s (0m 10s)  4% completed  (52% total)
     Speed:     ev/sec=18301.1   simsec/sec=2.00829   ev/simsec=9112.74
     Messages:  created: 160353   present: 1069   in FES: 110
** Event #227840   t=25.573712807403   Elapsed: 12.0312s (0m 12s)  5% completed  (52% total)
     Speed:     ev/sec=18083.1   simsec/sec=2.00779   ev/simsec=9006.46
     Messages:  created: 190400   present: 1069   in FES: 110
** Event #267008   t=30.061869187076   Elapsed: 14.0371s (0m 14s)  6% completed  (53% total)
     Speed:     ev/sec=19526.1   simsec/sec=2.23745   ev/simsec=8726.97
     Messages:  created: 223106   present: 1072   in FES: 109
** Event #306432   t=34.575807569256   Elapsed: 16.0464s (0m 16s)  6% completed  (53% total)
     Speed:     ev/sec=19620.6   simsec/sec=2.2465   ev/simsec=8733.84
     Messages:  created: 256413   present: 1100   in FES: 117
** Event #348416   t=39.581854425423   Elapsed: 18.0476s (0m 18s)  7% completed  (53% total)
     Speed:     ev/sec=20980.3   simsec/sec=2.50163   ev/simsec=8386.66
     Messages:  created: 292150   present: 1070   in FES: 111
** Event #390400   t=44.589323915606   Elapsed: 20.0634s (0m 20s)  8% completed  (54% total)
     Speed:     ev/sec=20827.2   simsec/sec=2.48407   ev/simsec=8384.27
     Messages:  created: 328393   present: 1108   in FES: 121
** Event #434432   t=50.061164190237   Elapsed: 22.0675s (0m 22s)  10% completed  (55% total)
     Speed:     ev/sec=21970.5   simsec/sec=2.73027   ev/simsec=8047.02
     Messages:  created: 366314   present: 1192   in FES: 149
** Event #475904   t=55.059748148388   Elapsed: 24.0696s (0m 24s)  11% completed  (55% total)
     Speed:     ev/sec=20714.7   simsec/sec=2.49672   ev/simsec=8296.75
     Messages:  created: 401873   present: 1105   in FES: 126
** Event #520448   t=60.524297703003   Elapsed: 26.0868s (0m 26s)  12% completed  (56% total)
     Speed:     ev/sec=22082   simsec/sec=2.70897   ev/simsec=8151.45
     Messages:  created: 440225   present: 1112   in FES: 125
** Event #561408   t=65.077959777228   Elapsed: 28.0883s (0m 28s)  13% completed  (56% total)
     Speed:     ev/sec=20464.2   simsec/sec=2.27507   ev/simsec=8994.96
     Messages:  created: 475137   present: 1073   in FES: 110
** Event #600320   t=70.014393892629   Elapsed: 30.0919s (0m 30s)  14% completed  (57% total)
     Speed:     ev/sec=19421.4   simsec/sec=2.46383   ev/simsec=7882.61
     Messages:  created: 508538   present: 1111   in FES: 124
** Event #645888   t=75.527477584145   Elapsed: 32.0984s (0m 32s)  15% completed  (57% total)
     Speed:     ev/sec=22710.5   simsec/sec=2.74765   ev/simsec=8265.43
     Messages:  created: 547821   present: 1049   in FES: 102
** Event #689152   t=80.571477060017   Elapsed: 34.1159s (0m 34s)  16% completed  (58% total)
     Speed:     ev/sec=21444   simsec/sec=2.50008   ev/simsec=8577.32
     Messages:  created: 585054   present: 1088   in FES: 113
** Event #732160   t=85.598049457045   Elapsed: 36.1331s (0m 36s)  17% completed  (58% total)
     Speed:     ev/sec=21320.2   simsec/sec=2.49181   ev/simsec=8556.13
     Messages:  created: 621885   present: 1089   in FES: 126
** Event #775680   t=91.05599086005   Elapsed: 38.1396s (0m 38s)  18% completed  (59% total)
     Speed:     ev/sec=21689.9   simsec/sec=2.72018   ev/simsec=7973.7
     Messages:  created: 659204   present: 1114   in FES: 125
** Event #818688   t=96.086767930964   Elapsed: 40.1438s (0m 40s)  19% completed  (59% total)
     Speed:     ev/sec=21459.1   simsec/sec=2.51013   ev/simsec=8548.98
     Messages:  created: 696364   present: 1068   in FES: 109
** Event #864000   t=101.055994070578   Elapsed: 42.1493s (0m 42s)  20% completed  (60% total)
     Speed:     ev/sec=22593.4   simsec/sec=2.47775   ev/simsec=9118.52
     Messages:  created: 738775   present: 1029   in FES: 96
** Event #916992   t=104.580613869318   Elapsed: 44.1639s (0m 44s)  20% completed  (60% total)
     Speed:     ev/sec=26304.7   simsec/sec=1.74959   ev/simsec=15034.8
     Messages:  created: 796725   present: 1099   in FES: 118
** Event #973568   t=108.517439518764   Elapsed: 46.1715s (0m 46s)  21% completed  (60% total)
     Speed:     ev/sec=28181.2   simsec/sec=1.96098   ev/simsec=14371
     Messages:  created: 858623   present: 1071   in FES: 107
** Event #1026560   t=111.888445614012   Elapsed: 48.1752s (0m 48s)  22% completed  (61% total)
     Speed:     ev/sec=26446.9   simsec/sec=1.68238   ev/simsec=15719.9
     Messages:  created: 917296   present: 1021   in FES: 95
** Event #1082624   t=115.413623159652   Elapsed: 50.1807s (0m 50s)  23% completed  (61% total)
     Speed:     ev/sec=27954.1   simsec/sec=1.75769   ev/simsec=15903.9
     Messages:  created: 979569   present: 1104   in FES: 127
** Event #1135360   t=118.098105749934   Elapsed: 52.1891s (0m 52s)  23% completed  (61% total)
     Speed:     ev/sec=26257.9   simsec/sec=1.33664   ev/simsec=19644.8
     Messages:  created: 1039886   present: 1047   in FES: 102
** Event #1186048   t=121.01433950658   Elapsed: 54.196s (0m 54s)  24% completed  (62% total)
     Speed:     ev/sec=25257.1   simsec/sec=1.45312   ev/simsec=17381.3
     Messages:  created: 1098558   present: 1034   in FES: 97
** Event #1235968   t=123.931763358644   Elapsed: 56.2009s (0m 56s)  24% completed  (62% total)
     Speed:     ev/sec=24898.6   simsec/sec=1.45512   ev/simsec=17111
     Messages:  created: 1154203   present: 1093   in FES: 126
** Event #1289216   t=127.070434089502   Elapsed: 58.2026s (0m 58s)  25% completed  (62% total)
     Speed:     ev/sec=26602.3   simsec/sec=1.56805   ev/simsec=16965.1
     Messages:  created: 1212491   present: 1055   in FES: 104
** Event #1336576   t=130.025841896231   Elapsed: 60.2048s (1m 00s)  26% completed  (63% total)
     Speed:     ev/sec=23653.7   simsec/sec=1.47606   ev/simsec=16024.9
     Messages:  created: 1263990   present: 1110   in FES: 125
** Event #1387776   t=132.930692431082   Elapsed: 62.206s (1m 02s)  26% completed  (63% total)
     Speed:     ev/sec=25584.8   simsec/sec=1.45156   ev/simsec=17625.7
     Messages:  created: 1319766   present: 1061   in FES: 124
** Event #1436672   t=135.597756113407   Elapsed: 64.2189s (1m 04s)  27% completed  (63% total)
     Speed:     ev/sec=24291.2   simsec/sec=1.32498   ev/simsec=18333.3
     Messages:  created: 1372136   present: 1102   in FES: 127
** Event #1484800   t=138.51418780969   Elapsed: 66.229s (1m 06s)  27% completed  (63% total)
     Speed:     ev/sec=23942.9   simsec/sec=1.45088   ev/simsec=16502.4
     Messages:  created: 1424421   present: 1102   in FES: 117
** Event #1525248   t=141.012419965867   Elapsed: 68.233s (1m 08s)  28% completed  (64% total)
     Speed:     ev/sec=20183.6   simsec/sec=1.24662   ev/simsec=16190.6
     Messages:  created: 1467318   present: 1106   in FES: 121
** Event #1569024   t=143.761484766586   Elapsed: 70.2361s (1m 10s)  28% completed  (64% total)
     Speed:     ev/sec=21854.4   simsec/sec=1.37242   ev/simsec=15924
     Messages:  created: 1512952   present: 1117   in FES: 137
** Event #1620480   t=146.563112379639   Elapsed: 72.2471s (1m 12s)  29% completed  (64% total)
     Speed:     ev/sec=25587.2   simsec/sec=1.39315   ev/simsec=18366.5
     Messages:  created: 1570604   present: 1111   in FES: 126
** Event #1668608   t=149.512777039615   Elapsed: 74.2519s (1m 14s)  29% completed  (64% total)
     Speed:     ev/sec=24006.9   simsec/sec=1.47133   ev/simsec=16316.4
     Messages:  created: 1623548   present: 1095   in FES: 142
** Event #1711616   t=152.005233019426   Elapsed: 76.2536s (1m 16s)  30% completed  (65% total)
     Speed:     ev/sec=21485.3   simsec/sec=1.24514   ev/simsec=17255.3
     Messages:  created: 1669781   present: 1095   in FES: 114
** Event #1758208   t=154.761516865184   Elapsed: 78.2608s (1m 18s)  30% completed  (65% total)
     Speed:     ev/sec=23212.8   simsec/sec=1.37322   ev/simsec=16903.9
     Messages:  created: 1719254   present: 1098   in FES: 127
** Event #1803776   t=157.573540126129   Elapsed: 80.2756s (1m 20s)  31% completed  (65% total)
     Speed:     ev/sec=22616.4   simsec/sec=1.39567   ev/simsec=16204.7
     Messages:  created: 1768123   present: 1095   in FES: 120
** Event #1851904   t=160.511830527335   Elapsed: 82.2795s (1m 22s)  32% completed  (66% total)
     Speed:     ev/sec=24016.7   simsec/sec=1.46626   ev/simsec=16379.6
     Messages:  created: 1819517   present: 1070   in FES: 127
** Event #1900800   t=163.248273141082   Elapsed: 84.2803s (1m 24s)  32% completed  (66% total)
     Speed:     ev/sec=24437.9   simsec/sec=1.36766   ev/simsec=17868.5
     Messages:  created: 1871764   present: 1100   in FES: 126
** Event #1946112   t=165.997205558385   Elapsed: 86.2823s (1m 26s)  33% completed  (66% total)
     Speed:     ev/sec=22634.2   simsec/sec=1.37315   ev/simsec=16483.5
     Messages:  created: 1921862   present: 1103   in FES: 124
** Event #1993728   t=168.573813672349   Elapsed: 88.306s (1m 28s)  33% completed  (66% total)
     Speed:     ev/sec=23528.7   simsec/sec=1.27319   ev/simsec=18480.1
     Messages:  created: 1972556   present: 1116   in FES: 123
** Event #2033920   t=171.052365206496   Elapsed: 90.3099s (1m 30s)  34% completed  (67% total)
     Speed:     ev/sec=20056.8   simsec/sec=1.23686   ev/simsec=16215.9
     Messages:  created: 2014982   present: 1104   in FES: 123
** Event #2076160   t=173.58169399104   Elapsed: 92.3236s (1m 32s)  34% completed  (67% total)
     Speed:     ev/sec=20977.1   simsec/sec=1.2561   ev/simsec=16700.1
     Messages:  created: 2058201   present: 1073   in FES: 110
** Event #2123008   t=176.498084148263   Elapsed: 94.3307s (1m 34s)  35% completed  (67% total)
     Speed:     ev/sec=23340.2   simsec/sec=1.45298   ev/simsec=16063.7
     Messages:  created: 2108068   present: 1042   in FES: 101
** Event #2161664   t=178.663011850489   Elapsed: 96.3345s (1m 36s)  35% completed  (67% total)
     Speed:     ev/sec=19291.6   simsec/sec=1.08043   ev/simsec=17855.6
     Messages:  created: 2148398   present: 1060   in FES: 109
** Event #2209792   t=181.57742245504   Elapsed: 98.3372s (1m 38s)  36% completed  (68% total)
     Speed:     ev/sec=24031.7   simsec/sec=1.45525   ev/simsec=16513.8
     Messages:  created: 2199881   present: 1081   in FES: 112
** Event #2257920   t=184.511472652886   Elapsed: 100.342s (1m 40s)  36% completed  (68% total)
     Speed:     ev/sec=24005.2   simsec/sec=1.46344   ev/simsec=16403.3
     Messages:  created: 2252029   present: 1090   in FES: 127
** Event #2301952   t=187.071532544087   Elapsed: 102.345s (1m 42s)  37% completed  (68% total)
     Speed:     ev/sec=21985   simsec/sec=1.27823   ev/simsec=17199.6
     Messages:  created: 2298225   present: 1101   in FES: 126
** Event #2343680   t=189.585803633457   Elapsed: 104.346s (1m 44s)  37% completed  (68% total)
     Speed:     ev/sec=20854.2   simsec/sec=1.25654   ev/simsec=16596.5
     Messages:  created: 2342125   present: 1029   in FES: 96
** Event #2391040   t=192.583433372954   Elapsed: 106.366s (1m 46s)  38% completed  (69% total)
     Speed:     ev/sec=23439   simsec/sec=1.48356   ev/simsec=15799.1
     Messages:  created: 2392103   present: 1089   in FES: 126
** Event #2436864   t=195.568184971105   Elapsed: 108.37s (1m 48s)  39% completed  (69% total)
     Speed:     ev/sec=22868.4   simsec/sec=1.48953   ev/simsec=15352.7
     Messages:  created: 2440604   present: 1115   in FES: 124
** Event #2484992   t=198.563047434199   Elapsed: 110.384s (1m 50s)  39% completed  (69% total)
     Speed:     ev/sec=23897.7   simsec/sec=1.48708   ev/simsec=16070.2
     Messages:  created: 2491238   present: 1094   in FES: 119
** Event #2528256   t=201.097765845294   Elapsed: 112.393s (1m 52s)  40% completed  (70% total)
     Speed:     ev/sec=21538.6   simsec/sec=1.26189   ev/simsec=17068.6
     Messages:  created: 2535596   present: 1031   in FES: 113
** Event #2569216   t=203.662975931487   Elapsed: 114.393s (1m 54s)  40% completed  (70% total)
     Speed:     ev/sec=20475   simsec/sec=1.28229   ev/simsec=15967.5
     Messages:  created: 2578701   present: 1028   in FES: 117
** Event #2612480   t=206.507989032755   Elapsed: 116.395s (1m 56s)  41% completed  (70% total)
     Speed:     ev/sec=21609.5   simsec/sec=1.42103   ev/simsec=15207
     Messages:  created: 2624641   present: 1098   in FES: 121
** Event #2651648   t=209.011472255659   Elapsed: 118.396s (1m 58s)  41% completed  (70% total)
     Speed:     ev/sec=19582.3   simsec/sec=1.25163   ev/simsec=15645.4
     Messages:  created: 2665031   present: 1109   in FES: 127
** Event #2692096   t=211.593989079875   Elapsed: 120.41s (2m 00s)  42% completed  (71% total)
     Speed:     ev/sec=20074.2   simsec/sec=1.28169   ev/simsec=15662.2
     Messages:  created: 2706649   present: 1095   in FES: 120
** Event #2734080   t=214.564920288911   Elapsed: 122.414s (2m 02s)  42% completed  (71% total)
     Speed:     ev/sec=20952.6   simsec/sec=1.48268   ev/simsec=14131.6
     Messages:  created: 2749966   present: 1081   in FES: 114
** Event #2776064   t=217.560439189691   Elapsed: 124.423s (2m 04s)  43% completed  (71% total)
     Speed:     ev/sec=20902.4   simsec/sec=1.49137   ev/simsec=14015.6
     Messages:  created: 2793117   present: 1088   in FES: 117
** Event #2820096   t=220.597757851862   Elapsed: 126.437s (2m 06s)  44% completed  (72% total)
     Speed:     ev/sec=21862.3   simsec/sec=1.50805   ev/simsec=14497
     Messages:  created: 2838135   present: 1060   in FES: 116
** Event #2862592   t=223.597533605294   Elapsed: 128.454s (2m 08s)  44% completed  (72% total)
     Speed:     ev/sec=21068.6   simsec/sec=1.48722   ev/simsec=14166.4
     Messages:  created: 2881612   present: 1026   in FES: 97
** Event #2910208   t=227.071696599512   Elapsed: 130.456s (2m 10s)  45% completed  (72% total)
     Speed:     ev/sec=23778.6   simsec/sec=1.73493   ev/simsec=13705.7
     Messages:  created: 2930737   present: 1104   in FES: 126
** Event #2956544   t=230.43210913432   Elapsed: 132.463s (2m 12s)  46% completed  (73% total)
     Speed:     ev/sec=23087.3   simsec/sec=1.67436   ev/simsec=13788.8
     Messages:  created: 2978719   present: 1121   in FES: 135
** Event #3001600   t=233.579799319616   Elapsed: 134.474s (2m 14s)  46% completed  (73% total)
     Speed:     ev/sec=22414.3   simsec/sec=1.5659   ev/simsec=14314
     Messages:  created: 3024323   present: 1062   in FES: 105
** Event #3049984   t=237.086767329608   Elapsed: 136.483s (2m 16s)  47% completed  (73% total)
     Speed:     ev/sec=24081.6   simsec/sec=1.74549   ev/simsec=13796.5
     Messages:  created: 3074134   present: 1086   in FES: 115
** Event #3094784   t=240.536331021876   Elapsed: 138.487s (2m 18s)  48% completed  (74% total)
     Speed:     ev/sec=22348   simsec/sec=1.72078   ev/simsec=12987.1
     Messages:  created: 3121036   present: 1096   in FES: 126
** Event #3143936   t=243.997206819068   Elapsed: 140.488s (2m 20s)  48% completed  (74% total)
     Speed:     ev/sec=24570   simsec/sec=1.73002   ev/simsec=14202.2
     Messages:  created: 3173340   present: 1055   in FES: 106
** Event #3194624   t=247.597787412572   Elapsed: 142.488s (2m 22s)  49% completed  (74% total)
     Speed:     ev/sec=25343.1   simsec/sec=1.80023   ev/simsec=14077.7
     Messages:  created: 3226470   present: 1086   in FES: 120
** Event #3243520   t=251.097967939015   Elapsed: 144.499s (2m 24s)  50% completed  (75% total)
     Speed:     ev/sec=24318   simsec/sec=1.74078   ev/simsec=13969.6
     Messages:  created: 3277742   present: 1030   in FES: 97
** Event #3289856   t=254.573601460078   Elapsed: 146.509s (2m 26s)  50% completed  (75% total)
     Speed:     ev/sec=23046.7   simsec/sec=1.72872   ev/simsec=13331.7
     Messages:  created: 3326340   present: 1094   in FES: 119
** Event #3335936   t=257.734841569178   Elapsed: 148.511s (2m 28s)  51% completed  (75% total)
     Speed:     ev/sec=23023   simsec/sec=1.57945   ev/simsec=14576.6
     Messages:  created: 3375337   present: 1021   in FES: 95
** Event #3385600   t=261.506023386686   Elapsed: 150.515s (2m 30s)  52% completed  (76% total)
     Speed:     ev/sec=24783.4   simsec/sec=1.8819   ev/simsec=13169.3
     Messages:  created: 3427277   present: 1097   in FES: 126
** Event #3426048   t=264.539950892976   Elapsed: 152.518s (2m 32s)  52% completed  (76% total)
     Speed:     ev/sec=20186.3   simsec/sec=1.51413   ev/simsec=13331.9
     Messages:  created: 3466509   present: 1059   in FES: 106
** Event #3466496   t=267.582548996245   Elapsed: 154.52s (2m 34s)  53% completed  (76% total)
     Speed:     ev/sec=20205.1   simsec/sec=1.51988   ev/simsec=13293.9
     Messages:  created: 3505884   present: 1053   in FES: 104
** Event #3505152   t=270.562366433575   Elapsed: 156.536s (2m 36s)  54% completed  (77% total)
     Speed:     ev/sec=19176.4   simsec/sec=1.47822   ev/simsec=12972.6
     Messages:  created: 3542997   present: 1024   in FES: 97
** Event #3546112   t=273.555367425918   Elapsed: 158.539s (2m 38s)  54% completed  (77% total)
     Speed:     ev/sec=20445.7   simsec/sec=1.494   ev/simsec=13685.3
     Messages:  created: 3582787   present: 1091   in FES: 126
** Event #3586304   t=276.084902599782   Elapsed: 160.54s (2m 40s)  55% completed  (77% total)
     Speed:     ev/sec=20086.9   simsec/sec=1.26419   ev/simsec=15889.1
     Messages:  created: 3623358   present: 1101   in FES: 126
** Event #3630592   t=279.077958726633   Elapsed: 162.541s (2m 42s)  55% completed  (77% total)
     Speed:     ev/sec=22139.7   simsec/sec=1.49624   ev/simsec=14796.9
     Messages:  created: 3669142   present: 1098   in FES: 119
** Event #3678720   t=282.347767163424   Elapsed: 164.541s (2m 44s)  56% completed  (78% total)
     Speed:     ev/sec=24063.7   simsec/sec=1.63488   ev/simsec=14718.9
     Messages:  created: 3720920   present: 1027   in FES: 105
** Event #3724032   t=285.248069842078   Elapsed: 166.545s (2m 46s)  57% completed  (78% total)
     Speed:     ev/sec=22608.8   simsec/sec=1.44713   ev/simsec=15623.2
     Messages:  created: 3769022   present: 1095   in FES: 142
** Event #3766528   t=287.584593156431   Elapsed: 168.547s (2m 48s)  57% completed  (78% total)
     Speed:     ev/sec=21224.9   simsec/sec=1.16699   ev/simsec=18187.7
     Messages:  created: 3815226   present: 1113   in FES: 124
** Event #3812096   t=290.59753660356   Elapsed: 170.552s (2m 50s)  58% completed  (79% total)
     Speed:     ev/sec=22722.3   simsec/sec=1.50239   ev/simsec=15124.1
     Messages:  created: 3862565   present: 1110   in FES: 126
** Event #3854592   t=293.576208969527   Elapsed: 172.567s (2m 52s)  58% completed  (79% total)
     Speed:     ev/sec=21098.9   simsec/sec=1.47889   ev/simsec=14266.8
     Messages:  created: 3905742   present: 1096   in FES: 117
** Event #3896832   t=296.561117355336   Elapsed: 174.572s (2m 54s)  59% completed  (79% total)
     Speed:     ev/sec=21064.3   simsec/sec=1.48852   ev/simsec=14151.2
     Messages:  created: 3948566   present: 1065   in FES: 110
** Event #3941120   t=299.571434572233   Elapsed: 176.575s (2m 56s)  59% completed  (79% total)
     Speed:     ev/sec=22108.8   simsec/sec=1.50277   ev/simsec=14712.1
     Messages:  created: 3993058   present: 1102   in FES: 126
** Event #3983872   t=302.551080170349   Elapsed: 178.596s (2m 58s)  60% completed  (80% total)
     Speed:     ev/sec=21151.6   simsec/sec=1.47418   ev/simsec=14348
     Messages:  created: 4036022   present: 1113   in FES: 126
** Event #4024576   t=305.097455103291   Elapsed: 180.601s (3m 00s)  61% completed  (80% total)
     Speed:     ev/sec=20307.6   simsec/sec=1.27041   ev/simsec=15985.1
     Messages:  created: 4076879   present: 1094   in FES: 126
** Event #4066816   t=308.067617430518   Elapsed: 182.602s (3m 02s)  61% completed  (80% total)
     Speed:     ev/sec=21103.1   simsec/sec=1.48389   ev/simsec=14221.4
     Messages:  created: 4119741   present: 1118   in FES: 125
** Event #4107776   t=310.930735674921   Elapsed: 184.608s (3m 04s)  62% completed  (81% total)
     Speed:     ev/sec=20417.8   simsec/sec=1.42721   ev/simsec=14306.1
     Messages:  created: 4160763   present: 1099   in FES: 123
** Event #4147456   t=313.561503238205   Elapsed: 186.618s (3m 06s)  62% completed  (81% total)
     Speed:     ev/sec=19744.3   simsec/sec=1.30904   ev/simsec=15083.1
     Messages:  created: 4200140   present: 1070   in FES: 111
** Event #4186112   t=316.071586203933   Elapsed: 188.619s (3m 08s)  63% completed  (81% total)
     Speed:     ev/sec=19317.1   simsec/sec=1.25434   ev/simsec=15400.3
     Messages:  created: 4238623   present: 1091   in FES: 116
** Event #4224000   t=318.606150842553   Elapsed: 190.63s (3m 10s)  63% completed  (81% total)
     Speed:     ev/sec=18844.7   simsec/sec=1.26064   ev/simsec=14948.5
     Messages:  created: 4276224   present: 1033   in FES: 96
** Event #4265472   t=321.563418788739   Elapsed: 192.646s (3m 12s)  64% completed  (82% total)
     Speed:     ev/sec=20563.9   simsec/sec=1.46636   ev/simsec=14023.8
     Messages:  created: 4317854   present: 1113   in FES: 125
** Event #4305920   t=324.52722874188   Elapsed: 194.665s (3m 14s)  64% completed  (82% total)
     Speed:     ev/sec=20040.9   simsec/sec=1.46849   ev/simsec=13647.3
     Messages:  created: 4357870   present: 1029   in FES: 96
** Event #4345856   t=327.511516659226   Elapsed: 196.667s (3m 16s)  65% completed  (82% total)
     Speed:     ev/sec=19941.4   simsec/sec=1.49016   ev/simsec=13382.1
     Messages:  created: 4398035   present: 1113   in FES: 132
** Event #4387584   t=330.526868597271   Elapsed: 198.682s (3m 18s)  66% completed  (83% total)
     Speed:     ev/sec=20713.1   simsec/sec=1.49677   ev/simsec=13838.5
     Messages:  created: 4439759   present: 1081   in FES: 114
** Event #4430080   t=333.564278478867   Elapsed: 200.689s (3m 20s)  66% completed  (83% total)
     Speed:     ev/sec=21167.8   simsec/sec=1.51298   ev/simsec=13990.9
     Messages:  created: 4481925   present: 1109   in FES: 122
** Event #4473600   t=336.663009282097   Elapsed: 202.701s (3m 22s)  67% completed  (83% total)
     Speed:     ev/sec=21630.4   simsec/sec=1.54014   ev/simsec=14044.5
     Messages:  created: 4525163   present: 1111   in FES: 138
** Event #4517888   t=339.996940184255   Elapsed: 204.702s (3m 24s)  67% completed  (83% total)
     Speed:     ev/sec=22143   simsec/sec=1.66689   ev/simsec=13284
     Messages:  created: 4570285   present: 1110   in FES: 126
** Event #4561920   t=343.071811667269   Elapsed: 206.71s (3m 26s)  68% completed  (84% total)
     Speed:     ev/sec=21924.9   simsec/sec=1.53107   ev/simsec=14319.9
     Messages:  created: 4613947   present: 1062   in FES: 107
** Event #4604416   t=346.347801873387   Elapsed: 208.711s (3m 28s)  69% completed  (84% total)
     Speed:     ev/sec=21232.8   simsec/sec=1.63682   ev/simsec=12972
     Messages:  created: 4657014   present: 1070   in FES: 111
** Event #4645888   t=349.565881296179   Elapsed: 210.713s (3m 30s)  69% completed  (84% total)
     Speed:     ev/sec=20722.1   simsec/sec=1.60796   ev/simsec=12887.2
     Messages:  created: 4698055   present: 1058   in FES: 107
** Event #4684544   t=352.557099728303   Elapsed: 212.72s (3m 32s)  70% completed  (85% total)
     Speed:     ev/sec=19259.5   simsec/sec=1.49031   ev/simsec=12923.2
     Messages:  created: 4735617   present: 1059   in FES: 108
** Event #4726272   t=355.608537137853   Elapsed: 214.729s (3m 34s)  71% completed  (85% total)
     Speed:     ev/sec=20771.2   simsec/sec=1.51893   ev/simsec=13674.9
     Messages:  created: 4776180   present: 1097   in FES: 120
** Event #4772608   t=358.532385147289   Elapsed: 216.734s (3m 36s)  71% completed  (85% total)
     Speed:     ev/sec=23107.6   simsec/sec=1.45811   ev/simsec=15847.6
     Messages:  created: 4826119   present: 1024   in FES: 96
** Event #4811520   t=361.533386992612   Elapsed: 218.753s (3m 38s)  72% completed  (86% total)
     Speed:     ev/sec=19274.8   simsec/sec=1.48653   ev/simsec=12966.3
     Messages:  created: 4864114   present: 1110   in FES: 126
** Event #4850432   t=364.540199676696   Elapsed: 220.758s (3m 40s)  72% completed  (86% total)
     Speed:     ev/sec=19404.4   simsec/sec=1.49942   ev/simsec=12941.3
     Messages:  created: 4901928   present: 1106   in FES: 123
** Event #4890112   t=367.564908344478   Elapsed: 222.771s (3m 42s)  73% completed  (86% total)
     Speed:     ev/sec=19707.4   simsec/sec=1.50225   ev/simsec=13118.6
     Messages:  created: 4940291   present: 1081   in FES: 114
** Event #4929536   t=370.571646568147   Elapsed: 224.789s (3m 44s)  74% completed  (87% total)
     Speed:     ev/sec=19538.9   simsec/sec=1.49017   ev/simsec=13111.9
     Messages:  created: 4978511   present: 1062   in FES: 105
** Event #4974848   t=374.098105650527   Elapsed: 226.798s (3m 46s)  74% completed  (87% total)
     Speed:     ev/sec=22559.3   simsec/sec=1.7557   ev/simsec=12849.1
     Messages:  created: 5023170   present: 1079   in FES: 112
** Event #5015808   t=377.516175725275   Elapsed: 228.803s (3m 48s)  75% completed  (87% total)
     Speed:     ev/sec=20429.3   simsec/sec=1.70481   ev/simsec=11983.4
     Messages:  created: 5063418   present: 1107   in FES: 120
** Event #5055744   t=380.52739552696   Elapsed: 230.809s (3m 50s)  76% completed  (88% total)
     Speed:     ev/sec=19907.9   simsec/sec=1.50108   ev/simsec=13262.4
     Messages:  created: 5102149   present: 1092   in FES: 126
** Event #5100032   t=382.747172430236   Elapsed: 232.813s (3m 52s)  76% completed  (88% total)
     Speed:     ev/sec=22100.4   simsec/sec=1.1077   ev/simsec=19951.6
     Messages:  created: 5150309   present: 1111   in FES: 145
** Event #5145088   t=386.071911300708   Elapsed: 234.815s (3m 54s)  77% completed  (88% total)
     Speed:     ev/sec=22504.9   simsec/sec=1.66067   ev/simsec=13551.7
     Messages:  created: 5195180   present: 1090   in FES: 115
** Event #5189376   t=389.52543845871   Elapsed: 236.816s (3m 56s)  77% completed  (88% total)
     Speed:     ev/sec=22125   simsec/sec=1.72528   ev/simsec=12824
     Messages:  created: 5239770   present: 1102   in FES: 121
** Event #5230592   t=392.515347682207   Elapsed: 238.83s (3m 58s)  78% completed  (89% total)
     Speed:     ev/sec=20473.8   simsec/sec=1.48522   ev/simsec=13785
     Messages:  created: 5280557   present: 1092   in FES: 115
** Event #5268480   t=395.07158611716   Elapsed: 240.833s (4m 00s)  79% completed  (89% total)
     Speed:     ev/sec=18912.7   simsec/sec=1.27601   ev/simsec=14821.8
     Messages:  created: 5317031   present: 1083   in FES: 114
** Event #5305856   t=397.612106461397   Elapsed: 242.854s (4m 02s)  79% completed  (89% total)
     Speed:     ev/sec=18495.6   simsec/sec=1.25718   ev/simsec=14711.9
     Messages:  created: 5353972   present: 1101   in FES: 126
** Event #5346048   t=400.561326027573   Elapsed: 244.863s (4m 04s)  80% completed  (90% total)
     Speed:     ev/sec=20005.6   simsec/sec=1.46797   ev/simsec=13628
     Messages:  created: 5393513   present: 1103   in FES: 126
** Event #5387008   t=403.067564976042   Elapsed: 246.868s (4m 06s)  80% completed  (90% total)
     Speed:     ev/sec=20425   simsec/sec=1.24975   ev/simsec=16343.2
     Messages:  created: 5435487   present: 1108   in FES: 126
** Event #5426432   t=405.592004942443   Elapsed: 248.891s (4m 08s)  81% completed  (90% total)
     Speed:     ev/sec=19491   simsec/sec=1.24807   ev/simsec=15616.9
     Messages:  created: 5475242   present: 1063   in FES: 108
** Event #5467904   t=408.527942662891   Elapsed: 250.901s (4m 10s)  81% completed  (90% total)
     Speed:     ev/sec=20626.2   simsec/sec=1.46019   ev/simsec=14125.6
     Messages:  created: 5517058   present: 1070   in FES: 111
** Event #5509376   t=411.347801133802   Elapsed: 252.903s (4m 12s)  82% completed  (91% total)
     Speed:     ev/sec=20717.5   simsec/sec=1.40867   ev/simsec=14707.1
     Messages:  created: 5558729   present: 1107   in FES: 126
** Event #5549056   t=414.054457562439   Elapsed: 254.906s (4m 14s)  82% completed  (91% total)
     Speed:     ev/sec=19807.9   simsec/sec=1.35114   ev/simsec=14660.2
     Messages:  created: 5598901   present: 1104   in FES: 121
** Event #5587456   t=416.589819211975   Elapsed: 256.909s (4m 16s)  83% completed  (91% total)
     Speed:     ev/sec=19178.3   simsec/sec=1.26625   ev/simsec=15145.8
     Messages:  created: 5637545   present: 1071   in FES: 108
** Event #5632256   t=419.58288411012   Elapsed: 258.926s (4m 18s)  83% completed  (91% total)
     Speed:     ev/sec=22208.4   simsec/sec=1.48373   ev/simsec=14967.9
     Messages:  created: 5682951   present: 1113   in FES: 126
** Event #5677568   t=422.515021347081   Elapsed: 260.929s (4m 20s)  84% completed  (92% total)
     Speed:     ev/sec=22617.5   simsec/sec=1.46358   ev/simsec=15453.6
     Messages:  created: 5730241   present: 1047   in FES: 98
** Event #5713664   t=424.595338757421   Elapsed: 262.95s (4m 22s)  84% completed  (92% total)
     Speed:     ev/sec=17864.6   simsec/sec=1.02959   ev/simsec=17351.2
     Messages:  created: 5765929   present: 1105   in FES: 122
** Event #5753856   t=427.086767135082   Elapsed: 264.957s (4m 24s)  85% completed  (92% total)
     Speed:     ev/sec=20027.4   simsec/sec=1.24146   ev/simsec=16132.1
     Messages:  created: 5806366   present: 1068   in FES: 109
** Event #5792768   t=429.526326813081   Elapsed: 266.962s (4m 26s)  85% completed  (92% total)
     Speed:     ev/sec=19401.9   simsec/sec=1.21639   ev/simsec=15950.4
     Messages:  created: 5846095   present: 1050   in FES: 103
** Event #5827584   t=431.847535613161   Elapsed: 268.964s (4m 28s)  86% completed  (93% total)
     Speed:     ev/sec=17394.8   simsec/sec=1.15973   ev/simsec=14999.1
     Messages:  created: 5880804   present: 1106   in FES: 126
** Event #5870080   t=434.57471013385   Elapsed: 270.977s (4m 30s)  86% completed  (93% total)
     Speed:     ev/sec=21109.7   simsec/sec=1.35471   ev/simsec=15582.4
     Messages:  created: 5923296   present: 1056   in FES: 103
** Event #5914112   t=437.562312617589   Elapsed: 272.98s (4m 32s)  87% completed  (93% total)
     Speed:     ev/sec=21979.4   simsec/sec=1.49132   ev/simsec=14738.2
     Messages:  created: 5967340   present: 1108   in FES: 126
** Event #5949696   t=439.930691619763   Elapsed: 274.984s (4m 34s)  87% completed  (93% total)
     Speed:     ev/sec=17760.4   simsec/sec=1.18209   ev/simsec=15024.6
     Messages:  created: 6002567   present: 1081   in FES: 127
** Event #5990400   t=442.528329489541   Elapsed: 277.013s (4m 37s)  88% completed  (94% total)
     Speed:     ev/sec=20058.7   simsec/sec=1.2801   ev/simsec=15669.6
     Messages:  created: 6043208   present: 1026   in FES: 97
** Event #6026496   t=444.912967166045   Elapsed: 279.021s (4m 39s)  88% completed  (94% total)
     Speed:     ev/sec=17978   simsec/sec=1.1877   ev/simsec=15136.9
     Messages:  created: 6078879   present: 1030   in FES: 123
** Event #6068224   t=447.565266259448   Elapsed: 281.037s (4m 41s)  89% completed  (94% total)
     Speed:     ev/sec=20696.2   simsec/sec=1.31548   ev/simsec=15732.8
     Messages:  created: 6120046   present: 1116   in FES: 126
** Event #6104064   t=449.931495000883   Elapsed: 283.039s (4m 43s)  89% completed  (94% total)
     Speed:     ev/sec=17901.4   simsec/sec=1.18189   ev/simsec=15146.5
     Messages:  created: 6155730   present: 1070   in FES: 109
** Event #6142976   t=452.517447102733   Elapsed: 285.041s (4m 45s)  90% completed  (95% total)
     Speed:     ev/sec=19433.7   simsec/sec=1.29149   ev/simsec=15047.5
     Messages:  created: 6194446   present: 1067   in FES: 108
** Event #6178048   t=454.602568274087   Elapsed: 287.046s (4m 47s)  90% completed  (95% total)
     Speed:     ev/sec=17499.7   simsec/sec=1.04041   ev/simsec=16820.1
     Messages:  created: 6229179   present: 1104   in FES: 119
** Event #6220032   t=457.571039424176   Elapsed: 289.048s (4m 49s)  91% completed  (95% total)
     Speed:     ev/sec=20967.8   simsec/sec=1.48252   ev/simsec=14143.3
     Messages:  created: 6272093   present: 1094   in FES: 115
** Event #6263296   t=460.574614652372   Elapsed: 291.068s (4m 51s)  92% completed  (96% total)
     Speed:     ev/sec=21420.9   simsec/sec=1.48713   ev/simsec=14404.2
     Messages:  created: 6316283   present: 1080   in FES: 111
** Event #6305024   t=463.529879405425   Elapsed: 293.08s (4m 53s)  92% completed  (96% total)
     Speed:     ev/sec=20734.5   simsec/sec=1.46846   ev/simsec=14119.9
     Messages:  created: 6358963   present: 1077   in FES: 112
** Event #6347776   t=466.517160367139   Elapsed: 295.083s (4m 55s)  93% completed  (96% total)
     Speed:     ev/sec=21348.4   simsec/sec=1.49171   ev/simsec=14311.3
     Messages:  created: 6402741   present: 1097   in FES: 118
** Event #6388992   t=469.247161355147   Elapsed: 297.091s (4m 57s)  93% completed  (96% total)
     Speed:     ev/sec=20518.4   simsec/sec=1.35907   ev/simsec=15097.4
     Messages:  created: 6444421   present: 1052   in FES: 128
** Event #6435072   t=471.520298413743   Elapsed: 299.094s (4m 59s)  94% completed  (97% total)
     Speed:     ev/sec=23007.3   simsec/sec=1.13496   ev/simsec=20271.5
     Messages:  created: 6496289   present: 1107   in FES: 120
** Event #6477824   t=474.529263154487   Elapsed: 301.108s (5m 01s)  94% completed  (97% total)
     Speed:     ev/sec=21227.4   simsec/sec=1.49402   ev/simsec=14208.2
     Messages:  created: 6539776   present: 1057   in FES: 106
** Event #6518784   t=477.519395154008   Elapsed: 303.117s (5m 03s)  95% completed  (97% total)
     Speed:     ev/sec=20393.8   simsec/sec=1.48877   ev/simsec=13698.4
     Messages:  created: 6580583   present: 1034   in FES: 97
** Event #6553600   t=479.996939987411   Elapsed: 305.123s (5m 05s)  95% completed  (97% total)
     Speed:     ev/sec=17353.6   simsec/sec=1.2349   ev/simsec=14052.6
     Messages:  created: 6615097   present: 1111   in FES: 126
** Event #6593024   t=482.592768299642   Elapsed: 307.147s (5m 07s)  96% completed  (98% total)
     Speed:     ev/sec=19481.9   simsec/sec=1.28276   ev/simsec=15187.4
     Messages:  created: 6654105   present: 1101   in FES: 126
** Event #6633984   t=485.516202625744   Elapsed: 309.16s (5m 09s)  97% completed  (98% total)
     Speed:     ev/sec=20340   simsec/sec=1.45172   ev/simsec=14010.9
     Messages:  created: 6694135   present: 1068   in FES: 107
** Event #6671104   t=488.05980096971   Elapsed: 311.161s (5m 11s)  97% completed  (98% total)
     Speed:     ev/sec=18555.9   simsec/sec=1.27152   ev/simsec=14593.5
     Messages:  created: 6729997   present: 1062   in FES: 107
** Event #6707712   t=490.568385886902   Elapsed: 313.182s (5m 13s)  98% completed  (99% total)
     Speed:     ev/sec=18112.6   simsec/sec=1.24118   ev/simsec=14593.1
     Messages:  created: 6765503   present: 1036   in FES: 97
** Event #6743552   t=493.033305784116   Elapsed: 315.189s (5m 15s)  98% completed  (99% total)
     Speed:     ev/sec=17859.8   simsec/sec=1.22832   ev/simsec=14540
     Messages:  created: 6800112   present: 1084   in FES: 115
** Event #6781440   t=495.57028404806   Elapsed: 317.191s (5m 17s)  99% completed  (99% total)
     Speed:     ev/sec=18924.7   simsec/sec=1.26719   ev/simsec=14934.3
     Messages:  created: 6836719   present: 1049   in FES: 102
** Event #6822400   t=498.513816499615   Elapsed: 319.194s (5m 19s)  99% completed  (99% total)
     Speed:     ev/sec=20450.8   simsec/sec=1.46967   ev/simsec=13915.3
     Messages:  created: 6876879   present: 1115   in FES: 126
** Event #6843916   t=500   Elapsed: 320.613s (5m 20s)  100% completed  (100% total)
     Speed:     ev/sec=15162.7   simsec/sec=1.04581   ev/simsec=14498.5
     Messages:  created: 6897587   present: 1031   in FES: 96

<!> Simulation time limit reached -- at t=500s, event #6843916
undisposed object: (omnetpp::cMessage) FanetStressNetwork.uav[0].app.debugTimer -- check module destructor
undisposed object: (omnetpp::cMessage) FanetStressNetwork.uav[1].app.debugTimer -- check module destructor
undisposed object: (omnetpp::cMessage) FanetStressNetwork.uav[2].app.debugTimer -- check module destructor
undisposed object: (omnetpp::cMessage) FanetStressNetwork.uav[3].app.debugTimer -- check module destructor
undisposed object: (omnetpp::cMessage) FanetStressNetwork.uav[4].app.debugTimer -- check module destructor
undisposed object: (omnetpp::cMessage) FanetStressNetwork.uav[5].app.debugTimer -- check module destructor
undisposed object: (omnetpp::cMessage) FanetStressNetwork.uav[6].app.debugTimer -- check module destructor
undisposed object: (omnetpp::cMessage) FanetStressNetwork.uav[7].app.debugTimer -- check module destructor
undisposed object: (omnetpp::cMessage) FanetStressNetwork.uav[8].app.debugTimer -- check module destructor
undisposed object: (omnetpp::cMessage) FanetStressNetwork.uav[9].app.debugTimer -- check module destructor
undisposed object: (omnetpp::cMessage) FanetStressNetwork.uav[10].app.debugTimer -- check module destructor
undisposed object: (omnetpp::cMessage) FanetStressNetwork.uav[11].app.debugTimer -- check module destructor
undisposed object: (omnetpp::cMessage) FanetStressNetwork.uav[12].app.debugTimer -- check module destructor
undisposed object: (omnetpp::cMessage) FanetStressNetwork.uav[13].app.debugTimer -- check module destructor
undisposed object: (omnetpp::cMessage) FanetStressNetwork.uav[14].app.debugTimer -- check module destructor
undisposed object: (omnetpp::cMessage) FanetStressNetwork.uav[15].app.debugTimer -- check module destructor
undisposed object: (omnetpp::cMessage) FanetStressNetwork.uav[16].app.debugTimer -- check module destructor
undisposed object: (omnetpp::cMessage) FanetStressNetwork.uav[17].app.debugTimer -- check module destructor
undisposed object: (omnetpp::cMessage) FanetStressNetwork.uav[18].app.debugTimer -- check module destructor
undisposed object: (omnetpp::cMessage) FanetStressNetwork.uav[19].app.debugTimer -- check module destructor
undisposed object: (omnetpp::cMessage) FanetStressNetwork.uav[20].app.debugTimer -- check module destructor
undisposed object: (omnetpp::cMessage) FanetStressNetwork.uav[21].app.debugTimer -- check module destructor
undisposed object: (omnetpp::cMessage) FanetStressNetwork.uav[22].app.debugTimer -- check module destructor
undisposed object: (omnetpp::cMessage) FanetStressNetwork.uav[23].app.debugTimer -- check module destructor
undisposed object: (omnetpp::cMessage) FanetStressNetwork.uav[24].app.debugTimer -- check module destructor
undisposed object: (omnetpp::cMessage) FanetStressNetwork.uav[25].app.debugTimer -- check module destructor
undisposed object: (omnetpp::cMessage) FanetStressNetwork.uav[26].app.debugTimer -- check module destructor
undisposed object: (omnetpp::cMessage) FanetStressNetwork.uav[27].app.debugTimer -- check module destructor
undisposed object: (omnetpp::cMessage) FanetStressNetwork.uav[28].app.debugTimer -- check module destructor
undisposed object: (omnetpp::cMessage) FanetStressNetwork.uav[29].app.debugTimer -- check module destructor
