** Event #0   t=0   Elapsed: 1.2e-05s (0m 00s)  0% completed  (0% total)
     Speed:     ev/sec=0   simsec/sec=0   ev/simsec=0
     Messages:  created: 1081   present: 1081   in FES: 161
** Event #53760   t=5.605397793429   Elapsed: 2.02012s (0m 02s)  1% completed  (0% total)
     Speed:     ev/sec=26612.9   simsec/sec=2.7748   ev/simsec=9590.93
     Messages:  created: 45939   present: 1109   in FES: 122
** Event #89344   t=9.536723481287   Elapsed: 4.03367s (0m 04s)  1% completed  (0% total)
     Speed:     ev/sec=17672.2   simsec/sec=1.95243   ev/simsec=9051.4
     Messages:  created: 74059   present: 1053   in FES: 104
** Event #120576   t=12.585911041083   Elapsed: 6.04059s (0m 06s)  2% completed  (1% total)
     Speed:     ev/sec=15562.2   simsec/sec=1.51934   ev/simsec=10242.7
     Messages:  created: 98669   present: 1061   in FES: 108
** Event #155136   t=16.098712519561   Elapsed: 8.04068s (0m 08s)  3% completed  (1% total)
     Speed:     ev/sec=17279.3   simsec/sec=1.75633   ev/simsec=9838.3
     Messages:  created: 126411   present: 1103   in FES: 126
** Event #189952   t=20.062148890365   Elapsed: 10.0524s (0m 10s)  4% completed  (2% total)
     Speed:     ev/sec=17306.3   simsec/sec=1.97014   ev/simsec=8784.3
     Messages:  created: 154549   present: 1026   in FES: 97
** Event #224000   t=23.8   Elapsed: 12.0655s (0m 12s)  4% completed  (2% total)
     Speed:     ev/sec=16913.9   simsec/sec=1.85684   ev/simsec=9108.98
     Messages:  created: 182581   present: 1021   in FES: 95
** Event #261376   t=28.02888669766   Elapsed: 14.0661s (0m 14s)  5% completed  (2% total)
     Speed:     ev/sec=18682   simsec/sec=2.11377   ev/simsec=8838.26
     Messages:  created: 213367   present: 1090   in FES: 126
** Event #305920   t=33.057649703394   Elapsed: 16.0733s (0m 16s)  6% completed  (3% total)
     Speed:     ev/sec=22192.5   simsec/sec=2.50541   ev/simsec=8857.84
     Messages:  created: 251034   present: 1072   in FES: 111
** Event #348416   t=38.057604617831   Elapsed: 18.0738s (0m 18s)  7% completed  (3% total)
     Speed:     ev/sec=21241.9   simsec/sec=2.49926   ev/simsec=8499.28
     Messages:  created: 287111   present: 1161   in FES: 141
** Event #389632   t=43.044789536746   Elapsed: 20.0763s (0m 20s)  8% completed  (4% total)
     Speed:     ev/sec=20582.2   simsec/sec=2.49047   ev/simsec=8264.38
     Messages:  created: 322347   present: 1086   in FES: 117
** Event #430080   t=48.026895668283   Elapsed: 22.0805s (0m 22s)  9% completed  (4% total)
     Speed:     ev/sec=20181.8   simsec/sec=2.48586   ev/simsec=8118.65
     Messages:  created: 357368   present: 1042   in FES: 101
** Event #473600   t=53.084212828445   Elapsed: 24.0866s (0m 24s)  10% completed  (5% total)
     Speed:     ev/sec=21694.5   simsec/sec=2.52105   ev/simsec=8605.35
     Messages:  created: 395154   present: 1081   in FES: 114
** Event #515072   t=58.07352940323   Elapsed: 26.0902s (0m 26s)  11% completed  (5% total)
     Speed:     ev/sec=20698   simsec/sec=2.49008   ev/simsec=8312.16
     Messages:  created: 430624   present: 1105   in FES: 126
** Event #556800   t=63.044789592823   Elapsed: 28.0925s (0m 28s)  12% completed  (6% total)
     Speed:     ev/sec=20840.2   simsec/sec=2.4828   ev/simsec=8393.85
     Messages:  created: 465843   present: 1069   in FES: 112
** Event #595968   t=67.587333731385   Elapsed: 30.0981s (0m 30s)  13% completed  (6% total)
     Speed:     ev/sec=19529.9   simsec/sec=2.265   ev/simsec=8622.48
     Messages:  created: 499561   present: 1106   in FES: 123
** Event #637696   t=73.000192123522   Elapsed: 32.1s (0m 32s)  14% completed  (7% total)
     Speed:     ev/sec=20843.4   simsec/sec=2.70376   ev/simsec=7709.05
     Messages:  created: 535962   present: 1099   in FES: 122
** Event #680448   t=78.057796316084   Elapsed: 34.1049s (0m 34s)  15% completed  (7% total)
     Speed:     ev/sec=21323.9   simsec/sec=2.52264   ev/simsec=8453.01
     Messages:  created: 572882   present: 1024   in FES: 97
** Event #724480   t=83.51821010994   Elapsed: 36.1191s (0m 36s)  16% completed  (8% total)
     Speed:     ev/sec=21860.7   simsec/sec=2.71095   ev/simsec=8063.86
     Messages:  created: 610831   present: 1041   in FES: 100
** Event #766208   t=88.513284228837   Elapsed: 38.1286s (0m 38s)  17% completed  (8% total)
     Speed:     ev/sec=20766   simsec/sec=2.48581   ev/simsec=8353.83
     Messages:  created: 646427   present: 1082   in FES: 115
** Event #808704   t=93.54786812803   Elapsed: 40.1318s (0m 40s)  18% completed  (9% total)
     Speed:     ev/sec=21213.5   simsec/sec=2.51321   ev/simsec=8440.82
     Messages:  created: 683053   present: 1112   in FES: 125
** Event #846848   t=98.045344399917   Elapsed: 42.1354s (0m 42s)  19% completed  (9% total)
     Speed:     ev/sec=19038.3   simsec/sec=2.24476   ev/simsec=8481.2
     Messages:  created: 715258   present: 1024   in FES: 97
** Event #890624   t=102.088397769518   Elapsed: 44.1367s (0m 44s)  20% completed  (10% total)
     Speed:     ev/sec=21873.7   simsec/sec=2.02021   ev/simsec=10827.5
     Messages:  created: 756236   present: 1108   in FES: 128
** Event #937472   t=105.545610629115   Elapsed: 46.144s (0m 46s)  21% completed  (10% total)
     Speed:     ev/sec=23337.9   simsec/sec=1.72226   ev/simsec=13550.8
     Messages:  created: 804528   present: 1115   in FES: 126
** Event #981760   t=108.606100863517   Elapsed: 48.1601s (0m 48s)  21% completed  (10% total)
     Speed:     ev/sec=21967.3   simsec/sec=1.51804   ev/simsec=14470.9
     Messages:  created: 849650   present: 1092   in FES: 126
** Event #1024768   t=111.599102432029   Elapsed: 50.1682s (0m 50s)  22% completed  (11% total)
     Speed:     ev/sec=21417.5   simsec/sec=1.49048   ev/simsec=14369.5
     Messages:  created: 893535   present: 1185   in FES: 156
** Event #1067008   t=114.564311373339   Elapsed: 52.1818s (0m 52s)  22% completed  (11% total)
     Speed:     ev/sec=20977.8   simsec/sec=1.47262   ev/simsec=14245.2
     Messages:  created: 936177   present: 1101   in FES: 120
** Event #1107968   t=117.080859088988   Elapsed: 54.1833s (0m 54s)  23% completed  (11% total)
     Speed:     ev/sec=20463.7   simsec/sec=1.25727   ev/simsec=16276.3
     Messages:  created: 978255   present: 1052   in FES: 105
** Event #1149440   t=119.603354514782   Elapsed: 56.1834s (0m 56s)  23% completed  (11% total)
     Speed:     ev/sec=20735.2   simsec/sec=1.2612   ev/simsec=16440.9
     Messages:  created: 1020924   present: 1029   in FES: 96
** Event #1193728   t=122.551522864866   Elapsed: 58.1917s (0m 58s)  24% completed  (12% total)
     Speed:     ev/sec=22053.3   simsec/sec=1.46804   ev/simsec=15022.2
     Messages:  created: 1067456   present: 1098   in FES: 121
** Event #1235456   t=125.084212289347   Elapsed: 60.1934s (1m 00s)  25% completed  (12% total)
     Speed:     ev/sec=20845.5   simsec/sec=1.26522   ev/simsec=16475.8
     Messages:  created: 1110888   present: 1102   in FES: 121
** Event #1280256   t=127.838709494316   Elapsed: 62.1973s (1m 02s)  25% completed  (12% total)
     Speed:     ev/sec=22357.3   simsec/sec=1.37462   ev/simsec=16264.3
     Messages:  created: 1158785   present: 1115   in FES: 127
** Event #1324288   t=130.585747055909   Elapsed: 64.2033s (1m 04s)  26% completed  (13% total)
     Speed:     ev/sec=21949.3   simsec/sec=1.36936   ev/simsec=16028.9
     Messages:  created: 1204756   present: 1077   in FES: 112
** Event #1369344   t=133.577190607205   Elapsed: 66.2111s (1m 06s)  26% completed  (13% total)
     Speed:     ev/sec=22441   simsec/sec=1.48995   ev/simsec=15061.6
     Messages:  created: 1252058   present: 1085   in FES: 116
** Event #1413120   t=136.550905049597   Elapsed: 68.2169s (1m 08s)  27% completed  (13% total)
     Speed:     ev/sec=21824   simsec/sec=1.48251   ev/simsec=14721
     Messages:  created: 1297412   present: 1080   in FES: 115
** Event #1453568   t=139.067286565667   Elapsed: 70.2176s (1m 10s)  27% completed  (13% total)
     Speed:     ev/sec=20217.1   simsec/sec=1.25776   ev/simsec=16073.9
     Messages:  created: 1339085   present: 1091   in FES: 126
** Event #1495296   t=141.591791287901   Elapsed: 72.22s (1m 12s)  28% completed  (14% total)
     Speed:     ev/sec=20839.2   simsec/sec=1.26075   ev/simsec=16529.2
     Messages:  created: 1382497   present: 1073   in FES: 110
** Event #1540352   t=144.533355714768   Elapsed: 74.2253s (1m 14s)  28% completed  (14% total)
     Speed:     ev/sec=22469   simsec/sec=1.46693   ev/simsec=15317
     Messages:  created: 1429816   present: 1108   in FES: 126
** Event #1581056   t=147.031606701436   Elapsed: 76.2305s (1m 16s)  29% completed  (14% total)
     Speed:     ev/sec=20298.8   simsec/sec=1.24586   ev/simsec=16293
     Messages:  created: 1472271   present: 1116   in FES: 125
** Event #1623296   t=149.550741881697   Elapsed: 78.2436s (1m 18s)  29% completed  (14% total)
     Speed:     ev/sec=20982.7   simsec/sec=1.25138   ev/simsec=16767.7
     Messages:  created: 1516505   present: 1119   in FES: 126
** Event #1670144   t=152.549837869389   Elapsed: 80.2538s (1m 20s)  30% completed  (15% total)
     Speed:     ev/sec=23304.9   simsec/sec=1.49193   ev/simsec=15620.7
     Messages:  created: 1565704   present: 1059   in FES: 106
** Event #1715712   t=155.142222983016   Elapsed: 82.266s (1m 22s)  31% completed  (15% total)
     Speed:     ev/sec=22645.6   simsec/sec=1.28832   ev/simsec=17577.6
     Messages:  created: 1614092   present: 1112   in FES: 146
** Event #1759488   t=157.600800745181   Elapsed: 84.2896s (1m 24s)  31% completed  (15% total)
     Speed:     ev/sec=21633   simsec/sec=1.21497   ev/simsec=17805.4
     Messages:  created: 1661554   present: 1073   in FES: 110
** Event #1812224   t=160.52062716677   Elapsed: 86.2917s (1m 26s)  32% completed  (16% total)
     Speed:     ev/sec=26340.5   simsec/sec=1.45839   ev/simsec=18061.3
     Messages:  created: 1721286   present: 1106   in FES: 123
** Event #1863168   t=163.531355352289   Elapsed: 88.3119s (1m 28s)  32% completed  (16% total)
     Speed:     ev/sec=25216.8   simsec/sec=1.49028   ev/simsec=16920.8
     Messages:  created: 1777361   present: 1114   in FES: 126
** Event #1910528   t=166.483476425844   Elapsed: 90.3189s (1m 30s)  33% completed  (16% total)
     Speed:     ev/sec=23597.4   simsec/sec=1.47091   ev/simsec=16042.7
     Messages:  created: 1828259   present: 1021   in FES: 95
** Event #1956352   t=169.392691019234   Elapsed: 92.3205s (1m 32s)  33% completed  (16% total)
     Speed:     ev/sec=22894   simsec/sec=1.45347   ev/simsec=15751.3
     Messages:  created: 1876564   present: 1112   in FES: 127
** Event #2002432   t=172.391753612466   Elapsed: 94.3339s (1m 34s)  34% completed  (17% total)
     Speed:     ev/sec=22886.7   simsec/sec=1.48956   ev/simsec=15364.8
     Messages:  created: 1925601   present: 1095   in FES: 127
** Event #2048000   t=175.388338272956   Elapsed: 96.3357s (1m 36s)  35% completed  (17% total)
     Speed:     ev/sec=22763.8   simsec/sec=1.49696   ev/simsec=15206.6
     Messages:  created: 1973631   present: 1080   in FES: 113
** Event #2092544   t=178.545036264299   Elapsed: 98.3534s (1m 38s)  35% completed  (17% total)
     Speed:     ev/sec=22075.9   simsec/sec=1.56445   ev/simsec=14110.9
     Messages:  created: 2019512   present: 1106   in FES: 123
** Event #2137088   t=181.581666577572   Elapsed: 100.365s (1m 40s)  36% completed  (18% total)
     Speed:     ev/sec=22145.6   simsec/sec=1.5097   ev/simsec=14668.9
     Messages:  created: 2065034   present: 1067   in FES: 110
** Event #2183680   t=184.565697450007   Elapsed: 102.382s (1m 42s)  36% completed  (18% total)
     Speed:     ev/sec=23099.8   simsec/sec=1.47945   ev/simsec=15613.8
     Messages:  created: 2114442   present: 1045   in FES: 98
** Event #2231808   t=187.568872743498   Elapsed: 104.407s (1m 44s)  37% completed  (18% total)
     Speed:     ev/sec=23770.7   simsec/sec=1.48328   ev/simsec=16025.7
     Messages:  created: 2165787   present: 1088   in FES: 115
** Event #2278912   t=190.574622032126   Elapsed: 106.409s (1m 46s)  38% completed  (19% total)
     Speed:     ev/sec=23528.8   simsec/sec=1.50139   ev/simsec=15671.3
     Messages:  created: 2215468   present: 1094   in FES: 115
** Event #2326528   t=193.588132351312   Elapsed: 108.417s (1m 48s)  38% completed  (19% total)
     Speed:     ev/sec=23701.6   simsec/sec=1.50002   ev/simsec=15800.8
     Messages:  created: 2266586   present: 1106   in FES: 126
** Event #2374144   t=196.58340784953   Elapsed: 110.424s (1m 50s)  39% completed  (19% total)
     Speed:     ev/sec=23726.9   simsec/sec=1.49253   ev/simsec=15897
     Messages:  created: 2317252   present: 1027   in FES: 96
** Event #2420992   t=199.55045243846   Elapsed: 112.443s (1m 52s)  39% completed  (19% total)
     Speed:     ev/sec=23209.8   simsec/sec=1.46995   ev/simsec=15789.4
     Messages:  created: 2368020   present: 1032   in FES: 97
** Event #2468608   t=202.537950605273   Elapsed: 114.449s (1m 54s)  40% completed  (20% total)
     Speed:     ev/sec=23734.9   simsec/sec=1.48916   ev/simsec=15938.4
     Messages:  created: 2418837   present: 1109   in FES: 122
** Event #2515968   t=205.399148557789   Elapsed: 116.454s (1m 56s)  41% completed  (20% total)
     Speed:     ev/sec=23619.1   simsec/sec=1.42692   ev/simsec=16552.5
     Messages:  created: 2470122   present: 1105   in FES: 126
** Event #2564864   t=208.398720072189   Elapsed: 118.457s (1m 58s)  41% completed  (20% total)
     Speed:     ev/sec=24415.2   simsec/sec=1.49777   ev/simsec=16301
     Messages:  created: 2523147   present: 1082   in FES: 111
** Event #2614528   t=211.551429120069   Elapsed: 120.473s (2m 00s)  42% completed  (21% total)
     Speed:     ev/sec=24629.2   simsec/sec=1.56348   ev/simsec=15752.8
     Messages:  created: 2576686   present: 1034   in FES: 99
** Event #2663680   t=214.57009194225   Elapsed: 122.479s (2m 02s)  42% completed  (21% total)
     Speed:     ev/sec=24499.8   simsec/sec=1.50465   ev/simsec=16282.7
     Messages:  created: 2629510   present: 1102   in FES: 126
** Event #2713600   t=217.549401985686   Elapsed: 124.493s (2m 04s)  43% completed  (21% total)
     Speed:     ev/sec=24790.9   simsec/sec=1.47956   ev/simsec=16755.6
     Messages:  created: 2684678   present: 1109   in FES: 126
** Event #2763776   t=220.388032093293   Elapsed: 126.502s (2m 06s)  44% completed  (22% total)
     Speed:     ev/sec=24972.3   simsec/sec=1.41277   ev/simsec=17676.1
     Messages:  created: 2739160   present: 1102   in FES: 128
** Event #2809344   t=223.100366775459   Elapsed: 128.509s (2m 08s)  44% completed  (22% total)
     Speed:     ev/sec=22714.4   simsec/sec=1.35202   ev/simsec=16800.3
     Messages:  created: 2786136   present: 1031   in FES: 96
** Event #2851328   t=226.026895402083   Elapsed: 130.516s (2m 10s)  45% completed  (22% total)
     Speed:     ev/sec=20915.3   simsec/sec=1.45792   ev/simsec=14346
     Messages:  created: 2829888   present: 1075   in FES: 112
** Event #2894080   t=228.587590426687   Elapsed: 132.534s (2m 12s)  45% completed  (22% total)
     Speed:     ev/sec=21183   simsec/sec=1.26879   ev/simsec=16695.5
     Messages:  created: 2874176   present: 1073   in FES: 112
** Event #2940928   t=231.532363713339   Elapsed: 134.549s (2m 14s)  46% completed  (23% total)
     Speed:     ev/sec=23256   simsec/sec=1.46183   ev/simsec=15908.9
     Messages:  created: 2924022   present: 1091   in FES: 118
** Event #2981888   t=234.045346556457   Elapsed: 136.554s (2m 16s)  46% completed  (23% total)
     Speed:     ev/sec=20422.6   simsec/sec=1.25297   ev/simsec=16299.4
     Messages:  created: 2966438   present: 1106   in FES: 126
** Event #3024640   t=236.555033544808   Elapsed: 138.573s (2m 18s)  47% completed  (23% total)
     Speed:     ev/sec=21173.8   simsec/sec=1.24297   ev/simsec=17034.8
     Messages:  created: 3010545   present: 1030   in FES: 97
** Event #3069952   t=239.205132828692   Elapsed: 140.579s (2m 20s)  47% completed  (23% total)
     Speed:     ev/sec=22593.6   simsec/sec=1.3214   ev/simsec=17098.2
     Messages:  created: 3057196   present: 1066   in FES: 128
** Event #3107840   t=241.575107616464   Elapsed: 142.582s (2m 22s)  48% completed  (24% total)
     Speed:     ev/sec=18915.7   simsec/sec=1.18322   ev/simsec=15986.7
     Messages:  created: 3096032   present: 1081   in FES: 114
** Event #3147776   t=244.018547462373   Elapsed: 144.588s (2m 24s)  48% completed  (24% total)
     Speed:     ev/sec=19901.8   simsec/sec=1.21767   ev/simsec=16344.2
     Messages:  created: 3137774   present: 1072   in FES: 113
** Event #3190528   t=246.532292016251   Elapsed: 146.597s (2m 26s)  49% completed  (24% total)
     Speed:     ev/sec=21284.3   simsec/sec=1.25148   ev/simsec=17007.3
     Messages:  created: 3181802   present: 1102   in FES: 121
** Event #3228416   t=248.562708065379   Elapsed: 148.609s (2m 28s)  49% completed  (24% total)
     Speed:     ev/sec=18828.9   simsec/sec=1.00904   ev/simsec=18660.2
     Messages:  created: 3221245   present: 1107   in FES: 122
** Event #3267840   t=250.704413817238   Elapsed: 150.614s (2m 30s)  50% completed  (25% total)
     Speed:     ev/sec=19662.4   simsec/sec=1.06816   ev/simsec=18407.8
     Messages:  created: 3262696   present: 1099   in FES: 126
** Event #3310080   t=253.338133140371   Elapsed: 152.616s (2m 32s)  50% completed  (25% total)
     Speed:     ev/sec=21105.1   simsec/sec=1.31593   ev/simsec=16038.2
     Messages:  created: 3306373   present: 1101   in FES: 126
** Event #3348992   t=255.60195796278   Elapsed: 154.625s (2m 34s)  51% completed  (25% total)
     Speed:     ev/sec=19363.6   simsec/sec=1.12654   ev/simsec=17188.6
     Messages:  created: 3345843   present: 1098   in FES: 119
** Event #3393536   t=258.522547895953   Elapsed: 156.65s (2m 36s)  51% completed  (25% total)
     Speed:     ev/sec=21995.4   simsec/sec=1.44216   ev/simsec=15251.7
     Messages:  created: 3392196   present: 1031   in FES: 98
** Event #3430144   t=260.637678367137   Elapsed: 158.654s (2m 38s)  52% completed  (26% total)
     Speed:     ev/sec=18273   simsec/sec=1.05578   ev/simsec=17307.7
     Messages:  created: 3429742   present: 1114   in FES: 145
** Event #3477504   t=263.590653394954   Elapsed: 160.659s (2m 40s)  52% completed  (26% total)
     Speed:     ev/sec=23623.1   simsec/sec=1.47294   ev/simsec=16038.1
     Messages:  created: 3479048   present: 1032   in FES: 97
** Event #3523328   t=266.530293064759   Elapsed: 162.682s (2m 42s)  53% completed  (26% total)
     Speed:     ev/sec=22646.9   simsec/sec=1.45281   ev/simsec=15588.3
     Messages:  created: 3527556   present: 1079   in FES: 114
** Event #3561728   t=269.027260852648   Elapsed: 164.689s (2m 44s)  53% completed  (26% total)
     Speed:     ev/sec=19135.5   simsec/sec=1.24429   ev/simsec=15378.7
     Messages:  created: 3567036   present: 1089   in FES: 116
** Event #3606016   t=271.648619233148   Elapsed: 166.694s (2m 46s)  54% completed  (27% total)
     Speed:     ev/sec=22090.1   simsec/sec=1.30749   ev/simsec=16895.1
     Messages:  created: 3613408   present: 1073   in FES: 110
** Event #3650048   t=274.897948784422   Elapsed: 168.699s (2m 48s)  54% completed  (27% total)
     Speed:     ev/sec=21956.1   simsec/sec=1.62024   ev/simsec=13551.1
     Messages:  created: 3659336   present: 1106   in FES: 138
** Event #3694592   t=278.031606687397   Elapsed: 170.702s (2m 50s)  55% completed  (27% total)
     Speed:     ev/sec=22235.6   simsec/sec=1.56427   ev/simsec=14214.7
     Messages:  created: 3705592   present: 1116   in FES: 125
** Event #3739136   t=281.04545460666   Elapsed: 172.703s (2m 52s)  56% completed  (28% total)
     Speed:     ev/sec=22262.4   simsec/sec=1.50627   ev/simsec=14779.8
     Messages:  created: 3751832   present: 1071   in FES: 112
** Event #3784192   t=284.031607911807   Elapsed: 174.708s (2m 54s)  56% completed  (28% total)
     Speed:     ev/sec=22469.8   simsec/sec=1.48922   ev/simsec=15088.3
     Messages:  created: 3798882   present: 1059   in FES: 106
** Event #3833088   t=287.000192390887   Elapsed: 176.713s (2m 56s)  57% completed  (28% total)
     Speed:     ev/sec=24389.8   simsec/sec=1.48076   ev/simsec=16471.1
     Messages:  created: 3851318   present: 1090   in FES: 119
** Event #3881984   t=290.057603756336   Elapsed: 178.716s (2m 58s)  58% completed  (29% total)
     Speed:     ev/sec=24411.4   simsec/sec=1.52642   ev/simsec=15992.6
     Messages:  created: 3902899   present: 1105   in FES: 124
** Event #3927040   t=293.032000976393   Elapsed: 180.719s (3m 00s)  58% completed  (29% total)
     Speed:     ev/sec=22493.6   simsec/sec=1.48493   ev/simsec=15147.9
     Messages:  created: 3950994   present: 1103   in FES: 120
** Event #3980032   t=296.648355440714   Elapsed: 182.724s (3m 02s)  59% completed  (29% total)
     Speed:     ev/sec=26426.7   simsec/sec=1.80345   ev/simsec=14653.4
     Messages:  created: 4006973   present: 1050   in FES: 113
** Event #4030720   t=300.062203742401   Elapsed: 184.735s (3m 04s)  60% completed  (30% total)
     Speed:     ev/sec=25206.7   simsec/sec=1.69768   ev/simsec=14847.8
     Messages:  created: 4062248   present: 1099   in FES: 120
** Event #4082688   t=303.398319248354   Elapsed: 186.736s (3m 06s)  60% completed  (30% total)
     Speed:     ev/sec=25973.1   simsec/sec=1.66736   ev/simsec=15577.4
     Messages:  created: 4119804   present: 1109   in FES: 120
** Event #4129792   t=306.704414903248   Elapsed: 188.742s (3m 08s)  61% completed  (30% total)
     Speed:     ev/sec=23479.6   simsec/sec=1.64796   ev/simsec=14247.6
     Messages:  created: 4169847   present: 1107   in FES: 126
** Event #4179712   t=310.004120095207   Elapsed: 190.744s (3m 10s)  62% completed  (31% total)
     Speed:     ev/sec=24941.1   simsec/sec=1.64861   ev/simsec=15128.6
     Messages:  created: 4224664   present: 1110   in FES: 126
** Event #4231168   t=313.555426748394   Elapsed: 192.748s (3m 12s)  62% completed  (31% total)
     Speed:     ev/sec=25671.7   simsec/sec=1.77177   ev/simsec=14489.3
     Messages:  created: 4278584   present: 1109   in FES: 124
** Event #4278272   t=316.58158328691   Elapsed: 194.765s (3m 14s)  63% completed  (31% total)
     Speed:     ev/sec=23354.8   simsec/sec=1.50041   ev/simsec=15565.6
     Messages:  created: 4328152   present: 1168   in FES: 156
** Event #4321280   t=319.600126820607   Elapsed: 196.768s (3m 16s)  63% completed  (31% total)
     Speed:     ev/sec=21473.6   simsec/sec=1.50714   ev/simsec=14247.9
     Messages:  created: 4371470   present: 1070   in FES: 111
** Event #4361728   t=322.641797981065   Elapsed: 198.772s (3m 18s)  64% completed  (32% total)
     Speed:     ev/sec=20183   simsec/sec=1.51775   ev/simsec=13298
     Messages:  created: 4411692   present: 1119   in FES: 131
** Event #4404736   t=326.078306617535   Elapsed: 200.778s (3m 20s)  65% completed  (32% total)
     Speed:     ev/sec=21444.3   simsec/sec=1.71348   ev/simsec=12515
     Messages:  created: 4455309   present: 1098   in FES: 121
** Event #4448000   t=329.540040212522   Elapsed: 202.794s (3m 22s)  65% completed  (32% total)
     Speed:     ev/sec=21455   simsec/sec=1.71671   ev/simsec=12497.8
     Messages:  created: 4499255   present: 1112   in FES: 123
** Event #4490240   t=332.637411704753   Elapsed: 204.802s (3m 24s)  66% completed  (33% total)
     Speed:     ev/sec=21039.8   simsec/sec=1.54281   ev/simsec=13637.4
     Messages:  created: 4541199   present: 1025   in FES: 97
** Event #4530944   t=335.600134445576   Elapsed: 206.81s (3m 26s)  67% completed  (33% total)
     Speed:     ev/sec=20273.1   simsec/sec=1.47562   ev/simsec=13738.7
     Messages:  created: 4582408   present: 1085   in FES: 114
** Event #4571904   t=338.600758687525   Elapsed: 208.816s (3m 28s)  67% completed  (33% total)
     Speed:     ev/sec=20409.1   simsec/sec=1.49512   ev/simsec=13650.5
     Messages:  created: 4622970   present: 1101   in FES: 120
** Event #4615424   t=341.705436950061   Elapsed: 210.818s (3m 30s)  68% completed  (34% total)
     Speed:     ev/sec=21748.4   simsec/sec=1.55151   ev/simsec=14017.6
     Messages:  created: 4667550   present: 1118   in FES: 136
** Event #4658432   t=344.641754095897   Elapsed: 212.819s (3m 32s)  68% completed  (34% total)
     Speed:     ev/sec=21492.4   simsec/sec=1.46736   ev/simsec=14646.9
     Messages:  created: 4710828   present: 1083   in FES: 127
** Event #4701952   t=347.560384281403   Elapsed: 214.828s (3m 34s)  69% completed  (34% total)
     Speed:     ev/sec=21658.1   simsec/sec=1.45248   ev/simsec=14911.1
     Messages:  created: 4754239   present: 1118   in FES: 125
** Event #4741632   t=350.080859436486   Elapsed: 216.833s (3m 36s)  70% completed  (35% total)
     Speed:     ev/sec=19789   simsec/sec=1.257   ev/simsec=15743.1
     Messages:  created: 4793595   present: 1042   in FES: 101
** Event #4778496   t=352.554523506764   Elapsed: 218.856s (3m 38s)  70% completed  (35% total)
     Speed:     ev/sec=18223.8   simsec/sec=1.22286   ev/simsec=14902.6
     Messages:  created: 4830014   present: 1039   in FES: 100
** Event #4814592   t=355.018492627671   Elapsed: 220.865s (3m 40s)  71% completed  (35% total)
     Speed:     ev/sec=17971.5   simsec/sec=1.22676   ev/simsec=14649.5
     Messages:  created: 4865834   present: 1084   in FES: 126
** Event #4856576   t=357.089167577467   Elapsed: 222.868s (3m 42s)  71% completed  (35% total)
     Speed:     ev/sec=20960.4   simsec/sec=1.03378   ev/simsec=20275.5
     Messages:  created: 4909192   present: 1097   in FES: 126
** Event #4896000   t=359.549837300606   Elapsed: 224.888s (3m 44s)  71% completed  (35% total)
     Speed:     ev/sec=19510.5   simsec/sec=1.21776   ev/simsec=16021.7
     Messages:  created: 4949532   present: 1085   in FES: 116
** Event #4935936   t=362.081710608567   Elapsed: 226.89s (3m 46s)  72% completed  (36% total)
     Speed:     ev/sec=19949.5   simsec/sec=1.26476   ev/simsec=15773.3
     Messages:  created: 4989020   present: 1072   in FES: 111
** Event #4973568   t=364.455464067558   Elapsed: 228.898s (3m 48s)  72% completed  (36% total)
     Speed:     ev/sec=18746.1   simsec/sec=1.18246   ev/simsec=15853.4
     Messages:  created: 5027317   present: 1102   in FES: 155
** Event #5009408   t=366.538188221685   Elapsed: 230.93s (3m 50s)  73% completed  (36% total)
     Speed:     ev/sec=17629.8   simsec/sec=1.0245   ev/simsec=17208.2
     Messages:  created: 5062746   present: 1077   in FES: 112
** Event #5043712   t=368.539472287733   Elapsed: 232.963s (3m 52s)  73% completed  (36% total)
     Speed:     ev/sec=16881   simsec/sec=0.984832   ev/simsec=17141
     Messages:  created: 5096814   present: 1065   in FES: 108
** Event #5079552   t=370.588398321255   Elapsed: 234.982s (3m 54s)  74% completed  (37% total)
     Speed:     ev/sec=17749.2   simsec/sec=1.0147   ev/simsec=17492.1
     Messages:  created: 5132344   present: 1085   in FES: 117
** Event #5114624   t=372.602309788367   Elapsed: 236.986s (3m 56s)  74% completed  (37% total)
     Speed:     ev/sec=17500.7   simsec/sec=1.00493   ev/simsec=17414.9
     Messages:  created: 5166790   present: 1111   in FES: 126
** Event #5149184   t=374.606134563517   Elapsed: 239.005s (3m 59s)  74% completed  (37% total)
     Speed:     ev/sec=17112.7   simsec/sec=0.99221   ev/simsec=17247
     Messages:  created: 5200644   present: 1082   in FES: 113
** Event #5182208   t=376.589159870133   Elapsed: 241.006s (4m 01s)  75% completed  (37% total)
     Speed:     ev/sec=16505.6   simsec/sec=0.991128   ev/simsec=16653.3
     Messages:  created: 5233201   present: 1109   in FES: 149
** Event #5216512   t=378.573158450943   Elapsed: 243.013s (4m 03s)  75% completed  (37% total)
     Speed:     ev/sec=17089.6   simsec/sec=0.98839   ev/simsec=17290.3
     Messages:  created: 5267300   present: 1078   in FES: 115
** Event #5250304   t=380.555639845113   Elapsed: 245.016s (4m 05s)  76% completed  (38% total)
     Speed:     ev/sec=16875.5   simsec/sec=0.990037   ev/simsec=17045.3
     Messages:  created: 5300533   present: 1034   in FES: 97
** Event #5284608   t=382.581417547594   Elapsed: 247.03s (4m 07s)  76% completed  (38% total)
     Speed:     ev/sec=17030   simsec/sec=1.00568   ev/simsec=16933.7
     Messages:  created: 5333843   present: 1099   in FES: 120
** Event #5318912   t=384.637412923966   Elapsed: 249.043s (4m 09s)  76% completed  (38% total)
     Speed:     ev/sec=17039.4   simsec/sec=1.02125   ev/simsec=16684.9
     Messages:  created: 5367690   present: 1092   in FES: 126
** Event #5354752   t=386.888327652557   Elapsed: 251.047s (4m 11s)  77% completed  (38% total)
     Speed:     ev/sec=17884.7   simsec/sec=1.12324   ev/simsec=15922.4
     Messages:  created: 5404415   present: 1096   in FES: 126
** Event #5396736   t=389.523662696261   Elapsed: 253.06s (4m 13s)  77% completed  (38% total)
     Speed:     ev/sec=20860.3   simsec/sec=1.3094   ev/simsec=15931.2
     Messages:  created: 5447120   present: 1097   in FES: 120
** Event #5434112   t=391.612882149228   Elapsed: 255.076s (4m 15s)  78% completed  (39% total)
     Speed:     ev/sec=18535.8   simsec/sec=1.0361   ev/simsec=17889.9
     Messages:  created: 5485603   present: 1069   in FES: 112
** Event #5481728   t=394.504918034294   Elapsed: 257.101s (4m 17s)  78% completed  (39% total)
     Speed:     ev/sec=23520.4   simsec/sec=1.42855   ev/simsec=16464.5
     Messages:  created: 5536465   present: 1060   in FES: 107
** Event #5522944   t=396.892598157269   Elapsed: 259.103s (4m 19s)  79% completed  (39% total)
     Speed:     ev/sec=20582.2   simsec/sec=1.19235   ev/simsec=17261.9
     Messages:  created: 5580554   present: 1043   in FES: 98
** Event #5567488   t=399.57445730442   Elapsed: 261.122s (4m 21s)  79% completed  (39% total)
     Speed:     ev/sec=22063.3   simsec/sec=1.32837   ev/simsec=16609.4
     Messages:  created: 5626981   present: 1085   in FES: 112
** Event #5611264   t=402.392551619123   Elapsed: 263.132s (4m 23s)  80% completed  (40% total)
     Speed:     ev/sec=21783.9   simsec/sec=1.40235   ev/simsec=15533.9
     Messages:  created: 5672870   present: 1052   in FES: 127
** Event #5647616   t=404.600199401465   Elapsed: 265.14s (4m 25s)  80% completed  (40% total)
     Speed:     ev/sec=18105.8   simsec/sec=1.09956   ev/simsec=16466.4
     Messages:  created: 5709814   present: 1097   in FES: 120
** Event #5692160   t=407.391532389027   Elapsed: 267.145s (4m 27s)  81% completed  (40% total)
     Speed:     ev/sec=22209.9   simsec/sec=1.39177   ev/simsec=15958
     Messages:  created: 5756759   present: 1111   in FES: 126
** Event #5734144   t=409.706515108911   Elapsed: 269.154s (4m 29s)  81% completed  (40% total)
     Speed:     ev/sec=20899.2   simsec/sec=1.15238   ev/simsec=18135.8
     Messages:  created: 5800557   present: 1037   in FES: 96
** Event #5780224   t=412.204678919299   Elapsed: 271.16s (4m 31s)  82% completed  (41% total)
     Speed:     ev/sec=22970.9   simsec/sec=1.24534   ev/simsec=18445.5
     Messages:  created: 5849751   present: 1105   in FES: 140
** Event #5817856   t=414.591727172857   Elapsed: 273.177s (4m 33s)  82% completed  (41% total)
     Speed:     ev/sec=18663.3   simsec/sec=1.18384   ev/simsec=15765.1
     Messages:  created: 5888370   present: 1108   in FES: 121
** Event #5862912   t=417.512255635187   Elapsed: 275.177s (4m 35s)  83% completed  (41% total)
     Speed:     ev/sec=22526.5   simsec/sec=1.46016   ev/simsec=15427.3
     Messages:  created: 5935667   present: 1101   in FES: 122
** Event #5903616   t=419.57503799058   Elapsed: 277.19s (4m 37s)  83% completed  (41% total)
     Speed:     ev/sec=20221.2   simsec/sec=1.02476   ev/simsec=19732.6
     Messages:  created: 5978904   present: 1113   in FES: 126
** Event #5944576   t=422.031607325369   Elapsed: 279.19s (4m 39s)  84% completed  (42% total)
     Speed:     ev/sec=20471.7   simsec/sec=1.22778   ev/simsec=16673.7
     Messages:  created: 6022094   present: 1092   in FES: 117
** Event #5987840   t=424.558896787894   Elapsed: 281.197s (4m 41s)  84% completed  (42% total)
     Speed:     ev/sec=21556.4   simsec/sec=1.25923   ev/simsec=17118.7
     Messages:  created: 6066597   present: 1092   in FES: 117
** Event #6028800   t=427.073529807034   Elapsed: 283.202s (4m 43s)  85% completed  (42% total)
     Speed:     ev/sec=20432   simsec/sec=1.25437   ev/simsec=16288.7
     Messages:  created: 6108711   present: 1116   in FES: 126
** Event #6070272   t=429.53326127893   Elapsed: 285.232s (4m 45s)  85% completed  (42% total)
     Speed:     ev/sec=20425.6   simsec/sec=1.21146   ev/simsec=16860.4
     Messages:  created: 6151782   present: 1093   in FES: 126
** Event #6106112   t=431.554905179449   Elapsed: 287.247s (4m 47s)  86% completed  (43% total)
     Speed:     ev/sec=17790   simsec/sec=1.00349   ev/simsec=17728.1
     Messages:  created: 6187628   present: 1067   in FES: 110
** Event #6150912   t=433.416727879529   Elapsed: 289.251s (4m 49s)  86% completed  (43% total)
     Speed:     ev/sec=22361.1   simsec/sec=0.929297   ev/simsec=24062.4
     Messages:  created: 6238201   present: 1176   in FES: 137
** Event #6190592   t=435.165869957557   Elapsed: 291.255s (4m 51s)  87% completed  (43% total)
     Speed:     ev/sec=19792.3   simsec/sec=0.872471   ev/simsec=22685.4
     Messages:  created: 6280427   present: 1133   in FES: 148
** Event #6236416   t=437.509174844129   Elapsed: 293.261s (4m 53s)  87% completed  (43% total)
     Speed:     ev/sec=22851.9   simsec/sec=1.16858   ev/simsec=19555.3
     Messages:  created: 6330723   present: 1111   in FES: 126
** Event #6273792   t=439.562359058299   Elapsed: 295.283s (4m 55s)  87% completed  (43% total)
     Speed:     ev/sec=18485.8   simsec/sec=1.01548   ev/simsec=18203.9
     Messages:  created: 6369315   present: 1072   in FES: 109
** Event #6308864   t=441.598419675593   Elapsed: 297.285s (4m 57s)  88% completed  (44% total)
     Speed:     ev/sec=17510.5   simsec/sec=1.01655   ev/simsec=17225.4
     Messages:  created: 6404750   present: 1030   in FES: 97
** Event #6343936   t=443.596229639706   Elapsed: 299.307s (4m 59s)  88% completed  (44% total)
     Speed:     ev/sec=17353   simsec/sec=0.988482   ev/simsec=17555.2
     Messages:  created: 6439947   present: 1108   in FES: 126
** Event #6378752   t=445.63805259029   Elapsed: 301.31s (5m 01s)  89% completed  (44% total)
     Speed:     ev/sec=17375.1   simsec/sec=1.01898   ev/simsec=17051.4
     Messages:  created: 6474894   present: 1072   in FES: 128
** Event #6423040   t=448.388887996011   Elapsed: 303.311s (5m 03s)  89% completed  (44% total)
     Speed:     ev/sec=22136.8   simsec/sec=1.37497   ev/simsec=16099.8
     Messages:  created: 6520358   present: 1093   in FES: 127
** Event #6461440   t=450.528947515486   Elapsed: 305.312s (5m 05s)  90% completed  (45% total)
     Speed:     ev/sec=19186.6   simsec/sec=1.06928   ev/simsec=17943.4
     Messages:  created: 6560462   present: 1067   in FES: 110
** Event #6499072   t=452.599589228089   Elapsed: 307.315s (5m 07s)  90% completed  (45% total)
     Speed:     ev/sec=18793.1   simsec/sec=1.03406   ev/simsec=18174.1
     Messages:  created: 6598547   present: 1091   in FES: 116
** Event #6541056   t=455.541841777799   Elapsed: 309.331s (5m 09s)  91% completed  (45% total)
     Speed:     ev/sec=20820.2   simsec/sec=1.45909   ev/simsec=14269.3
     Messages:  created: 6641023   present: 1103   in FES: 126
** Event #6579712   t=458.054790869298   Elapsed: 311.336s (5m 11s)  91% completed  (45% total)
     Speed:     ev/sec=19282.8   simsec/sec=1.25354   ev/simsec=15382.7
     Messages:  created: 6680599   present: 1027   in FES: 96
** Event #6619392   t=460.599666743053   Elapsed: 313.343s (5m 13s)  92% completed  (46% total)
     Speed:     ev/sec=19774.8   simsec/sec=1.26826   ev/simsec=15592.1
     Messages:  created: 6720963   present: 1033   in FES: 98
** Event #6663424   t=463.551841093941   Elapsed: 315.344s (5m 15s)  92% completed  (46% total)
     Speed:     ev/sec=21998.1   simsec/sec=1.47489   ev/simsec=14915.1
     Messages:  created: 6767601   present: 1089   in FES: 116
** Event #6706944   t=466.571441336403   Elapsed: 317.364s (5m 17s)  93% completed  (46% total)
     Speed:     ev/sec=21543.9   simsec/sec=1.49481   ev/simsec=14412.5
     Messages:  created: 6812395   present: 1069   in FES: 112
** Event #6753280   t=469.587698659993   Elapsed: 319.37s (5m 19s)  93% completed  (46% total)
     Speed:     ev/sec=23099.7   simsec/sec=1.50368   ev/simsec=15362.1
     Messages:  created: 6861465   present: 1112   in FES: 123
** Event #6797312   t=472.637636014627   Elapsed: 321.372s (5m 21s)  94% completed  (47% total)
     Speed:     ev/sec=21998.5   simsec/sec=1.52376   ev/simsec=14437
     Messages:  created: 6907602   present: 1062   in FES: 122
** Event #6845696   t=476.147936093203   Elapsed: 323.372s (5m 23s)  95% completed  (47% total)
     Speed:     ev/sec=24187.8   simsec/sec=1.75485   ev/simsec=13783.4
     Messages:  created: 6957766   present: 1118   in FES: 127
** Event #6888448   t=479.530813858476   Elapsed: 325.378s (5m 25s)  95% completed  (47% total)
     Speed:     ev/sec=21316   simsec/sec=1.6867   ev/simsec=12637.8
     Messages:  created: 7001447   present: 1072   in FES: 111
** Event #6934272   t=483.028888798682   Elapsed: 327.379s (5m 27s)  96% completed  (48% total)
     Speed:     ev/sec=22899.7   simsec/sec=1.7481   ev/simsec=13099.8
     Messages:  created: 7048300   present: 1113   in FES: 126
** Event #6977536   t=486.048191966456   Elapsed: 329.382s (5m 29s)  97% completed  (48% total)
     Speed:     ev/sec=21596.5   simsec/sec=1.50717   ev/simsec=14329.1
     Messages:  created: 7092510   present: 1108   in FES: 123
** Event #7021568   t=489.088364262751   Elapsed: 331.39s (5m 31s)  97% completed  (48% total)
     Speed:     ev/sec=21932   simsec/sec=1.51428   ev/simsec=14483.4
     Messages:  created: 7137751   present: 1038   in FES: 112
** Event #7066880   t=492.547828860837   Elapsed: 333.398s (5m 33s)  98% completed  (49% total)
     Speed:     ev/sec=22566.7   simsec/sec=1.72292   ev/simsec=13098
     Messages:  created: 7184427   present: 1101   in FES: 120
** Event #7107072   t=495.57043391297   Elapsed: 335.411s (5m 35s)  99% completed  (49% total)
     Speed:     ev/sec=19962.6   simsec/sec=1.50127   ev/simsec=13297.1
     Messages:  created: 7224958   present: 1071   in FES: 110
** Event #7151616   t=499.032001427241   Elapsed: 337.413s (5m 37s)  99% completed  (49% total)
     Speed:     ev/sec=22252.1   simsec/sec=1.72924   ev/simsec=12868.2
     Messages:  created: 7270390   present: 1100   in FES: 119
** Event #7163333   t=500   Elapsed: 337.987s (5m 37s)  100% completed  (50% total)
     Speed:     ev/sec=20403   simsec/sec=1.67976   ev/simsec=12146.4
     Messages:  created: 7282463   present: 1021   in FES: 95

<!> Simulation time limit reached -- at t=500s, event #7163333
undisposed object: (omnetpp::cMessage) FanetStressNetwork.uav[0].app.debugTimer -- check module destructor
undisposed object: (omnetpp::cMessage) FanetStressNetwork.uav[1].app.debugTimer -- check module destructor
undisposed object: (omnetpp::cMessage) FanetStressNetwork.uav[2].app.debugTimer -- check module destructor
undisposed object: (omnetpp::cMessage) FanetStressNetwork.uav[3].app.debugTimer -- check module destructor
undisposed object: (omnetpp::cMessage) FanetStressNetwork.uav[4].app.debugTimer -- check module destructor
undisposed object: (omnetpp::cMessage) FanetStressNetwork.uav[5].app.debugTimer -- check module destructor
undisposed object: (omnetpp::cMessage) FanetStressNetwork.uav[6].app.debugTimer -- check module destructor
undisposed object: (omnetpp::cMessage) FanetStressNetwork.uav[7].app.debugTimer -- check module destructor
undisposed object: (omnetpp::cMessage) FanetStressNetwork.uav[8].app.debugTimer -- check module destructor
undisposed object: (omnetpp::cMessage) FanetStressNetwork.uav[9].app.debugTimer -- check module destructor
undisposed object: (omnetpp::cMessage) FanetStressNetwork.uav[10].app.debugTimer -- check module destructor
undisposed object: (omnetpp::cMessage) FanetStressNetwork.uav[11].app.debugTimer -- check module destructor
undisposed object: (omnetpp::cMessage) FanetStressNetwork.uav[12].app.debugTimer -- check module destructor
undisposed object: (omnetpp::cMessage) FanetStressNetwork.uav[13].app.debugTimer -- check module destructor
undisposed object: (omnetpp::cMessage) FanetStressNetwork.uav[14].app.debugTimer -- check module destructor
undisposed object: (omnetpp::cMessage) FanetStressNetwork.uav[15].app.debugTimer -- check module destructor
undisposed object: (omnetpp::cMessage) FanetStressNetwork.uav[16].app.debugTimer -- check module destructor
undisposed object: (omnetpp::cMessage) FanetStressNetwork.uav[17].app.debugTimer -- check module destructor
undisposed object: (omnetpp::cMessage) FanetStressNetwork.uav[18].app.debugTimer -- check module destructor
undisposed object: (omnetpp::cMessage) FanetStressNetwork.uav[19].app.debugTimer -- check module destructor
undisposed object: (omnetpp::cMessage) FanetStressNetwork.uav[20].app.debugTimer -- check module destructor
undisposed object: (omnetpp::cMessage) FanetStressNetwork.uav[21].app.debugTimer -- check module destructor
undisposed object: (omnetpp::cMessage) FanetStressNetwork.uav[22].app.debugTimer -- check module destructor
undisposed object: (omnetpp::cMessage) FanetStressNetwork.uav[23].app.debugTimer -- check module destructor
undisposed object: (omnetpp::cMessage) FanetStressNetwork.uav[24].app.debugTimer -- check module destructor
undisposed object: (omnetpp::cMessage) FanetStressNetwork.uav[25].app.debugTimer -- check module destructor
undisposed object: (omnetpp::cMessage) FanetStressNetwork.uav[26].app.debugTimer -- check module destructor
undisposed object: (omnetpp::cMessage) FanetStressNetwork.uav[27].app.debugTimer -- check module destructor
undisposed object: (omnetpp::cMessage) FanetStressNetwork.uav[28].app.debugTimer -- check module destructor
undisposed object: (omnetpp::cMessage) FanetStressNetwork.uav[29].app.debugTimer -- check module destructor
