** Event #0   t=0   Elapsed: 1.6e-05s (0m 00s)  0% completed  (0% total)
     Speed:     ev/sec=0   simsec/sec=0   ev/simsec=0
     Messages:  created: 1081   present: 1081   in FES: 161
** Event #51200   t=5.04203893498   Elapsed: 2.00453s (0m 02s)  1% completed  (0% total)
     Speed:     ev/sec=25542.9   simsec/sec=2.51535   ev/simsec=10154.8
     Messages:  created: 41986   present: 1108   in FES: 123
** Event #79872   t=7.9   Elapsed: 4.00787s (0m 04s)  1% completed  (0% total)
     Speed:     ev/sec=14312   simsec/sec=1.42659   ev/simsec=10032.3
     Messages:  created: 63935   present: 1021   in FES: 95
** Event #110080   t=10.576608916578   Elapsed: 6.01226s (0m 06s)  2% completed  (1% total)
     Speed:     ev/sec=15070.9   simsec/sec=1.33537   ev/simsec=11285.9
     Messages:  created: 87154   present: 1098   in FES: 119
** Event #140544   t=13.573206571554   Elapsed: 8.0257s (0m 08s)  2% completed  (1% total)
     Speed:     ev/sec=15130.3   simsec/sec=1.4883   ev/simsec=10166.2
     Messages:  created: 110652   present: 1072   in FES: 111
** Event #169984   t=16.540376268501   Elapsed: 10.0347s (0m 10s)  3% completed  (1% total)
     Speed:     ev/sec=14654.2   simsec/sec=1.47696   ev/simsec=9921.91
     Messages:  created: 133057   present: 1087   in FES: 114
** Event #200704   t=19.557275156482   Elapsed: 12.0396s (0m 12s)  3% completed  (1% total)
     Speed:     ev/sec=15322.4   simsec/sec=1.50476   ev/simsec=10182.6
     Messages:  created: 157087   present: 1109   in FES: 124
** Event #231424   t=22.574489687356   Elapsed: 14.055s (0m 14s)  4% completed  (2% total)
     Speed:     ev/sec=15242.1   simsec/sec=1.49702   ev/simsec=10181.6
     Messages:  created: 181213   present: 1070   in FES: 111
** Event #261632   t=25.584293539564   Elapsed: 16.075s (0m 16s)  5% completed  (2% total)
     Speed:     ev/sec=14955   simsec/sec=1.49006   ev/simsec=10036.5
     Messages:  created: 204988   present: 1111   in FES: 124
** Event #297472   t=29.534614373631   Elapsed: 18.0777s (0m 18s)  5% completed  (2% total)
     Speed:     ev/sec=17895.9   simsec/sec=1.9725   ev/simsec=9072.68
     Messages:  created: 233388   present: 1068   in FES: 111
** Event #328960   t=32.586184639623   Elapsed: 20.0941s (0m 20s)  6% completed  (3% total)
     Speed:     ev/sec=15615.3   simsec/sec=1.51331   ev/simsec=10318.6
     Messages:  created: 258597   present: 1096   in FES: 117
** Event #364032   t=36.540343845171   Elapsed: 22.1145s (0m 22s)  7% completed  (3% total)
     Speed:     ev/sec=17359.2   simsec/sec=1.95715   ev/simsec=8869.65
     Messages:  created: 287068   present: 1104   in FES: 121
** Event #396032   t=39.967716500785   Elapsed: 24.1279s (0m 24s)  7% completed  (3% total)
     Speed:     ev/sec=15893.7   simsec/sec=1.7023   ev/simsec=9336.6
     Messages:  created: 312353   present: 1021   in FES: 95
** Event #429056   t=43.061002345398   Elapsed: 26.1313s (0m 26s)  8% completed  (4% total)
     Speed:     ev/sec=16483.6   simsec/sec=1.54399   ev/simsec=10676
     Messages:  created: 338232   present: 1025   in FES: 96
** Event #459776   t=46.056447954737   Elapsed: 28.1363s (0m 28s)  9% completed  (4% total)
     Speed:     ev/sec=15322.2   simsec/sec=1.49404   ev/simsec=10255.6
     Messages:  created: 361843   present: 1110   in FES: 125
** Event #488960   t=49.017156821109   Elapsed: 30.1404s (0m 30s)  9% completed  (4% total)
     Speed:     ev/sec=14561.6   simsec/sec=1.47727   ev/simsec=9857.1
     Messages:  created: 384079   present: 1104   in FES: 121
** Event #518144   t=51.587222123759   Elapsed: 32.1664s (0m 32s)  10% completed  (5% total)
     Speed:     ev/sec=14405.2   simsec/sec=1.26858   ev/simsec=11355.4
     Messages:  created: 406529   present: 1100   in FES: 121
** Event #548096   t=54.557363246659   Elapsed: 34.1809s (0m 34s)  10% completed  (5% total)
     Speed:     ev/sec=14867.8   simsec/sec=1.47434   ev/simsec=10084.4
     Messages:  created: 429497   present: 1082   in FES: 113
** Event #579328   t=57.575446982909   Elapsed: 36.2061s (0m 36s)  11% completed  (5% total)
     Speed:     ev/sec=15421.9   simsec/sec=1.49029   ev/simsec=10348.3
     Messages:  created: 453741   present: 1088   in FES: 126
** Event #609792   t=60.579823619743   Elapsed: 38.2117s (0m 38s)  12% completed  (6% total)
     Speed:     ev/sec=15189.8   simsec/sec=1.49803   ev/simsec=10139.9
     Messages:  created: 477267   present: 1080   in FES: 113
** Event #640000   t=63.572564842703   Elapsed: 40.2395s (0m 40s)  12% completed  (6% total)
     Speed:     ev/sec=14896.3   simsec/sec=1.47579   ev/simsec=10093.8
     Messages:  created: 500492   present: 1068   in FES: 111
** Event #670976   t=66.58252901088   Elapsed: 42.2613s (0m 42s)  13% completed  (6% total)
     Speed:     ev/sec=15321.2   simsec/sec=1.48877   ev/simsec=10291.2
     Messages:  created: 524551   present: 1116   in FES: 125
** Event #705280   t=70.084455017294   Elapsed: 44.2673s (0m 44s)  14% completed  (7% total)
     Speed:     ev/sec=17100.9   simsec/sec=1.74575   ev/simsec=9795.75
     Messages:  created: 551736   present: 1098   in FES: 126
** Event #737280   t=73.553662492633   Elapsed: 46.2946s (0m 46s)  14% completed  (7% total)
     Speed:     ev/sec=15784.7   simsec/sec=1.71126   ev/simsec=9224.01
     Messages:  created: 577249   present: 1079   in FES: 114
** Event #768256   t=76.582889588637   Elapsed: 48.3065s (0m 48s)  15% completed  (7% total)
     Speed:     ev/sec=15396.5   simsec/sec=1.50566   ev/simsec=10225.7
     Messages:  created: 601491   present: 1048   in FES: 103
** Event #802048   t=80.07274967796   Elapsed: 50.3079s (0m 50s)  16% completed  (8% total)
     Speed:     ev/sec=16884   simsec/sec=1.74369   ev/simsec=9682.91
     Messages:  created: 628362   present: 1094   in FES: 117
** Event #833280   t=83.529448009842   Elapsed: 52.3199s (0m 52s)  16% completed  (8% total)
     Speed:     ev/sec=15522.9   simsec/sec=1.71805   ev/simsec=9035.21
     Messages:  created: 653047   present: 1118   in FES: 126
** Event #865792   t=87.013154636122   Elapsed: 54.3224s (0m 54s)  17% completed  (8% total)
     Speed:     ev/sec=16235.1   simsec/sec=1.73962   ev/simsec=9332.59
     Messages:  created: 678950   present: 1079   in FES: 114
** Event #899584   t=90.515549392846   Elapsed: 56.3279s (0m 56s)  18% completed  (9% total)
     Speed:     ev/sec=16850   simsec/sec=1.74643   ev/simsec=9648.26
     Messages:  created: 705627   present: 1065   in FES: 110
** Event #931840   t=93.553334697557   Elapsed: 58.3373s (0m 58s)  18% completed  (9% total)
     Speed:     ev/sec=16052.6   simsec/sec=1.51179   ev/simsec=10618.3
     Messages:  created: 731309   present: 1113   in FES: 124
** Event #967168   t=97.084453687491   Elapsed: 60.3452s (1m 00s)  19% completed  (9% total)
     Speed:     ev/sec=17594.9   simsec/sec=1.75865   ev/simsec=10004.8
     Messages:  created: 759195   present: 1087   in FES: 126
** Event #998144   t=100.088333316648   Elapsed: 62.3489s (1m 02s)  20% completed  (10% total)
     Speed:     ev/sec=15458.8   simsec/sec=1.49911   ev/simsec=10312
     Messages:  created: 783298   present: 1066   in FES: 109
** Event #1033984   t=102.578549447708   Elapsed: 64.3621s (1m 04s)  20% completed  (10% total)
     Speed:     ev/sec=17802.7   simsec/sec=1.23696   ev/simsec=14392.3
     Messages:  created: 817907   present: 1058   in FES: 105
** Event #1073152   t=105.300924930686   Elapsed: 66.3666s (1m 06s)  21% completed  (10% total)
     Speed:     ev/sec=19540.5   simsec/sec=1.35817   ev/simsec=14387.4
     Messages:  created: 855509   present: 1062   in FES: 127
** Event #1106176   t=107.540642962184   Elapsed: 68.3773s (1m 08s)  21% completed  (10% total)
     Speed:     ev/sec=16423.6   simsec/sec=1.11386   ev/simsec=14744.7
     Messages:  created: 887032   present: 1043   in FES: 100
** Event #1138944   t=109.723559412708   Elapsed: 70.382s (1m 10s)  21% completed  (10% total)
     Speed:     ev/sec=16345.9   simsec/sec=1.08892   ev/simsec=15011.1
     Messages:  created: 918656   present: 1081   in FES: 116
** Event #1178112   t=112.531314866451   Elapsed: 72.3875s (1m 12s)  22% completed  (11% total)
     Speed:     ev/sec=19530.7   simsec/sec=1.40006   ev/simsec=13949.9
     Messages:  created: 956987   present: 1049   in FES: 100
** Event #1212160   t=114.805687897063   Elapsed: 74.3893s (1m 14s)  22% completed  (11% total)
     Speed:     ev/sec=17008.6   simsec/sec=1.13616   ev/simsec=14970.3
     Messages:  created: 990203   present: 1093   in FES: 126
** Event #1255168   t=117.5453917405   Elapsed: 76.3911s (1m 16s)  23% completed  (11% total)
     Speed:     ev/sec=21484   simsec/sec=1.36858   ev/simsec=15698
     Messages:  created: 1033843   present: 1098   in FES: 119
** Event #1294336   t=120.045324041785   Elapsed: 78.3922s (1m 18s)  24% completed  (12% total)
     Speed:     ev/sec=19574   simsec/sec=1.24933   ev/simsec=15667.6
     Messages:  created: 1073575   present: 1081   in FES: 114
** Event #1334784   t=122.545375837283   Elapsed: 80.4027s (1m 20s)  24% completed  (12% total)
     Speed:     ev/sec=20118.1   simsec/sec=1.24348   ev/simsec=16178.9
     Messages:  created: 1115134   present: 1098   in FES: 119
** Event #1373440   t=125.031393230766   Elapsed: 82.4086s (1m 22s)  25% completed  (12% total)
     Speed:     ev/sec=19271.1   simsec/sec=1.23935   ev/simsec=15549.4
     Messages:  created: 1154693   present: 1110   in FES: 121
** Event #1414144   t=127.555689446969   Elapsed: 84.4224s (1m 24s)  25% completed  (12% total)
     Speed:     ev/sec=20212.6   simsec/sec=1.2535   ev/simsec=16124.9
     Messages:  created: 1195957   present: 1119   in FES: 126
** Event #1451520   t=129.826656158548   Elapsed: 86.4225s (1m 26s)  25% completed  (12% total)
     Speed:     ev/sec=18686.3   simsec/sec=1.13538   ev/simsec=16458.2
     Messages:  created: 1234070   present: 1022   in FES: 96
** Event #1495296   t=132.525465096307   Elapsed: 88.4294s (1m 28s)  26% completed  (13% total)
     Speed:     ev/sec=21813.5   simsec/sec=1.34481   ev/simsec=16220.5
     Messages:  created: 1279555   present: 1123   in FES: 124
** Event #1534976   t=134.973557942879   Elapsed: 90.4299s (1m 30s)  26% completed  (13% total)
     Speed:     ev/sec=19835.1   simsec/sec=1.22374   ev/simsec=16208.5
     Messages:  created: 1320907   present: 1115   in FES: 144
** Event #1576448   t=137.550925097084   Elapsed: 92.4496s (1m 32s)  27% completed  (13% total)
     Speed:     ev/sec=20533.8   simsec/sec=1.27612   ev/simsec=16090.8
     Messages:  created: 1362549   present: 1062   in FES: 127
** Event #1612544   t=140.019463560739   Elapsed: 94.45s (1m 34s)  28% completed  (14% total)
     Speed:     ev/sec=18044.5   simsec/sec=1.23403   ev/simsec=14622.4
     Messages:  created: 1398280   present: 1118   in FES: 126
** Event #1651456   t=142.531256325132   Elapsed: 96.4582s (1m 36s)  28% completed  (14% total)
     Speed:     ev/sec=19375.9   simsec/sec=1.25072   ev/simsec=15491.7
     Messages:  created: 1436644   present: 1123   in FES: 122
** Event #1690112   t=145.051351893923   Elapsed: 98.4662s (1m 38s)  29% completed  (14% total)
     Speed:     ev/sec=19251.6   simsec/sec=1.25507   ev/simsec=15339.1
     Messages:  created: 1475328   present: 1036   in FES: 125
** Event #1727232   t=147.540634070701   Elapsed: 100.491s (1m 40s)  29% completed  (14% total)
     Speed:     ev/sec=18332   simsec/sec=1.22935   ev/simsec=14911.9
     Messages:  created: 1512330   present: 1071   in FES: 110
** Event #1768192   t=149.593354182439   Elapsed: 102.503s (1m 42s)  29% completed  (14% total)
     Speed:     ev/sec=20357.5   simsec/sec=1.02022   ev/simsec=19954
     Messages:  created: 1555843   present: 1056   in FES: 105
** Event #1811200   t=152.52270863144   Elapsed: 104.526s (1m 44s)  30% completed  (15% total)
     Speed:     ev/sec=21261.5   simsec/sec=1.44816   ev/simsec=14681.7
     Messages:  created: 1600125   present: 1102   in FES: 126
** Event #1850368   t=155.01310127793   Elapsed: 106.533s (1m 46s)  31% completed  (15% total)
     Speed:     ev/sec=19512   simsec/sec=1.24062   ev/simsec=15727.6
     Messages:  created: 1639898   present: 1110   in FES: 126
** Event #1890048   t=157.473291591777   Elapsed: 108.534s (1m 48s)  31% completed  (15% total)
     Speed:     ev/sec=19828.8   simsec/sec=1.2294   ev/simsec=16128.8
     Messages:  created: 1679941   present: 1086   in FES: 126
** Event #1926144   t=159.58428544297   Elapsed: 110.546s (1m 50s)  31% completed  (15% total)
     Speed:     ev/sec=17939.6   simsec/sec=1.04916   ev/simsec=17099.1
     Messages:  created: 1715272   present: 1104   in FES: 119
** Event #1961728   t=162.013153922772   Elapsed: 112.549s (1m 52s)  32% completed  (16% total)
     Speed:     ev/sec=17765.2   simsec/sec=1.2126   ev/simsec=14650.4
     Messages:  created: 1750597   present: 1111   in FES: 124
** Event #2003200   t=164.523481619046   Elapsed: 114.558s (1m 54s)  32% completed  (16% total)
     Speed:     ev/sec=20643.6   simsec/sec=1.24957   ev/simsec=16520.6
     Messages:  created: 1792097   present: 1100   in FES: 119
** Event #2038528   t=166.557366184939   Elapsed: 116.56s (1m 56s)  33% completed  (16% total)
     Speed:     ev/sec=17647.5   simsec/sec=1.01599   ev/simsec=17369.7
     Messages:  created: 1827808   present: 1098   in FES: 115
** Event #2080768   t=169.510040855605   Elapsed: 118.562s (1m 58s)  33% completed  (16% total)
     Speed:     ev/sec=21104.3   simsec/sec=1.47524   ev/simsec=14305.7
     Messages:  created: 1870578   present: 1075   in FES: 114
** Event #2116864   t=171.576205646708   Elapsed: 120.566s (2m 00s)  34% completed  (17% total)
     Speed:     ev/sec=18013.2   simsec/sec=1.03109   ev/simsec=17470
     Messages:  created: 1905841   present: 1104   in FES: 123
** Event #2153984   t=174.031361277212   Elapsed: 122.568s (2m 02s)  34% completed  (17% total)
     Speed:     ev/sec=18536.4   simsec/sec=1.22602   ev/simsec=15119.2
     Messages:  created: 1942141   present: 1104   in FES: 126
** Event #2192896   t=176.518675356412   Elapsed: 124.584s (2m 04s)  35% completed  (17% total)
     Speed:     ev/sec=19302.8   simsec/sec=1.23387   ev/simsec=15644.2
     Messages:  created: 1979909   present: 1093   in FES: 126
** Event #2228224   t=178.578100540704   Elapsed: 126.584s (2m 06s)  35% completed  (17% total)
     Speed:     ev/sec=17660.7   simsec/sec=1.02952   ev/simsec=17154.3
     Messages:  created: 2014317   present: 1100   in FES: 126
** Event #2263808   t=181.008929201405   Elapsed: 128.586s (2m 08s)  36% completed  (18% total)
     Speed:     ev/sec=17781.9   simsec/sec=1.21473   ev/simsec=14638.6
     Messages:  created: 2049291   present: 1077   in FES: 114
** Event #2303744   t=183.52027786753   Elapsed: 130.595s (2m 10s)  36% completed  (18% total)
     Speed:     ev/sec=19873.2   simsec/sec=1.24971   ev/simsec=15902.2
     Messages:  created: 2088421   present: 1103   in FES: 120
** Event #2338816   t=185.543690497591   Elapsed: 132.619s (2m 12s)  37% completed  (18% total)
     Speed:     ev/sec=17331.8   simsec/sec=0.999925   ev/simsec=17333.1
     Messages:  created: 2123112   present: 1048   in FES: 103
** Event #2374912   t=187.576258066529   Elapsed: 134.634s (2m 14s)  37% completed  (18% total)
     Speed:     ev/sec=17906.6   simsec/sec=1.00832   ev/simsec=17758.8
     Messages:  created: 2159269   present: 1079   in FES: 114
** Event #2411008   t=189.806299659298   Elapsed: 136.635s (2m 16s)  37% completed  (18% total)
     Speed:     ev/sec=18045.6   simsec/sec=1.11487   ev/simsec=16186.2
     Messages:  created: 2195778   present: 1124   in FES: 155
** Event #2446592   t=192.019516819718   Elapsed: 138.639s (2m 18s)  38% completed  (19% total)
     Speed:     ev/sec=17750.2   simsec/sec=1.10401   ev/simsec=16078
     Messages:  created: 2231028   present: 1080   in FES: 113
** Event #2487296   t=194.536993075589   Elapsed: 140.672s (2m 20s)  38% completed  (19% total)
     Speed:     ev/sec=20029.3   simsec/sec=1.23878   ev/simsec=16168.6
     Messages:  created: 2270953   present: 1041   in FES: 102
** Event #2521088   t=196.55096956657   Elapsed: 142.673s (2m 22s)  39% completed  (19% total)
     Speed:     ev/sec=16882.8   simsec/sec=1.0062   ev/simsec=16778.7
     Messages:  created: 2303857   present: 1057   in FES: 106
** Event #2555648   t=198.582225199903   Elapsed: 144.699s (2m 24s)  39% completed  (19% total)
     Speed:     ev/sec=17064.3   simsec/sec=1.00295   ev/simsec=17014.1
     Messages:  created: 2337525   present: 1090   in FES: 111
** Event #2594048   t=201.068607145855   Elapsed: 146.71s (2m 26s)  40% completed  (20% total)
     Speed:     ev/sec=19087.6   simsec/sec=1.23591   ev/simsec=15444.1
     Messages:  created: 2375477   present: 1079   in FES: 114
** Event #2630912   t=203.546312829783   Elapsed: 148.723s (2m 28s)  40% completed  (20% total)
     Speed:     ev/sec=18315.6   simsec/sec=1.23103   ev/simsec=14878.3
     Messages:  created: 2411918   present: 1072   in FES: 111
** Event #2673664   t=206.301361518576   Elapsed: 150.725s (2m 30s)  41% completed  (20% total)
     Speed:     ev/sec=21356.2   simsec/sec=1.37625   ev/simsec=15517.7
     Messages:  created: 2454680   present: 1035   in FES: 127
** Event #2709504   t=208.583258094124   Elapsed: 152.725s (2m 32s)  41% completed  (20% total)
     Speed:     ev/sec=17916.5   simsec/sec=1.14073   ev/simsec=15706.2
     Messages:  created: 2489770   present: 1112   in FES: 121
** Event #2750464   t=211.551358599719   Elapsed: 154.737s (2m 34s)  42% completed  (21% total)
     Speed:     ev/sec=20355.5   simsec/sec=1.47503   ev/simsec=13800.1
     Messages:  created: 2529676   present: 1112   in FES: 123
** Event #2790144   t=214.331547029621   Elapsed: 156.742s (2m 36s)  42% completed  (21% total)
     Speed:     ev/sec=19792.2   simsec/sec=1.38675   ev/simsec=14272.4
     Messages:  created: 2568503   present: 1025   in FES: 96
** Event #2829312   t=217.055954057731   Elapsed: 158.746s (2m 38s)  43% completed  (21% total)
     Speed:     ev/sec=19548.7   simsec/sec=1.35975   ev/simsec=14376.7
     Messages:  created: 2606849   present: 1121   in FES: 130
** Event #2867200   t=219.590539700982   Elapsed: 160.763s (2m 40s)  43% completed  (21% total)
     Speed:     ev/sec=18786.2   simsec/sec=1.25674   ev/simsec=14948.4
     Messages:  created: 2643651   present: 1114   in FES: 125
** Event #2907648   t=222.545076020118   Elapsed: 162.771s (2m 42s)  44% completed  (22% total)
     Speed:     ev/sec=20138.3   simsec/sec=1.47101   ev/simsec=13690.1
     Messages:  created: 2682829   present: 1077   in FES: 114
** Event #2949376   t=225.305956236248   Elapsed: 164.774s (2m 44s)  45% completed  (22% total)
     Speed:     ev/sec=20834.8   simsec/sec=1.37851   ev/simsec=15114
     Messages:  created: 2723948   present: 1049   in FES: 104
** Event #2988544   t=228.019951625657   Elapsed: 166.774s (2m 46s)  45% completed  (22% total)
     Speed:     ev/sec=19579.4   simsec/sec=1.35668   ev/simsec=14431.9
     Messages:  created: 2763101   present: 1093   in FES: 126
** Event #3029760   t=230.581537315549   Elapsed: 168.777s (2m 48s)  46% completed  (23% total)
     Speed:     ev/sec=20582.7   simsec/sec=1.27922   ev/simsec=16090
     Messages:  created: 2804219   present: 1107   in FES: 120
** Event #3071232   t=233.532642468114   Elapsed: 170.789s (2m 50s)  46% completed  (23% total)
     Speed:     ev/sec=20608.9   simsec/sec=1.46651   ev/simsec=14053
     Messages:  created: 2845829   present: 1050   in FES: 101
** Event #3111168   t=236.076169184035   Elapsed: 172.791s (2m 52s)  47% completed  (23% total)
     Speed:     ev/sec=19952   simsec/sec=1.27075   ev/simsec=15701
     Messages:  created: 2886109   present: 1100   in FES: 119
** Event #3148800   t=238.586694926355   Elapsed: 174.802s (2m 54s)  47% completed  (23% total)
     Speed:     ev/sec=18715.6   simsec/sec=1.24856   ev/simsec=14989.7
     Messages:  created: 2924359   present: 1101   in FES: 126
** Event #3192064   t=241.583190764827   Elapsed: 176.806s (2m 56s)  48% completed  (24% total)
     Speed:     ev/sec=21585.2   simsec/sec=1.495   ev/simsec=14438.2
     Messages:  created: 2968782   present: 1081   in FES: 114
** Event #3235072   t=244.550968369814   Elapsed: 178.809s (2m 58s)  48% completed  (24% total)
     Speed:     ev/sec=21473.7   simsec/sec=1.4818   ev/simsec=14491.7
     Messages:  created: 3012541   present: 1127   in FES: 135
** Event #3279104   t=247.531159407962   Elapsed: 180.821s (3m 00s)  49% completed  (24% total)
     Speed:     ev/sec=21887.8   simsec/sec=1.48142   ev/simsec=14774.9
     Messages:  created: 3057862   present: 1115   in FES: 126
** Event #3317760   t=250.019517639314   Elapsed: 182.824s (3m 02s)  50% completed  (25% total)
     Speed:     ev/sec=19293.3   simsec/sec=1.24194   ev/simsec=15534.7
     Messages:  created: 3096931   present: 1043   in FES: 100
** Event #3359744   t=252.540319931394   Elapsed: 184.839s (3m 04s)  50% completed  (25% total)
     Speed:     ev/sec=20838.5   simsec/sec=1.25118   ev/simsec=16655
     Messages:  created: 3139587   present: 1096   in FES: 117
** Event #3398656   t=255.023430795467   Elapsed: 186.84s (3m 06s)  51% completed  (25% total)
     Speed:     ev/sec=19440.2   simsec/sec=1.24055   ev/simsec=15670.7
     Messages:  created: 3179214   present: 1124   in FES: 127
** Event #3440128   t=257.521052223466   Elapsed: 188.858s (3m 08s)  51% completed  (25% total)
     Speed:     ev/sec=20559.4   simsec/sec=1.23817   ev/simsec=16604.6
     Messages:  created: 3220826   present: 1100   in FES: 117
** Event #3475712   t=259.555909920719   Elapsed: 190.87s (3m 10s)  51% completed  (25% total)
     Speed:     ev/sec=17678.7   simsec/sec=1.01095   ev/simsec=17487.2
     Messages:  created: 3256297   present: 1098   in FES: 127
** Event #3511040   t=261.580277861787   Elapsed: 192.893s (3m 12s)  52% completed  (26% total)
     Speed:     ev/sec=17464.1   simsec/sec=1.00073   ev/simsec=17451.4
     Messages:  created: 3291357   present: 1074   in FES: 111
** Event #3547136   t=264.005966408533   Elapsed: 194.895s (3m 14s)  52% completed  (26% total)
     Speed:     ev/sec=18033.8   simsec/sec=1.21189   ev/simsec=14880.7
     Messages:  created: 3327380   present: 1057   in FES: 108
** Event #3580928   t=266.030870172716   Elapsed: 196.897s (3m 16s)  53% completed  (26% total)
     Speed:     ev/sec=16876.7   simsec/sec=1.01129   ev/simsec=16688.2
     Messages:  created: 3360193   present: 1070   in FES: 108
** Event #3619072   t=268.519975626695   Elapsed: 198.928s (3m 18s)  53% completed  (26% total)
     Speed:     ev/sec=18786.7   simsec/sec=1.22594   ev/simsec=15324.4
     Messages:  created: 3397635   present: 1093   in FES: 126
** Event #3653888   t=270.563619187322   Elapsed: 200.946s (3m 20s)  54% completed  (27% total)
     Speed:     ev/sec=17250.2   simsec/sec=1.01256   ev/simsec=17036.2
     Messages:  created: 3431855   present: 1103   in FES: 118
** Event #3689984   t=273.019952849856   Elapsed: 202.958s (3m 22s)  54% completed  (27% total)
     Speed:     ev/sec=17943   simsec/sec=1.22102   ev/simsec=14695.1
     Messages:  created: 3467561   present: 1105   in FES: 126
** Event #3727104   t=275.537384308098   Elapsed: 204.964s (3m 24s)  55% completed  (27% total)
     Speed:     ev/sec=18504.7   simsec/sec=1.25497   ev/simsec=14745.2
     Messages:  created: 3503915   present: 1046   in FES: 103
** Event #3766528   t=278.070761698064   Elapsed: 206.964s (3m 26s)  55% completed  (27% total)
     Speed:     ev/sec=19707.8   simsec/sec=1.26642   ev/simsec=15561.8
     Messages:  created: 3542506   present: 1075   in FES: 112
** Event #3802880   t=280.573532718137   Elapsed: 208.974s (3m 28s)  56% completed  (28% total)
     Speed:     ev/sec=18081.2   simsec/sec=1.24486   ev/simsec=14524.7
     Messages:  created: 3578491   present: 1058   in FES: 107
** Event #3846656   t=283.534394918785   Elapsed: 210.991s (3m 30s)  56% completed  (28% total)
     Speed:     ev/sec=21711.3   simsec/sec=1.46848   ev/simsec=14784.9
     Messages:  created: 3623064   present: 1089   in FES: 114
** Event #3885312   t=286.055955927123   Elapsed: 212.991s (3m 32s)  57% completed  (28% total)
     Speed:     ev/sec=19323.8   simsec/sec=1.2605   ev/simsec=15330.2
     Messages:  created: 3662072   present: 1051   in FES: 104
** Event #3922944   t=288.597334390426   Elapsed: 215.005s (3m 35s)  57% completed  (28% total)
     Speed:     ev/sec=18687.5   simsec/sec=1.26201   ev/simsec=14807.7
     Messages:  created: 3698944   present: 1093   in FES: 126
** Event #3963648   t=291.527548494247   Elapsed: 217.012s (3m 37s)  58% completed  (29% total)
     Speed:     ev/sec=20279.1   simsec/sec=1.45986   ev/simsec=13891.1
     Messages:  created: 3738928   present: 1119   in FES: 124
** Event #3997696   t=293.556271234434   Elapsed: 219.013s (3m 39s)  58% completed  (29% total)
     Speed:     ev/sec=17018.8   simsec/sec=1.01405   ev/simsec=16783
     Messages:  created: 3772457   present: 1136   in FES: 141
** Event #4038912   t=296.076170086172   Elapsed: 221.013s (3m 41s)  59% completed  (29% total)
     Speed:     ev/sec=20603.9   simsec/sec=1.2597   ev/simsec=16356.2
     Messages:  created: 3813269   present: 1078   in FES: 111
** Event #4076288   t=298.557161104722   Elapsed: 223.022s (3m 43s)  59% completed  (29% total)
     Speed:     ev/sec=18605.3   simsec/sec=1.23501   ev/simsec=15064.9
     Messages:  created: 3850260   present: 1045   in FES: 98
** Event #4109824   t=300.59437221936   Elapsed: 225.025s (3m 45s)  60% completed  (30% total)
     Speed:     ev/sec=16746.7   simsec/sec=1.01731   ev/simsec=16461.7
     Messages:  created: 3882839   present: 1110   in FES: 125
** Event #4148480   t=303.082123194402   Elapsed: 227.027s (3m 47s)  60% completed  (30% total)
     Speed:     ev/sec=19303.3   simsec/sec=1.24228   ev/simsec=15538.5
     Messages:  created: 3921079   present: 1030   in FES: 97
** Event #4185088   t=305.550099648161   Elapsed: 229.056s (3m 49s)  61% completed  (30% total)
     Speed:     ev/sec=18047.3   simsec/sec=1.21668   ev/simsec=14833.2
     Messages:  created: 3957735   present: 1069   in FES: 110
** Event #4227328   t=308.516011421438   Elapsed: 231.07s (3m 51s)  61% completed  (30% total)
     Speed:     ev/sec=20967.8   simsec/sec=1.47227   ev/simsec=14241.8
     Messages:  created: 3999880   present: 1058   in FES: 107
** Event #4265984   t=311.031135120022   Elapsed: 233.076s (3m 53s)  62% completed  (31% total)
     Speed:     ev/sec=19266.5   simsec/sec=1.25356   ev/simsec=15369.4
     Messages:  created: 4038338   present: 1056   in FES: 103
** Event #4308480   t=314.013154753901   Elapsed: 235.079s (3m 55s)  62% completed  (31% total)
     Speed:     ev/sec=21223.9   simsec/sec=1.48932   ev/simsec=14250.7
     Messages:  created: 4081545   present: 1072   in FES: 111
** Event #4347136   t=316.539593530064   Elapsed: 237.102s (3m 57s)  63% completed  (31% total)
     Speed:     ev/sec=19107.6   simsec/sec=1.24881   ev/simsec=15300.6
     Messages:  created: 4119526   present: 1120   in FES: 125
** Event #4387584   t=319.423507298495   Elapsed: 239.108s (3m 59s)  63% completed  (31% total)
     Speed:     ev/sec=20163.7   simsec/sec=1.43766   ev/simsec=14025.4
     Messages:  created: 4158924   present: 1021   in FES: 95
** Event #4425216   t=322.050244074027   Elapsed: 241.111s (4m 01s)  64% completed  (32% total)
     Speed:     ev/sec=18789.9   simsec/sec=1.31155   ev/simsec=14326.5
     Messages:  created: 4194830   present: 1058   in FES: 107
** Event #4461056   t=324.577213959876   Elapsed: 243.113s (4m 03s)  64% completed  (32% total)
     Speed:     ev/sec=17897.4   simsec/sec=1.26189   ev/simsec=14183
     Messages:  created: 4228849   present: 1082   in FES: 127
** Event #4500480   t=327.515976718004   Elapsed: 245.129s (4m 05s)  65% completed  (32% total)
     Speed:     ev/sec=19553.4   simsec/sec=1.45756   ev/simsec=13415.2
     Messages:  created: 4266737   present: 1098   in FES: 121
** Event #4535040   t=329.579538622387   Elapsed: 247.155s (4m 07s)  65% completed  (32% total)
     Speed:     ev/sec=17064.2   simsec/sec=1.0189   ev/simsec=16747.7
     Messages:  created: 4299553   present: 1039   in FES: 98
** Event #4574720   t=332.518224580069   Elapsed: 249.159s (4m 09s)  66% completed  (33% total)
     Speed:     ev/sec=19799.9   simsec/sec=1.46637   ev/simsec=13502.6
     Messages:  created: 4338290   present: 1110   in FES: 123
** Event #4609536   t=334.554689330436   Elapsed: 251.173s (4m 11s)  66% completed  (33% total)
     Speed:     ev/sec=17282.7   simsec/sec=1.0109   ev/simsec=17096.3
     Messages:  created: 4372654   present: 1124   in FES: 125
** Event #4647168   t=337.015446156658   Elapsed: 253.181s (4m 13s)  67% completed  (33% total)
     Speed:     ev/sec=18745.9   simsec/sec=1.22579   ev/simsec=15292.9
     Messages:  created: 4409979   present: 1074   in FES: 111
** Event #4687360   t=339.544107725405   Elapsed: 255.219s (4m 15s)  67% completed  (33% total)
     Speed:     ev/sec=19722.3   simsec/sec=1.24082   ev/simsec=15894.6
     Messages:  created: 4449509   present: 1084   in FES: 113
** Event #4723200   t=342.017157440189   Elapsed: 257.224s (4m 17s)  68% completed  (34% total)
     Speed:     ev/sec=17869.4   simsec/sec=1.23304   ev/simsec=14492.2
     Messages:  created: 4485260   present: 1104   in FES: 121
** Event #4761600   t=344.542554283384   Elapsed: 259.235s (4m 19s)  68% completed  (34% total)
     Speed:     ev/sec=19094.1   simsec/sec=1.25573   ev/simsec=15205.5
     Messages:  created: 4523095   present: 1091   in FES: 118
** Event #4802816   t=347.473526610554   Elapsed: 261.241s (4m 21s)  69% completed  (34% total)
     Speed:     ev/sec=20553   simsec/sec=1.46157   ev/simsec=14062.2
     Messages:  created: 4563721   present: 1112   in FES: 138
** Event #4840192   t=349.805921405384   Elapsed: 263.252s (4m 23s)  69% completed  (34% total)
     Speed:     ev/sec=18582.3   simsec/sec=1.1596   ev/simsec=16024.7
     Messages:  created: 4601473   present: 1099   in FES: 140
** Event #4881664   t=352.578100690954   Elapsed: 265.256s (4m 25s)  70% completed  (35% total)
     Speed:     ev/sec=20698.4   simsec/sec=1.38358   ev/simsec=14960.1
     Messages:  created: 4642490   present: 1114   in FES: 126
** Event #4922112   t=355.326657020196   Elapsed: 267.26s (4m 27s)  71% completed  (35% total)
     Speed:     ev/sec=20184   simsec/sec=1.37156   ev/simsec=14716.1
     Messages:  created: 4683150   present: 1085   in FES: 126
** Event #4957184   t=357.59838562668   Elapsed: 269.261s (4m 29s)  71% completed  (35% total)
     Speed:     ev/sec=17526.6   simsec/sec=1.13526   ev/simsec=15438.5
     Messages:  created: 4718016   present: 1051   in FES: 106
** Event #4998144   t=360.532347135657   Elapsed: 271.284s (4m 31s)  72% completed  (36% total)
     Speed:     ev/sec=20248.6   simsec/sec=1.45041   ev/simsec=13960.6
     Messages:  created: 4759151   present: 1071   in FES: 104
** Event #5034496   t=363.027464983191   Elapsed: 273.286s (4m 33s)  72% completed  (36% total)
     Speed:     ev/sec=18153.9   simsec/sec=1.24604   ev/simsec=14569.3
     Messages:  created: 4794539   present: 1110   in FES: 126
** Event #5071616   t=365.539560381752   Elapsed: 275.286s (4m 35s)  73% completed  (36% total)
     Speed:     ev/sec=18557.1   simsec/sec=1.25585   ev/simsec=14776.5
     Messages:  created: 4830263   present: 1100   in FES: 126
** Event #5104896   t=367.600744070353   Elapsed: 277.289s (4m 37s)  73% completed  (36% total)
     Speed:     ev/sec=16621.4   simsec/sec=1.02944   ev/simsec=16146.1
     Messages:  created: 4862193   present: 1112   in FES: 125
** Event #5146368   t=370.515825623273   Elapsed: 279.3s (4m 39s)  74% completed  (37% total)
     Speed:     ev/sec=20616.6   simsec/sec=1.44915   ev/simsec=14226.7
     Messages:  created: 4902991   present: 1065   in FES: 110
** Event #5180416   t=372.541549753584   Elapsed: 281.319s (4m 41s)  74% completed  (37% total)
     Speed:     ev/sec=16865.8   simsec/sec=1.00345   ev/simsec=16807.8
     Messages:  created: 4936066   present: 1204   in FES: 154
** Event #5214720   t=374.58318116918   Elapsed: 283.335s (4m 43s)  74% completed  (37% total)
     Speed:     ev/sec=17018.7   simsec/sec=1.01288   ev/simsec=16802.2
     Messages:  created: 4969573   present: 1122   in FES: 126
** Event #5251072   t=377.050244123195   Elapsed: 285.337s (4m 45s)  75% completed  (37% total)
     Speed:     ev/sec=18150   simsec/sec=1.23176   ev/simsec=14734.9
     Messages:  created: 5005591   present: 1064   in FES: 109
** Event #5289472   t=379.525206955428   Elapsed: 287.352s (4m 47s)  75% completed  (37% total)
     Speed:     ev/sec=19056.6   simsec/sec=1.22824   ev/simsec=15515.4
     Messages:  created: 5044659   present: 1081   in FES: 110
** Event #5326080   t=381.774243143512   Elapsed: 289.36s (4m 49s)  76% completed  (38% total)
     Speed:     ev/sec=18238.3   simsec/sec=1.12048   ev/simsec=16277.2
     Messages:  created: 5081734   present: 1078   in FES: 128
** Event #5367296   t=384.521965758387   Elapsed: 291.372s (4m 51s)  76% completed  (38% total)
     Speed:     ev/sec=20478.8   simsec/sec=1.36525   ev/simsec=15000.1
     Messages:  created: 5123747   present: 1076   in FES: 113
** Event #5403904   t=386.827575465471   Elapsed: 293.379s (4m 53s)  77% completed  (38% total)
     Speed:     ev/sec=18239.4   simsec/sec=1.14874   ev/simsec=15877.8
     Messages:  created: 5160748   present: 1104   in FES: 126
** Event #5446656   t=389.574869624955   Elapsed: 295.405s (4m 55s)  77% completed  (38% total)
     Speed:     ev/sec=21102.9   simsec/sec=1.3561   ev/simsec=15561.5
     Messages:  created: 5203643   present: 1080   in FES: 115
** Event #5487104   t=392.050969855028   Elapsed: 297.406s (4m 57s)  78% completed  (39% total)
     Speed:     ev/sec=20213.9   simsec/sec=1.23743   ev/simsec=16335.4
     Messages:  created: 5245850   present: 1084   in FES: 115
** Event #5528320   t=394.582194567884   Elapsed: 299.418s (4m 59s)  78% completed  (39% total)
     Speed:     ev/sec=20485.9   simsec/sec=1.25812   ev/simsec=16283
     Messages:  created: 5288411   present: 1122   in FES: 123
** Event #5570560   t=397.550968768404   Elapsed: 301.42s (5m 01s)  79% completed  (39% total)
     Speed:     ev/sec=21101.9   simsec/sec=1.48312   ev/simsec=14228.1
     Messages:  created: 5331870   present: 1121   in FES: 132
** Event #5611776   t=400.514045375323   Elapsed: 303.425s (5m 03s)  80% completed  (40% total)
     Speed:     ev/sec=20554.1   simsec/sec=1.47767   ev/simsec=13909.9
     Messages:  created: 5373946   present: 1056   in FES: 105
** Event #5647360   t=402.827462805094   Elapsed: 305.429s (5m 05s)  80% completed  (40% total)
     Speed:     ev/sec=17757.9   simsec/sec=1.15449   ev/simsec=15381.6
     Messages:  created: 5410072   present: 1065   in FES: 108
** Event #5689088   t=405.555955647953   Elapsed: 307.436s (5m 07s)  81% completed  (40% total)
     Speed:     ev/sec=20792.7   simsec/sec=1.35959   ev/simsec=15293.4
     Messages:  created: 5452651   present: 1111   in FES: 122
** Event #5732352   t=408.568438154968   Elapsed: 309.437s (5m 09s)  81% completed  (40% total)
     Speed:     ev/sec=21615.6   simsec/sec=1.5051   ev/simsec=14361.6
     Messages:  created: 5496735   present: 1088   in FES: 126
** Event #5774592   t=411.541312062597   Elapsed: 311.449s (5m 11s)  82% completed  (41% total)
     Speed:     ev/sec=21002.1   simsec/sec=1.47814   ev/simsec=14208.5
     Messages:  created: 5539534   present: 1088   in FES: 117
** Event #5816064   t=414.327481048028   Elapsed: 313.449s (5m 13s)  82% completed  (41% total)
     Speed:     ev/sec=20732.6   simsec/sec=1.39286   ev/simsec=14885
     Messages:  created: 5581854   present: 1102   in FES: 121
** Event #5856256   t=417.07102641493   Elapsed: 315.449s (5m 15s)  83% completed  (41% total)
     Speed:     ev/sec=20093.6   simsec/sec=1.37161   ev/simsec=14649.7
     Messages:  created: 5622456   present: 1102   in FES: 121
** Event #5893888   t=419.587733054198   Elapsed: 317.456s (5m 17s)  83% completed  (41% total)
     Speed:     ev/sec=18754.3   simsec/sec=1.25423   ev/simsec=14952.9
     Messages:  created: 5660679   present: 1101   in FES: 118
** Event #5937920   t=422.806459644503   Elapsed: 319.461s (5m 19s)  84% completed  (42% total)
     Speed:     ev/sec=21958.5   simsec/sec=1.60516   ev/simsec=13679.9
     Messages:  created: 5705488   present: 1122   in FES: 140
** Event #5979392   t=425.578420020127   Elapsed: 321.464s (5m 21s)  85% completed  (42% total)
     Speed:     ev/sec=20700   simsec/sec=1.38357   ev/simsec=14961.3
     Messages:  created: 5747036   present: 1089   in FES: 114
** Event #6021888   t=428.545559576723   Elapsed: 323.484s (5m 23s)  85% completed  (42% total)
     Speed:     ev/sec=21045.4   simsec/sec=1.46942   ev/simsec=14322.2
     Messages:  created: 5790081   present: 1091   in FES: 126
** Event #6060032   t=431.056736620202   Elapsed: 325.487s (5m 25s)  86% completed  (43% total)
     Speed:     ev/sec=19044.2   simsec/sec=1.25376   ev/simsec=15189.7
     Messages:  created: 5828176   present: 1086   in FES: 113
** Event #6095616   t=433.550159348758   Elapsed: 327.506s (5m 27s)  86% completed  (43% total)
     Speed:     ev/sec=17618.5   simsec/sec=1.23455   ev/simsec=14271.1
     Messages:  created: 5862432   present: 1075   in FES: 112
** Event #6132736   t=436.072695338968   Elapsed: 329.507s (5m 29s)  87% completed  (43% total)
     Speed:     ev/sec=18549.4   simsec/sec=1.26055   ev/simsec=14715.4
     Messages:  created: 5898574   present: 1109   in FES: 126
** Event #6171648   t=438.583247832831   Elapsed: 331.513s (5m 31s)  87% completed  (43% total)
     Speed:     ev/sec=19402.7   simsec/sec=1.25183   ev/simsec=15499.4
     Messages:  created: 5938173   present: 1096   in FES: 126
** Event #6211328   t=441.056808250669   Elapsed: 333.518s (5m 33s)  88% completed  (44% total)
     Speed:     ev/sec=19789.4   simsec/sec=1.23362   ev/simsec=16041.7
     Messages:  created: 5979166   present: 1048   in FES: 97
** Event #6252800   t=443.773430747868   Elapsed: 335.522s (5m 35s)  88% completed  (44% total)
     Speed:     ev/sec=20695.4   simsec/sec=1.35565   ev/simsec=15266
     Messages:  created: 6021611   present: 1105   in FES: 127
** Event #6292992   t=446.523584676691   Elapsed: 337.537s (5m 37s)  89% completed  (44% total)
     Speed:     ev/sec=19950   simsec/sec=1.36509   ev/simsec=14614.5
     Messages:  created: 6062204   present: 1082   in FES: 113
** Event #6331904   t=449.042039467136   Elapsed: 339.539s (5m 39s)  89% completed  (44% total)
     Speed:     ev/sec=19433   simsec/sec=1.25774   ev/simsec=15450.7
     Messages:  created: 6101205   present: 1105   in FES: 122
** Event #6370304   t=451.550970083947   Elapsed: 341.548s (5m 41s)  90% completed  (45% total)
     Speed:     ev/sec=19108.9   simsec/sec=1.24851   ev/simsec=15305.3
     Messages:  created: 6139345   present: 1066   in FES: 107
** Event #6406400   t=454.017102236277   Elapsed: 343.554s (5m 43s)  90% completed  (45% total)
     Speed:     ev/sec=18000   simsec/sec=1.22979   ev/simsec=14636.7
     Messages:  created: 6174886   present: 1030   in FES: 97
** Event #6444288   t=456.526568475608   Elapsed: 345.561s (5m 45s)  91% completed  (45% total)
     Speed:     ev/sec=18879.9   simsec/sec=1.25049   ev/simsec=15098
     Messages:  created: 6211295   present: 1100   in FES: 117
** Event #6479872   t=459.015445121904   Elapsed: 347.565s (5m 47s)  91% completed  (45% total)
     Speed:     ev/sec=17749.3   simsec/sec=1.24145   ev/simsec=14297.2
     Messages:  created: 6246087   present: 1107   in FES: 122
** Event #6518784   t=461.538634390337   Elapsed: 349.567s (5m 49s)  92% completed  (46% total)
     Speed:     ev/sec=19438.6   simsec/sec=1.26047   ev/simsec=15421.8
     Messages:  created: 6283645   present: 1063   in FES: 108
** Event #6562560   t=463.540505491404   Elapsed: 351.595s (5m 51s)  92% completed  (46% total)
     Speed:     ev/sec=21589.3   simsec/sec=0.987274   ev/simsec=21867.5
     Messages:  created: 6332432   present: 1107   in FES: 126
** Event #6599424   t=465.826924151422   Elapsed: 353.603s (5m 53s)  93% completed  (46% total)
     Speed:     ev/sec=18360.9   simsec/sec=1.1388   ev/simsec=16123
     Messages:  created: 6368906   present: 1068   in FES: 111
** Event #6640384   t=468.55160292402   Elapsed: 355.61s (5m 55s)  93% completed  (46% total)
     Speed:     ev/sec=20409.4   simsec/sec=1.35764   ev/simsec=15033
     Messages:  created: 6409391   present: 1096   in FES: 118
** Event #6678528   t=471.0453240846   Elapsed: 357.613s (5m 57s)  94% completed  (47% total)
     Speed:     ev/sec=19041   simsec/sec=1.24483   ev/simsec=15296
     Messages:  created: 6447298   present: 1084   in FES: 115
** Event #6718208   t=473.584582427464   Elapsed: 359.623s (5m 59s)  94% completed  (47% total)
     Speed:     ev/sec=19740.2   simsec/sec=1.26324   ev/simsec=15626.6
     Messages:  created: 6487240   present: 1097   in FES: 116
** Event #6758912   t=476.547360086653   Elapsed: 361.634s (6m 01s)  95% completed  (47% total)
     Speed:     ev/sec=20242.4   simsec/sec=1.47341   ev/simsec=13738.5
     Messages:  created: 6528583   present: 1102   in FES: 121
** Event #6800128   t=479.519010089165   Elapsed: 363.646s (6m 03s)  95% completed  (47% total)
     Speed:     ev/sec=20483.2   simsec/sec=1.47683   ev/simsec=13869.7
     Messages:  created: 6571189   present: 1082   in FES: 115
** Event #6840832   t=482.072749527622   Elapsed: 365.657s (6m 05s)  96% completed  (48% total)
     Speed:     ev/sec=20236   simsec/sec=1.26959   ev/simsec=15939
     Messages:  created: 6612241   present: 1088   in FES: 115
** Event #6885376   t=485.223560118152   Elapsed: 367.658s (6m 07s)  97% completed  (48% total)
     Speed:     ev/sec=22270.1   simsec/sec=1.57527   ev/simsec=14137.3
     Messages:  created: 6657544   present: 1052   in FES: 105
** Event #6923008   t=488.016370197664   Elapsed: 369.666s (6m 09s)  97% completed  (48% total)
     Speed:     ev/sec=18740.1   simsec/sec=1.39077   ev/simsec=13474.6
     Messages:  created: 6695325   present: 1029   in FES: 96
** Event #6959616   t=490.523164421145   Elapsed: 371.679s (6m 11s)  98% completed  (49% total)
     Speed:     ev/sec=18185.2   simsec/sec=1.24526   ev/simsec=14603.5
     Messages:  created: 6730680   present: 1095   in FES: 126
** Event #6995200   t=492.578278943135   Elapsed: 373.694s (6m 13s)  98% completed  (49% total)
     Speed:     ev/sec=17656   simsec/sec=1.0197   ev/simsec=17314.9
     Messages:  created: 6766386   present: 1124   in FES: 126
** Event #7033856   t=495.086637417818   Elapsed: 375.699s (6m 15s)  99% completed  (49% total)
     Speed:     ev/sec=19277.8   simsec/sec=1.25092   ev/simsec=15410.9
     Messages:  created: 6804336   present: 1092   in FES: 117
** Event #7070464   t=497.569722745208   Elapsed: 377.704s (6m 17s)  99% completed  (49% total)
     Speed:     ev/sec=18259.3   simsec/sec=1.23851   ev/simsec=14742.9
     Messages:  created: 6841030   present: 1085   in FES: 116
** Event #7104183   t=500   Elapsed: 379.46s (6m 19s)  100% completed  (50% total)
     Speed:     ev/sec=19209.4   simsec/sec=1.3808   ev/simsec=13911.8
     Messages:  created: 6874943   present: 1021   in FES: 95

<!> Simulation time limit reached -- at t=500s, event #7104183
undisposed object: (omnetpp::cMessage) FanetStressNetwork.uav[0].app.debugTimer -- check module destructor
undisposed object: (omnetpp::cMessage) FanetStressNetwork.uav[1].app.debugTimer -- check module destructor
undisposed object: (omnetpp::cMessage) FanetStressNetwork.uav[2].app.debugTimer -- check module destructor
undisposed object: (omnetpp::cMessage) FanetStressNetwork.uav[3].app.debugTimer -- check module destructor
undisposed object: (omnetpp::cMessage) FanetStressNetwork.uav[4].app.debugTimer -- check module destructor
undisposed object: (omnetpp::cMessage) FanetStressNetwork.uav[5].app.debugTimer -- check module destructor
undisposed object: (omnetpp::cMessage) FanetStressNetwork.uav[6].app.debugTimer -- check module destructor
undisposed object: (omnetpp::cMessage) FanetStressNetwork.uav[7].app.debugTimer -- check module destructor
undisposed object: (omnetpp::cMessage) FanetStressNetwork.uav[8].app.debugTimer -- check module destructor
undisposed object: (omnetpp::cMessage) FanetStressNetwork.uav[9].app.debugTimer -- check module destructor
undisposed object: (omnetpp::cMessage) FanetStressNetwork.uav[10].app.debugTimer -- check module destructor
undisposed object: (omnetpp::cMessage) FanetStressNetwork.uav[11].app.debugTimer -- check module destructor
undisposed object: (omnetpp::cMessage) FanetStressNetwork.uav[12].app.debugTimer -- check module destructor
undisposed object: (omnetpp::cMessage) FanetStressNetwork.uav[13].app.debugTimer -- check module destructor
undisposed object: (omnetpp::cMessage) FanetStressNetwork.uav[14].app.debugTimer -- check module destructor
undisposed object: (omnetpp::cMessage) FanetStressNetwork.uav[15].app.debugTimer -- check module destructor
undisposed object: (omnetpp::cMessage) FanetStressNetwork.uav[16].app.debugTimer -- check module destructor
undisposed object: (omnetpp::cMessage) FanetStressNetwork.uav[17].app.debugTimer -- check module destructor
undisposed object: (omnetpp::cMessage) FanetStressNetwork.uav[18].app.debugTimer -- check module destructor
undisposed object: (omnetpp::cMessage) FanetStressNetwork.uav[19].app.debugTimer -- check module destructor
undisposed object: (omnetpp::cMessage) FanetStressNetwork.uav[20].app.debugTimer -- check module destructor
undisposed object: (omnetpp::cMessage) FanetStressNetwork.uav[21].app.debugTimer -- check module destructor
undisposed object: (omnetpp::cMessage) FanetStressNetwork.uav[22].app.debugTimer -- check module destructor
undisposed object: (omnetpp::cMessage) FanetStressNetwork.uav[23].app.debugTimer -- check module destructor
undisposed object: (omnetpp::cMessage) FanetStressNetwork.uav[24].app.debugTimer -- check module destructor
undisposed object: (omnetpp::cMessage) FanetStressNetwork.uav[25].app.debugTimer -- check module destructor
undisposed object: (omnetpp::cMessage) FanetStressNetwork.uav[26].app.debugTimer -- check module destructor
undisposed object: (omnetpp::cMessage) FanetStressNetwork.uav[27].app.debugTimer -- check module destructor
undisposed object: (omnetpp::cMessage) FanetStressNetwork.uav[28].app.debugTimer -- check module destructor
undisposed object: (omnetpp::cMessage) FanetStressNetwork.uav[29].app.debugTimer -- check module destructor
