** Event #0   t=0   Elapsed: 7e-06s (0m 00s)  0% completed  (50% total)
     Speed:     ev/sec=0   simsec/sec=0   ev/simsec=0
     Messages:  created: 381   present: 381   in FES: 61
** Event #70144   t=64.510387810344   Elapsed: 2.00135s (0m 02s)  12% completed  (56% total)
     Speed:     ev/sec=35048.9   simsec/sec=32.2335   ev/simsec=1087.34
     Messages:  created: 53299   present: 366   in FES: 37
** Event #141312   t=108.999754793477   Elapsed: 4.00917s (0m 04s)  21% completed  (60% total)
     Speed:     ev/sec=35445.4   simsec/sec=22.1581   ev/simsec=1599.66
     Messages:  created: 121442   present: 408   in FES: 47
** Event #211712   t=126.001388821944   Elapsed: 6.01473s (0m 06s)  25% completed  (62% total)
     Speed:     ev/sec=35102.3   simsec/sec=8.47722   ev/simsec=4140.78
     Messages:  created: 199802   present: 432   in FES: 38
** Event #283904   t=149.611786638733   Elapsed: 8.01951s (0m 08s)  29% completed  (64% total)
     Speed:     ev/sec=36010   simsec/sec=11.7771   ev/simsec=3057.64
     Messages:  created: 275121   present: 503   in FES: 36
** Event #350976   t=176.590780881041   Elapsed: 10.0221s (0m 10s)  35% completed  (67% total)
     Speed:     ev/sec=33492.7   simsec/sec=13.4721   ev/simsec=2486.08
     Messages:  created: 342292   present: 686   in FES: 46
** Event #417024   t=197.74935344739   Elapsed: 12.029s (0m 12s)  39% completed  (69% total)
     Speed:     ev/sec=32910.5   simsec/sec=10.5429   ev/simsec=3121.57
     Messages:  created: 411439   present: 780   in FES: 47
** Event #482048   t=218.495775142919   Elapsed: 14.0358s (0m 14s)  43% completed  (71% total)
     Speed:     ev/sec=32401.7   simsec/sec=10.338   ev/simsec=3134.23
     Messages:  created: 478973   present: 810   in FES: 46
** Event #554752   t=243.260642136261   Elapsed: 16.0386s (0m 16s)  48% completed  (74% total)
     Speed:     ev/sec=36300.5   simsec/sec=12.3649   ev/simsec=2935.77
     Messages:  created: 555576   present: 703   in FES: 43
** Event #620544   t=264.999399083853   Elapsed: 18.0441s (0m 18s)  52% completed  (76% total)
     Speed:     ev/sec=32806.5   simsec/sec=10.8398   ev/simsec=3026.48
     Messages:  created: 624677   present: 587   in FES: 42
** Event #684032   t=285.115412897719   Elapsed: 20.047s (0m 20s)  57% completed  (78% total)
     Speed:     ev/sec=31698.3   simsec/sec=10.0435   ev/simsec=3156.09
     Messages:  created: 691074   present: 594   in FES: 53
** Event #750080   t=305.049466496037   Elapsed: 22.0523s (0m 22s)  61% completed  (80% total)
     Speed:     ev/sec=32935.6   simsec/sec=9.94036   ev/simsec=3313.33
     Messages:  created: 760358   present: 591   in FES: 46
** Event #812544   t=325.249130365672   Elapsed: 24.0587s (0m 24s)  65% completed  (82% total)
     Speed:     ev/sec=31132.9   simsec/sec=10.0678   ev/simsec=3092.33
     Messages:  created: 823758   present: 570   in FES: 37
** Event #876544   t=348.745995494869   Elapsed: 26.0639s (0m 26s)  69% completed  (84% total)
     Speed:     ev/sec=31917.4   simsec/sec=11.7181   ev/simsec=2723.77
     Messages:  created: 886861   present: 657   in FES: 47
** Event #936192   t=370.527752681948   Elapsed: 28.0658s (0m 28s)  74% completed  (87% total)
     Speed:     ev/sec=29796.1   simsec/sec=10.8807   ev/simsec=2738.44
     Messages:  created: 944304   present: 688   in FES: 37
** Event #1002496   t=397.013753761848   Elapsed: 30.0738s (0m 30s)  79% completed  (89% total)
     Speed:     ev/sec=33019.2   simsec/sec=13.19   ev/simsec=2503.36
     Messages:  created: 1009144   present: 792   in FES: 47
** Event #1067264   t=420.50438925872   Elapsed: 32.083s (0m 32s)  84% completed  (92% total)
     Speed:     ev/sec=32236.2   simsec/sec=11.6917   ev/simsec=2757.18
     Messages:  created: 1073774   present: 693   in FES: 46
** Event #1128192   t=436.760374158155   Elapsed: 34.0834s (0m 34s)  87% completed  (93% total)
     Speed:     ev/sec=30457.8   simsec/sec=8.12633   ev/simsec=3748.03
     Messages:  created: 1135969   present: 649   in FES: 37
** Event #1187584   t=452.746754947892   Elapsed: 36.0845s (0m 36s)  90% completed  (95% total)
     Speed:     ev/sec=29679.4   simsec/sec=7.98872   ev/simsec=3715.16
     Messages:  created: 1196790   present: 664   in FES: 45
** Event #1253888   t=472.752097482208   Elapsed: 38.0869s (0m 38s)  94% completed  (97% total)
     Speed:     ev/sec=33111.7   simsec/sec=9.99051   ev/simsec=3314.31
     Messages:  created: 1263714   present: 693   in FES: 47
** Event #1315840   t=492.996282885574   Elapsed: 40.0914s (0m 40s)  98% completed  (99% total)
     Speed:     ev/sec=30906.2   simsec/sec=10.0993   ev/simsec=3060.24
     Messages:  created: 1325446   present: 700   in FES: 54
** Event #1334158   t=500   Elapsed: 40.6131s (0m 40s)  100% completed  (100% total)
     Speed:     ev/sec=35110.8   simsec/sec=13.4239   ev/simsec=2615.55
     Messages:  created: 1343050   present: 690   in FES: 37

<!> Simulation time limit reached -- at t=500s, event #1334158
undisposed object: (omnetpp::cMessage) FanetStressNetwork.uav[0].app.debugTimer -- check module destructor
undisposed object: (omnetpp::cMessage) FanetStressNetwork.uav[1].app.debugTimer -- check module destructor
undisposed object: (omnetpp::cMessage) FanetStressNetwork.uav[2].app.debugTimer -- check module destructor
undisposed object: (omnetpp::cMessage) FanetStressNetwork.uav[3].app.debugTimer -- check module destructor
undisposed object: (omnetpp::cMessage) FanetStressNetwork.uav[4].app.debugTimer -- check module destructor
undisposed object: (omnetpp::cMessage) FanetStressNetwork.uav[5].app.debugTimer -- check module destructor
undisposed object: (omnetpp::cMessage) FanetStressNetwork.uav[6].app.debugTimer -- check module destructor
undisposed object: (omnetpp::cMessage) FanetStressNetwork.uav[7].app.debugTimer -- check module destructor
undisposed object: (omnetpp::cMessage) FanetStressNetwork.uav[8].app.debugTimer -- check module destructor
undisposed object: (omnetpp::cMessage) FanetStressNetwork.uav[9].app.debugTimer -- check module destructor
