** Event #0   t=0   Elapsed: 9e-06s (0m 00s)  0% completed  (50% total)
     Speed:     ev/sec=0   simsec/sec=0   ev/simsec=0
     Messages:  created: 1081   present: 1081   in FES: 161
** Event #44544   t=5.040737165109   Elapsed: 2.00456s (0m 02s)  1% completed  (50% total)
     Speed:     ev/sec=22221.9   simsec/sec=2.51464   ev/simsec=8837
     Messages:  created: 39042   present: 1030   in FES: 97
** Event #84992   t=9.564186023972   Elapsed: 4.01085s (0m 04s)  1% completed  (50% total)
     Speed:     ev/sec=20160.7   simsec/sec=2.25464   ev/simsec=8941.85
     Messages:  created: 72688   present: 1085   in FES: 115
** Event #120320   t=13.536731608268   Elapsed: 6.01547s (0m 06s)  2% completed  (51% total)
     Speed:     ev/sec=17623.3   simsec/sec=1.98169   ev/simsec=8893.04
     Messages:  created: 101752   present: 1040   in FES: 99
** Event #157696   t=17.56925785543   Elapsed: 8.0165s (0m 08s)  3% completed  (51% total)
     Speed:     ev/sec=18678.5   simsec/sec=2.01523   ev/simsec=9268.63
     Messages:  created: 132431   present: 1078   in FES: 113
** Event #194304   t=22.009882645113   Elapsed: 10.0182s (0m 10s)  4% completed  (52% total)
     Speed:     ev/sec=18288.6   simsec/sec=2.21845   ev/simsec=8243.88
     Messages:  created: 162919   present: 1087   in FES: 126
** Event #230144   t=25.591263939383   Elapsed: 12.0375s (0m 12s)  5% completed  (52% total)
     Speed:     ev/sec=17748.4   simsec/sec=1.77355   ev/simsec=10007.3
     Messages:  created: 192164   present: 1098   in FES: 121
** Event #265728   t=29.531033382596   Elapsed: 14.0457s (0m 14s)  5% completed  (52% total)
     Speed:     ev/sec=17719.7   simsec/sec=1.96188   ev/simsec=9032
     Messages:  created: 220705   present: 1075   in FES: 108
** Event #299008   t=33.02721010785   Elapsed: 16.0462s (0m 16s)  6% completed  (53% total)
     Speed:     ev/sec=16636   simsec/sec=1.74767   ev/simsec=9518.97
     Messages:  created: 247138   present: 1113   in FES: 122
** Event #333312   t=36.545311063792   Elapsed: 18.0644s (0m 18s)  7% completed  (53% total)
     Speed:     ev/sec=16997.2   simsec/sec=1.74317   ev/simsec=9750.72
     Messages:  created: 274572   present: 1106   in FES: 121
** Event #368384   t=40.515504446841   Elapsed: 20.0687s (0m 20s)  8% completed  (54% total)
     Speed:     ev/sec=17498   simsec/sec=1.9808   ev/simsec=8833.83
     Messages:  created: 302771   present: 1092   in FES: 119
** Event #399616   t=43.55085549858   Elapsed: 22.0915s (0m 22s)  8% completed  (54% total)
     Speed:     ev/sec=15440.3   simsec/sec=1.5006   ev/simsec=10289.4
     Messages:  created: 327898   present: 1081   in FES: 114
** Event #433664   t=47.063232763379   Elapsed: 24.0966s (0m 24s)  9% completed  (54% total)
     Speed:     ev/sec=16980.1   simsec/sec=1.75166   ev/simsec=9693.72
     Messages:  created: 354903   present: 1077   in FES: 112
** Event #465920   t=50.529337280164   Elapsed: 26.1061s (0m 26s)  10% completed  (55% total)
     Speed:     ev/sec=16051.9   simsec/sec=1.72488   ev/simsec=9306.12
     Messages:  created: 380302   present: 1112   in FES: 125
** Event #495616   t=53.523689691373   Elapsed: 28.1111s (0m 28s)  10% completed  (55% total)
     Speed:     ev/sec=14811.2   simsec/sec=1.49347   ev/simsec=9917.34
     Messages:  created: 403193   present: 1090   in FES: 119
** Event #525824   t=56.509995448666   Elapsed: 30.1209s (0m 30s)  11% completed  (55% total)
     Speed:     ev/sec=15030.2   simsec/sec=1.48586   ev/simsec=10115.5
     Messages:  created: 426494   present: 1099   in FES: 122
** Event #551168   t=58.585301853541   Elapsed: 32.1375s (0m 32s)  11% completed  (55% total)
     Speed:     ev/sec=12567.4   simsec/sec=1.02909   ev/simsec=12212.2
     Messages:  created: 445993   present: 1030   in FES: 97
** Event #580864   t=61.54744639804   Elapsed: 34.1541s (0m 34s)  12% completed  (56% total)
     Speed:     ev/sec=14726   simsec/sec=1.4689   ev/simsec=10025.2
     Messages:  created: 468905   present: 1119   in FES: 126
** Event #611328   t=64.54697492698   Elapsed: 36.1567s (0m 36s)  12% completed  (56% total)
     Speed:     ev/sec=15212.1   simsec/sec=1.49781   ev/simsec=10156.3
     Messages:  created: 492272   present: 1088   in FES: 115
** Event #641024   t=67.551783663493   Elapsed: 38.1722s (0m 38s)  13% completed  (56% total)
     Speed:     ev/sec=14733.8   simsec/sec=1.49085   ev/simsec=9882.83
     Messages:  created: 515331   present: 1089   in FES: 118
** Event #672256   t=70.578303766779   Elapsed: 40.1883s (0m 40s)  14% completed  (57% total)
     Speed:     ev/sec=15491.4   simsec/sec=1.50119   ev/simsec=10319.4
     Messages:  created: 539906   present: 1095   in FES: 118
** Event #702464   t=73.574933903345   Elapsed: 42.1989s (0m 42s)  14% completed  (57% total)
     Speed:     ev/sec=15024.4   simsec/sec=1.49042   ev/simsec=10080.7
     Messages:  created: 563384   present: 1101   in FES: 118
** Event #732160   t=76.538242758861   Elapsed: 44.2081s (0m 44s)  15% completed  (57% total)
     Speed:     ev/sec=14780.3   simsec/sec=1.4749   ev/simsec=10021.2
     Messages:  created: 585882   present: 1053   in FES: 104
** Event #762112   t=79.515035674539   Elapsed: 46.2096s (0m 46s)  15% completed  (57% total)
     Speed:     ev/sec=14964.7   simsec/sec=1.48727   ev/simsec=10061.8
     Messages:  created: 608368   present: 1088   in FES: 117
** Event #787456   t=81.570093770433   Elapsed: 48.22s (0m 48s)  16% completed  (58% total)
     Speed:     ev/sec=12606.5   simsec/sec=1.02222   ev/simsec=12332.5
     Messages:  created: 627354   present: 1067   in FES: 108
** Event #816384   t=84.532255950296   Elapsed: 50.23s (0m 50s)  16% completed  (58% total)
     Speed:     ev/sec=14391.6   simsec/sec=1.47366   ev/simsec=9765.84
     Messages:  created: 649199   present: 1061   in FES: 108
** Event #846592   t=87.52603237415   Elapsed: 52.2479s (0m 52s)  17% completed  (58% total)
     Speed:     ev/sec=14970.2   simsec/sec=1.48363   ev/simsec=10090.3
     Messages:  created: 672875   present: 1114   in FES: 123
** Event #877312   t=90.55525090528   Elapsed: 54.2601s (0m 54s)  18% completed  (59% total)
     Speed:     ev/sec=15266.9   simsec/sec=1.50543   ev/simsec=10141.2
     Messages:  created: 697104   present: 1097   in FES: 126
** Event #908032   t=93.619812221375   Elapsed: 56.2732s (0m 56s)  18% completed  (59% total)
     Speed:     ev/sec=15260.3   simsec/sec=1.52234   ev/simsec=10024.3
     Messages:  created: 721659   present: 1021   in FES: 95
** Event #943104   t=97.531680453169   Elapsed: 58.2941s (0m 58s)  19% completed  (59% total)
     Speed:     ev/sec=17354.2   simsec/sec=1.93566   ev/simsec=8965.54
     Messages:  created: 749427   present: 1074   in FES: 113
** Event #974848   t=100.553976100361   Elapsed: 60.3119s (1m 00s)  20% completed  (60% total)
     Speed:     ev/sec=15732.3   simsec/sec=1.49784   ev/simsec=10503.3
     Messages:  created: 775147   present: 1029   in FES: 96
** Event #1014016   t=103.063232984327   Elapsed: 62.3193s (1m 02s)  20% completed  (60% total)
     Speed:     ev/sec=19512.2   simsec/sec=1.25003   ev/simsec=15609.4
     Messages:  created: 814347   present: 1044   in FES: 101
** Event #1050368   t=105.528838946717   Elapsed: 64.3448s (1m 04s)  21% completed  (60% total)
     Speed:     ev/sec=17946.5   simsec/sec=1.21723   ev/simsec=14743.6
     Messages:  created: 850568   present: 1032   in FES: 97
** Event #1084416   t=107.577073713155   Elapsed: 66.3577s (1m 06s)  21% completed  (60% total)
     Speed:     ev/sec=16915.5   simsec/sec=1.01759   ev/simsec=16623.1
     Messages:  created: 883765   present: 1088   in FES: 115
** Event #1119232   t=109.778839629148   Elapsed: 68.3594s (1m 08s)  21% completed  (60% total)
     Speed:     ev/sec=17392.7   simsec/sec=1.09992   ev/simsec=15812.8
     Messages:  created: 917925   present: 1092   in FES: 126
** Event #1154048   t=112.014999255529   Elapsed: 70.3668s (1m 10s)  22% completed  (61% total)
     Speed:     ev/sec=17343.8   simsec/sec=1.11396   ev/simsec=15569.6
     Messages:  created: 952093   present: 1080   in FES: 115
** Event #1189632   t=114.047810109566   Elapsed: 72.3694s (1m 12s)  22% completed  (61% total)
     Speed:     ev/sec=17769   simsec/sec=1.01509   ev/simsec=17504.8
     Messages:  created: 986319   present: 1082   in FES: 115
** Event #1226752   t=116.370392142731   Elapsed: 74.3702s (1m 14s)  23% completed  (61% total)
     Speed:     ev/sec=18552.3   simsec/sec=1.16081   ev/simsec=15982.2
     Messages:  created: 1022451   present: 1075   in FES: 114
** Event #1260544   t=118.527819344611   Elapsed: 76.3752s (1m 16s)  23% completed  (61% total)
     Speed:     ev/sec=16853.9   simsec/sec=1.07603   ev/simsec=15663.1
     Messages:  created: 1055437   present: 1067   in FES: 108
** Event #1294848   t=120.544682796111   Elapsed: 78.4s (1m 18s)  24% completed  (62% total)
     Speed:     ev/sec=16941.9   simsec/sec=0.996079   ev/simsec=17008.6
     Messages:  created: 1089615   present: 1118   in FES: 126
** Event #1329920   t=122.593303508897   Elapsed: 80.4199s (1m 20s)  24% completed  (62% total)
     Speed:     ev/sec=17363.8   simsec/sec=1.01425   ev/simsec=17119.8
     Messages:  created: 1124652   present: 1027   in FES: 96
** Event #1369088   t=125.047810163021   Elapsed: 82.4219s (1m 22s)  25% completed  (62% total)
     Speed:     ev/sec=19564.6   simsec/sec=1.22603   ev/simsec=15957.6
     Messages:  created: 1164738   present: 1064   in FES: 109
** Event #1408768   t=127.54567999448   Elapsed: 84.4321s (1m 24s)  25% completed  (62% total)
     Speed:     ev/sec=19739.4   simsec/sec=1.2426   ev/simsec=15885.5
     Messages:  created: 1205505   present: 1091   in FES: 118
** Event #1446144   t=130.009937710833   Elapsed: 86.4385s (1m 26s)  26% completed  (63% total)
     Speed:     ev/sec=18628.4   simsec/sec=1.2282   ev/simsec=15167.2
     Messages:  created: 1244068   present: 1083   in FES: 116
** Event #1487872   t=132.538033237101   Elapsed: 88.4613s (1m 28s)  26% completed  (63% total)
     Speed:     ev/sec=20628.7   simsec/sec=1.24979   ev/simsec=16505.7
     Messages:  created: 1286393   present: 1092   in FES: 111
** Event #1526528   t=135.025713858778   Elapsed: 90.4661s (1m 30s)  27% completed  (63% total)
     Speed:     ev/sec=19281.8   simsec/sec=1.24087   ev/simsec=15539
     Messages:  created: 1325488   present: 1089   in FES: 116
** Event #1564672   t=137.520000065302   Elapsed: 92.4874s (1m 32s)  27% completed  (63% total)
     Speed:     ev/sec=18870.7   simsec/sec=1.23398   ev/simsec=15292.6
     Messages:  created: 1363212   present: 1030   in FES: 97
** Event #1599488   t=139.580241114654   Elapsed: 94.4884s (1m 34s)  27% completed  (63% total)
     Speed:     ev/sec=17399.3   simsec/sec=1.02961   ev/simsec=16899
     Messages:  created: 1396582   present: 1051   in FES: 104
** Event #1638144   t=142.279106682118   Elapsed: 96.4918s (1m 36s)  28% completed  (64% total)
     Speed:     ev/sec=19295.4   simsec/sec=1.34716   ev/simsec=14323.1
     Messages:  created: 1433920   present: 1098   in FES: 121
** Event #1672704   t=144.575179333326   Elapsed: 98.5067s (1m 38s)  28% completed  (64% total)
     Speed:     ev/sec=17151.8   simsec/sec=1.13952   ev/simsec=15051.8
     Messages:  created: 1467382   present: 1104   in FES: 126
** Event #1707264   t=147.03626224439   Elapsed: 100.507s (1m 40s)  29% completed  (64% total)
     Speed:     ev/sec=17275.3   simsec/sec=1.23021   ev/simsec=14042.6
     Messages:  created: 1500477   present: 1065   in FES: 106
** Event #1742592   t=149.537346476819   Elapsed: 102.509s (1m 42s)  29% completed  (64% total)
     Speed:     ev/sec=17648.1   simsec/sec=1.24942   ev/simsec=14125.1
     Messages:  created: 1533664   present: 1053   in FES: 100
** Event #1774592   t=151.60265300091   Elapsed: 104.511s (1m 44s)  30% completed  (65% total)
     Speed:     ev/sec=15985   simsec/sec=1.03168   ev/simsec=15494.1
     Messages:  created: 1564063   present: 1114   in FES: 126
** Event #1814016   t=154.524378808413   Elapsed: 106.537s (1m 46s)  30% completed  (65% total)
     Speed:     ev/sec=19456.6   simsec/sec=1.44194   ev/simsec=13493.4
     Messages:  created: 1602788   present: 1087   in FES: 126
** Event #1847552   t=156.577248406062   Elapsed: 108.54s (1m 48s)  31% completed  (65% total)
     Speed:     ev/sec=16744.3   simsec/sec=1.02498   ev/simsec=16336.2
     Messages:  created: 1635065   present: 1079   in FES: 114
** Event #1883648   t=159.026378198011   Elapsed: 110.542s (1m 50s)  31% completed  (65% total)
     Speed:     ev/sec=18030   simsec/sec=1.22335   ev/simsec=14738.3
     Messages:  created: 1671062   present: 1091   in FES: 116
** Event #1922304   t=161.526267095581   Elapsed: 112.567s (1m 52s)  32% completed  (66% total)
     Speed:     ev/sec=19094   simsec/sec=1.23481   ev/simsec=15463.1
     Messages:  created: 1709137   present: 1067   in FES: 108
** Event #1956096   t=163.597503171293   Elapsed: 114.584s (1m 54s)  32% completed  (66% total)
     Speed:     ev/sec=16747.1   simsec/sec=1.02649   ev/simsec=16314.9
     Messages:  created: 1741497   present: 1075   in FES: 112
** Event #1996288   t=166.446826469032   Elapsed: 116.589s (1m 56s)  33% completed  (66% total)
     Speed:     ev/sec=20050.2   simsec/sec=1.42141   ev/simsec=14105.8
     Messages:  created: 1780363   present: 1068   in FES: 127
** Event #2029568   t=168.57704978434   Elapsed: 118.61s (1m 58s)  33% completed  (66% total)
     Speed:     ev/sec=16468.3   simsec/sec=1.05412   ev/simsec=15622.8
     Messages:  created: 1810972   present: 1064   in FES: 109
** Event #2064384   t=171.062092160908   Elapsed: 120.611s (2m 00s)  34% completed  (67% total)
     Speed:     ev/sec=17394.3   simsec/sec=1.24155   ev/simsec=14010.2
     Messages:  created: 1843743   present: 1109   in FES: 126
** Event #2100480   t=173.5680824609   Elapsed: 122.626s (2m 02s)  34% completed  (67% total)
     Speed:     ev/sec=17917.7   simsec/sec=1.24395   ev/simsec=14403.9
     Messages:  created: 1878258   present: 1046   in FES: 101
** Event #2142208   t=176.539188371241   Elapsed: 124.658s (2m 04s)  35% completed  (67% total)
     Speed:     ev/sec=20537.8   simsec/sec=1.46233   ev/simsec=14044.6
     Messages:  created: 1918790   present: 1032   in FES: 97
** Event #2178560   t=179.047809859346   Elapsed: 126.662s (2m 06s)  35% completed  (67% total)
     Speed:     ev/sec=18139.3   simsec/sec=1.25178   ev/simsec=14490.8
     Messages:  created: 1954157   present: 1091   in FES: 118
** Event #2215168   t=181.558757311117   Elapsed: 128.679s (2m 08s)  36% completed  (68% total)
     Speed:     ev/sec=18144.1   simsec/sec=1.2445   ev/simsec=14579.4
     Messages:  created: 1989717   present: 1112   in FES: 126
** Event #2255360   t=184.446332714003   Elapsed: 130.68s (2m 10s)  36% completed  (68% total)
     Speed:     ev/sec=20085.5   simsec/sec=1.44303   ev/simsec=13918.9
     Messages:  created: 2028935   present: 1106   in FES: 134
** Event #2293248   t=187.023206896454   Elapsed: 132.683s (2m 12s)  37% completed  (68% total)
     Speed:     ev/sec=18922.6   simsec/sec=1.28698   ev/simsec=14703.1
     Messages:  created: 2066191   present: 1082   in FES: 113
** Event #2330880   t=189.534322090987   Elapsed: 134.706s (2m 14s)  37% completed  (68% total)
     Speed:     ev/sec=18601.8   simsec/sec=1.24127   ev/simsec=14986.2
     Messages:  created: 2103379   present: 1086   in FES: 113
** Event #2366720   t=192.026258891293   Elapsed: 136.71s (2m 16s)  38% completed  (69% total)
     Speed:     ev/sec=17880.3   simsec/sec=1.24321   ev/simsec=14382.4
     Messages:  created: 2138054   present: 1076   in FES: 111
** Event #2404096   t=194.557629808791   Elapsed: 138.735s (2m 18s)  38% completed  (69% total)
     Speed:     ev/sec=18458.4   simsec/sec=1.25013   ev/simsec=14765.1
     Messages:  created: 2174593   present: 1031   in FES: 96
** Event #2445056   t=197.514928965531   Elapsed: 140.737s (2m 20s)  39% completed  (69% total)
     Speed:     ev/sec=20458.3   simsec/sec=1.47708   ev/simsec=13850.5
     Messages:  created: 2215136   present: 1088   in FES: 126
** Event #2479360   t=199.596764926526   Elapsed: 142.739s (2m 22s)  39% completed  (69% total)
     Speed:     ev/sec=17135.2   simsec/sec=1.0399   ev/simsec=16477.8
     Messages:  created: 2248890   present: 1111   in FES: 124
** Event #2520320   t=202.576057371616   Elapsed: 144.767s (2m 24s)  40% completed  (70% total)
     Speed:     ev/sec=20198.4   simsec/sec=1.46917   ev/simsec=13748.2
     Messages:  created: 2289304   present: 1086   in FES: 117
** Event #2559488   t=205.518362383664   Elapsed: 146.784s (2m 26s)  41% completed  (70% total)
     Speed:     ev/sec=19419.2   simsec/sec=1.45877   ev/simsec=13312
     Messages:  created: 2327814   present: 1081   in FES: 114
** Event #2602496   t=208.534189996531   Elapsed: 148.805s (2m 28s)  41% completed  (70% total)
     Speed:     ev/sec=21284.3   simsec/sec=1.49251   ev/simsec=14260.8
     Messages:  created: 2370495   present: 1112   in FES: 126
** Event #2645248   t=211.539279440212   Elapsed: 150.815s (2m 30s)  42% completed  (71% total)
     Speed:     ev/sec=21261.3   simsec/sec=1.49448   ev/simsec=14226.5
     Messages:  created: 2413426   present: 1107   in FES: 118
** Event #2688512   t=214.531061093546   Elapsed: 152.816s (2m 32s)  42% completed  (71% total)
     Speed:     ev/sec=21627.9   simsec/sec=1.49561   ev/simsec=14460.9
     Messages:  created: 2457284   present: 1105   in FES: 126
** Event #2729216   t=217.279062175304   Elapsed: 154.819s (2m 34s)  43% completed  (71% total)
     Speed:     ev/sec=20318.2   simsec/sec=1.37172   ev/simsec=14812.2
     Messages:  created: 2497461   present: 1078   in FES: 127
** Event #2768640   t=219.933471996675   Elapsed: 156.822s (2m 36s)  43% completed  (71% total)
     Speed:     ev/sec=19684.8   simsec/sec=1.32537   ev/simsec=14852.3
     Messages:  created: 2537975   present: 1100   in FES: 127
** Event #2809600   t=222.528838946717   Elapsed: 158.823s (2m 38s)  44% completed  (72% total)
     Speed:     ev/sec=20470.2   simsec/sec=1.29706   ev/simsec=15782
     Messages:  created: 2579567   present: 1117   in FES: 126
** Event #2843392   t=224.579991518394   Elapsed: 160.825s (2m 40s)  44% completed  (72% total)
     Speed:     ev/sec=16873.6   simsec/sec=1.02421   ev/simsec=16474.6
     Messages:  created: 2612536   present: 1174   in FES: 156
** Event #2885120   t=227.446300595042   Elapsed: 162.829s (2m 42s)  45% completed  (72% total)
     Speed:     ev/sec=20823.5   simsec/sec=1.43037   ev/simsec=14558.1
     Messages:  created: 2654053   present: 1097   in FES: 134
** Event #2918656   t=229.54196983481   Elapsed: 164.831s (2m 44s)  45% completed  (72% total)
     Speed:     ev/sec=16753.6   simsec/sec=1.04693   ev/simsec=16002.5
     Messages:  created: 2686748   present: 1056   in FES: 105
** Event #2952960   t=231.832509996645   Elapsed: 166.833s (2m 46s)  46% completed  (73% total)
     Speed:     ev/sec=17137.8   simsec/sec=1.14432   ev/simsec=14976.4
     Messages:  created: 2720783   present: 1026   in FES: 113
** Event #2994688   t=234.547264416568   Elapsed: 168.845s (2m 48s)  46% completed  (73% total)
     Speed:     ev/sec=20733.9   simsec/sec=1.34891   ev/simsec=15370.8
     Messages:  created: 2762169   present: 1117   in FES: 126
** Event #3028992   t=236.779108004098   Elapsed: 170.854s (2m 50s)  47% completed  (73% total)
     Speed:     ev/sec=17076.6   simsec/sec=1.11102   ev/simsec=15370.3
     Messages:  created: 2796053   present: 1041   in FES: 102
** Event #3068928   t=239.52570132324   Elapsed: 172.86s (2m 52s)  47% completed  (73% total)
     Speed:     ev/sec=19911.8   simsec/sec=1.36943   ev/simsec=14540.2
     Messages:  created: 2836020   present: 1101   in FES: 122
** Event #3107072   t=242.025713165   Elapsed: 174.862s (2m 54s)  48% completed  (74% total)
     Speed:     ev/sec=19045.8   simsec/sec=1.24829   ev/simsec=15257.5
     Messages:  created: 2874172   present: 1110   in FES: 123
** Event #3147264   t=244.564097173782   Elapsed: 176.883s (2m 56s)  48% completed  (74% total)
     Speed:     ev/sec=19888.6   simsec/sec=1.2561   ev/simsec=15833.7
     Messages:  created: 2915245   present: 1086   in FES: 117
** Event #3185152   t=247.063180005318   Elapsed: 178.885s (2m 58s)  49% completed  (74% total)
     Speed:     ev/sec=18926.3   simsec/sec=1.24837   ev/simsec=15160.8
     Messages:  created: 2952976   present: 1120   in FES: 126
** Event #3225600   t=249.683483337159   Elapsed: 180.894s (3m 00s)  49% completed  (74% total)
     Speed:     ev/sec=20137   simsec/sec=1.30451   ev/simsec=15436.4
     Messages:  created: 2993910   present: 1100   in FES: 137
** Event #3267072   t=252.09071284649   Elapsed: 182.896s (3m 02s)  50% completed  (75% total)
     Speed:     ev/sec=20710.7   simsec/sec=1.20215   ev/simsec=17228.1
     Messages:  created: 3036426   present: 1032   in FES: 97
** Event #3304192   t=254.558252413592   Elapsed: 184.909s (3m 04s)  50% completed  (75% total)
     Speed:     ev/sec=18438.1   simsec/sec=1.22567   ev/simsec=15043.3
     Messages:  created: 3074049   present: 1113   in FES: 126
** Event #3338496   t=256.620359291234   Elapsed: 186.91s (3m 06s)  51% completed  (75% total)
     Speed:     ev/sec=17144.8   simsec/sec=1.03062   ev/simsec=16635.4
     Messages:  created: 3108529   present: 1109   in FES: 136
** Event #3379712   t=259.524769328315   Elapsed: 188.922s (3m 08s)  51% completed  (75% total)
     Speed:     ev/sec=20487.1   simsec/sec=1.44369   ev/simsec=14190.8
     Messages:  created: 3151028   present: 1099   in FES: 126
** Event #3414528   t=261.572332124662   Elapsed: 190.935s (3m 10s)  52% completed  (76% total)
     Speed:     ev/sec=17293.6   simsec/sec=1.01705   ev/simsec=17003.6
     Messages:  created: 3185375   present: 1092   in FES: 117
** Event #3457024   t=264.522040279405   Elapsed: 192.959s (3m 12s)  52% completed  (76% total)
     Speed:     ev/sec=20998.9   simsec/sec=1.45756   ev/simsec=14406.8
     Messages:  created: 3229107   present: 1113   in FES: 124
** Event #3491584   t=266.597431425387   Elapsed: 194.973s (3m 14s)  53% completed  (76% total)
     Speed:     ev/sec=17158   simsec/sec=1.03037   ev/simsec=16652.3
     Messages:  created: 3263806   present: 1112   in FES: 125
** Event #3533824   t=269.531275104216   Elapsed: 196.998s (3m 16s)  53% completed  (76% total)
     Speed:     ev/sec=20860   simsec/sec=1.44886   ev/simsec=14397.5
     Messages:  created: 3307339   present: 1056   in FES: 103
** Event #3573504   t=272.063980786962   Elapsed: 199.007s (3m 19s)  54% completed  (77% total)
     Speed:     ev/sec=19757.9   simsec/sec=1.26111   ev/simsec=15667
     Messages:  created: 3347693   present: 1114   in FES: 126
** Event #3614720   t=274.933968074884   Elapsed: 201.01s (3m 21s)  54% completed  (77% total)
     Speed:     ev/sec=20570.5   simsec/sec=1.43238   ev/simsec=14361
     Messages:  created: 3390440   present: 1111   in FES: 126
** Event #3655168   t=277.565149166228   Elapsed: 203.026s (3m 23s)  55% completed  (77% total)
     Speed:     ev/sec=20067.1   simsec/sec=1.30538   ev/simsec=15372.6
     Messages:  created: 3431230   present: 1112   in FES: 126
** Event #3695872   t=280.523667214184   Elapsed: 205.029s (3m 25s)  56% completed  (78% total)
     Speed:     ev/sec=20316.2   simsec/sec=1.47666   ev/simsec=13758.2
     Messages:  created: 3472709   present: 1049   in FES: 102
** Event #3745536   t=283.446333013519   Elapsed: 207.034s (3m 27s)  56% completed  (78% total)
     Speed:     ev/sec=24779.9   simsec/sec=1.45827   ev/simsec=16992.7
     Messages:  created: 3525376   present: 1114   in FES: 137
** Event #3780352   t=285.621007834266   Elapsed: 209.038s (3m 29s)  57% completed  (78% total)
     Speed:     ev/sec=17367.2   simsec/sec=1.08479   ev/simsec=16009.7
     Messages:  created: 3559844   present: 1118   in FES: 138
** Event #3821568   t=288.539709256657   Elapsed: 211.049s (3m 31s)  57% completed  (78% total)
     Speed:     ev/sec=20498.3   simsec/sec=1.45158   ev/simsec=14121.3
     Messages:  created: 3601114   present: 1056   in FES: 105
** Event #3857664   t=291.009882833077   Elapsed: 213.056s (3m 33s)  58% completed  (79% total)
     Speed:     ev/sec=17988.7   simsec/sec=1.23103   ev/simsec=14612.7
     Messages:  created: 3637248   present: 1086   in FES: 126
** Event #3896320   t=293.528714317716   Elapsed: 215.07s (3m 35s)  58% completed  (79% total)
     Speed:     ev/sec=19191.5   simsec/sec=1.25052   ev/simsec=15346.8
     Messages:  created: 3675576   present: 1028   in FES: 97
** Event #3931392   t=295.601765504004   Elapsed: 217.085s (3m 37s)  59% completed  (79% total)
     Speed:     ev/sec=17406.3   simsec/sec=1.02886   ev/simsec=16918.1
     Messages:  created: 3710666   present: 1079   in FES: 114
** Event #3973632   t=298.565906961537   Elapsed: 219.109s (3m 39s)  59% completed  (79% total)
     Speed:     ev/sec=20863.5   simsec/sec=1.46407   ev/simsec=14250.3
     Messages:  created: 3753347   present: 1096   in FES: 119
** Event #4016128   t=301.534716664325   Elapsed: 221.124s (3m 41s)  60% completed  (80% total)
     Speed:     ev/sec=21091.2   simsec/sec=1.47345   ev/simsec=14314.2
     Messages:  created: 3796367   present: 1196   in FES: 156
** Event #4054272   t=304.036206035526   Elapsed: 223.125s (3m 43s)  60% completed  (80% total)
     Speed:     ev/sec=19063.7   simsec/sec=1.2502   ev/simsec=15248.5
     Messages:  created: 3834172   present: 1093   in FES: 126
** Event #4092928   t=306.535747400851   Elapsed: 225.146s (3m 45s)  61% completed  (80% total)
     Speed:     ev/sec=19129.2   simsec/sec=1.23692   ev/simsec=15465.2
     Messages:  created: 3872733   present: 1093   in FES: 116
** Event #4126976   t=308.62034761381   Elapsed: 227.161s (3m 47s)  61% completed  (80% total)
     Speed:     ev/sec=16895.7   simsec/sec=1.03445   ev/simsec=16333.1
     Messages:  created: 3905929   present: 1064   in FES: 127
** Event #4166144   t=311.094652411814   Elapsed: 229.161s (3m 49s)  62% completed  (81% total)
     Speed:     ev/sec=19579   simsec/sec=1.23684   ev/simsec=15829.9
     Messages:  created: 3944191   present: 1104   in FES: 126
** Event #4201472   t=313.536632660968   Elapsed: 231.189s (3m 51s)  62% completed  (81% total)
     Speed:     ev/sec=17424.9   simsec/sec=1.20446   ev/simsec=14466.9
     Messages:  created: 3979606   present: 1105   in FES: 126
** Event #4234496   t=315.563566959715   Elapsed: 233.19s (3m 53s)  63% completed  (81% total)
     Speed:     ev/sec=16501.4   simsec/sec=1.01282   ev/simsec=16292.6
     Messages:  created: 4011084   present: 1099   in FES: 126
** Event #4266496   t=317.620394076553   Elapsed: 235.193s (3m 55s)  63% completed  (81% total)
     Speed:     ev/sec=15978.9   simsec/sec=1.02706   ev/simsec=15557.9
     Messages:  created: 4041354   present: 1034   in FES: 99
** Event #4303616   t=320.084967647144   Elapsed: 237.199s (3m 57s)  64% completed  (82% total)
     Speed:     ev/sec=18503.2   simsec/sec=1.22851   ev/simsec=15061.4
     Messages:  created: 4076464   present: 1037   in FES: 98
** Event #4335104   t=322.183472191851   Elapsed: 239.203s (3m 59s)  64% completed  (82% total)
     Speed:     ev/sec=15708.4   simsec/sec=1.04688   ev/simsec=15005
     Messages:  created: 4106179   present: 1055   in FES: 127
** Event #4367872   t=324.525190177393   Elapsed: 241.225s (4m 01s)  64% completed  (82% total)
     Speed:     ev/sec=16211   simsec/sec=1.1585   ev/simsec=13993.1
     Messages:  created: 4137580   present: 1102   in FES: 121
** Event #4401408   t=326.569457975652   Elapsed: 243.225s (4m 03s)  65% completed  (82% total)
     Speed:     ev/sec=16764.9   simsec/sec=1.02194   ev/simsec=16404.9
     Messages:  created: 4169575   present: 1085   in FES: 116
** Event #4441088   t=329.083461443708   Elapsed: 245.231s (4m 05s)  65% completed  (82% total)
     Speed:     ev/sec=19781.4   simsec/sec=1.25329   ev/simsec=15783.6
     Messages:  created: 4208499   present: 1116   in FES: 125
** Event #4477696   t=331.534259139879   Elapsed: 247.246s (4m 07s)  66% completed  (83% total)
     Speed:     ev/sec=18173   simsec/sec=1.21663   ev/simsec=14937.2
     Messages:  created: 4245423   present: 1069   in FES: 108
** Event #4515328   t=334.027212024026   Elapsed: 249.248s (4m 09s)  66% completed  (83% total)
     Speed:     ev/sec=18797.6   simsec/sec=1.24526   ev/simsec=15095.4
     Messages:  created: 4282846   present: 1047   in FES: 100
** Event #4556032   t=336.600507512627   Elapsed: 251.254s (4m 11s)  67% completed  (83% total)
     Speed:     ev/sec=20286   simsec/sec=1.28247   ev/simsec=15817.8
     Messages:  created: 4323326   present: 1074   in FES: 111
** Event #4597504   t=339.560874393248   Elapsed: 253.257s (4m 13s)  67% completed  (83% total)
     Speed:     ev/sec=20705.9   simsec/sec=1.47804   ev/simsec=14009.1
     Messages:  created: 4365097   present: 1099   in FES: 120
** Event #4638976   t=342.59306686865   Elapsed: 255.271s (4m 15s)  68% completed  (84% total)
     Speed:     ev/sec=20586.6   simsec/sec=1.50517   ev/simsec=13677.2
     Messages:  created: 4406391   present: 1086   in FES: 117
** Event #4681984   t=346.023766221286   Elapsed: 257.274s (4m 17s)  69% completed  (84% total)
     Speed:     ev/sec=21472.6   simsec/sec=1.71284   ev/simsec=12536.2
     Messages:  created: 4449757   present: 1115   in FES: 124
** Event #4728576   t=349.514885800178   Elapsed: 259.289s (4m 19s)  69% completed  (84% total)
     Speed:     ev/sec=23132.2   simsec/sec=1.73328   ev/simsec=13345.9
     Messages:  created: 4497509   present: 1114   in FES: 126
** Event #4772864   t=352.522098775487   Elapsed: 261.296s (4m 21s)  70% completed  (85% total)
     Speed:     ev/sec=22057.3   simsec/sec=1.49772   ev/simsec=14727.3
     Messages:  created: 4543570   present: 1103   in FES: 120
** Event #4816896   t=355.566849301296   Elapsed: 263.3s (4m 23s)  71% completed  (85% total)
     Speed:     ev/sec=21978.3   simsec/sec=1.51977   ev/simsec=14461.6
     Messages:  created: 4588584   present: 1115   in FES: 126
** Event #4859136   t=358.59771284649   Elapsed: 265.305s (4m 25s)  71% completed  (85% total)
     Speed:     ev/sec=21070.5   simsec/sec=1.51188   ev/simsec=13936.6
     Messages:  created: 4631907   present: 1030   in FES: 97
** Event #4907520   t=362.065989584868   Elapsed: 267.311s (4m 27s)  72% completed  (86% total)
     Speed:     ev/sec=24114.1   simsec/sec=1.72855   ev/simsec=13950.4
     Messages:  created: 4681338   present: 1088   in FES: 115
** Event #4948224   t=365.040736054864   Elapsed: 269.315s (4m 29s)  73% completed  (86% total)
     Speed:     ev/sec=20316.2   simsec/sec=1.48476   ev/simsec=13683.2
     Messages:  created: 4722921   present: 1070   in FES: 111
** Event #4987136   t=367.585166906548   Elapsed: 271.321s (4m 31s)  73% completed  (86% total)
     Speed:     ev/sec=19391.7   simsec/sec=1.26801   ev/simsec=15293
     Messages:  created: 4761595   present: 1087   in FES: 116
** Event #5030656   t=370.526750177283   Elapsed: 273.344s (4m 33s)  74% completed  (87% total)
     Speed:     ev/sec=21513.1   simsec/sec=1.4541   ev/simsec=14794.8
     Messages:  created: 4806103   present: 1086   in FES: 115
** Event #5076224   t=373.446670463598   Elapsed: 275.346s (4m 35s)  74% completed  (87% total)
     Speed:     ev/sec=22765.4   simsec/sec=1.45877   ev/simsec=15605.9
     Messages:  created: 4853373   present: 1118   in FES: 137
** Event #5119488   t=376.279918678419   Elapsed: 277.346s (4m 37s)  75% completed  (87% total)
     Speed:     ev/sec=21627.8   simsec/sec=1.41635   ev/simsec=15270.1
     Messages:  created: 4897386   present: 1091   in FES: 127
** Event #5163264   t=379.120347407343   Elapsed: 279.348s (4m 39s)  75% completed  (87% total)
     Speed:     ev/sec=21868   simsec/sec=1.41892   ev/simsec=15411.8
     Messages:  created: 4942208   present: 1085   in FES: 127
** Event #5205248   t=381.832499408335   Elapsed: 281.351s (4m 41s)  76% completed  (88% total)
     Speed:     ev/sec=20962.1   simsec/sec=1.35414   ev/simsec=15480
     Messages:  created: 4986755   present: 1107   in FES: 128
** Event #5251584   t=384.578042128371   Elapsed: 283.36s (4m 43s)  76% completed  (88% total)
     Speed:     ev/sec=23063.1   simsec/sec=1.36655   ev/simsec=16876.8
     Messages:  created: 5035333   present: 1060   in FES: 107
** Event #5298688   t=387.545231731665   Elapsed: 285.364s (4m 45s)  77% completed  (88% total)
     Speed:     ev/sec=23501.6   simsec/sec=1.48042   ev/simsec=15875
     Messages:  created: 5084456   present: 1102   in FES: 121
** Event #5348096   t=390.434252812238   Elapsed: 287.365s (4m 47s)  78% completed  (89% total)
     Speed:     ev/sec=24698.4   simsec/sec=1.44418   ev/simsec=17102
     Messages:  created: 5137193   present: 1119   in FES: 134
** Event #5391104   t=393.018218493768   Elapsed: 289.369s (4m 49s)  78% completed  (89% total)
     Speed:     ev/sec=21452.7   simsec/sec=1.2889   ev/simsec=16644.2
     Messages:  created: 5181591   present: 1089   in FES: 116
** Event #5440768   t=396.029107392029   Elapsed: 291.377s (4m 51s)  79% completed  (89% total)
     Speed:     ev/sec=24743.4   simsec/sec=1.50007   ev/simsec=16494.8
     Messages:  created: 5233738   present: 1076   in FES: 111
** Event #5491200   t=399.030320330158   Elapsed: 293.383s (4m 53s)  79% completed  (89% total)
     Speed:     ev/sec=25132.7   simsec/sec=1.49565   ev/simsec=16803.9
     Messages:  created: 5288690   present: 1121   in FES: 124
** Event #5547008   t=402.544304909104   Elapsed: 295.396s (4m 55s)  80% completed  (90% total)
     Speed:     ev/sec=27728.4   simsec/sec=1.74593   ev/simsec=15881.7
     Messages:  created: 5348558   present: 1092   in FES: 117
** Event #5597184   t=405.779438364271   Elapsed: 297.398s (4m 57s)  81% completed  (90% total)
     Speed:     ev/sec=25056.4   simsec/sec=1.61553   ev/simsec=15509.7
     Messages:  created: 5401543   present: 1116   in FES: 128
** Event #5652224   t=409.332544645939   Elapsed: 299.4s (4m 59s)  81% completed  (90% total)
     Speed:     ev/sec=27499.5   simsec/sec=1.77523   ev/simsec=15490.7
     Messages:  created: 5460297   present: 1091   in FES: 118
** Event #5702400   t=412.547764564756   Elapsed: 301.409s (5m 01s)  82% completed  (91% total)
     Speed:     ev/sec=24979   simsec/sec=1.60063   ev/simsec=15605.8
     Messages:  created: 5513707   present: 1082   in FES: 113
** Event #5759232   t=415.7797574512   Elapsed: 303.411s (5m 03s)  83% completed  (91% total)
     Speed:     ev/sec=28388   simsec/sec=1.61441   ev/simsec=17584.2
     Messages:  created: 5576954   present: 1042   in FES: 118
** Event #5818880   t=419.528031849679   Elapsed: 305.421s (5m 05s)  83% completed  (91% total)
     Speed:     ev/sec=29662.2   simsec/sec=1.86397   ev/simsec=15913.5
     Messages:  created: 5641299   present: 1086   in FES: 115
** Event #5879808   t=423.085023063364   Elapsed: 307.426s (5m 07s)  84% completed  (92% total)
     Speed:     ev/sec=30396.9   simsec/sec=1.77458   ev/simsec=17129.1
     Messages:  created: 5705916   present: 1086   in FES: 115
** Event #5936640   t=426.573724901195   Elapsed: 309.437s (5m 09s)  85% completed  (92% total)
     Speed:     ev/sec=28256.5   simsec/sec=1.73456   ev/simsec=16290.3
     Messages:  created: 5766778   present: 1070   in FES: 111
** Event #5998592   t=430.447225863598   Elapsed: 311.439s (5m 11s)  86% completed  (93% total)
     Speed:     ev/sec=30950.7   simsec/sec=1.93517   ev/simsec=15993.8
     Messages:  created: 5833459   present: 1112   in FES: 127
** Event #6066176   t=434.580236005615   Elapsed: 313.45s (5m 13s)  86% completed  (93% total)
     Speed:     ev/sec=33602.7   simsec/sec=2.05493   ev/simsec=16352.2
     Messages:  created: 5905874   present: 1104   in FES: 123
** Event #6140672   t=439.197026598727   Elapsed: 315.452s (5m 15s)  87% completed  (93% total)
     Speed:     ev/sec=37212.7   simsec/sec=2.30621   ev/simsec=16135.9
     Messages:  created: 5985981   present: 1074   in FES: 128
** Event #6209792   t=443.574135274208   Elapsed: 317.458s (5m 17s)  88% completed  (94% total)
     Speed:     ev/sec=34462.5   simsec/sec=2.18238   ev/simsec=15791.2
     Messages:  created: 6060085   present: 1053   in FES: 102
** Event #6282496   t=448.526673661288   Elapsed: 319.462s (5m 19s)  89% completed  (94% total)
     Speed:     ev/sec=36267.7   simsec/sec=2.47052   ev/simsec=14680.1
     Messages:  created: 6138507   present: 1090   in FES: 117
** Event #6354688   t=453.532158104281   Elapsed: 321.463s (5m 21s)  90% completed  (95% total)
     Speed:     ev/sec=36077.3   simsec/sec=2.50144   ev/simsec=14422.6
     Messages:  created: 6214492   present: 1106   in FES: 119
** Event #6430208   t=458.529332339867   Elapsed: 323.468s (5m 23s)  91% completed  (95% total)
     Speed:     ev/sec=37673.2   simsec/sec=2.49285   ev/simsec=15112.5
     Messages:  created: 6294920   present: 1112   in FES: 126
** Event #6501888   t=463.093424278496   Elapsed: 325.468s (5m 25s)  92% completed  (96% total)
     Speed:     ev/sec=35840   simsec/sec=2.28204   ev/simsec=15705.2
     Messages:  created: 6369060   present: 1025   in FES: 96
** Event #6564864   t=467.534310738106   Elapsed: 327.483s (5m 27s)  93% completed  (96% total)
     Speed:     ev/sec=31247.7   simsec/sec=2.2035   ev/simsec=14181
     Messages:  created: 6431155   present: 1078   in FES: 111
** Event #6629888   t=472.063232426488   Elapsed: 329.486s (5m 29s)  94% completed  (97% total)
     Speed:     ev/sec=32461.8   simsec/sec=2.26097   ev/simsec=14357.5
     Messages:  created: 6494705   present: 1095   in FES: 118
** Event #6704128   t=477.544783402953   Elapsed: 331.49s (5m 31s)  95% completed  (97% total)
     Speed:     ev/sec=37054   simsec/sec=2.7359   ev/simsec=13543.6
     Messages:  created: 6570042   present: 1108   in FES: 123
** Event #6784256   t=483.571148846374   Elapsed: 333.5s (5m 33s)  96% completed  (98% total)
     Speed:     ev/sec=39863.1   simsec/sec=2.99807   ev/simsec=13296.2
     Messages:  created: 6650997   present: 1092   in FES: 119
** Event #6862848   t=489.076180384921   Elapsed: 335.501s (5m 35s)  97% completed  (98% total)
     Speed:     ev/sec=39286.5   simsec/sec=2.75185   ev/simsec=14276.4
     Messages:  created: 6729662   present: 1087   in FES: 118
** Event #6938880   t=494.530497096772   Elapsed: 337.507s (5m 37s)  98% completed  (99% total)
     Speed:     ev/sec=37889.4   simsec/sec=2.71808   ev/simsec=13939.8
     Messages:  created: 6804854   present: 1065   in FES: 106
** Event #7011584   t=499.54523952257   Elapsed: 339.511s (5m 39s)  99% completed  (99% total)
     Speed:     ev/sec=36275.3   simsec/sec=2.50208   ev/simsec=14498.1
     Messages:  created: 6875765   present: 1112   in FES: 123
** Event #7014880   t=500   Elapsed: 339.608s (5m 39s)  100% completed  (100% total)
     Speed:     ev/sec=33968.7   simsec/sec=4.60586   ev/simsec=7375.12
     Messages:  created: 6879286   present: 1021   in FES: 95

<!> Simulation time limit reached -- at t=500s, event #7014880
undisposed object: (omnetpp::cMessage) FanetStressNetwork.uav[0].app.debugTimer -- check module destructor
undisposed object: (omnetpp::cMessage) FanetStressNetwork.uav[1].app.debugTimer -- check module destructor
undisposed object: (omnetpp::cMessage) FanetStressNetwork.uav[2].app.debugTimer -- check module destructor
undisposed object: (omnetpp::cMessage) FanetStressNetwork.uav[3].app.debugTimer -- check module destructor
undisposed object: (omnetpp::cMessage) FanetStressNetwork.uav[4].app.debugTimer -- check module destructor
undisposed object: (omnetpp::cMessage) FanetStressNetwork.uav[5].app.debugTimer -- check module destructor
undisposed object: (omnetpp::cMessage) FanetStressNetwork.uav[6].app.debugTimer -- check module destructor
undisposed object: (omnetpp::cMessage) FanetStressNetwork.uav[7].app.debugTimer -- check module destructor
undisposed object: (omnetpp::cMessage) FanetStressNetwork.uav[8].app.debugTimer -- check module destructor
undisposed object: (omnetpp::cMessage) FanetStressNetwork.uav[9].app.debugTimer -- check module destructor
undisposed object: (omnetpp::cMessage) FanetStressNetwork.uav[10].app.debugTimer -- check module destructor
undisposed object: (omnetpp::cMessage) FanetStressNetwork.uav[11].app.debugTimer -- check module destructor
undisposed object: (omnetpp::cMessage) FanetStressNetwork.uav[12].app.debugTimer -- check module destructor
undisposed object: (omnetpp::cMessage) FanetStressNetwork.uav[13].app.debugTimer -- check module destructor
undisposed object: (omnetpp::cMessage) FanetStressNetwork.uav[14].app.debugTimer -- check module destructor
undisposed object: (omnetpp::cMessage) FanetStressNetwork.uav[15].app.debugTimer -- check module destructor
undisposed object: (omnetpp::cMessage) FanetStressNetwork.uav[16].app.debugTimer -- check module destructor
undisposed object: (omnetpp::cMessage) FanetStressNetwork.uav[17].app.debugTimer -- check module destructor
undisposed object: (omnetpp::cMessage) FanetStressNetwork.uav[18].app.debugTimer -- check module destructor
undisposed object: (omnetpp::cMessage) FanetStressNetwork.uav[19].app.debugTimer -- check module destructor
undisposed object: (omnetpp::cMessage) FanetStressNetwork.uav[20].app.debugTimer -- check module destructor
undisposed object: (omnetpp::cMessage) FanetStressNetwork.uav[21].app.debugTimer -- check module destructor
undisposed object: (omnetpp::cMessage) FanetStressNetwork.uav[22].app.debugTimer -- check module destructor
undisposed object: (omnetpp::cMessage) FanetStressNetwork.uav[23].app.debugTimer -- check module destructor
undisposed object: (omnetpp::cMessage) FanetStressNetwork.uav[24].app.debugTimer -- check module destructor
undisposed object: (omnetpp::cMessage) FanetStressNetwork.uav[25].app.debugTimer -- check module destructor
undisposed object: (omnetpp::cMessage) FanetStressNetwork.uav[26].app.debugTimer -- check module destructor
undisposed object: (omnetpp::cMessage) FanetStressNetwork.uav[27].app.debugTimer -- check module destructor
undisposed object: (omnetpp::cMessage) FanetStressNetwork.uav[28].app.debugTimer -- check module destructor
undisposed object: (omnetpp::cMessage) FanetStressNetwork.uav[29].app.debugTimer -- check module destructor
