** Event #0   t=0   Elapsed: 8e-06s (0m 00s)  0% completed  (50% total)
     Speed:     ev/sec=0   simsec/sec=0   ev/simsec=0
     Messages:  created: 1081   present: 1081   in FES: 161
** Event #37120   t=3.581570194423   Elapsed: 2.00781s (0m 02s)  0% completed  (50% total)
     Speed:     ev/sec=18488.4   simsec/sec=1.78383   ev/simsec=10364.4
     Messages:  created: 31252   present: 1102   in FES: 126
** Event #71936   t=7.066513356403   Elapsed: 4.0119s (0m 04s)  1% completed  (50% total)
     Speed:     ev/sec=17372.4   simsec/sec=1.73891   ev/simsec=9990.41
     Messages:  created: 58244   present: 1028   in FES: 97
** Event #104704   t=10.539731304231   Elapsed: 6.03606s (0m 06s)  2% completed  (51% total)
     Speed:     ev/sec=16188.5   simsec/sec=1.71589   ev/simsec=9434.48
     Messages:  created: 84049   present: 1032   in FES: 97
** Event #139520   t=14.040515211581   Elapsed: 8.04325s (0m 08s)  2% completed  (51% total)
     Speed:     ev/sec=17345.6   simsec/sec=1.74412   ev/simsec=9945.2
     Messages:  created: 111380   present: 1079   in FES: 114
** Event #173312   t=17.552372302519   Elapsed: 10.0542s (0m 10s)  3% completed  (51% total)
     Speed:     ev/sec=16803.7   simsec/sec=1.74633   ev/simsec=9622.26
     Messages:  created: 138257   present: 1077   in FES: 112
** Event #208896   t=21.513594527597   Elapsed: 12.0704s (0m 12s)  4% completed  (52% total)
     Speed:     ev/sec=17649.1   simsec/sec=1.9647   ev/simsec=8983.09
     Messages:  created: 166924   present: 1067   in FES: 108
** Event #245248   t=25.511283680463   Elapsed: 14.0945s (0m 14s)  5% completed  (52% total)
     Speed:     ev/sec=17959.6   simsec/sec=1.97505   ev/simsec=9093.25
     Messages:  created: 196517   present: 1056   in FES: 105
** Event #280832   t=29.505203496722   Elapsed: 16.1044s (0m 16s)  5% completed  (52% total)
     Speed:     ev/sec=17704.6   simsec/sec=1.98715   ev/simsec=8909.54
     Messages:  created: 225734   present: 1092   in FES: 126
** Event #317696   t=33.535671906217   Elapsed: 18.1175s (0m 18s)  6% completed  (53% total)
     Speed:     ev/sec=18311.8   simsec/sec=2.00209   ev/simsec=9146.33
     Messages:  created: 256190   present: 1069   in FES: 110
** Event #355072   t=37.560412128367   Elapsed: 20.1214s (0m 20s)  7% completed  (53% total)
     Speed:     ev/sec=18651.8   simsec/sec=2.00847   ev/simsec=9286.56
     Messages:  created: 287323   present: 1089   in FES: 116
** Event #392704   t=42.029676597423   Elapsed: 22.1258s (0m 22s)  8% completed  (54% total)
     Speed:     ev/sec=18774.7   simsec/sec=2.22973   ev/simsec=8420.18
     Messages:  created: 318437   present: 1094   in FES: 126
** Event #432128   t=46.550932425998   Elapsed: 24.1306s (0m 24s)  9% completed  (54% total)
     Speed:     ev/sec=19664.8   simsec/sec=2.25522   ev/simsec=8719.7
     Messages:  created: 351737   present: 1090   in FES: 115
** Event #474368   t=51.563571082878   Elapsed: 26.1493s (0m 26s)  10% completed  (55% total)
     Speed:     ev/sec=20924.1   simsec/sec=2.48308   ev/simsec=8426.7
     Messages:  created: 387785   present: 1058   in FES: 105
** Event #519936   t=57.05255424472   Elapsed: 28.153s (0m 28s)  11% completed  (55% total)
     Speed:     ev/sec=22742.1   simsec/sec=2.73945   ev/simsec=8301.72
     Messages:  created: 426744   present: 1110   in FES: 123
** Event #561408   t=62.029729785551   Elapsed: 30.1577s (0m 30s)  12% completed  (56% total)
     Speed:     ev/sec=20687.1   simsec/sec=2.48272   ev/simsec=8332.44
     Messages:  created: 461688   present: 1114   in FES: 125
** Event #601344   t=66.536679726062   Elapsed: 32.1637s (0m 32s)  13% completed  (56% total)
     Speed:     ev/sec=19908.9   simsec/sec=2.2468   ev/simsec=8860.98
     Messages:  created: 495057   present: 1093   in FES: 116
** Event #637952   t=70.548763777582   Elapsed: 34.1807s (0m 34s)  14% completed  (57% total)
     Speed:     ev/sec=18149.8   simsec/sec=1.98914   ev/simsec=9124.43
     Messages:  created: 524970   present: 1096   in FES: 126
** Event #674304   t=74.52770572008   Elapsed: 36.1959s (0m 36s)  14% completed  (57% total)
     Speed:     ev/sec=18038.4   simsec/sec=1.97441   ev/simsec=9136.1
     Messages:  created: 554541   present: 1095   in FES: 118
** Event #709888   t=78.066568145843   Elapsed: 38.1975s (0m 38s)  15% completed  (57% total)
     Speed:     ev/sec=17778   simsec/sec=1.76804   ev/simsec=10055.2
     Messages:  created: 582781   present: 1103   in FES: 122
** Event #741632   t=81.53184192396   Elapsed: 40.2201s (0m 40s)  16% completed  (58% total)
     Speed:     ev/sec=15694.6   simsec/sec=1.71328   ev/simsec=9160.6
     Messages:  created: 607736   present: 1099   in FES: 120
** Event #772352   t=84.560220846719   Elapsed: 42.2327s (0m 42s)  16% completed  (58% total)
     Speed:     ev/sec=15264.2   simsec/sec=1.50475   ev/simsec=10144
     Messages:  created: 632073   present: 1076   in FES: 109
** Event #807424   t=88.51228339958   Elapsed: 44.2399s (0m 44s)  17% completed  (58% total)
     Speed:     ev/sec=17472.9   simsec/sec=1.96893   ev/simsec=8874.35
     Messages:  created: 660439   present: 1039   in FES: 98
** Event #839168   t=91.863477035102   Elapsed: 46.2496s (0m 46s)  18% completed  (59% total)
     Speed:     ev/sec=15795.4   simsec/sec=1.66751   ev/simsec=9472.45
     Messages:  created: 686039   present: 1021   in FES: 95
** Event #874752   t=95.580898131684   Elapsed: 48.2709s (0m 48s)  19% completed  (59% total)
     Speed:     ev/sec=17604.4   simsec/sec=1.83911   ev/simsec=9572.23
     Messages:  created: 715243   present: 1107   in FES: 126
** Event #912640   t=100.0325641706   Elapsed: 50.2754s (0m 50s)  20% completed  (60% total)
     Speed:     ev/sec=18901.2   simsec/sec=2.2208   ev/simsec=8510.97
     Messages:  created: 746718   present: 1095   in FES: 118
** Event #955648   t=103.051818022674   Elapsed: 52.2779s (0m 52s)  20% completed  (60% total)
     Speed:     ev/sec=21477.1   simsec/sec=1.50774   ev/simsec=14244.6
     Messages:  created: 790522   present: 1058   in FES: 103
** Event #1000448   t=106.295685344457   Elapsed: 54.2811s (0m 54s)  21% completed  (60% total)
     Speed:     ev/sec=22364.4   simsec/sec=1.61935   ev/simsec=13810.7
     Messages:  created: 836605   present: 1069   in FES: 128
** Event #1044992   t=109.508780709409   Elapsed: 56.2989s (0m 56s)  21% completed  (60% total)
     Speed:     ev/sec=22075.3   simsec/sec=1.59236   ev/simsec=13863.3
     Messages:  created: 882166   present: 1097   in FES: 120
** Event #1089536   t=112.536060846211   Elapsed: 58.3102s (0m 58s)  22% completed  (61% total)
     Speed:     ev/sec=22147.3   simsec/sec=1.50516   ev/simsec=14714.2
     Messages:  created: 927445   present: 1099   in FES: 118
** Event #1130496   t=115.280822367803   Elapsed: 60.3172s (1m 00s)  23% completed  (61% total)
     Speed:     ev/sec=20408.7   simsec/sec=1.36761   ev/simsec=14923
     Messages:  created: 968623   present: 1113   in FES: 150
** Event #1168896   t=118.004182778853   Elapsed: 62.3191s (1m 02s)  23% completed  (61% total)
     Speed:     ev/sec=19181.2   simsec/sec=1.36035   ev/simsec=14100.2
     Messages:  created: 1007320   present: 1070   in FES: 111
** Event #1213440   t=121.047817372837   Elapsed: 64.323s (1m 04s)  24% completed  (62% total)
     Speed:     ev/sec=22229.6   simsec/sec=1.51892   ev/simsec=14635.1
     Messages:  created: 1051311   present: 1122   in FES: 125
** Event #1250560   t=123.588923115695   Elapsed: 66.341s (1m 06s)  24% completed  (62% total)
     Speed:     ev/sec=18394.1   simsec/sec=1.25919   ev/simsec=14607.8
     Messages:  created: 1088092   present: 1102   in FES: 121
** Event #1293568   t=126.552113766939   Elapsed: 68.3442s (1m 08s)  25% completed  (62% total)
     Speed:     ev/sec=21469.6   simsec/sec=1.47923   ev/simsec=14514.1
     Messages:  created: 1132007   present: 1089   in FES: 114
** Event #1339136   t=129.588146542116   Elapsed: 70.3455s (1m 10s)  25% completed  (62% total)
     Speed:     ev/sec=22769   simsec/sec=1.51702   ev/simsec=15009.1
     Messages:  created: 1178879   present: 1103   in FES: 122
** Event #1385472   t=133.010299385502   Elapsed: 72.3528s (1m 12s)  26% completed  (63% total)
     Speed:     ev/sec=23084.2   simsec/sec=1.70489   ev/simsec=13540
     Messages:  created: 1226846   present: 1028   in FES: 97
** Event #1425152   t=135.59463591322   Elapsed: 74.3689s (1m 14s)  27% completed  (63% total)
     Speed:     ev/sec=19681.5   simsec/sec=1.28185   ev/simsec=15354
     Messages:  created: 1266856   present: 1096   in FES: 127
** Event #1466880   t=138.556764537109   Elapsed: 76.3798s (1m 16s)  27% completed  (63% total)
     Speed:     ev/sec=20750.2   simsec/sec=1.47299   ev/simsec=14087.2
     Messages:  created: 1309508   present: 1105   in FES: 126
** Event #1509120   t=141.544934020434   Elapsed: 78.3915s (1m 18s)  28% completed  (64% total)
     Speed:     ev/sec=20997.7   simsec/sec=1.48543   ev/simsec=14135.7
     Messages:  created: 1352459   present: 1060   in FES: 107
** Event #1550592   t=144.52480178228   Elapsed: 80.4036s (1m 20s)  28% completed  (64% total)
     Speed:     ev/sec=20611   simsec/sec=1.48095   ev/simsec=13917.4
     Messages:  created: 1394809   present: 1101   in FES: 120
** Event #1586176   t=146.794933737475   Elapsed: 82.4048s (1m 22s)  29% completed  (64% total)
     Speed:     ev/sec=17781.8   simsec/sec=1.13441   ev/simsec=15674.9
     Messages:  created: 1430359   present: 1057   in FES: 108
** Event #1625856   t=149.52707747615   Elapsed: 84.4081s (1m 24s)  29% completed  (64% total)
     Speed:     ev/sec=19807.2   simsec/sec=1.36382   ev/simsec=14523.4
     Messages:  created: 1470254   present: 1049   in FES: 104
** Event #1661440   t=151.69152220851   Elapsed: 86.4102s (1m 26s)  30% completed  (65% total)
     Speed:     ev/sec=17772.7   simsec/sec=1.08105   ev/simsec=16440.2
     Messages:  created: 1505435   present: 1110   in FES: 126
** Event #1702144   t=154.530587961103   Elapsed: 88.4109s (1m 28s)  30% completed  (65% total)
     Speed:     ev/sec=20345.5   simsec/sec=1.41908   ev/simsec=14337.1
     Messages:  created: 1545727   present: 1106   in FES: 126
** Event #1740800   t=156.555446036388   Elapsed: 90.4126s (1m 30s)  31% completed  (65% total)
     Speed:     ev/sec=19311.3   simsec/sec=1.01156   ev/simsec=19090.7
     Messages:  created: 1585678   present: 1124   in FES: 125
** Event #1779200   t=159.004183548392   Elapsed: 92.4163s (1m 32s)  31% completed  (65% total)
     Speed:     ev/sec=19164.6   simsec/sec=1.22211   ev/simsec=15681.6
     Messages:  created: 1625108   present: 1027   in FES: 96
** Event #1821440   t=161.549582880002   Elapsed: 94.4443s (1m 34s)  32% completed  (66% total)
     Speed:     ev/sec=20828.8   simsec/sec=1.25515   ev/simsec=16594.6
     Messages:  created: 1667417   present: 1093   in FES: 116
** Event #1860352   t=164.037840416536   Elapsed: 96.4465s (1m 36s)  32% completed  (66% total)
     Speed:     ev/sec=19434   simsec/sec=1.24272   ev/simsec=15638.3
     Messages:  created: 1706401   present: 1088   in FES: 115
** Event #1899520   t=166.548022325284   Elapsed: 98.4566s (1m 38s)  33% completed  (66% total)
     Speed:     ev/sec=19486.3   simsec/sec=1.24883   ev/simsec=15603.7
     Messages:  created: 1745756   present: 1034   in FES: 97
** Event #1939200   t=169.094501444228   Elapsed: 100.463s (1m 40s)  33% completed  (66% total)
     Speed:     ev/sec=19781.1   simsec/sec=1.26946   ev/simsec=15582.3
     Messages:  created: 1784814   present: 1109   in FES: 125
** Event #1975552   t=171.563860129489   Elapsed: 102.469s (1m 42s)  34% completed  (67% total)
     Speed:     ev/sec=18114   simsec/sec=1.23047   ev/simsec=14721.2
     Messages:  created: 1821176   present: 1082   in FES: 113
** Event #2015488   t=174.28058727268   Elapsed: 104.476s (1m 44s)  34% completed  (67% total)
     Speed:     ev/sec=19906.3   simsec/sec=1.35416   ev/simsec=14700
     Messages:  created: 1860602   present: 1090   in FES: 126
** Event #2051072   t=176.68201211693   Elapsed: 106.488s (1m 46s)  35% completed  (67% total)
     Speed:     ev/sec=17680.5   simsec/sec=1.19319   ev/simsec=14817.9
     Messages:  created: 1895562   present: 1098   in FES: 142
** Event #2091008   t=179.55886964548   Elapsed: 108.508s (1m 48s)  35% completed  (67% total)
     Speed:     ev/sec=19769.1   simsec/sec=1.4241   ev/simsec=13881.8
     Messages:  created: 1934743   present: 1055   in FES: 106
** Event #2132480   t=182.552722343354   Elapsed: 110.534s (1m 50s)  36% completed  (68% total)
     Speed:     ev/sec=20470.5   simsec/sec=1.47776   ev/simsec=13852.4
     Messages:  created: 1975645   present: 1084   in FES: 113
** Event #2176256   t=185.562977030524   Elapsed: 112.535s (1m 52s)  37% completed  (68% total)
     Speed:     ev/sec=21879.8   simsec/sec=1.50457   ev/simsec=14542.3
     Messages:  created: 2019732   present: 1098   in FES: 126
** Event #2219520   t=188.583424307261   Elapsed: 114.552s (1m 54s)  37% completed  (68% total)
     Speed:     ev/sec=21449.6   simsec/sec=1.49749   ev/simsec=14323.7
     Messages:  created: 2063797   present: 1087   in FES: 126
** Event #2263552   t=191.593757996159   Elapsed: 116.557s (1m 56s)  38% completed  (69% total)
     Speed:     ev/sec=21962.5   simsec/sec=1.50151   ev/simsec=14626.9
     Messages:  created: 2109441   present: 1083   in FES: 114
** Event #2306304   t=194.594235300079   Elapsed: 118.56s (1m 58s)  38% completed  (69% total)
     Speed:     ev/sec=21346.3   simsec/sec=1.49815   ev/simsec=14248.4
     Messages:  created: 2153110   present: 1099   in FES: 126
** Event #2349056   t=197.547342193582   Elapsed: 120.575s (2m 00s)  39% completed  (69% total)
     Speed:     ev/sec=21212   simsec/sec=1.46522   ev/simsec=14477
     Messages:  created: 2197407   present: 1078   in FES: 111
** Event #2393600   t=200.545515588255   Elapsed: 122.583s (2m 02s)  40% completed  (70% total)
     Speed:     ev/sec=22184   simsec/sec=1.49317   ev/simsec=14857
     Messages:  created: 2243524   present: 1030   in FES: 97
** Event #2438656   t=203.544663574679   Elapsed: 124.605s (2m 04s)  40% completed  (70% total)
     Speed:     ev/sec=22281.4   simsec/sec=1.48316   ev/simsec=15022.9
     Messages:  created: 2289968   present: 1094   in FES: 119
** Event #2481664   t=206.357612955633   Elapsed: 126.608s (2m 06s)  41% completed  (70% total)
     Speed:     ev/sec=21469   simsec/sec=1.40419   ev/simsec=15289.3
     Messages:  created: 2334664   present: 1094   in FES: 126
** Event #2523136   t=209.030586752808   Elapsed: 128.615s (2m 08s)  41% completed  (70% total)
     Speed:     ev/sec=20666   simsec/sec=1.33197   ev/simsec=15515.3
     Messages:  created: 2377850   present: 1032   in FES: 97
** Event #2565632   t=211.595415204281   Elapsed: 130.619s (2m 10s)  42% completed  (71% total)
     Speed:     ev/sec=21209.1   simsec/sec=1.28006   ev/simsec=16568.7
     Messages:  created: 2422674   present: 1124   in FES: 147
** Event #2611200   t=214.569977366133   Elapsed: 132.631s (2m 12s)  42% completed  (71% total)
     Speed:     ev/sec=22641.8   simsec/sec=1.478   ev/simsec=15319.2
     Messages:  created: 2471012   present: 1110   in FES: 126
** Event #2654208   t=217.517298160375   Elapsed: 134.649s (2m 14s)  43% completed  (71% total)
     Speed:     ev/sec=21318.2   simsec/sec=1.46093   ev/simsec=14592.2
     Messages:  created: 2516015   present: 1088   in FES: 115
** Event #2694400   t=220.032511357222   Elapsed: 136.649s (2m 16s)  44% completed  (72% total)
     Speed:     ev/sec=20091.9   simsec/sec=1.25735   ev/simsec=15979.6
     Messages:  created: 2557806   present: 1118   in FES: 126
** Event #2734592   t=222.559333021005   Elapsed: 138.666s (2m 18s)  44% completed  (72% total)
     Speed:     ev/sec=19933.9   simsec/sec=1.25322   ev/simsec=15906.1
     Messages:  created: 2599251   present: 1035   in FES: 96
** Event #2777856   t=225.431778670294   Elapsed: 140.669s (2m 20s)  45% completed  (72% total)
     Speed:     ev/sec=21591.1   simsec/sec=1.43351   ev/simsec=15061.7
     Messages:  created: 2644389   present: 1093   in FES: 126
** Event #2813952   t=227.587738482159   Elapsed: 142.688s (2m 22s)  45% completed  (72% total)
     Speed:     ev/sec=17882.3   simsec/sec=1.06808   ev/simsec=16742.4
     Messages:  created: 2680847   present: 1088   in FES: 126
** Event #2855424   t=230.583841268137   Elapsed: 144.706s (2m 24s)  46% completed  (73% total)
     Speed:     ev/sec=20553.8   simsec/sec=1.48489   ev/simsec=13842
     Messages:  created: 2721347   present: 1073   in FES: 111
** Event #2899456   t=233.030874638305   Elapsed: 146.708s (2m 26s)  46% completed  (73% total)
     Speed:     ev/sec=21987.3   simsec/sec=1.22192   ev/simsec=17994
     Messages:  created: 2769048   present: 1123   in FES: 138
** Event #2939392   t=235.520961988621   Elapsed: 148.719s (2m 28s)  47% completed  (73% total)
     Speed:     ev/sec=19858.6   simsec/sec=1.23822   ev/simsec=16038
     Messages:  created: 2809858   present: 1087   in FES: 126
** Event #2976256   t=237.582443597847   Elapsed: 150.739s (2m 30s)  47% completed  (73% total)
     Speed:     ev/sec=18252.5   simsec/sec=1.0207   ev/simsec=17882.3
     Messages:  created: 2846714   present: 1056   in FES: 107
** Event #3017728   t=240.191754411841   Elapsed: 152.748s (2m 32s)  48% completed  (74% total)
     Speed:     ev/sec=20637.7   simsec/sec=1.29847   ev/simsec=15893.9
     Messages:  created: 2888954   present: 1094   in FES: 143
** Event #3055104   t=242.548964494814   Elapsed: 154.763s (2m 34s)  48% completed  (74% total)
     Speed:     ev/sec=18549.8   simsec/sec=1.16989   ev/simsec=15856
     Messages:  created: 2926849   present: 1059   in FES: 104
** Event #3091712   t=244.84570939679   Elapsed: 156.772s (2m 36s)  48% completed  (74% total)
     Speed:     ev/sec=18228.3   simsec/sec=1.14362   ev/simsec=15939.1
     Messages:  created: 2964149   present: 1103   in FES: 126
** Event #3132160   t=247.344469348622   Elapsed: 158.776s (2m 38s)  49% completed  (74% total)
     Speed:     ev/sec=20177.9   simsec/sec=1.24653   ev/simsec=16187.2
     Messages:  created: 3004632   present: 1106   in FES: 132
** Event #3167744   t=249.529425687714   Elapsed: 160.782s (2m 40s)  49% completed  (74% total)
     Speed:     ev/sec=17736.7   simsec/sec=1.08908   ev/simsec=16285.9
     Messages:  created: 3040047   present: 1093   in FES: 116
** Event #3203072   t=251.549916617099   Elapsed: 162.799s (2m 42s)  50% completed  (75% total)
     Speed:     ev/sec=17520.6   simsec/sec=1.00204   ev/simsec=17484.9
     Messages:  created: 3075238   present: 1109   in FES: 120
** Event #3237376   t=253.560646193062   Elapsed: 164.805s (2m 44s)  50% completed  (75% total)
     Speed:     ev/sec=17098.8   simsec/sec=1.00225   ev/simsec=17060.5
     Messages:  created: 3108974   present: 1053   in FES: 104
** Event #3271936   t=255.564424122671   Elapsed: 166.806s (2m 46s)  51% completed  (75% total)
     Speed:     ev/sec=17271.8   simsec/sec=1.00141   ev/simsec=17247.4
     Messages:  created: 3143115   present: 1063   in FES: 104
** Event #3308288   t=257.794666449453   Elapsed: 168.807s (2m 48s)  51% completed  (75% total)
     Speed:     ev/sec=18169.1   simsec/sec=1.1147   ev/simsec=16299.6
     Messages:  created: 3179247   present: 1094   in FES: 126
** Event #3341824   t=259.59399426638   Elapsed: 170.817s (2m 50s)  51% completed  (75% total)
     Speed:     ev/sec=16682.2   simsec/sec=0.895061   ev/simsec=18638.1
     Messages:  created: 3211536   present: 1117   in FES: 126
** Event #3374848   t=261.543205608831   Elapsed: 172.85s (2m 52s)  52% completed  (76% total)
     Speed:     ev/sec=16245.9   simsec/sec=0.9589   ev/simsec=16942.2
     Messages:  created: 3243565   present: 1110   in FES: 123
** Event #3408640   t=263.543346401334   Elapsed: 174.884s (2m 54s)  52% completed  (76% total)
     Speed:     ev/sec=16611.6   simsec/sec=0.983237   ev/simsec=16894.8
     Messages:  created: 3275861   present: 1083   in FES: 114
** Event #3441664   t=265.552380096765   Elapsed: 176.907s (2m 56s)  53% completed  (76% total)
     Speed:     ev/sec=16320.4   simsec/sec=0.992859   ev/simsec=16437.8
     Messages:  created: 3307370   present: 1091   in FES: 116
** Event #3473152   t=267.539652216704   Elapsed: 178.917s (2m 58s)  53% completed  (76% total)
     Speed:     ev/sec=15672.7   simsec/sec=0.989136   ev/simsec=15844.8
     Messages:  created: 3337553   present: 1090   in FES: 115
** Event #3506432   t=269.560250782922   Elapsed: 180.936s (3m 00s)  53% completed  (76% total)
     Speed:     ev/sec=16476.7   simsec/sec=1.00038   ev/simsec=16470.4
     Messages:  created: 3369556   present: 1109   in FES: 126
** Event #3540480   t=271.572514502439   Elapsed: 182.971s (3m 02s)  54% completed  (77% total)
     Speed:     ev/sec=16736.4   simsec/sec=0.989134   ev/simsec=16920.2
     Messages:  created: 3403178   present: 1098   in FES: 126
** Event #3579136   t=274.040514514434   Elapsed: 184.975s (3m 04s)  54% completed  (77% total)
     Speed:     ev/sec=19282.7   simsec/sec=1.23111   ev/simsec=15662.9
     Messages:  created: 3441935   present: 1104   in FES: 121
** Event #3617792   t=276.530809377664   Elapsed: 186.986s (3m 06s)  55% completed  (77% total)
     Speed:     ev/sec=19225.6   simsec/sec=1.23855   ev/simsec=15522.7
     Messages:  created: 3481075   present: 1103   in FES: 128
** Event #3653120   t=278.578126917571   Elapsed: 189.01s (3m 09s)  55% completed  (77% total)
     Speed:     ev/sec=17452.8   simsec/sec=1.01142   ev/simsec=17255.8
     Messages:  created: 3516190   present: 1081   in FES: 114
** Event #3694080   t=281.095663965011   Elapsed: 191.014s (3m 11s)  56% completed  (78% total)
     Speed:     ev/sec=20446.5   simsec/sec=1.25671   ev/simsec=16269.9
     Messages:  created: 3557383   present: 1125   in FES: 145
** Event #3730944   t=283.535672137641   Elapsed: 193.023s (3m 13s)  56% completed  (78% total)
     Speed:     ev/sec=18347.7   simsec/sec=1.21443   ev/simsec=15108.1
     Messages:  created: 3594681   present: 1071   in FES: 108
** Event #3768576   t=285.614573312327   Elapsed: 195.025s (3m 15s)  57% completed  (78% total)
     Speed:     ev/sec=18792.9   simsec/sec=1.03817   ev/simsec=18101.9
     Messages:  created: 3632789   present: 1077   in FES: 127
** Event #3810048   t=288.432001358549   Elapsed: 197.032s (3m 17s)  57% completed  (78% total)
     Speed:     ev/sec=20662.6   simsec/sec=1.40373   ev/simsec=14719.8
     Messages:  created: 3674075   present: 1059   in FES: 127
** Event #3844352   t=290.545176322283   Elapsed: 199.051s (3m 19s)  58% completed  (79% total)
     Speed:     ev/sec=16993.8   simsec/sec=1.04684   ev/simsec=16233.4
     Messages:  created: 3707367   present: 1033   in FES: 98
** Event #3880448   t=292.941743988019   Elapsed: 201.058s (3m 21s)  58% completed  (79% total)
     Speed:     ev/sec=17985.9   simsec/sec=1.19416   ev/simsec=15061.5
     Messages:  created: 3743047   present: 1092   in FES: 127
** Event #3921408   t=295.345389688969   Elapsed: 203.064s (3m 23s)  59% completed  (79% total)
     Speed:     ev/sec=20420.6   simsec/sec=1.19834   ev/simsec=17040.8
     Messages:  created: 3784402   present: 1099   in FES: 126
** Event #3957248   t=297.556249891794   Elapsed: 205.07s (3m 25s)  59% completed  (79% total)
     Speed:     ev/sec=17867.4   simsec/sec=1.10218   ev/simsec=16210.9
     Messages:  created: 3820320   present: 1093   in FES: 126
** Event #3992320   t=300.010353385502   Elapsed: 207.072s (3m 27s)  60% completed  (80% total)
     Speed:     ev/sec=17514.9   simsec/sec=1.22558   ev/simsec=14291.2
     Messages:  created: 3854939   present: 1116   in FES: 125
** Event #4028928   t=302.525705944918   Elapsed: 209.082s (3m 29s)  60% completed  (80% total)
     Speed:     ev/sec=18209.1   simsec/sec=1.25115   ev/simsec=14553.8
     Messages:  created: 3890255   present: 1100   in FES: 121
** Event #4062208   t=304.59446886987   Elapsed: 211.092s (3m 31s)  60% completed  (80% total)
     Speed:     ev/sec=16558.4   simsec/sec=1.02931   ev/simsec=16086.9
     Messages:  created: 3921955   present: 1118   in FES: 140
** Event #4102144   t=307.523486533082   Elapsed: 213.109s (3m 33s)  61% completed  (80% total)
     Speed:     ev/sec=19800.2   simsec/sec=1.4522   ev/simsec=13634.6
     Messages:  created: 3960731   present: 1049   in FES: 102
** Event #4136960   t=309.618357711304   Elapsed: 215.114s (3m 35s)  61% completed  (80% total)
     Speed:     ev/sec=17365.7   simsec/sec=1.04489   ev/simsec=16619.6
     Messages:  created: 3994729   present: 1026   in FES: 110
** Event #4177920   t=312.541414805673   Elapsed: 217.131s (3m 37s)  62% completed  (81% total)
     Speed:     ev/sec=20307.3   simsec/sec=1.4492   ev/simsec=14012.7
     Messages:  created: 4034914   present: 1048   in FES: 101
** Event #4219904   t=315.530588310364   Elapsed: 219.156s (3m 39s)  63% completed  (81% total)
     Speed:     ev/sec=20736.6   simsec/sec=1.47641   ev/simsec=14045.4
     Messages:  created: 4075653   present: 1111   in FES: 126
** Event #4257792   t=318.037840731359   Elapsed: 221.157s (3m 41s)  63% completed  (81% total)
     Speed:     ev/sec=18933.8   simsec/sec=1.25295   ev/simsec=15111.4
     Messages:  created: 4113125   present: 1069   in FES: 108
** Event #4295936   t=320.556860350769   Elapsed: 223.162s (3m 43s)  64% completed  (82% total)
     Speed:     ev/sec=19026.5   simsec/sec=1.2565   ev/simsec=15142.4
     Messages:  created: 4151095   present: 1076   in FES: 113
** Event #4337408   t=323.514169259334   Elapsed: 225.163s (3m 45s)  64% completed  (82% total)
     Speed:     ev/sec=20718.6   simsec/sec=1.47741   ev/simsec=14023.6
     Messages:  created: 4192923   present: 1106   in FES: 126
** Event #4377344   t=326.094234910981   Elapsed: 227.17s (3m 47s)  65% completed  (82% total)
     Speed:     ev/sec=19897.4   simsec/sec=1.28547   ev/simsec=15478.7
     Messages:  created: 4232737   present: 1092   in FES: 126
** Event #4416512   t=329.010302165397   Elapsed: 229.174s (3m 49s)  65% completed  (82% total)
     Speed:     ev/sec=19553   simsec/sec=1.45572   ev/simsec=13431.8
     Messages:  created: 4273192   present: 1110   in FES: 126
** Event #4457216   t=331.557629790475   Elapsed: 231.181s (3m 51s)  66% completed  (83% total)
     Speed:     ev/sec=20272.2   simsec/sec=1.26867   ev/simsec=15979.1
     Messages:  created: 4314570   present: 1093   in FES: 118
** Event #4500224   t=334.511647347078   Elapsed: 233.199s (3m 53s)  66% completed  (83% total)
     Speed:     ev/sec=21314.4   simsec/sec=1.46398   ev/simsec=14559.2
     Messages:  created: 4358958   present: 1096   in FES: 126
** Event #4539904   t=337.04488853933   Elapsed: 235.199s (3m 55s)  67% completed  (83% total)
     Speed:     ev/sec=19837.3   simsec/sec=1.26645   ev/simsec=15663.7
     Messages:  created: 4398998   present: 1047   in FES: 127
** Event #4578304   t=339.594456907077   Elapsed: 237.202s (3m 57s)  67% completed  (83% total)
     Speed:     ev/sec=19179   simsec/sec=1.27339   ev/simsec=15061.4
     Messages:  created: 4437535   present: 1095   in FES: 127
** Event #4619520   t=342.529725846811   Elapsed: 239.205s (3m 59s)  68% completed  (84% total)
     Speed:     ev/sec=20576.8   simsec/sec=1.46541   ev/simsec=14041.6
     Messages:  created: 4479239   present: 1096   in FES: 121
** Event #4659200   t=345.094502400268   Elapsed: 241.206s (4m 01s)  69% completed  (84% total)
     Speed:     ev/sec=19826.2   simsec/sec=1.2815   ev/simsec=15471.1
     Messages:  created: 4517602   present: 1069   in FES: 110
** Event #4694272   t=347.594458545045   Elapsed: 243.216s (4m 03s)  69% completed  (84% total)
     Speed:     ev/sec=17448.1   simsec/sec=1.24371   ev/simsec=14029
     Messages:  created: 4551726   present: 1043   in FES: 120
** Event #4733952   t=350.538363611644   Elapsed: 245.231s (4m 05s)  70% completed  (85% total)
     Speed:     ev/sec=19690.3   simsec/sec=1.46085   ev/simsec=13478.7
     Messages:  created: 4590439   present: 1040   in FES: 97
** Event #4777472   t=353.532223118245   Elapsed: 247.233s (4m 07s)  70% completed  (85% total)
     Speed:     ev/sec=21745.6   simsec/sec=1.49594   ev/simsec=14536.4
     Messages:  created: 4633823   present: 1109   in FES: 120
** Event #4818432   t=356.280854019211   Elapsed: 249.235s (4m 09s)  71% completed  (85% total)
     Speed:     ev/sec=20458.2   simsec/sec=1.37285   ev/simsec=14902
     Messages:  created: 4674798   present: 1092   in FES: 126
** Event #4857856   t=359.030236286746   Elapsed: 251.237s (4m 11s)  71% completed  (85% total)
     Speed:     ev/sec=19687.4   simsec/sec=1.37298   ev/simsec=14339.2
     Messages:  created: 4714588   present: 1052   in FES: 103
** Event #4897536   t=361.580363557658   Elapsed: 253.247s (4m 13s)  72% completed  (86% total)
     Speed:     ev/sec=19746.5   simsec/sec=1.26906   ev/simsec=15560
     Messages:  created: 4754644   present: 1094   in FES: 119
** Event #4941056   t=364.345074539988   Elapsed: 255.254s (4m 15s)  72% completed  (86% total)
     Speed:     ev/sec=21684.5   simsec/sec=1.37756   ev/simsec=15741.2
     Messages:  created: 4800164   present: 1080   in FES: 127
** Event #4980224   t=366.780854789168   Elapsed: 257.263s (4m 17s)  73% completed  (86% total)
     Speed:     ev/sec=19498.2   simsec/sec=1.21255   ev/simsec=16080.3
     Messages:  created: 4840586   present: 1080   in FES: 115
** Event #5023488   t=369.529775178078   Elapsed: 259.265s (4m 19s)  73% completed  (86% total)
     Speed:     ev/sec=21610.8   simsec/sec=1.37312   ev/simsec=15738.5
     Messages:  created: 4885394   present: 1068   in FES: 111
** Event #5068544   t=372.094553073499   Elapsed: 261.265s (4m 21s)  74% completed  (87% total)
     Speed:     ev/sec=22527.2   simsec/sec=1.28235   ev/simsec=17567.2
     Messages:  created: 4932429   present: 1110   in FES: 126
** Event #5107712   t=374.545770963967   Elapsed: 263.272s (4m 23s)  74% completed  (87% total)
     Speed:     ev/sec=19511.1   simsec/sec=1.22105   ev/simsec=15979
     Messages:  created: 4973849   present: 1111   in FES: 122
** Event #5150976   t=377.075894891789   Elapsed: 265.272s (4m 25s)  75% completed  (87% total)
     Speed:     ev/sec=21631.4   simsec/sec=1.26503   ev/simsec=17099.6
     Messages:  created: 5019436   present: 1093   in FES: 118
** Event #5191936   t=379.565034065911   Elapsed: 267.283s (4m 27s)  75% completed  (87% total)
     Speed:     ev/sec=20365.7   simsec/sec=1.23762   ev/simsec=16455.5
     Messages:  created: 5062732   present: 1121   in FES: 126
** Event #5236736   t=382.521552607788   Elapsed: 269.287s (4m 29s)  76% completed  (88% total)
     Speed:     ev/sec=22359.2   simsec/sec=1.47557   ev/simsec=15153
     Messages:  created: 5110343   present: 1098   in FES: 126
** Event #5278976   t=385.086047964473   Elapsed: 271.292s (4m 31s)  77% completed  (88% total)
     Speed:     ev/sec=21070   simsec/sec=1.27921   ev/simsec=16471.1
     Messages:  created: 5153769   present: 1067   in FES: 110
** Event #5325312   t=388.281647688802   Elapsed: 273.295s (4m 33s)  77% completed  (88% total)
     Speed:     ev/sec=23130.2   simsec/sec=1.59519   ev/simsec=14499.9
     Messages:  created: 5201761   present: 1035   in FES: 116
** Event #5368064   t=391.085995037692   Elapsed: 275.298s (4m 35s)  78% completed  (89% total)
     Speed:     ev/sec=21345.4   simsec/sec=1.40016   ev/simsec=15244.9
     Messages:  created: 5244001   present: 1116   in FES: 126
** Event #5406464   t=394.000168115869   Elapsed: 277.299s (4m 37s)  78% completed  (89% total)
     Speed:     ev/sec=19187.1   simsec/sec=1.45611   ev/simsec=13177
     Messages:  created: 5281626   present: 1059   in FES: 108
** Event #5442816   t=396.525729871014   Elapsed: 279.309s (4m 39s)  79% completed  (89% total)
     Speed:     ev/sec=18088.9   simsec/sec=1.25673   ev/simsec=14393.6
     Messages:  created: 5315617   present: 1075   in FES: 112
** Event #5475840   t=398.794933364167   Elapsed: 281.311s (4m 41s)  79% completed  (89% total)
     Speed:     ev/sec=16496.5   simsec/sec=1.13353   ev/simsec=14553.1
     Messages:  created: 5346411   present: 1067   in FES: 110
** Event #5514752   t=401.543086132915   Elapsed: 283.317s (4m 43s)  80% completed  (90% total)
     Speed:     ev/sec=19391.4   simsec/sec=1.36951   ev/simsec=14159.3
     Messages:  created: 5382560   present: 1095   in FES: 116
** Event #5554944   t=404.519794431048   Elapsed: 285.336s (4m 45s)  80% completed  (90% total)
     Speed:     ev/sec=19912.6   simsec/sec=1.47477   ev/simsec=13502.2
     Messages:  created: 5420381   present: 1097   in FES: 118
** Event #5595136   t=407.513129239822   Elapsed: 287.346s (4m 47s)  81% completed  (90% total)
     Speed:     ev/sec=19997.4   simsec/sec=1.48933   ev/simsec=13427.2
     Messages:  created: 5458341   present: 1115   in FES: 126
** Event #5636096   t=410.527731145911   Elapsed: 289.349s (4m 49s)  82% completed  (91% total)
     Speed:     ev/sec=20448.4   simsec/sec=1.50498   ev/simsec=13587.2
     Messages:  created: 5496968   present: 1094   in FES: 117
** Event #5676800   t=413.550917019329   Elapsed: 291.362s (4m 51s)  82% completed  (91% total)
     Speed:     ev/sec=20215.8   simsec/sec=1.50147   ev/simsec=13463.9
     Messages:  created: 5536038   present: 1110   in FES: 123
** Event #5719552   t=416.794887166207   Elapsed: 293.369s (4m 53s)  83% completed  (91% total)
     Speed:     ev/sec=21307.7   simsec/sec=1.6168   ev/simsec=13178.9
     Messages:  created: 5576936   present: 1109   in FES: 127
** Event #5768448   t=420.553862225621   Elapsed: 295.373s (4m 55s)  84% completed  (92% total)
     Speed:     ev/sec=24391.3   simsec/sec=1.87513   ev/simsec=13007.8
     Messages:  created: 5624440   present: 1104   in FES: 121
** Event #5812992   t=424.029965723626   Elapsed: 297.375s (4m 57s)  84% completed  (92% total)
     Speed:     ev/sec=22254.7   simsec/sec=1.7367   ev/simsec=12814.3
     Messages:  created: 5667234   present: 1114   in FES: 126
** Event #5857536   t=427.53082125131   Elapsed: 299.378s (4m 59s)  85% completed  (92% total)
     Speed:     ev/sec=22240.7   simsec/sec=1.74797   ev/simsec=12723.7
     Messages:  created: 5710312   present: 1111   in FES: 140
** Event #5900288   t=430.794666409711   Elapsed: 301.379s (5m 01s)  86% completed  (93% total)
     Speed:     ev/sec=21363.5   simsec/sec=1.63097   ev/simsec=13098.7
     Messages:  created: 5751759   present: 1094   in FES: 126
** Event #5955328   t=435.057096960609   Elapsed: 303.38s (5m 03s)  87% completed  (93% total)
     Speed:     ev/sec=27503.9   simsec/sec=2.12997   ev/simsec=12912.8
     Messages:  created: 5805647   present: 1094   in FES: 117
** Event #6007296   t=439.088888680942   Elapsed: 305.388s (5m 05s)  87% completed  (93% total)
     Speed:     ev/sec=25882.1   simsec/sec=2.00799   ev/simsec=12889.6
     Messages:  created: 5856073   present: 1115   in FES: 126
** Event #6062592   t=443.530810723442   Elapsed: 307.397s (5m 07s)  88% completed  (94% total)
     Speed:     ev/sec=27523.5   simsec/sec=2.21096   ev/simsec=12448.7
     Messages:  created: 5911822   present: 1059   in FES: 120
** Event #6120192   t=447.55786576266   Elapsed: 309.411s (5m 09s)  89% completed  (94% total)
     Speed:     ev/sec=28602   simsec/sec=1.99968   ev/simsec=14303.3
     Messages:  created: 5970751   present: 1025   in FES: 96
** Event #6188032   t=452.531271274372   Elapsed: 311.412s (5m 11s)  90% completed  (95% total)
     Speed:     ev/sec=33906.1   simsec/sec=2.48569   ev/simsec=13640.6
     Messages:  created: 6040889   present: 1124   in FES: 138
** Event #6256896   t=456.932010938789   Elapsed: 313.412s (5m 13s)  91% completed  (95% total)
     Speed:     ev/sec=34424.9   simsec/sec=2.19992   ev/simsec=15648.3
     Messages:  created: 6114301   present: 1091   in FES: 136
** Event #6330368   t=461.519355015076   Elapsed: 315.432s (5m 15s)  92% completed  (96% total)
     Speed:     ev/sec=36365.8   simsec/sec=2.27056   ev/simsec=16016.2
     Messages:  created: 6192677   present: 1030   in FES: 97
** Event #6396160   t=465.603037588657   Elapsed: 317.435s (5m 17s)  93% completed  (96% total)
     Speed:     ev/sec=32850.8   simsec/sec=2.03904   ev/simsec=16110.9
     Messages:  created: 6261156   present: 1091   in FES: 114
** Event #6468608   t=470.529272221171   Elapsed: 319.441s (5m 19s)  94% completed  (97% total)
     Speed:     ev/sec=36118.2   simsec/sec=2.45592   ev/simsec=14706.6
     Messages:  created: 6336156   present: 1092   in FES: 126
** Event #6540544   t=475.047817790633   Elapsed: 321.448s (5m 21s)  95% completed  (97% total)
     Speed:     ev/sec=35845.2   simsec/sec=2.25156   ev/simsec=15920.2
     Messages:  created: 6411220   present: 1109   in FES: 122
** Event #6613504   t=479.575407918106   Elapsed: 323.456s (5m 23s)  95% completed  (97% total)
     Speed:     ev/sec=36328.5   simsec/sec=2.25439   ev/simsec=16114.5
     Messages:  created: 6487498   present: 1064   in FES: 109
** Event #6689280   t=484.55463703725   Elapsed: 325.463s (5m 25s)  96% completed  (98% total)
     Speed:     ev/sec=37766.6   simsec/sec=2.48163   ev/simsec=15218.4
     Messages:  created: 6565821   present: 1117   in FES: 124
** Event #6760704   t=489.533663886508   Elapsed: 327.472s (5m 27s)  97% completed  (98% total)
     Speed:     ev/sec=35543.7   simsec/sec=2.47778   ev/simsec=14345
     Messages:  created: 6637608   present: 1093   in FES: 116
** Event #6834688   t=494.551843155406   Elapsed: 329.482s (5m 29s)  98% completed  (99% total)
     Speed:     ev/sec=36817.5   simsec/sec=2.49726   ev/simsec=14743.2
     Messages:  created: 6711130   present: 1206   in FES: 156
** Event #6908416   t=499.533054525126   Elapsed: 331.487s (5m 31s)  99% completed  (99% total)
     Speed:     ev/sec=36768.3   simsec/sec=2.48414   ev/simsec=14801.2
     Messages:  created: 6784393   present: 1084   in FES: 113
** Event #6913977   t=500   Elapsed: 331.683s (5m 31s)  100% completed  (100% total)
     Speed:     ev/sec=28345.8   simsec/sec=2.37755   ev/simsec=11922.3
     Messages:  created: 6790201   present: 1021   in FES: 95

<!> Simulation time limit reached -- at t=500s, event #6913977
undisposed object: (omnetpp::cMessage) FanetStressNetwork.uav[0].app.debugTimer -- check module destructor
undisposed object: (omnetpp::cMessage) FanetStressNetwork.uav[1].app.debugTimer -- check module destructor
undisposed object: (omnetpp::cMessage) FanetStressNetwork.uav[2].app.debugTimer -- check module destructor
undisposed object: (omnetpp::cMessage) FanetStressNetwork.uav[3].app.debugTimer -- check module destructor
undisposed object: (omnetpp::cMessage) FanetStressNetwork.uav[4].app.debugTimer -- check module destructor
undisposed object: (omnetpp::cMessage) FanetStressNetwork.uav[5].app.debugTimer -- check module destructor
undisposed object: (omnetpp::cMessage) FanetStressNetwork.uav[6].app.debugTimer -- check module destructor
undisposed object: (omnetpp::cMessage) FanetStressNetwork.uav[7].app.debugTimer -- check module destructor
undisposed object: (omnetpp::cMessage) FanetStressNetwork.uav[8].app.debugTimer -- check module destructor
undisposed object: (omnetpp::cMessage) FanetStressNetwork.uav[9].app.debugTimer -- check module destructor
undisposed object: (omnetpp::cMessage) FanetStressNetwork.uav[10].app.debugTimer -- check module destructor
undisposed object: (omnetpp::cMessage) FanetStressNetwork.uav[11].app.debugTimer -- check module destructor
undisposed object: (omnetpp::cMessage) FanetStressNetwork.uav[12].app.debugTimer -- check module destructor
undisposed object: (omnetpp::cMessage) FanetStressNetwork.uav[13].app.debugTimer -- check module destructor
undisposed object: (omnetpp::cMessage) FanetStressNetwork.uav[14].app.debugTimer -- check module destructor
undisposed object: (omnetpp::cMessage) FanetStressNetwork.uav[15].app.debugTimer -- check module destructor
undisposed object: (omnetpp::cMessage) FanetStressNetwork.uav[16].app.debugTimer -- check module destructor
undisposed object: (omnetpp::cMessage) FanetStressNetwork.uav[17].app.debugTimer -- check module destructor
undisposed object: (omnetpp::cMessage) FanetStressNetwork.uav[18].app.debugTimer -- check module destructor
undisposed object: (omnetpp::cMessage) FanetStressNetwork.uav[19].app.debugTimer -- check module destructor
undisposed object: (omnetpp::cMessage) FanetStressNetwork.uav[20].app.debugTimer -- check module destructor
undisposed object: (omnetpp::cMessage) FanetStressNetwork.uav[21].app.debugTimer -- check module destructor
undisposed object: (omnetpp::cMessage) FanetStressNetwork.uav[22].app.debugTimer -- check module destructor
undisposed object: (omnetpp::cMessage) FanetStressNetwork.uav[23].app.debugTimer -- check module destructor
undisposed object: (omnetpp::cMessage) FanetStressNetwork.uav[24].app.debugTimer -- check module destructor
undisposed object: (omnetpp::cMessage) FanetStressNetwork.uav[25].app.debugTimer -- check module destructor
undisposed object: (omnetpp::cMessage) FanetStressNetwork.uav[26].app.debugTimer -- check module destructor
undisposed object: (omnetpp::cMessage) FanetStressNetwork.uav[27].app.debugTimer -- check module destructor
undisposed object: (omnetpp::cMessage) FanetStressNetwork.uav[28].app.debugTimer -- check module destructor
undisposed object: (omnetpp::cMessage) FanetStressNetwork.uav[29].app.debugTimer -- check module destructor
