** Event #0   t=0   Elapsed: 1.8e-05s (0m 00s)  0% completed  (0% total)
     Speed:     ev/sec=0   simsec/sec=0   ev/simsec=0
     Messages:  created: 1081   present: 1081   in FES: 161
** Event #58880   t=6.525472286116   Elapsed: 2.0267s (0m 02s)  1% completed  (0% total)
     Speed:     ev/sec=29053   simsec/sec=3.2198   ev/simsec=9023.25
     Messages:  created: 50604   present: 1079   in FES: 114
** Event #94208   t=10.510044555716   Elapsed: 4.03673s (0m 04s)  2% completed  (1% total)
     Speed:     ev/sec=17575.7   simsec/sec=1.98233   ev/simsec=8866.2
     Messages:  created: 79137   present: 1061   in FES: 108
** Event #126720   t=14.001195021854   Elapsed: 6.03993s (0m 06s)  2% completed  (1% total)
     Speed:     ev/sec=16230   simsec/sec=1.74279   ev/simsec=9312.69
     Messages:  created: 105505   present: 1062   in FES: 109
** Event #161792   t=17.559571395879   Elapsed: 8.04508s (0m 08s)  3% completed  (1% total)
     Speed:     ev/sec=17490.9   simsec/sec=1.77461   ev/simsec=9856.18
     Messages:  created: 133702   present: 1114   in FES: 125
** Event #193024   t=20.605978754553   Elapsed: 10.0512s (0m 10s)  4% completed  (2% total)
     Speed:     ev/sec=15568.1   simsec/sec=1.51853   ev/simsec=10252.1
     Messages:  created: 158571   present: 1099   in FES: 118
** Event #228608   t=24.517432827744   Elapsed: 12.0643s (0m 12s)  4% completed  (2% total)
     Speed:     ev/sec=17676.4   simsec/sec=1.94303   ev/simsec=9097.38
     Messages:  created: 186265   present: 1073   in FES: 112
** Event #259584   t=27.544968227865   Elapsed: 14.0861s (0m 14s)  5% completed  (2% total)
     Speed:     ev/sec=15321.4   simsec/sec=1.49749   ev/simsec=10231.4
     Messages:  created: 210584   present: 1054   in FES: 105
** Event #290560   t=30.567862108448   Elapsed: 16.0955s (0m 16s)  6% completed  (3% total)
     Speed:     ev/sec=15415   simsec/sec=1.50432   ev/simsec=10247.1
     Messages:  created: 234740   present: 1106   in FES: 123
** Event #321280   t=33.593134710515   Elapsed: 18.1221s (0m 18s)  6% completed  (3% total)
     Speed:     ev/sec=15158.8   simsec/sec=1.49282   ev/simsec=10154.5
     Messages:  created: 258601   present: 1095   in FES: 118
** Event #355328   t=37.088695491941   Elapsed: 20.1225s (0m 20s)  7% completed  (3% total)
     Speed:     ev/sec=17020.1   simsec/sec=1.74738   ev/simsec=9740.35
     Messages:  created: 285739   present: 1074   in FES: 111
** Event #387072   t=40.586821701035   Elapsed: 22.1426s (0m 22s)  8% completed  (4% total)
     Speed:     ev/sec=15714.3   simsec/sec=1.73169   ev/simsec=9074.57
     Messages:  created: 311344   present: 1102   in FES: 121
** Event #424704   t=44.600084977816   Elapsed: 24.1632s (0m 24s)  8% completed  (4% total)
     Speed:     ev/sec=18624.4   simsec/sec=1.9862   ev/simsec=9376.91
     Messages:  created: 341952   present: 1094   in FES: 126
** Event #461312   t=48.60117554811   Elapsed: 26.1707s (0m 26s)  9% completed  (4% total)
     Speed:     ev/sec=18235.2   simsec/sec=1.99302   ev/simsec=9149.51
     Messages:  created: 371729   present: 1102   in FES: 121
** Event #499968   t=53.074496235673   Elapsed: 28.1812s (0m 28s)  10% completed  (5% total)
     Speed:     ev/sec=19227.4   simsec/sec=2.22501   ev/simsec=8641.46
     Messages:  created: 403820   present: 1035   in FES: 100
** Event #535296   t=57.034162089128   Elapsed: 30.1898s (0m 30s)  11% completed  (5% total)
     Speed:     ev/sec=17587.9   simsec/sec=1.97131   ev/simsec=8921.96
     Messages:  created: 432770   present: 1092   in FES: 126
** Event #569856   t=60.58535339817   Elapsed: 32.2019s (0m 32s)  12% completed  (6% total)
     Speed:     ev/sec=17176.8   simsec/sec=1.765   ev/simsec=9731.95
     Messages:  created: 460626   present: 1074   in FES: 111
** Event #605696   t=64.53656002862   Elapsed: 34.203s (0m 34s)  12% completed  (6% total)
     Speed:     ev/sec=17910.2   simsec/sec=1.97452   ev/simsec=9070.65
     Messages:  created: 489492   present: 1042   in FES: 101
** Event #643328   t=68.583221748411   Elapsed: 36.2094s (0m 36s)  13% completed  (6% total)
     Speed:     ev/sec=18755.6   simsec/sec=2.01683   ev/simsec=9299.52
     Messages:  created: 520267   present: 1093   in FES: 126
** Event #678912   t=72.528056914415   Elapsed: 38.2104s (0m 38s)  14% completed  (7% total)
     Speed:     ev/sec=17783.4   simsec/sec=1.97147   ev/simsec=9020.4
     Messages:  created: 549076   present: 1031   in FES: 96
** Event #714496   t=76.519189332963   Elapsed: 40.2202s (0m 40s)  15% completed  (7% total)
     Speed:     ev/sec=17704.7   simsec/sec=1.98577   ev/simsec=8915.77
     Messages:  created: 578189   present: 1117   in FES: 126
** Event #751616   t=80.508738627189   Elapsed: 42.2449s (0m 42s)  16% completed  (8% total)
     Speed:     ev/sec=18334.1   simsec/sec=1.9705   ev/simsec=9304.31
     Messages:  created: 608023   present: 1072   in FES: 111
** Event #785664   t=84.015420584374   Elapsed: 44.2511s (0m 44s)  16% completed  (8% total)
     Speed:     ev/sec=16971.1   simsec/sec=1.7479   ev/simsec=9709.46
     Messages:  created: 635291   present: 1070   in FES: 109
** Event #819456   t=87.514305226648   Elapsed: 46.2689s (0m 46s)  17% completed  (8% total)
     Speed:     ev/sec=16746.9   simsec/sec=1.73401   ev/simsec=9657.93
     Messages:  created: 661873   present: 1096   in FES: 119
** Event #851456   t=90.590171297485   Elapsed: 48.2775s (0m 48s)  18% completed  (9% total)
     Speed:     ev/sec=15931.7   simsec/sec=1.53136   ev/simsec=10403.6
     Messages:  created: 687237   present: 1111   in FES: 124
** Event #882944   t=93.606747980249   Elapsed: 50.2876s (0m 50s)  18% completed  (9% total)
     Speed:     ev/sec=15664.9   simsec/sec=1.50071   ev/simsec=10438.3
     Messages:  created: 711923   present: 1063   in FES: 110
** Event #913664   t=96.599450043677   Elapsed: 52.3162s (0m 52s)  19% completed  (9% total)
     Speed:     ev/sec=15143.5   simsec/sec=1.47526   ev/simsec=10265
     Messages:  created: 735425   present: 1093   in FES: 118
** Event #942592   t=99.584554174232   Elapsed: 54.3231s (0m 54s)  19% completed  (9% total)
     Speed:     ev/sec=14413.8   simsec/sec=1.48738   ev/simsec=9690.78
     Messages:  created: 757788   present: 1105   in FES: 124
** Event #985856   t=101.60814771496   Elapsed: 56.3499s (0m 56s)  20% completed  (10% total)
     Speed:     ev/sec=21346.7   simsec/sec=0.998452   ev/simsec=21379.8
     Messages:  created: 803976   present: 1077   in FES: 112
** Event #1031936   t=104.232105894405   Elapsed: 58.3563s (0m 58s)  20% completed  (10% total)
     Speed:     ev/sec=22966.4   simsec/sec=1.30779   ev/simsec=17561.3
     Messages:  created: 852715   present: 1118   in FES: 126
** Event #1073408   t=106.575862580938   Elapsed: 60.374s (1m 00s)  21% completed  (10% total)
     Speed:     ev/sec=20553.5   simsec/sec=1.16156   ev/simsec=17694.7
     Messages:  created: 896635   present: 1086   in FES: 117
** Event #1122304   t=109.170936880974   Elapsed: 62.3786s (1m 02s)  21% completed  (10% total)
     Speed:     ev/sec=24392.2   simsec/sec=1.29457   ev/simsec=18841.8
     Messages:  created: 949244   present: 1102   in FES: 126
** Event #1162752   t=111.598577966689   Elapsed: 64.3853s (1m 04s)  22% completed  (11% total)
     Speed:     ev/sec=20156.5   simsec/sec=1.20977   ev/simsec=16661.4
     Messages:  created: 992178   present: 1105   in FES: 126
** Event #1209088   t=114.582378992679   Elapsed: 66.3901s (1m 06s)  22% completed  (11% total)
     Speed:     ev/sec=23112.6   simsec/sec=1.48834   ev/simsec=15529.2
     Messages:  created: 1040640   present: 1101   in FES: 122
** Event #1254400   t=117.526169074666   Elapsed: 68.3948s (1m 08s)  23% completed  (11% total)
     Speed:     ev/sec=22602.5   simsec/sec=1.46842   ev/simsec=15392.4
     Messages:  created: 1088274   present: 1029   in FES: 96
** Event #1299712   t=120.094084327633   Elapsed: 70.3984s (1m 10s)  24% completed  (12% total)
     Speed:     ev/sec=22615.5   simsec/sec=1.28166   ev/simsec=17645.4
     Messages:  created: 1136702   present: 1092   in FES: 115
** Event #1339648   t=122.708728723151   Elapsed: 72.4066s (1m 12s)  24% completed  (12% total)
     Speed:     ev/sec=19886.8   simsec/sec=1.302   ev/simsec=15274
     Messages:  created: 1178369   present: 1075   in FES: 110
** Event #1393152   t=125.420761482193   Elapsed: 74.4099s (1m 14s)  25% completed  (12% total)
     Speed:     ev/sec=26707.1   simsec/sec=1.35374   ev/simsec=19728.4
     Messages:  created: 1238810   present: 1056   in FES: 127
** Event #1437696   t=128.040734807698   Elapsed: 76.4163s (1m 16s)  25% completed  (12% total)
     Speed:     ev/sec=22201.6   simsec/sec=1.30584   ev/simsec=17001.7
     Messages:  created: 1285741   present: 1091   in FES: 118
** Event #1478656   t=130.599198730858   Elapsed: 78.4181s (1m 18s)  26% completed  (13% total)
     Speed:     ev/sec=20461.4   simsec/sec=1.27807   ev/simsec=16009.6
     Messages:  created: 1327713   present: 1109   in FES: 122
** Event #1521920   t=133.515899729261   Elapsed: 80.4266s (1m 20s)  26% completed  (13% total)
     Speed:     ev/sec=21540.8   simsec/sec=1.4522   ev/simsec=14833.2
     Messages:  created: 1372736   present: 1125   in FES: 126
** Event #1561856   t=136.012948096847   Elapsed: 82.4316s (1m 22s)  27% completed  (13% total)
     Speed:     ev/sec=19917.6   simsec/sec=1.24537   ev/simsec=15993.3
     Messages:  created: 1413761   present: 1092   in FES: 117
** Event #1605376   t=138.56474791502   Elapsed: 84.4553s (1m 24s)  27% completed  (13% total)
     Speed:     ev/sec=21506   simsec/sec=1.26101   ev/simsec=17054.6
     Messages:  created: 1458718   present: 1024   in FES: 97
** Event #1645312   t=141.089386493096   Elapsed: 86.4673s (1m 26s)  28% completed  (14% total)
     Speed:     ev/sec=19849   simsec/sec=1.25479   ev/simsec=15818.5
     Messages:  created: 1499769   present: 1085   in FES: 114
** Event #1681920   t=143.593606730599   Elapsed: 88.4759s (1m 28s)  28% completed  (14% total)
     Speed:     ev/sec=18225.1   simsec/sec=1.24671   ev/simsec=14618.5
     Messages:  created: 1536814   present: 1111   in FES: 122
** Event #1725440   t=146.512949465167   Elapsed: 90.4965s (1m 30s)  29% completed  (14% total)
     Speed:     ev/sec=21538.3   simsec/sec=1.4448   ev/simsec=14907.5
     Messages:  created: 1582040   present: 1110   in FES: 126
** Event #1763072   t=148.982704108421   Elapsed: 92.5015s (1m 32s)  29% completed  (14% total)
     Speed:     ev/sec=18769.5   simsec/sec=1.23183   ev/simsec=15237.1
     Messages:  created: 1621338   present: 1125   in FES: 143
** Event #1805312   t=151.586335790996   Elapsed: 94.5223s (1m 34s)  30% completed  (15% total)
     Speed:     ev/sec=20901.8   simsec/sec=1.28837   ev/simsec=16223.5
     Messages:  created: 1664071   present: 1097   in FES: 120
** Event #1850624   t=154.594089668522   Elapsed: 96.5278s (1m 36s)  30% completed  (15% total)
     Speed:     ev/sec=22594.1   simsec/sec=1.49977   ev/simsec=15065.1
     Messages:  created: 1711138   present: 1055   in FES: 104
** Event #1894656   t=157.554767545512   Elapsed: 98.5361s (1m 38s)  31% completed  (15% total)
     Speed:     ev/sec=21925.2   simsec/sec=1.47423   ev/simsec=14872.3
     Messages:  created: 1757452   present: 1061   in FES: 108
** Event #1938432   t=160.579441433054   Elapsed: 100.54s (1m 40s)  32% completed  (16% total)
     Speed:     ev/sec=21845.8   simsec/sec=1.50942   ev/simsec=14473
     Messages:  created: 1803358   present: 1091   in FES: 126
** Event #1981696   t=163.59327834595   Elapsed: 102.546s (1m 42s)  32% completed  (16% total)
     Speed:     ev/sec=21566.1   simsec/sec=1.50233   ev/simsec=14355.1
     Messages:  created: 1847650   present: 1105   in FES: 126
** Event #2025472   t=166.607577368176   Elapsed: 104.562s (1m 44s)  33% completed  (16% total)
     Speed:     ev/sec=21711.3   simsec/sec=1.49498   ev/simsec=14522.8
     Messages:  created: 1892034   present: 1101   in FES: 126
** Event #2070016   t=169.920806058685   Elapsed: 106.564s (1m 46s)  33% completed  (16% total)
     Speed:     ev/sec=22248.3   simsec/sec=1.65485   ev/simsec=13444.3
     Messages:  created: 1937767   present: 1102   in FES: 123
** Event #2111744   t=172.670805524878   Elapsed: 108.574s (1m 48s)  34% completed  (17% total)
     Speed:     ev/sec=20769.2   simsec/sec=1.36875   ev/simsec=15173.8
     Messages:  created: 1979671   present: 1115   in FES: 129
** Event #2152960   t=175.546762479867   Elapsed: 110.596s (1m 50s)  35% completed  (17% total)
     Speed:     ev/sec=20384.9   simsec/sec=1.42241   ev/simsec=14331.2
     Messages:  created: 2021564   present: 1100   in FES: 121
** Event #2194688   t=178.51474664006   Elapsed: 112.599s (1m 52s)  35% completed  (17% total)
     Speed:     ev/sec=20828   simsec/sec=1.48143   ev/simsec=14059.4
     Messages:  created: 2063050   present: 1058   in FES: 107
** Event #2231296   t=180.808860384719   Elapsed: 114.603s (1m 54s)  36% completed  (18% total)
     Speed:     ev/sec=18268.6   simsec/sec=1.14484   ev/simsec=15957.4
     Messages:  created: 2099968   present: 1021   in FES: 95
** Event #2273280   t=183.574898688104   Elapsed: 116.617s (1m 56s)  36% completed  (18% total)
     Speed:     ev/sec=20847.4   simsec/sec=1.37349   ev/simsec=15178.4
     Messages:  created: 2142857   present: 1078   in FES: 115
** Event #2317824   t=186.503195297929   Elapsed: 118.62s (1m 58s)  37% completed  (18% total)
     Speed:     ev/sec=22237.6   simsec/sec=1.46189   ev/simsec=15211.6
     Messages:  created: 2189205   present: 1086   in FES: 127
** Event #2354432   t=188.702803973479   Elapsed: 120.625s (2m 00s)  37% completed  (18% total)
     Speed:     ev/sec=18252.8   simsec/sec=1.09673   ev/simsec=16643
     Messages:  created: 2226214   present: 1050   in FES: 127
** Event #2393600   t=191.094576970371   Elapsed: 122.627s (2m 02s)  38% completed  (19% total)
     Speed:     ev/sec=19571.6   simsec/sec=1.19513   ev/simsec=16376.1
     Messages:  created: 2265861   present: 1038   in FES: 97
** Event #2431488   t=193.540826535523   Elapsed: 124.635s (2m 04s)  38% completed  (19% total)
     Speed:     ev/sec=18866.3   simsec/sec=1.21811   ev/simsec=15488.2
     Messages:  created: 2304918   present: 1075   in FES: 114
** Event #2469888   t=195.601788547151   Elapsed: 126.638s (2m 06s)  39% completed  (19% total)
     Speed:     ev/sec=19173.3   simsec/sec=1.02905   ev/simsec=18632.1
     Messages:  created: 2344152   present: 1081   in FES: 114
** Event #2509312   t=198.012947599388   Elapsed: 128.641s (2m 08s)  39% completed  (19% total)
     Speed:     ev/sec=19677.3   simsec/sec=1.20346   ev/simsec=16350.6
     Messages:  created: 2385398   present: 1098   in FES: 119
** Event #2553088   t=200.578917783426   Elapsed: 130.665s (2m 10s)  40% completed  (20% total)
     Speed:     ev/sec=21632   simsec/sec=1.26798   ev/simsec=17060.2
     Messages:  created: 2430577   present: 1107   in FES: 124
** Event #2594304   t=203.078057792311   Elapsed: 132.673s (2m 12s)  40% completed  (20% total)
     Speed:     ev/sec=20523.7   simsec/sec=1.24446   ev/simsec=16492.1
     Messages:  created: 2473267   present: 1112   in FES: 125
** Event #2637312   t=205.599656487718   Elapsed: 134.682s (2m 14s)  41% completed  (20% total)
     Speed:     ev/sec=21413.4   simsec/sec=1.25548   ev/simsec=17055.8
     Messages:  created: 2518180   present: 1103   in FES: 118
** Event #2683392   t=208.5216379782   Elapsed: 136.695s (2m 16s)  41% completed  (20% total)
     Speed:     ev/sec=22888.2   simsec/sec=1.45137   ev/simsec=15770.1
     Messages:  created: 2567382   present: 1121   in FES: 126
** Event #2735616   t=211.52089792808   Elapsed: 138.706s (2m 18s)  42% completed  (21% total)
     Speed:     ev/sec=25960.9   simsec/sec=1.49095   ev/simsec=17412.3
     Messages:  created: 2623559   present: 1104   in FES: 126
** Event #2778368   t=213.981533602042   Elapsed: 140.707s (2m 20s)  42% completed  (21% total)
     Speed:     ev/sec=21372.7   simsec/sec=1.23013   ev/simsec=17374.4
     Messages:  created: 2669089   present: 1051   in FES: 104
** Event #2821376   t=216.591005499132   Elapsed: 142.724s (2m 22s)  43% completed  (21% total)
     Speed:     ev/sec=21322.6   simsec/sec=1.29373   ev/simsec=16481.5
     Messages:  created: 2713824   present: 1114   in FES: 126
** Event #2865920   t=219.48224521685   Elapsed: 144.724s (2m 24s)  43% completed  (21% total)
     Speed:     ev/sec=22270.8   simsec/sec=1.44554   ev/simsec=15406.5
     Messages:  created: 2760717   present: 1174   in FES: 146
** Event #2909440   t=222.092833933752   Elapsed: 146.725s (2m 26s)  44% completed  (22% total)
     Speed:     ev/sec=21744.8   simsec/sec=1.30438   ev/simsec=16670.6
     Messages:  created: 2805612   present: 1118   in FES: 126
** Event #2949632   t=224.58997302107   Elapsed: 148.732s (2m 28s)  44% completed  (22% total)
     Speed:     ev/sec=20028.1   simsec/sec=1.24435   ev/simsec=16095.2
     Messages:  created: 2847717   present: 1122   in FES: 126
** Event #2996992   t=227.580554966405   Elapsed: 150.759s (2m 30s)  45% completed  (22% total)
     Speed:     ev/sec=23360.8   simsec/sec=1.47513   ev/simsec=15836.4
     Messages:  created: 2897008   present: 1070   in FES: 111
** Event #3042560   t=230.589376210995   Elapsed: 152.763s (2m 32s)  46% completed  (23% total)
     Speed:     ev/sec=22746.4   simsec/sec=1.50193   ev/simsec=15144.8
     Messages:  created: 2944558   present: 1071   in FES: 112
** Event #3087104   t=233.598723121714   Elapsed: 154.771s (2m 34s)  46% completed  (23% total)
     Speed:     ev/sec=22185   simsec/sec=1.4988   ev/simsec=14801.9
     Messages:  created: 2989870   present: 1112   in FES: 123
** Event #3129088   t=236.599561521614   Elapsed: 156.771s (2m 36s)  47% completed  (23% total)
     Speed:     ev/sec=20982.9   simsec/sec=1.49977   ev/simsec=13990.8
     Messages:  created: 3031574   present: 1163   in FES: 156
** Event #3169792   t=239.597833235308   Elapsed: 158.781s (2m 38s)  47% completed  (23% total)
     Speed:     ev/sec=20251.5   simsec/sec=1.49173   ev/simsec=13575.8
     Messages:  created: 3071993   present: 1111   in FES: 122
** Event #3210240   t=242.588833762494   Elapsed: 160.798s (2m 40s)  48% completed  (24% total)
     Speed:     ev/sec=20054.7   simsec/sec=1.48298   ev/simsec=13523.2
     Messages:  created: 3112520   present: 1091   in FES: 116
** Event #3251968   t=245.590098672747   Elapsed: 162.816s (2m 42s)  49% completed  (24% total)
     Speed:     ev/sec=20683   simsec/sec=1.48762   ev/simsec=13903.5
     Messages:  created: 3154582   present: 1096   in FES: 119
** Event #3295744   t=248.539327855717   Elapsed: 164.824s (2m 44s)  49% completed  (24% total)
     Speed:     ev/sec=21801.9   simsec/sec=1.46882   ev/simsec=14843.2
     Messages:  created: 3200266   present: 1078   in FES: 113
** Event #3341312   t=251.526222225408   Elapsed: 166.829s (2m 46s)  50% completed  (25% total)
     Speed:     ev/sec=22721.3   simsec/sec=1.48934   ev/simsec=15256
     Messages:  created: 3248202   present: 1104   in FES: 121
** Event #3385600   t=254.502239291393   Elapsed: 168.842s (2m 48s)  50% completed  (25% total)
     Speed:     ev/sec=22008.3   simsec/sec=1.47889   ev/simsec=14881.6
     Messages:  created: 3293930   present: 1065   in FES: 110
** Event #3429888   t=257.517948798827   Elapsed: 170.856s (2m 50s)  51% completed  (25% total)
     Speed:     ev/sec=21985.2   simsec/sec=1.49704   ev/simsec=14685.8
     Messages:  created: 3339362   present: 1101   in FES: 126
** Event #3474944   t=260.48191374023   Elapsed: 172.862s (2m 52s)  52% completed  (26% total)
     Speed:     ev/sec=22456.4   simsec/sec=1.47727   ev/simsec=15201.3
     Messages:  created: 3386564   present: 1030   in FES: 118
** Event #3515136   t=263.001195967841   Elapsed: 174.87s (2m 54s)  52% completed  (26% total)
     Speed:     ev/sec=20018.4   simsec/sec=1.25478   ev/simsec=15953.8
     Messages:  created: 3428896   present: 1040   in FES: 101
** Event #3555840   t=265.702231199058   Elapsed: 176.877s (2m 56s)  53% completed  (26% total)
     Speed:     ev/sec=20284.6   simsec/sec=1.34605   ev/simsec=15069.8
     Messages:  created: 3469609   present: 1059   in FES: 108
** Event #3597056   t=268.555406749994   Elapsed: 178.895s (2m 58s)  53% completed  (26% total)
     Speed:     ev/sec=20417.3   simsec/sec=1.41339   ev/simsec=14445.7
     Messages:  created: 3511416   present: 1104   in FES: 126
** Event #3642112   t=271.518638312639   Elapsed: 180.896s (3m 00s)  54% completed  (27% total)
     Speed:     ev/sec=22517   simsec/sec=1.48089   ev/simsec=15205
     Messages:  created: 3558389   present: 1116   in FES: 126
** Event #3681792   t=274.094085384106   Elapsed: 182.898s (3m 02s)  54% completed  (27% total)
     Speed:     ev/sec=19823.2   simsec/sec=1.28663   ev/simsec=15407
     Messages:  created: 3597667   present: 1052   in FES: 101
** Event #3720960   t=276.95223273703   Elapsed: 184.901s (3m 04s)  55% completed  (27% total)
     Speed:     ev/sec=19554   simsec/sec=1.42688   ev/simsec=13704
     Messages:  created: 3638385   present: 1031   in FES: 98
** Event #3763968   t=279.596111127939   Elapsed: 186.905s (3m 06s)  55% completed  (27% total)
     Speed:     ev/sec=21465.1   simsec/sec=1.31955   ev/simsec=16267
     Messages:  created: 3681939   present: 1118   in FES: 125
** Event #3806208   t=282.546432125606   Elapsed: 188.908s (3m 08s)  56% completed  (28% total)
     Speed:     ev/sec=21088.6   simsec/sec=1.47297   ev/simsec=14317.1
     Messages:  created: 3725110   present: 1111   in FES: 124
** Event #3848960   t=285.564863705649   Elapsed: 190.928s (3m 10s)  57% completed  (28% total)
     Speed:     ev/sec=21163.6   simsec/sec=1.49422   ev/simsec=14163.6
     Messages:  created: 3768558   present: 1040   in FES: 101
** Event #3891968   t=288.595723185132   Elapsed: 192.937s (3m 12s)  57% completed  (28% total)
     Speed:     ev/sec=21410.4   simsec/sec=1.50884   ev/simsec=14190
     Messages:  created: 3812452   present: 1109   in FES: 122
** Event #3935488   t=291.531041734661   Elapsed: 194.938s (3m 14s)  58% completed  (29% total)
     Speed:     ev/sec=21739   simsec/sec=1.46624   ev/simsec=14826.3
     Messages:  created: 3857294   present: 1073   in FES: 110
** Event #3977472   t=294.514486973821   Elapsed: 196.96s (3m 16s)  58% completed  (29% total)
     Speed:     ev/sec=20765.5   simsec/sec=1.47563   ev/simsec=14072.3
     Messages:  created: 3900282   present: 1110   in FES: 125
** Event #4020224   t=296.519894933274   Elapsed: 198.971s (3m 18s)  59% completed  (29% total)
     Speed:     ev/sec=21261.4   simsec/sec=0.99733   ev/simsec=21318.4
     Messages:  created: 3948243   present: 1119   in FES: 127
** Event #4059648   t=299.089385783059   Elapsed: 200.975s (3m 20s)  59% completed  (29% total)
     Speed:     ev/sec=19669.4   simsec/sec=1.28197   ev/simsec=15343.1
     Messages:  created: 3988078   present: 1091   in FES: 116
** Event #4100096   t=302.011186203206   Elapsed: 202.977s (3m 22s)  60% completed  (30% total)
     Speed:     ev/sec=20211.7   simsec/sec=1.46001   ev/simsec=13843.5
     Messages:  created: 4029557   present: 1086   in FES: 115
** Event #4145664   t=305.063803191197   Elapsed: 204.981s (3m 24s)  61% completed  (30% total)
     Speed:     ev/sec=22734.5   simsec/sec=1.52299   ev/simsec=14927.5
     Messages:  created: 4075247   present: 1071   in FES: 112
** Event #4184064   t=307.59472796816   Elapsed: 206.984s (3m 26s)  61% completed  (30% total)
     Speed:     ev/sec=19169.1   simsec/sec=1.26343   ev/simsec=15172.3
     Messages:  created: 4112855   present: 1107   in FES: 126
** Event #4224512   t=310.52079771764   Elapsed: 209.007s (3m 29s)  62% completed  (31% total)
     Speed:     ev/sec=19997   simsec/sec=1.44661   ev/simsec=13823.3
     Messages:  created: 4152424   present: 1114   in FES: 123
** Event #4260864   t=313.001195016253   Elapsed: 211.007s (3m 31s)  62% completed  (31% total)
     Speed:     ev/sec=18171.7   simsec/sec=1.2399   ev/simsec=14655.7
     Messages:  created: 4188399   present: 1095   in FES: 120
** Event #4300800   t=315.520540168436   Elapsed: 213.033s (3m 33s)  63% completed  (31% total)
     Speed:     ev/sec=19712.4   simsec/sec=1.24355   ev/simsec=15851.7
     Messages:  created: 4227428   present: 1053   in FES: 102
** Event #4336384   t=317.730729108067   Elapsed: 215.039s (3m 35s)  63% completed  (31% total)
     Speed:     ev/sec=17742   simsec/sec=1.10199   ev/simsec=16100
     Messages:  created: 4263200   present: 1108   in FES: 127
** Event #4381184   t=320.55400721254   Elapsed: 217.061s (3m 37s)  64% completed  (32% total)
     Speed:     ev/sec=22159.6   simsec/sec=1.39649   ev/simsec=15868.1
     Messages:  created: 4308481   present: 1089   in FES: 116
** Event #4419328   t=322.959546350527   Elapsed: 219.062s (3m 39s)  64% completed  (32% total)
     Speed:     ev/sec=19059.7   simsec/sec=1.20199   ev/simsec=15856.7
     Messages:  created: 4347693   present: 1099   in FES: 118
** Event #4461568   t=325.545369561732   Elapsed: 221.077s (3m 41s)  65% completed  (32% total)
     Speed:     ev/sec=20962.4   simsec/sec=1.28326   ev/simsec=16335.2
     Messages:  created: 4389932   present: 1100   in FES: 119
** Event #4503808   t=328.095477113804   Elapsed: 223.08s (3m 43s)  65% completed  (32% total)
     Speed:     ev/sec=21083.1   simsec/sec=1.27283   ev/simsec=16564
     Messages:  created: 4432443   present: 1094   in FES: 115
** Event #4539648   t=330.522309307772   Elapsed: 225.105s (3m 45s)  66% completed  (33% total)
     Speed:     ev/sec=17700.5   simsec/sec=1.19856   ev/simsec=14768.2
     Messages:  created: 4468478   present: 1092   in FES: 115
** Event #4572672   t=332.602652401944   Elapsed: 227.106s (3m 47s)  66% completed  (33% total)
     Speed:     ev/sec=16502.7   simsec/sec=1.03959   ev/simsec=15874.3
     Messages:  created: 4500585   present: 1086   in FES: 113
** Event #4615936   t=335.512310117223   Elapsed: 229.126s (3m 49s)  67% completed  (33% total)
     Speed:     ev/sec=21418.8   simsec/sec=1.44049   ev/simsec=14869.1
     Messages:  created: 4543809   present: 1037   in FES: 100
** Event #4650240   t=337.577896037871   Elapsed: 231.135s (3m 51s)  67% completed  (33% total)
     Speed:     ev/sec=17076   simsec/sec=1.02821   ev/simsec=16607.4
     Messages:  created: 4578067   present: 1033   in FES: 98
** Event #4690176   t=340.088135161469   Elapsed: 233.143s (3m 53s)  68% completed  (34% total)
     Speed:     ev/sec=19889.1   simsec/sec=1.25016   ev/simsec=15909.2
     Messages:  created: 4618870   present: 1099   in FES: 120
** Event #4731904   t=342.670761533195   Elapsed: 235.144s (3m 55s)  68% completed  (34% total)
     Speed:     ev/sec=20850.8   simsec/sec=1.2905   ev/simsec=16157.2
     Messages:  created: 4662150   present: 1076   in FES: 127
** Event #4779008   t=345.67159801212   Elapsed: 237.15s (3m 57s)  69% completed  (34% total)
     Speed:     ev/sec=23490.9   simsec/sec=1.49652   ev/simsec=15697
     Messages:  created: 4711295   present: 1069   in FES: 128
** Event #4823808   t=348.58138374796   Elapsed: 239.155s (3m 59s)  69% completed  (34% total)
     Speed:     ev/sec=22337   simsec/sec=1.4508   ev/simsec=15396.3
     Messages:  created: 4758083   present: 1087   in FES: 116
** Event #4865792   t=351.540825380347   Elapsed: 241.159s (4m 01s)  70% completed  (35% total)
     Speed:     ev/sec=20955.3   simsec/sec=1.47713   ev/simsec=14186.5
     Messages:  created: 4801143   present: 1112   in FES: 125
** Event #4909568   t=354.548841260072   Elapsed: 243.161s (4m 03s)  70% completed  (35% total)
     Speed:     ev/sec=21862.1   simsec/sec=1.50223   ev/simsec=14553.1
     Messages:  created: 4845492   present: 1106   in FES: 123
** Event #4952576   t=357.547315775732   Elapsed: 245.176s (4m 05s)  71% completed  (35% total)
     Speed:     ev/sec=21343.4   simsec/sec=1.48804   ev/simsec=14343.3
     Messages:  created: 4889419   present: 1091   in FES: 116
** Event #4997120   t=360.589086397425   Elapsed: 247.179s (4m 07s)  72% completed  (36% total)
     Speed:     ev/sec=22244.1   simsec/sec=1.51898   ev/simsec=14644.1
     Messages:  created: 4935556   present: 1098   in FES: 121
** Event #5041152   t=364.040679350332   Elapsed: 249.185s (4m 09s)  72% completed  (36% total)
     Speed:     ev/sec=21949.1   simsec/sec=1.72055   ev/simsec=12757
     Messages:  created: 4979741   present: 1026   in FES: 97
** Event #5084416   t=367.514524833668   Elapsed: 251.19s (4m 11s)  73% completed  (36% total)
     Speed:     ev/sec=21575.6   simsec/sec=1.73239   ev/simsec=12454.2
     Messages:  created: 5022124   present: 1104   in FES: 121
** Event #5123840   t=370.547778972398   Elapsed: 253.204s (4m 13s)  74% completed  (37% total)
     Speed:     ev/sec=19571   simsec/sec=1.50578   ev/simsec=12997.3
     Messages:  created: 5060522   present: 1076   in FES: 113
** Event #5162496   t=373.562894750226   Elapsed: 255.215s (4m 15s)  74% completed  (37% total)
     Speed:     ev/sec=19230.2   simsec/sec=1.49993   ev/simsec=12820.7
     Messages:  created: 5098103   present: 1087   in FES: 118
** Event #5202176   t=376.551322992017   Elapsed: 257.242s (4m 17s)  75% completed  (37% total)
     Speed:     ev/sec=19574   simsec/sec=1.47418   ev/simsec=13277.9
     Messages:  created: 5136852   present: 1055   in FES: 106
** Event #5245952   t=379.421662660963   Elapsed: 259.247s (4m 19s)  75% completed  (37% total)
     Speed:     ev/sec=21831.6   simsec/sec=1.43147   ev/simsec=15251.2
     Messages:  created: 5181731   present: 1103   in FES: 122
** Event #5286656   t=382.044262078739   Elapsed: 261.251s (4m 21s)  76% completed  (38% total)
     Speed:     ev/sec=20312.2   simsec/sec=1.30874   ev/simsec=15520.5
     Messages:  created: 5223008   present: 1091   in FES: 118
** Event #5326848   t=384.58079514941   Elapsed: 263.275s (4m 23s)  76% completed  (38% total)
     Speed:     ev/sec=19859.8   simsec/sec=1.25336   ev/simsec=15845.2
     Messages:  created: 5262840   present: 1096   in FES: 119
** Event #5369600   t=387.519539285374   Elapsed: 265.296s (4m 25s)  77% completed  (38% total)
     Speed:     ev/sec=21148.8   simsec/sec=1.45375   ev/simsec=14547.7
     Messages:  created: 5305788   present: 1096   in FES: 117
** Event #5403392   t=389.702231525293   Elapsed: 267.298s (4m 27s)  77% completed  (38% total)
     Speed:     ev/sec=16876.3   simsec/sec=1.09007   ev/simsec=15481.8
     Messages:  created: 5339029   present: 1062   in FES: 109
** Event #5443072   t=392.536464718676   Elapsed: 269.302s (4m 29s)  78% completed  (39% total)
     Speed:     ev/sec=19804.8   simsec/sec=1.4146   ev/simsec=14000.3
     Messages:  created: 5378185   present: 1099   in FES: 126
** Event #5484800   t=395.527578467823   Elapsed: 271.308s (4m 31s)  79% completed  (39% total)
     Speed:     ev/sec=20804.7   simsec/sec=1.4913   ev/simsec=13950.7
     Messages:  created: 5419019   present: 1101   in FES: 120
** Event #5523456   t=398.094631939589   Elapsed: 273.313s (4m 33s)  79% completed  (39% total)
     Speed:     ev/sec=19279.9   simsec/sec=1.28033   ev/simsec=15058.5
     Messages:  created: 5456039   present: 1103   in FES: 118
** Event #5559552   t=400.608723657979   Elapsed: 275.315s (4m 35s)  80% completed  (40% total)
     Speed:     ev/sec=18029.2   simsec/sec=1.25573   ev/simsec=14357.5
     Messages:  created: 5491024   present: 1102   in FES: 119
** Event #5600000   t=403.574550215357   Elapsed: 277.32s (4m 37s)  80% completed  (40% total)
     Speed:     ev/sec=20176.1   simsec/sec=1.4794   ev/simsec=13638
     Messages:  created: 5530885   present: 1099   in FES: 122
** Event #5639680   t=406.452230259628   Elapsed: 279.324s (4m 39s)  81% completed  (40% total)
     Speed:     ev/sec=19794   simsec/sec=1.43551   ev/simsec=13788.9
     Messages:  created: 5570040   present: 1113   in FES: 132
** Event #5675520   t=408.730729020402   Elapsed: 281.328s (4m 41s)  81% completed  (40% total)
     Speed:     ev/sec=17883.7   simsec/sec=1.13694   ev/simsec=15729.7
     Messages:  created: 5605772   present: 1106   in FES: 127
** Event #5717248   t=411.571803533149   Elapsed: 283.352s (4m 43s)  82% completed  (41% total)
     Speed:     ev/sec=20622.8   simsec/sec=1.40412   ev/simsec=14687.4
     Messages:  created: 5647446   present: 1022   in FES: 96
** Event #5757440   t=414.231949787495   Elapsed: 285.356s (4m 45s)  82% completed  (41% total)
     Speed:     ev/sec=20054.6   simsec/sec=1.32733   ev/simsec=15108.9
     Messages:  created: 5687709   present: 1086   in FES: 117
** Event #5795072   t=417.008896986581   Elapsed: 287.356s (4m 47s)  83% completed  (41% total)
     Speed:     ev/sec=18811.5   simsec/sec=1.38814   ev/simsec=13551.6
     Messages:  created: 5725038   present: 1028   in FES: 97
** Event #5832960   t=419.554583328924   Elapsed: 289.378s (4m 49s)  83% completed  (41% total)
     Speed:     ev/sec=18736.9   simsec/sec=1.25893   ev/simsec=14883.2
     Messages:  created: 5761483   present: 1120   in FES: 125
** Event #5871360   t=422.20223210083   Elapsed: 291.384s (4m 51s)  84% completed  (42% total)
     Speed:     ev/sec=19147.9   simsec/sec=1.32023   ev/simsec=14503.4
     Messages:  created: 5798346   present: 1060   in FES: 109
** Event #5907200   t=424.575858944895   Elapsed: 293.387s (4m 53s)  84% completed  (42% total)
     Speed:     ev/sec=17890.6   simsec/sec=1.18487   ev/simsec=15099.3
     Messages:  created: 5833705   present: 1085   in FES: 116
** Event #5950464   t=427.420806639363   Elapsed: 295.39s (4m 55s)  85% completed  (42% total)
     Speed:     ev/sec=21605   simsec/sec=1.4207   ev/simsec=15207.3
     Messages:  created: 5877169   present: 1060   in FES: 109
** Event #5987072   t=429.55552040128   Elapsed: 297.407s (4m 57s)  85% completed  (42% total)
     Speed:     ev/sec=18143.5   simsec/sec=1.058   ev/simsec=17148.9
     Messages:  created: 5914256   present: 1081   in FES: 116
** Event #6030848   t=432.502102030313   Elapsed: 299.418s (4m 59s)  86% completed  (43% total)
     Speed:     ev/sec=21775.8   simsec/sec=1.46574   ev/simsec=14856.5
     Messages:  created: 5959032   present: 1096   in FES: 121
** Event #6066688   t=434.958683964881   Elapsed: 301.421s (5m 01s)  86% completed  (43% total)
     Speed:     ev/sec=17887.8   simsec/sec=1.22608   ev/simsec=14589.4
     Messages:  created: 5994680   present: 1083   in FES: 127
** Event #6108160   t=437.601525099577   Elapsed: 303.438s (5m 03s)  87% completed  (43% total)
     Speed:     ev/sec=20559.4   simsec/sec=1.31017   ev/simsec=15692.2
     Messages:  created: 6035926   present: 1098   in FES: 119
** Event #6149120   t=440.511294162494   Elapsed: 305.443s (5m 05s)  88% completed  (44% total)
     Speed:     ev/sec=20431.3   simsec/sec=1.45142   ev/simsec=14076.7
     Messages:  created: 6077419   present: 1108   in FES: 123
** Event #6184448   t=442.982224177133   Elapsed: 307.446s (5m 07s)  88% completed  (44% total)
     Speed:     ev/sec=17637.5   simsec/sec=1.23361   ev/simsec=14297.5
     Messages:  created: 6111916   present: 1108   in FES: 127
** Event #6222336   t=445.551942998091   Elapsed: 309.467s (5m 09s)  89% completed  (44% total)
     Speed:     ev/sec=18745.3   simsec/sec=1.27138   ev/simsec=14744
     Messages:  created: 6148417   present: 1112   in FES: 125
** Event #6259712   t=448.08467220765   Elapsed: 311.469s (5m 11s)  89% completed  (44% total)
     Speed:     ev/sec=18673.6   simsec/sec=1.26539   ev/simsec=14757.2
     Messages:  created: 6184571   present: 1106   in FES: 126
** Event #6296320   t=450.602243470944   Elapsed: 313.473s (5m 13s)  90% completed  (45% total)
     Speed:     ev/sec=18264.2   simsec/sec=1.25605   ev/simsec=14541
     Messages:  created: 6220162   present: 1066   in FES: 109
** Event #6336256   t=453.513765916443   Elapsed: 315.485s (5m 15s)  90% completed  (45% total)
     Speed:     ev/sec=19850.3   simsec/sec=1.44718   ev/simsec=13716.5
     Messages:  created: 6259548   present: 1088   in FES: 115
** Event #6371328   t=455.670805135244   Elapsed: 317.492s (5m 17s)  91% completed  (45% total)
     Speed:     ev/sec=17472.8   simsec/sec=1.07464   ev/simsec=16259.3
     Messages:  created: 6293476   present: 1114   in FES: 136
** Event #6412800   t=458.529365415032   Elapsed: 319.517s (5m 19s)  91% completed  (45% total)
     Speed:     ev/sec=20479.4   simsec/sec=1.41159   ev/simsec=14508
     Messages:  created: 6335186   present: 1088   in FES: 126
** Event #6451200   t=461.046460547773   Elapsed: 321.521s (5m 21s)  92% completed  (46% total)
     Speed:     ev/sec=19165.4   simsec/sec=1.25628   ev/simsec=15255.7
     Messages:  created: 6373103   present: 1093   in FES: 118
** Event #6489088   t=463.590641614491   Elapsed: 323.525s (5m 23s)  92% completed  (46% total)
     Speed:     ev/sec=18905   simsec/sec=1.26947   ev/simsec=14892
     Messages:  created: 6410772   present: 1103   in FES: 126
** Event #6529280   t=466.510917500826   Elapsed: 325.529s (5m 25s)  93% completed  (46% total)
     Speed:     ev/sec=20054.5   simsec/sec=1.45713   ev/simsec=13763.1
     Messages:  created: 6450852   present: 1118   in FES: 126
** Event #6570752   t=469.508999393601   Elapsed: 327.547s (5m 27s)  93% completed  (46% total)
     Speed:     ev/sec=20550.7   simsec/sec=1.48564   ev/simsec=13832.8
     Messages:  created: 6491870   present: 1109   in FES: 124
** Event #6608896   t=472.086970488564   Elapsed: 329.55s (5m 29s)  94% completed  (47% total)
     Speed:     ev/sec=19049.4   simsec/sec=1.28746   ev/simsec=14796.1
     Messages:  created: 6528655   present: 1037   in FES: 98
** Event #6648064   t=474.981630675446   Elapsed: 331.561s (5m 31s)  94% completed  (47% total)
     Speed:     ev/sec=19476.8   simsec/sec=1.43941   ev/simsec=13531.1
     Messages:  created: 6567807   present: 1118   in FES: 142
** Event #6696704   t=477.512197520457   Elapsed: 333.587s (5m 33s)  95% completed  (47% total)
     Speed:     ev/sec=24006.2   simsec/sec=1.24896   ev/simsec=19221
     Messages:  created: 6620190   present: 1117   in FES: 126
** Event #6734848   t=480.170760801675   Elapsed: 335.592s (5m 35s)  96% completed  (48% total)
     Speed:     ev/sec=19023   simsec/sec=1.32587   ev/simsec=14347.6
     Messages:  created: 6657414   present: 1100   in FES: 127
** Event #6774528   t=483.08813535456   Elapsed: 337.594s (5m 37s)  96% completed  (48% total)
     Speed:     ev/sec=19823.1   simsec/sec=1.45744   ev/simsec=13601.3
     Messages:  created: 6696835   present: 1096   in FES: 119
** Event #6811392   t=486.008897614295   Elapsed: 339.596s (5m 39s)  97% completed  (48% total)
     Speed:     ev/sec=18413.1   simsec/sec=1.45889   ev/simsec=12621.4
     Messages:  created: 6733067   present: 1094   in FES: 126
** Event #6851840   t=489.044262924699   Elapsed: 341.603s (5m 41s)  97% completed  (48% total)
     Speed:     ev/sec=20155   simsec/sec=1.51251   ev/simsec=13325.6
     Messages:  created: 6771679   present: 1040   in FES: 101
** Event #6896128   t=492.078058218136   Elapsed: 343.603s (5m 43s)  98% completed  (49% total)
     Speed:     ev/sec=22135.9   simsec/sec=1.51634   ev/simsec=14598.2
     Messages:  created: 6816047   present: 1105   in FES: 122
** Event #6938112   t=495.05475685924   Elapsed: 345.609s (5m 45s)  99% completed  (49% total)
     Speed:     ev/sec=20935.3   simsec/sec=1.48433   ev/simsec=14104.2
     Messages:  created: 6858572   present: 1100   in FES: 126
** Event #6984704   t=498.089386078779   Elapsed: 347.61s (5m 47s)  99% completed  (49% total)
     Speed:     ev/sec=23280.7   simsec/sec=1.51632   ev/simsec=15353.4
     Messages:  created: 6906752   present: 1084   in FES: 113
** Event #7011897   t=500   Elapsed: 348.819s (5m 48s)  100% completed  (50% total)
     Speed:     ev/sec=22499.4   simsec/sec=1.57948   ev/simsec=14244.8
     Messages:  created: 6935916   present: 1025   in FES: 96

<!> Simulation time limit reached -- at t=500s, event #7011897
undisposed object: (omnetpp::cMessage) FanetStressNetwork.uav[0].app.debugTimer -- check module destructor
undisposed object: (omnetpp::cMessage) FanetStressNetwork.uav[1].app.debugTimer -- check module destructor
undisposed object: (omnetpp::cMessage) FanetStressNetwork.uav[2].app.debugTimer -- check module destructor
undisposed object: (omnetpp::cMessage) FanetStressNetwork.uav[3].app.debugTimer -- check module destructor
undisposed object: (omnetpp::cMessage) FanetStressNetwork.uav[4].app.debugTimer -- check module destructor
undisposed object: (omnetpp::cMessage) FanetStressNetwork.uav[5].app.debugTimer -- check module destructor
undisposed object: (omnetpp::cMessage) FanetStressNetwork.uav[6].app.debugTimer -- check module destructor
undisposed object: (omnetpp::cMessage) FanetStressNetwork.uav[7].app.debugTimer -- check module destructor
undisposed object: (omnetpp::cMessage) FanetStressNetwork.uav[8].app.debugTimer -- check module destructor
undisposed object: (omnetpp::cMessage) FanetStressNetwork.uav[9].app.debugTimer -- check module destructor
undisposed object: (omnetpp::cMessage) FanetStressNetwork.uav[10].app.debugTimer -- check module destructor
undisposed object: (omnetpp::cMessage) FanetStressNetwork.uav[11].app.debugTimer -- check module destructor
undisposed object: (omnetpp::cMessage) FanetStressNetwork.uav[12].app.debugTimer -- check module destructor
undisposed object: (omnetpp::cMessage) FanetStressNetwork.uav[13].app.debugTimer -- check module destructor
undisposed object: (omnetpp::cMessage) FanetStressNetwork.uav[14].app.debugTimer -- check module destructor
undisposed object: (omnetpp::cMessage) FanetStressNetwork.uav[15].app.debugTimer -- check module destructor
undisposed object: (omnetpp::cMessage) FanetStressNetwork.uav[16].app.debugTimer -- check module destructor
undisposed object: (omnetpp::cMessage) FanetStressNetwork.uav[17].app.debugTimer -- check module destructor
undisposed object: (omnetpp::cMessage) FanetStressNetwork.uav[18].app.debugTimer -- check module destructor
undisposed object: (omnetpp::cMessage) FanetStressNetwork.uav[19].app.debugTimer -- check module destructor
undisposed object: (omnetpp::cMessage) FanetStressNetwork.uav[20].app.debugTimer -- check module destructor
undisposed object: (omnetpp::cMessage) FanetStressNetwork.uav[21].app.debugTimer -- check module destructor
undisposed object: (omnetpp::cMessage) FanetStressNetwork.uav[22].app.debugTimer -- check module destructor
undisposed object: (omnetpp::cMessage) FanetStressNetwork.uav[23].app.debugTimer -- check module destructor
undisposed object: (omnetpp::cMessage) FanetStressNetwork.uav[24].app.debugTimer -- check module destructor
undisposed object: (omnetpp::cMessage) FanetStressNetwork.uav[25].app.debugTimer -- check module destructor
undisposed object: (omnetpp::cMessage) FanetStressNetwork.uav[26].app.debugTimer -- check module destructor
undisposed object: (omnetpp::cMessage) FanetStressNetwork.uav[27].app.debugTimer -- check module destructor
undisposed object: (omnetpp::cMessage) FanetStressNetwork.uav[28].app.debugTimer -- check module destructor
undisposed object: (omnetpp::cMessage) FanetStressNetwork.uav[29].app.debugTimer -- check module destructor
