** Event #0   t=0   Elapsed: 9e-06s (0m 00s)  0% completed  (50% total)
     Speed:     ev/sec=0   simsec/sec=0   ev/simsec=0
     Messages:  created: 1081   present: 1081   in FES: 161
** Event #43008   t=4.522836440826   Elapsed: 2.00612s (0m 02s)  0% completed  (50% total)
     Speed:     ev/sec=21439   simsec/sec=2.25453   ev/simsec=9509.3
     Messages:  created: 37051   present: 1070   in FES: 109
** Event #80896   t=8.547749669578   Elapsed: 4.02934s (0m 04s)  1% completed  (50% total)
     Speed:     ev/sec=18726.6   simsec/sec=1.98936   ev/simsec=9413.37
     Messages:  created: 67560   present: 1091   in FES: 116
** Event #117504   t=12.536443805307   Elapsed: 6.03997s (0m 06s)  2% completed  (51% total)
     Speed:     ev/sec=18207.3   simsec/sec=1.98381   ev/simsec=9177.94
     Messages:  created: 96599   present: 1097   in FES: 126
** Event #150272   t=16.008729795218   Elapsed: 8.04204s (0m 08s)  3% completed  (51% total)
     Speed:     ev/sec=16367   simsec/sec=1.73435   ev/simsec=9437.01
     Messages:  created: 122619   present: 1079   in FES: 114
** Event #186368   t=19.550995103295   Elapsed: 10.0658s (0m 10s)  3% completed  (51% total)
     Speed:     ev/sec=17835.7   simsec/sec=1.7503   ev/simsec=10190.1
     Messages:  created: 151449   present: 1113   in FES: 126
** Event #220672   t=23.048319045795   Elapsed: 12.0699s (0m 12s)  4% completed  (52% total)
     Speed:     ev/sec=17117.4   simsec/sec=1.74513   ev/simsec=9808.64
     Messages:  created: 178443   present: 1103   in FES: 120
** Event #254208   t=26.555947008598   Elapsed: 14.0737s (0m 14s)  5% completed  (52% total)
     Speed:     ev/sec=16736.1   simsec/sec=1.75048   ev/simsec=9560.88
     Messages:  created: 205266   present: 1093   in FES: 118
** Event #291072   t=30.534896901762   Elapsed: 16.0769s (0m 16s)  6% completed  (53% total)
     Speed:     ev/sec=18402.4   simsec/sec=1.98628   ev/simsec=9264.76
     Messages:  created: 234703   present: 1068   in FES: 111
** Event #322304   t=33.582239171005   Elapsed: 18.1003s (0m 18s)  6% completed  (53% total)
     Speed:     ev/sec=15435.6   simsec/sec=1.50607   ev/simsec=10248.9
     Messages:  created: 259353   present: 1077   in FES: 114
** Event #359168   t=37.553440778439   Elapsed: 20.1162s (0m 20s)  7% completed  (53% total)
     Speed:     ev/sec=18286.4   simsec/sec=1.96992   ev/simsec=9282.83
     Messages:  created: 289105   present: 1104   in FES: 121
** Event #395776   t=41.534401260944   Elapsed: 22.1164s (0m 22s)  8% completed  (54% total)
     Speed:     ev/sec=18301.9   simsec/sec=1.99026   ev/simsec=9195.77
     Messages:  created: 318286   present: 1100   in FES: 121
** Event #427776   t=44.602941357586   Elapsed: 24.1453s (0m 24s)  8% completed  (54% total)
     Speed:     ev/sec=15772.6   simsec/sec=1.51246   ev/simsec=10428.4
     Messages:  created: 344043   present: 1099   in FES: 120
** Event #464128   t=48.568338979932   Elapsed: 26.1493s (0m 26s)  9% completed  (54% total)
     Speed:     ev/sec=18139.1   simsec/sec=1.97868   ev/simsec=9167.3
     Messages:  created: 373309   present: 1070   in FES: 111
** Event #501504   t=52.565777495799   Elapsed: 28.1513s (0m 28s)  10% completed  (55% total)
     Speed:     ev/sec=18669.8   simsec/sec=1.99677   ev/simsec=9349.99
     Messages:  created: 403408   present: 1096   in FES: 126
** Event #538112   t=56.55298348613   Elapsed: 30.1515s (0m 30s)  11% completed  (55% total)
     Speed:     ev/sec=18302.5   simsec/sec=1.99344   ev/simsec=9181.37
     Messages:  created: 433075   present: 1042   in FES: 99
** Event #574464   t=60.552394158276   Elapsed: 32.1527s (0m 32s)  12% completed  (56% total)
     Speed:     ev/sec=18165.2   simsec/sec=1.99852   ev/simsec=9089.34
     Messages:  created: 462605   present: 1050   in FES: 103
** Event #611840   t=64.571370346975   Elapsed: 34.1575s (0m 34s)  12% completed  (56% total)
     Speed:     ev/sec=18642.7   simsec/sec=2.00462   ev/simsec=9299.88
     Messages:  created: 492993   present: 1022   in FES: 96
** Event #648960   t=68.595271359669   Elapsed: 36.159s (0m 36s)  13% completed  (56% total)
     Speed:     ev/sec=18545.9   simsec/sec=2.01042   ev/simsec=9224.88
     Messages:  created: 523479   present: 1116   in FES: 125
** Event #690432   t=73.536695294009   Elapsed: 38.1605s (0m 38s)  14% completed  (57% total)
     Speed:     ev/sec=20720.6   simsec/sec=2.46887   ev/simsec=8392.72
     Messages:  created: 557908   present: 1115   in FES: 126
** Event #728832   t=77.594227611378   Elapsed: 40.179s (0m 40s)  15% completed  (57% total)
     Speed:     ev/sec=19024.2   simsec/sec=2.01019   ev/simsec=9463.88
     Messages:  created: 589726   present: 1075   in FES: 112
** Event #767488   t=82.035801816101   Elapsed: 42.1856s (0m 42s)  16% completed  (58% total)
     Speed:     ev/sec=19264.5   simsec/sec=2.21349   ev/simsec=8703.22
     Messages:  created: 621389   present: 1115   in FES: 124
** Event #808448   t=86.551376878048   Elapsed: 44.1926s (0m 44s)  17% completed  (58% total)
     Speed:     ev/sec=20408.5   simsec/sec=2.2499   ev/simsec=9070.83
     Messages:  created: 654908   present: 1106   in FES: 123
** Event #846080   t=90.579230386712   Elapsed: 46.2009s (0m 46s)  18% completed  (59% total)
     Speed:     ev/sec=18737.9   simsec/sec=2.00557   ev/simsec=9342.94
     Messages:  created: 685598   present: 1106   in FES: 123
** Event #884992   t=95.02631379501   Elapsed: 48.2018s (0m 48s)  19% completed  (59% total)
     Speed:     ev/sec=19447.2   simsec/sec=2.22254   ev/simsec=8750
     Messages:  created: 717316   present: 1081   in FES: 114
** Event #924672   t=99.515068755299   Elapsed: 50.2034s (0m 50s)  19% completed  (59% total)
     Speed:     ev/sec=19824.9   simsec/sec=2.24267   ev/simsec=8839.87
     Messages:  created: 750107   present: 1023   in FES: 96
** Event #966656   t=102.546722946746   Elapsed: 52.2065s (0m 52s)  20% completed  (60% total)
     Speed:     ev/sec=20959.4   simsec/sec=1.51348   ev/simsec=13848.5
     Messages:  created: 792498   present: 1214   in FES: 156
** Event #1011200   t=105.534688505576   Elapsed: 54.2134s (0m 54s)  21% completed  (60% total)
     Speed:     ev/sec=22195.5   simsec/sec=1.48885   ev/simsec=14907.8
     Messages:  created: 838664   present: 1107   in FES: 118
** Event #1056768   t=108.537048167808   Elapsed: 56.2176s (0m 56s)  21% completed  (60% total)
     Speed:     ev/sec=22735.5   simsec/sec=1.49798   ev/simsec=15177.4
     Messages:  created: 885815   present: 1123   in FES: 126
** Event #1103104   t=111.569194922437   Elapsed: 58.2188s (0m 58s)  22% completed  (61% total)
     Speed:     ev/sec=23155   simsec/sec=1.51522   ev/simsec=15281.6
     Messages:  created: 934448   present: 1092   in FES: 127
** Event #1147904   t=114.560661555368   Elapsed: 60.2227s (1m 00s)  22% completed  (61% total)
     Speed:     ev/sec=22356.5   simsec/sec=1.49283   ev/simsec=14975.9
     Messages:  created: 980820   present: 1076   in FES: 113
** Event #1191424   t=117.530503373753   Elapsed: 62.228s (1m 02s)  23% completed  (61% total)
     Speed:     ev/sec=21701.8   simsec/sec=1.48095   ev/simsec=14654
     Messages:  created: 1026103   present: 1107   in FES: 124
** Event #1233152   t=120.189268493593   Elapsed: 64.2329s (1m 04s)  24% completed  (62% total)
     Speed:     ev/sec=20812.8   simsec/sec=1.32612   ev/simsec=15694.5
     Messages:  created: 1069093   present: 1110   in FES: 126
** Event #1275904   t=123.025544545619   Elapsed: 66.2332s (1m 06s)  24% completed  (62% total)
     Speed:     ev/sec=21373   simsec/sec=1.41794   ev/simsec=15073.3
     Messages:  created: 1114211   present: 1082   in FES: 115
** Event #1322496   t=126.045614143901   Elapsed: 68.2409s (1m 08s)  25% completed  (62% total)
     Speed:     ev/sec=23207.2   simsec/sec=1.50428   ev/simsec=15427.5
     Messages:  created: 1162310   present: 1064   in FES: 107
** Event #1362432   t=128.689525619615   Elapsed: 70.2411s (1m 10s)  25% completed  (62% total)
     Speed:     ev/sec=19966.3   simsec/sec=1.32184   ev/simsec=15104.9
     Messages:  created: 1203640   present: 1119   in FES: 126
** Event #1406976   t=131.688643597802   Elapsed: 72.2439s (1m 12s)  26% completed  (63% total)
     Speed:     ev/sec=22240.6   simsec/sec=1.49745   ev/simsec=14852.4
     Messages:  created: 1249669   present: 1100   in FES: 140
** Event #1452544   t=134.728343734353   Elapsed: 74.2458s (1m 14s)  26% completed  (63% total)
     Speed:     ev/sec=22762.4   simsec/sec=1.51841   ev/simsec=14991
     Messages:  created: 1297090   present: 1121   in FES: 134
** Event #1501952   t=138.222361799274   Elapsed: 76.2535s (1m 16s)  27% completed  (63% total)
     Speed:     ev/sec=24609.5   simsec/sec=1.74033   ev/simsec=14140.7
     Messages:  created: 1347148   present: 1021   in FES: 95
** Event #1546496   t=141.326532171222   Elapsed: 78.2592s (1m 18s)  28% completed  (64% total)
     Speed:     ev/sec=22207.7   simsec/sec=1.5476   ev/simsec=14349.7
     Messages:  created: 1393336   present: 1075   in FES: 122
** Event #1588736   t=144.075130998893   Elapsed: 80.2636s (1m 20s)  28% completed  (64% total)
     Speed:     ev/sec=21074.3   simsec/sec=1.37133   ev/simsec=15367.8
     Messages:  created: 1437184   present: 1098   in FES: 117
** Event #1636864   t=147.517819980896   Elapsed: 82.2772s (1m 22s)  29% completed  (64% total)
     Speed:     ev/sec=23901.3   simsec/sec=1.7097   ev/simsec=13979.8
     Messages:  created: 1488080   present: 1114   in FES: 125
** Event #1681664   t=150.522146061073   Elapsed: 84.2813s (1m 24s)  30% completed  (65% total)
     Speed:     ev/sec=22353.9   simsec/sec=1.49907   ev/simsec=14911.8
     Messages:  created: 1534384   present: 1101   in FES: 122
** Event #1723648   t=153.326531653873   Elapsed: 86.2842s (1m 26s)  30% completed  (65% total)
     Speed:     ev/sec=20961.7   simsec/sec=1.40017   ev/simsec=14970.8
     Messages:  created: 1577169   present: 1106   in FES: 127
** Event #1767168   t=156.504761670283   Elapsed: 88.3015s (1m 28s)  31% completed  (65% total)
     Speed:     ev/sec=21573.5   simsec/sec=1.57549   ev/simsec=13693.2
     Messages:  created: 1621934   present: 1087   in FES: 118
** Event #1809920   t=159.466675661211   Elapsed: 90.3084s (1m 30s)  31% completed  (65% total)
     Speed:     ev/sec=21302.5   simsec/sec=1.47587   ev/simsec=14433.9
     Messages:  created: 1665349   present: 1021   in FES: 95
** Event #1849344   t=162.05277848   Elapsed: 92.3097s (1m 32s)  32% completed  (66% total)
     Speed:     ev/sec=19698.8   simsec/sec=1.29219   ev/simsec=15244.6
     Messages:  created: 1704979   present: 1114   in FES: 126
** Event #1893376   t=165.061425338446   Elapsed: 94.3144s (1m 34s)  33% completed  (66% total)
     Speed:     ev/sec=21964.1   simsec/sec=1.50078   ev/simsec=14635.2
     Messages:  created: 1749469   present: 1083   in FES: 116
** Event #1932544   t=167.688644604897   Elapsed: 96.3293s (1m 36s)  33% completed  (66% total)
     Speed:     ev/sec=19439.7   simsec/sec=1.30393   ev/simsec=14908.5
     Messages:  created: 1788937   present: 1113   in FES: 151
** Event #1973248   t=170.546834850704   Elapsed: 98.3294s (1m 38s)  34% completed  (67% total)
     Speed:     ev/sec=20351.1   simsec/sec=1.42903   ev/simsec=14241.2
     Messages:  created: 1830144   present: 1091   in FES: 118
** Event #2014464   t=173.188409224851   Elapsed: 100.334s (1m 40s)  34% completed  (67% total)
     Speed:     ev/sec=20563.7   simsec/sec=1.31795   ev/simsec=15602.8
     Messages:  created: 1871579   present: 1022   in FES: 96
** Event #2056704   t=176.067286478142   Elapsed: 102.339s (1m 42s)  35% completed  (67% total)
     Speed:     ev/sec=21062.6   simsec/sec=1.43552   ev/simsec=14672.4
     Messages:  created: 1914338   present: 1101   in FES: 122
** Event #2095616   t=178.688632048769   Elapsed: 104.345s (1m 44s)  35% completed  (67% total)
     Speed:     ev/sec=19402.3   simsec/sec=1.30706   ev/simsec=14844.3
     Messages:  created: 1953515   present: 1093   in FES: 127
** Event #2136832   t=181.571113869936   Elapsed: 106.353s (1m 46s)  36% completed  (68% total)
     Speed:     ev/sec=20525.9   simsec/sec=1.4355   ev/simsec=14298.8
     Messages:  created: 1995253   present: 1103   in FES: 127
** Event #2179840   t=184.569837733808   Elapsed: 108.366s (1m 48s)  36% completed  (68% total)
     Speed:     ev/sec=21366.9   simsec/sec=1.4898   ev/simsec=14342.1
     Messages:  created: 2038732   present: 1098   in FES: 117
** Event #2221568   t=187.530103315185   Elapsed: 110.395s (1m 50s)  37% completed  (68% total)
     Speed:     ev/sec=20564.7   simsec/sec=1.4589   ev/simsec=14096
     Messages:  created: 2081103   present: 1100   in FES: 126
** Event #2258432   t=190.010104461517   Elapsed: 112.395s (1m 52s)  38% completed  (69% total)
     Speed:     ev/sec=18426.9   simsec/sec=1.23966   ev/simsec=14864.5
     Messages:  created: 2118124   present: 1030   in FES: 97
** Event #2298112   t=192.545219887219   Elapsed: 114.42s (1m 54s)  38% completed  (69% total)
     Speed:     ev/sec=19595.7   simsec/sec=1.25195   ev/simsec=15652.1
     Messages:  created: 2157271   present: 1068   in FES: 107
** Event #2338304   t=195.382976593743   Elapsed: 116.428s (1m 56s)  39% completed  (69% total)
     Speed:     ev/sec=20013.4   simsec/sec=1.41305   ev/simsec=14163.3
     Messages:  created: 2196351   present: 1021   in FES: 95
** Event #2373888   t=197.780142080465   Elapsed: 118.435s (1m 58s)  39% completed  (69% total)
     Speed:     ev/sec=17734.8   simsec/sec=1.19473   ev/simsec=14844.2
     Messages:  created: 2230966   present: 1076   in FES: 127
** Event #2413312   t=200.531506763816   Elapsed: 120.46s (2m 00s)  40% completed  (70% total)
     Speed:     ev/sec=19470.4   simsec/sec=1.35882   ev/simsec=14328.9
     Messages:  created: 2269187   present: 1052   in FES: 103
** Event #2447104   t=202.688676404141   Elapsed: 122.46s (2m 02s)  40% completed  (70% total)
     Speed:     ev/sec=16894.6   simsec/sec=1.07849   ev/simsec=15665
     Messages:  created: 2301434   present: 1114   in FES: 136
** Event #2486784   t=205.528490434048   Elapsed: 124.461s (2m 04s)  41% completed  (70% total)
     Speed:     ev/sec=19830.4   simsec/sec=1.41922   ev/simsec=13972.7
     Messages:  created: 2339979   present: 1097   in FES: 127
** Event #2522368   t=207.826542988103   Elapsed: 126.463s (2m 06s)  41% completed  (70% total)
     Speed:     ev/sec=17770.4   simsec/sec=1.14763   ev/simsec=15484.4
     Messages:  created: 2374158   present: 1100   in FES: 142
** Event #2563328   t=210.547747297398   Elapsed: 128.472s (2m 08s)  42% completed  (71% total)
     Speed:     ev/sec=20386.2   simsec/sec=1.35437   ev/simsec=15052.2
     Messages:  created: 2414625   present: 1115   in FES: 124
** Event #2599936   t=212.938676157491   Elapsed: 130.477s (2m 10s)  42% completed  (71% total)
     Speed:     ev/sec=18263.6   simsec/sec=1.19283   ev/simsec=15311.2
     Messages:  created: 2450838   present: 1095   in FES: 136
** Event #2640896   t=215.535760257057   Elapsed: 132.497s (2m 12s)  43% completed  (71% total)
     Speed:     ev/sec=20279.8   simsec/sec=1.28585   ev/simsec=15771.5
     Messages:  created: 2491274   present: 1079   in FES: 112
** Event #2674688   t=217.557882579683   Elapsed: 134.522s (2m 14s)  43% completed  (71% total)
     Speed:     ev/sec=16682.8   simsec/sec=0.998304   ev/simsec=16711.2
     Messages:  created: 2524221   present: 1091   in FES: 126
** Event #2713344   t=220.0869352191   Elapsed: 136.526s (2m 16s)  44% completed  (72% total)
     Speed:     ev/sec=19290.1   simsec/sec=1.26205   ev/simsec=15284.8
     Messages:  created: 2562063   present: 1086   in FES: 115
** Event #2747904   t=222.552464886415   Elapsed: 138.551s (2m 18s)  44% completed  (72% total)
     Speed:     ev/sec=17064.4   simsec/sec=1.21738   ev/simsec=14017.3
     Messages:  created: 2595659   present: 1090   in FES: 117
** Event #2784768   t=225.036592697093   Elapsed: 140.56s (2m 20s)  45% completed  (72% total)
     Speed:     ev/sec=18353.1   simsec/sec=1.23675   ev/simsec=14839.8
     Messages:  created: 2631335   present: 1038   in FES: 98
** Event #2822912   t=227.52751052571   Elapsed: 142.578s (2m 22s)  45% completed  (72% total)
     Speed:     ev/sec=18896.6   simsec/sec=1.234   ev/simsec=15313.2
     Messages:  created: 2669389   present: 1045   in FES: 102
** Event #2864384   t=230.069613068287   Elapsed: 144.584s (2m 24s)  46% completed  (73% total)
     Speed:     ev/sec=20678.8   simsec/sec=1.26755   ev/simsec=16314.1
     Messages:  created: 2710790   present: 1118   in FES: 126
** Event #2900992   t=232.539644392665   Elapsed: 146.592s (2m 26s)  46% completed  (73% total)
     Speed:     ev/sec=18228.4   simsec/sec=1.22992   ev/simsec=14820.9
     Messages:  created: 2747283   present: 1083   in FES: 112
** Event #2935296   t=234.581151735494   Elapsed: 148.595s (2m 28s)  46% completed  (73% total)
     Speed:     ev/sec=17128.7   simsec/sec=1.01937   ev/simsec=16803.3
     Messages:  created: 2781012   present: 1110   in FES: 121
** Event #2972416   t=237.045559630563   Elapsed: 150.6s (2m 30s)  47% completed  (73% total)
     Speed:     ev/sec=18514.7   simsec/sec=1.2292   ev/simsec=15062.4
     Messages:  created: 2817751   present: 1107   in FES: 126
** Event #3011072   t=239.555560846185   Elapsed: 152.621s (2m 32s)  47% completed  (73% total)
     Speed:     ev/sec=19127.1   simsec/sec=1.24196   ev/simsec=15400.8
     Messages:  created: 2856250   present: 1116   in FES: 126
** Event #3047168   t=242.019390315786   Elapsed: 154.621s (2m 34s)  48% completed  (74% total)
     Speed:     ev/sec=18046   simsec/sec=1.23178   ev/simsec=14650.4
     Messages:  created: 2892286   present: 1094   in FES: 119
** Event #3088128   t=244.568973556194   Elapsed: 156.649s (2m 36s)  48% completed  (74% total)
     Speed:     ev/sec=20203.7   simsec/sec=1.25759   ev/simsec=16065.4
     Messages:  created: 2932684   present: 1105   in FES: 126
** Event #3129344   t=247.087436137216   Elapsed: 158.652s (2m 38s)  49% completed  (74% total)
     Speed:     ev/sec=20570.4   simsec/sec=1.25693   ev/simsec=16365.5
     Messages:  created: 2974457   present: 1027   in FES: 96
** Event #3168768   t=249.588055033694   Elapsed: 160.675s (2m 40s)  49% completed  (74% total)
     Speed:     ev/sec=19484.7   simsec/sec=1.23589   ev/simsec=15765.7
     Messages:  created: 3014939   present: 1068   in FES: 111
** Event #3209984   t=252.227607711329   Elapsed: 162.678s (2m 42s)  50% completed  (75% total)
     Speed:     ev/sec=20579.3   simsec/sec=1.31794   ev/simsec=15614.8
     Messages:  created: 3057088   present: 1052   in FES: 105
** Event #3247872   t=254.590304351639   Elapsed: 164.679s (2m 44s)  50% completed  (75% total)
     Speed:     ev/sec=18936.6   simsec/sec=1.18089   ev/simsec=16035.9
     Messages:  created: 3095812   present: 1067   in FES: 110
** Event #3291392   t=257.534243082266   Elapsed: 166.688s (2m 46s)  51% completed  (75% total)
     Speed:     ev/sec=21668.3   simsec/sec=1.46577   ev/simsec=14782.9
     Messages:  created: 3140489   present: 1082   in FES: 111
** Event #3331072   t=260.038519591167   Elapsed: 168.692s (2m 48s)  52% completed  (76% total)
     Speed:     ev/sec=19798   simsec/sec=1.24949   ev/simsec=15844.9
     Messages:  created: 3180767   present: 1117   in FES: 122
** Event #3371776   t=262.576576850479   Elapsed: 170.694s (2m 50s)  52% completed  (76% total)
     Speed:     ev/sec=20331   simsec/sec=1.26772   ev/simsec=16037.5
     Messages:  created: 3222354   present: 1094   in FES: 117
** Event #3417344   t=265.510205542192   Elapsed: 172.706s (2m 52s)  53% completed  (76% total)
     Speed:     ev/sec=22646.2   simsec/sec=1.45794   ev/simsec=15533
     Messages:  created: 3270103   present: 1110   in FES: 125
** Event #3459072   t=268.061425821422   Elapsed: 174.709s (2m 54s)  53% completed  (76% total)
     Speed:     ev/sec=20835.1   simsec/sec=1.27384   ev/simsec=16356.1
     Messages:  created: 3312456   present: 1077   in FES: 114
** Event #3499264   t=270.578251006685   Elapsed: 176.724s (2m 56s)  54% completed  (77% total)
     Speed:     ev/sec=19943.8   simsec/sec=1.24888   ev/simsec=15969.3
     Messages:  created: 3353558   present: 1095   in FES: 114
** Event #3540736   t=273.227574101185   Elapsed: 178.726s (2m 58s)  54% completed  (77% total)
     Speed:     ev/sec=20716.9   simsec/sec=1.32344   ev/simsec=15653.8
     Messages:  created: 3395654   present: 1105   in FES: 147
** Event #3578624   t=275.549355058336   Elapsed: 180.733s (3m 00s)  55% completed  (77% total)
     Speed:     ev/sec=18880.7   simsec/sec=1.15701   ev/simsec=16318.5
     Messages:  created: 3434637   present: 1103   in FES: 120
** Event #3619840   t=278.038518956055   Elapsed: 182.737s (3m 02s)  55% completed  (77% total)
     Speed:     ev/sec=20558.5   simsec/sec=1.24159   ev/simsec=16558.2
     Messages:  created: 3477931   present: 1131   in FES: 126
** Event #3663104   t=280.555115663151   Elapsed: 184.738s (3m 04s)  56% completed  (78% total)
     Speed:     ev/sec=21622.6   simsec/sec=1.25775   ev/simsec=17191.5
     Messages:  created: 3522684   present: 1100   in FES: 119
** Event #3705088   t=283.085184088061   Elapsed: 186.749s (3m 06s)  56% completed  (78% total)
     Speed:     ev/sec=20877.8   simsec/sec=1.25815   ev/simsec=16594
     Messages:  created: 3566564   present: 1109   in FES: 122
** Event #3746304   t=285.727562833301   Elapsed: 188.756s (3m 08s)  57% completed  (78% total)
     Speed:     ev/sec=20533.7   simsec/sec=1.31643   ev/simsec=15598.1
     Messages:  created: 3609485   present: 1058   in FES: 126
** Event #3791360   t=288.547815028261   Elapsed: 190.759s (3m 10s)  57% completed  (78% total)
     Speed:     ev/sec=22500.2   simsec/sec=1.40839   ev/simsec=15975.9
     Messages:  created: 3656741   present: 1112   in FES: 123
** Event #3835648   t=291.385915065208   Elapsed: 192.761s (3m 12s)  58% completed  (79% total)
     Speed:     ev/sec=22124.5   simsec/sec=1.4178   ev/simsec=15604.8
     Messages:  created: 3703941   present: 1021   in FES: 95
** Event #3878912   t=294.06971152375   Elapsed: 194.762s (3m 14s)  58% completed  (79% total)
     Speed:     ev/sec=21614   simsec/sec=1.34078   ev/simsec=16120.4
     Messages:  created: 3749590   present: 1120   in FES: 126
** Event #3925504   t=297.045613278598   Elapsed: 196.765s (3m 16s)  59% completed  (79% total)
     Speed:     ev/sec=23262.5   simsec/sec=1.48581   ev/simsec=15656.4
     Messages:  created: 3798605   present: 1100   in FES: 119
** Event #3972864   t=300.026443641035   Elapsed: 198.77s (3m 18s)  60% completed  (80% total)
     Speed:     ev/sec=23629.5   simsec/sec=1.48724   ev/simsec=15888.2
     Messages:  created: 3849541   present: 1040   in FES: 99
** Event #4017664   t=302.727606916099   Elapsed: 200.776s (3m 20s)  60% completed  (80% total)
     Speed:     ev/sec=22323.7   simsec/sec=1.34598   ev/simsec=16585.4
     Messages:  created: 3897083   present: 1111   in FES: 126
** Event #4061440   t=305.553631831809   Elapsed: 202.781s (3m 22s)  61% completed  (80% total)
     Speed:     ev/sec=21836.6   simsec/sec=1.40969   ev/simsec=15490.3
     Messages:  created: 3943042   present: 1073   in FES: 110
** Event #4107520   t=307.585179751252   Elapsed: 204.797s (3m 24s)  61% completed  (80% total)
     Speed:     ev/sec=22858.6   simsec/sec=1.00778   ev/simsec=22682.2
     Messages:  created: 3995000   present: 1074   in FES: 109
** Event #4153344   t=310.546465169441   Elapsed: 206.815s (3m 26s)  62% completed  (81% total)
     Speed:     ev/sec=22709   simsec/sec=1.46752   ev/simsec=15474.4
     Messages:  created: 4042784   present: 1082   in FES: 113
** Event #4198656   t=313.521170505942   Elapsed: 208.831s (3m 28s)  62% completed  (81% total)
     Speed:     ev/sec=22474.1   simsec/sec=1.47541   ev/simsec=15232.4
     Messages:  created: 4090361   present: 1084   in FES: 117
** Event #4235520   t=315.588227875646   Elapsed: 210.832s (3m 30s)  63% completed  (81% total)
     Speed:     ev/sec=18419.1   simsec/sec=1.03281   ev/simsec=17834
     Messages:  created: 4128262   present: 1104   in FES: 121
** Event #4279296   t=318.510214367582   Elapsed: 212.839s (3m 32s)  63% completed  (81% total)
     Speed:     ev/sec=21820.3   simsec/sec=1.45647   ev/simsec=14981.6
     Messages:  created: 4174568   present: 1056   in FES: 107
** Event #4320256   t=321.030524276388   Elapsed: 214.842s (3m 34s)  64% completed  (82% total)
     Speed:     ev/sec=20446.4   simsec/sec=1.25809   ev/simsec=16252
     Messages:  created: 4217415   present: 1120   in FES: 125
** Event #4363776   t=323.599869768868   Elapsed: 216.847s (3m 36s)  64% completed  (82% total)
     Speed:     ev/sec=21700.4   simsec/sec=1.28115   ev/simsec=16938.2
     Messages:  created: 4262336   present: 1097   in FES: 120
** Event #4409344   t=326.578078969334   Elapsed: 218.854s (3m 38s)  65% completed  (82% total)
     Speed:     ev/sec=22706.7   simsec/sec=1.48405   ev/simsec=15300.5
     Messages:  created: 4310804   present: 1111   in FES: 139
** Event #4457472   t=329.586132596664   Elapsed: 220.872s (3m 40s)  65% completed  (82% total)
     Speed:     ev/sec=23848.3   simsec/sec=1.49055   ev/simsec=15999.7
     Messages:  created: 4361821   present: 1102   in FES: 126
** Event #4502528   t=332.56919557865   Elapsed: 222.88s (3m 42s)  66% completed  (83% total)
     Speed:     ev/sec=22439.4   simsec/sec=1.48567   ev/simsec=15103.9
     Messages:  created: 4409227   present: 1089   in FES: 128
** Event #4548608   t=335.548939885213   Elapsed: 224.891s (3m 44s)  67% completed  (83% total)
     Speed:     ev/sec=22916.4   simsec/sec=1.48188   ev/simsec=15464.4
     Messages:  created: 4458000   present: 1109   in FES: 126
** Event #4592128   t=338.280142243452   Elapsed: 226.895s (3m 46s)  67% completed  (83% total)
     Speed:     ev/sec=21720.2   simsec/sec=1.36311   ev/simsec=15934.4
     Messages:  created: 4503277   present: 1060   in FES: 128
** Event #4634368   t=340.588186242082   Elapsed: 228.906s (3m 48s)  68% completed  (84% total)
     Speed:     ev/sec=21003.4   simsec/sec=1.14765   ev/simsec=18301.2
     Messages:  created: 4548934   present: 1096   in FES: 126
** Event #4681472   t=343.537712376411   Elapsed: 230.909s (3m 50s)  68% completed  (84% total)
     Speed:     ev/sec=23516.8   simsec/sec=1.47256   ev/simsec=15970
     Messages:  created: 4599257   present: 1081   in FES: 110
** Event #4729088   t=346.477876645768   Elapsed: 232.912s (3m 52s)  69% completed  (84% total)
     Speed:     ev/sec=23764.9   simsec/sec=1.46742   ev/simsec=16195
     Messages:  created: 4650383   present: 1096   in FES: 126
** Event #4770816   t=348.977935936661   Elapsed: 234.917s (3m 54s)  69% completed  (84% total)
     Speed:     ev/sec=20810.6   simsec/sec=1.24683   ev/simsec=16690.8
     Messages:  created: 4694825   present: 1088   in FES: 126
** Event #4815360   t=351.539613642954   Elapsed: 236.94s (3m 56s)  70% completed  (85% total)
     Speed:     ev/sec=22019.9   simsec/sec=1.26634   ev/simsec=17388.6
     Messages:  created: 4741618   present: 1048   in FES: 97
** Event #4855552   t=353.938410668211   Elapsed: 238.946s (3m 58s)  70% completed  (85% total)
     Speed:     ev/sec=20042.1   simsec/sec=1.19618   ev/simsec=16755.1
     Messages:  created: 4784216   present: 1102   in FES: 126
** Event #4900864   t=356.535703640435   Elapsed: 240.948s (4m 00s)  71% completed  (85% total)
     Speed:     ev/sec=22626.2   simsec/sec=1.29694   ev/simsec=17445.9
     Messages:  created: 4832432   present: 1115   in FES: 122
** Event #4943360   t=359.026312799295   Elapsed: 242.952s (4m 02s)  71% completed  (85% total)
     Speed:     ev/sec=21214.5   simsec/sec=1.24334   ev/simsec=17062.5
     Messages:  created: 4877224   present: 1108   in FES: 123
** Event #4987904   t=361.55994772187   Elapsed: 244.971s (4m 04s)  72% completed  (86% total)
     Speed:     ev/sec=22057.3   simsec/sec=1.25461   ev/simsec=17581.1
     Messages:  created: 4923980   present: 1054   in FES: 105
** Event #5036288   t=364.523201803004   Elapsed: 246.988s (4m 06s)  72% completed  (86% total)
     Speed:     ev/sec=23987.2   simsec/sec=1.46908   ev/simsec=16328
     Messages:  created: 4975759   present: 1107   in FES: 124
** Event #5083648   t=367.228419851433   Elapsed: 248.996s (4m 08s)  73% completed  (86% total)
     Speed:     ev/sec=23588.8   simsec/sec=1.3474   ev/simsec=17506.9
     Messages:  created: 5025437   present: 1044   in FES: 124
** Event #5125632   t=369.978339785149   Elapsed: 251s (4m 10s)  73% completed  (86% total)
     Speed:     ev/sec=20953   simsec/sec=1.37241   ev/simsec=15267.4
     Messages:  created: 5069763   present: 1044   in FES: 124
** Event #5169920   t=372.570055895359   Elapsed: 253.006s (4m 13s)  74% completed  (87% total)
     Speed:     ev/sec=22071   simsec/sec=1.29158   ev/simsec=17088.3
     Messages:  created: 5115662   present: 1033   in FES: 121
** Event #5214720   t=375.51020586958   Elapsed: 255.006s (4m 15s)  75% completed  (87% total)
     Speed:     ev/sec=22398.7   simsec/sec=1.46999   ev/simsec=15237.3
     Messages:  created: 5162868   present: 1092   in FES: 119
** Event #5255936   t=378.025489406218   Elapsed: 257.01s (4m 17s)  75% completed  (87% total)
     Speed:     ev/sec=20569.4   simsec/sec=1.25529   ev/simsec=16386.2
     Messages:  created: 5205690   present: 1026   in FES: 97
** Event #5300224   t=380.556061404627   Elapsed: 259.01s (4m 19s)  76% completed  (88% total)
     Speed:     ev/sec=22142.2   simsec/sec=1.26518   ev/simsec=17501.2
     Messages:  created: 5250956   present: 1076   in FES: 111
** Event #5343488   t=383.093008299594   Elapsed: 261.011s (4m 21s)  76% completed  (88% total)
     Speed:     ev/sec=21622.2   simsec/sec=1.2679   ev/simsec=17053.6
     Messages:  created: 5295779   present: 1066   in FES: 109
** Event #5382144   t=385.543745771252   Elapsed: 263.016s (4m 23s)  77% completed  (88% total)
     Speed:     ev/sec=19285.5   simsec/sec=1.22267   ev/simsec=15773.2
     Messages:  created: 5335906   present: 1041   in FES: 98
** Event #5424640   t=388.0692402513   Elapsed: 265.027s (4m 25s)  77% completed  (88% total)
     Speed:     ev/sec=21130   simsec/sec=1.25573   ev/simsec=16826.8
     Messages:  created: 5380047   present: 1072   in FES: 111
** Event #5464832   t=390.548350302827   Elapsed: 267.03s (4m 27s)  78% completed  (89% total)
     Speed:     ev/sec=20058   simsec/sec=1.23721   ev/simsec=16212.3
     Messages:  created: 5421794   present: 1094   in FES: 126
** Event #5501440   t=392.589935800754   Elapsed: 269.051s (4m 29s)  78% completed  (89% total)
     Speed:     ev/sec=18113.7   simsec/sec=1.01018   ev/simsec=17931.2
     Messages:  created: 5459011   present: 1089   in FES: 126
** Event #5543936   t=395.093817604247   Elapsed: 271.056s (4m 31s)  79% completed  (89% total)
     Speed:     ev/sec=21204   simsec/sec=1.24935   ev/simsec=16972
     Messages:  created: 5502004   present: 1099   in FES: 120
** Event #5583360   t=397.55804881639   Elapsed: 273.073s (4m 33s)  79% completed  (89% total)
     Speed:     ev/sec=19542.6   simsec/sec=1.22153   ev/simsec=15998.5
     Messages:  created: 5542351   present: 1095   in FES: 118
** Event #5620992   t=399.826310321289   Elapsed: 275.08s (4m 35s)  79% completed  (89% total)
     Speed:     ev/sec=18746.7   simsec/sec=1.12996   ev/simsec=16590.7
     Messages:  created: 5581151   present: 1105   in FES: 126
** Event #5665024   t=402.540763538224   Elapsed: 277.088s (4m 37s)  80% completed  (90% total)
     Speed:     ev/sec=21927.5   simsec/sec=1.35177   ev/simsec=16221.3
     Messages:  created: 5625781   present: 1109   in FES: 122
** Event #5701376   t=404.759303719897   Elapsed: 279.09s (4m 39s)  80% completed  (90% total)
     Speed:     ev/sec=18161.1   simsec/sec=1.10836   ev/simsec=16385.5
     Messages:  created: 5661993   present: 1021   in FES: 95
** Event #5742592   t=407.326542468946   Elapsed: 281.097s (4m 41s)  81% completed  (90% total)
     Speed:     ev/sec=20542   simsec/sec=1.27951   ev/simsec=16054.6
     Messages:  created: 5703862   present: 1105   in FES: 133
** Event #5779200   t=409.543588228305   Elapsed: 283.112s (4m 43s)  81% completed  (90% total)
     Speed:     ev/sec=18163.1   simsec/sec=1.09999   ev/simsec=16512.1
     Messages:  created: 5741093   present: 1064   in FES: 108
** Event #5819136   t=412.039294230938   Elapsed: 285.119s (4m 45s)  82% completed  (91% total)
     Speed:     ev/sec=19894   simsec/sec=1.24323   ev/simsec=16001.9
     Messages:  created: 5781530   present: 1040   in FES: 97
** Event #5858560   t=414.544351089646   Elapsed: 287.133s (4m 47s)  82% completed  (91% total)
     Speed:     ev/sec=19582.6   simsec/sec=1.24431   ev/simsec=15737.8
     Messages:  created: 5821377   present: 1106   in FES: 126
** Event #5900288   t=417.041992653026   Elapsed: 289.139s (4m 49s)  83% completed  (91% total)
     Speed:     ev/sec=20801.7   simsec/sec=1.24509   ev/simsec=16707
     Messages:  created: 5864156   present: 1067   in FES: 108
** Event #5940992   t=419.544752273335   Elapsed: 291.141s (4m 51s)  83% completed  (91% total)
     Speed:     ev/sec=20330.4   simsec/sec=1.25005   ev/simsec=16263.6
     Messages:  created: 5905993   present: 1083   in FES: 112
** Event #5981184   t=422.069786411256   Elapsed: 293.15s (4m 53s)  84% completed  (92% total)
     Speed:     ev/sec=20006.8   simsec/sec=1.25691   ev/simsec=15917.4
     Messages:  created: 5946763   present: 1064   in FES: 107
** Event #6020352   t=424.585255326858   Elapsed: 295.159s (4m 55s)  84% completed  (92% total)
     Speed:     ev/sec=19489.2   simsec/sec=1.25164   ev/simsec=15570.9
     Messages:  created: 5986751   present: 1070   in FES: 109
** Event #6064384   t=427.545139550272   Elapsed: 297.168s (4m 57s)  85% completed  (92% total)
     Speed:     ev/sec=21919   simsec/sec=1.47342   ev/simsec=14876.3
     Messages:  created: 6031708   present: 1024   in FES: 97
** Event #6104064   t=430.044937970683   Elapsed: 299.173s (4m 59s)  86% completed  (93% total)
     Speed:     ev/sec=19794.7   simsec/sec=1.24704   ev/simsec=15873.3
     Messages:  created: 6071804   present: 1059   in FES: 106
** Event #6144512   t=432.585183894615   Elapsed: 301.178s (5m 01s)  86% completed  (93% total)
     Speed:     ev/sec=20170.7   simsec/sec=1.26677   ev/simsec=15922.9
     Messages:  created: 6112885   present: 1064   in FES: 107
** Event #6189568   t=435.573331000526   Elapsed: 303.203s (5m 03s)  87% completed  (93% total)
     Speed:     ev/sec=22250.8   simsec/sec=1.47569   ev/simsec=15078.2
     Messages:  created: 6158888   present: 1081   in FES: 114
** Event #6236672   t=438.54957164756   Elapsed: 305.216s (5m 05s)  87% completed  (93% total)
     Speed:     ev/sec=23397.5   simsec/sec=1.47836   ev/simsec=15826.7
     Messages:  created: 6207946   present: 1101   in FES: 120
** Event #6282752   t=441.550706569773   Elapsed: 307.219s (5m 07s)  88% completed  (94% total)
     Speed:     ev/sec=23003.3   simsec/sec=1.49818   ev/simsec=15354.2
     Messages:  created: 6255066   present: 1059   in FES: 106
** Event #6327808   t=444.527663458823   Elapsed: 309.229s (5m 09s)  88% completed  (94% total)
     Speed:     ev/sec=22419.3   simsec/sec=1.4813   ev/simsec=15134.9
     Messages:  created: 6301672   present: 1103   in FES: 122
** Event #6373632   t=447.534648495662   Elapsed: 311.24s (5m 11s)  89% completed  (94% total)
     Speed:     ev/sec=22793.1   simsec/sec=1.49569   ev/simsec=15239.2
     Messages:  created: 6348765   present: 1070   in FES: 109
** Event #6419968   t=450.523103056453   Elapsed: 313.256s (5m 13s)  90% completed  (95% total)
     Speed:     ev/sec=22974   simsec/sec=1.48172   ev/simsec=15505
     Messages:  created: 6397566   present: 1024   in FES: 97
** Event #6471424   t=453.592166716548   Elapsed: 315.274s (5m 15s)  90% completed  (95% total)
     Speed:     ev/sec=25505.7   simsec/sec=1.52127   ev/simsec=16766
     Messages:  created: 6451687   present: 1114   in FES: 125
** Event #6524672   t=457.067288152118   Elapsed: 317.279s (5m 17s)  91% completed  (95% total)
     Speed:     ev/sec=26561.7   simsec/sec=1.73349   ev/simsec=15322.6
     Messages:  created: 6507479   present: 1046   in FES: 103
** Event #6574848   t=460.438633391343   Elapsed: 319.281s (5m 19s)  92% completed  (96% total)
     Speed:     ev/sec=25056.8   simsec/sec=1.68358   ev/simsec=14883.1
     Messages:  created: 6560588   present: 1053   in FES: 115
** Event #6624000   t=463.540350299675   Elapsed: 321.282s (5m 21s)  92% completed  (96% total)
     Speed:     ev/sec=24561.6   simsec/sec=1.54995   ev/simsec=15846.7
     Messages:  created: 6612159   present: 1076   in FES: 109
** Event #6671104   t=466.546673814282   Elapsed: 323.283s (5m 23s)  93% completed  (96% total)
     Speed:     ev/sec=23545.1   simsec/sec=1.50272   ev/simsec=15668.3
     Messages:  created: 6661381   present: 1075   in FES: 110
** Event #6720512   t=469.586865828236   Elapsed: 325.3s (5m 25s)  93% completed  (96% total)
     Speed:     ev/sec=24488.7   simsec/sec=1.50685   ev/simsec=16251.6
     Messages:  created: 6713228   present: 1065   in FES: 106
** Event #6775808   t=473.280152815178   Elapsed: 327.305s (5m 27s)  94% completed  (97% total)
     Speed:     ev/sec=27582.5   simsec/sec=1.84227   ev/simsec=14972
     Messages:  created: 6771790   present: 1094   in FES: 143
** Event #6828800   t=476.60500845904   Elapsed: 329.32s (5m 29s)  95% completed  (97% total)
     Speed:     ev/sec=26304.1   simsec/sec=1.65039   ev/simsec=15938.1
     Messages:  created: 6827693   present: 1090   in FES: 127
** Event #6888448   t=480.558702017145   Elapsed: 331.323s (5m 31s)  96% completed  (98% total)
     Speed:     ev/sec=29782.5   simsec/sec=1.9741   ev/simsec=15086.7
     Messages:  created: 6890939   present: 1107   in FES: 122
** Event #6941952   t=484.034598552011   Elapsed: 333.325s (5m 33s)  96% completed  (98% total)
     Speed:     ev/sec=26722.8   simsec/sec=1.73605   ev/simsec=15392.9
     Messages:  created: 6947578   present: 1113   in FES: 126
** Event #6996480   t=487.541692378268   Elapsed: 335.334s (5m 35s)  97% completed  (98% total)
     Speed:     ev/sec=27140.6   simsec/sec=1.74561   ev/simsec=15547.9
     Messages:  created: 7004760   present: 1085   in FES: 116
** Event #7057664   t=491.513048417229   Elapsed: 337.338s (5m 37s)  98% completed  (99% total)
     Speed:     ev/sec=30534.7   simsec/sec=1.98196   ev/simsec=15406.3
     Messages:  created: 7069077   present: 1093   in FES: 126
** Event #7110144   t=494.592938576486   Elapsed: 339.341s (5m 39s)  98% completed  (99% total)
     Speed:     ev/sec=26194.6   simsec/sec=1.53728   ev/simsec=17039.6
     Messages:  created: 7123149   present: 1117   in FES: 126
** Event #7169280   t=498.438678411029   Elapsed: 341.344s (5m 41s)  99% completed  (99% total)
     Speed:     ev/sec=29527.1   simsec/sec=1.92021   ev/simsec=15377
     Messages:  created: 7184934   present: 1064   in FES: 111
** Event #7194151   t=500   Elapsed: 342.339s (5m 42s)  100% completed  (100% total)
     Speed:     ev/sec=24989.7   simsec/sec=1.56438   ev/simsec=15974.1
     Messages:  created: 7211050   present: 1021   in FES: 95

<!> Simulation time limit reached -- at t=500s, event #7194151
undisposed object: (omnetpp::cMessage) FanetStressNetwork.uav[0].app.debugTimer -- check module destructor
undisposed object: (omnetpp::cMessage) FanetStressNetwork.uav[1].app.debugTimer -- check module destructor
undisposed object: (omnetpp::cMessage) FanetStressNetwork.uav[2].app.debugTimer -- check module destructor
undisposed object: (omnetpp::cMessage) FanetStressNetwork.uav[3].app.debugTimer -- check module destructor
undisposed object: (omnetpp::cMessage) FanetStressNetwork.uav[4].app.debugTimer -- check module destructor
undisposed object: (omnetpp::cMessage) FanetStressNetwork.uav[5].app.debugTimer -- check module destructor
undisposed object: (omnetpp::cMessage) FanetStressNetwork.uav[6].app.debugTimer -- check module destructor
undisposed object: (omnetpp::cMessage) FanetStressNetwork.uav[7].app.debugTimer -- check module destructor
undisposed object: (omnetpp::cMessage) FanetStressNetwork.uav[8].app.debugTimer -- check module destructor
undisposed object: (omnetpp::cMessage) FanetStressNetwork.uav[9].app.debugTimer -- check module destructor
undisposed object: (omnetpp::cMessage) FanetStressNetwork.uav[10].app.debugTimer -- check module destructor
undisposed object: (omnetpp::cMessage) FanetStressNetwork.uav[11].app.debugTimer -- check module destructor
undisposed object: (omnetpp::cMessage) FanetStressNetwork.uav[12].app.debugTimer -- check module destructor
undisposed object: (omnetpp::cMessage) FanetStressNetwork.uav[13].app.debugTimer -- check module destructor
undisposed object: (omnetpp::cMessage) FanetStressNetwork.uav[14].app.debugTimer -- check module destructor
undisposed object: (omnetpp::cMessage) FanetStressNetwork.uav[15].app.debugTimer -- check module destructor
undisposed object: (omnetpp::cMessage) FanetStressNetwork.uav[16].app.debugTimer -- check module destructor
undisposed object: (omnetpp::cMessage) FanetStressNetwork.uav[17].app.debugTimer -- check module destructor
undisposed object: (omnetpp::cMessage) FanetStressNetwork.uav[18].app.debugTimer -- check module destructor
undisposed object: (omnetpp::cMessage) FanetStressNetwork.uav[19].app.debugTimer -- check module destructor
undisposed object: (omnetpp::cMessage) FanetStressNetwork.uav[20].app.debugTimer -- check module destructor
undisposed object: (omnetpp::cMessage) FanetStressNetwork.uav[21].app.debugTimer -- check module destructor
undisposed object: (omnetpp::cMessage) FanetStressNetwork.uav[22].app.debugTimer -- check module destructor
undisposed object: (omnetpp::cMessage) FanetStressNetwork.uav[23].app.debugTimer -- check module destructor
undisposed object: (omnetpp::cMessage) FanetStressNetwork.uav[24].app.debugTimer -- check module destructor
undisposed object: (omnetpp::cMessage) FanetStressNetwork.uav[25].app.debugTimer -- check module destructor
undisposed object: (omnetpp::cMessage) FanetStressNetwork.uav[26].app.debugTimer -- check module destructor
undisposed object: (omnetpp::cMessage) FanetStressNetwork.uav[27].app.debugTimer -- check module destructor
undisposed object: (omnetpp::cMessage) FanetStressNetwork.uav[28].app.debugTimer -- check module destructor
undisposed object: (omnetpp::cMessage) FanetStressNetwork.uav[29].app.debugTimer -- check module destructor
