** Event #0   t=0   Elapsed: 8e-06s (0m 00s)  0% completed  (50% total)
     Speed:     ev/sec=0   simsec/sec=0   ev/simsec=0
     Messages:  created: 1081   present: 1081   in FES: 161
** Event #38912   t=4.040332314605   Elapsed: 2.00276s (0m 02s)  0% completed  (50% total)
     Speed:     ev/sec=19429.8   simsec/sec=2.01739   ev/simsec=9631.14
     Messages:  created: 32894   present: 1028   in FES: 97
** Event #72704   t=7.584941674224   Elapsed: 4.01524s (0m 04s)  1% completed  (50% total)
     Speed:     ev/sec=16791.2   simsec/sec=1.76131   ev/simsec=9533.35
     Messages:  created: 60339   present: 1085   in FES: 116
** Event #107776   t=11.546446819384   Elapsed: 6.02106s (0m 06s)  2% completed  (51% total)
     Speed:     ev/sec=17485.2   simsec/sec=1.97501   ev/simsec=8853.2
     Messages:  created: 89185   present: 1096   in FES: 121
** Event #144128   t=15.58685222725   Elapsed: 8.03006s (0m 08s)  3% completed  (51% total)
     Speed:     ev/sec=18094.5   simsec/sec=2.01115   ev/simsec=8997.12
     Messages:  created: 119498   present: 1095   in FES: 126
** Event #180480   t=19.899058277179   Elapsed: 10.0312s (0m 10s)  3% completed  (51% total)
     Speed:     ev/sec=18166   simsec/sec=2.15492   ev/simsec=8430.02
     Messages:  created: 149369   present: 1021   in FES: 95
** Event #215808   t=23.551510764743   Elapsed: 12.0462s (0m 12s)  4% completed  (52% total)
     Speed:     ev/sec=17532.1   simsec/sec=1.81259   ev/simsec=9672.41
     Messages:  created: 178000   present: 1095   in FES: 118
** Event #251648   t=27.506229715435   Elapsed: 14.0643s (0m 14s)  5% completed  (52% total)
     Speed:     ev/sec=17759.1   simsec/sec=1.95961   ev/simsec=9062.59
     Messages:  created: 206487   present: 1034   in FES: 99
** Event #282624   t=30.528431589076   Elapsed: 16.0782s (0m 16s)  6% completed  (53% total)
     Speed:     ev/sec=15381.5   simsec/sec=1.50071   ev/simsec=10249.5
     Messages:  created: 230913   present: 1029   in FES: 98
** Event #312064   t=33.503109986331   Elapsed: 18.0822s (0m 18s)  6% completed  (53% total)
     Speed:     ev/sec=14690.1   simsec/sec=1.48432   ev/simsec=9896.87
     Messages:  created: 253483   present: 1024   in FES: 97
** Event #337152   t=35.59225671924   Elapsed: 20.087s (0m 20s)  7% completed  (53% total)
     Speed:     ev/sec=12514.3   simsec/sec=1.0421   ev/simsec=12008.7
     Messages:  created: 272674   present: 1041   in FES: 102
** Event #367872   t=38.550797610597   Elapsed: 22.087s (0m 22s)  7% completed  (53% total)
     Speed:     ev/sec=15359.9   simsec/sec=1.47926   ev/simsec=10383.5
     Messages:  created: 296184   present: 1110   in FES: 126
** Event #399104   t=41.587941856628   Elapsed: 24.1043s (0m 24s)  8% completed  (54% total)
     Speed:     ev/sec=15481.7   simsec/sec=1.50552   ev/simsec=10283.3
     Messages:  created: 320149   present: 1105   in FES: 124
** Event #429824   t=44.603619336457   Elapsed: 26.1239s (0m 26s)  8% completed  (54% total)
     Speed:     ev/sec=15211.2   simsec/sec=1.49323   ev/simsec=10186.8
     Messages:  created: 344227   present: 1091   in FES: 116
** Event #464384   t=48.526143646974   Elapsed: 28.1257s (0m 28s)  9% completed  (54% total)
     Speed:     ev/sec=17264.3   simsec/sec=1.95948   ev/simsec=8810.65
     Messages:  created: 371556   present: 1095   in FES: 120
** Event #495872   t=51.601236426227   Elapsed: 30.1307s (0m 30s)  10% completed  (55% total)
     Speed:     ev/sec=15705.1   simsec/sec=1.53375   ev/simsec=10239.7
     Messages:  created: 397033   present: 1097   in FES: 126
** Event #532224   t=55.541951581606   Elapsed: 32.1489s (0m 32s)  11% completed  (55% total)
     Speed:     ev/sec=18012.3   simsec/sec=1.95261   ev/simsec=9224.72
     Messages:  created: 426089   present: 1108   in FES: 123
** Event #568320   t=59.533778271361   Elapsed: 34.1594s (0m 34s)  11% completed  (55% total)
     Speed:     ev/sec=17953.5   simsec/sec=1.98546   ev/simsec=9042.48
     Messages:  created: 455465   present: 1054   in FES: 103
** Event #599808   t=62.598018477422   Elapsed: 36.1864s (0m 36s)  12% completed  (56% total)
     Speed:     ev/sec=15534.1   simsec/sec=1.5117   ev/simsec=10276
     Messages:  created: 480366   present: 1051   in FES: 104
** Event #633600   t=66.063197302911   Elapsed: 38.1889s (0m 38s)  13% completed  (56% total)
     Speed:     ev/sec=16874.9   simsec/sec=1.73042   ev/simsec=9751.88
     Messages:  created: 506889   present: 1032   in FES: 97
** Event #666112   t=69.533470845813   Elapsed: 40.1911s (0m 40s)  13% completed  (56% total)
     Speed:     ev/sec=16238.5   simsec/sec=1.73327   ev/simsec=9368.71
     Messages:  created: 532644   present: 1081   in FES: 112
** Event #696320   t=72.531865447604   Elapsed: 42.1959s (0m 42s)  14% completed  (57% total)
     Speed:     ev/sec=15067.7   simsec/sec=1.49559   ev/simsec=10074.7
     Messages:  created: 555905   present: 1071   in FES: 110
** Event #726528   t=75.530168493988   Elapsed: 44.2147s (0m 44s)  15% completed  (57% total)
     Speed:     ev/sec=14963.5   simsec/sec=1.48521   ev/simsec=10075
     Messages:  created: 579600   present: 1036   in FES: 97
** Event #756736   t=78.527357037683   Elapsed: 46.2167s (0m 46s)  15% completed  (57% total)
     Speed:     ev/sec=15088.6   simsec/sec=1.49707   ev/simsec=10078.8
     Messages:  created: 602968   present: 1121   in FES: 126
** Event #787200   t=81.545550118696   Elapsed: 48.2196s (0m 48s)  16% completed  (58% total)
     Speed:     ev/sec=15209.8   simsec/sec=1.5069   ev/simsec=10093.5
     Messages:  created: 627148   present: 1098   in FES: 119
** Event #820480   t=85.061211680423   Elapsed: 50.2224s (0m 50s)  17% completed  (58% total)
     Speed:     ev/sec=16616.9   simsec/sec=1.75539   ev/simsec=9466.21
     Messages:  created: 654011   present: 1097   in FES: 118
** Event #855296   t=89.046796943295   Elapsed: 52.2323s (0m 52s)  17% completed  (58% total)
     Speed:     ev/sec=17322.6   simsec/sec=1.98302   ev/simsec=8735.48
     Messages:  created: 682939   present: 1098   in FES: 126
** Event #890624   t=93.00081051131   Elapsed: 54.2365s (0m 54s)  18% completed  (59% total)
     Speed:     ev/sec=17627   simsec/sec=1.97287   ev/simsec=8934.72
     Messages:  created: 711392   present: 1109   in FES: 124
** Event #925440   t=96.517893623689   Elapsed: 56.2594s (0m 56s)  19% completed  (59% total)
     Speed:     ev/sec=17210.9   simsec/sec=1.73863   ev/simsec=9899.11
     Messages:  created: 739103   present: 1083   in FES: 114
** Event #957696   t=99.826073752592   Elapsed: 58.26s (0m 58s)  19% completed  (59% total)
     Speed:     ev/sec=16122.6   simsec/sec=1.65353   ev/simsec=9750.38
     Messages:  created: 764661   present: 1021   in FES: 95
** Event #999168   t=102.529847681706   Elapsed: 60.2661s (1m 00s)  20% completed  (60% total)
     Speed:     ev/sec=20673.2   simsec/sec=1.34779   ev/simsec=15338.6
     Messages:  created: 806175   present: 1117   in FES: 126
** Event #1039360   t=105.029439455558   Elapsed: 62.2712s (1m 02s)  21% completed  (60% total)
     Speed:     ev/sec=20044.6   simsec/sec=1.2466   ev/simsec=16079.4
     Messages:  created: 847555   present: 1089   in FES: 116
** Event #1081088   t=107.665142885059   Elapsed: 64.2791s (1m 04s)  21% completed  (60% total)
     Speed:     ev/sec=20781.8   simsec/sec=1.31266   ev/simsec=15831.8
     Messages:  created: 889893   present: 1103   in FES: 127
** Event #1129728   t=110.541015997088   Elapsed: 66.2896s (1m 06s)  22% completed  (61% total)
     Speed:     ev/sec=24193   simsec/sec=1.43043   ev/simsec=16913.1
     Messages:  created: 940938   present: 1063   in FES: 108
** Event #1173504   t=113.315255228233   Elapsed: 68.2897s (1m 08s)  22% completed  (61% total)
     Speed:     ev/sec=21887.5   simsec/sec=1.38709   ev/simsec=15779.5
     Messages:  created: 986092   present: 1092   in FES: 150
** Event #1220864   t=115.561571257002   Elapsed: 70.2994s (1m 10s)  23% completed  (61% total)
     Speed:     ev/sec=23565.9   simsec/sec=1.11775   ev/simsec=21083.4
     Messages:  created: 1038927   present: 1098   in FES: 126
** Event #1263616   t=118.545312199134   Elapsed: 72.3128s (1m 12s)  23% completed  (61% total)
     Speed:     ev/sec=21233.8   simsec/sec=1.48195   ev/simsec=14328.3
     Messages:  created: 1083031   present: 1032   in FES: 97
** Event #1307648   t=121.570573700562   Elapsed: 74.3301s (1m 14s)  24% completed  (62% total)
     Speed:     ev/sec=21827.1   simsec/sec=1.49965   ev/simsec=14554.8
     Messages:  created: 1128027   present: 1128   in FES: 126
** Event #1349376   t=124.565564856985   Elapsed: 76.3375s (1m 16s)  24% completed  (62% total)
     Speed:     ev/sec=20786.7   simsec/sec=1.49195   ev/simsec=13932.6
     Messages:  created: 1170676   present: 1084   in FES: 127
** Event #1390592   t=127.607319859716   Elapsed: 78.3417s (1m 18s)  25% completed  (62% total)
     Speed:     ev/sec=20565.3   simsec/sec=1.51772   ev/simsec=13550.1
     Messages:  created: 1212039   present: 1060   in FES: 107
** Event #1430272   t=130.554958362669   Elapsed: 80.3587s (1m 20s)  26% completed  (63% total)
     Speed:     ev/sec=19672.7   simsec/sec=1.46139   ev/simsec=13461.6
     Messages:  created: 1251055   present: 1086   in FES: 117
** Event #1471744   t=133.532441728815   Elapsed: 82.3841s (1m 22s)  26% completed  (63% total)
     Speed:     ev/sec=20476   simsec/sec=1.47007   ev/simsec=13928.5
     Messages:  created: 1291333   present: 1103   in FES: 126
** Event #1508096   t=136.043313053882   Elapsed: 84.3859s (1m 24s)  27% completed  (63% total)
     Speed:     ev/sec=18159.2   simsec/sec=1.25428   ev/simsec=14477.8
     Messages:  created: 1326764   present: 1098   in FES: 126
** Event #1545472   t=138.575314899275   Elapsed: 86.3982s (1m 26s)  27% completed  (63% total)
     Speed:     ev/sec=18573.8   simsec/sec=1.25826   ev/simsec=14761.4
     Messages:  created: 1362994   present: 1110   in FES: 124
** Event #1587200   t=141.527300231801   Elapsed: 88.4082s (1m 28s)  28% completed  (64% total)
     Speed:     ev/sec=20760.8   simsec/sec=1.46869   ev/simsec=14135.6
     Messages:  created: 1404731   present: 1086   in FES: 117
** Event #1627648   t=143.584894722675   Elapsed: 90.429s (1m 30s)  28% completed  (64% total)
     Speed:     ev/sec=20015.2   simsec/sec=1.01817   ev/simsec=19657.9
     Messages:  created: 1447785   present: 1068   in FES: 111
** Event #1673984   t=146.542010705997   Elapsed: 92.4505s (1m 32s)  29% completed  (64% total)
     Speed:     ev/sec=22921.4   simsec/sec=1.46282   ev/simsec=15669.3
     Messages:  created: 1497266   present: 1107   in FES: 122
** Event #1722624   t=149.534271456274   Elapsed: 94.4709s (1m 34s)  29% completed  (64% total)
     Speed:     ev/sec=24074.5   simsec/sec=1.48103   ev/simsec=16255.3
     Messages:  created: 1549974   present: 1095   in FES: 126
** Event #1768192   t=152.523201651286   Elapsed: 96.4902s (1m 36s)  30% completed  (65% total)
     Speed:     ev/sec=22566.8   simsec/sec=1.48022   ev/simsec=15245.6
     Messages:  created: 1598229   present: 1091   in FES: 126
** Event #1815552   t=155.522657035418   Elapsed: 98.4968s (1m 38s)  31% completed  (65% total)
     Speed:     ev/sec=23601.9   simsec/sec=1.49478   ev/simsec=15789.5
     Messages:  created: 1648306   present: 1107   in FES: 122
** Event #1859328   t=158.528126790639   Elapsed: 100.498s (1m 40s)  31% completed  (65% total)
     Speed:     ev/sec=21874.4   simsec/sec=1.5018   ev/simsec=14565.4
     Messages:  created: 1692915   present: 1215   in FES: 156
** Event #1901312   t=161.17519091934   Elapsed: 102.5s (1m 42s)  32% completed  (66% total)
     Speed:     ev/sec=20972.7   simsec/sec=1.32231   ev/simsec=15860.6
     Messages:  created: 1735693   present: 1021   in FES: 95
** Event #1937920   t=163.591252707886   Elapsed: 104.519s (1m 44s)  32% completed  (66% total)
     Speed:     ev/sec=18135.3   simsec/sec=1.1969   ev/simsec=15151.9
     Messages:  created: 1772603   present: 1039   in FES: 100
** Event #1981952   t=166.029386429846   Elapsed: 106.527s (1m 46s)  33% completed  (66% total)
     Speed:     ev/sec=21923.5   simsec/sec=1.21394   ev/simsec=18059.7
     Messages:  created: 1819755   present: 1107   in FES: 126
** Event #2022656   t=168.516881587318   Elapsed: 108.528s (1m 48s)  33% completed  (66% total)
     Speed:     ev/sec=20339.4   simsec/sec=1.24298   ev/simsec=16363.4
     Messages:  created: 1860727   present: 1093   in FES: 116
** Event #2059264   t=170.571379694315   Elapsed: 110.546s (1m 50s)  34% completed  (67% total)
     Speed:     ev/sec=18139.2   simsec/sec=1.018   ev/simsec=17818.5
     Messages:  created: 1897155   present: 1092   in FES: 115
** Event #2095360   t=172.981024623374   Elapsed: 112.552s (1m 52s)  34% completed  (67% total)
     Speed:     ev/sec=18000   simsec/sec=1.20162   ev/simsec=14979.8
     Messages:  created: 1933715   present: 1076   in FES: 127
** Event #2137600   t=175.521095591811   Elapsed: 114.574s (1m 54s)  35% completed  (67% total)
     Speed:     ev/sec=20887.1   simsec/sec=1.25603   ev/simsec=16629.5
     Messages:  created: 1976215   present: 1114   in FES: 125
** Event #2174464   t=177.564585650614   Elapsed: 116.594s (1m 56s)  35% completed  (67% total)
     Speed:     ev/sec=18249   simsec/sec=1.0116   ev/simsec=18039.7
     Messages:  created: 2013616   present: 1103   in FES: 126
** Event #2215168   t=180.081849559763   Elapsed: 118.601s (1m 58s)  36% completed  (68% total)
     Speed:     ev/sec=20286.1   simsec/sec=1.25456   ev/simsec=16169.9
     Messages:  created: 2054709   present: 1096   in FES: 121
** Event #2253568   t=182.519862006971   Elapsed: 120.601s (2m 00s)  36% completed  (68% total)
     Speed:     ev/sec=19192.7   simsec/sec=1.21854   ev/simsec=15750.5
     Messages:  created: 2093733   present: 1052   in FES: 105
** Event #2287104   t=184.548902280844   Elapsed: 122.608s (2m 02s)  36% completed  (68% total)
     Speed:     ev/sec=16715.7   simsec/sec=1.01136   ev/simsec=16528
     Messages:  created: 2126667   present: 1109   in FES: 122
** Event #2320384   t=186.675944873361   Elapsed: 124.612s (2m 04s)  37% completed  (68% total)
     Speed:     ev/sec=16606.3   simsec/sec=1.06137   ev/simsec=15646.1
     Messages:  created: 2158979   present: 1051   in FES: 127
** Event #2357248   t=189.095559459356   Elapsed: 126.614s (2m 06s)  37% completed  (68% total)
     Speed:     ev/sec=18412.8   simsec/sec=1.20855   ev/simsec=15235.5
     Messages:  created: 2194131   present: 1094   in FES: 119
** Event #2392320   t=191.549565427902   Elapsed: 128.632s (2m 08s)  38% completed  (69% total)
     Speed:     ev/sec=17375.2   simsec/sec=1.21575   ev/simsec=14291.7
     Messages:  created: 2228196   present: 1098   in FES: 119
** Event #2433792   t=194.231926813361   Elapsed: 130.635s (2m 10s)  38% completed  (69% total)
     Speed:     ev/sec=20711.7   simsec/sec=1.33961   ev/simsec=15461
     Messages:  created: 2268733   present: 1102   in FES: 121
** Event #2469120   t=196.560915283452   Elapsed: 132.654s (2m 12s)  39% completed  (69% total)
     Speed:     ev/sec=17493.2   simsec/sec=1.15324   ev/simsec=15168.8
     Messages:  created: 2303387   present: 1047   in FES: 104
** Event #2503680   t=199.000109992875   Elapsed: 134.655s (2m 14s)  39% completed  (69% total)
     Speed:     ev/sec=17270.8   simsec/sec=1.21895   ev/simsec=14168.6
     Messages:  created: 2337194   present: 1066   in FES: 111
** Event #2541056   t=201.521354815268   Elapsed: 136.672s (2m 16s)  40% completed  (70% total)
     Speed:     ev/sec=18527.8   simsec/sec=1.24982   ev/simsec=14824.4
     Messages:  created: 2373290   present: 1111   in FES: 124
** Event #2573824   t=203.664922377528   Elapsed: 138.68s (2m 18s)  40% completed  (70% total)
     Speed:     ev/sec=16320.6   simsec/sec=1.06764   ev/simsec=15286.7
     Messages:  created: 2404625   present: 1107   in FES: 126
** Event #2614784   t=206.506252912558   Elapsed: 140.693s (2m 20s)  41% completed  (70% total)
     Speed:     ev/sec=20354.4   simsec/sec=1.41195   ev/simsec=14415.8
     Messages:  created: 2445852   present: 1068   in FES: 111
** Event #2652416   t=208.92594341136   Elapsed: 142.703s (2m 22s)  41% completed  (70% total)
     Speed:     ev/sec=18720.5   simsec/sec=1.2037   ev/simsec=15552.4
     Messages:  created: 2482958   present: 1115   in FES: 127
** Event #2693632   t=211.567151958937   Elapsed: 144.709s (2m 24s)  42% completed  (71% total)
     Speed:     ev/sec=20543.4   simsec/sec=1.31646   ev/simsec=15605
     Messages:  created: 2523834   present: 1117   in FES: 143
** Event #2734848   t=214.510228736093   Elapsed: 146.709s (2m 26s)  42% completed  (71% total)
     Speed:     ev/sec=20603.6   simsec/sec=1.47122   ev/simsec=14004.4
     Messages:  created: 2564066   present: 1098   in FES: 119
** Event #2769408   t=216.6022525817   Elapsed: 148.737s (2m 28s)  43% completed  (71% total)
     Speed:     ev/sec=17043.8   simsec/sec=1.03171   ev/simsec=16519.9
     Messages:  created: 2597486   present: 1072   in FES: 110
** Event #2813184   t=219.524363202083   Elapsed: 150.753s (2m 30s)  43% completed  (71% total)
     Speed:     ev/sec=21719.7   simsec/sec=1.44982   ev/simsec=14981
     Messages:  created: 2642198   present: 1098   in FES: 121
** Event #2848256   t=221.575279219172   Elapsed: 152.769s (2m 32s)  44% completed  (72% total)
     Speed:     ev/sec=17397.5   simsec/sec=1.01736   ev/simsec=17100.7
     Messages:  created: 2677662   present: 1109   in FES: 122
** Event #2888704   t=224.068348359182   Elapsed: 154.776s (2m 34s)  44% completed  (72% total)
     Speed:     ev/sec=20152.7   simsec/sec=1.24214   ev/simsec=16224.2
     Messages:  created: 2718689   present: 1037   in FES: 96
** Event #2927104   t=226.532868550391   Elapsed: 156.785s (2m 36s)  45% completed  (72% total)
     Speed:     ev/sec=19109.8   simsec/sec=1.22647   ev/simsec=15581.1
     Messages:  created: 2758566   present: 1113   in FES: 127
** Event #2968320   t=229.023726182396   Elapsed: 158.786s (2m 38s)  45% completed  (72% total)
     Speed:     ev/sec=20594.7   simsec/sec=1.24462   ev/simsec=16546.9
     Messages:  created: 2801781   present: 1070   in FES: 109
** Event #3010816   t=231.547923278416   Elapsed: 160.803s (2m 40s)  46% completed  (73% total)
     Speed:     ev/sec=21073.4   simsec/sec=1.25173   ev/simsec=16835.5
     Messages:  created: 2845582   present: 1043   in FES: 100
** Event #3050240   t=234.046851150031   Elapsed: 162.812s (2m 42s)  46% completed  (73% total)
     Speed:     ev/sec=19622.4   simsec/sec=1.24378   ev/simsec=15776.4
     Messages:  created: 2885931   present: 1044   in FES: 101
** Event #3090688   t=236.56513454752   Elapsed: 164.814s (2m 44s)  47% completed  (73% total)
     Speed:     ev/sec=20208.3   simsec/sec=1.25817   ev/simsec=16061.7
     Messages:  created: 2927412   present: 1108   in FES: 152
** Event #3133696   t=239.485619867127   Elapsed: 166.816s (2m 46s)  47% completed  (73% total)
     Speed:     ev/sec=21476.8   simsec/sec=1.4584   ev/simsec=14726.3
     Messages:  created: 2971890   present: 1104   in FES: 127
** Event #3173376   t=242.000847035194   Elapsed: 168.821s (2m 48s)  48% completed  (74% total)
     Speed:     ev/sec=19796.4   simsec/sec=1.25485   ev/simsec=15775.9
     Messages:  created: 3012713   present: 1051   in FES: 104
** Event #3215104   t=244.560265281978   Elapsed: 170.833s (2m 50s)  48% completed  (74% total)
     Speed:     ev/sec=20738.9   simsec/sec=1.27204   ev/simsec=16303.7
     Messages:  created: 3054787   present: 1089   in FES: 126
** Event #3257344   t=247.531351248266   Elapsed: 172.842s (2m 52s)  49% completed  (74% total)
     Speed:     ev/sec=21026   simsec/sec=1.47893   ev/simsec=14217
     Messages:  created: 3097512   present: 1093   in FES: 118
** Event #3295232   t=250.023671218173   Elapsed: 174.842s (2m 54s)  50% completed  (75% total)
     Speed:     ev/sec=18942.1   simsec/sec=1.24604   ev/simsec=15201.9
     Messages:  created: 3135412   present: 1096   in FES: 126
** Event #3335168   t=252.564818441968   Elapsed: 176.851s (2m 56s)  50% completed  (75% total)
     Speed:     ev/sec=19877.3   simsec/sec=1.2648   ev/simsec=15715.7
     Messages:  created: 3174896   present: 1101   in FES: 142
** Event #3373824   t=255.046850103538   Elapsed: 178.858s (2m 58s)  51% completed  (75% total)
     Speed:     ev/sec=19263.3   simsec/sec=1.23686   ev/simsec=15574.3
     Messages:  created: 3213529   present: 1114   in FES: 125
** Event #3415296   t=257.532957084774   Elapsed: 180.86s (3m 00s)  51% completed  (75% total)
     Speed:     ev/sec=20707.8   simsec/sec=1.24136   ev/simsec=16681.5
     Messages:  created: 3256163   present: 1115   in FES: 126
** Event #3453440   t=259.815729322082   Elapsed: 182.865s (3m 02s)  51% completed  (75% total)
     Speed:     ev/sec=19029.7   simsec/sec=1.13886   ev/simsec=16709.5
     Messages:  created: 3295913   present: 1047   in FES: 102
** Event #3497728   t=262.522493051985   Elapsed: 184.867s (3m 04s)  52% completed  (76% total)
     Speed:     ev/sec=22115.3   simsec/sec=1.35163   ev/simsec=16362
     Messages:  created: 3341946   present: 1106   in FES: 123
** Event #3537152   t=264.926313702648   Elapsed: 186.868s (3m 06s)  52% completed  (76% total)
     Speed:     ev/sec=19702.1   simsec/sec=1.2013   ev/simsec=16400.6
     Messages:  created: 3383105   present: 1102   in FES: 150
** Event #3580160   t=267.539619115674   Elapsed: 188.883s (3m 08s)  53% completed  (76% total)
     Speed:     ev/sec=21350   simsec/sec=1.29729   ev/simsec=16457.3
     Messages:  created: 3426808   present: 1041   in FES: 96
** Event #3621888   t=270.17638693249   Elapsed: 190.889s (3m 10s)  54% completed  (77% total)
     Speed:     ev/sec=20797.1   simsec/sec=1.31416   ev/simsec=15825.4
     Messages:  created: 3469324   present: 1109   in FES: 124
** Event #3661312   t=272.675990373456   Elapsed: 192.892s (3m 12s)  54% completed  (77% total)
     Speed:     ev/sec=19687.1   simsec/sec=1.24822   ev/simsec=15772.1
     Messages:  created: 3509623   present: 1050   in FES: 105
** Event #3703808   t=275.481025045308   Elapsed: 194.896s (3m 14s)  55% completed  (77% total)
     Speed:     ev/sec=21206   simsec/sec=1.39974   ev/simsec=15149.9
     Messages:  created: 3553146   present: 1046   in FES: 127
** Event #3740160   t=277.570762897329   Elapsed: 196.913s (3m 16s)  55% completed  (77% total)
     Speed:     ev/sec=18018.8   simsec/sec=1.03583   ev/simsec=17395.5
     Messages:  created: 3589632   present: 1109   in FES: 120
** Event #3782656   t=280.4706704049   Elapsed: 198.914s (3m 18s)  56% completed  (78% total)
     Speed:     ev/sec=21244.8   simsec/sec=1.44973   ev/simsec=14654.3
     Messages:  created: 3632883   present: 1021   in FES: 95
** Event #3816704   t=282.564584457075   Elapsed: 200.914s (3m 20s)  56% completed  (78% total)
     Speed:     ev/sec=17020   simsec/sec=1.04671   ev/simsec=16260.5
     Messages:  created: 3666286   present: 1091   in FES: 126
** Event #3859200   t=285.507885184264   Elapsed: 202.927s (3m 22s)  57% completed  (78% total)
     Speed:     ev/sec=21112.9   simsec/sec=1.46229   ev/simsec=14438.2
     Messages:  created: 3709479   present: 1105   in FES: 122
** Event #3897856   t=288.03490825484   Elapsed: 204.934s (3m 24s)  57% completed  (78% total)
     Speed:     ev/sec=19263.1   simsec/sec=1.25927   ev/simsec=15297.1
     Messages:  created: 3748152   present: 1071   in FES: 112
** Event #3936512   t=290.557588440093   Elapsed: 206.945s (3m 26s)  58% completed  (79% total)
     Speed:     ev/sec=19215.7   simsec/sec=1.25401   ev/simsec=15323.4
     Messages:  created: 3786869   present: 1027   in FES: 96
** Event #3981312   t=293.506913510031   Elapsed: 208.961s (3m 28s)  58% completed  (79% total)
     Speed:     ev/sec=22227.9   simsec/sec=1.46333   ev/simsec=15189.9
     Messages:  created: 3832831   present: 1071   in FES: 110
** Event #4018944   t=295.986248651562   Elapsed: 210.963s (3m 30s)  59% completed  (79% total)
     Speed:     ev/sec=18797.4   simsec/sec=1.23844   ev/simsec=15178.3
     Messages:  created: 3871030   present: 1096   in FES: 152
** Event #4059392   t=298.570201710218   Elapsed: 212.981s (3m 32s)  59% completed  (79% total)
     Speed:     ev/sec=20043   simsec/sec=1.28041   ev/simsec=15653.5
     Messages:  created: 3911192   present: 1097   in FES: 118
** Event #4101120   t=301.513989960005   Elapsed: 214.994s (3m 34s)  60% completed  (80% total)
     Speed:     ev/sec=20731   simsec/sec=1.46251   ev/simsec=14174.9
     Messages:  created: 3953392   present: 1068   in FES: 111
** Event #4139264   t=304.023671985681   Elapsed: 216.997s (3m 36s)  60% completed  (80% total)
     Speed:     ev/sec=19036.8   simsec/sec=1.25252   ev/simsec=15198.7
     Messages:  created: 3991239   present: 1106   in FES: 126
** Event #4177664   t=306.537069208003   Elapsed: 219.008s (3m 39s)  61% completed  (80% total)
     Speed:     ev/sec=19099.9   simsec/sec=1.25015   ev/simsec=15278.1
     Messages:  created: 4028783   present: 1114   in FES: 125
** Event #4211456   t=308.98106964362   Elapsed: 221.013s (3m 41s)  61% completed  (80% total)
     Speed:     ev/sec=16852.9   simsec/sec=1.21888   ev/simsec=13826.5
     Messages:  created: 4061490   present: 1043   in FES: 102
** Event #4246016   t=311.079324502621   Elapsed: 223.017s (3m 43s)  62% completed  (81% total)
     Speed:     ev/sec=17240.7   simsec/sec=1.04674   ev/simsec=16470.8
     Messages:  created: 4094179   present: 1021   in FES: 95
** Event #4280832   t=313.536061297058   Elapsed: 225.034s (3m 45s)  62% completed  (81% total)
     Speed:     ev/sec=17266.4   simsec/sec=1.21838   ev/simsec=14171.6
     Messages:  created: 4127718   present: 1107   in FES: 122
** Event #4313088   t=315.569394716332   Elapsed: 227.047s (3m 47s)  63% completed  (81% total)
     Speed:     ev/sec=16021.4   simsec/sec=1.00995   ev/simsec=15863.6
     Messages:  created: 4158392   present: 1097   in FES: 114
** Event #4349952   t=318.051654015486   Elapsed: 229.056s (3m 49s)  63% completed  (81% total)
     Speed:     ev/sec=18351.2   simsec/sec=1.23569   ev/simsec=14851
     Messages:  created: 4193552   present: 1105   in FES: 122
** Event #4384768   t=320.315483929428   Elapsed: 231.063s (3m 51s)  64% completed  (82% total)
     Speed:     ev/sec=17343.4   simsec/sec=1.12772   ev/simsec=15379.2
     Messages:  created: 4227051   present: 1102   in FES: 128
** Event #4419584   t=322.527039878555   Elapsed: 233.096s (3m 53s)  64% completed  (82% total)
     Speed:     ev/sec=17126.8   simsec/sec=1.08792   ev/simsec=15742.8
     Messages:  created: 4261049   present: 1116   in FES: 126
** Event #4453120   t=324.514846159196   Elapsed: 235.116s (3m 55s)  64% completed  (82% total)
     Speed:     ev/sec=16602.3   simsec/sec=0.984084   ev/simsec=16870.9
     Messages:  created: 4293524   present: 1071   in FES: 110
** Event #4487936   t=326.527054243826   Elapsed: 237.138s (3m 57s)  65% completed  (82% total)
     Speed:     ev/sec=17219.3   simsec/sec=0.995198   ev/simsec=17302.4
     Messages:  created: 4327685   present: 1080   in FES: 115
** Event #4523520   t=328.569766929599   Elapsed: 239.138s (3m 59s)  65% completed  (82% total)
     Speed:     ev/sec=17790.9   simsec/sec=1.02129   ev/simsec=17420
     Messages:  created: 4362978   present: 1093   in FES: 114
** Event #4563968   t=331.099235504178   Elapsed: 241.142s (4m 01s)  66% completed  (83% total)
     Speed:     ev/sec=20187.8   simsec/sec=1.26247   ev/simsec=15990.7
     Messages:  created: 4402326   present: 1039   in FES: 100
** Event #4598528   t=333.53227215077   Elapsed: 243.149s (4m 03s)  66% completed  (83% total)
     Speed:     ev/sec=17219.9   simsec/sec=1.21229   ev/simsec=14204.5
     Messages:  created: 4435941   present: 1061   in FES: 108
** Event #4631808   t=335.600181118786   Elapsed: 245.154s (4m 05s)  67% completed  (83% total)
     Speed:     ev/sec=16593.7   simsec/sec=1.03108   ev/simsec=16093.6
     Messages:  created: 4467510   present: 1109   in FES: 126
** Event #4674304   t=338.505847437874   Elapsed: 247.17s (4m 07s)  67% completed  (83% total)
     Speed:     ev/sec=21085.1   simsec/sec=1.44169   ev/simsec=14625.2
     Messages:  created: 4509711   present: 1095   in FES: 126
** Event #4711424   t=340.253232523401   Elapsed: 249.174s (4m 09s)  68% completed  (84% total)
     Speed:     ev/sec=18518.4   simsec/sec=0.871732   ev/simsec=21243.2
     Messages:  created: 4548191   present: 1154   in FES: 147
** Event #4746240   t=342.034908074116   Elapsed: 251.185s (4m 11s)  68% completed  (84% total)
     Speed:     ev/sec=17314   simsec/sec=0.886027   ev/simsec=19541.2
     Messages:  created: 4584937   present: 1065   in FES: 110
** Event #4784896   t=344.536975079143   Elapsed: 253.204s (4m 13s)  68% completed  (84% total)
     Speed:     ev/sec=19149.5   simsec/sec=1.23948   ev/simsec=15449.6
     Messages:  created: 4622943   present: 1115   in FES: 126
** Event #4818688   t=346.575336020209   Elapsed: 255.227s (4m 15s)  69% completed  (84% total)
     Speed:     ev/sec=16705.9   simsec/sec=1.00771   ev/simsec=16578
     Messages:  created: 4655327   present: 1044   in FES: 99
** Event #4854784   t=349.043367272776   Elapsed: 257.234s (4m 17s)  69% completed  (84% total)
     Speed:     ev/sec=17981.4   simsec/sec=1.22946   ev/simsec=14625.4
     Messages:  created: 4690109   present: 1086   in FES: 115
** Event #4889856   t=351.236107970739   Elapsed: 259.238s (4m 19s)  70% completed  (85% total)
     Speed:     ev/sec=17501.8   simsec/sec=1.09423   ev/simsec=15994.6
     Messages:  created: 4723824   present: 1094   in FES: 152
** Event #4923904   t=353.542494710947   Elapsed: 261.241s (4m 21s)  70% completed  (85% total)
     Speed:     ev/sec=17000.7   simsec/sec=1.15161   ev/simsec=14762.5
     Messages:  created: 4756180   present: 1100   in FES: 121
** Event #4957184   t=355.60956095833   Elapsed: 263.243s (4m 23s)  71% completed  (85% total)
     Speed:     ev/sec=16620.1   simsec/sec=1.0323   ev/simsec=16100.1
     Messages:  created: 4787652   present: 1101   in FES: 126
** Event #4993792   t=358.064851025267   Elapsed: 265.246s (4m 25s)  71% completed  (85% total)
     Speed:     ev/sec=18281   simsec/sec=1.2261   ev/simsec=14909.8
     Messages:  created: 4822808   present: 1119   in FES: 129
** Event #5029632   t=360.55045804812   Elapsed: 267.259s (4m 27s)  72% completed  (86% total)
     Speed:     ev/sec=17799.8   simsec/sec=1.23446   ev/simsec=14419
     Messages:  created: 4857421   present: 1118   in FES: 125
** Event #5065728   t=363.029438906106   Elapsed: 269.265s (4m 29s)  72% completed  (86% total)
     Speed:     ev/sec=17994.8   simsec/sec=1.23584   ev/simsec=14560.8
     Messages:  created: 4892523   present: 1116   in FES: 125
** Event #5102080   t=365.54858230137   Elapsed: 271.291s (4m 31s)  73% completed  (86% total)
     Speed:     ev/sec=17939.8   simsec/sec=1.2432   ev/simsec=14430.3
     Messages:  created: 4926950   present: 1051   in FES: 104
** Event #5139712   t=368.099180599309   Elapsed: 273.298s (4m 33s)  73% completed  (86% total)
     Speed:     ev/sec=18755.5   simsec/sec=1.2712   ev/simsec=14754.2
     Messages:  created: 4962190   present: 1093   in FES: 126
** Event #5174784   t=370.664920456475   Elapsed: 275.318s (4m 35s)  74% completed  (87% total)
     Speed:     ev/sec=17357.1   simsec/sec=1.26978   ev/simsec=13669.4
     Messages:  created: 4995253   present: 1022   in FES: 96
** Event #5213184   t=373.528372404582   Elapsed: 277.323s (4m 37s)  74% completed  (87% total)
     Speed:     ev/sec=19158.9   simsec/sec=1.42866   ev/simsec=13410.4
     Messages:  created: 5031917   present: 1046   in FES: 101
** Event #5250816   t=376.091128692275   Elapsed: 279.326s (4m 39s)  75% completed  (87% total)
     Speed:     ev/sec=18787   simsec/sec=1.2794   ev/simsec=14684.2
     Messages:  created: 5067600   present: 1105   in FES: 122
** Event #5286656   t=378.610263630612   Elapsed: 281.337s (4m 41s)  75% completed  (87% total)
     Speed:     ev/sec=17822.7   simsec/sec=1.25273   ev/simsec=14227.1
     Messages:  created: 5101841   present: 1067   in FES: 110
** Event #5327360   t=381.530981215728   Elapsed: 283.36s (4m 43s)  76% completed  (88% total)
     Speed:     ev/sec=20116.2   simsec/sec=1.44344   ev/simsec=13936.3
     Messages:  created: 5142225   present: 1030   in FES: 97
** Event #5372160   t=384.571470531587   Elapsed: 285.37s (4m 45s)  76% completed  (88% total)
     Speed:     ev/sec=22293.7   simsec/sec=1.51303   ev/simsec=14734.5
     Messages:  created: 5186056   present: 1070   in FES: 107
** Event #5414912   t=387.595009623848   Elapsed: 287.383s (4m 47s)  77% completed  (88% total)
     Speed:     ev/sec=21236.2   simsec/sec=1.50188   ev/simsec=14139.7
     Messages:  created: 5227739   present: 1081   in FES: 114
** Event #5463808   t=391.42594546131   Elapsed: 289.384s (4m 49s)  78% completed  (89% total)
     Speed:     ev/sec=24438.7   simsec/sec=1.91474   ev/simsec=12763.5
     Messages:  created: 5274757   present: 1040   in FES: 120
** Event #5507328   t=394.543550438482   Elapsed: 291.415s (4m 51s)  78% completed  (89% total)
     Speed:     ev/sec=21426.7   simsec/sec=1.53493   ev/simsec=13959.4
     Messages:  created: 5316072   present: 1092   in FES: 117
** Event #5550592   t=397.545701233009   Elapsed: 293.44s (4m 53s)  79% completed  (89% total)
     Speed:     ev/sec=21364   simsec/sec=1.48248   ev/simsec=14411
     Messages:  created: 5358485   present: 1031   in FES: 98
** Event #5595392   t=400.568245421993   Elapsed: 295.443s (4m 55s)  80% completed  (90% total)
     Speed:     ev/sec=22358.5   simsec/sec=1.50847   ev/simsec=14822
     Messages:  created: 5402933   present: 1042   in FES: 99
** Event #5640448   t=404.000109760539   Elapsed: 297.45s (4m 57s)  80% completed  (90% total)
     Speed:     ev/sec=22455.7   simsec/sec=1.71042   ev/simsec=13128.7
     Messages:  created: 5447922   present: 1078   in FES: 115
** Event #5688576   t=407.502260306291   Elapsed: 299.454s (4m 59s)  81% completed  (90% total)
     Speed:     ev/sec=24010.8   simsec/sec=1.7472   ev/simsec=13742.4
     Messages:  created: 5494845   present: 1090   in FES: 119
** Event #5734144   t=410.564585943479   Elapsed: 301.467s (5m 01s)  82% completed  (91% total)
     Speed:     ev/sec=22638.8   simsec/sec=1.5214   ev/simsec=14880.2
     Messages:  created: 5539939   present: 1191   in FES: 156
** Event #5785856   t=414.045758090588   Elapsed: 303.47s (5m 03s)  82% completed  (91% total)
     Speed:     ev/sec=25820.3   simsec/sec=1.73818   ev/simsec=14854.8
     Messages:  created: 5591780   present: 1027   in FES: 96
** Event #5838848   t=417.563754312168   Elapsed: 305.476s (5m 05s)  83% completed  (91% total)
     Speed:     ev/sec=26412.6   simsec/sec=1.75346   ev/simsec=15063.1
     Messages:  created: 5644743   present: 1084   in FES: 117
** Event #5893888   t=421.175990934376   Elapsed: 307.478s (5m 07s)  84% completed  (92% total)
     Speed:     ev/sec=27498.6   simsec/sec=1.80471   ev/simsec=15237.1
     Messages:  created: 5699554   present: 1043   in FES: 102
** Event #5953024   t=425.095559875916   Elapsed: 309.479s (5m 09s)  85% completed  (92% total)
     Speed:     ev/sec=29554.8   simsec/sec=1.95891   ev/simsec=15087.4
     Messages:  created: 5759030   present: 1069   in FES: 110
** Event #6019072   t=429.531794263206   Elapsed: 311.482s (5m 11s)  85% completed  (92% total)
     Speed:     ev/sec=32972.1   simsec/sec=2.21463   ev/simsec=14888.3
     Messages:  created: 5828012   present: 1089   in FES: 114
** Event #6087424   t=434.020627702329   Elapsed: 313.486s (5m 13s)  86% completed  (93% total)
     Speed:     ev/sec=34112.8   simsec/sec=2.24026   ev/simsec=15227.1
     Messages:  created: 5899762   present: 1114   in FES: 125
** Event #6153728   t=438.514900319729   Elapsed: 315.491s (5m 15s)  87% completed  (93% total)
     Speed:     ev/sec=33054.3   simsec/sec=2.24051   ev/simsec=14753
     Messages:  created: 5967208   present: 1116   in FES: 125
** Event #6212864   t=442.557851393062   Elapsed: 317.505s (5m 17s)  88% completed  (94% total)
     Speed:     ev/sec=29364.4   simsec/sec=2.00756   ev/simsec=14626.9
     Messages:  created: 6024894   present: 1026   in FES: 97
** Event #6276864   t=447.063251584352   Elapsed: 319.507s (5m 19s)  89% completed  (94% total)
     Speed:     ev/sec=31966   simsec/sec=2.25031   ev/simsec=14205.2
     Messages:  created: 6087642   present: 1115   in FES: 124
** Event #6340096   t=451.664921844575   Elapsed: 321.515s (5m 21s)  90% completed  (95% total)
     Speed:     ev/sec=31501.4   simsec/sec=2.2925   ev/simsec=13741.1
     Messages:  created: 6150281   present: 1099   in FES: 126
** Event #6408704   t=456.601937733342   Elapsed: 323.525s (5m 23s)  91% completed  (95% total)
     Speed:     ev/sec=34130.8   simsec/sec=2.45604   ev/simsec=13896.7
     Messages:  created: 6218989   present: 1105   in FES: 124
** Event #6482944   t=461.594885965515   Elapsed: 325.536s (5m 25s)  92% completed  (96% total)
     Speed:     ev/sec=36911.1   simsec/sec=2.48242   ev/simsec=14869
     Messages:  created: 6295418   present: 1098   in FES: 121
** Event #6561792   t=466.574743220784   Elapsed: 327.54s (5m 27s)  93% completed  (96% total)
     Speed:     ev/sec=39350   simsec/sec=2.48526   ev/simsec=15833.4
     Messages:  created: 6377253   present: 1077   in FES: 112
** Event #6641920   t=471.583974191536   Elapsed: 329.546s (5m 29s)  94% completed  (97% total)
     Speed:     ev/sec=39951.8   simsec/sec=2.4976   ev/simsec=15996.1
     Messages:  created: 6460822   present: 1051   in FES: 106
** Event #6724096   t=476.664921149466   Elapsed: 331.551s (5m 31s)  95% completed  (97% total)
     Speed:     ev/sec=40969.3   simsec/sec=2.53313   ev/simsec=16173.4
     Messages:  created: 6546782   present: 1086   in FES: 126
** Event #6803968   t=481.985663292301   Elapsed: 333.554s (5m 33s)  96% completed  (98% total)
     Speed:     ev/sec=39874.9   simsec/sec=2.6563   ev/simsec=15011.4
     Messages:  created: 6628836   present: 1119   in FES: 145
** Event #6880512   t=486.675944664   Elapsed: 335.557s (5m 35s)  97% completed  (98% total)
     Speed:     ev/sec=38218.9   simsec/sec=2.34188   ev/simsec=16319.7
     Messages:  created: 6705980   present: 1067   in FES: 127
** Event #6965248   t=492.08790993816   Elapsed: 337.56s (5m 37s)  98% completed  (99% total)
     Speed:     ev/sec=42319.2   simsec/sec=2.70287   ev/simsec=15657.2
     Messages:  created: 6792907   present: 1085   in FES: 116
** Event #7046912   t=497.576341545935   Elapsed: 339.569s (5m 39s)  99% completed  (99% total)
     Speed:     ev/sec=40639.3   simsec/sec=2.73127   ev/simsec=14879.3
     Messages:  created: 6877008   present: 1088   in FES: 117
** Event #7080202   t=500   Elapsed: 340.323s (5m 40s)  100% completed  (100% total)
     Speed:     ev/sec=44166.8   simsec/sec=3.21428   ev/simsec=13740.8
     Messages:  created: 6912234   present: 1021   in FES: 95

<!> Simulation time limit reached -- at t=500s, event #7080202
undisposed object: (omnetpp::cMessage) FanetStressNetwork.uav[0].app.debugTimer -- check module destructor
undisposed object: (omnetpp::cMessage) FanetStressNetwork.uav[1].app.debugTimer -- check module destructor
undisposed object: (omnetpp::cMessage) FanetStressNetwork.uav[2].app.debugTimer -- check module destructor
undisposed object: (omnetpp::cMessage) FanetStressNetwork.uav[3].app.debugTimer -- check module destructor
undisposed object: (omnetpp::cMessage) FanetStressNetwork.uav[4].app.debugTimer -- check module destructor
undisposed object: (omnetpp::cMessage) FanetStressNetwork.uav[5].app.debugTimer -- check module destructor
undisposed object: (omnetpp::cMessage) FanetStressNetwork.uav[6].app.debugTimer -- check module destructor
undisposed object: (omnetpp::cMessage) FanetStressNetwork.uav[7].app.debugTimer -- check module destructor
undisposed object: (omnetpp::cMessage) FanetStressNetwork.uav[8].app.debugTimer -- check module destructor
undisposed object: (omnetpp::cMessage) FanetStressNetwork.uav[9].app.debugTimer -- check module destructor
undisposed object: (omnetpp::cMessage) FanetStressNetwork.uav[10].app.debugTimer -- check module destructor
undisposed object: (omnetpp::cMessage) FanetStressNetwork.uav[11].app.debugTimer -- check module destructor
undisposed object: (omnetpp::cMessage) FanetStressNetwork.uav[12].app.debugTimer -- check module destructor
undisposed object: (omnetpp::cMessage) FanetStressNetwork.uav[13].app.debugTimer -- check module destructor
undisposed object: (omnetpp::cMessage) FanetStressNetwork.uav[14].app.debugTimer -- check module destructor
undisposed object: (omnetpp::cMessage) FanetStressNetwork.uav[15].app.debugTimer -- check module destructor
undisposed object: (omnetpp::cMessage) FanetStressNetwork.uav[16].app.debugTimer -- check module destructor
undisposed object: (omnetpp::cMessage) FanetStressNetwork.uav[17].app.debugTimer -- check module destructor
undisposed object: (omnetpp::cMessage) FanetStressNetwork.uav[18].app.debugTimer -- check module destructor
undisposed object: (omnetpp::cMessage) FanetStressNetwork.uav[19].app.debugTimer -- check module destructor
undisposed object: (omnetpp::cMessage) FanetStressNetwork.uav[20].app.debugTimer -- check module destructor
undisposed object: (omnetpp::cMessage) FanetStressNetwork.uav[21].app.debugTimer -- check module destructor
undisposed object: (omnetpp::cMessage) FanetStressNetwork.uav[22].app.debugTimer -- check module destructor
undisposed object: (omnetpp::cMessage) FanetStressNetwork.uav[23].app.debugTimer -- check module destructor
undisposed object: (omnetpp::cMessage) FanetStressNetwork.uav[24].app.debugTimer -- check module destructor
undisposed object: (omnetpp::cMessage) FanetStressNetwork.uav[25].app.debugTimer -- check module destructor
undisposed object: (omnetpp::cMessage) FanetStressNetwork.uav[26].app.debugTimer -- check module destructor
undisposed object: (omnetpp::cMessage) FanetStressNetwork.uav[27].app.debugTimer -- check module destructor
undisposed object: (omnetpp::cMessage) FanetStressNetwork.uav[28].app.debugTimer -- check module destructor
undisposed object: (omnetpp::cMessage) FanetStressNetwork.uav[29].app.debugTimer -- check module destructor
