** Event #0   t=0   Elapsed: 1.8e-05s (0m 00s)  0% completed  (0% total)
     Speed:     ev/sec=0   simsec/sec=0   ev/simsec=0
     Messages:  created: 1081   present: 1081   in FES: 161
** Event #51968   t=5.548727175997   Elapsed: 2.0128s (0m 02s)  1% completed  (0% total)
     Speed:     ev/sec=25819.4   simsec/sec=2.75674   ev/simsec=9365.93
     Messages:  created: 44231   present: 1032   in FES: 99
** Event #88320   t=9.547509673094   Elapsed: 4.0308s (0m 04s)  1% completed  (0% total)
     Speed:     ev/sec=18013.8   simsec/sec=1.98155   ev/simsec=9090.77
     Messages:  created: 73933   present: 1094   in FES: 119
** Event #126208   t=13.587703958241   Elapsed: 6.03936s (0m 06s)  2% completed  (1% total)
     Speed:     ev/sec=18863.3   simsec/sec=2.01149   ev/simsec=9377.77
     Messages:  created: 104820   present: 1110   in FES: 123
** Event #162816   t=17.577075061235   Elapsed: 8.04556s (0m 08s)  3% completed  (1% total)
     Speed:     ev/sec=18247.4   simsec/sec=1.98851   ev/simsec=9176.38
     Messages:  created: 134455   present: 1108   in FES: 123
** Event #199936   t=21.581664586653   Elapsed: 10.0578s (0m 10s)  4% completed  (2% total)
     Speed:     ev/sec=18447   simsec/sec=1.9901   ev/simsec=9269.36
     Messages:  created: 164701   present: 1089   in FES: 118
** Event #239360   t=26.058388532073   Elapsed: 12.0617s (0m 12s)  5% completed  (2% total)
     Speed:     ev/sec=19674.2   simsec/sec=2.23407   ev/simsec=8806.44
     Messages:  created: 197011   present: 1031   in FES: 98
** Event #279296   t=30.535722407582   Elapsed: 14.0869s (0m 14s)  6% completed  (3% total)
     Speed:     ev/sec=19719.7   simsec/sec=2.21082   ev/simsec=8919.59
     Messages:  created: 229797   present: 1088   in FES: 115
** Event #315904   t=34.538771705274   Elapsed: 16.1121s (0m 16s)  6% completed  (3% total)
     Speed:     ev/sec=18075.7   simsec/sec=1.97656   ev/simsec=9145.03
     Messages:  created: 259733   present: 1031   in FES: 96
** Event #353024   t=38.587716169005   Elapsed: 18.1236s (0m 18s)  7% completed  (3% total)
     Speed:     ev/sec=18454.1   simsec/sec=2.01292   ev/simsec=9167.82
     Messages:  created: 290425   present: 1089   in FES: 126
** Event #392960   t=43.082663424741   Elapsed: 20.1268s (0m 20s)  8% completed  (4% total)
     Speed:     ev/sec=19936   simsec/sec=2.24387   ev/simsec=8884.64
     Messages:  created: 323508   present: 1074   in FES: 111
** Event #432384   t=47.639467124095   Elapsed: 22.1407s (0m 22s)  9% completed  (4% total)
     Speed:     ev/sec=19576.4   simsec/sec=2.26273   ev/simsec=8651.68
     Messages:  created: 356603   present: 1021   in FES: 95
** Event #472576   t=52.503632176823   Elapsed: 24.1448s (0m 24s)  10% completed  (5% total)
     Speed:     ev/sec=20055   simsec/sec=2.42712   ev/simsec=8262.88
     Messages:  created: 389808   present: 1075   in FES: 114
** Event #510464   t=56.547702437242   Elapsed: 26.1571s (0m 26s)  11% completed  (5% total)
     Speed:     ev/sec=18828   simsec/sec=2.00965   ev/simsec=9368.78
     Messages:  created: 421170   present: 1080   in FES: 115
** Event #547072   t=60.573671336818   Elapsed: 28.168s (0m 28s)  12% completed  (6% total)
     Speed:     ev/sec=18204.4   simsec/sec=2.00203   ev/simsec=9092.97
     Messages:  created: 451492   present: 1092   in FES: 117
** Event #589312   t=65.537479462302   Elapsed: 30.1795s (0m 30s)  13% completed  (6% total)
     Speed:     ev/sec=20999.2   simsec/sec=2.46771   ev/simsec=8509.6
     Messages:  created: 486727   present: 1078   in FES: 113
** Event #630784   t=70.508727074246   Elapsed: 32.1842s (0m 32s)  14% completed  (7% total)
     Speed:     ev/sec=20687.5   simsec/sec=2.47981   ev/simsec=8342.37
     Messages:  created: 521421   present: 1098   in FES: 121
** Event #667648   t=74.555440929582   Elapsed: 34.1975s (0m 34s)  14% completed  (7% total)
     Speed:     ev/sec=18310.4   simsec/sec=2.01001   ev/simsec=9109.61
     Messages:  created: 552188   present: 1108   in FES: 125
** Event #704000   t=78.58570313748   Elapsed: 36.2168s (0m 36s)  15% completed  (7% total)
     Speed:     ev/sec=18002.2   simsec/sec=1.99586   ev/simsec=9019.76
     Messages:  created: 582429   present: 1089   in FES: 118
** Event #745728   t=83.573349596535   Elapsed: 38.219s (0m 38s)  16% completed  (8% total)
     Speed:     ev/sec=20840.7   simsec/sec=2.49103   ev/simsec=8366.27
     Messages:  created: 617949   present: 1073   in FES: 112
** Event #790272   t=89.041421839054   Elapsed: 40.2206s (0m 40s)  17% completed  (8% total)
     Speed:     ev/sec=22255.2   simsec/sec=2.73198   ev/simsec=8146.2
     Messages:  created: 656106   present: 1101   in FES: 122
** Event #835584   t=94.583246740758   Elapsed: 42.2271s (0m 42s)  18% completed  (9% total)
     Speed:     ev/sec=22581.7   simsec/sec=2.76183   ev/simsec=8176.37
     Messages:  created: 695383   present: 1030   in FES: 97
** Event #883712   t=100.521752822333   Elapsed: 44.2328s (0m 44s)  20% completed  (10% total)
     Speed:     ev/sec=23995.6   simsec/sec=2.96082   ev/simsec=8104.4
     Messages:  created: 738140   present: 1092   in FES: 127
** Event #935424   t=103.771922790411   Elapsed: 46.2356s (0m 46s)  20% completed  (10% total)
     Speed:     ev/sec=25820.5   simsec/sec=1.62285   ev/simsec=15910.6
     Messages:  created: 794808   present: 1034   in FES: 112
** Event #987392   t=107.04435796676   Elapsed: 48.242s (0m 48s)  21% completed  (10% total)
     Speed:     ev/sec=25901.4   simsec/sec=1.63102   ev/simsec=15880.5
     Messages:  created: 852481   present: 1049   in FES: 104
** Event #1042176   t=110.520696162361   Elapsed: 50.258s (0m 50s)  22% completed  (11% total)
     Speed:     ev/sec=27174.4   simsec/sec=1.72436   ev/simsec=15759.1
     Messages:  created: 913750   present: 1067   in FES: 104
** Event #1092352   t=113.545690099929   Elapsed: 52.2736s (0m 52s)  22% completed  (11% total)
     Speed:     ev/sec=24893   simsec/sec=1.50074   ev/simsec=16587.1
     Messages:  created: 969264   present: 1098   in FES: 121
** Event #1141760   t=116.633650614806   Elapsed: 54.2811s (0m 54s)  23% completed  (11% total)
     Speed:     ev/sec=24612.1   simsec/sec=1.53824   ev/simsec=16000.2
     Messages:  created: 1023577   present: 1107   in FES: 126
** Event #1195264   t=120.054088322343   Elapsed: 56.2936s (0m 56s)  24% completed  (12% total)
     Speed:     ev/sec=26585.4   simsec/sec=1.69957   ev/simsec=15642.4
     Messages:  created: 1082833   present: 1094   in FES: 126
** Event #1248000   t=123.516642682242   Elapsed: 58.3001s (0m 58s)  24% completed  (12% total)
     Speed:     ev/sec=26283.3   simsec/sec=1.72572   ev/simsec=15230.4
     Messages:  created: 1140765   present: 1114   in FES: 125
** Event #1295360   t=126.571389581378   Elapsed: 60.3014s (1m 00s)  25% completed  (12% total)
     Speed:     ev/sec=23664.4   simsec/sec=1.52637   ev/simsec=15503.7
     Messages:  created: 1190529   present: 1101   in FES: 126
** Event #1341696   t=129.585778702622   Elapsed: 62.3035s (1m 02s)  25% completed  (12% total)
     Speed:     ev/sec=23143.9   simsec/sec=1.50563   ev/simsec=15371.6
     Messages:  created: 1239170   present: 1105   in FES: 122
** Event #1388032   t=132.558478043927   Elapsed: 64.3159s (1m 04s)  26% completed  (13% total)
     Speed:     ev/sec=23024.5   simsec/sec=1.47714   ev/simsec=15587.2
     Messages:  created: 1288388   present: 1120   in FES: 125
** Event #1433088   t=135.517631332051   Elapsed: 66.3358s (1m 06s)  27% completed  (13% total)
     Speed:     ev/sec=22306.8   simsec/sec=1.46505   ev/simsec=15226
     Messages:  created: 1336143   present: 1092   in FES: 117
** Event #1478912   t=138.523658257474   Elapsed: 68.3471s (1m 08s)  27% completed  (13% total)
     Speed:     ev/sec=22782.6   simsec/sec=1.49453   ev/simsec=15244
     Messages:  created: 1384241   present: 1095   in FES: 127
** Event #1525504   t=141.495534730596   Elapsed: 70.3504s (1m 10s)  28% completed  (14% total)
     Speed:     ev/sec=23257.7   simsec/sec=1.4835   ev/simsec=15677.6
     Messages:  created: 1433787   present: 1117   in FES: 127
** Event #1566464   t=144.003063718232   Elapsed: 72.3523s (1m 12s)  28% completed  (14% total)
     Speed:     ev/sec=20460.6   simsec/sec=1.25258   ev/simsec=16334.8
     Messages:  created: 1477552   present: 1110   in FES: 126
** Event #1613568   t=146.589081653021   Elapsed: 74.3552s (1m 14s)  29% completed  (14% total)
     Speed:     ev/sec=23517.9   simsec/sec=1.29114   ev/simsec=18214.9
     Messages:  created: 1528675   present: 1034   in FES: 97
** Event #1661440   t=149.549432727058   Elapsed: 76.3667s (1m 16s)  29% completed  (14% total)
     Speed:     ev/sec=23798.8   simsec/sec=1.47169   ev/simsec=16171.1
     Messages:  created: 1581063   present: 1084   in FES: 115
** Event #1709824   t=152.520987278405   Elapsed: 78.3764s (1m 18s)  30% completed  (15% total)
     Speed:     ev/sec=24075.5   simsec/sec=1.47862   ev/simsec=16282.4
     Messages:  created: 1633360   present: 1114   in FES: 141
** Event #1753856   t=155.054143481762   Elapsed: 80.3779s (1m 20s)  31% completed  (15% total)
     Speed:     ev/sec=22000.3   simsec/sec=1.26568   ev/simsec=17382.3
     Messages:  created: 1680741   present: 1069   in FES: 110
** Event #1797888   t=158.058386972562   Elapsed: 82.3804s (1m 22s)  31% completed  (15% total)
     Speed:     ev/sec=21988.2   simsec/sec=1.50023   ev/simsec=14656.6
     Messages:  created: 1725513   present: 1090   in FES: 117
** Event #1835264   t=160.590248801721   Elapsed: 84.3904s (1m 24s)  32% completed  (16% total)
     Speed:     ev/sec=18594.7   simsec/sec=1.25961   ev/simsec=14762.3
     Messages:  created: 1763020   present: 1056   in FES: 107
** Event #1878784   t=163.591979983721   Elapsed: 86.4046s (1m 26s)  32% completed  (16% total)
     Speed:     ev/sec=21606.9   simsec/sec=1.49031   ev/simsec=14498.3
     Messages:  created: 1807028   present: 1095   in FES: 120
** Event #1925632   t=167.003116968827   Elapsed: 88.4071s (1m 28s)  33% completed  (16% total)
     Speed:     ev/sec=23395.1   simsec/sec=1.70346   ev/simsec=13733.8
     Messages:  created: 1855253   present: 1104   in FES: 121
** Event #1968128   t=169.772390211818   Elapsed: 90.4137s (1m 30s)  33% completed  (16% total)
     Speed:     ev/sec=21177.9   simsec/sec=1.38007   ev/simsec=15345.5
     Messages:  created: 1898636   present: 1092   in FES: 127
** Event #2009600   t=172.572019821003   Elapsed: 92.4335s (1m 32s)  34% completed  (17% total)
     Speed:     ev/sec=20532.3   simsec/sec=1.38607   ev/simsec=14813.4
     Messages:  created: 1940570   present: 1092   in FES: 117
** Event #2052608   t=175.581019622027   Elapsed: 94.4497s (1m 34s)  35% completed  (17% total)
     Speed:     ev/sec=21331.3   simsec/sec=1.49242   ev/simsec=14293.1
     Messages:  created: 1984197   present: 1089   in FES: 118
** Event #2094080   t=178.522179521437   Elapsed: 96.4544s (1m 36s)  35% completed  (17% total)
     Speed:     ev/sec=20687.8   simsec/sec=1.46716   ev/simsec=14100.6
     Messages:  created: 2026517   present: 1125   in FES: 124
** Event #2132224   t=181.048984566246   Elapsed: 98.4597s (1m 38s)  36% completed  (18% total)
     Speed:     ev/sec=19020.8   simsec/sec=1.26001   ev/simsec=15095.7
     Messages:  created: 2064818   present: 1078   in FES: 127
** Event #2170880   t=183.59382338317   Elapsed: 100.46s (1m 40s)  36% completed  (18% total)
     Speed:     ev/sec=19325.4   simsec/sec=1.27225   ev/simsec=15190
     Messages:  created: 2103477   present: 1062   in FES: 107
** Event #2214400   t=186.577669090338   Elapsed: 102.467s (1m 42s)  37% completed  (18% total)
     Speed:     ev/sec=21685   simsec/sec=1.48678   ev/simsec=14585.2
     Messages:  created: 2147713   present: 1050   in FES: 105
** Event #2256384   t=189.539774764648   Elapsed: 104.494s (1m 44s)  37% completed  (18% total)
     Speed:     ev/sec=20714.6   simsec/sec=1.46148   ev/simsec=14173.7
     Messages:  created: 2190633   present: 1044   in FES: 101
** Event #2298368   t=192.494813798064   Elapsed: 106.501s (1m 46s)  38% completed  (19% total)
     Speed:     ev/sec=20918.7   simsec/sec=1.47236   ev/simsec=14207.6
     Messages:  created: 2232865   present: 1076   in FES: 123
** Event #2333440   t=194.59477788379   Elapsed: 108.517s (1m 48s)  38% completed  (19% total)
     Speed:     ev/sec=17396   simsec/sec=1.0416   ev/simsec=16701.2
     Messages:  created: 2267651   present: 1120   in FES: 125
** Event #2374912   t=197.509236747138   Elapsed: 110.536s (1m 50s)  39% completed  (19% total)
     Speed:     ev/sec=20536.9   simsec/sec=1.44324   ev/simsec=14229.7
     Messages:  created: 2309758   present: 1059   in FES: 106
** Event #2414080   t=200.01981263611   Elapsed: 112.544s (1m 52s)  40% completed  (20% total)
     Speed:     ev/sec=19504.3   simsec/sec=1.25018   ev/simsec=15601.2
     Messages:  created: 2348957   present: 1094   in FES: 126
** Event #2453248   t=202.552533964229   Elapsed: 114.55s (1m 54s)  40% completed  (20% total)
     Speed:     ev/sec=19525.3   simsec/sec=1.26256   ev/simsec=15464.8
     Messages:  created: 2388015   present: 1060   in FES: 107
** Event #2492416   t=205.082608990237   Elapsed: 116.551s (1m 56s)  41% completed  (20% total)
     Speed:     ev/sec=19579.1   simsec/sec=1.26472   ev/simsec=15481
     Messages:  created: 2426892   present: 1095   in FES: 126
** Event #2530560   t=207.77224964949   Elapsed: 118.558s (1m 58s)  41% completed  (20% total)
     Speed:     ev/sec=19008.3   simsec/sec=1.34033   ev/simsec=14181.8
     Messages:  created: 2465506   present: 1110   in FES: 127
** Event #2572032   t=210.537467184257   Elapsed: 120.588s (2m 00s)  42% completed  (21% total)
     Speed:     ev/sec=20421.8   simsec/sec=1.36166   ev/simsec=14997.7
     Messages:  created: 2507831   present: 1087   in FES: 116
** Event #2615296   t=213.532476194932   Elapsed: 122.593s (2m 02s)  42% completed  (21% total)
     Speed:     ev/sec=21578.9   simsec/sec=1.49383   ev/simsec=14445.4
     Messages:  created: 2551431   present: 1111   in FES: 124
** Event #2653952   t=216.160472191449   Elapsed: 124.6s (2m 04s)  43% completed  (21% total)
     Speed:     ev/sec=19259.3   simsec/sec=1.30933   ev/simsec=14709.3
     Messages:  created: 2589481   present: 1024   in FES: 111
** Event #2693632   t=219.061249365009   Elapsed: 126.607s (2m 06s)  43% completed  (21% total)
     Speed:     ev/sec=19770.8   simsec/sec=1.44533   ev/simsec=13679.1
     Messages:  created: 2629049   present: 1078   in FES: 113
** Event #2734592   t=222.061248964751   Elapsed: 128.616s (2m 08s)  44% completed  (22% total)
     Speed:     ev/sec=20393.2   simsec/sec=1.49364   ev/simsec=13653.3
     Messages:  created: 2669717   present: 1101   in FES: 121
** Event #2778368   t=225.082663362493   Elapsed: 130.618s (2m 10s)  45% completed  (22% total)
     Speed:     ev/sec=21867.8   simsec/sec=1.50931   ev/simsec=14488.6
     Messages:  created: 2712700   present: 1080   in FES: 113
** Event #2822912   t=228.244856730372   Elapsed: 132.618s (2m 12s)  45% completed  (22% total)
     Speed:     ev/sec=22265.2   simsec/sec=1.58062   ev/simsec=14086.4
     Messages:  created: 2757787   present: 1114   in FES: 130
** Event #2861568   t=230.587194127681   Elapsed: 134.62s (2m 14s)  46% completed  (23% total)
     Speed:     ev/sec=19310.4   simsec/sec=1.1701   ev/simsec=16503.2
     Messages:  created: 2798151   present: 1120   in FES: 126
** Event #2908160   t=233.583716784604   Elapsed: 136.624s (2m 16s)  46% completed  (23% total)
     Speed:     ev/sec=23248.5   simsec/sec=1.49521   ev/simsec=15548.7
     Messages:  created: 2846946   present: 1046   in FES: 103
** Event #2954752   t=236.575384220322   Elapsed: 138.633s (2m 18s)  47% completed  (23% total)
     Speed:     ev/sec=23198.9   simsec/sec=1.4896   ev/simsec=15573.9
     Messages:  created: 2895729   present: 1105   in FES: 126
** Event #2998272   t=239.508806581941   Elapsed: 140.635s (2m 20s)  47% completed  (23% total)
     Speed:     ev/sec=21738.4   simsec/sec=1.46526   ev/simsec=14835.9
     Messages:  created: 2941555   present: 1107   in FES: 122
** Event #3044352   t=242.271020382475   Elapsed: 142.637s (2m 22s)  48% completed  (24% total)
     Speed:     ev/sec=23014.6   simsec/sec=1.37958   ev/simsec=16682.3
     Messages:  created: 2989356   present: 1071   in FES: 112
** Event #3084544   t=244.633915452034   Elapsed: 144.649s (2m 24s)  48% completed  (24% total)
     Speed:     ev/sec=19973   simsec/sec=1.17422   ev/simsec=17009.6
     Messages:  created: 3032031   present: 1024   in FES: 99
** Event #3127296   t=247.562305795111   Elapsed: 146.649s (2m 26s)  49% completed  (24% total)
     Speed:     ev/sec=21375.5   simsec/sec=1.46416   ev/simsec=14599.1
     Messages:  created: 3075430   present: 1055   in FES: 106
** Event #3171072   t=250.582665282947   Elapsed: 148.663s (2m 28s)  50% completed  (25% total)
     Speed:     ev/sec=21741.5   simsec/sec=1.50007   ev/simsec=14493.6
     Messages:  created: 3120084   present: 1107   in FES: 126
** Event #3214848   t=253.553458385561   Elapsed: 150.664s (2m 30s)  50% completed  (25% total)
     Speed:     ev/sec=21878.5   simsec/sec=1.48475   ev/simsec=14735.5
     Messages:  created: 3165344   present: 1075   in FES: 112
** Event #3258880   t=256.525369824537   Elapsed: 152.668s (2m 32s)  51% completed  (25% total)
     Speed:     ev/sec=21968.1   simsec/sec=1.48272   ev/simsec=14816.1
     Messages:  created: 3210513   present: 1111   in FES: 118
** Event #3298304   t=259.058387200391   Elapsed: 154.668s (2m 34s)  51% completed  (25% total)
     Speed:     ev/sec=19709.2   simsec/sec=1.26633   ev/simsec=15564
     Messages:  created: 3250545   present: 1106   in FES: 123
** Event #3336704   t=261.578801202686   Elapsed: 156.68s (2m 36s)  52% completed  (26% total)
     Speed:     ev/sec=19091.8   simsec/sec=1.2531   ev/simsec=15235.6
     Messages:  created: 3289933   present: 1120   in FES: 126
** Event #3379200   t=264.51061921733   Elapsed: 158.681s (2m 38s)  52% completed  (26% total)
     Speed:     ev/sec=21232.8   simsec/sec=1.46486   ev/simsec=14494.8
     Messages:  created: 3333608   present: 1037   in FES: 96
** Event #3417856   t=267.077873700251   Elapsed: 160.686s (2m 40s)  53% completed  (26% total)
     Speed:     ev/sec=19277.7   simsec/sec=1.28029   ev/simsec=15057.3
     Messages:  created: 3371177   present: 1117   in FES: 126
** Event #3454976   t=269.765383666052   Elapsed: 162.697s (2m 42s)  53% completed  (26% total)
     Speed:     ev/sec=18461.4   simsec/sec=1.33662   ev/simsec=13812
     Messages:  created: 3407473   present: 1050   in FES: 95
** Event #3492864   t=272.534361863432   Elapsed: 164.711s (2m 44s)  54% completed  (27% total)
     Speed:     ev/sec=18810.9   simsec/sec=1.37476   ev/simsec=13683
     Messages:  created: 3444850   present: 1151   in FES: 126
** Event #3531776   t=275.383648716842   Elapsed: 166.717s (2m 46s)  55% completed  (27% total)
     Speed:     ev/sec=19393.6   simsec/sec=1.42008   ev/simsec=13656.8
     Messages:  created: 3482691   present: 1137   in FES: 126
** Event #3573248   t=278.534479661194   Elapsed: 168.73s (2m 48s)  55% completed  (27% total)
     Speed:     ev/sec=20609.2   simsec/sec=1.56578   ev/simsec=13162.2
     Messages:  created: 3523547   present: 1134   in FES: 108
** Event #3612416   t=281.529671354689   Elapsed: 170.747s (2m 50s)  56% completed  (28% total)
     Speed:     ev/sec=19421.1   simsec/sec=1.48514   ev/simsec=13077
     Messages:  created: 3561627   present: 1170   in FES: 116
** Event #3653120   t=284.515662590783   Elapsed: 172.759s (2m 52s)  56% completed  (28% total)
     Speed:     ev/sec=20226   simsec/sec=1.48375   ev/simsec=13631.7
     Messages:  created: 3601805   present: 1198   in FES: 125
** Event #3687424   t=286.588346212995   Elapsed: 174.781s (2m 54s)  57% completed  (28% total)
     Speed:     ev/sec=16966.5   simsec/sec=1.02514   ev/simsec=16550.5
     Messages:  created: 3635905   present: 1161   in FES: 114
** Event #3728896   t=289.542413987127   Elapsed: 176.798s (2m 56s)  57% completed  (28% total)
     Speed:     ev/sec=20563.3   simsec/sec=1.46474   ev/simsec=14038.9
     Messages:  created: 3677888   present: 1175   in FES: 126
** Event #3768576   t=292.028358730203   Elapsed: 178.809s (2m 58s)  58% completed  (29% total)
     Speed:     ev/sec=19725.3   simsec/sec=1.23579   ev/simsec=15961.7
     Messages:  created: 3718490   present: 1193   in FES: 126
** Event #3808512   t=294.581301061425   Elapsed: 180.816s (3m 00s)  58% completed  (29% total)
     Speed:     ev/sec=19901   simsec/sec=1.27219   ev/simsec=15643.1
     Messages:  created: 3759189   present: 1171   in FES: 116
** Event #3851520   t=297.530362119538   Elapsed: 182.835s (3m 02s)  59% completed  (29% total)
     Speed:     ev/sec=21299.8   simsec/sec=1.46053   ev/simsec=14583.6
     Messages:  created: 3804059   present: 1204   in FES: 126
** Event #3897856   t=300.581014090927   Elapsed: 184.849s (3m 04s)  60% completed  (30% total)
     Speed:     ev/sec=23006.8   simsec/sec=1.51471   ev/simsec=15188.9
     Messages:  created: 3852016   present: 1111   in FES: 96
** Event #3942144   t=303.994813426639   Elapsed: 186.853s (3m 06s)  60% completed  (30% total)
     Speed:     ev/sec=22099.8   simsec/sec=1.70349   ev/simsec=12973.2
     Messages:  created: 3897714   present: 1178   in FES: 127
** Event #3985152   t=307.005699565088   Elapsed: 188.857s (3m 08s)  61% completed  (30% total)
     Speed:     ev/sec=21466   simsec/sec=1.50278   ev/simsec=14284.2
     Messages:  created: 3941710   present: 1181   in FES: 120
** Event #4030208   t=310.027139084611   Elapsed: 190.858s (3m 10s)  62% completed  (31% total)
     Speed:     ev/sec=22516.7   simsec/sec=1.50996   ev/simsec=14912.1
     Messages:  created: 3987545   present: 1208   in FES: 125
** Event #4069376   t=312.538212852037   Elapsed: 192.876s (3m 12s)  62% completed  (31% total)
     Speed:     ev/sec=19407.9   simsec/sec=1.24425   ev/simsec=15598.1
     Messages:  created: 4026807   present: 1203   in FES: 126
** Event #4104704   t=314.77237946495   Elapsed: 194.881s (3m 14s)  62% completed  (31% total)
     Speed:     ev/sec=17619.7   simsec/sec=1.11428   ev/simsec=15812.6
     Messages:  created: 4062441   present: 1183   in FES: 149
** Event #4147712   t=317.384375908569   Elapsed: 196.883s (3m 16s)  63% completed  (31% total)
     Speed:     ev/sec=21477.2   simsec/sec=1.30437   ev/simsec=16465.6
     Messages:  created: 4106394   present: 1114   in FES: 97
** Event #4186880   t=319.57156069864   Elapsed: 198.889s (3m 18s)  63% completed  (31% total)
     Speed:     ev/sec=19532.1   simsec/sec=1.09069   ev/simsec=17908
     Messages:  created: 4146400   present: 1161   in FES: 114
** Event #4223488   t=321.771020658522   Elapsed: 200.891s (3m 20s)  64% completed  (32% total)
     Speed:     ev/sec=18280   simsec/sec=1.09829   ev/simsec=16644.1
     Messages:  created: 4183638   present: 1135   in FES: 106
** Event #4263936   t=324.068436774691   Elapsed: 202.892s (3m 22s)  64% completed  (32% total)
     Speed:     ev/sec=20214.8   simsec/sec=1.14819   ev/simsec=17605.9
     Messages:  created: 4225151   present: 1177   in FES: 118
** Event #4304128   t=326.528676215186   Elapsed: 204.897s (3m 24s)  65% completed  (32% total)
     Speed:     ev/sec=20051.1   simsec/sec=1.22737   ev/simsec=16336.6
     Messages:  created: 4266522   present: 1140   in FES: 101
** Event #4340224   t=328.585862315735   Elapsed: 206.92s (3m 26s)  65% completed  (32% total)
     Speed:     ev/sec=17844.1   simsec/sec=1.01697   ev/simsec=17546.3
     Messages:  created: 4303259   present: 1178   in FES: 119
** Event #4382208   t=331.018263880075   Elapsed: 208.928s (3m 28s)  66% completed  (33% total)
     Speed:     ev/sec=20908   simsec/sec=1.21134   ev/simsec=17260.3
     Messages:  created: 4347915   present: 1174   in FES: 126
** Event #4424448   t=333.512269034503   Elapsed: 210.946s (3m 30s)  66% completed  (33% total)
     Speed:     ev/sec=20925.1   simsec/sec=1.23549   ev/simsec=16936.6
     Messages:  created: 4392238   present: 1196   in FES: 125
** Event #4461568   t=335.570477001516   Elapsed: 212.95s (3m 32s)  67% completed  (33% total)
     Speed:     ev/sec=18526.2   simsec/sec=1.02723   ev/simsec=18035.1
     Messages:  created: 4430828   present: 1170   in FES: 117
** Event #4505856   t=338.384774477183   Elapsed: 214.953s (3m 34s)  67% completed  (33% total)
     Speed:     ev/sec=22112.4   simsec/sec=1.40514   ev/simsec=15736.8
     Messages:  created: 4478201   present: 1167   in FES: 116
** Event #4546560   t=340.996032643666   Elapsed: 216.96s (3m 36s)  68% completed  (34% total)
     Speed:     ev/sec=20275.2   simsec/sec=1.3007   ev/simsec=15587.9
     Messages:  created: 4522236   present: 1186   in FES: 121
** Event #4592640   t=343.744858462449   Elapsed: 218.97s (3m 38s)  68% completed  (34% total)
     Speed:     ev/sec=22928.1   simsec/sec=1.36774   ev/simsec=16763.5
     Messages:  created: 4571003   present: 1159   in FES: 114
** Event #4640000   t=346.578708783636   Elapsed: 220.987s (3m 40s)  69% completed  (34% total)
     Speed:     ev/sec=23480.8   simsec/sec=1.40501   ev/simsec=16712.2
     Messages:  created: 4621003   present: 1136   in FES: 105
** Event #4684032   t=349.514685935776   Elapsed: 223.005s (3m 43s)  69% completed  (34% total)
     Speed:     ev/sec=21817.1   simsec/sec=1.45473   ev/simsec=14997.4
     Messages:  created: 4667286   present: 1195   in FES: 124
** Event #4721920   t=351.587714574463   Elapsed: 225.01s (3m 45s)  70% completed  (35% total)
     Speed:     ev/sec=18902.9   simsec/sec=1.03427   ev/simsec=18276.6
     Messages:  created: 4706368   present: 1204   in FES: 125
** Event #4768768   t=354.520975578445   Elapsed: 227.016s (3m 47s)  70% completed  (35% total)
     Speed:     ev/sec=23354.1   simsec/sec=1.46226   ev/simsec=15971.3
     Messages:  created: 4755735   present: 1149   in FES: 128
** Event #4810240   t=357.019867980404   Elapsed: 229.022s (3m 49s)  71% completed  (35% total)
     Speed:     ev/sec=20673.4   simsec/sec=1.24568   ev/simsec=16596.2
     Messages:  created: 4798685   present: 1116   in FES: 97
** Event #4853760   t=359.585091348803   Elapsed: 231.035s (3m 51s)  71% completed  (35% total)
     Speed:     ev/sec=21617.2   simsec/sec=1.27419   ev/simsec=16965.4
     Messages:  created: 4843130   present: 1171   in FES: 116
** Event #4899072   t=362.509574532011   Elapsed: 233.04s (3m 53s)  72% completed  (36% total)
     Speed:     ev/sec=22595.2   simsec/sec=1.45832   ev/simsec=15494
     Messages:  created: 4890154   present: 1199   in FES: 126
** Event #4935424   t=364.578858381766   Elapsed: 235.045s (3m 55s)  72% completed  (36% total)
     Speed:     ev/sec=18131.7   simsec/sec=1.03212   ev/simsec=17567.4
     Messages:  created: 4927355   present: 1172   in FES: 119
** Event #4980480   t=367.495716405064   Elapsed: 237.053s (3m 57s)  73% completed  (36% total)
     Speed:     ev/sec=22444.1   simsec/sec=1.453   ev/simsec=15446.8
     Messages:  created: 4974425   present: 1118   in FES: 99
** Event #5020416   t=369.532512236457   Elapsed: 239.066s (3m 59s)  73% completed  (36% total)
     Speed:     ev/sec=19838.8   simsec/sec=1.01181   ev/simsec=19607.3
     Messages:  created: 5016929   present: 1184   in FES: 120
** Event #5068800   t=372.133916643461   Elapsed: 241.073s (4m 01s)  74% completed  (37% total)
     Speed:     ev/sec=24107.6   simsec/sec=1.29616   ev/simsec=18599.2
     Messages:  created: 5068242   present: 1160   in FES: 115
** Event #5111296   t=374.565258689177   Elapsed: 243.077s (4m 03s)  74% completed  (37% total)
     Speed:     ev/sec=21206   simsec/sec=1.21327   ev/simsec=17478.4
     Messages:  created: 5113708   present: 1167   in FES: 116
** Event #5159936   t=377.520974480047   Elapsed: 245.082s (4m 05s)  75% completed  (37% total)
     Speed:     ev/sec=24249.6   simsec/sec=1.47358   ev/simsec=16456.3
     Messages:  created: 5166003   present: 1195   in FES: 128
** Event #5200128   t=379.633914460343   Elapsed: 247.09s (4m 07s)  75% completed  (37% total)
     Speed:     ev/sec=20021.8   simsec/sec=1.05257   ev/simsec=19021.8
     Messages:  created: 5209119   present: 1197   in FES: 143
** Event #5245952   t=382.558986649193   Elapsed: 249.093s (4m 09s)  76% completed  (38% total)
     Speed:     ev/sec=22871.4   simsec/sec=1.45994   ev/simsec=15665.9
     Messages:  created: 5258399   present: 1111   in FES: 96
** Event #5289728   t=385.554231927504   Elapsed: 251.103s (4m 11s)  77% completed  (38% total)
     Speed:     ev/sec=21787.3   simsec/sec=1.49073   ev/simsec=14615.2
     Messages:  created: 5303291   present: 1117   in FES: 96
** Event #5332224   t=388.548761158483   Elapsed: 253.123s (4m 13s)  77% completed  (38% total)
     Speed:     ev/sec=21035.5   simsec/sec=1.48229   ev/simsec=14191.2
     Messages:  created: 5346514   present: 1109   in FES: 98
** Event #5379584   t=391.57139147733   Elapsed: 255.139s (4m 15s)  78% completed  (39% total)
     Speed:     ev/sec=23495.9   simsec/sec=1.49956   ev/simsec=15668.5
     Messages:  created: 5396502   present: 1180   in FES: 126
** Event #5426432   t=394.573195506739   Elapsed: 257.163s (4m 17s)  78% completed  (39% total)
     Speed:     ev/sec=23139.9   simsec/sec=1.4827   ev/simsec=15606.6
     Messages:  created: 5446178   present: 1182   in FES: 126
** Event #5471744   t=397.568284704261   Elapsed: 259.169s (4m 19s)  79% completed  (39% total)
     Speed:     ev/sec=22590   simsec/sec=1.49318   ev/simsec=15128.8
     Messages:  created: 5494170   present: 1197   in FES: 125
** Event #5516544   t=400.530200621115   Elapsed: 261.18s (4m 21s)  80% completed  (40% total)
     Speed:     ev/sec=22275.7   simsec/sec=1.47274   ev/simsec=15125.3
     Messages:  created: 5541553   present: 1179   in FES: 114
** Event #5562624   t=403.55150518322   Elapsed: 263.183s (4m 23s)  80% completed  (40% total)
     Speed:     ev/sec=23008.9   simsec/sec=1.50861   ev/simsec=15251.7
     Messages:  created: 5591019   present: 1198   in FES: 125
** Event #5608960   t=406.633870231626   Elapsed: 265.202s (4m 25s)  81% completed  (40% total)
     Speed:     ev/sec=22953.2   simsec/sec=1.52689   ev/simsec=15032.6
     Messages:  created: 5639774   present: 1193   in FES: 127
** Event #5656320   t=410.015093252386   Elapsed: 267.203s (4m 27s)  82% completed  (41% total)
     Speed:     ev/sec=23667.7   simsec/sec=1.68973   ev/simsec=14006.8
     Messages:  created: 5690140   present: 1165   in FES: 114
** Event #5701632   t=413.049030895484   Elapsed: 269.206s (4m 29s)  82% completed  (41% total)
     Speed:     ev/sec=22618.8   simsec/sec=1.51448   ev/simsec=14935
     Messages:  created: 5737837   present: 1120   in FES: 99
** Event #5748736   t=416.510679351323   Elapsed: 271.227s (4m 31s)  83% completed  (41% total)
     Speed:     ev/sec=23303.7   simsec/sec=1.71258   ev/simsec=13607.4
     Messages:  created: 5787548   present: 1171   in FES: 118
** Event #5795328   t=419.542368491757   Elapsed: 273.235s (4m 33s)  83% completed  (41% total)
     Speed:     ev/sec=23200.5   simsec/sec=1.50963   ev/simsec=15368.3
     Messages:  created: 5836834   present: 1185   in FES: 126
** Event #5844992   t=422.884296300437   Elapsed: 275.236s (4m 35s)  84% completed  (42% total)
     Speed:     ev/sec=24830.1   simsec/sec=1.67083   ev/simsec=14860.9
     Messages:  created: 5890363   present: 1123   in FES: 100
** Event #5892864   t=426.044355850259   Elapsed: 277.239s (4m 37s)  85% completed  (42% total)
     Speed:     ev/sec=23889.4   simsec/sec=1.57695   ev/simsec=15149.1
     Messages:  created: 5941548   present: 1191   in FES: 124
** Event #5942528   t=428.996434208713   Elapsed: 279.243s (4m 39s)  85% completed  (42% total)
     Speed:     ev/sec=24782.3   simsec/sec=1.47308   ev/simsec=16823.4
     Messages:  created: 5997122   present: 1121   in FES: 98
** Event #5996032   t=432.517624686319   Elapsed: 281.246s (4m 41s)  86% completed  (43% total)
     Speed:     ev/sec=26716.5   simsec/sec=1.75826   ev/simsec=15194.9
     Messages:  created: 6054918   present: 1137   in FES: 104
** Event #6042880   t=435.590602823126   Elapsed: 283.254s (4m 43s)  87% completed  (43% total)
     Speed:     ev/sec=23328.1   simsec/sec=1.5302   ev/simsec=15245.1
     Messages:  created: 6105025   present: 1192   in FES: 126
** Event #6090496   t=439.058386986253   Elapsed: 285.259s (4m 45s)  87% completed  (43% total)
     Speed:     ev/sec=23756.9   simsec/sec=1.73017   ev/simsec=13731
     Messages:  created: 6155779   present: 1191   in FES: 122
** Event #6141184   t=442.596665749391   Elapsed: 287.275s (4m 47s)  88% completed  (44% total)
     Speed:     ev/sec=25141.1   simsec/sec=1.75498   ev/simsec=14325.6
     Messages:  created: 6209757   present: 1181   in FES: 126
** Event #6195200   t=446.519702533464   Elapsed: 289.279s (4m 49s)  89% completed  (44% total)
     Speed:     ev/sec=26952.3   simsec/sec=1.95747   ev/simsec=13768.9
     Messages:  created: 6268912   present: 1285   in FES: 156
** Event #6245120   t=450.006611567484   Elapsed: 291.283s (4m 51s)  90% completed  (45% total)
     Speed:     ev/sec=24906.6   simsec/sec=1.73973   ev/simsec=14316.4
     Messages:  created: 6323240   present: 1177   in FES: 118
** Event #6293760   t=453.076600522773   Elapsed: 293.289s (4m 53s)  90% completed  (45% total)
     Speed:     ev/sec=24244.5   simsec/sec=1.53023   ev/simsec=15843.7
     Messages:  created: 6375498   present: 1169   in FES: 116
** Event #6337792   t=456.058387332573   Elapsed: 295.292s (4m 55s)  91% completed  (45% total)
     Speed:     ev/sec=21992.2   simsec/sec=1.48928   ev/simsec=14767
     Messages:  created: 6422404   present: 1178   in FES: 119
** Event #6387200   t=459.49482512152   Elapsed: 297.293s (4m 57s)  91% completed  (45% total)
     Speed:     ev/sec=24683.3   simsec/sec=1.71678   ev/simsec=14377.7
     Messages:  created: 6474224   present: 1184   in FES: 144
** Event #6427904   t=462.027081083594   Elapsed: 299.293s (4m 59s)  92% completed  (46% total)
     Speed:     ev/sec=20349.8   simsec/sec=1.26599   ev/simsec=16074.2
     Messages:  created: 6516294   present: 1145   in FES: 104
** Event #6468352   t=464.633870366586   Elapsed: 301.298s (5m 01s)  92% completed  (46% total)
     Speed:     ev/sec=20181.2   simsec/sec=1.30064   ev/simsec=15516.4
     Messages:  created: 6557131   present: 1189   in FES: 127
** Event #6510848   t=467.549686453928   Elapsed: 303.307s (5m 03s)  93% completed  (46% total)
     Speed:     ev/sec=21146.4   simsec/sec=1.45093   ev/simsec=14574.3
     Messages:  created: 6600225   present: 1184   in FES: 121
** Event #6550272   t=470.087816887136   Elapsed: 305.315s (5m 05s)  94% completed  (47% total)
     Speed:     ev/sec=19635.6   simsec/sec=1.26415   ev/simsec=15532.7
     Messages:  created: 6639455   present: 1150   in FES: 109
** Event #6589184   t=473.003136910674   Elapsed: 307.318s (5m 07s)  94% completed  (47% total)
     Speed:     ev/sec=19426.2   simsec/sec=1.45542   ev/simsec=13347.4
     Messages:  created: 6678326   present: 1174   in FES: 115
** Event #6628608   t=475.546456235002   Elapsed: 309.325s (5m 09s)  95% completed  (47% total)
     Speed:     ev/sec=19644.8   simsec/sec=1.26732   ev/simsec=15501
     Messages:  created: 6717316   present: 1185   in FES: 120
** Event #6669056   t=478.245469864869   Elapsed: 311.326s (5m 11s)  95% completed  (47% total)
     Speed:     ev/sec=20215.3   simsec/sec=1.34892   ev/simsec=14986.2
     Messages:  created: 6757578   present: 1185   in FES: 127
** Event #6705152   t=480.557698710535   Elapsed: 313.337s (5m 13s)  96% completed  (48% total)
     Speed:     ev/sec=17946.4   simsec/sec=1.14961   ev/simsec=15610.9
     Messages:  created: 6794136   present: 1116   in FES: 110
** Event #6749440   t=482.523188880643   Elapsed: 315.346s (5m 15s)  96% completed  (48% total)
     Speed:     ev/sec=22051.6   simsec/sec=0.978646   ev/simsec=22532.8
     Messages:  created: 6844611   present: 1170   in FES: 113
** Event #6790912   t=485.068436638874   Elapsed: 317.351s (5m 17s)  97% completed  (48% total)
     Speed:     ev/sec=20679.1   simsec/sec=1.26913   ev/simsec=16293.9
     Messages:  created: 6887120   present: 1175   in FES: 118
** Event #6829568   t=487.572196460342   Elapsed: 319.361s (5m 19s)  97% completed  (48% total)
     Speed:     ev/sec=19231.3   simsec/sec=1.24562   ev/simsec=15439.2
     Messages:  created: 6926807   present: 1195   in FES: 126
** Event #6872832   t=490.524145862803   Elapsed: 321.371s (5m 21s)  98% completed  (49% total)
     Speed:     ev/sec=21522.5   simsec/sec=1.4685   ev/simsec=14656.1
     Messages:  created: 6971380   present: 1134   in FES: 101
** Event #6916096   t=493.515118251841   Elapsed: 323.376s (5m 23s)  98% completed  (49% total)
     Speed:     ev/sec=21582.6   simsec/sec=1.49207   ev/simsec=14464.9
     Messages:  created: 7015516   present: 1255   in FES: 156
** Event #6956800   t=496.133916633529   Elapsed: 325.379s (5m 25s)  99% completed  (49% total)
     Speed:     ev/sec=20323.1   simsec/sec=1.30754   ev/simsec=15543
     Messages:  created: 7056499   present: 1125   in FES: 102
** Event #6996480   t=499.027061105404   Elapsed: 327.382s (5m 27s)  99% completed  (49% total)
     Speed:     ev/sec=19806.7   simsec/sec=1.44414   ev/simsec=13715.2
     Messages:  created: 7097442   present: 1162   in FES: 111
** Event #7008638   t=500   Elapsed: 328.02s (5m 28s)  100% completed  (50% total)
     Speed:     ev/sec=19044.4   simsec/sec=1.51709   ev/simsec=12553.2
     Messages:  created: 7110128   present: 1111   in FES: 96

<!> Simulation time limit reached -- at t=500s, event #7008638
undisposed object: (omnetpp::cMessage) FanetStressNetwork.uav[0].app.debugTimer -- check module destructor
undisposed object: (omnetpp::cMessage) FanetStressNetwork.uav[1].app.debugTimer -- check module destructor
undisposed object: (omnetpp::cMessage) FanetStressNetwork.uav[2].app.debugTimer -- check module destructor
undisposed object: (omnetpp::cMessage) FanetStressNetwork.uav[3].app.debugTimer -- check module destructor
undisposed object: (omnetpp::cMessage) FanetStressNetwork.uav[4].app.debugTimer -- check module destructor
undisposed object: (omnetpp::cMessage) FanetStressNetwork.uav[5].app.debugTimer -- check module destructor
undisposed object: (omnetpp::cMessage) FanetStressNetwork.uav[6].app.debugTimer -- check module destructor
undisposed object: (omnetpp::cMessage) FanetStressNetwork.uav[7].app.debugTimer -- check module destructor
undisposed object: (omnetpp::cMessage) FanetStressNetwork.uav[8].app.debugTimer -- check module destructor
undisposed object: (omnetpp::cMessage) FanetStressNetwork.uav[9].app.debugTimer -- check module destructor
undisposed object: (omnetpp::cMessage) FanetStressNetwork.uav[10].app.debugTimer -- check module destructor
undisposed object: (omnetpp::cMessage) FanetStressNetwork.uav[11].app.debugTimer -- check module destructor
undisposed object: (omnetpp::cMessage) FanetStressNetwork.uav[12].app.debugTimer -- check module destructor
undisposed object: (omnetpp::cMessage) FanetStressNetwork.uav[13].app.debugTimer -- check module destructor
undisposed object: (omnetpp::cMessage) FanetStressNetwork.uav[14].app.debugTimer -- check module destructor
undisposed object: (omnetpp::cMessage) FanetStressNetwork.uav[15].app.debugTimer -- check module destructor
undisposed object: (omnetpp::cMessage) FanetStressNetwork.uav[16].app.debugTimer -- check module destructor
undisposed object: (omnetpp::cMessage) FanetStressNetwork.uav[17].app.debugTimer -- check module destructor
undisposed object: (omnetpp::cMessage) FanetStressNetwork.uav[18].app.debugTimer -- check module destructor
undisposed object: (omnetpp::cMessage) FanetStressNetwork.uav[19].app.debugTimer -- check module destructor
undisposed object: (omnetpp::cMessage) FanetStressNetwork.uav[20].app.debugTimer -- check module destructor
undisposed object: (omnetpp::cMessage) FanetStressNetwork.uav[21].app.debugTimer -- check module destructor
undisposed object: (omnetpp::cMessage) FanetStressNetwork.uav[22].app.debugTimer -- check module destructor
undisposed object: (omnetpp::cMessage) FanetStressNetwork.uav[23].app.debugTimer -- check module destructor
undisposed object: (omnetpp::cMessage) FanetStressNetwork.uav[24].app.debugTimer -- check module destructor
undisposed object: (omnetpp::cMessage) FanetStressNetwork.uav[25].app.debugTimer -- check module destructor
undisposed object: (omnetpp::cMessage) FanetStressNetwork.uav[26].app.debugTimer -- check module destructor
undisposed object: (omnetpp::cMessage) FanetStressNetwork.uav[27].app.debugTimer -- check module destructor
undisposed object: (omnetpp::cMessage) FanetStressNetwork.uav[28].app.debugTimer -- check module destructor
undisposed object: (omnetpp::cMessage) FanetStressNetwork.uav[29].app.debugTimer -- check module destructor
