** Event #0   t=0   Elapsed: 7e-06s (0m 00s)  0% completed  (50% total)
     Speed:     ev/sec=0   simsec/sec=0   ev/simsec=0
     Messages:  created: 381   present: 381   in FES: 61
** Event #63232   t=50.585886086621   Elapsed: 2.00387s (0m 02s)  10% completed  (55% total)
     Speed:     ev/sec=31555.6   simsec/sec=25.2442   ev/simsec=1250.01
     Messages:  created: 45128   present: 392   in FES: 46
** Event #126976   t=102.039674138444   Elapsed: 4.00921s (0m 04s)  20% completed  (60% total)
     Speed:     ev/sec=31787.2   simsec/sec=25.6585   ev/simsec=1238.86
     Messages:  created: 92683   present: 388   in FES: 46
** Event #193024   t=120.552438507337   Elapsed: 6.01286s (0m 06s)  24% completed  (62% total)
     Speed:     ev/sec=32963.7   simsec/sec=9.23948   ev/simsec=3567.7
     Messages:  created: 162532   present: 396   in FES: 45
** Event #253440   t=138.00898454406   Elapsed: 8.01916s (0m 08s)  27% completed  (63% total)
     Speed:     ev/sec=30113.2   simsec/sec=8.70089   ev/simsec=3460.94
     Messages:  created: 225150   present: 390   in FES: 46
** Event #315904   t=158.082001716534   Elapsed: 10.0229s (0m 10s)  31% completed  (65% total)
     Speed:     ev/sec=31174.1   simsec/sec=10.0179   ev/simsec=3111.84
     Messages:  created: 286295   present: 394   in FES: 45
** Event #378624   t=176.620955134484   Elapsed: 12.0231s (0m 12s)  35% completed  (67% total)
     Speed:     ev/sec=31356.5   simsec/sec=9.26844   ev/simsec=3383.15
     Messages:  created: 349335   present: 385   in FES: 47
** Event #438272   t=194.514111743044   Elapsed: 14.0305s (0m 14s)  38% completed  (69% total)
     Speed:     ev/sec=29713.7   simsec/sec=8.9135   ev/simsec=3333.56
     Messages:  created: 407425   present: 393   in FES: 46
** Event #501760   t=213.120733071299   Elapsed: 16.0326s (0m 16s)  42% completed  (71% total)
     Speed:     ev/sec=31711.4   simsec/sec=9.29375   ev/simsec=3412.12
     Messages:  created: 468881   present: 385   in FES: 46
** Event #559872   t=232.036428752513   Elapsed: 18.038s (0m 18s)  46% completed  (73% total)
     Speed:     ev/sec=28978   simsec/sec=9.43247   ev/simsec=3072.16
     Messages:  created: 524876   present: 378   in FES: 41
** Event #623104   t=250.559790582562   Elapsed: 20.0391s (0m 20s)  50% completed  (75% total)
     Speed:     ev/sec=31597.6   simsec/sec=9.25629   ev/simsec=3413.64
     Messages:  created: 588569   present: 386   in FES: 41
** Event #682496   t=266.805414350266   Elapsed: 22.0401s (0m 22s)  53% completed  (76% total)
     Speed:     ev/sec=29681.4   simsec/sec=8.11883   ev/simsec=3655.88
     Messages:  created: 649514   present: 389   in FES: 55
** Event #744192   t=284.60915209322   Elapsed: 24.0425s (0m 24s)  56% completed  (78% total)
     Speed:     ev/sec=30810.9   simsec/sec=8.89116   ev/simsec=3465.34
     Messages:  created: 712113   present: 390   in FES: 45
** Event #809984   t=303.620965044656   Elapsed: 26.0449s (0m 26s)  60% completed  (80% total)
     Speed:     ev/sec=32857.3   simsec/sec=9.49472   ev/simsec=3460.59
     Messages:  created: 779853   present: 366   in FES: 42
** Event #878336   t=326.036428081413   Elapsed: 28.0504s (0m 28s)  65% completed  (82% total)
     Speed:     ev/sec=34082.4   simsec/sec=11.177   ev/simsec=3049.32
     Messages:  created: 850554   present: 390   in FES: 45
** Event #942080   t=346.956988864008   Elapsed: 30.0552s (0m 30s)  69% completed  (84% total)
     Speed:     ev/sec=31795.3   simsec/sec=10.4351   ev/simsec=3046.95
     Messages:  created: 915616   present: 368   in FES: 37
** Event #1008128   t=366.722216610008   Elapsed: 32.0585s (0m 32s)  73% completed  (86% total)
     Speed:     ev/sec=32969.1   simsec/sec=9.86617   ev/simsec=3341.63
     Messages:  created: 984725   present: 381   in FES: 48
** Event #1071360   t=383.831562387526   Elapsed: 34.0665s (0m 34s)  76% completed  (88% total)
     Speed:     ev/sec=31490.2   simsec/sec=8.52065   ev/simsec=3695.76
     Messages:  created: 1052131   present: 390   in FES: 51
** Event #1134080   t=399.056246291118   Elapsed: 36.0669s (0m 36s)  79% completed  (89% total)
     Speed:     ev/sec=31353.2   simsec/sec=7.61069   ev/simsec=4119.63
     Messages:  created: 1119745   present: 375   in FES: 38
** Event #1198336   t=413.548433801637   Elapsed: 38.0726s (0m 38s)  82% completed  (91% total)
     Speed:     ev/sec=32037.3   simsec/sec=7.22563   ev/simsec=4433.84
     Messages:  created: 1190645   present: 409   in FES: 51
** Event #1265920   t=428.556308180467   Elapsed: 40.0762s (0m 40s)  85% completed  (92% total)
     Speed:     ev/sec=33731.2   simsec/sec=7.49043   ev/simsec=4503.24
     Messages:  created: 1265457   present: 396   in FES: 51
** Event #1334016   t=446.870732303476   Elapsed: 42.0789s (0m 42s)  89% completed  (94% total)
     Speed:     ev/sec=34003   simsec/sec=9.1451   ev/simsec=3718.16
     Messages:  created: 1338295   present: 362   in FES: 36
** Event #1408256   t=467.222217453182   Elapsed: 44.0808s (0m 44s)  93% completed  (96% total)
     Speed:     ev/sec=37083.5   simsec/sec=10.1657   ev/simsec=3647.89
     Messages:  created: 1417134   present: 372   in FES: 45
** Event #1481728   t=492.70749753576   Elapsed: 46.0813s (0m 46s)  98% completed  (99% total)
     Speed:     ev/sec=36727.6   simsec/sec=12.7397   ev/simsec=2882.92
     Messages:  created: 1494571   present: 438   in FES: 50
** Event #1501325   t=500   Elapsed: 46.5717s (0m 46s)  100% completed  (100% total)
     Speed:     ev/sec=39959.6   simsec/sec=14.8478   ev/simsec=2691.28
     Messages:  created: 1514795   present: 431   in FES: 35

<!> Simulation time limit reached -- at t=500s, event #1501325
undisposed object: (omnetpp::cMessage) FanetStressNetwork.uav[0].app.debugTimer -- check module destructor
undisposed object: (omnetpp::cMessage) FanetStressNetwork.uav[1].app.debugTimer -- check module destructor
undisposed object: (omnetpp::cMessage) FanetStressNetwork.uav[2].app.debugTimer -- check module destructor
undisposed object: (omnetpp::cMessage) FanetStressNetwork.uav[3].app.debugTimer -- check module destructor
undisposed object: (omnetpp::cMessage) FanetStressNetwork.uav[4].app.debugTimer -- check module destructor
undisposed object: (omnetpp::cMessage) FanetStressNetwork.uav[5].app.debugTimer -- check module destructor
undisposed object: (omnetpp::cMessage) FanetStressNetwork.uav[6].app.debugTimer -- check module destructor
undisposed object: (omnetpp::cMessage) FanetStressNetwork.uav[7].app.debugTimer -- check module destructor
undisposed object: (omnetpp::cMessage) FanetStressNetwork.uav[8].app.debugTimer -- check module destructor
undisposed object: (omnetpp::cMessage) FanetStressNetwork.uav[9].app.debugTimer -- check module destructor
