** Event #0   t=0   Elapsed: 2.4e-05s (0m 00s)  0% completed  (0% total)
     Speed:     ev/sec=0   simsec/sec=0   ev/simsec=0
     Messages:  created: 1081   present: 1081   in FES: 161
** Event #49920   t=5.524146575535   Elapsed: 2.02793s (0m 02s)  1% completed  (0% total)
     Speed:     ev/sec=24617.1   simsec/sec=2.72407   ev/simsec=9036.87
     Messages:  created: 43700   present: 1118   in FES: 123
** Event #82688   t=9.020184409793   Elapsed: 4.03066s (0m 04s)  1% completed  (0% total)
     Speed:     ev/sec=16361.6   simsec/sec=1.74563   ev/simsec=9372.9
     Messages:  created: 69894   present: 1062   in FES: 105
** Event #116480   t=12.529647832693   Elapsed: 6.05187s (0m 06s)  2% completed  (1% total)
     Speed:     ev/sec=16718.6   simsec/sec=1.73631   ev/simsec=9628.82
     Messages:  created: 96974   present: 1048   in FES: 99
** Event #149760   t=16.021950915693   Elapsed: 8.05588s (0m 08s)  3% completed  (1% total)
     Speed:     ev/sec=16606.8   simsec/sec=1.74267   ev/simsec=9529.53
     Messages:  created: 123329   present: 1103   in FES: 120
** Event #183808   t=19.536201682648   Elapsed: 10.0717s (0m 10s)  3% completed  (1% total)
     Speed:     ev/sec=16890.1   simsec/sec=1.74331   ev/simsec=9688.55
     Messages:  created: 150237   present: 1112   in FES: 126
** Event #218624   t=23.071901337358   Elapsed: 12.0756s (0m 12s)  4% completed  (2% total)
     Speed:     ev/sec=17374.2   simsec/sec=1.76442   ev/simsec=9846.99
     Messages:  created: 178301   present: 1092   in FES: 119
** Event #252672   t=26.607739301103   Elapsed: 14.086s (0m 14s)  5% completed  (2% total)
     Speed:     ev/sec=16936.3   simsec/sec=1.75881   ev/simsec=9629.4
     Messages:  created: 205431   present: 1112   in FES: 125
** Event #288000   t=30.528042186695   Elapsed: 16.1082s (0m 16s)  6% completed  (3% total)
     Speed:     ev/sec=17469.5   simsec/sec=1.93857   ev/simsec=9011.55
     Messages:  created: 233536   present: 1110   in FES: 121
** Event #318976   t=33.543589686359   Elapsed: 18.1092s (0m 18s)  6% completed  (3% total)
     Speed:     ev/sec=15480.9   simsec/sec=1.50708   ev/simsec=10272.1
     Messages:  created: 257990   present: 1100   in FES: 126
** Event #351488   t=37.021897763781   Elapsed: 20.1156s (0m 20s)  7% completed  (3% total)
     Speed:     ev/sec=16204.1   simsec/sec=1.7336   ev/simsec=9347.07
     Messages:  created: 283618   present: 1114   in FES: 126
** Event #385536   t=40.515915624425   Elapsed: 22.1285s (0m 22s)  8% completed  (4% total)
     Speed:     ev/sec=16915   simsec/sec=1.73582   ev/simsec=9744.66
     Messages:  created: 310137   present: 1104   in FES: 126
** Event #416768   t=43.531751291791   Elapsed: 24.1381s (0m 24s)  8% completed  (4% total)
     Speed:     ev/sec=15541.1   simsec/sec=1.50068   ev/simsec=10356
     Messages:  created: 334567   present: 1038   in FES: 97
** Event #448512   t=46.588003071297   Elapsed: 26.1529s (0m 26s)  9% completed  (4% total)
     Speed:     ev/sec=15755.4   simsec/sec=1.5169   ev/simsec=10386.6
     Messages:  created: 359730   present: 1022   in FES: 96
** Event #481280   t=50.022713446374   Elapsed: 28.1578s (0m 28s)  10% completed  (5% total)
     Speed:     ev/sec=16343.8   simsec/sec=1.71314   ev/simsec=9540.25
     Messages:  created: 385309   present: 1113   in FES: 122
** Event #510720   t=53.014955928599   Elapsed: 30.1615s (0m 30s)  10% completed  (5% total)
     Speed:     ev/sec=14693   simsec/sec=1.49338   ev/simsec=9838.77
     Messages:  created: 408062   present: 1084   in FES: 115
** Event #546048   t=56.516865209601   Elapsed: 32.1836s (0m 32s)  11% completed  (5% total)
     Speed:     ev/sec=17470.8   simsec/sec=1.7318   ev/simsec=10088.2
     Messages:  created: 435335   present: 1089   in FES: 118
** Event #577024   t=59.524761004094   Elapsed: 34.2028s (0m 34s)  11% completed  (5% total)
     Speed:     ev/sec=15340.8   simsec/sec=1.48965   ev/simsec=10298.2
     Messages:  created: 459779   present: 1049   in FES: 100
** Event #607232   t=62.523325908492   Elapsed: 36.2323s (0m 36s)  12% completed  (6% total)
     Speed:     ev/sec=14884.6   simsec/sec=1.47751   ev/simsec=10074.2
     Messages:  created: 483212   present: 1107   in FES: 120
** Event #638464   t=65.548060132447   Elapsed: 38.2334s (0m 38s)  13% completed  (6% total)
     Speed:     ev/sec=15607.3   simsec/sec=1.51152   ev/simsec=10325.5
     Messages:  created: 507582   present: 1029   in FES: 96
** Event #668416   t=68.560071887476   Elapsed: 40.2489s (0m 40s)  13% completed  (6% total)
     Speed:     ev/sec=14860.7   simsec/sec=1.49441   ev/simsec=9944.18
     Messages:  created: 531038   present: 1071   in FES: 112
** Event #700672   t=72.022414829091   Elapsed: 42.2525s (0m 42s)  14% completed  (7% total)
     Speed:     ev/sec=16099   simsec/sec=1.72806   ev/simsec=9316.23
     Messages:  created: 556698   present: 1120   in FES: 125
** Event #734464   t=75.538798935103   Elapsed: 44.2605s (0m 44s)  15% completed  (7% total)
     Speed:     ev/sec=16828.7   simsec/sec=1.75119   ev/simsec=9609.87
     Messages:  created: 583861   present: 1080   in FES: 112
** Event #767488   t=79.022575421161   Elapsed: 46.2605s (0m 46s)  15% completed  (7% total)
     Speed:     ev/sec=16511.9   simsec/sec=1.74188   ev/simsec=9479.37
     Messages:  created: 610186   present: 1095   in FES: 116
** Event #802560   t=82.528041040547   Elapsed: 48.2717s (0m 48s)  16% completed  (8% total)
     Speed:     ev/sec=17438.8   simsec/sec=1.74302   ev/simsec=10004.9
     Messages:  created: 637762   present: 1107   in FES: 126
** Event #833792   t=85.538411977396   Elapsed: 50.2859s (0m 50s)  17% completed  (8% total)
     Speed:     ev/sec=15505.9   simsec/sec=1.49458   ev/simsec=10374.8
     Messages:  created: 661997   present: 1038   in FES: 97
** Event #863744   t=88.524302691901   Elapsed: 52.2897s (0m 52s)  17% completed  (8% total)
     Speed:     ev/sec=14947.5   simsec/sec=1.49011   ev/simsec=10031.2
     Messages:  created: 684878   present: 1103   in FES: 120
** Event #894464   t=91.52176331743   Elapsed: 54.3121s (0m 54s)  18% completed  (9% total)
     Speed:     ev/sec=15189.4   simsec/sec=1.48208   ev/simsec=10248.7
     Messages:  created: 708345   present: 1063   in FES: 108
** Event #921856   t=94.02195145715   Elapsed: 56.3167s (0m 56s)  18% completed  (9% total)
     Speed:     ev/sec=13664.7   simsec/sec=1.24724   ev/simsec=10956
     Messages:  created: 729283   present: 1052   in FES: 103
** Event #951552   t=96.550531488196   Elapsed: 58.3368s (0m 58s)  19% completed  (9% total)
     Speed:     ev/sec=14700.2   simsec/sec=1.2517   ev/simsec=11744.1
     Messages:  created: 751486   present: 1050   in FES: 103
** Event #981760   t=99.52818499997   Elapsed: 60.3369s (1m 00s)  19% completed  (9% total)
     Speed:     ev/sec=15103.9   simsec/sec=1.48882   ev/simsec=10144.9
     Messages:  created: 774363   present: 1172   in FES: 156
** Event #1010432   t=101.54752741955   Elapsed: 62.3649s (1m 02s)  20% completed  (10% total)
     Speed:     ev/sec=14137.5   simsec/sec=0.995693   ev/simsec=14198.7
     Messages:  created: 798565   present: 1070   in FES: 109
** Event #1043456   t=103.659084891435   Elapsed: 64.3758s (1m 04s)  20% completed  (10% total)
     Speed:     ev/sec=16423   simsec/sec=1.05009   ev/simsec=15639.6
     Messages:  created: 829365   present: 1022   in FES: 96
** Event #1076224   t=105.870649817838   Elapsed: 66.3796s (1m 06s)  21% completed  (10% total)
     Speed:     ev/sec=16352.6   simsec/sec=1.10366   ev/simsec=14816.7
     Messages:  created: 860380   present: 1109   in FES: 127
** Event #1106432   t=107.620661997819   Elapsed: 68.396s (1m 08s)  21% completed  (10% total)
     Speed:     ev/sec=14981   simsec/sec=0.867878   ev/simsec=17261.6
     Messages:  created: 888217   present: 1104   in FES: 145
** Event #1142528   t=110.022860080195   Elapsed: 70.3963s (1m 10s)  22% completed  (11% total)
     Speed:     ev/sec=18045.8   simsec/sec=1.20095   ev/simsec=15026.2
     Messages:  created: 922889   present: 1072   in FES: 107
** Event #1179904   t=112.510660114691   Elapsed: 72.4058s (1m 12s)  22% completed  (11% total)
     Speed:     ev/sec=18599.6   simsec/sec=1.23801   ev/simsec=15023.7
     Messages:  created: 958615   present: 1090   in FES: 126
** Event #1212160   t=114.526479187407   Elapsed: 74.4379s (1m 14s)  22% completed  (11% total)
     Speed:     ev/sec=15873   simsec/sec=0.991975   ev/simsec=16001.4
     Messages:  created: 989090   present: 1069   in FES: 106
** Event #1245696   t=116.660105401216   Elapsed: 76.443s (1m 16s)  23% completed  (11% total)
     Speed:     ev/sec=16725.6   simsec/sec=1.06411   ev/simsec=15717.8
     Messages:  created: 1021033   present: 1044   in FES: 127
** Event #1284608   t=119.422160424217   Elapsed: 78.4465s (1m 18s)  23% completed  (11% total)
     Speed:     ev/sec=19421.7   simsec/sec=1.3786   ev/simsec=14088.1
     Messages:  created: 1058821   present: 1094   in FES: 131
** Event #1318400   t=121.538627164821   Elapsed: 80.4583s (1m 20s)  24% completed  (12% total)
     Speed:     ev/sec=16797.3   simsec/sec=1.05205   ev/simsec=15966.2
     Messages:  created: 1090994   present: 1064   in FES: 105
** Event #1350656   t=123.620663142294   Elapsed: 82.4736s (1m 22s)  24% completed  (12% total)
     Speed:     ev/sec=16005.4   simsec/sec=1.03311   ev/simsec=15492.5
     Messages:  created: 1121546   present: 1109   in FES: 143
** Event #1388544   t=126.40930805795   Elapsed: 84.4759s (1m 24s)  25% completed  (12% total)
     Speed:     ev/sec=18922   simsec/sec=1.3927   ev/simsec=13586.5
     Messages:  created: 1157999   present: 1076   in FES: 127
** Event #1421056   t=128.556673408606   Elapsed: 86.5047s (1m 26s)  25% completed  (12% total)
     Speed:     ev/sec=16025.5   simsec/sec=1.05846   ev/simsec=15140.4
     Messages:  created: 1188548   present: 1082   in FES: 115
** Event #1457152   t=131.09205310996   Elapsed: 88.5063s (1m 28s)  26% completed  (13% total)
     Speed:     ev/sec=18033.4   simsec/sec=1.26667   ev/simsec=14236.9
     Messages:  created: 1222226   present: 1035   in FES: 100
** Event #1490944   t=133.544033916859   Elapsed: 90.5198s (1m 30s)  26% completed  (13% total)
     Speed:     ev/sec=16782.8   simsec/sec=1.21777   ev/simsec=13781.5
     Messages:  created: 1254280   present: 1091   in FES: 116
** Event #1532160   t=136.538664432216   Elapsed: 92.5407s (1m 32s)  27% completed  (13% total)
     Speed:     ev/sec=20395   simsec/sec=1.48184   ev/simsec=13763.3
     Messages:  created: 1293274   present: 1054   in FES: 103
** Event #1573888   t=139.541533270326   Elapsed: 94.5477s (1m 34s)  27% completed  (13% total)
     Speed:     ev/sec=20790.9   simsec/sec=1.49617   ev/simsec=13896
     Messages:  created: 1333331   present: 1092   in FES: 126
** Event #1618688   t=142.5588873256   Elapsed: 96.5563s (1m 36s)  28% completed  (14% total)
     Speed:     ev/sec=22304.6   simsec/sec=1.50225   ev/simsec=14847.4
     Messages:  created: 1376601   present: 1078   in FES: 115
** Event #1669888   t=146.071901761287   Elapsed: 98.5605s (1m 38s)  29% completed  (14% total)
     Speed:     ev/sec=25546.1   simsec/sec=1.75281   ev/simsec=14574.4
     Messages:  created: 1426297   present: 1089   in FES: 118
** Event #1719040   t=149.528199233233   Elapsed: 100.575s (1m 40s)  29% completed  (14% total)
     Speed:     ev/sec=24392.9   simsec/sec=1.71527   ev/simsec=14221
     Messages:  created: 1474539   present: 1098   in FES: 111
** Event #1770752   t=152.52339938126   Elapsed: 102.588s (1m 42s)  30% completed  (15% total)
     Speed:     ev/sec=25699   simsec/sec=1.48851   ev/simsec=17265
     Messages:  created: 1527705   present: 1119   in FES: 135
** Event #1818112   t=155.527953965746   Elapsed: 104.589s (1m 44s)  31% completed  (15% total)
     Speed:     ev/sec=23661.5   simsec/sec=1.5011   ev/simsec=15762.7
     Messages:  created: 1573951   present: 1133   in FES: 126
** Event #1866240   t=158.537656334872   Elapsed: 106.613s (1m 46s)  31% completed  (15% total)
     Speed:     ev/sec=23783.6   simsec/sec=1.48732   ev/simsec=15990.9
     Messages:  created: 1620440   present: 1052   in FES: 103
** Event #1914624   t=161.556323592841   Elapsed: 108.619s (1m 48s)  32% completed  (16% total)
     Speed:     ev/sec=24114.7   simsec/sec=1.50451   ev/simsec=16028.3
     Messages:  created: 1667385   present: 1057   in FES: 108
** Event #1961216   t=164.53865578759   Elapsed: 110.632s (1m 50s)  32% completed  (16% total)
     Speed:     ev/sec=23152.9   simsec/sec=1.48201   ev/simsec=15622.7
     Messages:  created: 1712649   present: 1072   in FES: 109
** Event #2006016   t=167.521360190977   Elapsed: 112.643s (1m 52s)  33% completed  (16% total)
     Speed:     ev/sec=22270.2   simsec/sec=1.48271   ev/simsec=15019.9
     Messages:  created: 1754908   present: 1074   in FES: 107
** Event #2049536   t=170.522770587725   Elapsed: 114.65s (1m 54s)  34% completed  (17% total)
     Speed:     ev/sec=21692.1   simsec/sec=1.49603   ev/simsec=14499.8
     Messages:  created: 1795334   present: 1106   in FES: 119
** Event #2094848   t=173.514212470261   Elapsed: 116.658s (1m 56s)  34% completed  (17% total)
     Speed:     ev/sec=22558   simsec/sec=1.48925   ev/simsec=15147.2
     Messages:  created: 1837560   present: 1059   in FES: 108
** Event #2132224   t=175.585848754873   Elapsed: 118.672s (1m 58s)  35% completed  (17% total)
     Speed:     ev/sec=18559.6   simsec/sec=1.0287   ev/simsec=18041.8
     Messages:  created: 1872707   present: 1110   in FES: 126
** Event #2180608   t=178.542120706046   Elapsed: 120.685s (2m 00s)  35% completed  (17% total)
     Speed:     ev/sec=24036.3   simsec/sec=1.46862   ev/simsec=16366.6
     Messages:  created: 1919115   present: 1115   in FES: 124
** Event #2221568   t=181.025137849578   Elapsed: 122.689s (2m 02s)  36% completed  (18% total)
     Speed:     ev/sec=20444.4   simsec/sec=1.23935   ev/simsec=16496.1
     Messages:  created: 1958591   present: 1051   in FES: 126
** Event #2262784   t=183.53507272009   Elapsed: 124.703s (2m 04s)  36% completed  (18% total)
     Speed:     ev/sec=20464.2   simsec/sec=1.24621   ev/simsec=16421.1
     Messages:  created: 1997048   present: 1065   in FES: 108
** Event #2301952   t=186.022961701144   Elapsed: 126.703s (2m 06s)  37% completed  (18% total)
     Speed:     ev/sec=19579.9   simsec/sec=1.24368   ev/simsec=15743.5
     Messages:  created: 2033150   present: 1086   in FES: 111
** Event #2343680   t=188.576245509272   Elapsed: 128.707s (2m 08s)  37% completed  (18% total)
     Speed:     ev/sec=20825.7   simsec/sec=1.2743   ev/simsec=16342.9
     Messages:  created: 2072088   present: 1084   in FES: 117
** Event #2390784   t=191.558812141031   Elapsed: 130.728s (2m 10s)  38% completed  (19% total)
     Speed:     ev/sec=23303.4   simsec/sec=1.47554   ev/simsec=15793.1
     Messages:  created: 2118249   present: 1037   in FES: 100
** Event #2437120   t=194.524999538943   Elapsed: 132.735s (2m 12s)  38% completed  (19% total)
     Speed:     ev/sec=23088.3   simsec/sec=1.47799   ev/simsec=15621.4
     Messages:  created: 2163530   present: 1089   in FES: 114
** Event #2483712   t=197.521167340503   Elapsed: 134.736s (2m 14s)  39% completed  (19% total)
     Speed:     ev/sec=23280.7   simsec/sec=1.4971   ev/simsec=15550.5
     Messages:  created: 2209086   present: 1082   in FES: 113
** Event #2531584   t=200.525418300683   Elapsed: 136.745s (2m 16s)  40% completed  (20% total)
     Speed:     ev/sec=23835.3   simsec/sec=1.4958   ev/simsec=15934.8
     Messages:  created: 2256471   present: 1122   in FES: 152
** Event #2578944   t=203.532840541894   Elapsed: 138.755s (2m 18s)  40% completed  (20% total)
     Speed:     ev/sec=23561.2   simsec/sec=1.49617   ev/simsec=15747.7
     Messages:  created: 2303228   present: 1089   in FES: 110
** Event #2625280   t=206.599380102545   Elapsed: 140.76s (2m 20s)  41% completed  (20% total)
     Speed:     ev/sec=23103.4   simsec/sec=1.52899   ev/simsec=15110.2
     Messages:  created: 2348416   present: 1090   in FES: 119
** Event #2675968   t=210.053550349485   Elapsed: 142.764s (2m 22s)  42% completed  (21% total)
     Speed:     ev/sec=25294.6   simsec/sec=1.72372   ev/simsec=14674.4
     Messages:  created: 2397885   present: 1056   in FES: 107
** Event #2725632   t=213.524376784915   Elapsed: 144.776s (2m 24s)  42% completed  (21% total)
     Speed:     ev/sec=24684.3   simsec/sec=1.72509   ev/simsec=14309
     Messages:  created: 2446850   present: 1053   in FES: 104
** Event #2771456   t=216.525194732189   Elapsed: 146.784s (2m 26s)  43% completed  (21% total)
     Speed:     ev/sec=22823   simsec/sec=1.49458   ev/simsec=15270.5
     Messages:  created: 2490848   present: 1093   in FES: 114
** Event #2819584   t=219.584919016649   Elapsed: 148.786s (2m 28s)  43% completed  (21% total)
     Speed:     ev/sec=24045.8   simsec/sec=1.52871   ev/simsec=15729.5
     Messages:  created: 2537309   present: 1051   in FES: 104
** Event #2866176   t=222.763945290648   Elapsed: 150.787s (2m 30s)  44% completed  (22% total)
     Speed:     ev/sec=23273.8   simsec/sec=1.588   ev/simsec=14656.1
     Messages:  created: 2582571   present: 1111   in FES: 126
** Event #2912512   t=225.773750843299   Elapsed: 152.789s (2m 32s)  45% completed  (22% total)
     Speed:     ev/sec=23144.2   simsec/sec=1.50336   ev/simsec=15395
     Messages:  created: 2628003   present: 1107   in FES: 122
** Event #2969088   t=229.517443000351   Elapsed: 154.819s (2m 34s)  45% completed  (22% total)
     Speed:     ev/sec=27875.9   simsec/sec=1.84458   ev/simsec=15112.4
     Messages:  created: 2684458   present: 1095   in FES: 126
** Event #3019008   t=232.513827647175   Elapsed: 156.833s (2m 36s)  46% completed  (23% total)
     Speed:     ev/sec=24785   simsec/sec=1.48769   ev/simsec=16660.1
     Messages:  created: 2735082   present: 1076   in FES: 113
** Event #3068928   t=235.513943339465   Elapsed: 158.851s (2m 38s)  47% completed  (23% total)
     Speed:     ev/sec=24741.6   simsec/sec=1.48693   ev/simsec=16639.4
     Messages:  created: 2785564   present: 1031   in FES: 98
** Event #3119104   t=238.535589854746   Elapsed: 160.861s (2m 40s)  47% completed  (23% total)
     Speed:     ev/sec=24955.3   simsec/sec=1.50283   ev/simsec=16605.5
     Messages:  created: 2836812   present: 1108   in FES: 126
** Event #3166464   t=241.531378680685   Elapsed: 162.87s (2m 42s)  48% completed  (24% total)
     Speed:     ev/sec=23577.8   simsec/sec=1.49143   ev/simsec=15808.9
     Messages:  created: 2884837   present: 1061   in FES: 100
** Event #3215616   t=244.599372678346   Elapsed: 164.888s (2m 44s)  48% completed  (24% total)
     Speed:     ev/sec=24353.6   simsec/sec=1.52012   ev/simsec=16020.9
     Messages:  created: 2933580   present: 1075   in FES: 114
** Event #3272704   t=248.530147049588   Elapsed: 166.902s (2m 46s)  49% completed  (24% total)
     Speed:     ev/sec=28348.9   simsec/sec=1.95195   ev/simsec=14523.3
     Messages:  created: 2991540   present: 1119   in FES: 120
** Event #3322880   t=251.764720715844   Elapsed: 168.904s (2m 48s)  50% completed  (25% total)
     Speed:     ev/sec=25070.5   simsec/sec=1.61616   ev/simsec=15512.4
     Messages:  created: 3043227   present: 1087   in FES: 126
** Event #3383808   t=255.556606610518   Elapsed: 170.911s (2m 50s)  51% completed  (25% total)
     Speed:     ev/sec=30356.1   simsec/sec=1.88923   ev/simsec=16068
     Messages:  created: 3108340   present: 1052   in FES: 105
** Event #3442176   t=259.521762231356   Elapsed: 172.92s (2m 52s)  51% completed  (25% total)
     Speed:     ev/sec=29041.4   simsec/sec=1.97289   ev/simsec=14720.2
     Messages:  created: 3170916   present: 1105   in FES: 126
** Event #3504896   t=263.524273798791   Elapsed: 174.928s (2m 54s)  52% completed  (26% total)
     Speed:     ev/sec=31239.4   simsec/sec=1.99356   ev/simsec=15670.2
     Messages:  created: 3237879   present: 1110   in FES: 123
** Event #3567872   t=267.273387739964   Elapsed: 176.932s (2m 56s)  53% completed  (26% total)
     Speed:     ev/sec=31428.8   simsec/sec=1.87103   ev/simsec=16797.6
     Messages:  created: 3305615   present: 1108   in FES: 127
** Event #3631872   t=271.525271035526   Elapsed: 178.943s (2m 58s)  54% completed  (27% total)
     Speed:     ev/sec=31820.1   simsec/sec=2.11399   ev/simsec=15052.2
     Messages:  created: 3373324   present: 1120   in FES: 123
** Event #3689472   t=275.099188755915   Elapsed: 180.946s (3m 00s)  55% completed  (27% total)
     Speed:     ev/sec=28760.4   simsec/sec=1.7845   ev/simsec=16116.8
     Messages:  created: 3432806   present: 1080   in FES: 113
** Event #3746560   t=279.011238105496   Elapsed: 182.948s (3m 02s)  55% completed  (27% total)
     Speed:     ev/sec=28520.5   simsec/sec=1.95442   ev/simsec=14592.9
     Messages:  created: 3493215   present: 1027   in FES: 96
** Event #3802624   t=282.523388946111   Elapsed: 184.955s (3m 04s)  56% completed  (28% total)
     Speed:     ev/sec=27928   simsec/sec=1.74956   ev/simsec=15962.9
     Messages:  created: 3552145   present: 1067   in FES: 123
** Event #3862016   t=286.053487110135   Elapsed: 186.955s (3m 06s)  57% completed  (28% total)
     Speed:     ev/sec=29691.1   simsec/sec=1.76476   ev/simsec=16824.5
     Messages:  created: 3613846   present: 1056   in FES: 107
** Event #3918592   t=289.594156330652   Elapsed: 188.971s (3m 08s)  57% completed  (28% total)
     Speed:     ev/sec=28069.2   simsec/sec=1.75664   ev/simsec=15978.9
     Messages:  created: 3672489   present: 1056   in FES: 107
** Event #3984384   t=293.276027609426   Elapsed: 190.973s (3m 10s)  58% completed  (29% total)
     Speed:     ev/sec=32870.8   simsec/sec=1.83952   ev/simsec=17869.2
     Messages:  created: 3744255   present: 1119   in FES: 141
** Event #4044032   t=296.583057753035   Elapsed: 192.974s (3m 12s)  59% completed  (29% total)
     Speed:     ev/sec=29803.7   simsec/sec=1.65239   ev/simsec=18036.7
     Messages:  created: 3808746   present: 1109   in FES: 124
** Event #4098560   t=300.264537453615   Elapsed: 194.977s (3m 14s)  60% completed  (30% total)
     Speed:     ev/sec=27219.9   simsec/sec=1.83776   ev/simsec=14811.4
     Messages:  created: 3864179   present: 1117   in FES: 152
** Event #4149248   t=303.540507379164   Elapsed: 196.99s (3m 16s)  60% completed  (30% total)
     Speed:     ev/sec=25179.7   simsec/sec=1.62736   ev/simsec=15472.7
     Messages:  created: 3916052   present: 1105   in FES: 126
** Event #4210176   t=307.522163773151   Elapsed: 198.997s (3m 18s)  61% completed  (30% total)
     Speed:     ev/sec=30363.6   simsec/sec=1.98427   ev/simsec=15302.2
     Messages:  created: 3979205   present: 1053   in FES: 102
** Event #4262400   t=311.015366826303   Elapsed: 201.002s (3m 21s)  62% completed  (31% total)
     Speed:     ev/sec=26041.3   simsec/sec=1.74187   ev/simsec=14950.2
     Messages:  created: 4033603   present: 1099   in FES: 126
** Event #4321280   t=314.565025985571   Elapsed: 203.011s (3m 23s)  62% completed  (31% total)
     Speed:     ev/sec=29315.5   simsec/sec=1.76732   ev/simsec=16587.5
     Messages:  created: 4094635   present: 1110   in FES: 125
** Event #4381952   t=318.172161920736   Elapsed: 205.015s (3m 25s)  63% completed  (31% total)
     Speed:     ev/sec=30271.4   simsec/sec=1.79973   ev/simsec=16820
     Messages:  created: 4157497   present: 1067   in FES: 112
** Event #4436224   t=321.535832771062   Elapsed: 207.028s (3m 27s)  64% completed  (32% total)
     Speed:     ev/sec=26961.8   simsec/sec=1.67104   ev/simsec=16134.8
     Messages:  created: 4213303   present: 1101   in FES: 118
** Event #4486144   t=324.672672118744   Elapsed: 209.029s (3m 29s)  64% completed  (32% total)
     Speed:     ev/sec=24951.1   simsec/sec=1.56786   ev/simsec=15914.1
     Messages:  created: 4264056   present: 1100   in FES: 126
** Event #4544256   t=328.52125278337   Elapsed: 211.032s (3m 31s)  65% completed  (32% total)
     Speed:     ev/sec=29001.4   simsec/sec=1.92067   ev/simsec=15099.6
     Messages:  created: 4323832   present: 1103   in FES: 118
** Event #4596224   t=331.60344765756   Elapsed: 213.046s (3m 33s)  66% completed  (33% total)
     Speed:     ev/sec=25807.4   simsec/sec=1.53063   ev/simsec=16860.7
     Messages:  created: 4377276   present: 1083   in FES: 116
** Event #4649728   t=334.921894267124   Elapsed: 215.05s (3m 35s)  66% completed  (33% total)
     Speed:     ev/sec=26704.8   simsec/sec=1.65629   ev/simsec=16123.2
     Messages:  created: 4434223   present: 1091   in FES: 126
** Event #4707584   t=338.513351453512   Elapsed: 217.058s (3m 37s)  67% completed  (33% total)
     Speed:     ev/sec=28806.1   simsec/sec=1.78816   ev/simsec=16109.3
     Messages:  created: 4494155   present: 1104   in FES: 123
** Event #4756224   t=341.506855414092   Elapsed: 219.072s (3m 39s)  68% completed  (34% total)
     Speed:     ev/sec=24158   simsec/sec=1.48678   ev/simsec=16248.5
     Messages:  created: 4544167   present: 1050   in FES: 105
** Event #4808704   t=344.533088487603   Elapsed: 221.086s (3m 41s)  68% completed  (34% total)
     Speed:     ev/sec=26050   simsec/sec=1.50216   ev/simsec=17341.7
     Messages:  created: 4597926   present: 1128   in FES: 124
** Event #4861440   t=347.54917983349   Elapsed: 223.088s (3m 43s)  69% completed  (34% total)
     Speed:     ev/sec=26340.1   simsec/sec=1.50645   ev/simsec=17484.9
     Messages:  created: 4652258   present: 1113   in FES: 124
** Event #4911104   t=350.541207583471   Elapsed: 225.109s (3m 45s)  70% completed  (35% total)
     Speed:     ev/sec=24579.2   simsec/sec=1.48078   ev/simsec=16598.8
     Messages:  created: 4702672   present: 1082   in FES: 113
** Event #4959232   t=353.544573797243   Elapsed: 227.124s (3m 47s)  70% completed  (35% total)
     Speed:     ev/sec=23885.7   simsec/sec=1.49055   ev/simsec=16024.7
     Messages:  created: 4750155   present: 1078   in FES: 113
** Event #5012224   t=356.516659772227   Elapsed: 229.13s (3m 49s)  71% completed  (35% total)
     Speed:     ev/sec=26416.4   simsec/sec=1.48158   ev/simsec=17829.9
     Messages:  created: 4805458   present: 1037   in FES: 98
** Event #5063168   t=359.265341096825   Elapsed: 231.137s (3m 51s)  71% completed  (35% total)
     Speed:     ev/sec=25381.4   simsec/sec=1.36945   ev/simsec=18534
     Messages:  created: 4857557   present: 1093   in FES: 127
** Event #5116416   t=362.371326980063   Elapsed: 233.14s (3m 53s)  72% completed  (36% total)
     Speed:     ev/sec=26585.5   simsec/sec=1.55075   ev/simsec=17143.7
     Messages:  created: 4913067   present: 1110   in FES: 127
** Event #5169152   t=365.535659903061   Elapsed: 235.16s (3m 55s)  73% completed  (36% total)
     Speed:     ev/sec=26099.9   simsec/sec=1.56608   ev/simsec=16665.8
     Messages:  created: 4967726   present: 1104   in FES: 126
** Event #5227520   t=369.098283025578   Elapsed: 237.163s (3m 57s)  73% completed  (36% total)
     Speed:     ev/sec=29142.9   simsec/sec=1.77881   ev/simsec=16383.4
     Messages:  created: 5029446   present: 1107   in FES: 126
** Event #5284608   t=372.936566280524   Elapsed: 239.167s (3m 59s)  74% completed  (37% total)
     Speed:     ev/sec=28495.3   simsec/sec=1.91587   ev/simsec=14873.3
     Messages:  created: 5089918   present: 1024   in FES: 97
** Event #5340672   t=376.576199244918   Elapsed: 241.174s (4m 01s)  75% completed  (37% total)
     Speed:     ev/sec=27927   simsec/sec=1.813   ev/simsec=15403.8
     Messages:  created: 5147940   present: 1096   in FES: 126
** Event #5398528   t=380.370429058627   Elapsed: 243.177s (4m 03s)  76% completed  (38% total)
     Speed:     ev/sec=28879.9   simsec/sec=1.89396   ev/simsec=15248.4
     Messages:  created: 5208786   present: 1102   in FES: 126
** Event #5450496   t=383.589046801972   Elapsed: 245.185s (4m 05s)  76% completed  (38% total)
     Speed:     ev/sec=25889.1   simsec/sec=1.60343   ev/simsec=16146.1
     Messages:  created: 5262564   present: 1080   in FES: 115
** Event #5508352   t=387.541725614958   Elapsed: 247.186s (4m 07s)  77% completed  (38% total)
     Speed:     ev/sec=28908.7   simsec/sec=1.97502   ev/simsec=14637.2
     Messages:  created: 5323330   present: 1201   in FES: 156
** Event #5564672   t=391.530300408962   Elapsed: 249.197s (4m 09s)  78% completed  (39% total)
     Speed:     ev/sec=28009.8   simsec/sec=1.98365   ev/simsec=14120.3
     Messages:  created: 5382147   present: 1039   in FES: 98
** Event #5625600   t=395.531896325432   Elapsed: 251.209s (4m 11s)  79% completed  (39% total)
     Speed:     ev/sec=30277   simsec/sec=1.98852   ev/simsec=15225.9
     Messages:  created: 5445564   present: 1094   in FES: 115
** Event #5684224   t=399.527300408962   Elapsed: 253.217s (4m 13s)  79% completed  (39% total)
     Speed:     ev/sec=29191   simsec/sec=1.98946   ev/simsec=14672.9
     Messages:  created: 5506026   present: 1042   in FES: 97
** Event #5741824   t=403.538632618055   Elapsed: 255.228s (4m 15s)  80% completed  (40% total)
     Speed:     ev/sec=28654.9   simsec/sec=1.99556   ev/simsec=14359.3
     Messages:  created: 5564760   present: 1077   in FES: 112
** Event #5791744   t=407.015936953546   Elapsed: 257.228s (4m 17s)  81% completed  (40% total)
     Speed:     ev/sec=24959   simsec/sec=1.73858   ev/simsec=14355.9
     Messages:  created: 5615187   present: 1100   in FES: 126
** Event #5845760   t=410.545574087935   Elapsed: 259.235s (4m 19s)  82% completed  (41% total)
     Speed:     ev/sec=26914.8   simsec/sec=1.75873   ev/simsec=15303.6
     Messages:  created: 5669838   present: 1110   in FES: 123
** Event #5901824   t=414.080002547921   Elapsed: 261.239s (4m 21s)  82% completed  (41% total)
     Speed:     ev/sec=27976.7   simsec/sec=1.76373   ev/simsec=15862.3
     Messages:  created: 5726845   present: 1061   in FES: 108
** Event #5952000   t=417.521609146265   Elapsed: 263.251s (4m 23s)  83% completed  (41% total)
     Speed:     ev/sec=24934.9   simsec/sec=1.7103   ev/simsec=14579.2
     Messages:  created: 5778389   present: 1064   in FES: 103
** Event #6000128   t=420.61179069189   Elapsed: 265.263s (4m 25s)  84% completed  (42% total)
     Speed:     ev/sec=23920.3   simsec/sec=1.53586   ev/simsec=15574.5
     Messages:  created: 5826204   present: 1113   in FES: 124
** Event #6048000   t=424.009659772227   Elapsed: 267.265s (4m 27s)  84% completed  (42% total)
     Speed:     ev/sec=23908.5   simsec/sec=1.69698   ev/simsec=14088.8
     Messages:  created: 5874919   present: 1024   in FES: 97
** Event #6103296   t=427.512843152129   Elapsed: 269.274s (4m 29s)  85% completed  (42% total)
     Speed:     ev/sec=27529.2   simsec/sec=1.74407   ev/simsec=15784.5
     Messages:  created: 5931192   present: 1079   in FES: 114
** Event #6152704   t=430.563902894463   Elapsed: 271.287s (4m 31s)  86% completed  (43% total)
     Speed:     ev/sec=24547.7   simsec/sec=1.51588   ev/simsec=16193.7
     Messages:  created: 5981349   present: 1106   in FES: 126
** Event #6199296   t=433.603436331542   Elapsed: 273.303s (4m 33s)  86% completed  (43% total)
     Speed:     ev/sec=23111.1   simsec/sec=1.50771   ev/simsec=15328.7
     Messages:  created: 6028048   present: 1070   in FES: 111
** Event #6254848   t=437.519079589561   Elapsed: 275.307s (4m 35s)  87% completed  (43% total)
     Speed:     ev/sec=27708.1   simsec/sec=1.95304   ev/simsec=14187.2
     Messages:  created: 6084433   present: 1058   in FES: 105
** Event #6310912   t=441.013945807442   Elapsed: 277.31s (4m 37s)  88% completed  (44% total)
     Speed:     ev/sec=27993.9   simsec/sec=1.74506   ev/simsec=16041.8
     Messages:  created: 6142662   present: 1111   in FES: 126
** Event #6369280   t=444.536749353761   Elapsed: 279.313s (4m 39s)  88% completed  (44% total)
     Speed:     ev/sec=29141.5   simsec/sec=1.75884   ev/simsec=16568.6
     Messages:  created: 6202919   present: 1034   in FES: 97
** Event #6419712   t=447.574257104616   Elapsed: 281.333s (4m 41s)  89% completed  (44% total)
     Speed:     ev/sec=24971.8   simsec/sec=1.50404   ev/simsec=16603.1
     Messages:  created: 6254192   present: 1101   in FES: 122
** Event #6471680   t=450.612403415071   Elapsed: 283.351s (4m 43s)  90% completed  (45% total)
     Speed:     ev/sec=25752.3   simsec/sec=1.50553   ev/simsec=17105.2
     Messages:  created: 6306745   present: 1109   in FES: 124
** Event #6521344   t=453.539787268454   Elapsed: 285.352s (4m 45s)  90% completed  (45% total)
     Speed:     ev/sec=24816   simsec/sec=1.46275   ev/simsec=16965.3
     Messages:  created: 6357204   present: 1080   in FES: 111
** Event #6569472   t=456.52893645643   Elapsed: 287.364s (4m 47s)  91% completed  (45% total)
     Speed:     ev/sec=23923.6   simsec/sec=1.48585   ev/simsec=16100.9
     Messages:  created: 6405501   present: 1062   in FES: 103
** Event #6617856   t=459.513936625961   Elapsed: 289.38s (4m 49s)  91% completed  (45% total)
     Speed:     ev/sec=23995.8   simsec/sec=1.4804   ev/simsec=16209
     Messages:  created: 6453529   present: 1094   in FES: 119
** Event #6657280   t=461.611339084122   Elapsed: 291.381s (4m 51s)  92% completed  (46% total)
     Speed:     ev/sec=19703   simsec/sec=1.04822   ev/simsec=18796.6
     Messages:  created: 6491913   present: 1106   in FES: 126
** Event #6704896   t=464.532658474836   Elapsed: 293.39s (4m 53s)  92% completed  (46% total)
     Speed:     ev/sec=23695.2   simsec/sec=1.45374   ev/simsec=16299.5
     Messages:  created: 6540294   present: 1036   in FES: 97
** Event #6753536   t=467.518147783738   Elapsed: 295.395s (4m 55s)  93% completed  (46% total)
     Speed:     ev/sec=24263   simsec/sec=1.48925   ev/simsec=16292.1
     Messages:  created: 6588813   present: 1073   in FES: 108
** Event #6802176   t=470.513936878675   Elapsed: 297.415s (4m 57s)  94% completed  (47% total)
     Speed:     ev/sec=24078.2   simsec/sec=1.483   ev/simsec=16236.1
     Messages:  created: 6637407   present: 1079   in FES: 114
** Event #6846208   t=473.068196767414   Elapsed: 299.419s (4m 59s)  94% completed  (47% total)
     Speed:     ev/sec=21971.1   simsec/sec=1.27453   ev/simsec=17238.7
     Messages:  created: 6681195   present: 1105   in FES: 124
** Event #6899200   t=476.522717443023   Elapsed: 301.426s (5m 01s)  95% completed  (47% total)
     Speed:     ev/sec=26404.8   simsec/sec=1.72131   ev/simsec=15339.9
     Messages:  created: 6734904   present: 1114   in FES: 126
** Event #6949376   t=479.535031169873   Elapsed: 303.445s (5m 03s)  95% completed  (47% total)
     Speed:     ev/sec=24851   simsec/sec=1.49193   ev/simsec=16657
     Messages:  created: 6785457   present: 1053   in FES: 100
** Event #6999552   t=482.565552263121   Elapsed: 305.456s (5m 05s)  96% completed  (48% total)
     Speed:     ev/sec=24955.4   simsec/sec=1.50725   ev/simsec=16556.9
     Messages:  created: 6836164   present: 1113   in FES: 126
** Event #7050240   t=485.546121634049   Elapsed: 307.474s (5m 07s)  97% completed  (48% total)
     Speed:     ev/sec=25118.4   simsec/sec=1.47702   ev/simsec=17006.1
     Messages:  created: 6887723   present: 1067   in FES: 106
** Event #7099648   t=488.541806329692   Elapsed: 309.487s (5m 09s)  97% completed  (48% total)
     Speed:     ev/sec=24547.3   simsec/sec=1.48834   ev/simsec=16493.1
     Messages:  created: 6937163   present: 1107   in FES: 122
** Event #7148800   t=491.535751211818   Elapsed: 311.497s (5m 11s)  98% completed  (49% total)
     Speed:     ev/sec=24453.6   simsec/sec=1.48952   ev/simsec=16417.1
     Messages:  created: 6986365   present: 1117   in FES: 126
** Event #7197696   t=494.534140855164   Elapsed: 313.505s (5m 13s)  98% completed  (49% total)
     Speed:     ev/sec=24349.1   simsec/sec=1.49313   ev/simsec=16307.4
     Messages:  created: 7035549   present: 1088   in FES: 111
** Event #7245056   t=497.53191617641   Elapsed: 315.525s (5m 15s)  99% completed  (49% total)
     Speed:     ev/sec=23440.3   simsec/sec=1.48371   ev/simsec=15798.4
     Messages:  created: 7083312   present: 1098   in FES: 113
** Event #7281591   t=500   Elapsed: 317.033s (5m 17s)  100% completed  (50% total)
     Speed:     ev/sec=24231.9   simsec/sec=1.63536   ev/simsec=14817.5
     Messages:  created: 7119275   present: 1021   in FES: 95

<!> Simulation time limit reached -- at t=500s, event #7281591
undisposed object: (omnetpp::cMessage) FanetStressNetwork.uav[0].app.debugTimer -- check module destructor
undisposed object: (omnetpp::cMessage) FanetStressNetwork.uav[1].app.debugTimer -- check module destructor
undisposed object: (omnetpp::cMessage) FanetStressNetwork.uav[2].app.debugTimer -- check module destructor
undisposed object: (omnetpp::cMessage) FanetStressNetwork.uav[3].app.debugTimer -- check module destructor
undisposed object: (omnetpp::cMessage) FanetStressNetwork.uav[4].app.debugTimer -- check module destructor
undisposed object: (omnetpp::cMessage) FanetStressNetwork.uav[5].app.debugTimer -- check module destructor
undisposed object: (omnetpp::cMessage) FanetStressNetwork.uav[6].app.debugTimer -- check module destructor
undisposed object: (omnetpp::cMessage) FanetStressNetwork.uav[7].app.debugTimer -- check module destructor
undisposed object: (omnetpp::cMessage) FanetStressNetwork.uav[8].app.debugTimer -- check module destructor
undisposed object: (omnetpp::cMessage) FanetStressNetwork.uav[9].app.debugTimer -- check module destructor
undisposed object: (omnetpp::cMessage) FanetStressNetwork.uav[10].app.debugTimer -- check module destructor
undisposed object: (omnetpp::cMessage) FanetStressNetwork.uav[11].app.debugTimer -- check module destructor
undisposed object: (omnetpp::cMessage) FanetStressNetwork.uav[12].app.debugTimer -- check module destructor
undisposed object: (omnetpp::cMessage) FanetStressNetwork.uav[13].app.debugTimer -- check module destructor
undisposed object: (omnetpp::cMessage) FanetStressNetwork.uav[14].app.debugTimer -- check module destructor
undisposed object: (omnetpp::cMessage) FanetStressNetwork.uav[15].app.debugTimer -- check module destructor
undisposed object: (omnetpp::cMessage) FanetStressNetwork.uav[16].app.debugTimer -- check module destructor
undisposed object: (omnetpp::cMessage) FanetStressNetwork.uav[17].app.debugTimer -- check module destructor
undisposed object: (omnetpp::cMessage) FanetStressNetwork.uav[18].app.debugTimer -- check module destructor
undisposed object: (omnetpp::cMessage) FanetStressNetwork.uav[19].app.debugTimer -- check module destructor
undisposed object: (omnetpp::cMessage) FanetStressNetwork.uav[20].app.debugTimer -- check module destructor
undisposed object: (omnetpp::cMessage) FanetStressNetwork.uav[21].app.debugTimer -- check module destructor
undisposed object: (omnetpp::cMessage) FanetStressNetwork.uav[22].app.debugTimer -- check module destructor
undisposed object: (omnetpp::cMessage) FanetStressNetwork.uav[23].app.debugTimer -- check module destructor
undisposed object: (omnetpp::cMessage) FanetStressNetwork.uav[24].app.debugTimer -- check module destructor
undisposed object: (omnetpp::cMessage) FanetStressNetwork.uav[25].app.debugTimer -- check module destructor
undisposed object: (omnetpp::cMessage) FanetStressNetwork.uav[26].app.debugTimer -- check module destructor
undisposed object: (omnetpp::cMessage) FanetStressNetwork.uav[27].app.debugTimer -- check module destructor
undisposed object: (omnetpp::cMessage) FanetStressNetwork.uav[28].app.debugTimer -- check module destructor
undisposed object: (omnetpp::cMessage) FanetStressNetwork.uav[29].app.debugTimer -- check module destructor
