** Event #0   t=0   Elapsed: 9e-06s (0m 00s)  0% completed  (50% total)
     Speed:     ev/sec=0   simsec/sec=0   ev/simsec=0
     Messages:  created: 1081   present: 1081   in FES: 161
** Event #51968   t=5.586943814742   Elapsed: 2.01539s (0m 02s)  1% completed  (50% total)
     Speed:     ev/sec=25786.2   simsec/sec=2.77215   ev/simsec=9301.87
     Messages:  created: 45242   present: 1043   in FES: 102
** Event #89344   t=9.563778451879   Elapsed: 4.02759s (0m 04s)  1% completed  (50% total)
     Speed:     ev/sec=18574.7   simsec/sec=1.97636   ev/simsec=9398.43
     Messages:  created: 75038   present: 1097   in FES: 120
** Event #121088   t=12.9   Elapsed: 6.03586s (0m 06s)  2% completed  (51% total)
     Speed:     ev/sec=15806.6   simsec/sec=1.66124   ev/simsec=9514.96
     Messages:  created: 100193   present: 1021   in FES: 95
** Event #156928   t=16.52742436047   Elapsed: 8.03679s (0m 08s)  3% completed  (51% total)
     Speed:     ev/sec=17911.7   simsec/sec=1.81287   ev/simsec=9880.29
     Messages:  created: 128238   present: 1092   in FES: 117
** Event #189440   t=19.595885548313   Elapsed: 10.0485s (0m 10s)  3% completed  (51% total)
     Speed:     ev/sec=16161.2   simsec/sec=1.52529   ev/simsec=10595.5
     Messages:  created: 153851   present: 1084   in FES: 115
** Event #223488   t=23.082002661866   Elapsed: 12.0534s (0m 12s)  4% completed  (52% total)
     Speed:     ev/sec=16982.6   simsec/sec=1.73882   ev/simsec=9766.74
     Messages:  created: 180437   present: 1057   in FES: 106
** Event #256256   t=26.538375081121   Elapsed: 14.06s (0m 14s)  5% completed  (52% total)
     Speed:     ev/sec=16330   simsec/sec=1.72249   ev/simsec=9480.46
     Messages:  created: 206076   present: 1089   in FES: 126
** Event #289280   t=29.821849301198   Elapsed: 16.0748s (0m 16s)  5% completed  (52% total)
     Speed:     ev/sec=16391.2   simsec/sec=1.62972   ev/simsec=10057.6
     Messages:  created: 231829   present: 1021   in FES: 95
** Event #325120   t=33.529416568486   Elapsed: 18.1011s (0m 18s)  6% completed  (53% total)
     Speed:     ev/sec=17686.6   simsec/sec=1.82964   ev/simsec=9666.72
     Messages:  created: 260068   present: 1105   in FES: 126
** Event #356096   t=36.559511437876   Elapsed: 20.1016s (0m 20s)  7% completed  (53% total)
     Speed:     ev/sec=15484.5   simsec/sec=1.51471   ev/simsec=10222.8
     Messages:  created: 284222   present: 1055   in FES: 104
** Event #387584   t=39.592074248099   Elapsed: 22.1166s (0m 22s)  7% completed  (53% total)
     Speed:     ev/sec=15626.7   simsec/sec=1.50499   ev/simsec=10383.3
     Messages:  created: 308747   present: 1105   in FES: 122
** Event #424192   t=43.525268819337   Elapsed: 24.145s (0m 24s)  8% completed  (54% total)
     Speed:     ev/sec=18047.5   simsec/sec=1.93904   ev/simsec=9307.45
     Messages:  created: 337518   present: 1070   in FES: 111
** Event #456448   t=46.596762602017   Elapsed: 26.1569s (0m 26s)  9% completed  (54% total)
     Speed:     ev/sec=16033   simsec/sec=1.5267   ev/simsec=10501.7
     Messages:  created: 363095   present: 1080   in FES: 113
** Event #492032   t=50.521260822745   Elapsed: 28.1768s (0m 28s)  10% completed  (55% total)
     Speed:     ev/sec=17616.2   simsec/sec=1.94286   ev/simsec=9067.15
     Messages:  created: 391186   present: 1078   in FES: 113
** Event #528384   t=54.082709979118   Elapsed: 30.1773s (0m 30s)  10% completed  (55% total)
     Speed:     ev/sec=18171.7   simsec/sec=1.78031   ev/simsec=10207.1
     Messages:  created: 420248   present: 1101   in FES: 120
** Event #560896   t=57.55527141816   Elapsed: 32.2026s (0m 32s)  11% completed  (55% total)
     Speed:     ev/sec=16052.7   simsec/sec=1.71456   ev/simsec=9362.54
     Messages:  created: 445832   present: 1109   in FES: 126
** Event #593920   t=61.035468914406   Elapsed: 34.2129s (0m 34s)  12% completed  (56% total)
     Speed:     ev/sec=16427.6   simsec/sec=1.7312   ev/simsec=9489.12
     Messages:  created: 472088   present: 1081   in FES: 116
** Event #627712   t=64.555754541457   Elapsed: 36.2339s (0m 36s)  12% completed  (56% total)
     Speed:     ev/sec=16720.8   simsec/sec=1.74189   ev/simsec=9599.22
     Messages:  created: 499094   present: 1099   in FES: 120
** Event #663552   t=68.516169469496   Elapsed: 38.2553s (0m 38s)  13% completed  (56% total)
     Speed:     ev/sec=17729.6   simsec/sec=1.95917   ev/simsec=9049.56
     Messages:  created: 528036   present: 1104   in FES: 121
** Event #700672   t=72.539256632467   Elapsed: 40.256s (0m 40s)  14% completed  (57% total)
     Speed:     ev/sec=18554.3   simsec/sec=2.01092   ev/simsec=9226.75
     Messages:  created: 558248   present: 1023   in FES: 96
** Event #737280   t=76.559220986494   Elapsed: 42.2647s (0m 42s)  15% completed  (57% total)
     Speed:     ev/sec=18224   simsec/sec=2.0012   ev/simsec=9106.55
     Messages:  created: 588280   present: 1094   in FES: 119
** Event #774400   t=80.582947601608   Elapsed: 44.2742s (0m 44s)  16% completed  (58% total)
     Speed:     ev/sec=18472.6   simsec/sec=2.00239   ev/simsec=9225.28
     Messages:  created: 618757   present: 1058   in FES: 106
** Event #816128   t=85.514166251767   Elapsed: 46.2814s (0m 46s)  17% completed  (58% total)
     Speed:     ev/sec=20788.9   simsec/sec=2.45673   ev/simsec=8462.01
     Messages:  created: 653349   present: 1057   in FES: 106
** Event #853248   t=89.555543579736   Elapsed: 48.2952s (0m 48s)  17% completed  (58% total)
     Speed:     ev/sec=18433.1   simsec/sec=2.00688   ev/simsec=9184.99
     Messages:  created: 683993   present: 1105   in FES: 122
** Event #890880   t=93.599296737331   Elapsed: 50.3148s (0m 50s)  18% completed  (59% total)
     Speed:     ev/sec=18633.4   simsec/sec=2.00225   ev/simsec=9306.21
     Messages:  created: 714887   present: 1030   in FES: 97
** Event #931328   t=98.095856146358   Elapsed: 52.3178s (0m 52s)  19% completed  (59% total)
     Speed:     ev/sec=20193.6   simsec/sec=2.2449   ev/simsec=8995.32
     Messages:  created: 748280   present: 1100   in FES: 121
** Event #969472   t=101.563400530713   Elapsed: 54.3379s (0m 54s)  20% completed  (60% total)
     Speed:     ev/sec=18882.6   simsec/sec=1.71655   ev/simsec=11000.3
     Messages:  created: 783727   present: 1111   in FES: 120
** Event #1015296   t=104.586023514657   Elapsed: 56.3435s (0m 56s)  20% completed  (60% total)
     Speed:     ev/sec=22848   simsec/sec=1.50709   ev/simsec=15160.3
     Messages:  created: 831754   present: 1119   in FES: 124
** Event #1060096   t=107.583573459724   Elapsed: 58.354s (0m 58s)  21% completed  (60% total)
     Speed:     ev/sec=22283.2   simsec/sec=1.49096   ev/simsec=14945.5
     Messages:  created: 878443   present: 1056   in FES: 105
** Event #1104384   t=110.55751122609   Elapsed: 60.3584s (1m 00s)  22% completed  (61% total)
     Speed:     ev/sec=22095.1   simsec/sec=1.48368   ev/simsec=14892
     Messages:  created: 924683   present: 1064   in FES: 105
** Event #1150464   t=113.555920656669   Elapsed: 62.3593s (1m 02s)  22% completed  (61% total)
     Speed:     ev/sec=23029.3   simsec/sec=1.49851   ev/simsec=15368.1
     Messages:  created: 972519   present: 1103   in FES: 127
** Event #1192960   t=116.331561952525   Elapsed: 64.3595s (1m 04s)  23% completed  (61% total)
     Speed:     ev/sec=21245.9   simsec/sec=1.38768   ev/simsec=15310.3
     Messages:  created: 1016298   present: 1090   in FES: 145
** Event #1236480   t=119.08340471431   Elapsed: 66.3608s (1m 06s)  23% completed  (61% total)
     Speed:     ev/sec=21745.8   simsec/sec=1.37502   ev/simsec=15814.9
     Messages:  created: 1060580   present: 1090   in FES: 115
** Event #1277696   t=121.871818013039   Elapsed: 68.3653s (1m 08s)  24% completed  (62% total)
     Speed:     ev/sec=20562.4   simsec/sec=1.39112   ev/simsec=14781.2
     Messages:  created: 1103122   present: 1085   in FES: 116
** Event #1320704   t=124.577088577048   Elapsed: 70.3731s (1m 10s)  24% completed  (62% total)
     Speed:     ev/sec=21419.6   simsec/sec=1.34733   ev/simsec=15897.9
     Messages:  created: 1146636   present: 1093   in FES: 120
** Event #1364992   t=127.512057115459   Elapsed: 72.3904s (1m 12s)  25% completed  (62% total)
     Speed:     ev/sec=21954.9   simsec/sec=1.45495   ev/simsec=15089.8
     Messages:  created: 1192739   present: 1113   in FES: 126
** Event #1403136   t=129.972226388906   Elapsed: 74.3955s (1m 14s)  25% completed  (62% total)
     Speed:     ev/sec=19023.6   simsec/sec=1.22696   ev/simsec=15504.6
     Messages:  created: 1231885   present: 1027   in FES: 113
** Event #1447424   t=132.58750896031   Elapsed: 76.4094s (1m 16s)  26% completed  (63% total)
     Speed:     ev/sec=21990.3   simsec/sec=1.29856   ev/simsec=16934.3
     Messages:  created: 1276711   present: 1061   in FES: 105
** Event #1490944   t=135.527570250907   Elapsed: 78.4128s (1m 18s)  27% completed  (63% total)
     Speed:     ev/sec=21723.5   simsec/sec=1.46757   ev/simsec=14802.4
     Messages:  created: 1321490   present: 1076   in FES: 113
** Event #1530880   t=138.049268421049   Elapsed: 80.4214s (1m 20s)  27% completed  (63% total)
     Speed:     ev/sec=19882.9   simsec/sec=1.25547   ev/simsec=15836.9
     Messages:  created: 1362417   present: 1105   in FES: 122
** Event #1570560   t=140.58618755197   Elapsed: 82.4291s (1m 22s)  28% completed  (64% total)
     Speed:     ev/sec=19763.2   simsec/sec=1.26355   ev/simsec=15641
     Messages:  created: 1403438   present: 1096   in FES: 126
** Event #1612544   t=143.471993171377   Elapsed: 84.4375s (1m 24s)  28% completed  (64% total)
     Speed:     ev/sec=20905   simsec/sec=1.43692   ev/simsec=14548.5
     Messages:  created: 1446874   present: 1022   in FES: 96
** Event #1652480   t=146.036428936941   Elapsed: 86.4413s (1m 26s)  29% completed  (64% total)
     Speed:     ev/sec=19929.9   simsec/sec=1.27977   ev/simsec=15573
     Messages:  created: 1487515   present: 1083   in FES: 116
** Event #1694720   t=148.592032275737   Elapsed: 88.4572s (1m 28s)  29% completed  (64% total)
     Speed:     ev/sec=20953.3   simsec/sec=1.26772   ev/simsec=16528.4
     Messages:  created: 1531470   present: 1025   in FES: 96
** Event #1739776   t=151.545532740888   Elapsed: 90.4592s (1m 30s)  30% completed  (65% total)
     Speed:     ev/sec=22504.9   simsec/sec=1.47524   ev/simsec=15255.1
     Messages:  created: 1578998   present: 1068   in FES: 111
** Event #1786112   t=154.522091478   Elapsed: 92.4807s (1m 32s)  30% completed  (65% total)
     Speed:     ev/sec=22922.2   simsec/sec=1.47249   ev/simsec=15567
     Messages:  created: 1627929   present: 1108   in FES: 126
** Event #1829632   t=157.095855812624   Elapsed: 94.4854s (1m 34s)  31% completed  (65% total)
     Speed:     ev/sec=21708.8   simsec/sec=1.28385   ev/simsec=16909.1
     Messages:  created: 1673241   present: 1102   in FES: 121
** Event #1874176   t=160.048719179875   Elapsed: 96.4876s (1m 36s)  32% completed  (66% total)
     Speed:     ev/sec=22247.7   simsec/sec=1.47482   ev/simsec=15085
     Messages:  created: 1720576   present: 1094   in FES: 119
** Event #1918208   t=162.871313696595   Elapsed: 98.4901s (1m 38s)  32% completed  (66% total)
     Speed:     ev/sec=21988.4   simsec/sec=1.40953   ev/simsec=15599.8
     Messages:  created: 1767466   present: 1056   in FES: 123
** Event #1968384   t=166.068493255089   Elapsed: 100.497s (1m 40s)  33% completed  (66% total)
     Speed:     ev/sec=24997.2   simsec/sec=1.5928   ev/simsec=15693.8
     Messages:  created: 1820395   present: 1101   in FES: 126
** Event #2015232   t=169.331597039501   Elapsed: 102.502s (1m 42s)  33% completed  (66% total)
     Speed:     ev/sec=23366.4   simsec/sec=1.62754   ev/simsec=14356.9
     Messages:  created: 1869186   present: 1064   in FES: 109
** Event #2060032   t=172.523443646295   Elapsed: 104.509s (1m 44s)  34% completed  (67% total)
     Speed:     ev/sec=22325   simsec/sec=1.59058   ev/simsec=14035.8
     Messages:  created: 1915751   present: 1061   in FES: 108
** Event #2104832   t=175.556121533775   Elapsed: 106.517s (1m 46s)  35% completed  (67% total)
     Speed:     ev/sec=22309   simsec/sec=1.51018   ev/simsec=14772.4
     Messages:  created: 1962239   present: 1066   in FES: 123
** Event #2149376   t=178.594868743818   Elapsed: 108.535s (1m 48s)  35% completed  (67% total)
     Speed:     ev/sec=22076.6   simsec/sec=1.50604   ev/simsec=14658.7
     Messages:  created: 2008773   present: 1108   in FES: 123
** Event #2197248   t=182.011144940323   Elapsed: 110.536s (1m 50s)  36% completed  (68% total)
     Speed:     ev/sec=23919.1   simsec/sec=1.70693   ev/simsec=14012.9
     Messages:  created: 2059019   present: 1091   in FES: 116
** Event #2249472   t=185.560480137161   Elapsed: 112.538s (1m 52s)  37% completed  (68% total)
     Speed:     ev/sec=26083.6   simsec/sec=1.77274   ev/simsec=14713.7
     Messages:  created: 2113638   present: 1039   in FES: 96
** Event #2297088   t=188.972260274776   Elapsed: 114.547s (1m 54s)  37% completed  (68% total)
     Speed:     ev/sec=23701.9   simsec/sec=1.69829   ev/simsec=13956.4
     Messages:  created: 2163878   present: 1115   in FES: 138
** Event #2341888   t=192.024308040723   Elapsed: 116.551s (1m 56s)  38% completed  (69% total)
     Speed:     ev/sec=22355.8   simsec/sec=1.52301   ev/simsec=14678.7
     Messages:  created: 2210578   present: 1112   in FES: 125
** Event #2391808   t=195.515134420719   Elapsed: 118.557s (1m 58s)  39% completed  (69% total)
     Speed:     ev/sec=24892.5   simsec/sec=1.7407   ev/simsec=14300.3
     Messages:  created: 2262978   present: 1034   in FES: 99
** Event #2437888   t=198.562530581645   Elapsed: 120.582s (2m 00s)  39% completed  (69% total)
     Speed:     ev/sec=22752.7   simsec/sec=1.5047   ev/simsec=15121.1
     Messages:  created: 2310879   present: 1073   in FES: 108
** Event #2482688   t=201.601405554633   Elapsed: 122.596s (2m 02s)  40% completed  (70% total)
     Speed:     ev/sec=22244.5   simsec/sec=1.50889   ev/simsec=14742.3
     Messages:  created: 2357557   present: 1031   in FES: 96
** Event #2529024   t=205.011911749068   Elapsed: 124.603s (2m 04s)  41% completed  (70% total)
     Speed:     ev/sec=23083.7   simsec/sec=1.69905   ev/simsec=13586.3
     Messages:  created: 2406799   present: 1114   in FES: 126
** Event #2572544   t=208.036374523142   Elapsed: 126.608s (2m 06s)  41% completed  (70% total)
     Speed:     ev/sec=21712   simsec/sec=1.5089   ev/simsec=14389.3
     Messages:  created: 2451981   present: 1090   in FES: 126
** Event #2619392   t=211.207198938669   Elapsed: 128.612s (2m 08s)  42% completed  (71% total)
     Speed:     ev/sec=23376.2   simsec/sec=1.58218   ev/simsec=14774.7
     Messages:  created: 2500682   present: 1114   in FES: 126
** Event #2664704   t=214.50745890118   Elapsed: 130.613s (2m 10s)  42% completed  (71% total)
     Speed:     ev/sec=22638.6   simsec/sec=1.64886   ev/simsec=13729.8
     Messages:  created: 2548284   present: 1092   in FES: 126
** Event #2709760   t=217.547469439107   Elapsed: 132.633s (2m 12s)  43% completed  (71% total)
     Speed:     ev/sec=22306.2   simsec/sec=1.50504   ev/simsec=14821
     Messages:  created: 2595293   present: 1026   in FES: 97
** Event #2755328   t=220.601942440943   Elapsed: 134.649s (2m 14s)  44% completed  (72% total)
     Speed:     ev/sec=22604.2   simsec/sec=1.51518   ev/simsec=14918.4
     Messages:  created: 2642567   present: 1041   in FES: 100
** Event #2800128   t=223.582113271952   Elapsed: 136.65s (2m 16s)  44% completed  (72% total)
     Speed:     ev/sec=22389.1   simsec/sec=1.48936   ev/simsec=15032.7
     Messages:  created: 2689850   present: 1044   in FES: 99
** Event #2845696   t=226.522372707501   Elapsed: 138.665s (2m 18s)  45% completed  (72% total)
     Speed:     ev/sec=22619.2   simsec/sec=1.4595   ev/simsec=15498
     Messages:  created: 2738647   present: 1106   in FES: 121
** Event #2892288   t=229.222947054367   Elapsed: 140.665s (2m 20s)  45% completed  (72% total)
     Speed:     ev/sec=23295.2   simsec/sec=1.35024   ev/simsec=17252.6
     Messages:  created: 2788110   present: 1116   in FES: 146
** Event #2936320   t=232.05663459368   Elapsed: 142.668s (2m 22s)  46% completed  (73% total)
     Speed:     ev/sec=21978.3   simsec/sec=1.41442   ev/simsec=15538.8
     Messages:  created: 2834005   present: 1099   in FES: 126
** Event #2978560   t=234.620732303476   Elapsed: 144.672s (2m 24s)  46% completed  (73% total)
     Speed:     ev/sec=21085.2   simsec/sec=1.27993   ev/simsec=16473.6
     Messages:  created: 2878083   present: 1024   in FES: 97
** Event #3021568   t=237.555795822161   Elapsed: 146.683s (2m 26s)  47% completed  (73% total)
     Speed:     ev/sec=21382.2   simsec/sec=1.45922   ev/simsec=14653.2
     Messages:  created: 2922445   present: 1028   in FES: 97
** Event #3065856   t=240.517436486067   Elapsed: 148.686s (2m 28s)  48% completed  (74% total)
     Speed:     ev/sec=22105.8   simsec/sec=1.47826   ev/simsec=14953.9
     Messages:  created: 2967669   present: 1050   in FES: 103
** Event #3104768   t=243.03642879791   Elapsed: 150.692s (2m 30s)  48% completed  (74% total)
     Speed:     ev/sec=19402.2   simsec/sec=1.25601   ev/simsec=15447.4
     Messages:  created: 3006985   present: 1089   in FES: 118
** Event #3144704   t=245.578357670095   Elapsed: 152.713s (2m 32s)  49% completed  (74% total)
     Speed:     ev/sec=19755.6   simsec/sec=1.25745   ev/simsec=15710.9
     Messages:  created: 3047396   present: 1097   in FES: 120
** Event #3188480   t=248.553741479974   Elapsed: 154.721s (2m 34s)  49% completed  (74% total)
     Speed:     ev/sec=21807.1   simsec/sec=1.48219   ev/simsec=14712.7
     Messages:  created: 3092643   present: 1102   in FES: 126
** Event #3233280   t=251.543859614426   Elapsed: 156.742s (2m 36s)  50% completed  (75% total)
     Speed:     ev/sec=22167.7   simsec/sec=1.47956   ev/simsec=14982.7
     Messages:  created: 3138596   present: 1110   in FES: 125
** Event #3272704   t=254.055446263482   Elapsed: 158.747s (2m 38s)  50% completed  (75% total)
     Speed:     ev/sec=19656.2   simsec/sec=1.25224   ev/simsec=15696.9
     Messages:  created: 3178801   present: 1122   in FES: 137
** Event #3318016   t=257.039676041013   Elapsed: 160.754s (2m 40s)  51% completed  (75% total)
     Speed:     ev/sec=22578.2   simsec/sec=1.48699   ev/simsec=15183.8
     Messages:  created: 3225319   present: 1106   in FES: 126
** Event #3359744   t=259.59633220115   Elapsed: 162.771s (2m 42s)  51% completed  (75% total)
     Speed:     ev/sec=20697   simsec/sec=1.2681   ev/simsec=16321.3
     Messages:  created: 3267649   present: 1108   in FES: 121
** Event #3403520   t=262.560490551617   Elapsed: 164.784s (2m 44s)  52% completed  (76% total)
     Speed:     ev/sec=21744.5   simsec/sec=1.47236   ev/simsec=14768.4
     Messages:  created: 3312817   present: 1096   in FES: 117
** Event #3446272   t=265.331329718299   Elapsed: 166.788s (2m 46s)  53% completed  (76% total)
     Speed:     ev/sec=21327.6   simsec/sec=1.38228   ev/simsec=15429.3
     Messages:  created: 3356443   present: 1097   in FES: 126
** Event #3485952   t=268.001513017458   Elapsed: 168.798s (2m 48s)  53% completed  (76% total)
     Speed:     ev/sec=19746.1   simsec/sec=1.32877   ev/simsec=14860.4
     Messages:  created: 3397698   present: 1090   in FES: 119
** Event #3528960   t=270.595890636776   Elapsed: 170.82s (2m 50s)  54% completed  (77% total)
     Speed:     ev/sec=21264.1   simsec/sec=1.28271   ev/simsec=16577.4
     Messages:  created: 3441259   present: 1039   in FES: 100
** Event #3574272   t=273.595437547827   Elapsed: 172.825s (2m 52s)  54% completed  (77% total)
     Speed:     ev/sec=22602.3   simsec/sec=1.49622   ev/simsec=15106.3
     Messages:  created: 3488187   present: 1055   in FES: 106
** Event #3620096   t=276.560256719454   Elapsed: 174.849s (2m 54s)  55% completed  (77% total)
     Speed:     ev/sec=22645.8   simsec/sec=1.46519   ev/simsec=15455.9
     Messages:  created: 3536209   present: 1095   in FES: 118
** Event #3665664   t=279.517180894939   Elapsed: 176.856s (2m 56s)  55% completed  (77% total)
     Speed:     ev/sec=22699.5   simsec/sec=1.47298   ev/simsec=15410.6
     Messages:  created: 3584304   present: 1097   in FES: 120
** Event #3707136   t=282.052423106864   Elapsed: 178.86s (2m 58s)  56% completed  (78% total)
     Speed:     ev/sec=20698.5   simsec/sec=1.26533   ev/simsec=16358.2
     Messages:  created: 3627618   present: 1045   in FES: 102
** Event #3752192   t=284.870999661691   Elapsed: 180.861s (3m 00s)  56% completed  (78% total)
     Speed:     ev/sec=22508.2   simsec/sec=1.40805   ev/simsec=15985.4
     Messages:  created: 3675960   present: 1111   in FES: 128
** Event #3796224   t=287.555403469323   Elapsed: 182.87s (3m 02s)  57% completed  (78% total)
     Speed:     ev/sec=21919.7   simsec/sec=1.33633   ev/simsec=16402.9
     Messages:  created: 3722791   present: 1093   in FES: 128
** Event #3840256   t=290.076492799914   Elapsed: 184.872s (3m 04s)  58% completed  (79% total)
     Speed:     ev/sec=21998.7   simsec/sec=1.25956   ev/simsec=17465.5
     Messages:  created: 3769506   present: 1054   in FES: 105
** Event #3881728   t=292.599153702925   Elapsed: 186.878s (3m 06s)  58% completed  (79% total)
     Speed:     ev/sec=20674.7   simsec/sec=1.2576   ev/simsec=16439.8
     Messages:  created: 3812571   present: 1109   in FES: 120
** Event #3927040   t=295.577004929261   Elapsed: 188.881s (3m 08s)  59% completed  (79% total)
     Speed:     ev/sec=22620.4   simsec/sec=1.48658   ev/simsec=15216.3
     Messages:  created: 3860037   present: 1120   in FES: 126
** Event #3971328   t=298.517061420045   Elapsed: 190.889s (3m 10s)  59% completed  (79% total)
     Speed:     ev/sec=22050.4   simsec/sec=1.46382   ev/simsec=15063.7
     Messages:  created: 3906423   present: 1042   in FES: 101
** Event #4013056   t=301.081706922018   Elapsed: 192.895s (3m 12s)  60% completed  (80% total)
     Speed:     ev/sec=20806.2   simsec/sec=1.27877   ev/simsec=16270.5
     Messages:  created: 3949117   present: 1120   in FES: 126
** Event #4053248   t=303.602792769252   Elapsed: 194.898s (3m 14s)  60% completed  (80% total)
     Speed:     ev/sec=20066.1   simsec/sec=1.25866   ev/simsec=15942.3
     Messages:  created: 3990724   present: 1114   in FES: 126
** Event #4096256   t=306.516268580515   Elapsed: 196.9s (3m 16s)  61% completed  (80% total)
     Speed:     ev/sec=21482.6   simsec/sec=1.45529   ev/simsec=14761.7
     Messages:  created: 4035087   present: 1086   in FES: 115
** Event #4133376   t=308.831596568169   Elapsed: 198.903s (3m 18s)  61% completed  (80% total)
     Speed:     ev/sec=18531.5   simsec/sec=1.15588   ev/simsec=16032.3
     Messages:  created: 4072635   present: 1053   in FES: 106
** Event #4174848   t=311.531432032722   Elapsed: 200.911s (3m 20s)  62% completed  (81% total)
     Speed:     ev/sec=20657.3   simsec/sec=1.34479   ev/simsec=15360.9
     Messages:  created: 4114668   present: 1109   in FES: 124
** Event #4215296   t=314.049269535432   Elapsed: 202.919s (3m 22s)  62% completed  (81% total)
     Speed:     ev/sec=20138.8   simsec/sec=1.25362   ev/simsec=16064.6
     Messages:  created: 4155289   present: 1077   in FES: 112
** Event #4254720   t=316.556117613897   Elapsed: 204.932s (3m 24s)  63% completed  (81% total)
     Speed:     ev/sec=19587.9   simsec/sec=1.24554   ev/simsec=15726.5
     Messages:  created: 4195460   present: 1091   in FES: 126
** Event #4296192   t=319.202943344023   Elapsed: 206.938s (3m 26s)  63% completed  (81% total)
     Speed:     ev/sec=20666.5   simsec/sec=1.31897   ev/simsec=15668.6
     Messages:  created: 4236311   present: 1021   in FES: 95
** Event #4332800   t=321.597899822519   Elapsed: 208.956s (3m 28s)  64% completed  (82% total)
     Speed:     ev/sec=18140.1   simsec/sec=1.18676   ev/simsec=15285.5
     Messages:  created: 4273026   present: 1113   in FES: 124
** Event #4375552   t=324.569240320289   Elapsed: 210.962s (3m 30s)  64% completed  (82% total)
     Speed:     ev/sec=21313.7   simsec/sec=1.48134   ev/simsec=14388.1
     Messages:  created: 4315727   present: 1097   in FES: 120
** Event #4419328   t=327.518477970039   Elapsed: 212.963s (3m 32s)  65% completed  (82% total)
     Speed:     ev/sec=21881.4   simsec/sec=1.47418   ev/simsec=14843.2
     Messages:  created: 4360608   present: 1086   in FES: 115
** Event #4464896   t=330.472216242078   Elapsed: 214.966s (3m 34s)  66% completed  (83% total)
     Speed:     ev/sec=22750.9   simsec/sec=1.47472   ev/simsec=15427.2
     Messages:  created: 4407640   present: 1079   in FES: 127
** Event #4499712   t=332.578662052859   Elapsed: 216.982s (3m 36s)  66% completed  (83% total)
     Speed:     ev/sec=17266.3   simsec/sec=1.04465   ev/simsec=16528.3
     Messages:  created: 4442625   present: 1086   in FES: 117
** Event #4540160   t=335.087791238987   Elapsed: 218.987s (3m 38s)  67% completed  (83% total)
     Speed:     ev/sec=20180.6   simsec/sec=1.25187   ev/simsec=16120.3
     Messages:  created: 4483875   present: 1109   in FES: 126
** Event #4577024   t=337.571598698283   Elapsed: 220.994s (3m 40s)  67% completed  (83% total)
     Speed:     ev/sec=18361.2   simsec/sec=1.23714   ev/simsec=14841.7
     Messages:  created: 4520848   present: 1066   in FES: 109
** Event #4619520   t=340.514136215178   Elapsed: 223.021s (3m 43s)  68% completed  (84% total)
     Speed:     ev/sec=20967.8   simsec/sec=1.45187   ev/simsec=14442
     Messages:  created: 4563613   present: 1104   in FES: 123
** Event #4654848   t=342.596613373694   Elapsed: 225.045s (3m 45s)  68% completed  (84% total)
     Speed:     ev/sec=17451.6   simsec/sec=1.02872   ev/simsec=16964.4
     Messages:  created: 4598031   present: 1071   in FES: 110
** Event #4697088   t=345.557308616481   Elapsed: 227.046s (3m 47s)  69% completed  (84% total)
     Speed:     ev/sec=21109.6   simsec/sec=1.47962   ev/simsec=14266.9
     Messages:  created: 4640528   present: 1080   in FES: 111
** Event #4733184   t=348.009535346551   Elapsed: 229.053s (3m 49s)  69% completed  (84% total)
     Speed:     ev/sec=17990   simsec/sec=1.22217   ev/simsec=14719.7
     Messages:  created: 4676459   present: 1057   in FES: 106
** Event #4774400   t=350.566529343996   Elapsed: 231.07s (3m 51s)  70% completed  (85% total)
     Speed:     ev/sec=20435.9   simsec/sec=1.26782   ev/simsec=16118.9
     Messages:  created: 4717855   present: 1120   in FES: 125
** Event #4815872   t=353.121697047272   Elapsed: 233.071s (3m 53s)  70% completed  (85% total)
     Speed:     ev/sec=20718.6   simsec/sec=1.27651   ev/simsec=16230.6
     Messages:  created: 4759758   present: 1108   in FES: 123
** Event #4853760   t=355.583301905379   Elapsed: 235.092s (3m 55s)  71% completed  (85% total)
     Speed:     ev/sec=18748.5   simsec/sec=1.2181   ev/simsec=15391.6
     Messages:  created: 4798107   present: 1064   in FES: 105
** Event #4889600   t=358.009036371007   Elapsed: 237.096s (3m 57s)  71% completed  (85% total)
     Speed:     ev/sec=17883.8   simsec/sec=1.21042   ev/simsec=14774.9
     Messages:  created: 4834622   present: 1107   in FES: 124
** Event #4929536   t=360.506513819522   Elapsed: 239.104s (3m 59s)  72% completed  (86% total)
     Speed:     ev/sec=19886.3   simsec/sec=1.24363   ev/simsec=15990.5
     Messages:  created: 4874334   present: 1084   in FES: 126
** Event #4963328   t=362.580364972612   Elapsed: 241.114s (4m 01s)  72% completed  (86% total)
     Speed:     ev/sec=16813.4   simsec/sec=1.03186   ev/simsec=16294.3
     Messages:  created: 4906879   present: 1112   in FES: 125
** Event #4995584   t=364.577358151903   Elapsed: 243.135s (4m 03s)  72% completed  (86% total)
     Speed:     ev/sec=15960.3   simsec/sec=0.988112   ev/simsec=16152.3
     Messages:  created: 4937930   present: 1052   in FES: 105
** Event #5029120   t=366.6210001332   Elapsed: 245.135s (4m 05s)  73% completed  (86% total)
     Speed:     ev/sec=16767.8   simsec/sec=1.02181   ev/simsec=16409.9
     Messages:  created: 4970697   present: 1095   in FES: 120
** Event #5069312   t=369.331551102407   Elapsed: 247.138s (4m 07s)  73% completed  (86% total)
     Speed:     ev/sec=20070.3   simsec/sec=1.35354   ev/simsec=14828
     Messages:  created: 5010447   present: 1108   in FES: 127
** Event #5106432   t=371.584951767455   Elapsed: 249.149s (4m 09s)  74% completed  (87% total)
     Speed:     ev/sec=18457.9   simsec/sec=1.1205   ev/simsec=16472.9
     Messages:  created: 5046628   present: 1050   in FES: 101
** Event #5141248   t=373.721993171377   Elapsed: 251.155s (4m 11s)  74% completed  (87% total)
     Speed:     ev/sec=17356.9   simsec/sec=1.06538   ev/simsec=16291.7
     Messages:  created: 5080599   present: 1022   in FES: 96
** Event #5177856   t=376.080883205055   Elapsed: 253.158s (4m 13s)  75% completed  (87% total)
     Speed:     ev/sec=18276.1   simsec/sec=1.17764   ev/simsec=15519.2
     Messages:  created: 5115483   present: 1067   in FES: 110
** Event #5213696   t=378.523575775208   Elapsed: 255.174s (4m 15s)  75% completed  (87% total)
     Speed:     ev/sec=17774.9   simsec/sec=1.21146   ev/simsec=14672.3
     Messages:  created: 5149490   present: 1032   in FES: 97
** Event #5246720   t=380.57194779896   Elapsed: 257.193s (4m 17s)  76% completed  (88% total)
     Speed:     ev/sec=16357.7   simsec/sec=1.01462   ev/simsec=16122.1
     Messages:  created: 5180810   present: 1108   in FES: 126
** Event #5280000   t=382.832208828015   Elapsed: 259.195s (4m 19s)  76% completed  (88% total)
     Speed:     ev/sec=16626.5   simsec/sec=1.12922   ev/simsec=14724
     Messages:  created: 5212847   present: 1045   in FES: 127
** Event #5319680   t=385.524255321296   Elapsed: 261.216s (4m 21s)  77% completed  (88% total)
     Speed:     ev/sec=19632.5   simsec/sec=1.33195   ev/simsec=14739.7
     Messages:  created: 5250712   present: 1101   in FES: 126
** Event #5351680   t=387.559376822357   Elapsed: 263.226s (4m 23s)  77% completed  (88% total)
     Speed:     ev/sec=15920.3   simsec/sec=1.01249   ev/simsec=15723.9
     Messages:  created: 5280759   present: 1066   in FES: 107
** Event #5384192   t=389.589552551099   Elapsed: 265.238s (4m 25s)  77% completed  (88% total)
     Speed:     ev/sec=16156.9   simsec/sec=1.0089   ev/simsec=16014.4
     Messages:  created: 5311245   present: 1088   in FES: 113
** Event #5419776   t=392.049214135854   Elapsed: 267.243s (4m 27s)  78% completed  (89% total)
     Speed:     ev/sec=17752.2   simsec/sec=1.22708   ev/simsec=14467
     Messages:  created: 5344958   present: 1093   in FES: 126
** Event #5453056   t=394.095801349939   Elapsed: 269.253s (4m 29s)  78% completed  (89% total)
     Speed:     ev/sec=16556.5   simsec/sec=1.01816   ev/simsec=16261.2
     Messages:  created: 5376112   present: 1026   in FES: 97
** Event #5488384   t=396.560491048726   Elapsed: 271.276s (4m 31s)  79% completed  (89% total)
     Speed:     ev/sec=17462.9   simsec/sec=1.21832   ev/simsec=14333.7
     Messages:  created: 5409590   present: 1052   in FES: 103
** Event #5523200   t=398.83155117704   Elapsed: 273.28s (4m 33s)  79% completed  (89% total)
     Speed:     ev/sec=17370.5   simsec/sec=1.13308   ev/simsec=15330.3
     Messages:  created: 5442336   present: 1095   in FES: 128
** Event #5561088   t=401.332187624256   Elapsed: 275.282s (4m 35s)  80% completed  (90% total)
     Speed:     ev/sec=18925.4   simsec/sec=1.24909   ev/simsec=15151.3
     Messages:  created: 5478317   present: 1104   in FES: 127
** Event #5593600   t=403.548583857135   Elapsed: 277.294s (4m 37s)  80% completed  (90% total)
     Speed:     ev/sec=16162.7   simsec/sec=1.10184   ev/simsec=14668.9
     Messages:  created: 5509325   present: 1108   in FES: 123
** Event #5626368   t=405.602106945013   Elapsed: 279.31s (4m 39s)  81% completed  (90% total)
     Speed:     ev/sec=16250.4   simsec/sec=1.01839   ev/simsec=15957
     Messages:  created: 5540480   present: 1097   in FES: 118
** Event #5666560   t=408.540576890512   Elapsed: 281.325s (4m 41s)  81% completed  (90% total)
     Speed:     ev/sec=19948.6   simsec/sec=1.45846   ev/simsec=13677.9
     Messages:  created: 5579460   present: 1062   in FES: 109
** Event #5703680   t=411.039727660649   Elapsed: 283.325s (4m 43s)  82% completed  (91% total)
     Speed:     ev/sec=18558.5   simsec/sec=1.24948   ev/simsec=14853
     Messages:  created: 5614981   present: 1114   in FES: 125
** Event #5743104   t=413.586742918245   Elapsed: 285.335s (4m 45s)  82% completed  (91% total)
     Speed:     ev/sec=19615   simsec/sec=1.26724   ev/simsec=15478.5
     Messages:  created: 5652781   present: 1097   in FES: 116
** Event #5785600   t=416.579187109851   Elapsed: 287.359s (4m 47s)  83% completed  (91% total)
     Speed:     ev/sec=20996.6   simsec/sec=1.47852   ev/simsec=14201.1
     Messages:  created: 5693913   present: 1024   in FES: 97
** Event #5829376   t=419.582179929433   Elapsed: 289.361s (4m 49s)  83% completed  (91% total)
     Speed:     ev/sec=21861.2   simsec/sec=1.49966   ev/simsec=14577.5
     Messages:  created: 5736855   present: 1102   in FES: 155
** Event #5872896   t=422.590059012287   Elapsed: 291.368s (4m 51s)  84% completed  (92% total)
     Speed:     ev/sec=21688.1   simsec/sec=1.49897   ev/simsec=14468.7
     Messages:  created: 5779204   present: 1054   in FES: 101
** Event #5916928   t=425.609156832451   Elapsed: 293.379s (4m 53s)  85% completed  (92% total)
     Speed:     ev/sec=21892.5   simsec/sec=1.50108   ev/simsec=14584.5
     Messages:  created: 5822092   present: 1113   in FES: 124
** Event #5959936   t=428.608998410673   Elapsed: 295.395s (4m 55s)  85% completed  (92% total)
     Speed:     ev/sec=21330.1   simsec/sec=1.48779   ev/simsec=14336.8
     Messages:  created: 5864018   present: 1035   in FES: 98
** Event #6005760   t=432.024309546625   Elapsed: 297.408s (4m 57s)  86% completed  (93% total)
     Speed:     ev/sec=22772.9   simsec/sec=1.69729   ev/simsec=13417.2
     Messages:  created: 5909364   present: 1044   in FES: 103
** Event #6048256   t=435.035468712871   Elapsed: 299.408s (4m 59s)  87% completed  (93% total)
     Speed:     ev/sec=21242.2   simsec/sec=1.50517   ev/simsec=14112.8
     Messages:  created: 5951111   present: 1081   in FES: 116
** Event #6097152   t=438.5242522592   Elapsed: 301.416s (5m 01s)  87% completed  (93% total)
     Speed:     ev/sec=24348.3   simsec/sec=1.73728   ev/simsec=14015.2
     Messages:  created: 5999343   present: 1099   in FES: 120
** Event #6142720   t=441.586395105132   Elapsed: 303.427s (5m 03s)  88% completed  (94% total)
     Speed:     ev/sec=22667.5   simsec/sec=1.52324   ev/simsec=14881.1
     Messages:  created: 6044034   present: 1115   in FES: 120
** Event #6194688   t=445.33159482465   Elapsed: 305.428s (5m 05s)  89% completed  (94% total)
     Speed:     ev/sec=25966.2   simsec/sec=1.87132   ev/simsec=13875.9
     Messages:  created: 6095888   present: 1114   in FES: 138
** Event #6241792   t=448.555415776487   Elapsed: 307.44s (5m 07s)  89% completed  (94% total)
     Speed:     ev/sec=23410.4   simsec/sec=1.60222   ev/simsec=14611.2
     Messages:  created: 6143675   present: 1118   in FES: 146
** Event #6290176   t=451.613559989474   Elapsed: 309.451s (5m 09s)  90% completed  (95% total)
     Speed:     ev/sec=24066.3   simsec/sec=1.52112   ev/simsec=15821.4
     Messages:  created: 6192994   present: 1023   in FES: 96
** Event #6350080   t=455.564473942598   Elapsed: 311.451s (5m 11s)  91% completed  (95% total)
     Speed:     ev/sec=29946.9   simsec/sec=1.97512   ev/simsec=15162.1
     Messages:  created: 6254660   present: 1105   in FES: 120
** Event #6407168   t=459.089295980187   Elapsed: 313.453s (5m 13s)  91% completed  (95% total)
     Speed:     ev/sec=28508.4   simsec/sec=1.76022   ev/simsec=16196
     Messages:  created: 6313214   present: 1099   in FES: 116
** Event #6460928   t=462.587563156142   Elapsed: 315.459s (5m 15s)  92% completed  (96% total)
     Speed:     ev/sec=26808.3   simsec/sec=1.74447   ev/simsec=15367.6
     Messages:  created: 6368331   present: 1124   in FES: 125
** Event #6521344   t=466.556747234913   Elapsed: 317.462s (5m 17s)  93% completed  (96% total)
     Speed:     ev/sec=30155.7   simsec/sec=1.98116   ev/simsec=15221.3
     Messages:  created: 6429813   present: 1091   in FES: 116
** Event #6583808   t=470.542776539317   Elapsed: 319.471s (5m 19s)  94% completed  (97% total)
     Speed:     ev/sec=31098.3   simsec/sec=1.98449   ev/simsec=15670.7
     Messages:  created: 6493146   present: 1104   in FES: 123
** Event #6648320   t=474.592902627033   Elapsed: 321.482s (5m 21s)  94% completed  (97% total)
     Speed:     ev/sec=32079.7   simsec/sec=2.014   ev/simsec=15928.4
     Messages:  created: 6558548   present: 1114   in FES: 125
** Event #6710016   t=478.535368388532   Elapsed: 323.501s (5m 23s)  95% completed  (97% total)
     Speed:     ev/sec=30556.8   simsec/sec=1.95263   ev/simsec=15649.1
     Messages:  created: 6621006   present: 1107   in FES: 124
** Event #6772992   t=482.122009175087   Elapsed: 325.505s (5m 25s)  96% completed  (98% total)
     Speed:     ev/sec=31429.3   simsec/sec=1.78998   ev/simsec=17558.5
     Messages:  created: 6684043   present: 1098   in FES: 127
** Event #6835456   t=486.055180469702   Elapsed: 327.505s (5m 27s)  97% completed  (98% total)
     Speed:     ev/sec=31227.8   simsec/sec=1.96632   ev/simsec=15881.3
     Messages:  created: 6746710   present: 1092   in FES: 126
** Event #6901504   t=490.09585614043   Elapsed: 329.506s (5m 29s)  98% completed  (99% total)
     Speed:     ev/sec=33008.3   simsec/sec=2.01938   ev/simsec=16345.8
     Messages:  created: 6813705   present: 1094   in FES: 119
** Event #6968320   t=494.209519898846   Elapsed: 331.509s (5m 31s)  98% completed  (99% total)
     Speed:     ev/sec=33350.3   simsec/sec=2.05328   ev/simsec=16242.5
     Messages:  created: 6881142   present: 1109   in FES: 150
** Event #7044864   t=498.512446835744   Elapsed: 333.514s (5m 33s)  99% completed  (99% total)
     Speed:     ev/sec=38173.6   simsec/sec=2.14593   ev/simsec=17788.8
     Messages:  created: 6963413   present: 1102   in FES: 121
** Event #7068961   t=500   Elapsed: 334.3s (5m 34s)  100% completed  (100% total)
     Speed:     ev/sec=30682   simsec/sec=1.89221   ev/simsec=16214.9
     Messages:  created: 6987922   present: 1027   in FES: 95

<!> Simulation time limit reached -- at t=500s, event #7068961
undisposed object: (omnetpp::cMessage) FanetStressNetwork.uav[0].app.debugTimer -- check module destructor
undisposed object: (omnetpp::cMessage) FanetStressNetwork.uav[1].app.debugTimer -- check module destructor
undisposed object: (omnetpp::cMessage) FanetStressNetwork.uav[2].app.debugTimer -- check module destructor
undisposed object: (omnetpp::cMessage) FanetStressNetwork.uav[3].app.debugTimer -- check module destructor
undisposed object: (omnetpp::cMessage) FanetStressNetwork.uav[4].app.debugTimer -- check module destructor
undisposed object: (omnetpp::cMessage) FanetStressNetwork.uav[5].app.debugTimer -- check module destructor
undisposed object: (omnetpp::cMessage) FanetStressNetwork.uav[6].app.debugTimer -- check module destructor
undisposed object: (omnetpp::cMessage) FanetStressNetwork.uav[7].app.debugTimer -- check module destructor
undisposed object: (omnetpp::cMessage) FanetStressNetwork.uav[8].app.debugTimer -- check module destructor
undisposed object: (omnetpp::cMessage) FanetStressNetwork.uav[9].app.debugTimer -- check module destructor
undisposed object: (omnetpp::cMessage) FanetStressNetwork.uav[10].app.debugTimer -- check module destructor
undisposed object: (omnetpp::cMessage) FanetStressNetwork.uav[11].app.debugTimer -- check module destructor
undisposed object: (omnetpp::cMessage) FanetStressNetwork.uav[12].app.debugTimer -- check module destructor
undisposed object: (omnetpp::cMessage) FanetStressNetwork.uav[13].app.debugTimer -- check module destructor
undisposed object: (omnetpp::cMessage) FanetStressNetwork.uav[14].app.debugTimer -- check module destructor
undisposed object: (omnetpp::cMessage) FanetStressNetwork.uav[15].app.debugTimer -- check module destructor
undisposed object: (omnetpp::cMessage) FanetStressNetwork.uav[16].app.debugTimer -- check module destructor
undisposed object: (omnetpp::cMessage) FanetStressNetwork.uav[17].app.debugTimer -- check module destructor
undisposed object: (omnetpp::cMessage) FanetStressNetwork.uav[18].app.debugTimer -- check module destructor
undisposed object: (omnetpp::cMessage) FanetStressNetwork.uav[19].app.debugTimer -- check module destructor
undisposed object: (omnetpp::cMessage) FanetStressNetwork.uav[20].app.debugTimer -- check module destructor
undisposed object: (omnetpp::cMessage) FanetStressNetwork.uav[21].app.debugTimer -- check module destructor
undisposed object: (omnetpp::cMessage) FanetStressNetwork.uav[22].app.debugTimer -- check module destructor
undisposed object: (omnetpp::cMessage) FanetStressNetwork.uav[23].app.debugTimer -- check module destructor
undisposed object: (omnetpp::cMessage) FanetStressNetwork.uav[24].app.debugTimer -- check module destructor
undisposed object: (omnetpp::cMessage) FanetStressNetwork.uav[25].app.debugTimer -- check module destructor
undisposed object: (omnetpp::cMessage) FanetStressNetwork.uav[26].app.debugTimer -- check module destructor
undisposed object: (omnetpp::cMessage) FanetStressNetwork.uav[27].app.debugTimer -- check module destructor
undisposed object: (omnetpp::cMessage) FanetStressNetwork.uav[28].app.debugTimer -- check module destructor
undisposed object: (omnetpp::cMessage) FanetStressNetwork.uav[29].app.debugTimer -- check module destructor
