** Event #0   t=0   Elapsed: 7e-06s (0m 00s)  0% completed  (50% total)
     Speed:     ev/sec=0   simsec/sec=0   ev/simsec=0
     Messages:  created: 1081   present: 1081   in FES: 161
** Event #54016   t=6.038858450042   Elapsed: 2.00179s (0m 02s)  1% completed  (50% total)
     Speed:     ev/sec=26984.4   simsec/sec=3.01673   ev/simsec=8944.9
     Messages:  created: 46088   present: 1109   in FES: 124
** Event #97024   t=10.591500570986   Elapsed: 4.00567s (0m 04s)  2% completed  (51% total)
     Speed:     ev/sec=21462.5   simsec/sec=2.27192   ev/simsec=9446.82
     Messages:  created: 81555   present: 1105   in FES: 122
** Event #140032   t=15.563102384281   Elapsed: 6.01685s (0m 06s)  3% completed  (51% total)
     Speed:     ev/sec=21384.4   simsec/sec=2.47198   ev/simsec=8650.73
     Messages:  created: 117100   present: 1078   in FES: 111
** Event #192512   t=21.53597094678   Elapsed: 8.03042s (0m 08s)  4% completed  (52% total)
     Speed:     ev/sec=26063.1   simsec/sec=2.9663   ev/simsec=8786.4
     Messages:  created: 160244   present: 1109   in FES: 124
** Event #240384   t=26.607415746071   Elapsed: 10.039s (0m 10s)  5% completed  (52% total)
     Speed:     ev/sec=23833.4   simsec/sec=2.52485   ev/simsec=9439.52
     Messages:  created: 199897   present: 1089   in FES: 118
** Event #294144   t=32.594558246941   Elapsed: 12.0398s (0m 12s)  6% completed  (53% total)
     Speed:     ev/sec=26870.3   simsec/sec=2.99249   ev/simsec=8979.24
     Messages:  created: 244231   present: 1114   in FES: 126
** Event #344832   t=38.553071672963   Elapsed: 14.0528s (0m 14s)  7% completed  (53% total)
     Speed:     ev/sec=25180.1   simsec/sec=2.95999   ev/simsec=8506.82
     Messages:  created: 285942   present: 1109   in FES: 126
** Event #392192   t=44.044682153602   Elapsed: 16.0588s (0m 16s)  8% completed  (54% total)
     Speed:     ev/sec=23608.4   simsec/sec=2.7375   ev/simsec=8624.06
     Messages:  created: 325673   present: 1065   in FES: 110
** Event #446976   t=50.557101298368   Elapsed: 18.0687s (0m 18s)  10% completed  (55% total)
     Speed:     ev/sec=27257.9   simsec/sec=3.24027   ev/simsec=8412.23
     Messages:  created: 372449   present: 1084   in FES: 115
** Event #503296   t=57.553096118437   Elapsed: 20.0723s (0m 20s)  11% completed  (55% total)
     Speed:     ev/sec=28109   simsec/sec=3.49166   ev/simsec=8050.32
     Messages:  created: 421676   present: 1109   in FES: 124
** Event #562944   t=64.601005974776   Elapsed: 22.0739s (0m 22s)  12% completed  (56% total)
     Speed:     ev/sec=29799.8   simsec/sec=3.52109   ev/simsec=8463.22
     Messages:  created: 473111   present: 1074   in FES: 113
** Event #624896   t=72.093965288219   Elapsed: 24.0775s (0m 24s)  14% completed  (57% total)
     Speed:     ev/sec=30920.6   simsec/sec=3.73978   ev/simsec=8268.03
     Messages:  created: 526408   present: 1094   in FES: 119
** Event #680960   t=79.047069407084   Elapsed: 26.0785s (0m 26s)  15% completed  (57% total)
     Speed:     ev/sec=28018.4   simsec/sec=3.47487   ev/simsec=8063.16
     Messages:  created: 574010   present: 1072   in FES: 111
** Event #734464   t=85.060789146577   Elapsed: 28.0831s (0m 28s)  17% completed  (58% total)
     Speed:     ev/sec=26689.9   simsec/sec=2.99989   ev/simsec=8896.99
     Messages:  created: 618719   present: 1100   in FES: 119
** Event #784128   t=90.569608190734   Elapsed: 30.0852s (0m 30s)  18% completed  (59% total)
     Speed:     ev/sec=24806.1   simsec/sec=2.75153   ev/simsec=9015.36
     Messages:  created: 659364   present: 1077   in FES: 112
** Event #831488   t=95.590242440769   Elapsed: 32.0972s (0m 32s)  19% completed  (59% total)
     Speed:     ev/sec=23539.3   simsec/sec=2.4954   ev/simsec=9433.07
     Messages:  created: 698077   present: 1063   in FES: 108
** Event #878080   t=100.585025289049   Elapsed: 34.11s (0m 34s)  20% completed  (60% total)
     Speed:     ev/sec=23147.4   simsec/sec=2.48146   ev/simsec=9328.13
     Messages:  created: 736000   present: 1072   in FES: 111
** Event #938752   t=104.525125894021   Elapsed: 36.1105s (0m 36s)  20% completed  (60% total)
     Speed:     ev/sec=30329   simsec/sec=1.9696   ev/simsec=15398.6
     Messages:  created: 799849   present: 1086   in FES: 117
** Event #991232   t=107.58935414417   Elapsed: 38.1251s (0m 38s)  21% completed  (60% total)
     Speed:     ev/sec=26049.8   simsec/sec=1.52101   ev/simsec=17126.7
     Messages:  created: 854387   present: 1086   in FES: 126
** Event #1040384   t=110.572302674654   Elapsed: 40.1531s (0m 40s)  22% completed  (61% total)
     Speed:     ev/sec=24236.5   simsec/sec=1.47087   ev/simsec=16477.7
     Messages:  created: 905833   present: 1073   in FES: 110
** Event #1090816   t=113.589525491861   Elapsed: 42.1654s (0m 42s)  22% completed  (61% total)
     Speed:     ev/sec=25061.5   simsec/sec=1.49937   ev/simsec=16714.7
     Messages:  created: 958175   present: 1058   in FES: 105
** Event #1144320   t=117.047214415051   Elapsed: 44.1666s (0m 44s)  23% completed  (61% total)
     Speed:     ev/sec=26736.9   simsec/sec=1.72787   ev/simsec=15473.9
     Messages:  created: 1014431   present: 1093   in FES: 118
** Event #1202432   t=120.550726123671   Elapsed: 46.1838s (0m 46s)  24% completed  (62% total)
     Speed:     ev/sec=28808.4   simsec/sec=1.73683   ev/simsec=16586.8
     Messages:  created: 1074978   present: 1074   in FES: 113
** Event #1253632   t=123.574503405202   Elapsed: 48.1892s (0m 48s)  24% completed  (62% total)
     Speed:     ev/sec=25530.5   simsec/sec=1.50778   ev/simsec=16932.5
     Messages:  created: 1128105   present: 1038   in FES: 117
** Event #1303296   t=126.587890155508   Elapsed: 50.1948s (0m 50s)  25% completed  (62% total)
     Speed:     ev/sec=24762.6   simsec/sec=1.50248   ev/simsec=16481.1
     Messages:  created: 1178972   present: 1066   in FES: 109
** Event #1359360   t=130.049755160807   Elapsed: 52.1967s (0m 52s)  26% completed  (63% total)
     Speed:     ev/sec=28005.4   simsec/sec=1.72929   ev/simsec=16194.7
     Messages:  created: 1237243   present: 1105   in FES: 122
** Event #1414400   t=133.526917048709   Elapsed: 54.2017s (0m 54s)  26% completed  (63% total)
     Speed:     ev/sec=27450.8   simsec/sec=1.73421   ev/simsec=15829
     Messages:  created: 1293726   present: 1107   in FES: 126
** Event #1472512   t=137.23777532958   Elapsed: 56.2037s (0m 56s)  27% completed  (63% total)
     Speed:     ev/sec=29027.5   simsec/sec=1.85361   ev/simsec=15660
     Messages:  created: 1353590   present: 1105   in FES: 145
** Event #1534464   t=140.544951017997   Elapsed: 58.2069s (0m 58s)  28% completed  (64% total)
     Speed:     ev/sec=30927.1   simsec/sec=1.65098   ev/simsec=18732.6
     Messages:  created: 1422262   present: 1091   in FES: 118
** Event #1594624   t=143.566691492799   Elapsed: 60.2129s (1m 00s)  28% completed  (64% total)
     Speed:     ev/sec=29989.9   simsec/sec=1.50634   ev/simsec=19909.1
     Messages:  created: 1489219   present: 1067   in FES: 108
** Event #1654016   t=147.35965856745   Elapsed: 62.2135s (1m 02s)  29% completed  (64% total)
     Speed:     ev/sec=29687.4   simsec/sec=1.89593   ev/simsec=15658.5
     Messages:  created: 1552496   present: 1045   in FES: 116
** Event #1712640   t=151.547951374988   Elapsed: 64.222s (1m 04s)  30% completed  (65% total)
     Speed:     ev/sec=29187.8   simsec/sec=2.08528   ev/simsec=13997.1
     Messages:  created: 1612726   present: 1086   in FES: 115
** Event #1767424   t=155.559921482744   Elapsed: 66.2281s (1m 06s)  31% completed  (65% total)
     Speed:     ev/sec=27308.2   simsec/sec=1.99985   ev/simsec=13655.1
     Messages:  created: 1667367   present: 1107   in FES: 122
** Event #1824000   t=159.532786595993   Elapsed: 68.2422s (1m 08s)  31% completed  (65% total)
     Speed:     ev/sec=28089.5   simsec/sec=1.9725   ev/simsec=14240.6
     Messages:  created: 1724674   present: 1072   in FES: 111
** Event #1879296   t=163.110264265166   Elapsed: 70.2481s (1m 10s)  32% completed  (66% total)
     Speed:     ev/sec=27566.8   simsec/sec=1.78348   ev/simsec=15456.7
     Messages:  created: 1780165   present: 1095   in FES: 143
** Event #1934336   t=167.079457128423   Elapsed: 72.2494s (1m 12s)  33% completed  (66% total)
     Speed:     ev/sec=27502   simsec/sec=1.9833   ev/simsec=13866.8
     Messages:  created: 1834611   present: 1103   in FES: 118
** Event #1983488   t=170.737765112027   Elapsed: 74.2582s (1m 14s)  34% completed  (67% total)
     Speed:     ev/sec=24468.7   simsec/sec=1.82117   ev/simsec=13435.7
     Messages:  created: 1883663   present: 1058   in FES: 124
** Event #2041088   t=174.738299480251   Elapsed: 76.2621s (1m 16s)  34% completed  (67% total)
     Speed:     ev/sec=28744.1   simsec/sec=1.99638   ev/simsec=14398.1
     Messages:  created: 1942029   present: 1102   in FES: 126
** Event #2096640   t=178.603017894385   Elapsed: 78.27s (1m 18s)  35% completed  (67% total)
     Speed:     ev/sec=27666.7   simsec/sec=1.92476   ev/simsec=14374.1
     Messages:  created: 1999275   present: 1076   in FES: 113
** Event #2156288   t=183.044628858656   Elapsed: 80.277s (1m 20s)  36% completed  (68% total)
     Speed:     ev/sec=29719.8   simsec/sec=2.21305   ev/simsec=13429.4
     Messages:  created: 2060905   present: 1106   in FES: 126
** Event #2211328   t=186.86043957156   Elapsed: 82.2804s (1m 22s)  37% completed  (68% total)
     Speed:     ev/sec=27473.5   simsec/sec=1.90468   ev/simsec=14424.2
     Messages:  created: 2117411   present: 1067   in FES: 108
** Event #2265344   t=190.562757530617   Elapsed: 84.2875s (1m 24s)  38% completed  (69% total)
     Speed:     ev/sec=26912   simsec/sec=1.84458   ev/simsec=14589.8
     Messages:  created: 2171561   present: 1107   in FES: 126
** Event #2322688   t=194.557211184174   Elapsed: 86.2934s (1m 26s)  38% completed  (69% total)
     Speed:     ev/sec=28587.6   simsec/sec=1.99135   ev/simsec=14355.9
     Messages:  created: 2229364   present: 1116   in FES: 125
** Event #2374912   t=198.074501355065   Elapsed: 88.3006s (1m 28s)  39% completed  (69% total)
     Speed:     ev/sec=26019.2   simsec/sec=1.7524   ev/simsec=14847.8
     Messages:  created: 2281976   present: 1109   in FES: 128
** Event #2424832   t=201.579338439084   Elapsed: 90.3036s (1m 30s)  40% completed  (70% total)
     Speed:     ev/sec=24922.7   simsec/sec=1.7498   ev/simsec=14243.2
     Messages:  created: 2332023   present: 1088   in FES: 113
** Event #2477312   t=205.554068275947   Elapsed: 92.3166s (1m 32s)  41% completed  (70% total)
     Speed:     ev/sec=26070.3   simsec/sec=1.97451   ev/simsec=13203.4
     Messages:  created: 2384309   present: 1107   in FES: 122
** Event #2530304   t=209.562168722318   Elapsed: 94.3274s (1m 34s)  41% completed  (70% total)
     Speed:     ev/sec=26353.3   simsec/sec=1.99326   ev/simsec=13221.2
     Messages:  created: 2436659   present: 1078   in FES: 113
** Event #2584320   t=213.607574935272   Elapsed: 96.3341s (1m 36s)  42% completed  (71% total)
     Speed:     ev/sec=26918.1   simsec/sec=2.01597   ev/simsec=13352.4
     Messages:  created: 2489765   present: 1086   in FES: 147
** Event #2643456   t=218.516364149832   Elapsed: 98.3409s (1m 38s)  43% completed  (71% total)
     Speed:     ev/sec=29467.8   simsec/sec=2.44608   ev/simsec=12047
     Messages:  created: 2548479   present: 1059   in FES: 108
** Event #2696960   t=222.561799313012   Elapsed: 100.356s (1m 40s)  44% completed  (72% total)
     Speed:     ev/sec=26550   simsec/sec=2.00744   ev/simsec=13225.8
     Messages:  created: 2600501   present: 1116   in FES: 126
** Event #2750208   t=226.571876905563   Elapsed: 102.362s (1m 42s)  45% completed  (72% total)
     Speed:     ev/sec=26543.4   simsec/sec=1.99897   ev/simsec=13278.5
     Messages:  created: 2652427   present: 1108   in FES: 121
** Event #2802176   t=230.561246506124   Elapsed: 104.372s (1m 44s)  46% completed  (73% total)
     Speed:     ev/sec=25857.8   simsec/sec=1.985   ev/simsec=13026.6
     Messages:  created: 2702496   present: 1092   in FES: 117
** Event #2855168   t=234.515438668953   Elapsed: 106.387s (1m 46s)  46% completed  (73% total)
     Speed:     ev/sec=26291.7   simsec/sec=1.96185   ev/simsec=13401.5
     Messages:  created: 2752746   present: 1077   in FES: 114
** Event #2899200   t=237.561185848821   Elapsed: 108.407s (1m 48s)  47% completed  (73% total)
     Speed:     ev/sec=21804.4   simsec/sec=1.50824   ev/simsec=14456.9
     Messages:  created: 2793795   present: 1098   in FES: 126
** Event #2945536   t=241.005338898128   Elapsed: 110.41s (1m 50s)  48% completed  (74% total)
     Speed:     ev/sec=23135.4   simsec/sec=1.71965   ev/simsec=13453.5
     Messages:  created: 2837467   present: 1063   in FES: 110
** Event #2995456   t=244.552863312172   Elapsed: 112.42s (1m 52s)  48% completed  (74% total)
     Speed:     ev/sec=24836.9   simsec/sec=1.76501   ev/simsec=14071.8
     Messages:  created: 2884359   present: 1078   in FES: 113
** Event #3043328   t=248.034035543628   Elapsed: 114.422s (1m 54s)  49% completed  (74% total)
     Speed:     ev/sec=23903.1   simsec/sec=1.7382   ev/simsec=13751.7
     Messages:  created: 2929627   present: 1100   in FES: 126
** Event #3092480   t=251.566584385616   Elapsed: 116.425s (1m 56s)  50% completed  (75% total)
     Speed:     ev/sec=24549.5   simsec/sec=1.76437   ev/simsec=13914
     Messages:  created: 2975974   present: 1028   in FES: 97
** Event #3146752   t=254.542991524449   Elapsed: 118.438s (1m 58s)  50% completed  (75% total)
     Speed:     ev/sec=26959.5   simsec/sec=1.47852   ev/simsec=18234.1
     Messages:  created: 3033337   present: 1071   in FES: 112
** Event #3193344   t=257.565616727721   Elapsed: 120.463s (2m 00s)  51% completed  (75% total)
     Speed:     ev/sec=23009.2   simsec/sec=1.4927   ev/simsec=15414.4
     Messages:  created: 3078712   present: 1064   in FES: 105
** Event #3248384   t=261.527703086047   Elapsed: 122.465s (2m 02s)  52% completed  (76% total)
     Speed:     ev/sec=27490.9   simsec/sec=1.97895   ev/simsec=13891.7
     Messages:  created: 3132258   present: 1092   in FES: 126
** Event #3295744   t=264.583560910452   Elapsed: 124.473s (2m 04s)  52% completed  (76% total)
     Speed:     ev/sec=23579.5   simsec/sec=1.52144   ev/simsec=15498.1
     Messages:  created: 3177771   present: 1100   in FES: 117
** Event #3343104   t=268.01797055566   Elapsed: 126.474s (2m 06s)  53% completed  (76% total)
     Speed:     ev/sec=23665.7   simsec/sec=1.71616   ev/simsec=13789.9
     Messages:  created: 3223782   present: 1057   in FES: 108
** Event #3393024   t=271.237764849439   Elapsed: 128.476s (2m 08s)  54% completed  (77% total)
     Speed:     ev/sec=24943.5   simsec/sec=1.60883   ev/simsec=15504.1
     Messages:  created: 3271735   present: 1071   in FES: 127
** Event #3439104   t=274.523854327499   Elapsed: 130.489s (2m 10s)  54% completed  (77% total)
     Speed:     ev/sec=22884.2   simsec/sec=1.63194   ev/simsec=14022.7
     Messages:  created: 3316955   present: 1046   in FES: 103
** Event #3486464   t=277.577101628114   Elapsed: 132.491s (2m 12s)  55% completed  (77% total)
     Speed:     ev/sec=23654.9   simsec/sec=1.52501   ev/simsec=15511.4
     Messages:  created: 3363183   present: 1132   in FES: 126
** Event #3539968   t=281.061534913049   Elapsed: 134.495s (2m 14s)  56% completed  (78% total)
     Speed:     ev/sec=26701.2   simsec/sec=1.73891   ev/simsec=15355.2
     Messages:  created: 3416829   present: 1033   in FES: 96
** Event #3597056   t=284.574513389528   Elapsed: 136.496s (2m 16s)  56% completed  (78% total)
     Speed:     ev/sec=28534.7   simsec/sec=1.75592   ev/simsec=16250.6
     Messages:  created: 3475461   present: 1121   in FES: 139
** Event #3655168   t=288.54320584457   Elapsed: 138.513s (2m 18s)  57% completed  (78% total)
     Speed:     ev/sec=28810   simsec/sec=1.96754   ev/simsec=14642.6
     Messages:  created: 3534361   present: 1050   in FES: 105
** Event #3706112   t=292.038859445926   Elapsed: 140.515s (2m 20s)  58% completed  (79% total)
     Speed:     ev/sec=25444.2   simsec/sec=1.74592   ev/simsec=14573.5
     Messages:  created: 3585369   present: 1076   in FES: 113
** Event #3758080   t=295.549628698546   Elapsed: 142.539s (2m 22s)  59% completed  (79% total)
     Speed:     ev/sec=25673.5   simsec/sec=1.73441   ev/simsec=14802.5
     Messages:  created: 3637398   present: 1106   in FES: 126
** Event #3815936   t=299.52003319494   Elapsed: 144.553s (2m 24s)  59% completed  (79% total)
     Speed:     ev/sec=28730.1   simsec/sec=1.97162   ev/simsec=14571.8
     Messages:  created: 3696581   present: 1109   in FES: 126
** Event #3868928   t=303.061500338976   Elapsed: 146.557s (2m 26s)  60% completed  (80% total)
     Speed:     ev/sec=26447.9   simsec/sec=1.76752   ev/simsec=14963.3
     Messages:  created: 3750033   present: 1103   in FES: 120
** Event #3928576   t=307.357343207525   Elapsed: 148.564s (2m 28s)  61% completed  (80% total)
     Speed:     ev/sec=29723.8   simsec/sec=2.1407   ev/simsec=13885.1
     Messages:  created: 3811031   present: 1100   in FES: 126
** Event #3986944   t=311.521185117579   Elapsed: 150.579s (2m 30s)  62% completed  (81% total)
     Speed:     ev/sec=28964   simsec/sec=2.06622   ev/simsec=14017.8
     Messages:  created: 3871340   present: 1081   in FES: 114
** Event #4048128   t=315.860112947953   Elapsed: 152.581s (2m 32s)  63% completed  (81% total)
     Speed:     ev/sec=30553.9   simsec/sec=2.16676   ev/simsec=14101.2
     Messages:  created: 3934949   present: 1103   in FES: 126
** Event #4105216   t=320.027970814047   Elapsed: 154.583s (2m 34s)  64% completed  (82% total)
     Speed:     ev/sec=28515.3   simsec/sec=2.08184   ev/simsec=13697.2
     Messages:  created: 3993558   present: 1046   in FES: 101
** Event #4166144   t=324.51808203188   Elapsed: 156.592s (2m 36s)  64% completed  (82% total)
     Speed:     ev/sec=30325.5   simsec/sec=2.23485   ev/simsec=13569.4
     Messages:  created: 4054696   present: 1078   in FES: 113
** Event #4221440   t=328.528854171247   Elapsed: 158.602s (2m 38s)  65% completed  (82% total)
     Speed:     ev/sec=27517.5   simsec/sec=1.99592   ev/simsec=13786.9
     Messages:  created: 4109386   present: 1064   in FES: 109
** Event #4273408   t=332.075859710186   Elapsed: 160.602s (2m 40s)  66% completed  (83% total)
     Speed:     ev/sec=25977.6   simsec/sec=1.77307   ev/simsec=14651.2
     Messages:  created: 4160099   present: 1113   in FES: 126
** Event #4321792   t=335.560700533366   Elapsed: 162.611s (2m 42s)  67% completed  (83% total)
     Speed:     ev/sec=24088.1   simsec/sec=1.73494   ev/simsec=13884.1
     Messages:  created: 4207722   present: 1091   in FES: 126
** Event #4377088   t=339.560888697001   Elapsed: 164.631s (2m 44s)  67% completed  (83% total)
     Speed:     ev/sec=27368.3   simsec/sec=1.97986   ev/simsec=13823.3
     Messages:  created: 4261436   present: 1112   in FES: 123
** Event #4431360   t=343.533778631457   Elapsed: 166.632s (2m 46s)  68% completed  (84% total)
     Speed:     ev/sec=27125.1   simsec/sec=1.98565   ev/simsec=13660.6
     Messages:  created: 4314897   present: 1087   in FES: 116
** Event #4483840   t=347.525031172244   Elapsed: 168.642s (2m 48s)  69% completed  (84% total)
     Speed:     ev/sec=26109.4   simsec/sec=1.98569   ev/simsec=13148.8
     Messages:  created: 4365385   present: 1088   in FES: 126
** Event #4531200   t=351.034036197713   Elapsed: 170.647s (2m 50s)  70% completed  (85% total)
     Speed:     ev/sec=23627.8   simsec/sec=1.75064   ev/simsec=13496.7
     Messages:  created: 4410612   present: 1101   in FES: 126
** Event #4581120   t=354.565609525929   Elapsed: 172.653s (2m 52s)  70% completed  (85% total)
     Speed:     ev/sec=24883.4   simsec/sec=1.76037   ev/simsec=14135.3
     Messages:  created: 4457635   present: 1042   in FES: 97
** Event #4626944   t=358.01796998605   Elapsed: 174.663s (2m 54s)  71% completed  (85% total)
     Speed:     ev/sec=22798.9   simsec/sec=1.71766   ev/simsec=13273.2
     Messages:  created: 4500980   present: 1096   in FES: 121
** Event #4676096   t=361.539142091461   Elapsed: 176.677s (2m 56s)  72% completed  (86% total)
     Speed:     ev/sec=24402.1   simsec/sec=1.74813   ev/simsec=13959
     Messages:  created: 4547448   present: 1075   in FES: 112
** Event #4721664   t=364.599072923717   Elapsed: 178.7s (2m 58s)  72% completed  (86% total)
     Speed:     ev/sec=22527.3   simsec/sec=1.51273   ev/simsec=14891.8
     Messages:  created: 4590319   present: 1101   in FES: 120
** Event #4771840   t=368.237763241415   Elapsed: 180.709s (3m 00s)  73% completed  (86% total)
     Speed:     ev/sec=24972.2   simsec/sec=1.81095   ev/simsec=13789.6
     Messages:  created: 4637141   present: 1109   in FES: 127
** Event #4818688   t=371.568703334663   Elapsed: 182.723s (3m 02s)  74% completed  (87% total)
     Speed:     ev/sec=23258.8   simsec/sec=1.65372   ev/simsec=14064.5
     Messages:  created: 4680855   present: 1057   in FES: 104
** Event #4862464   t=374.607607872676   Elapsed: 184.736s (3m 04s)  74% completed  (87% total)
     Speed:     ev/sec=21747.8   simsec/sec=1.50972   ev/simsec=14405.2
     Messages:  created: 4721533   present: 1116   in FES: 141
** Event #4908288   t=378.005338554173   Elapsed: 186.737s (3m 06s)  75% completed  (87% total)
     Speed:     ev/sec=22896.6   simsec/sec=1.69772   ev/simsec=13486.6
     Messages:  created: 4766127   present: 1070   in FES: 111
** Event #4954624   t=381.06150024971   Elapsed: 188.74s (3m 08s)  76% completed  (88% total)
     Speed:     ev/sec=23138.8   simsec/sec=1.52615   ev/simsec=15161.5
     Messages:  created: 4810731   present: 1103   in FES: 120
** Event #5006080   t=384.581647906533   Elapsed: 190.749s (3m 10s)  76% completed  (88% total)
     Speed:     ev/sec=25609.1   simsec/sec=1.75194   ev/simsec=14617.6
     Messages:  created: 4860723   present: 1071   in FES: 108
** Event #5060352   t=388.531933739659   Elapsed: 192.758s (3m 12s)  77% completed  (88% total)
     Speed:     ev/sec=27021.8   simsec/sec=1.96683   ev/simsec=13738.8
     Messages:  created: 4913955   present: 1108   in FES: 126
** Event #5113856   t=392.089353292107   Elapsed: 194.758s (3m 14s)  78% completed  (89% total)
     Speed:     ev/sec=26751.4   simsec/sec=1.77867   ev/simsec=15040.1
     Messages:  created: 4966219   present: 1092   in FES: 119
** Event #5167104   t=395.607607794364   Elapsed: 196.76s (3m 16s)  79% completed  (89% total)
     Speed:     ev/sec=26597.5   simsec/sec=1.75738   ev/simsec=15134.8
     Messages:  created: 5020202   present: 1120   in FES: 138
** Event #5222400   t=399.57678169667   Elapsed: 198.763s (3m 18s)  79% completed  (89% total)
     Speed:     ev/sec=27598.5   simsec/sec=1.98103   ev/simsec=13931.4
     Messages:  created: 5075654   present: 1102   in FES: 126
** Event #5278464   t=403.527925401293   Elapsed: 200.779s (3m 20s)  80% completed  (90% total)
     Speed:     ev/sec=27811.5   simsec/sec=1.96003   ev/simsec=14189.3
     Messages:  created: 5132264   present: 1083   in FES: 127
** Event #5328128   t=406.58407718315   Elapsed: 202.784s (3m 22s)  81% completed  (90% total)
     Speed:     ev/sec=24776.4   simsec/sec=1.52465   ev/simsec=16250.5
     Messages:  created: 5181890   present: 1096   in FES: 117
** Event #5382400   t=410.107564230781   Elapsed: 204.786s (3m 24s)  82% completed  (91% total)
     Speed:     ev/sec=27102.3   simsec/sec=1.75956   ev/simsec=15402.9
     Messages:  created: 5235175   present: 1099   in FES: 127
** Event #5435136   t=413.552809732578   Elapsed: 206.8s (3m 26s)  82% completed  (91% total)
     Speed:     ev/sec=26191.1   simsec/sec=1.71107   ev/simsec=15306.9
     Messages:  created: 5288238   present: 1051   in FES: 104
** Event #5484288   t=416.596677059176   Elapsed: 208.817s (3m 28s)  83% completed  (91% total)
     Speed:     ev/sec=24366.1   simsec/sec=1.50894   ev/simsec=16147.9
     Messages:  created: 5337246   present: 1112   in FES: 123
** Event #5542144   t=420.286431088449   Elapsed: 210.817s (3m 30s)  84% completed  (92% total)
     Speed:     ev/sec=28923.1   simsec/sec=1.84456   ev/simsec=15680.2
     Messages:  created: 5395440   present: 1094   in FES: 126
** Event #5596160   t=423.582462139424   Elapsed: 212.835s (3m 32s)  84% completed  (92% total)
     Speed:     ev/sec=26774.3   simsec/sec=1.63376   ev/simsec=16388.2
     Messages:  created: 5450514   present: 1052   in FES: 103
** Event #5648128   t=427.019738080653   Elapsed: 214.838s (3m 34s)  85% completed  (92% total)
     Speed:     ev/sec=25944.1   simsec/sec=1.716   ev/simsec=15118.9
     Messages:  created: 5503900   present: 1079   in FES: 114
** Event #5704448   t=430.527934983739   Elapsed: 216.854s (3m 36s)  86% completed  (93% total)
     Speed:     ev/sec=27937.3   simsec/sec=1.74023   ev/simsec=16053.8
     Messages:  created: 5561177   present: 1030   in FES: 117
** Event #5753344   t=433.524006148834   Elapsed: 218.868s (3m 38s)  86% completed  (93% total)
     Speed:     ev/sec=24269.1   simsec/sec=1.48707   ev/simsec=16320
     Messages:  created: 5610307   present: 1104   in FES: 123
** Event #5801472   t=436.533801219063   Elapsed: 220.87s (3m 40s)  87% completed  (93% total)
     Speed:     ev/sec=24046.2   simsec/sec=1.50378   ev/simsec=15990.5
     Messages:  created: 5659169   present: 1120   in FES: 125
** Event #5852672   t=439.595693951896   Elapsed: 222.881s (3m 42s)  87% completed  (93% total)
     Speed:     ev/sec=25453.9   simsec/sec=1.52221   ev/simsec=16721.7
     Messages:  created: 5710455   present: 1078   in FES: 115
** Event #5910528   t=443.531987867702   Elapsed: 224.89s (3m 44s)  88% completed  (94% total)
     Speed:     ev/sec=28804   simsec/sec=1.95971   ev/simsec=14698.1
     Messages:  created: 5770303   present: 1121   in FES: 127
** Event #5961472   t=446.594403018834   Elapsed: 226.908s (3m 46s)  89% completed  (94% total)
     Speed:     ev/sec=25243.3   simsec/sec=1.51746   ev/simsec=16635.2
     Messages:  created: 5821724   present: 1094   in FES: 126
** Event #6017280   t=450.3576107304   Elapsed: 228.911s (3m 48s)  90% completed  (95% total)
     Speed:     ev/sec=27871.2   simsec/sec=1.87939   ev/simsec=14829.9
     Messages:  created: 5878689   present: 1046   in FES: 103
** Event #6066176   t=453.568302346591   Elapsed: 230.923s (3m 50s)  90% completed  (95% total)
     Speed:     ev/sec=24290.5   simsec/sec=1.59501   ev/simsec=15229.1
     Messages:  created: 5927161   present: 1078   in FES: 113
** Event #6122240   t=457.515454427243   Elapsed: 232.93s (3m 52s)  91% completed  (95% total)
     Speed:     ev/sec=27942.8   simsec/sec=1.96729   ev/simsec=14203.7
     Messages:  created: 5983562   present: 1070   in FES: 111
** Event #6170624   t=460.607033801676   Elapsed: 234.945s (3m 54s)  92% completed  (96% total)
     Speed:     ev/sec=24007.2   simsec/sec=1.53398   ev/simsec=15650.3
     Messages:  created: 6031973   present: 1068   in FES: 111
** Event #6226944   t=464.553875134038   Elapsed: 236.947s (3m 56s)  92% completed  (96% total)
     Speed:     ev/sec=28132.5   simsec/sec=1.9715   ev/simsec=14269.6
     Messages:  created: 6089154   present: 1093   in FES: 116
** Event #6282752   t=468.544804298011   Elapsed: 238.962s (3m 58s)  93% completed  (96% total)
     Speed:     ev/sec=27700.3   simsec/sec=1.9809   ev/simsec=13983.7
     Messages:  created: 6144853   present: 1027   in FES: 98
** Event #6339840   t=472.574359024527   Elapsed: 240.976s (4m 00s)  94% completed  (97% total)
     Speed:     ev/sec=28350.9   simsec/sec=2.00115   ev/simsec=14167.3
     Messages:  created: 6201011   present: 1097   in FES: 127
** Event #6406400   t=477.561069444666   Elapsed: 242.988s (4m 02s)  95% completed  (97% total)
     Speed:     ev/sec=33073.3   simsec/sec=2.47787   ev/simsec=13347.5
     Messages:  created: 6267727   present: 1028   in FES: 97
** Event #6471168   t=482.553675459688   Elapsed: 244.993s (4m 04s)  96% completed  (98% total)
     Speed:     ev/sec=32311.2   simsec/sec=2.49069   ev/simsec=12972.8
     Messages:  created: 6332768   present: 1097   in FES: 120
** Event #6538752   t=487.536181376129   Elapsed: 247.002s (4m 07s)  97% completed  (98% total)
     Speed:     ev/sec=33637.6   simsec/sec=2.47987   ev/simsec=13564.3
     Messages:  created: 6401069   present: 1100   in FES: 119
** Event #6607360   t=491.564953973793   Elapsed: 249.013s (4m 09s)  98% completed  (99% total)
     Speed:     ev/sec=34114.6   simsec/sec=2.00326   ev/simsec=17029.5
     Messages:  created: 6474503   present: 1086   in FES: 115
** Event #6673664   t=495.53509136692   Elapsed: 251.029s (4m 11s)  99% completed  (99% total)
     Speed:     ev/sec=32877.8   simsec/sec=1.96865   ev/simsec=16700.7
     Messages:  created: 6545849   present: 1106   in FES: 126
** Event #6741760   t=499.5459628175   Elapsed: 253.042s (4m 13s)  99% completed  (99% total)
     Speed:     ev/sec=33831.2   simsec/sec=1.99266   ev/simsec=16977.9
     Messages:  created: 6618679   present: 1096   in FES: 119
** Event #6748940   t=500   Elapsed: 253.307s (4m 13s)  100% completed  (100% total)
     Speed:     ev/sec=27120.1   simsec/sec=1.71301   ev/simsec=15831.8
     Messages:  created: 6626438   present: 1021   in FES: 95

<!> Simulation time limit reached -- at t=500s, event #6748940
undisposed object: (omnetpp::cMessage) FanetStressNetwork.uav[0].app.debugTimer -- check module destructor
undisposed object: (omnetpp::cMessage) FanetStressNetwork.uav[1].app.debugTimer -- check module destructor
undisposed object: (omnetpp::cMessage) FanetStressNetwork.uav[2].app.debugTimer -- check module destructor
undisposed object: (omnetpp::cMessage) FanetStressNetwork.uav[3].app.debugTimer -- check module destructor
undisposed object: (omnetpp::cMessage) FanetStressNetwork.uav[4].app.debugTimer -- check module destructor
undisposed object: (omnetpp::cMessage) FanetStressNetwork.uav[5].app.debugTimer -- check module destructor
undisposed object: (omnetpp::cMessage) FanetStressNetwork.uav[6].app.debugTimer -- check module destructor
undisposed object: (omnetpp::cMessage) FanetStressNetwork.uav[7].app.debugTimer -- check module destructor
undisposed object: (omnetpp::cMessage) FanetStressNetwork.uav[8].app.debugTimer -- check module destructor
undisposed object: (omnetpp::cMessage) FanetStressNetwork.uav[9].app.debugTimer -- check module destructor
undisposed object: (omnetpp::cMessage) FanetStressNetwork.uav[10].app.debugTimer -- check module destructor
undisposed object: (omnetpp::cMessage) FanetStressNetwork.uav[11].app.debugTimer -- check module destructor
undisposed object: (omnetpp::cMessage) FanetStressNetwork.uav[12].app.debugTimer -- check module destructor
undisposed object: (omnetpp::cMessage) FanetStressNetwork.uav[13].app.debugTimer -- check module destructor
undisposed object: (omnetpp::cMessage) FanetStressNetwork.uav[14].app.debugTimer -- check module destructor
undisposed object: (omnetpp::cMessage) FanetStressNetwork.uav[15].app.debugTimer -- check module destructor
undisposed object: (omnetpp::cMessage) FanetStressNetwork.uav[16].app.debugTimer -- check module destructor
undisposed object: (omnetpp::cMessage) FanetStressNetwork.uav[17].app.debugTimer -- check module destructor
undisposed object: (omnetpp::cMessage) FanetStressNetwork.uav[18].app.debugTimer -- check module destructor
undisposed object: (omnetpp::cMessage) FanetStressNetwork.uav[19].app.debugTimer -- check module destructor
undisposed object: (omnetpp::cMessage) FanetStressNetwork.uav[20].app.debugTimer -- check module destructor
undisposed object: (omnetpp::cMessage) FanetStressNetwork.uav[21].app.debugTimer -- check module destructor
undisposed object: (omnetpp::cMessage) FanetStressNetwork.uav[22].app.debugTimer -- check module destructor
undisposed object: (omnetpp::cMessage) FanetStressNetwork.uav[23].app.debugTimer -- check module destructor
undisposed object: (omnetpp::cMessage) FanetStressNetwork.uav[24].app.debugTimer -- check module destructor
undisposed object: (omnetpp::cMessage) FanetStressNetwork.uav[25].app.debugTimer -- check module destructor
undisposed object: (omnetpp::cMessage) FanetStressNetwork.uav[26].app.debugTimer -- check module destructor
undisposed object: (omnetpp::cMessage) FanetStressNetwork.uav[27].app.debugTimer -- check module destructor
undisposed object: (omnetpp::cMessage) FanetStressNetwork.uav[28].app.debugTimer -- check module destructor
undisposed object: (omnetpp::cMessage) FanetStressNetwork.uav[29].app.debugTimer -- check module destructor
