** Event #0   t=0   Elapsed: 9e-06s (0m 00s)  0% completed  (50% total)
     Speed:     ev/sec=0   simsec/sec=0   ev/simsec=0
     Messages:  created: 1081   present: 1081   in FES: 161
** Event #41984   t=4.568666994345   Elapsed: 2.01555s (0m 02s)  0% completed  (50% total)
     Speed:     ev/sec=20830.7   simsec/sec=2.26672   ev/simsec=9189.77
     Messages:  created: 36254   present: 1098   in FES: 119
** Event #77312   t=8.557707846946   Elapsed: 4.03084s (0m 04s)  1% completed  (50% total)
     Speed:     ev/sec=17530   simsec/sec=1.97939   ev/simsec=8856.26
     Messages:  created: 65175   present: 1071   in FES: 108
** Event #113664   t=12.571135878533   Elapsed: 6.03832s (0m 06s)  2% completed  (51% total)
     Speed:     ev/sec=18108.3   simsec/sec=1.99924   ev/simsec=9057.59
     Messages:  created: 95309   present: 1120   in FES: 123
** Event #150272   t=16.580354242012   Elapsed: 8.04606s (0m 08s)  3% completed  (51% total)
     Speed:     ev/sec=18233.4   simsec/sec=1.99688   ev/simsec=9130.96
     Messages:  created: 125586   present: 1068   in FES: 109
** Event #185344   t=20.572115755228   Elapsed: 10.0564s (0m 10s)  4% completed  (52% total)
     Speed:     ev/sec=17446.2   simsec/sec=1.98566   ev/simsec=8786.1
     Messages:  created: 154339   present: 1110   in FES: 126
** Event #222464   t=24.594650930475   Elapsed: 12.0697s (0m 12s)  4% completed  (52% total)
     Speed:     ev/sec=18437.3   simsec/sec=1.99797   ev/simsec=9228.01
     Messages:  created: 185060   present: 1068   in FES: 109
** Event #261120   t=29.06144684754   Elapsed: 14.0697s (0m 14s)  5% completed  (52% total)
     Speed:     ev/sec=19327.2   simsec/sec=2.23331   ev/simsec=8654.08
     Messages:  created: 216855   present: 1104   in FES: 126
** Event #299776   t=33.542862062178   Elapsed: 16.0714s (0m 16s)  6% completed  (53% total)
     Speed:     ev/sec=19312.1   simsec/sec=2.23887   ev/simsec=8625.85
     Messages:  created: 248767   present: 1103   in FES: 126
** Event #336896   t=37.556176658439   Elapsed: 18.0797s (0m 18s)  7% completed  (53% total)
     Speed:     ev/sec=18483.3   simsec/sec=1.99836   ev/simsec=9249.21
     Messages:  created: 279283   present: 1073   in FES: 110
** Event #374784   t=42.038804298011   Elapsed: 20.0857s (0m 20s)  8% completed  (54% total)
     Speed:     ev/sec=18887.8   simsec/sec=2.23466   ev/simsec=8452.19
     Messages:  created: 311014   present: 1026   in FES: 97
** Event #414208   t=46.567736154401   Elapsed: 22.1018s (0m 22s)  9% completed  (54% total)
     Speed:     ev/sec=19554.3   simsec/sec=2.24635   ev/simsec=8704.92
     Messages:  created: 344509   present: 1108   in FES: 126
** Event #454912   t=51.557101007702   Elapsed: 24.1059s (0m 24s)  10% completed  (55% total)
     Speed:     ev/sec=20310   simsec/sec=2.48953   ev/simsec=8158.15
     Messages:  created: 379296   present: 1089   in FES: 117
** Event #497408   t=56.598995187938   Elapsed: 26.1219s (0m 26s)  11% completed  (55% total)
     Speed:     ev/sec=21080   simsec/sec=2.50101   ev/simsec=8428.58
     Messages:  created: 416540   present: 1032   in FES: 99
** Event #544512   t=62.559225626916   Elapsed: 28.1235s (0m 28s)  12% completed  (56% total)
     Speed:     ev/sec=23532.9   simsec/sec=2.9777   ev/simsec=7903.05
     Messages:  created: 457279   present: 1115   in FES: 124
** Event #587264   t=67.581431399772   Elapsed: 30.1372s (0m 30s)  13% completed  (56% total)
     Speed:     ev/sec=21230.7   simsec/sec=2.49404   ev/simsec=8512.59
     Messages:  created: 493939   present: 1054   in FES: 105
** Event #632832   t=73.079458527016   Elapsed: 32.1396s (0m 32s)  14% completed  (57% total)
     Speed:     ev/sec=22756.4   simsec/sec=2.74568   ev/simsec=8288.06
     Messages:  created: 533163   present: 1048   in FES: 101
** Event #677120   t=78.554773000368   Elapsed: 34.14s (0m 34s)  15% completed  (57% total)
     Speed:     ev/sec=22139.2   simsec/sec=2.73707   ev/simsec=8088.67
     Messages:  created: 570783   present: 1100   in FES: 119
** Event #718592   t=83.093965513012   Elapsed: 36.1447s (0m 36s)  16% completed  (58% total)
     Speed:     ev/sec=20687.5   simsec/sec=2.26429   ev/simsec=9136.43
     Messages:  created: 605618   present: 1097   in FES: 120
** Event #756736   t=87.557929351319   Elapsed: 38.1598s (0m 38s)  17% completed  (58% total)
     Speed:     ev/sec=18929.6   simsec/sec=2.21532   ev/simsec=8544.87
     Messages:  created: 636983   present: 1116   in FES: 125
** Event #793344   t=91.567501399842   Elapsed: 40.181s (0m 40s)  18% completed  (59% total)
     Speed:     ev/sec=18111.4   simsec/sec=1.9837   ev/simsec=9130.15
     Messages:  created: 666978   present: 1099   in FES: 126
** Event #831488   t=95.590242440769   Elapsed: 42.1867s (0m 42s)  19% completed  (59% total)
     Speed:     ev/sec=19017.6   simsec/sec=2.00563   ev/simsec=9482.09
     Messages:  created: 698077   present: 1063   in FES: 108
** Event #871168   t=100.052640570584   Elapsed: 44.1943s (0m 44s)  20% completed  (60% total)
     Speed:     ev/sec=19765.1   simsec/sec=2.22278   ev/simsec=8892.08
     Messages:  created: 730145   present: 1049   in FES: 102
** Event #910848   t=102.583118568628   Elapsed: 46.1961s (0m 46s)  20% completed  (60% total)
     Speed:     ev/sec=19822.1   simsec/sec=1.2641   ev/simsec=15680.8
     Messages:  created: 770349   present: 1065   in FES: 105
** Event #956416   t=105.558192358206   Elapsed: 48.1994s (0m 48s)  21% completed  (60% total)
     Speed:     ev/sec=22746.4   simsec/sec=1.48508   ev/simsec=15316.6
     Messages:  created: 818158   present: 1079   in FES: 114
** Event #998656   t=108.072343294215   Elapsed: 50.2045s (0m 50s)  21% completed  (60% total)
     Speed:     ev/sec=21066.4   simsec/sec=1.25388   ev/simsec=16800.9
     Messages:  created: 862026   present: 1052   in FES: 103
** Event #1039872   t=110.566152260891   Elapsed: 52.2053s (0m 52s)  22% completed  (61% total)
     Speed:     ev/sec=20600   simsec/sec=1.24642   ev/simsec=16527.3
     Messages:  created: 905438   present: 1101   in FES: 120
** Event #1083136   t=113.109666753637   Elapsed: 54.2083s (0m 54s)  22% completed  (61% total)
     Speed:     ev/sec=21599.5   simsec/sec=1.26984   ev/simsec=17009.5
     Messages:  created: 950321   present: 1094   in FES: 140
** Event #1122816   t=115.585111673106   Elapsed: 56.2347s (0m 56s)  23% completed  (61% total)
     Speed:     ev/sec=19581.9   simsec/sec=1.22162   ev/simsec=16029.4
     Messages:  created: 991699   present: 1034   in FES: 97
** Event #1167104   t=118.36194604712   Elapsed: 58.2347s (0m 58s)  23% completed  (61% total)
     Speed:     ev/sec=22143.8   simsec/sec=1.3884   ev/simsec=15949.1
     Messages:  created: 1038388   present: 1043   in FES: 98
** Event #1205504   t=120.582979971405   Elapsed: 60.2448s (1m 00s)  24% completed  (62% total)
     Speed:     ev/sec=19103.1   simsec/sec=1.10491   ev/simsec=17289.2
     Messages:  created: 1077864   present: 1129   in FES: 126
** Event #1250816   t=123.530918433526   Elapsed: 62.2539s (1m 02s)  24% completed  (62% total)
     Speed:     ev/sec=22554.1   simsec/sec=1.46734   ev/simsec=15370.7
     Messages:  created: 1125601   present: 1121   in FES: 126
** Event #1287424   t=125.591300792688   Elapsed: 64.2723s (1m 04s)  25% completed  (62% total)
     Speed:     ev/sec=18137   simsec/sec=1.02079   ev/simsec=17767.6
     Messages:  created: 1162824   present: 1108   in FES: 126
** Event #1329920   t=128.099380086064   Elapsed: 66.2754s (1m 06s)  25% completed  (62% total)
     Speed:     ev/sec=21215   simsec/sec=1.25209   ev/simsec=16943.6
     Messages:  created: 1206431   present: 1067   in FES: 110
** Event #1368832   t=130.566554839588   Elapsed: 68.2932s (1m 08s)  26% completed  (63% total)
     Speed:     ev/sec=19283.9   simsec/sec=1.22267   ev/simsec=15771.9
     Messages:  created: 1246447   present: 1070   in FES: 109
** Event #1410816   t=133.107563906921   Elapsed: 70.2935s (1m 10s)  26% completed  (63% total)
     Speed:     ev/sec=20989.7   simsec/sec=1.27037   ev/simsec=16522.6
     Messages:  created: 1289369   present: 1102   in FES: 127
** Event #1448960   t=135.607343684521   Elapsed: 72.3129s (1m 12s)  27% completed  (63% total)
     Speed:     ev/sec=18888.1   simsec/sec=1.23784   ev/simsec=15258.9
     Messages:  created: 1329025   present: 1106   in FES: 126
** Event #1496832   t=138.361401087693   Elapsed: 74.3158s (1m 14s)  27% completed  (63% total)
     Speed:     ev/sec=23901.7   simsec/sec=1.37506   ev/simsec=17382.4
     Messages:  created: 1381550   present: 1114   in FES: 146
** Event #1539840   t=140.778907827055   Elapsed: 76.3171s (1m 16s)  28% completed  (64% total)
     Speed:     ev/sec=21489.5   simsec/sec=1.20794   ev/simsec=17790.2
     Messages:  created: 1427640   present: 1094   in FES: 119
** Event #1592320   t=143.52793586765   Elapsed: 78.3205s (1m 18s)  28% completed  (64% total)
     Speed:     ev/sec=26196.6   simsec/sec=1.37224   ev/simsec=19090.4
     Messages:  created: 1487168   present: 1088   in FES: 140
** Event #1633024   t=146.04706942775   Elapsed: 80.321s (1m 20s)  29% completed  (64% total)
     Speed:     ev/sec=20346.6   simsec/sec=1.25923   ev/simsec=16157.9
     Messages:  created: 1530192   present: 1070   in FES: 111
** Event #1678592   t=149.053841007135   Elapsed: 82.3235s (1m 22s)  29% completed  (64% total)
     Speed:     ev/sec=22755.3   simsec/sec=1.50149   ev/simsec=15155.1
     Messages:  created: 1577996   present: 1114   in FES: 126
** Event #1724160   t=152.357607330498   Elapsed: 84.3259s (1m 24s)  30% completed  (65% total)
     Speed:     ev/sec=22756.7   simsec/sec=1.64991   ev/simsec=13792.7
     Messages:  created: 1624124   present: 1114   in FES: 138
** Event #1766912   t=155.555700533366   Elapsed: 86.349s (1m 26s)  31% completed  (65% total)
     Speed:     ev/sec=21131.6   simsec/sec=1.58076   ev/simsec=13368
     Messages:  created: 1666890   present: 1028   in FES: 97
** Event #1808640   t=158.542126208788   Elapsed: 88.352s (1m 28s)  31% completed  (65% total)
     Speed:     ev/sec=20833.7   simsec/sec=1.49104   ev/simsec=13972.6
     Messages:  created: 1708631   present: 1078   in FES: 113
** Event #1849856   t=161.093966439537   Elapsed: 90.362s (1m 30s)  32% completed  (66% total)
     Speed:     ev/sec=20505   simsec/sec=1.26955   ev/simsec=16151.5
     Messages:  created: 1750088   present: 1054   in FES: 105
** Event #1889024   t=164.01973859568   Elapsed: 92.3632s (1m 32s)  32% completed  (66% total)
     Speed:     ev/sec=19571.8   simsec/sec=1.46198   ev/simsec=13387.2
     Messages:  created: 1790329   present: 1064   in FES: 109
** Event #1928704   t=166.737542490945   Elapsed: 94.3658s (1m 34s)  33% completed  (66% total)
     Speed:     ev/sec=19814.2   simsec/sec=1.35714   ev/simsec=14600
     Messages:  created: 1829132   present: 1092   in FES: 126
** Event #1969152   t=169.607574243055   Elapsed: 96.3697s (1m 36s)  33% completed  (66% total)
     Speed:     ev/sec=20185.5   simsec/sec=1.43229   ev/simsec=14093.2
     Messages:  created: 1869266   present: 1033   in FES: 116
** Event #2011392   t=172.610386618033   Elapsed: 98.3833s (1m 38s)  34% completed  (67% total)
     Speed:     ev/sec=20976.5   simsec/sec=1.4912   ev/simsec=14066.8
     Messages:  created: 1911725   present: 1112   in FES: 152
** Event #2054400   t=175.603750850143   Elapsed: 100.409s (1m 40s)  35% completed  (67% total)
     Speed:     ev/sec=21227.8   simsec/sec=1.47746   ev/simsec=14367.8
     Messages:  created: 1955417   present: 1077   in FES: 114
** Event #2097408   t=178.737543563549   Elapsed: 102.413s (1m 42s)  35% completed  (67% total)
     Speed:     ev/sec=21469   simsec/sec=1.56434   ev/simsec=13723.9
     Messages:  created: 2000205   present: 1104   in FES: 126
** Event #2140416   t=181.860519011437   Elapsed: 104.413s (1m 44s)  36% completed  (68% total)
     Speed:     ev/sec=21499.9   simsec/sec=1.56119   ev/simsec=13771.5
     Messages:  created: 2044735   present: 1103   in FES: 120
** Event #2180096   t=184.581058650121   Elapsed: 106.433s (1m 46s)  36% completed  (68% total)
     Speed:     ev/sec=19639.4   simsec/sec=1.34651   ev/simsec=14585.3
     Messages:  created: 2084985   present: 1044   in FES: 97
** Event #2222848   t=187.574763103344   Elapsed: 108.434s (1m 48s)  37% completed  (68% total)
     Speed:     ev/sec=21369.2   simsec/sec=1.49638   ev/simsec=14280.6
     Messages:  created: 2128724   present: 1096   in FES: 115
** Event #2265088   t=190.558759392902   Elapsed: 110.437s (1m 50s)  38% completed  (69% total)
     Speed:     ev/sec=21091.9   simsec/sec=1.49001   ev/simsec=14155.5
     Messages:  created: 2171333   present: 1070   in FES: 109
** Event #2308352   t=193.557211792563   Elapsed: 112.44s (1m 52s)  38% completed  (69% total)
     Speed:     ev/sec=21594   simsec/sec=1.49659   ev/simsec=14428.8
     Messages:  created: 2214929   present: 1101   in FES: 122
** Event #2349824   t=196.521821182588   Elapsed: 114.46s (1m 54s)  39% completed  (69% total)
     Speed:     ev/sec=20530.4   simsec/sec=1.46761   ev/simsec=13989
     Messages:  created: 2256991   present: 1112   in FES: 125
** Event #2389760   t=199.07882193858   Elapsed: 116.465s (1m 56s)  39% completed  (69% total)
     Speed:     ev/sec=19918.5   simsec/sec=1.27533   ev/simsec=15618.3
     Messages:  created: 2296992   present: 1095   in FES: 116
** Event #2431744   t=202.084240916307   Elapsed: 118.467s (1m 58s)  40% completed  (70% total)
     Speed:     ev/sec=20974.3   simsec/sec=1.50144   ev/simsec=13969.4
     Messages:  created: 2338825   present: 1033   in FES: 96
** Event #2472192   t=205.072341835064   Elapsed: 120.469s (2m 00s)  41% completed  (70% total)
     Speed:     ev/sec=20202.4   simsec/sec=1.49246   ev/simsec=13536.4
     Messages:  created: 2378971   present: 1092   in FES: 117
** Event #2512128   t=208.066245216069   Elapsed: 122.474s (2m 02s)  41% completed  (70% total)
     Speed:     ev/sec=19916   simsec/sec=1.49305   ev/simsec=13339.1
     Messages:  created: 2418558   present: 1119   in FES: 126
** Event #2554624   t=211.526972101199   Elapsed: 124.485s (2m 04s)  42% completed  (71% total)
     Speed:     ev/sec=21136.5   simsec/sec=1.72128   ev/simsec=12279.5
     Messages:  created: 2460693   present: 1092   in FES: 126
** Event #2594560   t=214.561105137065   Elapsed: 126.485s (2m 06s)  42% completed  (71% total)
     Speed:     ev/sec=19964.5   simsec/sec=1.5168   ev/simsec=13162.2
     Messages:  created: 2499922   present: 1091   in FES: 116
** Event #2635008   t=217.600081921883   Elapsed: 128.505s (2m 08s)  43% completed  (71% total)
     Speed:     ev/sec=20023.6   simsec/sec=1.50443   ev/simsec=13309.7
     Messages:  created: 2539859   present: 1051   in FES: 104
** Event #2673664   t=220.601657008024   Elapsed: 130.509s (2m 10s)  44% completed  (72% total)
     Speed:     ev/sec=19286.9   simsec/sec=1.49759   ev/simsec=12878.6
     Messages:  created: 2577549   present: 1114   in FES: 125
** Event #2715648   t=224.047214773208   Elapsed: 132.516s (2m 12s)  44% completed  (72% total)
     Speed:     ev/sec=20926.2   simsec/sec=1.71738   ev/simsec=12185
     Messages:  created: 2618958   present: 1081   in FES: 114
** Event #2760192   t=227.519850902361   Elapsed: 134.527s (2m 14s)  45% completed  (72% total)
     Speed:     ev/sec=22143.1   simsec/sec=1.72627   ev/simsec=12827.1
     Messages:  created: 2662308   present: 1034   in FES: 99
** Event #2800384   t=230.526040078114   Elapsed: 136.549s (2m 16s)  46% completed  (73% total)
     Speed:     ev/sec=19877.1   simsec/sec=1.48672   ev/simsec=13369.8
     Messages:  created: 2700873   present: 1028   in FES: 97
** Event #2840064   t=233.27770241024   Elapsed: 138.55s (2m 18s)  46% completed  (73% total)
     Speed:     ev/sec=19833.9   simsec/sec=1.3754   ev/simsec=14420.4
     Messages:  created: 2738144   present: 1024   in FES: 96
** Event #2874112   t=235.604645438007   Elapsed: 140.56s (2m 20s)  47% completed  (73% total)
     Speed:     ev/sec=16940   simsec/sec=1.15773   ev/simsec=14632.1
     Messages:  created: 2770004   present: 1106   in FES: 123
** Event #2912512   t=238.555754396825   Elapsed: 142.583s (2m 22s)  47% completed  (73% total)
     Speed:     ev/sec=18978.5   simsec/sec=1.45853   ev/simsec=13012.1
     Messages:  created: 2806354   present: 1114   in FES: 123
** Event #2946816   t=241.04468086805   Elapsed: 144.587s (2m 24s)  48% completed  (74% total)
     Speed:     ev/sec=17118.3   simsec/sec=1.24201   ev/simsec=13782.6
     Messages:  created: 2838626   present: 1107   in FES: 124
** Event #2983168   t=243.572100699411   Elapsed: 146.597s (2m 26s)  48% completed  (74% total)
     Speed:     ev/sec=18086.8   simsec/sec=1.25751   ev/simsec=14383
     Messages:  created: 2872607   present: 1104   in FES: 121
** Event #3022848   t=246.548337557246   Elapsed: 148.598s (2m 28s)  49% completed  (74% total)
     Speed:     ev/sec=19834.5   simsec/sec=1.48771   ev/simsec=13332.3
     Messages:  created: 2910110   present: 1097   in FES: 120
** Event #3058176   t=249.053059130467   Elapsed: 150.599s (2m 30s)  49% completed  (74% total)
     Speed:     ev/sec=17654.4   simsec/sec=1.25168   ev/simsec=14104.6
     Messages:  created: 2943534   present: 1104   in FES: 126
** Event #3094528   t=251.587280951869   Elapsed: 152.619s (2m 32s)  50% completed  (75% total)
     Speed:     ev/sec=17992.5   simsec/sec=1.25432   ev/simsec=14344.4
     Messages:  created: 2977759   present: 1097   in FES: 118
** Event #3138560   t=254.324545672601   Elapsed: 154.62s (2m 34s)  50% completed  (75% total)
     Speed:     ev/sec=22005.3   simsec/sec=1.36797   ev/simsec=16086.1
     Messages:  created: 3022726   present: 1065   in FES: 119
** Event #3177728   t=256.555740896038   Elapsed: 156.632s (2m 36s)  51% completed  (75% total)
     Speed:     ev/sec=19472   simsec/sec=1.10922   ev/simsec=17554.7
     Messages:  created: 3063928   present: 1111   in FES: 124
** Event #3215616   t=259.074548083138   Elapsed: 158.644s (2m 38s)  51% completed  (75% total)
     Speed:     ev/sec=18824.3   simsec/sec=1.25145   ev/simsec=15042
     Messages:  created: 3100278   present: 1052   in FES: 103
** Event #3252736   t=261.605076461863   Elapsed: 160.664s (2m 40s)  52% completed  (76% total)
     Speed:     ev/sec=18382.9   simsec/sec=1.25319   ev/simsec=14668.9
     Messages:  created: 3136104   present: 1107   in FES: 124
** Event #3293184   t=264.558124487589   Elapsed: 162.688s (2m 42s)  52% completed  (76% total)
     Speed:     ev/sec=19979.6   simsec/sec=1.45868   ev/simsec=13697
     Messages:  created: 3175468   present: 1091   in FES: 118
** Event #3329024   t=267.028876603208   Elapsed: 164.691s (2m 44s)  53% completed  (76% total)
     Speed:     ev/sec=17894.5   simsec/sec=1.23362   ev/simsec=14505.7
     Messages:  created: 3210263   present: 1089   in FES: 126
** Event #3367936   t=269.571362289158   Elapsed: 166.714s (2m 46s)  53% completed  (76% total)
     Speed:     ev/sec=19229.7   simsec/sec=1.25645   ev/simsec=15304.7
     Messages:  created: 3247410   present: 1059   in FES: 106
** Event #3406848   t=272.089299506518   Elapsed: 168.719s (2m 48s)  54% completed  (77% total)
     Speed:     ev/sec=19407.6   simsec/sec=1.25583   ev/simsec=15453.9
     Messages:  created: 3285070   present: 1103   in FES: 126
** Event #3443712   t=274.591631687161   Elapsed: 170.73s (2m 50s)  54% completed  (77% total)
     Speed:     ev/sec=18334.6   simsec/sec=1.24455   ev/simsec=14731.9
     Messages:  created: 3321204   present: 1050   in FES: 103
** Event #3484416   t=277.554584385616   Elapsed: 172.752s (2m 52s)  55% completed  (77% total)
     Speed:     ev/sec=20133.6   simsec/sec=1.46558   ev/simsec=13737.6
     Messages:  created: 3361162   present: 1093   in FES: 126
** Event #3520256   t=279.857564224369   Elapsed: 174.759s (2m 54s)  55% completed  (77% total)
     Speed:     ev/sec=17859.9   simsec/sec=1.14763   ev/simsec=15562.4
     Messages:  created: 3396968   present: 1086   in FES: 127
** Event #3561984   t=282.548132871194   Elapsed: 176.764s (2m 56s)  56% completed  (78% total)
     Speed:     ev/sec=20808.6   simsec/sec=1.34171   ev/simsec=15509
     Messages:  created: 3439299   present: 1082   in FES: 115
** Event #3603200   t=285.047069256125   Elapsed: 178.768s (2m 58s)  57% completed  (78% total)
     Speed:     ev/sec=20563.1   simsec/sec=1.24675   ev/simsec=16493.4
     Messages:  created: 3481694   present: 1055   in FES: 106
** Event #3643648   t=287.576272780264   Elapsed: 180.769s (3m 00s)  57% completed  (78% total)
     Speed:     ev/sec=20220.1   simsec/sec=1.26436   ev/simsec=15992.4
     Messages:  created: 3522583   present: 1113   in FES: 120
** Event #3684864   t=290.543204954193   Elapsed: 182.77s (3m 02s)  58% completed  (79% total)
     Speed:     ev/sec=20595.9   simsec/sec=1.4826   ev/simsec=13891.8
     Messages:  created: 3564008   present: 1097   in FES: 120
** Event #3727616   t=293.529119981249   Elapsed: 184.774s (3m 04s)  58% completed  (79% total)
     Speed:     ev/sec=21334.9   simsec/sec=1.49008   ev/simsec=14317.9
     Messages:  created: 3607041   present: 1117   in FES: 126
** Event #3763712   t=296.005284873858   Elapsed: 186.774s (3m 06s)  59% completed  (79% total)
     Speed:     ev/sec=18045.3   simsec/sec=1.23789   ev/simsec=14577.4
     Messages:  created: 3643343   present: 1096   in FES: 126
** Event #3806208   t=298.599716934678   Elapsed: 188.794s (3m 08s)  59% completed  (79% total)
     Speed:     ev/sec=21037.1   simsec/sec=1.28434   ev/simsec=16379.7
     Messages:  created: 3686336   present: 1098   in FES: 121
** Event #3847424   t=301.57501902205   Elapsed: 190.804s (3m 10s)  60% completed  (80% total)
     Speed:     ev/sec=20508.5   simsec/sec=1.48047   ev/simsec=13852.7
     Messages:  created: 3728320   present: 1094   in FES: 127
** Event #3890176   t=304.561701083065   Elapsed: 192.817s (3m 12s)  60% completed  (80% total)
     Speed:     ev/sec=21233.9   simsec/sec=1.48341   ev/simsec=14314.2
     Messages:  created: 3771816   present: 1099   in FES: 126
** Event #3930624   t=307.550734226763   Elapsed: 194.822s (3m 14s)  61% completed  (80% total)
     Speed:     ev/sec=20178.2   simsec/sec=1.49113   ev/simsec=13532.1
     Messages:  created: 3813088   present: 1066   in FES: 109
** Event #3974656   t=310.571216434766   Elapsed: 196.833s (3m 16s)  62% completed  (81% total)
     Speed:     ev/sec=21887.4   simsec/sec=1.50142   ev/simsec=14577.8
     Messages:  created: 3858224   present: 1025   in FES: 96
** Event #4020224   t=313.824856690717   Elapsed: 198.837s (3m 18s)  62% completed  (81% total)
     Speed:     ev/sec=22748   simsec/sec=1.62425   ev/simsec=14005.2
     Messages:  created: 3905706   present: 1095   in FES: 126
** Event #4068096   t=317.277925622533   Elapsed: 200.842s (3m 20s)  63% completed  (81% total)
     Speed:     ev/sec=23869.5   simsec/sec=1.72174   ev/simsec=13863.6
     Messages:  created: 3955141   present: 1073   in FES: 127
** Event #4113152   t=320.554922607551   Elapsed: 202.847s (3m 22s)  64% completed  (82% total)
     Speed:     ev/sec=22473.5   simsec/sec=1.63454   ev/simsec=13749.2
     Messages:  created: 4001541   present: 1082   in FES: 113
** Event #4154112   t=323.558351307909   Elapsed: 204.859s (3m 24s)  64% completed  (82% total)
     Speed:     ev/sec=20355.5   simsec/sec=1.49258   ev/simsec=13637.7
     Messages:  created: 4042496   present: 1067   in FES: 108
** Event #4196352   t=326.567553870144   Elapsed: 206.866s (3m 26s)  65% completed  (82% total)
     Speed:     ev/sec=21052.4   simsec/sec=1.49979   ev/simsec=14036.9
     Messages:  created: 4084282   present: 1116   in FES: 125
** Event #4236800   t=329.563712424962   Elapsed: 208.877s (3m 28s)  65% completed  (82% total)
     Speed:     ev/sec=20105.4   simsec/sec=1.4893   ev/simsec=13500
     Messages:  created: 4124308   present: 1086   in FES: 115
** Event #4279040   t=332.563710414157   Elapsed: 210.888s (3m 30s)  66% completed  (83% total)
     Speed:     ev/sec=21013   simsec/sec=1.4924   ev/simsec=14080
     Messages:  created: 4165646   present: 1113   in FES: 124
** Event #4319744   t=335.360466236584   Elapsed: 212.889s (3m 32s)  67% completed  (83% total)
     Speed:     ev/sec=20338   simsec/sec=1.39742   ev/simsec=14554
     Messages:  created: 4205753   present: 1116   in FES: 149
** Event #4359168   t=338.109434534545   Elapsed: 214.889s (3m 34s)  67% completed  (83% total)
     Speed:     ev/sec=19711.3   simsec/sec=1.37443   ev/simsec=14341.4
     Messages:  created: 4243897   present: 1091   in FES: 126
** Event #4396544   t=341.027970486096   Elapsed: 216.896s (3m 36s)  68% completed  (84% total)
     Speed:     ev/sec=18621.1   simsec/sec=1.45404   ev/simsec=12806.4
     Messages:  created: 4280831   present: 1110   in FES: 123
** Event #4434688   t=343.580220529278   Elapsed: 218.903s (3m 38s)  68% completed  (84% total)
     Speed:     ev/sec=19009.8   simsec/sec=1.27196   ev/simsec=14945.2
     Messages:  created: 4317851   present: 1114   in FES: 126
** Event #4473856   t=346.572546229985   Elapsed: 220.92s (3m 40s)  69% completed  (84% total)
     Speed:     ev/sec=19420.9   simsec/sec=1.48371   ev/simsec=13089.5
     Messages:  created: 4355548   present: 1088   in FES: 117
** Event #4512512   t=349.567619881354   Elapsed: 222.923s (3m 42s)  69% completed  (84% total)
     Speed:     ev/sec=19293.3   simsec/sec=1.49485   ev/simsec=12906.5
     Messages:  created: 4392680   present: 1087   in FES: 114
** Event #4551424   t=352.533740017316   Elapsed: 224.926s (3m 44s)  70% completed  (85% total)
     Speed:     ev/sec=19424.8   simsec/sec=1.48068   ev/simsec=13118.8
     Messages:  created: 4429794   present: 1108   in FES: 126
** Event #4587264   t=355.059523747767   Elapsed: 226.932s (3m 46s)  71% completed  (85% total)
     Speed:     ev/sec=17873.7   simsec/sec=1.25963   ev/simsec=14189.7
     Messages:  created: 4463598   present: 1120   in FES: 126
** Event #4622080   t=357.566598107822   Elapsed: 228.938s (3m 48s)  71% completed  (85% total)
     Speed:     ev/sec=17355.9   simsec/sec=1.24978   ev/simsec=13887.1
     Messages:  created: 4496244   present: 1098   in FES: 119
** Event #4659456   t=360.099326547405   Elapsed: 230.946s (3m 50s)  72% completed  (86% total)
     Speed:     ev/sec=18608.6   simsec/sec=1.26099   ev/simsec=14757.2
     Messages:  created: 4531316   present: 1115   in FES: 126
** Event #4698112   t=363.053839436268   Elapsed: 232.948s (3m 52s)  72% completed  (86% total)
     Speed:     ev/sec=19312.6   simsec/sec=1.47608   ev/simsec=13083.7
     Messages:  created: 4568375   present: 1098   in FES: 126
** Event #4735232   t=365.585516602213   Elapsed: 234.95s (3m 54s)  73% completed  (86% total)
     Speed:     ev/sec=18542.8   simsec/sec=1.26467   ev/simsec=14662.2
     Messages:  created: 4603054   present: 1102   in FES: 121
** Event #4773888   t=368.532024638998   Elapsed: 236.965s (3m 56s)  73% completed  (86% total)
     Speed:     ev/sec=19177.3   simsec/sec=1.46177   ev/simsec=13119.3
     Messages:  created: 4639404   present: 1041   in FES: 100
** Event #4805888   t=370.588921912342   Elapsed: 238.972s (3m 58s)  74% completed  (87% total)
     Speed:     ev/sec=15946.7   simsec/sec=1.02502   ev/simsec=15557.4
     Messages:  created: 4668868   present: 1090   in FES: 115
** Event #4844544   t=373.551733741298   Elapsed: 240.995s (4m 00s)  74% completed  (87% total)
     Speed:     ev/sec=19106.4   simsec/sec=1.46442   ev/simsec=13047.1
     Messages:  created: 4705161   present: 1067   in FES: 110
** Event #4877312   t=375.607608946158   Elapsed: 243.013s (4m 03s)  75% completed  (87% total)
     Speed:     ev/sec=16238.7   simsec/sec=1.01882   ev/simsec=15938.7
     Messages:  created: 4735675   present: 1085   in FES: 116
** Event #4918784   t=378.570569914802   Elapsed: 245.028s (4m 05s)  75% completed  (87% total)
     Speed:     ev/sec=20580.4   simsec/sec=1.47036   ev/simsec=13996.8
     Messages:  created: 4776149   present: 1099   in FES: 120
** Event #4959744   t=381.532767200753   Elapsed: 247.035s (4m 07s)  76% completed  (88% total)
     Speed:     ev/sec=20411.8   simsec/sec=1.47617   ev/simsec=13827.6
     Messages:  created: 4815988   present: 1068   in FES: 109
** Event #4994816   t=384.017969347801   Elapsed: 249.037s (4m 09s)  76% completed  (88% total)
     Speed:     ev/sec=17519   simsec/sec=1.2414   ev/simsec=14112.3
     Messages:  created: 4850184   present: 1111   in FES: 126
** Event #5033472   t=386.56735835813   Elapsed: 251.047s (4m 11s)  77% completed  (88% total)
     Speed:     ev/sec=19232.9   simsec/sec=1.26842   ev/simsec=15162.8
     Messages:  created: 4887535   present: 1069   in FES: 108
** Event #5074176   t=389.528013388611   Elapsed: 253.064s (4m 13s)  77% completed  (88% total)
     Speed:     ev/sec=20181.4   simsec/sec=1.46792   ev/simsec=13748.3
     Messages:  created: 4927428   present: 1117   in FES: 126
** Event #5114624   t=392.109658226621   Elapsed: 255.066s (4m 15s)  78% completed  (89% total)
     Speed:     ev/sec=20198.5   simsec/sec=1.28919   ev/simsec=15667.5
     Messages:  created: 4966977   present: 1035   in FES: 119
** Event #5151232   t=394.604424075771   Elapsed: 257.068s (4m 17s)  78% completed  (89% total)
     Speed:     ev/sec=18282.5   simsec/sec=1.24591   ev/simsec=14673.9
     Messages:  created: 5003752   present: 1077   in FES: 112
** Event #5193728   t=397.566642526799   Elapsed: 259.091s (4m 19s)  79% completed  (89% total)
     Speed:     ev/sec=21009.4   simsec/sec=1.46448   ev/simsec=14346
     Messages:  created: 5047265   present: 1117   in FES: 126
** Event #5234176   t=400.549121035378   Elapsed: 261.101s (4m 21s)  80% completed  (90% total)
     Speed:     ev/sec=20124.1   simsec/sec=1.48387   ev/simsec=13561.9
     Messages:  created: 5087361   present: 1076   in FES: 113
** Event #5277440   t=403.359701035784   Elapsed: 263.102s (4m 23s)  80% completed  (90% total)
     Speed:     ev/sec=21626.4   simsec/sec=1.40493   ev/simsec=15393.3
     Messages:  created: 5131093   present: 1117   in FES: 141
** Event #5314816   t=405.737810110115   Elapsed: 265.104s (4m 25s)  81% completed  (90% total)
     Speed:     ev/sec=18669.6   simsec/sec=1.18788   ev/simsec=15716.7
     Messages:  created: 5168608   present: 1071   in FES: 112
** Event #5355264   t=408.540807304492   Elapsed: 267.112s (4m 27s)  81% completed  (90% total)
     Speed:     ev/sec=20143   simsec/sec=1.39589   ev/simsec=14430.3
     Messages:  created: 5209157   present: 1110   in FES: 126
** Event #5390336   t=410.61348081061   Elapsed: 269.131s (4m 29s)  82% completed  (91% total)
     Speed:     ev/sec=17366.2   simsec/sec=1.0263   ev/simsec=16921.1
     Messages:  created: 5243064   present: 1048   in FES: 99
** Event #5433600   t=413.527299572572   Elapsed: 271.136s (4m 31s)  82% completed  (91% total)
     Speed:     ev/sec=21578.5   simsec/sec=1.4533   ev/simsec=14847.9
     Messages:  created: 5286920   present: 1101   in FES: 122
** Event #5469184   t=415.596786346608   Elapsed: 273.139s (4m 33s)  83% completed  (91% total)
     Speed:     ev/sec=17770.6   simsec/sec=1.0335   ev/simsec=17194.6
     Messages:  created: 5322082   present: 1048   in FES: 103
** Event #5514240   t=418.541895783392   Elapsed: 275.157s (4m 35s)  83% completed  (91% total)
     Speed:     ev/sec=22323.6   simsec/sec=1.4592   ev/simsec=15298.6
     Messages:  created: 5367931   present: 1074   in FES: 115
** Event #5551360   t=420.860094701166   Elapsed: 277.162s (4m 37s)  84% completed  (92% total)
     Speed:     ev/sec=18508.3   simsec/sec=1.15587   ev/simsec=16012.4
     Messages:  created: 5405442   present: 1055   in FES: 127
** Event #5593344   t=423.539224373208   Elapsed: 279.172s (4m 39s)  84% completed  (92% total)
     Speed:     ev/sec=20892.8   simsec/sec=1.33323   ev/simsec=15670.8
     Messages:  created: 5448115   present: 1110   in FES: 126
** Event #5629184   t=425.607608933028   Elapsed: 281.185s (4m 41s)  85% completed  (92% total)
     Speed:     ev/sec=17803.1   simsec/sec=1.02744   ev/simsec=17327.5
     Messages:  created: 5484051   present: 1092   in FES: 117
** Event #5672704   t=428.541861070472   Elapsed: 283.198s (4m 43s)  85% completed  (92% total)
     Speed:     ev/sec=21619.5   simsec/sec=1.45765   ev/simsec=14831.7
     Messages:  created: 5528943   present: 1177   in FES: 156
** Event #5709056   t=430.598677965663   Elapsed: 285.203s (4m 45s)  86% completed  (93% total)
     Speed:     ev/sec=18130.1   simsec/sec=1.02581   ev/simsec=17673.9
     Messages:  created: 5565454   present: 1056   in FES: 107
** Event #5749504   t=433.079527132727   Elapsed: 287.209s (4m 47s)  86% completed  (93% total)
     Speed:     ev/sec=20169.1   simsec/sec=1.23706   ev/simsec=16304.1
     Messages:  created: 5605975   present: 1115   in FES: 122
** Event #5786880   t=435.560916409902   Elapsed: 289.213s (4m 49s)  87% completed  (93% total)
     Speed:     ev/sec=18642.9   simsec/sec=1.2377   ev/simsec=15062.5
     Messages:  created: 5644084   present: 1109   in FES: 124
** Event #5825024   t=438.019738299115   Elapsed: 291.216s (4m 51s)  87% completed  (93% total)
     Speed:     ev/sec=19051.1   simsec/sec=1.22806   ev/simsec=15513.1
     Messages:  created: 5682910   present: 1082   in FES: 115
** Event #5867008   t=440.574512118044   Elapsed: 293.236s (4m 53s)  88% completed  (94% total)
     Speed:     ev/sec=20781.4   simsec/sec=1.26457   ev/simsec=16433.5
     Messages:  created: 5725261   present: 1112   in FES: 149
** Event #5908224   t=443.23850664774   Elapsed: 295.242s (4m 55s)  88% completed  (94% total)
     Speed:     ev/sec=20546.4   simsec/sec=1.32802   ev/simsec=15471.5
     Messages:  created: 5767437   present: 1115   in FES: 126
** Event #5945856   t=445.594403472412   Elapsed: 297.249s (4m 57s)  89% completed  (94% total)
     Speed:     ev/sec=18751.5   simsec/sec=1.17391   ev/simsec=15973.5
     Messages:  created: 5805872   present: 1095   in FES: 126
** Event #5988864   t=448.514916853176   Elapsed: 299.27s (4m 59s)  89% completed  (94% total)
     Speed:     ev/sec=21278.5   simsec/sec=1.44494   ev/simsec=14726.2
     Messages:  created: 5849965   present: 1036   in FES: 99
** Event #6023168   t=450.597069617475   Elapsed: 301.274s (5m 01s)  90% completed  (95% total)
     Speed:     ev/sec=17120.9   simsec/sec=1.03919   ev/simsec=16475.3
     Messages:  created: 5884085   present: 1064   in FES: 109
** Event #6064384   t=453.543044413617   Elapsed: 303.274s (5m 03s)  90% completed  (95% total)
     Speed:     ev/sec=20605.6   simsec/sec=1.47282   ev/simsec=13990.6
     Messages:  created: 5925659   present: 1031   in FES: 98
** Event #6108672   t=456.535988179262   Elapsed: 305.274s (5m 05s)  91% completed  (95% total)
     Speed:     ev/sec=22136.6   simsec/sec=1.49597   ev/simsec=14797.5
     Messages:  created: 5969901   present: 1077   in FES: 110
** Event #6149376   t=459.110372187813   Elapsed: 307.278s (5m 07s)  91% completed  (95% total)
     Speed:     ev/sec=20312.5   simsec/sec=1.28469   ev/simsec=15811.2
     Messages:  created: 6010546   present: 1098   in FES: 126
** Event #6189568   t=462.047714399618   Elapsed: 309.284s (5m 09s)  92% completed  (96% total)
     Speed:     ev/sec=20042.9   simsec/sec=1.46479   ev/simsec=13683.1
     Messages:  created: 6051471   present: 1096   in FES: 119
** Event #6231552   t=464.859434879015   Elapsed: 311.288s (5m 11s)  92% completed  (96% total)
     Speed:     ev/sec=20945.3   simsec/sec=1.40273   ev/simsec=14931.8
     Messages:  created: 6093834   present: 1090   in FES: 126
** Event #6274560   t=467.987777146774   Elapsed: 313.289s (5m 13s)  93% completed  (96% total)
     Speed:     ev/sec=21489.4   simsec/sec=1.56311   ev/simsec=13747.9
     Messages:  created: 6136900   present: 1113   in FES: 152
** Event #6320384   t=471.090610413463   Elapsed: 315.293s (5m 15s)  94% completed  (97% total)
     Speed:     ev/sec=22871.9   simsec/sec=1.5487   ev/simsec=14768.4
     Messages:  created: 6181650   present: 1067   in FES: 110
** Event #6368512   t=474.601006080281   Elapsed: 317.304s (5m 17s)  94% completed  (97% total)
     Speed:     ev/sec=23931.1   simsec/sec=1.7455   ev/simsec=13710.1
     Messages:  created: 6229597   present: 1073   in FES: 112
** Event #6419456   t=478.560144595072   Elapsed: 319.304s (5m 19s)  95% completed  (97% total)
     Speed:     ev/sec=25471.1   simsec/sec=1.9795   ev/simsec=12867.4
     Messages:  created: 6280778   present: 1088   in FES: 117
** Event #6469632   t=482.360617521995   Elapsed: 321.314s (5m 21s)  96% completed  (98% total)
     Speed:     ev/sec=24960.5   simsec/sec=1.89058   ev/simsec=13202.6
     Messages:  created: 6331289   present: 1122   in FES: 141
** Event #6512640   t=485.582116311771   Elapsed: 323.315s (5m 23s)  97% completed  (98% total)
     Speed:     ev/sec=21497.1   simsec/sec=1.61023   ev/simsec=13350.3
     Messages:  created: 6374105   present: 1111   in FES: 122
** Event #6566144   t=489.066245446779   Elapsed: 325.32s (5m 25s)  97% completed  (98% total)
     Speed:     ev/sec=26689.4   simsec/sec=1.73799   ev/simsec=15356.5
     Messages:  created: 6430293   present: 1116   in FES: 125
** Event #6617856   t=492.108262389728   Elapsed: 327.32s (5m 27s)  98% completed  (99% total)
     Speed:     ev/sec=25850.6   simsec/sec=1.52069   ev/simsec=16999.2
     Messages:  created: 6485439   present: 1078   in FES: 127
** Event #6665728   t=495.049700533366   Elapsed: 329.325s (5m 29s)  99% completed  (99% total)
     Speed:     ev/sec=23879.3   simsec/sec=1.46723   ev/simsec=16275
     Messages:  created: 6537095   present: 1089   in FES: 126
** Event #6718976   t=498.075221057883   Elapsed: 331.329s (5m 31s)  99% completed  (99% total)
     Speed:     ev/sec=26575.7   simsec/sec=1.51002   ev/simsec=17599.6
     Messages:  created: 6593736   present: 1192   in FES: 148
** Event #6748940   t=500   Elapsed: 332.552s (5m 32s)  100% completed  (100% total)
     Speed:     ev/sec=24480.6   simsec/sec=1.57212   ev/simsec=15571.7
     Messages:  created: 6626438   present: 1021   in FES: 95

<!> Simulation time limit reached -- at t=500s, event #6748940
undisposed object: (omnetpp::cMessage) FanetStressNetwork.uav[0].app.debugTimer -- check module destructor
undisposed object: (omnetpp::cMessage) FanetStressNetwork.uav[1].app.debugTimer -- check module destructor
undisposed object: (omnetpp::cMessage) FanetStressNetwork.uav[2].app.debugTimer -- check module destructor
undisposed object: (omnetpp::cMessage) FanetStressNetwork.uav[3].app.debugTimer -- check module destructor
undisposed object: (omnetpp::cMessage) FanetStressNetwork.uav[4].app.debugTimer -- check module destructor
undisposed object: (omnetpp::cMessage) FanetStressNetwork.uav[5].app.debugTimer -- check module destructor
undisposed object: (omnetpp::cMessage) FanetStressNetwork.uav[6].app.debugTimer -- check module destructor
undisposed object: (omnetpp::cMessage) FanetStressNetwork.uav[7].app.debugTimer -- check module destructor
undisposed object: (omnetpp::cMessage) FanetStressNetwork.uav[8].app.debugTimer -- check module destructor
undisposed object: (omnetpp::cMessage) FanetStressNetwork.uav[9].app.debugTimer -- check module destructor
undisposed object: (omnetpp::cMessage) FanetStressNetwork.uav[10].app.debugTimer -- check module destructor
undisposed object: (omnetpp::cMessage) FanetStressNetwork.uav[11].app.debugTimer -- check module destructor
undisposed object: (omnetpp::cMessage) FanetStressNetwork.uav[12].app.debugTimer -- check module destructor
undisposed object: (omnetpp::cMessage) FanetStressNetwork.uav[13].app.debugTimer -- check module destructor
undisposed object: (omnetpp::cMessage) FanetStressNetwork.uav[14].app.debugTimer -- check module destructor
undisposed object: (omnetpp::cMessage) FanetStressNetwork.uav[15].app.debugTimer -- check module destructor
undisposed object: (omnetpp::cMessage) FanetStressNetwork.uav[16].app.debugTimer -- check module destructor
undisposed object: (omnetpp::cMessage) FanetStressNetwork.uav[17].app.debugTimer -- check module destructor
undisposed object: (omnetpp::cMessage) FanetStressNetwork.uav[18].app.debugTimer -- check module destructor
undisposed object: (omnetpp::cMessage) FanetStressNetwork.uav[19].app.debugTimer -- check module destructor
undisposed object: (omnetpp::cMessage) FanetStressNetwork.uav[20].app.debugTimer -- check module destructor
undisposed object: (omnetpp::cMessage) FanetStressNetwork.uav[21].app.debugTimer -- check module destructor
undisposed object: (omnetpp::cMessage) FanetStressNetwork.uav[22].app.debugTimer -- check module destructor
undisposed object: (omnetpp::cMessage) FanetStressNetwork.uav[23].app.debugTimer -- check module destructor
undisposed object: (omnetpp::cMessage) FanetStressNetwork.uav[24].app.debugTimer -- check module destructor
undisposed object: (omnetpp::cMessage) FanetStressNetwork.uav[25].app.debugTimer -- check module destructor
undisposed object: (omnetpp::cMessage) FanetStressNetwork.uav[26].app.debugTimer -- check module destructor
undisposed object: (omnetpp::cMessage) FanetStressNetwork.uav[27].app.debugTimer -- check module destructor
undisposed object: (omnetpp::cMessage) FanetStressNetwork.uav[28].app.debugTimer -- check module destructor
undisposed object: (omnetpp::cMessage) FanetStressNetwork.uav[29].app.debugTimer -- check module destructor
