** Event #0   t=0   Elapsed: 1.6e-05s (0m 00s)  0% completed  (0% total)
     Speed:     ev/sec=0   simsec/sec=0   ev/simsec=0
     Messages:  created: 1081   present: 1081   in FES: 161
** Event #59648   t=6.598592509551   Elapsed: 2.0043s (0m 02s)  1% completed  (0% total)
     Speed:     ev/sec=29760.8   simsec/sec=3.29225   ev/simsec=9039.66
     Messages:  created: 51914   present: 1111   in FES: 124
** Event #100352   t=11.535363810706   Elapsed: 4.00587s (0m 04s)  2% completed  (1% total)
     Speed:     ev/sec=20336   simsec/sec=2.46644   ev/simsec=8245.06
     Messages:  created: 86004   present: 1080   in FES: 113
** Event #137728   t=15.580888808662   Elapsed: 6.01311s (0m 06s)  3% completed  (1% total)
     Speed:     ev/sec=18620.5   simsec/sec=2.01546   ev/simsec=9238.85
     Messages:  created: 117075   present: 1075   in FES: 114
** Event #173056   t=19.585999913685   Elapsed: 8.01526s (0m 08s)  3% completed  (1% total)
     Speed:     ev/sec=17645   simsec/sec=2.00041   ev/simsec=8820.73
     Messages:  created: 146198   present: 1041   in FES: 102
** Event #209920   t=23.597625927005   Elapsed: 10.0257s (0m 10s)  4% completed  (2% total)
     Speed:     ev/sec=18336.1   simsec/sec=1.99538   ev/simsec=9189.29
     Messages:  created: 176689   present: 1103   in FES: 126
** Event #244736   t=27.560245945959   Elapsed: 12.0302s (0m 12s)  5% completed  (2% total)
     Speed:     ev/sec=17368.9   simsec/sec=1.97687   ev/simsec=8786.11
     Messages:  created: 205198   present: 1114   in FES: 126
** Event #281088   t=31.563008905898   Elapsed: 14.0368s (0m 14s)  6% completed  (3% total)
     Speed:     ev/sec=18116.1   simsec/sec=1.99478   ev/simsec=9081.73
     Messages:  created: 235223   present: 1095   in FES: 118
** Event #317696   t=35.602146971372   Elapsed: 16.0402s (0m 16s)  7% completed  (3% total)
     Speed:     ev/sec=18273.4   simsec/sec=2.01619   ev/simsec=9063.32
     Messages:  created: 265492   present: 1098   in FES: 117
** Event #353792   t=39.60769791184   Elapsed: 18.0409s (0m 18s)  7% completed  (3% total)
     Speed:     ev/sec=18041.5   simsec/sec=2.00205   ev/simsec=9011.49
     Messages:  created: 295547   present: 1094   in FES: 119
** Event #389888   t=43.598183281084   Elapsed: 20.0449s (0m 20s)  8% completed  (4% total)
     Speed:     ev/sec=18011.7   simsec/sec=1.99122   ev/simsec=9045.52
     Messages:  created: 324944   present: 1092   in FES: 119
** Event #426240   t=47.537063062837   Elapsed: 22.0483s (0m 22s)  9% completed  (4% total)
     Speed:     ev/sec=18145.3   simsec/sec=1.96611   ev/simsec=9229.02
     Messages:  created: 354628   present: 1114   in FES: 115
** Event #461824   t=51.517185859245   Elapsed: 24.056s (0m 24s)  10% completed  (5% total)
     Speed:     ev/sec=17723.8   simsec/sec=1.98244   ev/simsec=8940.43
     Messages:  created: 382928   present: 1079   in FES: 114
** Event #493312   t=54.561615800314   Elapsed: 26.0789s (0m 26s)  10% completed  (5% total)
     Speed:     ev/sec=15566.1   simsec/sec=1.50502   ev/simsec=10342.8
     Messages:  created: 407828   present: 1036   in FES: 97
** Event #525056   t=58.031748822727   Elapsed: 28.0848s (0m 28s)  11% completed  (5% total)
     Speed:     ev/sec=15825.2   simsec/sec=1.72995   ev/simsec=9147.78
     Messages:  created: 433104   present: 1029   in FES: 98
** Event #557568   t=61.094678530852   Elapsed: 30.0849s (0m 30s)  12% completed  (6% total)
     Speed:     ev/sec=16255.1   simsec/sec=1.53138   ev/simsec=10614.7
     Messages:  created: 458918   present: 1102   in FES: 121
** Event #588800   t=64.540567735619   Elapsed: 32.0934s (0m 32s)  12% completed  (6% total)
     Speed:     ev/sec=15550   simsec/sec=1.71567   ev/simsec=9063.55
     Messages:  created: 483666   present: 1098   in FES: 117
** Event #619776   t=67.602129471786   Elapsed: 34.1174s (0m 34s)  13% completed  (6% total)
     Speed:     ev/sec=15304.2   simsec/sec=1.51261   ev/simsec=10117.7
     Messages:  created: 508409   present: 1032   in FES: 99
** Event #653312   t=71.066510957912   Elapsed: 36.1206s (0m 36s)  14% completed  (7% total)
     Speed:     ev/sec=16740.8   simsec/sec=1.72938   ev/simsec=9680.23
     Messages:  created: 534880   present: 1079   in FES: 114
** Event #685056   t=74.514200910899   Elapsed: 38.1266s (0m 38s)  14% completed  (7% total)
     Speed:     ev/sec=15824.7   simsec/sec=1.71871   ev/simsec=9207.32
     Messages:  created: 559651   present: 1104   in FES: 123
** Event #712704   t=77.050956596397   Elapsed: 40.1309s (0m 40s)  15% completed  (7% total)
     Speed:     ev/sec=13794.8   simsec/sec=1.2657   ev/simsec=10899
     Messages:  created: 581036   present: 1096   in FES: 119
** Event #741120   t=79.774386916702   Elapsed: 42.1421s (0m 42s)  15% completed  (7% total)
     Speed:     ev/sec=14128.5   simsec/sec=1.35409   ev/simsec=10433.9
     Messages:  created: 602819   present: 1021   in FES: 95
** Event #771584   t=82.613510290016   Elapsed: 44.1641s (0m 44s)  16% completed  (8% total)
     Speed:     ev/sec=15066.6   simsec/sec=1.40414   ev/simsec=10730.1
     Messages:  created: 626517   present: 1053   in FES: 106
** Event #802048   t=85.60444350231   Elapsed: 46.1818s (0m 46s)  17% completed  (8% total)
     Speed:     ev/sec=15098.2   simsec/sec=1.48233   ev/simsec=10185.4
     Messages:  created: 650257   present: 1030   in FES: 97
** Event #832512   t=88.607753398453   Elapsed: 48.195s (0m 48s)  17% completed  (8% total)
     Speed:     ev/sec=15132.1   simsec/sec=1.4918   ev/simsec=10143.5
     Messages:  created: 673927   present: 1099   in FES: 120
** Event #862976   t=92.027463604603   Elapsed: 50.1977s (0m 50s)  18% completed  (9% total)
     Speed:     ev/sec=15211.7   simsec/sec=1.70757   ev/simsec=8908.36
     Messages:  created: 697817   present: 1095   in FES: 126
** Event #897280   t=95.539608231563   Elapsed: 52.1984s (0m 52s)  19% completed  (9% total)
     Speed:     ev/sec=17145.6   simsec/sec=1.75542   ev/simsec=9767.25
     Messages:  created: 725247   present: 1097   in FES: 120
** Event #930048   t=99.034803576524   Elapsed: 54.2037s (0m 54s)  19% completed  (9% total)
     Speed:     ev/sec=16340.7   simsec/sec=1.74298   ev/simsec=9375.16
     Messages:  created: 751786   present: 1082   in FES: 113
** Event #973568   t=102.526937575803   Elapsed: 56.2147s (0m 56s)  20% completed  (10% total)
     Speed:     ev/sec=21641   simsec/sec=1.73652   ev/simsec=12462.3
     Messages:  created: 793767   present: 1053   in FES: 106
** Event #1017088   t=105.529550711467   Elapsed: 58.2314s (0m 58s)  21% completed  (10% total)
     Speed:     ev/sec=21580.5   simsec/sec=1.48892   ev/simsec=14494
     Messages:  created: 838953   present: 1064   in FES: 109
** Event #1061120   t=108.512977582832   Elapsed: 60.236s (1m 00s)  21% completed  (10% total)
     Speed:     ev/sec=21965   simsec/sec=1.48825   ev/simsec=14758.9
     Messages:  created: 884834   present: 1080   in FES: 115
** Event #1101312   t=111.061927082933   Elapsed: 62.2395s (1m 02s)  22% completed  (11% total)
     Speed:     ev/sec=20060.9   simsec/sec=1.27225   ev/simsec=15768.1
     Messages:  created: 925206   present: 1101   in FES: 118
** Event #1142272   t=114.010949318706   Elapsed: 64.2407s (1m 04s)  22% completed  (11% total)
     Speed:     ev/sec=20468   simsec/sec=1.47364   ev/simsec=13889.3
     Messages:  created: 966875   present: 1101   in FES: 122
** Event #1182208   t=116.550223872825   Elapsed: 66.2494s (1m 06s)  23% completed  (11% total)
     Speed:     ev/sec=19881.7   simsec/sec=1.26415   ev/simsec=15727.3
     Messages:  created: 1006601   present: 1129   in FES: 126
** Event #1225728   t=119.529609876934   Elapsed: 68.2666s (1m 08s)  23% completed  (11% total)
     Speed:     ev/sec=21574.6   simsec/sec=1.477   ev/simsec=14607
     Messages:  created: 1050334   present: 1036   in FES: 99
** Event #1267712   t=122.250100889492   Elapsed: 70.2689s (1m 10s)  24% completed  (12% total)
     Speed:     ev/sec=20967.2   simsec/sec=1.35864   ev/simsec=15432.5
     Messages:  created: 1092863   present: 1027   in FES: 117
** Event #1303808   t=124.585035322461   Elapsed: 72.2826s (1m 12s)  24% completed  (12% total)
     Speed:     ev/sec=17925.2   simsec/sec=1.15953   ev/simsec=15459.1
     Messages:  created: 1129073   present: 1064   in FES: 109
** Event #1345280   t=127.530932916358   Elapsed: 74.298s (1m 14s)  25% completed  (12% total)
     Speed:     ev/sec=20578.2   simsec/sec=1.46174   ev/simsec=14077.9
     Messages:  created: 1170959   present: 1083   in FES: 116
** Event #1379584   t=129.561004584482   Elapsed: 76.3179s (1m 16s)  25% completed  (12% total)
     Speed:     ev/sec=16982.3   simsec/sec=1.00499   ev/simsec=16897.9
     Messages:  created: 1204500   present: 1099   in FES: 116
** Event #1414144   t=131.960017301608   Elapsed: 78.3193s (1m 18s)  26% completed  (13% total)
     Speed:     ev/sec=17268.6   simsec/sec=1.19872   ev/simsec=14405.9
     Messages:  created: 1238585   present: 1083   in FES: 126
** Event #1454848   t=134.542655524805   Elapsed: 80.3322s (1m 20s)  26% completed  (13% total)
     Speed:     ev/sec=20221.7   simsec/sec=1.28305   ev/simsec=15760.6
     Messages:  created: 1278504   present: 1057   in FES: 106
** Event #1488384   t=136.553123873884   Elapsed: 82.3357s (1m 22s)  27% completed  (13% total)
     Speed:     ev/sec=16738.1   simsec/sec=1.00344   ev/simsec=16680.7
     Messages:  created: 1310757   present: 1053   in FES: 100
** Event #1520384   t=138.600198656455   Elapsed: 84.3446s (1m 24s)  27% completed  (13% total)
     Speed:     ev/sec=15929.4   simsec/sec=1.01902   ev/simsec=15632.1
     Messages:  created: 1340858   present: 1112   in FES: 123
** Event #1555200   t=141.035149637437   Elapsed: 86.3534s (1m 26s)  28% completed  (14% total)
     Speed:     ev/sec=17331.9   simsec/sec=1.21215   ev/simsec=14298.4
     Messages:  created: 1374126   present: 1112   in FES: 123
** Event #1592832   t=143.542923946526   Elapsed: 88.3584s (1m 28s)  28% completed  (14% total)
     Speed:     ev/sec=18768.8   simsec/sec=1.25074   ev/simsec=15006.1
     Messages:  created: 1409908   present: 1051   in FES: 104
** Event #1625856   t=145.584808261543   Elapsed: 90.3653s (1m 30s)  29% completed  (14% total)
     Speed:     ev/sec=16455.7   simsec/sec=1.01746   ev/simsec=16173.3
     Messages:  created: 1441196   present: 1108   in FES: 125
** Event #1660416   t=148.002086380388   Elapsed: 92.371s (1m 32s)  29% completed  (14% total)
     Speed:     ev/sec=17230.4   simsec/sec=1.20517   ev/simsec=14297.1
     Messages:  created: 1474270   present: 1047   in FES: 102
** Event #1696000   t=150.094679287001   Elapsed: 94.3802s (1m 34s)  30% completed  (15% total)
     Speed:     ev/sec=17710.9   simsec/sec=1.04153   ev/simsec=17004.7
     Messages:  created: 1507278   present: 1074   in FES: 111
** Event #1732608   t=151.609510103549   Elapsed: 96.3824s (1m 36s)  30% completed  (15% total)
     Speed:     ev/sec=18283.4   simsec/sec=0.756562   ev/simsec=24166.4
     Messages:  created: 1547698   present: 1063   in FES: 108
** Event #1769728   t=154.051285333372   Elapsed: 98.3883s (1m 38s)  30% completed  (15% total)
     Speed:     ev/sec=18505.4   simsec/sec=1.2173   ev/simsec=15202.1
     Messages:  created: 1584284   present: 1062   in FES: 105
** Event #1807616   t=156.460628154388   Elapsed: 100.4s (1m 40s)  31% completed  (15% total)
     Speed:     ev/sec=18834.2   simsec/sec=1.19769   ev/simsec=15725.4
     Messages:  created: 1622104   present: 1093   in FES: 152
** Event #1844992   t=158.53319518655   Elapsed: 102.424s (1m 42s)  31% completed  (15% total)
     Speed:     ev/sec=18469.5   simsec/sec=1.02417   ev/simsec=18033.7
     Messages:  created: 1659790   present: 1066   in FES: 109
** Event #1882368   t=160.537814138312   Elapsed: 104.439s (1m 44s)  32% completed  (16% total)
     Speed:     ev/sec=18541.8   simsec/sec=0.994468   ev/simsec=18644.9
     Messages:  created: 1699018   present: 1049   in FES: 104
** Event #1926400   t=162.449513582089   Elapsed: 106.45s (1m 46s)  32% completed  (16% total)
     Speed:     ev/sec=21898.1   simsec/sec=0.950729   ev/simsec=23032.9
     Messages:  created: 1748761   present: 1095   in FES: 126
** Event #1964288   t=164.539628891226   Elapsed: 108.451s (1m 48s)  32% completed  (16% total)
     Speed:     ev/sec=18935.1   simsec/sec=1.04456   ev/simsec=18127.2
     Messages:  created: 1788391   present: 1102   in FES: 119
** Event #1999872   t=166.593628608245   Elapsed: 110.473s (1m 50s)  33% completed  (16% total)
     Speed:     ev/sec=17600.3   simsec/sec=1.01593   ev/simsec=17324.2
     Messages:  created: 1824006   present: 1095   in FES: 118
** Event #2040320   t=169.066510025872   Elapsed: 112.474s (1m 52s)  33% completed  (16% total)
     Speed:     ev/sec=20210.8   simsec/sec=1.23563   ev/simsec=16356.6
     Messages:  created: 1865195   present: 1101   in FES: 122
** Event #2077696   t=171.535814765878   Elapsed: 114.491s (1m 54s)  34% completed  (17% total)
     Speed:     ev/sec=18534   simsec/sec=1.22448   ev/simsec=15136.2
     Messages:  created: 1903241   present: 1039   in FES: 98
** Event #2114304   t=173.751636951902   Elapsed: 116.503s (1m 56s)  34% completed  (17% total)
     Speed:     ev/sec=18191.4   simsec/sec=1.1011   ev/simsec=16521.2
     Messages:  created: 1940027   present: 1111   in FES: 148
** Event #2154240   t=176.556612817256   Elapsed: 118.525s (1m 58s)  35% completed  (17% total)
     Speed:     ev/sec=19749.3   simsec/sec=1.38713   ev/simsec=14237.6
     Messages:  created: 1979644   present: 1056   in FES: 105
** Event #2194432   t=179.303123322513   Elapsed: 120.528s (2m 00s)  35% completed  (17% total)
     Speed:     ev/sec=20067.7   simsec/sec=1.37132   ev/simsec=14633.8
     Messages:  created: 2018817   present: 1063   in FES: 108
** Event #2228224   t=181.575986814487   Elapsed: 122.535s (2m 02s)  36% completed  (18% total)
     Speed:     ev/sec=16841.1   simsec/sec=1.13274   ev/simsec=14867.6
     Messages:  created: 2051392   present: 1098   in FES: 120
** Event #2267904   t=184.500101188254   Elapsed: 124.54s (2m 04s)  36% completed  (18% total)
     Speed:     ev/sec=19787.4   simsec/sec=1.45818   ev/simsec=13569.9
     Messages:  created: 2090636   present: 1090   in FES: 141
** Event #2302464   t=186.595139525282   Elapsed: 126.544s (2m 06s)  37% completed  (18% total)
     Speed:     ev/sec=17246   simsec/sec=1.04546   ev/simsec=16496.1
     Messages:  created: 2124140   present: 1088   in FES: 117
** Event #2341120   t=189.460286204138   Elapsed: 128.55s (2m 08s)  37% completed  (18% total)
     Speed:     ev/sec=19272.9   simsec/sec=1.42849   ev/simsec=13491.8
     Messages:  created: 2162316   present: 1052   in FES: 105
** Event #2377216   t=192.000708459231   Elapsed: 130.555s (2m 10s)  38% completed  (19% total)
     Speed:     ev/sec=18001   simsec/sec=1.26691   ev/simsec=14208.7
     Messages:  created: 2197767   present: 1032   in FES: 123
** Event #2415872   t=194.554672153933   Elapsed: 132.558s (2m 12s)  38% completed  (19% total)
     Speed:     ev/sec=19295.3   simsec/sec=1.27482   ev/simsec=15135.7
     Messages:  created: 2235358   present: 1078   in FES: 111
** Event #2454528   t=197.09208385612   Elapsed: 134.567s (2m 14s)  39% completed  (19% total)
     Speed:     ev/sec=19242.1   simsec/sec=1.26306   ev/simsec=15234.4
     Messages:  created: 2272920   present: 1071   in FES: 112
** Event #2491136   t=199.551807662086   Elapsed: 136.586s (2m 16s)  39% completed  (19% total)
     Speed:     ev/sec=18135.2   simsec/sec=1.21852   ev/simsec=14883
     Messages:  created: 2309260   present: 1116   in FES: 126
** Event #2528000   t=201.812466298689   Elapsed: 138.586s (2m 18s)  40% completed  (20% total)
     Speed:     ev/sec=18427.2   simsec/sec=1.13004   ev/simsec=16306.8
     Messages:  created: 2345517   present: 1033   in FES: 125
** Event #2569472   t=204.095646072967   Elapsed: 140.59s (2m 20s)  40% completed  (20% total)
     Speed:     ev/sec=20701.1   simsec/sec=1.13967   ev/simsec=18164.1
     Messages:  created: 2386589   present: 1076   in FES: 111
** Event #2607104   t=206.544667849801   Elapsed: 142.593s (2m 22s)  41% completed  (20% total)
     Speed:     ev/sec=18783.9   simsec/sec=1.22242   ev/simsec=15366.1
     Messages:  created: 2424626   present: 1099   in FES: 144
** Event #2656256   t=208.250853003376   Elapsed: 144.593s (2m 24s)  41% completed  (20% total)
     Speed:     ev/sec=24573.1   simsec/sec=0.852994   ev/simsec=28808.1
     Messages:  created: 2481240   present: 1062   in FES: 107
** Event #2695424   t=210.553699605274   Elapsed: 146.616s (2m 26s)  42% completed  (21% total)
     Speed:     ev/sec=19362.1   simsec/sec=1.13837   ev/simsec=17008.5
     Messages:  created: 2522119   present: 1073   in FES: 104
** Event #2732288   t=212.571513464575   Elapsed: 148.642s (2m 28s)  42% completed  (21% total)
     Speed:     ev/sec=18194.2   simsec/sec=0.99589   ev/simsec=18269.3
     Messages:  created: 2560322   present: 1122   in FES: 126
** Event #2774784   t=215.056051116826   Elapsed: 150.643s (2m 30s)  43% completed  (21% total)
     Speed:     ev/sec=21237.1   simsec/sec=1.24163   ev/simsec=17104.2
     Messages:  created: 2604836   present: 1099   in FES: 116
** Event #2816000   t=217.540645887687   Elapsed: 152.662s (2m 32s)  43% completed  (21% total)
     Speed:     ev/sec=20415.6   simsec/sec=1.2307   ev/simsec=16588.6
     Messages:  created: 2647761   present: 1056   in FES: 105
** Event #2853888   t=219.577546317391   Elapsed: 154.667s (2m 34s)  43% completed  (21% total)
     Speed:     ev/sec=18897.7   simsec/sec=1.01596   ev/simsec=18600.8
     Messages:  created: 2686772   present: 1096   in FES: 121
** Event #2891520   t=221.839207380697   Elapsed: 156.673s (2m 36s)  44% completed  (22% total)
     Speed:     ev/sec=18764.1   simsec/sec=1.12771   ev/simsec=16639.1
     Messages:  created: 2725386   present: 1021   in FES: 95
** Event #2934528   t=224.534805487549   Elapsed: 158.695s (2m 38s)  44% completed  (22% total)
     Speed:     ev/sec=21265.2   simsec/sec=1.33283   ev/simsec=15954.9
     Messages:  created: 2769628   present: 1093   in FES: 126
** Event #2971904   t=226.606715217326   Elapsed: 160.71s (2m 40s)  45% completed  (22% total)
     Speed:     ev/sec=18549.5   simsec/sec=1.02828   ev/simsec=18039.4
     Messages:  created: 2807507   present: 1068   in FES: 109
** Event #3013632   t=229.46041535912   Elapsed: 162.717s (2m 42s)  45% completed  (22% total)
     Speed:     ev/sec=20794.8   simsec/sec=1.42211   ev/simsec=14622.4
     Messages:  created: 2850367   present: 1088   in FES: 126
** Event #3050496   t=231.598648427335   Elapsed: 164.718s (2m 44s)  46% completed  (23% total)
     Speed:     ev/sec=18424.1   simsec/sec=1.06866   ev/simsec=17240.4
     Messages:  created: 2888215   present: 1088   in FES: 117
** Event #3089664   t=234.066510170929   Elapsed: 166.729s (2m 46s)  46% completed  (23% total)
     Speed:     ev/sec=19469.3   simsec/sec=1.2267   ev/simsec=15871.2
     Messages:  created: 2927187   present: 1092   in FES: 119
** Event #3128064   t=236.551598129943   Elapsed: 168.737s (2m 48s)  47% completed  (23% total)
     Speed:     ev/sec=19127.2   simsec/sec=1.23783   ev/simsec=15452.2
     Messages:  created: 2965440   present: 1035   in FES: 96
** Event #3167744   t=239.047459510151   Elapsed: 170.745s (2m 50s)  47% completed  (23% total)
     Speed:     ev/sec=19760   simsec/sec=1.2429   ev/simsec=15898.3
     Messages:  created: 3005793   present: 1114   in FES: 125
** Event #3211264   t=241.543871515759   Elapsed: 172.767s (2m 52s)  48% completed  (24% total)
     Speed:     ev/sec=21526.9   simsec/sec=1.23483   ev/simsec=17433
     Messages:  created: 3051912   present: 1071   in FES: 110
** Event #3247360   t=243.601985419973   Elapsed: 174.781s (2m 54s)  48% completed  (24% total)
     Speed:     ev/sec=17919.8   simsec/sec=1.02175   ev/simsec=17538.4
     Messages:  created: 3089379   present: 1071   in FES: 110
** Event #3289856   t=246.093541063222   Elapsed: 176.784s (2m 56s)  49% completed  (24% total)
     Speed:     ev/sec=21221.6   simsec/sec=1.24423   ev/simsec=17056
     Messages:  created: 3134643   present: 1082   in FES: 115
** Event #3331840   t=248.564091134752   Elapsed: 178.8s (2m 58s)  49% completed  (24% total)
     Speed:     ev/sec=20818.7   simsec/sec=1.22508   ev/simsec=16993.8
     Messages:  created: 3179709   present: 1098   in FES: 119
** Event #3373824   t=251.090126216266   Elapsed: 180.806s (3m 00s)  50% completed  (25% total)
     Speed:     ev/sec=20928   simsec/sec=1.25917   ev/simsec=16620.5
     Messages:  created: 3223349   present: 1103   in FES: 126
** Event #3414016   t=253.561159817749   Elapsed: 182.808s (3m 02s)  50% completed  (25% total)
     Speed:     ev/sec=20080.6   simsec/sec=1.23457   ev/simsec=16265.3
     Messages:  created: 3265329   present: 1064   in FES: 103
** Event #3459584   t=256.499867898639   Elapsed: 184.815s (3m 04s)  51% completed  (25% total)
     Speed:     ev/sec=22704.7   simsec/sec=1.46424   ev/simsec=15506.1
     Messages:  created: 3312784   present: 1089   in FES: 126
** Event #3498240   t=258.571299022273   Elapsed: 186.841s (3m 06s)  51% completed  (25% total)
     Speed:     ev/sec=19078.5   simsec/sec=1.02235   ev/simsec=18661.5
     Messages:  created: 3352956   present: 1028   in FES: 97
** Event #3539968   t=261.034539425883   Elapsed: 188.847s (3m 08s)  52% completed  (26% total)
     Speed:     ev/sec=20806.4   simsec/sec=1.22822   ev/simsec=16940.3
     Messages:  created: 3397534   present: 1093   in FES: 118
** Event #3584768   t=263.547369387171   Elapsed: 190.87s (3m 10s)  52% completed  (26% total)
     Speed:     ev/sec=22137.7   simsec/sec=1.2417   ev/simsec=17828.5
     Messages:  created: 3445878   present: 1106   in FES: 119
** Event #3628032   t=266.250135583746   Elapsed: 192.874s (3m 12s)  53% completed  (26% total)
     Speed:     ev/sec=21593.5   simsec/sec=1.34898   ev/simsec=16007.3
     Messages:  created: 3490781   present: 1056   in FES: 107
** Event #3670784   t=269.036221381292   Elapsed: 194.882s (3m 14s)  53% completed  (26% total)
     Speed:     ev/sec=21290.6   simsec/sec=1.38748   ev/simsec=15344.8
     Messages:  created: 3535594   present: 1104   in FES: 119
** Event #3713536   t=271.59558518837   Elapsed: 196.903s (3m 16s)  54% completed  (27% total)
     Speed:     ev/sec=21148.8   simsec/sec=1.26608   ev/simsec=16704.2
     Messages:  created: 3579145   present: 1087   in FES: 118
** Event #3756544   t=274.539328823338   Elapsed: 198.908s (3m 18s)  54% completed  (27% total)
     Speed:     ev/sec=21455.2   simsec/sec=1.46853   ev/simsec=14610
     Messages:  created: 3622955   present: 1105   in FES: 120
** Event #3793152   t=277.010949711187   Elapsed: 200.911s (3m 20s)  55% completed  (27% total)
     Speed:     ev/sec=18280   simsec/sec=1.23419   ev/simsec=14811.3
     Messages:  created: 3659664   present: 1074   in FES: 113
** Event #3829248   t=279.095682322737   Elapsed: 202.911s (3m 22s)  55% completed  (27% total)
     Speed:     ev/sec=18040.3   simsec/sec=1.04192   ev/simsec=17314.5
     Messages:  created: 3694529   present: 1112   in FES: 123
** Event #3862784   t=281.50514584851   Elapsed: 204.915s (3m 24s)  56% completed  (28% total)
     Speed:     ev/sec=16738   simsec/sec=1.20257   ev/simsec=13918.5
     Messages:  created: 3727714   present: 1066   in FES: 109
** Event #3897856   t=283.54904217621   Elapsed: 206.924s (3m 26s)  56% completed  (28% total)
     Speed:     ev/sec=17455.7   simsec/sec=1.01727   ev/simsec=17159.4
     Messages:  created: 3762502   present: 1133   in FES: 124
** Event #3936256   t=286.050956933721   Elapsed: 208.931s (3m 28s)  57% completed  (28% total)
     Speed:     ev/sec=19138.1   simsec/sec=1.24692   ev/simsec=15348.2
     Messages:  created: 3800595   present: 1093   in FES: 114
** Event #3975936   t=288.58200283777   Elapsed: 210.954s (3m 30s)  57% completed  (28% total)
     Speed:     ev/sec=19607.5   simsec/sec=1.25069   ev/simsec=15677.3
     Messages:  created: 3839928   present: 1090   in FES: 119
** Event #4015616   t=291.098449319389   Elapsed: 212.958s (3m 32s)  58% completed  (29% total)
     Speed:     ev/sec=19806.1   simsec/sec=1.25607   ev/simsec=15768.3
     Messages:  created: 3879234   present: 1120   in FES: 125
** Event #4052736   t=293.553122401562   Elapsed: 214.97s (3m 34s)  58% completed  (29% total)
     Speed:     ev/sec=18449.9   simsec/sec=1.22005   ev/simsec=15122.2
     Messages:  created: 3917385   present: 1084   in FES: 110
** Event #4094464   t=296.128500436331   Elapsed: 216.972s (3m 36s)  59% completed  (29% total)
     Speed:     ev/sec=20837   simsec/sec=1.28602   ev/simsec=16202.7
     Messages:  created: 3959969   present: 1021   in FES: 95
** Event #4135424   t=299.018827703691   Elapsed: 218.981s (3m 38s)  59% completed  (29% total)
     Speed:     ev/sec=20396   simsec/sec=1.43924   ev/simsec=14171.4
     Messages:  created: 4002139   present: 1104   in FES: 126
** Event #4173824   t=301.542806339556   Elapsed: 220.99s (3m 40s)  60% completed  (30% total)
     Speed:     ev/sec=19108.4   simsec/sec=1.25597   ev/simsec=15214.1
     Messages:  created: 4039965   present: 1115   in FES: 126
** Event #4215808   t=304.050904018182   Elapsed: 223.001s (3m 43s)  60% completed  (30% total)
     Speed:     ev/sec=20883.8   simsec/sec=1.24758   ev/simsec=16739.4
     Messages:  created: 4083324   present: 1132   in FES: 126
** Event #4258304   t=306.548599111484   Elapsed: 225.002s (3m 45s)  61% completed  (30% total)
     Speed:     ev/sec=21236.3   simsec/sec=1.24816   ev/simsec=17014.1
     Messages:  created: 4127996   present: 1088   in FES: 115
** Event #4293888   t=308.605139906659   Elapsed: 227.007s (3m 47s)  61% completed  (30% total)
     Speed:     ev/sec=17747.6   simsec/sec=1.0257   ev/simsec=17302.8
     Messages:  created: 4163801   present: 1054   in FES: 107
** Event #4338432   t=311.460285886206   Elapsed: 229.008s (3m 49s)  62% completed  (31% total)
     Speed:     ev/sec=22254.2   simsec/sec=1.42643   ev/simsec=15601.3
     Messages:  created: 4210385   present: 1031   in FES: 98
** Event #4376832   t=313.592291058218   Elapsed: 231.028s (3m 51s)  62% completed  (31% total)
     Speed:     ev/sec=19014.1   simsec/sec=1.05568   ev/simsec=18011.2
     Messages:  created: 4249751   present: 1074   in FES: 113
** Event #4419840   t=316.053077563832   Elapsed: 233.029s (3m 53s)  63% completed  (31% total)
     Speed:     ev/sec=21493.5   simsec/sec=1.22979   ev/simsec=17477.3
     Messages:  created: 4295457   present: 1101   in FES: 128
** Event #4461056   t=318.553077472217   Elapsed: 235.035s (3m 55s)  63% completed  (31% total)
     Speed:     ev/sec=20541.9   simsec/sec=1.24599   ev/simsec=16486.4
     Messages:  created: 4338286   present: 1105   in FES: 127
** Event #4497920   t=320.599770282426   Elapsed: 237.048s (3m 57s)  64% completed  (32% total)
     Speed:     ev/sec=18315.5   simsec/sec=1.01688   ev/simsec=18011.5
     Messages:  created: 4375706   present: 1094   in FES: 119
** Event #4542720   t=323.532624418297   Elapsed: 239.056s (3m 59s)  64% completed  (32% total)
     Speed:     ev/sec=22308.5   simsec/sec=1.46044   ev/simsec=15275.2
     Messages:  created: 4422147   present: 1103   in FES: 122
** Event #4577792   t=325.605541628637   Elapsed: 241.081s (4m 01s)  65% completed  (32% total)
     Speed:     ev/sec=17324.3   simsec/sec=1.02395   ev/simsec=16919.2
     Messages:  created: 4456845   present: 1028   in FES: 97
** Event #4616704   t=328.061926562769   Elapsed: 243.092s (4m 03s)  65% completed  (32% total)
     Speed:     ev/sec=19349.5   simsec/sec=1.22147   ev/simsec=15841.2
     Messages:  created: 4495854   present: 1117   in FES: 124
** Event #4653568   t=330.538924283559   Elapsed: 245.095s (4m 05s)  66% completed  (33% total)
     Speed:     ev/sec=18402   simsec/sec=1.23648   ev/simsec=14882.5
     Messages:  created: 4532185   present: 1107   in FES: 126
** Event #4688896   t=332.575024059421   Elapsed: 247.11s (4m 07s)  66% completed  (33% total)
     Speed:     ev/sec=17534   simsec/sec=1.01056   ev/simsec=17350.8
     Messages:  created: 4567419   present: 1053   in FES: 104
** Event #4730880   t=335.537848446278   Elapsed: 249.113s (4m 09s)  67% completed  (33% total)
     Speed:     ev/sec=20959.5   simsec/sec=1.47912   ev/simsec=14170.3
     Messages:  created: 4609955   present: 1095   in FES: 118
** Event #4769792   t=338.047460241894   Elapsed: 251.118s (4m 11s)  67% completed  (33% total)
     Speed:     ev/sec=19406.3   simsec/sec=1.2516   ev/simsec=15505.2
     Messages:  created: 4649939   present: 1098   in FES: 119
** Event #4809216   t=340.605738971653   Elapsed: 253.123s (4m 13s)  68% completed  (34% total)
     Speed:     ev/sec=19665   simsec/sec=1.27609   ev/simsec=15410.4
     Messages:  created: 4689531   present: 1081   in FES: 112
** Event #4851968   t=343.562742007911   Elapsed: 255.127s (4m 15s)  68% completed  (34% total)
     Speed:     ev/sec=21329.7   simsec/sec=1.4753   ev/simsec=14457.9
     Messages:  created: 4732902   present: 1105   in FES: 118
** Event #4894464   t=346.547317344612   Elapsed: 257.135s (4m 17s)  69% completed  (34% total)
     Speed:     ev/sec=21163.4   simsec/sec=1.48635   ev/simsec=14238.5
     Messages:  created: 4775723   present: 1203   in FES: 153
** Event #4933120   t=349.053077728477   Elapsed: 259.135s (4m 19s)  69% completed  (34% total)
     Speed:     ev/sec=19324.3   simsec/sec=1.25264   ev/simsec=15426.9
     Messages:  created: 4814234   present: 1103   in FES: 128
** Event #4971264   t=351.584995945493   Elapsed: 261.147s (4m 21s)  70% completed  (35% total)
     Speed:     ev/sec=18958.7   simsec/sec=1.25844   ev/simsec=15065.3
     Messages:  created: 4852627   present: 1034   in FES: 99
** Event #5013760   t=354.55966351156   Elapsed: 263.148s (4m 23s)  70% completed  (35% total)
     Speed:     ev/sec=21245.5   simsec/sec=1.48716   ev/simsec=14286
     Messages:  created: 4896128   present: 1121   in FES: 123
** Event #5059840   t=357.061926977559   Elapsed: 265.155s (4m 25s)  71% completed  (35% total)
     Speed:     ev/sec=22953.7   simsec/sec=1.24645   ev/simsec=18415.3
     Messages:  created: 4946000   present: 1107   in FES: 120
** Event #5102336   t=359.803685486818   Elapsed: 267.163s (4m 27s)  71% completed  (35% total)
     Speed:     ev/sec=21165.8   simsec/sec=1.36558   ev/simsec=15499.5
     Messages:  created: 4990112   present: 1098   in FES: 153
** Event #5144320   t=362.593669326472   Elapsed: 269.185s (4m 29s)  72% completed  (36% total)
     Speed:     ev/sec=20763.1   simsec/sec=1.37978   ev/simsec=15048.1
     Messages:  created: 5031870   present: 1077   in FES: 114
** Event #5187840   t=365.949513645727   Elapsed: 271.187s (4m 31s)  73% completed  (36% total)
     Speed:     ev/sec=21739.7   simsec/sec=1.67636   ev/simsec=12968.4
     Messages:  created: 5076167   present: 1098   in FES: 126
** Event #5230336   t=369.031804055529   Elapsed: 273.19s (4m 33s)  73% completed  (36% total)
     Speed:     ev/sec=21208.9   simsec/sec=1.53831   ev/simsec=13787.1
     Messages:  created: 5118423   present: 1069   in FES: 110
** Event #5274880   t=371.533870972048   Elapsed: 275.2s (4m 35s)  74% completed  (37% total)
     Speed:     ev/sec=22162.3   simsec/sec=1.24487   ev/simsec=17802.9
     Messages:  created: 5165986   present: 1114   in FES: 125
** Event #5313024   t=373.960286193969   Elapsed: 277.209s (4m 37s)  74% completed  (37% total)
     Speed:     ev/sec=18987.5   simsec/sec=1.20783   ev/simsec=15720.3
     Messages:  created: 5204737   present: 1062   in FES: 109
** Event #5355520   t=376.545300110683   Elapsed: 279.212s (4m 39s)  75% completed  (37% total)
     Speed:     ev/sec=21215   simsec/sec=1.2905   ev/simsec=16439.4
     Messages:  created: 5247549   present: 1040   in FES: 97
** Event #5391104   t=378.60744640434   Elapsed: 281.219s (4m 41s)  75% completed  (37% total)
     Speed:     ev/sec=17731.1   simsec/sec=1.02754   ev/simsec=17255.8
     Messages:  created: 5283036   present: 1072   in FES: 111
** Event #5435136   t=381.546762469657   Elapsed: 283.229s (4m 43s)  76% completed  (38% total)
     Speed:     ev/sec=21913.4   simsec/sec=1.46281   ev/simsec=14980.4
     Messages:  created: 5328249   present: 1071   in FES: 108
** Event #5470720   t=383.605442631316   Elapsed: 285.24s (4m 45s)  76% completed  (38% total)
     Speed:     ev/sec=17687.2   simsec/sec=1.02328   ev/simsec=17284.9
     Messages:  created: 5363587   present: 1066   in FES: 109
** Event #5510912   t=386.090125513227   Elapsed: 287.244s (4m 47s)  77% completed  (38% total)
     Speed:     ev/sec=20062   simsec/sec=1.24024   ev/simsec=16175.9
     Messages:  created: 5404373   present: 1096   in FES: 126
** Event #5550080   t=388.54766660685   Elapsed: 289.258s (4m 49s)  77% completed  (38% total)
     Speed:     ev/sec=19447.1   simsec/sec=1.22018   ev/simsec=15937.9
     Messages:  created: 5444050   present: 1113   in FES: 120
** Event #5586688   t=390.802854617825   Elapsed: 291.262s (4m 51s)  78% completed  (39% total)
     Speed:     ev/sec=18268.4   simsec/sec=1.1254   ev/simsec=16232.8
     Messages:  created: 5481451   present: 1028   in FES: 97
** Event #5628928   t=393.461183052652   Elapsed: 293.27s (4m 53s)  78% completed  (39% total)
     Speed:     ev/sec=21032.4   simsec/sec=1.32365   ev/simsec=15889.7
     Messages:  created: 5524331   present: 1078   in FES: 113
** Event #5664000   t=395.545863568848   Elapsed: 295.283s (4m 55s)  79% completed  (39% total)
     Speed:     ev/sec=17426.8   simsec/sec=1.03585   ev/simsec=16823.7
     Messages:  created: 5559590   present: 1104   in FES: 119
** Event #5701632   t=398.03508847762   Elapsed: 297.283s (4m 57s)  79% completed  (39% total)
     Speed:     ev/sec=18811.3   simsec/sec=1.2443   ev/simsec=15118
     Messages:  created: 5597309   present: 1115   in FES: 124
** Event #5742592   t=400.560977630401   Elapsed: 299.284s (4m 59s)  80% completed  (40% total)
     Speed:     ev/sec=20474.8   simsec/sec=1.26263   ev/simsec=16216.1
     Messages:  created: 5638320   present: 1114   in FES: 122
** Event #5780992   t=403.066509232074   Elapsed: 301.285s (5m 01s)  80% completed  (40% total)
     Speed:     ev/sec=19184   simsec/sec=1.25172   ev/simsec=15326.1
     Messages:  created: 5676536   present: 1110   in FES: 125
** Event #5817856   t=405.69974718467   Elapsed: 303.306s (5m 03s)  81% completed  (40% total)
     Speed:     ev/sec=18240.9   simsec/sec=1.30297   ev/simsec=13999.5
     Messages:  created: 5712932   present: 1099   in FES: 148
** Event #5857792   t=408.580941269072   Elapsed: 305.307s (5m 05s)  81% completed  (40% total)
     Speed:     ev/sec=19961.5   simsec/sec=1.44013   ev/simsec=13860.9
     Messages:  created: 5751706   present: 1097   in FES: 126
** Event #5897472   t=411.518977108059   Elapsed: 307.314s (5m 07s)  82% completed  (41% total)
     Speed:     ev/sec=19771.4   simsec/sec=1.46394   ev/simsec=13505.6
     Messages:  created: 5790722   present: 1100   in FES: 121
** Event #5931520   t=413.594782590164   Elapsed: 309.317s (5m 09s)  82% completed  (41% total)
     Speed:     ev/sec=16994.2   simsec/sec=1.03608   ev/simsec=16402.3
     Messages:  created: 5824463   present: 1072   in FES: 113
** Event #5972480   t=416.509192892161   Elapsed: 311.323s (5m 11s)  83% completed  (41% total)
     Speed:     ev/sec=20420.9   simsec/sec=1.453   ev/simsec=14054.3
     Messages:  created: 5865884   present: 1108   in FES: 123
** Event #6006528   t=418.604573919366   Elapsed: 313.343s (5m 13s)  83% completed  (41% total)
     Speed:     ev/sec=16858.5   simsec/sec=1.03751   ev/simsec=16249.1
     Messages:  created: 5898409   present: 1056   in FES: 107
** Event #6047232   t=421.552052411161   Elapsed: 315.361s (5m 15s)  84% completed  (42% total)
     Speed:     ev/sec=20172.9   simsec/sec=1.46077   ev/simsec=13809.8
     Messages:  created: 5938403   present: 1102   in FES: 119
** Event #6082816   t=424.044701854694   Elapsed: 317.364s (5m 17s)  84% completed  (42% total)
     Speed:     ev/sec=17764   simsec/sec=1.24436   ev/simsec=14275.6
     Messages:  created: 5973391   present: 1055   in FES: 104
** Event #6120448   t=426.559826945443   Elapsed: 319.379s (5m 19s)  85% completed  (42% total)
     Speed:     ev/sec=18675.6   simsec/sec=1.24818   ev/simsec=14962.3
     Messages:  created: 6010646   present: 1114   in FES: 126
** Event #6164224   t=429.536107859709   Elapsed: 321.392s (5m 21s)  85% completed  (42% total)
     Speed:     ev/sec=21738.8   simsec/sec=1.478   ev/simsec=14708.3
     Messages:  created: 6054717   present: 1069   in FES: 110
** Event #6201344   t=432.00203137061   Elapsed: 323.396s (5m 23s)  86% completed  (43% total)
     Speed:     ev/sec=18527.3   simsec/sec=1.23079   ev/simsec=15053.2
     Messages:  created: 6092535   present: 1091   in FES: 126
** Event #6247424   t=434.047405185268   Elapsed: 325.4s (5m 25s)  86% completed  (43% total)
     Speed:     ev/sec=22998.4   simsec/sec=1.02084   ev/simsec=22528.9
     Messages:  created: 6143498   present: 1096   in FES: 126
** Event #6288128   t=436.711017735114   Elapsed: 327.407s (5m 27s)  87% completed  (43% total)
     Speed:     ev/sec=20273.5   simsec/sec=1.32667   ev/simsec=15281.5
     Messages:  created: 6185098   present: 1094   in FES: 127
** Event #6329088   t=439.569928718892   Elapsed: 329.408s (5m 29s)  87% completed  (43% total)
     Speed:     ev/sec=20476.4   simsec/sec=1.4292   ev/simsec=14327.1
     Messages:  created: 6225841   present: 1097   in FES: 126
** Event #6369792   t=442.544436625223   Elapsed: 331.422s (5m 31s)  88% completed  (44% total)
     Speed:     ev/sec=20207.8   simsec/sec=1.47672   ev/simsec=13684.3
     Messages:  created: 6266042   present: 1130   in FES: 126
** Event #6408704   t=445.047460037657   Elapsed: 333.431s (5m 33s)  89% completed  (44% total)
     Speed:     ev/sec=19371.1   simsec/sec=1.24605   ev/simsec=15546
     Messages:  created: 6305774   present: 1083   in FES: 114
** Event #6453248   t=447.095345038867   Elapsed: 335.435s (5m 35s)  89% completed  (44% total)
     Speed:     ev/sec=22230.1   simsec/sec=1.02202   ev/simsec=21751.2
     Messages:  created: 6354378   present: 1120   in FES: 126
** Event #6489856   t=449.594198839778   Elapsed: 337.436s (5m 37s)  89% completed  (44% total)
     Speed:     ev/sec=18291.5   simsec/sec=1.24858   ev/simsec=14649.9
     Messages:  created: 6390736   present: 1107   in FES: 124
** Event #6531584   t=452.587885776919   Elapsed: 339.445s (5m 39s)  90% completed  (45% total)
     Speed:     ev/sec=20768.8   simsec/sec=1.49002   ev/simsec=13938.7
     Messages:  created: 6432254   present: 1103   in FES: 126
** Event #6570752   t=455.529883000686   Elapsed: 341.464s (5m 41s)  91% completed  (45% total)
     Speed:     ev/sec=19403.3   simsec/sec=1.45743   ev/simsec=13313.4
     Messages:  created: 6470223   present: 1187   in FES: 156
** Event #6607616   t=458.04746016484   Elapsed: 343.473s (5m 43s)  91% completed  (45% total)
     Speed:     ev/sec=18344.1   simsec/sec=1.25279   ev/simsec=14642.6
     Messages:  created: 6506130   present: 1082   in FES: 113
** Event #6644736   t=460.535639129615   Elapsed: 345.474s (5m 45s)  92% completed  (46% total)
     Speed:     ev/sec=18553.9   simsec/sec=1.24368   ev/simsec=14918.5
     Messages:  created: 6542060   present: 1079   in FES: 114
** Event #6677760   t=462.605486547603   Elapsed: 347.486s (5m 47s)  92% completed  (46% total)
     Speed:     ev/sec=16414.9   simsec/sec=1.02884   ev/simsec=15954.8
     Messages:  created: 6573333   present: 1078   in FES: 113
** Event #6714880   t=465.535785809015   Elapsed: 349.507s (5m 49s)  93% completed  (46% total)
     Speed:     ev/sec=18362.9   simsec/sec=1.44959   ev/simsec=12667.6
     Messages:  created: 6608832   present: 1108   in FES: 123
** Event #6750208   t=468.051286105202   Elapsed: 351.512s (5m 51s)  93% completed  (46% total)
     Speed:     ev/sec=17625.1   simsec/sec=1.25498   ev/simsec=14044.1
     Messages:  created: 6642287   present: 1059   in FES: 104
** Event #6786304   t=470.582111697844   Elapsed: 353.522s (5m 53s)  94% completed  (47% total)
     Speed:     ev/sec=17954.7   simsec/sec=1.25887   ev/simsec=14262.5
     Messages:  created: 6677583   present: 1065   in FES: 110
** Event #6827008   t=473.557668123304   Elapsed: 355.54s (5m 55s)  94% completed  (47% total)
     Speed:     ev/sec=20170.1   simsec/sec=1.47448   ev/simsec=13679.5
     Messages:  created: 6718381   present: 1089   in FES: 114
** Event #6864896   t=476.095645358109   Elapsed: 357.541s (5m 57s)  95% completed  (47% total)
     Speed:     ev/sec=18939.2   simsec/sec=1.26867   ev/simsec=14928.4
     Messages:  created: 6755233   present: 1120   in FES: 125
** Event #6902272   t=478.589840884909   Elapsed: 359.555s (5m 59s)  95% completed  (47% total)
     Speed:     ev/sec=18553.5   simsec/sec=1.23813   ev/simsec=14985.2
     Messages:  created: 6792726   present: 1096   in FES: 121
** Event #6939904   t=481.499869315168   Elapsed: 361.562s (6m 01s)  96% completed  (48% total)
     Speed:     ev/sec=18752.5   simsec/sec=1.4501   ev/simsec=12931.8
     Messages:  created: 6828860   present: 1110   in FES: 126
** Event #6971392   t=483.564171270705   Elapsed: 363.573s (6m 03s)  96% completed  (48% total)
     Speed:     ev/sec=15658.9   simsec/sec=1.02657   ev/simsec=15253.6
     Messages:  created: 6858821   present: 1086   in FES: 111
** Event #7013120   t=485.593609206741   Elapsed: 365.576s (6m 05s)  97% completed  (48% total)
     Speed:     ev/sec=20832.4   simsec/sec=1.01318   ev/simsec=20561.4
     Messages:  created: 6904244   present: 1077   in FES: 114
** Event #7052544   t=488.512001691974   Elapsed: 367.579s (6m 07s)  97% completed  (48% total)
     Speed:     ev/sec=19676.8   simsec/sec=1.45659   ev/simsec=13508.8
     Messages:  created: 6942999   present: 1065   in FES: 110
** Event #7085568   t=490.604584402978   Elapsed: 369.59s (6m 09s)  98% completed  (49% total)
     Speed:     ev/sec=16428.3   simsec/sec=1.04099   ev/simsec=15781.5
     Messages:  created: 6975125   present: 1112   in FES: 125
** Event #7125248   t=493.537252810533   Elapsed: 371.596s (6m 11s)  98% completed  (49% total)
     Speed:     ev/sec=19778.5   simsec/sec=1.46179   ev/simsec=13530.3
     Messages:  created: 7014594   present: 1106   in FES: 123
** Event #7160064   t=495.95012913612   Elapsed: 373.603s (6m 13s)  99% completed  (49% total)
     Speed:     ev/sec=17344.5   simsec/sec=1.20204   ev/simsec=14429.3
     Messages:  created: 7049620   present: 1093   in FES: 126
** Event #7199488   t=498.565938159152   Elapsed: 375.612s (6m 15s)  99% completed  (49% total)
     Speed:     ev/sec=19619.6   simsec/sec=1.30177   ev/simsec=15071.4
     Messages:  created: 7088265   present: 1071   in FES: 110
** Event #7217633   t=500   Elapsed: 376.666s (6m 16s)  100% completed  (50% total)
     Speed:     ev/sec=17219.3   simsec/sec=1.36085   ev/simsec=12653.3
     Messages:  created: 7106141   present: 1112   in FES: 126

<!> Simulation time limit reached -- at t=500s, event #7217633
undisposed object: (omnetpp::cMessage) FanetStressNetwork.uav[0].app.debugTimer -- check module destructor
undisposed object: (omnetpp::cMessage) FanetStressNetwork.uav[1].app.debugTimer -- check module destructor
undisposed object: (omnetpp::cMessage) FanetStressNetwork.uav[2].app.debugTimer -- check module destructor
undisposed object: (omnetpp::cMessage) FanetStressNetwork.uav[3].app.debugTimer -- check module destructor
undisposed object: (omnetpp::cMessage) FanetStressNetwork.uav[4].app.debugTimer -- check module destructor
undisposed object: (omnetpp::cMessage) FanetStressNetwork.uav[5].app.debugTimer -- check module destructor
undisposed object: (omnetpp::cMessage) FanetStressNetwork.uav[6].app.debugTimer -- check module destructor
undisposed object: (omnetpp::cMessage) FanetStressNetwork.uav[7].app.debugTimer -- check module destructor
undisposed object: (omnetpp::cMessage) FanetStressNetwork.uav[8].app.debugTimer -- check module destructor
undisposed object: (omnetpp::cMessage) FanetStressNetwork.uav[9].app.debugTimer -- check module destructor
undisposed object: (omnetpp::cMessage) FanetStressNetwork.uav[10].app.debugTimer -- check module destructor
undisposed object: (omnetpp::cMessage) FanetStressNetwork.uav[11].app.debugTimer -- check module destructor
undisposed object: (omnetpp::cMessage) FanetStressNetwork.uav[12].app.debugTimer -- check module destructor
undisposed object: (omnetpp::cMessage) FanetStressNetwork.uav[13].app.debugTimer -- check module destructor
undisposed object: (omnetpp::cMessage) FanetStressNetwork.uav[14].app.debugTimer -- check module destructor
undisposed object: (omnetpp::cMessage) FanetStressNetwork.uav[15].app.debugTimer -- check module destructor
undisposed object: (omnetpp::cMessage) FanetStressNetwork.uav[16].app.debugTimer -- check module destructor
undisposed object: (omnetpp::cMessage) FanetStressNetwork.uav[17].app.debugTimer -- check module destructor
undisposed object: (omnetpp::cMessage) FanetStressNetwork.uav[18].app.debugTimer -- check module destructor
undisposed object: (omnetpp::cMessage) FanetStressNetwork.uav[19].app.debugTimer -- check module destructor
undisposed object: (omnetpp::cMessage) FanetStressNetwork.uav[20].app.debugTimer -- check module destructor
undisposed object: (omnetpp::cMessage) FanetStressNetwork.uav[21].app.debugTimer -- check module destructor
undisposed object: (omnetpp::cMessage) FanetStressNetwork.uav[22].app.debugTimer -- check module destructor
undisposed object: (omnetpp::cMessage) FanetStressNetwork.uav[23].app.debugTimer -- check module destructor
undisposed object: (omnetpp::cMessage) FanetStressNetwork.uav[24].app.debugTimer -- check module destructor
undisposed object: (omnetpp::cMessage) FanetStressNetwork.uav[25].app.debugTimer -- check module destructor
undisposed object: (omnetpp::cMessage) FanetStressNetwork.uav[26].app.debugTimer -- check module destructor
undisposed object: (omnetpp::cMessage) FanetStressNetwork.uav[27].app.debugTimer -- check module destructor
undisposed object: (omnetpp::cMessage) FanetStressNetwork.uav[28].app.debugTimer -- check module destructor
undisposed object: (omnetpp::cMessage) FanetStressNetwork.uav[29].app.debugTimer -- check module destructor
