** Event #0   t=0   Elapsed: 1.8e-05s (0m 00s)  0% completed  (0% total)
     Speed:     ev/sec=0   simsec/sec=0   ev/simsec=0
     Messages:  created: 381   present: 381   in FES: 61
** Event #74752   t=67.550889603467   Elapsed: 2.00556s (0m 02s)  13% completed  (6% total)
     Speed:     ev/sec=37273.1   simsec/sec=33.682   ev/simsec=1106.62
     Messages:  created: 56066   present: 378   in FES: 41
** Event #145152   t=109.084780129625   Elapsed: 4.0057s (0m 04s)  21% completed  (10% total)
     Speed:     ev/sec=35197.4   simsec/sec=20.7654   ev/simsec=1695
     Messages:  created: 118137   present: 407   in FES: 45
** Event #208640   t=126.094488149844   Elapsed: 6.00793s (0m 06s)  25% completed  (12% total)
     Speed:     ev/sec=31708.7   simsec/sec=8.49539   ev/simsec=3732.46
     Messages:  created: 185912   present: 420   in FES: 47
** Event #267776   t=141.298813743404   Elapsed: 8.01102s (0m 08s)  28% completed  (14% total)
     Speed:     ev/sec=29522.4   simsec/sec=7.59044   ev/simsec=3889.42
     Messages:  created: 248522   present: 404   in FES: 46
** Event #336640   t=159.005726714901   Elapsed: 10.0125s (0m 10s)  31% completed  (15% total)
     Speed:     ev/sec=34407.1   simsec/sec=8.84705   ev/simsec=3889.1
     Messages:  created: 321560   present: 399   in FES: 42
** Event #399872   t=178.10375497011   Elapsed: 12.0138s (0m 12s)  35% completed  (17% total)
     Speed:     ev/sec=31594.9   simsec/sec=9.54264   ev/simsec=3310.92
     Messages:  created: 386488   present: 419   in FES: 53
** Event #463872   t=197.853742949876   Elapsed: 14.0143s (0m 14s)  39% completed  (19% total)
     Speed:     ev/sec=31992.7   simsec/sec=9.87273   ev/simsec=3240.51
     Messages:  created: 453012   present: 419   in FES: 47
** Event #526592   t=216.603031171258   Elapsed: 16.0144s (0m 16s)  43% completed  (21% total)
     Speed:     ev/sec=31358   simsec/sec=9.37406   ev/simsec=3345.19
     Messages:  created: 518417   present: 429   in FES: 48
** Event #592128   t=237.715423100312   Elapsed: 18.0201s (0m 18s)  47% completed  (23% total)
     Speed:     ev/sec=32674.1   simsec/sec=10.5259   ev/simsec=3104.15
     Messages:  created: 586678   present: 416   in FES: 50
** Event #656128   t=258.852986738996   Elapsed: 20.024s (0m 20s)  51% completed  (25% total)
     Speed:     ev/sec=31937.7   simsec/sec=10.5482   ev/simsec=3027.79
     Messages:  created: 653223   present: 460   in FES: 48
** Event #723200   t=285.081271556646   Elapsed: 22.0317s (0m 22s)  57% completed  (28% total)
     Speed:     ev/sec=33407.6   simsec/sec=13.064   ev/simsec=2557.24
     Messages:  created: 718995   present: 562   in FES: 41
** Event #786432   t=306.465727186103   Elapsed: 24.0409s (0m 24s)  61% completed  (30% total)
     Speed:     ev/sec=31471.4   simsec/sec=10.6433   ev/simsec=2956.91
     Messages:  created: 783057   present: 610   in FES: 46
** Event #850176   t=327.102763370378   Elapsed: 26.0418s (0m 26s)  65% completed  (32% total)
     Speed:     ev/sec=31858.6   simsec/sec=10.3142   ev/simsec=3088.82
     Messages:  created: 846743   present: 661   in FES: 36
** Event #913408   t=347.103693997533   Elapsed: 28.045s (0m 28s)  69% completed  (34% total)
     Speed:     ev/sec=31564.8   simsec/sec=9.98427   ev/simsec=3161.45
     Messages:  created: 911939   present: 714   in FES: 52
** Event #977664   t=364.603708523689   Elapsed: 30.0517s (0m 30s)  72% completed  (36% total)
     Speed:     ev/sec=32021   simsec/sec=8.72086   ev/simsec=3671.77
     Messages:  created: 980456   present: 772   in FES: 46
** Event #1041408   t=379.844488536127   Elapsed: 32.0551s (0m 32s)  75% completed  (37% total)
     Speed:     ev/sec=31817   simsec/sec=7.60725   ev/simsec=4182.46
     Messages:  created: 1049611   present: 758   in FES: 47
** Event #1103360   t=395.559766511166   Elapsed: 34.0636s (0m 34s)  79% completed  (39% total)
     Speed:     ev/sec=30845.1   simsec/sec=7.82442   ev/simsec=3942.15
     Messages:  created: 1115489   present: 723   in FES: 36
** Event #1164288   t=411.509671297573   Elapsed: 36.0685s (0m 36s)  82% completed  (41% total)
     Speed:     ev/sec=30390.6   simsec/sec=7.95574   ev/simsec=3819.96
     Messages:  created: 1180701   present: 723   in FES: 36
** Event #1229568   t=429.299082460499   Elapsed: 38.0705s (0m 38s)  85% completed  (42% total)
     Speed:     ev/sec=32606.9   simsec/sec=8.88567   ev/simsec=3669.6
     Messages:  created: 1250717   present: 503   in FES: 43
** Event #1291776   t=447.420144369424   Elapsed: 40.0705s (0m 40s)  89% completed  (44% total)
     Speed:     ev/sec=31103.2   simsec/sec=9.0603   ev/simsec=3432.91
     Messages:  created: 1316230   present: 482   in FES: 35
** Event #1352448   t=464.352986731292   Elapsed: 42.0713s (0m 42s)  92% completed  (46% total)
     Speed:     ev/sec=30324.1   simsec/sec=8.4631   ev/simsec=3583.1
     Messages:  created: 1378861   present: 501   in FES: 47
** Event #1410560   t=480.596162120341   Elapsed: 44.0774s (0m 44s)  96% completed  (48% total)
     Speed:     ev/sec=28968.8   simsec/sec=8.09721   ev/simsec=3577.63
     Messages:  created: 1436843   present: 512   in FES: 48
** Event #1468928   t=495.541753460526   Elapsed: 46.0903s (0m 46s)  99% completed  (49% total)
     Speed:     ev/sec=28996.4   simsec/sec=7.42475   ev/simsec=3905.37
     Messages:  created: 1497707   present: 485   in FES: 37
** Event #1484155   t=500   Elapsed: 46.6114s (0m 46s)  100% completed  (50% total)
     Speed:     ev/sec=29216.3   simsec/sec=8.52083   ev/simsec=3428.81
     Messages:  created: 1513177   present: 482   in FES: 35

<!> Simulation time limit reached -- at t=500s, event #1484155
undisposed object: (omnetpp::cMessage) FanetStressNetwork.uav[0].app.debugTimer -- check module destructor
undisposed object: (omnetpp::cMessage) FanetStressNetwork.uav[1].app.debugTimer -- check module destructor
undisposed object: (omnetpp::cMessage) FanetStressNetwork.uav[2].app.debugTimer -- check module destructor
undisposed object: (omnetpp::cMessage) FanetStressNetwork.uav[3].app.debugTimer -- check module destructor
undisposed object: (omnetpp::cMessage) FanetStressNetwork.uav[4].app.debugTimer -- check module destructor
undisposed object: (omnetpp::cMessage) FanetStressNetwork.uav[5].app.debugTimer -- check module destructor
undisposed object: (omnetpp::cMessage) FanetStressNetwork.uav[6].app.debugTimer -- check module destructor
undisposed object: (omnetpp::cMessage) FanetStressNetwork.uav[7].app.debugTimer -- check module destructor
undisposed object: (omnetpp::cMessage) FanetStressNetwork.uav[8].app.debugTimer -- check module destructor
undisposed object: (omnetpp::cMessage) FanetStressNetwork.uav[9].app.debugTimer -- check module destructor
