** Event #0   t=0   Elapsed: 8e-06s (0m 00s)  0% completed  (50% total)
     Speed:     ev/sec=0   simsec/sec=0   ev/simsec=0
     Messages:  created: 1081   present: 1081   in FES: 161
** Event #52992   t=6.026384385459   Elapsed: 2.00663s (0m 02s)  1% completed  (50% total)
     Speed:     ev/sec=26409.1   simsec/sec=3.00325   ev/simsec=8793.5
     Messages:  created: 45917   present: 1097   in FES: 120
** Event #96512   t=10.595901481285   Elapsed: 4.01367s (0m 04s)  2% completed  (51% total)
     Speed:     ev/sec=21683.6   simsec/sec=2.27674   ev/simsec=9523.98
     Messages:  created: 81488   present: 1028   in FES: 97
** Event #148992   t=16.581665657595   Elapsed: 6.02972s (0m 06s)  3% completed  (51% total)
     Speed:     ev/sec=26031.1   simsec/sec=2.96906   ev/simsec=8767.47
     Messages:  created: 125114   present: 1071   in FES: 108
** Event #200192   t=22.540387357234   Elapsed: 8.03281s (0m 08s)  4% completed  (52% total)
     Speed:     ev/sec=25560.5   simsec/sec=2.97477   ev/simsec=8592.45
     Messages:  created: 167649   present: 1107   in FES: 126
** Event #251648   t=28.157456527243   Elapsed: 10.0351s (0m 10s)  5% completed  (52% total)
     Speed:     ev/sec=25698.2   simsec/sec=2.80528   ev/simsec=9160.65
     Messages:  created: 210227   present: 1021   in FES: 95
** Event #305664   t=34.570540868755   Elapsed: 12.0407s (0m 12s)  6% completed  (53% total)
     Speed:     ev/sec=26932.7   simsec/sec=3.1976   ev/simsec=8422.78
     Messages:  created: 255713   present: 1065   in FES: 108
** Event #360704   t=41.072502538771   Elapsed: 14.0455s (0m 14s)  8% completed  (54% total)
     Speed:     ev/sec=27454.6   simsec/sec=3.24326   ev/simsec=8465.14
     Messages:  created: 302786   present: 1093   in FES: 126
** Event #413184   t=47.564397030344   Elapsed: 16.0531s (0m 16s)  9% completed  (54% total)
     Speed:     ev/sec=26140.9   simsec/sec=3.23369   ev/simsec=8083.93
     Messages:  created: 347994   present: 1069   in FES: 110
** Event #470784   t=54.516769422973   Elapsed: 18.0653s (0m 18s)  10% completed  (55% total)
     Speed:     ev/sec=28624.2   simsec/sec=3.45496   ev/simsec=8284.94
     Messages:  created: 397343   present: 1107   in FES: 122
** Event #522752   t=60.567820328147   Elapsed: 20.0663s (0m 20s)  12% completed  (56% total)
     Speed:     ev/sec=25971.5   simsec/sec=3.02407   ev/simsec=8588.26
     Messages:  created: 442262   present: 1113   in FES: 122
** Event #578048   t=67.072558629947   Elapsed: 22.0695s (0m 22s)  13% completed  (56% total)
     Speed:     ev/sec=27603.4   simsec/sec=3.24713   ev/simsec=8500.88
     Messages:  created: 489372   present: 1066   in FES: 107
** Event #636928   t=74.516280282495   Elapsed: 24.0701s (0m 24s)  14% completed  (57% total)
     Speed:     ev/sec=29431.4   simsec/sec=3.72077   ev/simsec=7910.02
     Messages:  created: 540126   present: 1097   in FES: 120
** Event #690176   t=80.59215845439   Elapsed: 26.073s (0m 26s)  16% completed  (58% total)
     Speed:     ev/sec=26585.9   simsec/sec=3.03359   ev/simsec=8763.84
     Messages:  created: 585917   present: 1100   in FES: 119
** Event #746496   t=87.558133097569   Elapsed: 28.083s (0m 28s)  17% completed  (58% total)
     Speed:     ev/sec=28019.1   simsec/sec=3.46556   ev/simsec=8085.01
     Messages:  created: 634206   present: 1071   in FES: 112
** Event #798208   t=93.594942039987   Elapsed: 30.09s (0m 30s)  18% completed  (59% total)
     Speed:     ev/sec=25766.3   simsec/sec=3.00793   ev/simsec=8566.12
     Messages:  created: 678834   present: 1072   in FES: 111
** Event #856064   t=100.560802980431   Elapsed: 32.0929s (0m 32s)  20% completed  (60% total)
     Speed:     ev/sec=28886.7   simsec/sec=3.47796   ev/simsec=8305.65
     Messages:  created: 730173   present: 1109   in FES: 126
** Event #917248   t=104.584041649491   Elapsed: 34.1113s (0m 34s)  20% completed  (60% total)
     Speed:     ev/sec=30313.1   simsec/sec=1.99328   ev/simsec=15207.6
     Messages:  created: 796959   present: 1112   in FES: 123
** Event #985856   t=109.086766682596   Elapsed: 36.1131s (0m 36s)  21% completed  (60% total)
     Speed:     ev/sec=34272   simsec/sec=2.24926   ev/simsec=15237
     Messages:  created: 872053   present: 1099   in FES: 120
** Event #1055744   t=113.59723157588   Elapsed: 38.1146s (0m 38s)  22% completed  (61% total)
     Speed:     ev/sec=34918.7   simsec/sec=2.2536   ev/simsec=15494.6
     Messages:  created: 949223   present: 1048   in FES: 101
** Event #1126400   t=117.592793874768   Elapsed: 40.1214s (0m 40s)  23% completed  (61% total)
     Speed:     ev/sec=35208.6   simsec/sec=1.99103   ev/simsec=17683.6
     Messages:  created: 1029950   present: 1111   in FES: 124
** Event #1196544   t=121.573192294118   Elapsed: 42.1263s (0m 42s)  24% completed  (62% total)
     Speed:     ev/sec=34986.3   simsec/sec=1.98534   ev/simsec=17622.4
     Messages:  created: 1109938   present: 1099   in FES: 118
** Event #1264128   t=125.581566434512   Elapsed: 44.1323s (0m 44s)  25% completed  (62% total)
     Speed:     ev/sec=33690.2   simsec/sec=1.99815   ev/simsec=16860.7
     Messages:  created: 1185179   present: 1210   in FES: 156
** Event #1328128   t=129.54225283708   Elapsed: 46.1369s (0m 46s)  25% completed  (62% total)
     Speed:     ev/sec=31926.6   simsec/sec=1.9758   ev/simsec=16158.8
     Messages:  created: 1255075   present: 1100   in FES: 126
** Event #1383168   t=132.594231651401   Elapsed: 48.1463s (0m 48s)  26% completed  (63% total)
     Speed:     ev/sec=27392   simsec/sec=1.51889   ev/simsec=18034.2
     Messages:  created: 1313930   present: 1033   in FES: 98
** Event #1449984   t=136.511991082786   Elapsed: 50.1494s (0m 50s)  27% completed  (63% total)
     Speed:     ev/sec=33356.4   simsec/sec=1.95585   ev/simsec=17054.6
     Messages:  created: 1387151   present: 1049   in FES: 124
** Event #1510656   t=140.059747747078   Elapsed: 52.1494s (0m 52s)  28% completed  (64% total)
     Speed:     ev/sec=30335.6   simsec/sec=1.77385   ev/simsec=17101.5
     Messages:  created: 1451531   present: 1111   in FES: 126
** Event #1567232   t=143.579430249068   Elapsed: 54.1616s (0m 54s)  28% completed  (64% total)
     Speed:     ev/sec=28116.7   simsec/sec=1.74919   ev/simsec=16074.2
     Messages:  created: 1511018   present: 1100   in FES: 118
** Event #1632768   t=147.272574833745   Elapsed: 56.1623s (0m 56s)  29% completed  (64% total)
     Speed:     ev/sec=32755.6   simsec/sec=1.84587   ev/simsec=17745.3
     Messages:  created: 1583913   present: 1021   in FES: 95
** Event #1689344   t=150.597534495305   Elapsed: 58.1659s (0m 58s)  30% completed  (65% total)
     Speed:     ev/sec=28238.1   simsec/sec=1.65955   ev/simsec=17015.5
     Messages:  created: 1645138   present: 1100   in FES: 126
** Event #1750016   t=154.26164450901   Elapsed: 60.1701s (1m 00s)  30% completed  (65% total)
     Speed:     ev/sec=30272   simsec/sec=1.82819   ev/simsec=16558.5
     Messages:  created: 1710638   present: 1108   in FES: 128
** Event #1808384   t=157.847533605294   Elapsed: 62.1708s (1m 02s)  31% completed  (65% total)
     Speed:     ev/sec=29173.6   simsec/sec=1.7923   ev/simsec=16277.1
     Messages:  created: 1772909   present: 1022   in FES: 96
** Event #1869568   t=161.53578888601   Elapsed: 64.1846s (1m 04s)  32% completed  (66% total)
     Speed:     ev/sec=30382.3   simsec/sec=1.83149   ev/simsec=16588.9
     Messages:  created: 1838169   present: 1099   in FES: 126
** Event #1934592   t=165.2469410862   Elapsed: 66.1905s (1m 06s)  33% completed  (66% total)
     Speed:     ev/sec=32416.9   simsec/sec=1.85015   ev/simsec=17521.2
     Messages:  created: 1908643   present: 1109   in FES: 126
** Event #1992704   t=168.561904778112   Elapsed: 68.2092s (1m 08s)  33% completed  (66% total)
     Speed:     ev/sec=28786.4   simsec/sec=1.6421   ev/simsec=17530.2
     Messages:  created: 1971592   present: 1077   in FES: 112
** Event #2043648   t=171.574618381673   Elapsed: 70.2138s (1m 10s)  34% completed  (67% total)
     Speed:     ev/sec=25413.5   simsec/sec=1.50289   ev/simsec=16909.7
     Messages:  created: 2024628   present: 1091   in FES: 116
** Event #2099712   t=175.059800685615   Elapsed: 72.2139s (1m 12s)  35% completed  (67% total)
     Speed:     ev/sec=28031.4   simsec/sec=1.74255   ev/simsec=16086.4
     Messages:  created: 2083043   present: 1084   in FES: 115
** Event #2160128   t=178.578670029872   Elapsed: 74.2257s (1m 14s)  35% completed  (67% total)
     Speed:     ev/sec=30029.7   simsec/sec=1.74905   ev/simsec=17169.2
     Messages:  created: 2146824   present: 1107   in FES: 122
** Event #2223872   t=182.497749614656   Elapsed: 76.2297s (1m 16s)  36% completed  (68% total)
     Speed:     ev/sec=31809.2   simsec/sec=1.95568   ev/simsec=16265
     Messages:  created: 2215820   present: 1109   in FES: 146
** Event #2278144   t=185.593889887334   Elapsed: 78.2344s (1m 18s)  37% completed  (68% total)
     Speed:     ev/sec=27072.6   simsec/sec=1.54445   ev/simsec=17528.9
     Messages:  created: 2272658   present: 1113   in FES: 124
** Event #2339072   t=189.43046944921   Elapsed: 80.2382s (1m 20s)  37% completed  (68% total)
     Speed:     ev/sec=30405.8   simsec/sec=1.91463   ev/simsec=15880.8
     Messages:  created: 2337854   present: 1096   in FES: 126
** Event #2400000   t=193.098557478865   Elapsed: 82.2424s (1m 22s)  38% completed  (69% total)
     Speed:     ev/sec=30400.4   simsec/sec=1.83021   ev/simsec=16610.3
     Messages:  created: 2401352   present: 1119   in FES: 127
** Event #2458880   t=197.004023308693   Elapsed: 84.2442s (1m 24s)  39% completed  (69% total)
     Speed:     ev/sec=29413.3   simsec/sec=1.95096   ev/simsec=15076.3
     Messages:  created: 2463938   present: 1114   in FES: 126
** Event #2518528   t=200.574858256434   Elapsed: 86.2494s (1m 26s)  40% completed  (70% total)
     Speed:     ev/sec=29746.6   simsec/sec=1.78079   ev/simsec=16704.2
     Messages:  created: 2525815   present: 1063   in FES: 108
** Event #2579200   t=204.413523205065   Elapsed: 88.254s (1m 28s)  40% completed  (70% total)
     Speed:     ev/sec=30266.1   simsec/sec=1.91491   ev/simsec=15805.5
     Messages:  created: 2589622   present: 1075   in FES: 127
** Event #2631936   t=207.580620544226   Elapsed: 90.2679s (1m 30s)  41% completed  (70% total)
     Speed:     ev/sec=26186.9   simsec/sec=1.57267   ev/simsec=16651.2
     Messages:  created: 2644274   present: 1120   in FES: 126
** Event #2691840   t=211.583673645618   Elapsed: 92.2926s (1m 32s)  42% completed  (71% total)
     Speed:     ev/sec=29586   simsec/sec=1.97707   ev/simsec=14964.6
     Messages:  created: 2706416   present: 1056   in FES: 105
** Event #2749184   t=215.586010586906   Elapsed: 94.3006s (1m 34s)  43% completed  (71% total)
     Speed:     ev/sec=28557.8   simsec/sec=1.9932   ev/simsec=14327.6
     Messages:  created: 2765436   present: 1070   in FES: 111
** Event #2806784   t=219.608545366012   Elapsed: 96.3064s (1m 36s)  43% completed  (71% total)
     Speed:     ev/sec=28716.2   simsec/sec=2.00542   ev/simsec=14319.3
     Messages:  created: 2824467   present: 1074   in FES: 113
** Event #2863104   t=223.601190375871   Elapsed: 98.3126s (1m 38s)  44% completed  (72% total)
     Speed:     ev/sec=28072.8   simsec/sec=1.99014   ev/simsec=14105.9
     Messages:  created: 2882272   present: 1103   in FES: 118
** Event #2920704   t=227.931611904036   Elapsed: 100.316s (1m 40s)  45% completed  (72% total)
     Speed:     ev/sec=28744.7   simsec/sec=2.16105   ev/simsec=13301.2
     Messages:  created: 2941847   present: 1118   in FES: 140
** Event #2980096   t=232.067618382176   Elapsed: 102.32s (1m 42s)  46% completed  (73% total)
     Speed:     ev/sec=29649.7   simsec/sec=2.06478   ev/simsec=14359.7
     Messages:  created: 3002498   present: 1097   in FES: 118
** Event #3039232   t=236.4972080905   Elapsed: 104.322s (1m 44s)  47% completed  (73% total)
     Speed:     ev/sec=29539.7   simsec/sec=2.21267   ev/simsec=13350.2
     Messages:  created: 3063563   present: 1028   in FES: 97
** Event #3096320   t=240.571588873057   Elapsed: 106.326s (1m 46s)  48% completed  (74% total)
     Speed:     ev/sec=28481.4   simsec/sec=2.03272   ev/simsec=14011.5
     Messages:  created: 3122375   present: 1122   in FES: 126
** Event #3159552   t=245.060379498791   Elapsed: 108.328s (1m 48s)  49% completed  (74% total)
     Speed:     ev/sec=31580.5   simsec/sec=2.24188   ev/simsec=14086.6
     Messages:  created: 3189577   present: 1098   in FES: 119
** Event #3221504   t=249.582457449969   Elapsed: 110.338s (1m 50s)  49% completed  (74% total)
     Speed:     ev/sec=30830.6   simsec/sec=2.25043   ev/simsec=13699.9
     Messages:  created: 3254595   present: 1084   in FES: 113
** Event #3288320   t=254.529926121492   Elapsed: 112.348s (1m 52s)  50% completed  (75% total)
     Speed:     ev/sec=33235   simsec/sec=2.46092   ev/simsec=13505.1
     Messages:  created: 3325019   present: 1101   in FES: 122
** Event #3346944   t=258.558019503414   Elapsed: 114.365s (1m 54s)  51% completed  (75% total)
     Speed:     ev/sec=29064.2   simsec/sec=1.99702   ev/simsec=14553.8
     Messages:  created: 3387175   present: 1098   in FES: 126
** Event #3409664   t=263.162745234543   Elapsed: 116.365s (1m 56s)  52% completed  (76% total)
     Speed:     ev/sec=31357.6   simsec/sec=2.30219   ev/simsec=13620.8
     Messages:  created: 3450299   present: 1098   in FES: 126
** Event #3464448   t=267.526001858055   Elapsed: 118.367s (1m 58s)  53% completed  (76% total)
     Speed:     ev/sec=27372.7   simsec/sec=2.18009   ev/simsec=12555.8
     Messages:  created: 3504223   present: 1029   in FES: 96
** Event #3517696   t=271.544408849477   Elapsed: 120.378s (2m 00s)  54% completed  (77% total)
     Speed:     ev/sec=26474.6   simsec/sec=1.99793   ev/simsec=13251
     Messages:  created: 3555096   present: 1100   in FES: 121
** Event #3574016   t=275.430703192867   Elapsed: 122.382s (2m 02s)  55% completed  (77% total)
     Speed:     ev/sec=28098.5   simsec/sec=1.9389   ev/simsec=14492
     Messages:  created: 3611141   present: 1095   in FES: 148
** Event #3633664   t=279.430690644722   Elapsed: 124.384s (2m 04s)  55% completed  (77% total)
     Speed:     ev/sec=29791.9   simsec/sec=1.99784   ev/simsec=14912
     Messages:  created: 3672687   present: 1103   in FES: 127
** Event #3689984   t=283.061110102083   Elapsed: 126.387s (2m 06s)  56% completed  (78% total)
     Speed:     ev/sec=28130.7   simsec/sec=1.81332   ev/simsec=15513.4
     Messages:  created: 3733040   present: 1102   in FES: 127
** Event #3749376   t=286.997498326732   Elapsed: 128.388s (2m 08s)  57% completed  (78% total)
     Speed:     ev/sec=29678.1   simsec/sec=1.96701   ev/simsec=15087.9
     Messages:  created: 3796152   present: 1071   in FES: 127
** Event #3811072   t=290.567441960695   Elapsed: 130.41s (2m 10s)  58% completed  (79% total)
     Speed:     ev/sec=30510.7   simsec/sec=1.76545   ev/simsec=17282.1
     Messages:  created: 3861707   present: 1100   in FES: 119
** Event #3869952   t=294.59780295175   Elapsed: 132.416s (2m 12s)  58% completed  (79% total)
     Speed:     ev/sec=29344.7   simsec/sec=2.00865   ev/simsec=14609.1
     Messages:  created: 3921213   present: 1065   in FES: 108
** Event #3927296   t=298.582701793156   Elapsed: 134.426s (2m 14s)  59% completed  (79% total)
     Speed:     ev/sec=28530.8   simsec/sec=1.98264   ev/simsec=14390.3
     Messages:  created: 3979040   present: 1078   in FES: 113
** Event #3982080   t=302.511250693644   Elapsed: 136.43s (2m 16s)  60% completed  (80% total)
     Speed:     ev/sec=27342.9   simsec/sec=1.96075   ev/simsec=13945.1
     Messages:  created: 4034344   present: 1087   in FES: 126
** Event #4031232   t=305.585689162222   Elapsed: 138.442s (2m 18s)  61% completed  (80% total)
     Speed:     ev/sec=24429.2   simsec/sec=1.52803   ev/simsec=15987.3
     Messages:  created: 4083815   present: 1112   in FES: 123
** Event #4088064   t=309.563552905401   Elapsed: 140.455s (2m 20s)  61% completed  (80% total)
     Speed:     ev/sec=28237.1   simsec/sec=1.97641   ev/simsec=14287.1
     Messages:  created: 4140932   present: 1110   in FES: 123
** Event #4140288   t=313.06037891646   Elapsed: 142.46s (2m 22s)  62% completed  (81% total)
     Speed:     ev/sec=26042.6   simsec/sec=1.74376   ev/simsec=14934.7
     Messages:  created: 4192929   present: 1110   in FES: 123
** Event #4192256   t=316.566568158988   Elapsed: 144.462s (2m 24s)  63% completed  (81% total)
     Speed:     ev/sec=25961.5   simsec/sec=1.75158   ev/simsec=14821.8
     Messages:  created: 4244917   present: 1110   in FES: 123
** Event #4245504   t=320.084957075177   Elapsed: 146.462s (2m 26s)  64% completed  (82% total)
     Speed:     ev/sec=26616.1   simsec/sec=1.75868   ev/simsec=15134.2
     Messages:  created: 4297700   present: 1064   in FES: 109
** Event #4295424   t=323.597799605294   Elapsed: 148.466s (2m 28s)  64% completed  (82% total)
     Speed:     ev/sec=24918.5   simsec/sec=1.7535   ev/simsec=14210.7
     Messages:  created: 4347067   present: 1118   in FES: 143
** Event #4350464   t=327.599523220196   Elapsed: 150.469s (2m 30s)  65% completed  (82% total)
     Speed:     ev/sec=27478.1   simsec/sec=1.99781   ev/simsec=13754.1
     Messages:  created: 4402029   present: 1031   in FES: 96
** Event #4409856   t=332.070432640656   Elapsed: 152.469s (2m 32s)  66% completed  (83% total)
     Speed:     ev/sec=29695.6   simsec/sec=2.23543   ev/simsec=13284.1
     Messages:  created: 4461806   present: 1098   in FES: 119
** Event #4460544   t=335.747172943902   Elapsed: 154.469s (2m 34s)  67% completed  (83% total)
     Speed:     ev/sec=25342.6   simsec/sec=1.83827   ev/simsec=13786.1
     Messages:  created: 4512294   present: 1109   in FES: 147
** Event #4515584   t=339.595867220177   Elapsed: 156.482s (2m 36s)  67% completed  (83% total)
     Speed:     ev/sec=27335.4   simsec/sec=1.91144   ev/simsec=14301
     Messages:  created: 4567459   present: 1049   in FES: 104
** Event #4569088   t=343.58301898805   Elapsed: 158.495s (2m 38s)  68% completed  (84% total)
     Speed:     ev/sec=26575.9   simsec/sec=1.98045   ev/simsec=13419.1
     Messages:  created: 4620953   present: 1056   in FES: 105
** Event #4629504   t=348.162966594671   Elapsed: 160.497s (2m 40s)  69% completed  (84% total)
     Speed:     ev/sec=30183.3   simsec/sec=2.2881   ev/simsec=13191.4
     Messages:  created: 4681802   present: 1044   in FES: 127
** Event #4683520   t=352.526790717311   Elapsed: 162.506s (2m 42s)  70% completed  (85% total)
     Speed:     ev/sec=26889.8   simsec/sec=2.17236   ev/simsec=12378.1
     Messages:  created: 4734829   present: 1115   in FES: 126
** Event #4729856   t=356.05445764809   Elapsed: 164.506s (2m 44s)  71% completed  (85% total)
     Speed:     ev/sec=23167.6   simsec/sec=1.7638   ev/simsec=13135
     Messages:  created: 4779942   present: 1091   in FES: 118
** Event #4789248   t=359.662744793585   Elapsed: 166.511s (2m 46s)  71% completed  (85% total)
     Speed:     ev/sec=29617.9   simsec/sec=1.7994   ev/simsec=16459.9
     Messages:  created: 4842051   present: 1110   in FES: 126
** Event #4841728   t=363.847535364742   Elapsed: 168.515s (2m 48s)  72% completed  (86% total)
     Speed:     ev/sec=26189.1   simsec/sec=2.08834   ev/simsec=12540.7
     Messages:  created: 4893377   present: 1110   in FES: 126
** Event #4896512   t=368.059800056946   Elapsed: 170.516s (2m 50s)  73% completed  (86% total)
     Speed:     ev/sec=27381.7   simsec/sec=2.10534   ev/simsec=13005.8
     Messages:  created: 4946495   present: 1111   in FES: 124
** Event #4952320   t=372.517308293763   Elapsed: 172.525s (2m 52s)  74% completed  (87% total)
     Speed:     ev/sec=27770.4   simsec/sec=2.21809   ev/simsec=12520
     Messages:  created: 5001310   present: 1106   in FES: 121
** Event #5006080   t=376.586959368495   Elapsed: 174.534s (2m 54s)  75% completed  (87% total)
     Speed:     ev/sec=26770.7   simsec/sec=2.02655   ev/simsec=13210
     Messages:  created: 5053574   present: 1114   in FES: 126
** Event #5060352   t=380.761472605273   Elapsed: 176.536s (2m 56s)  76% completed  (88% total)
     Speed:     ev/sec=27106   simsec/sec=2.08495   ev/simsec=13000.8
     Messages:  created: 5106307   present: 1099   in FES: 127
** Event #5118976   t=384.086767256581   Elapsed: 178.537s (2m 58s)  76% completed  (88% total)
     Speed:     ev/sec=29291.4   simsec/sec=1.66148   ev/simsec=17629.7
     Messages:  created: 5168989   present: 1039   in FES: 100
** Event #5177088   t=388.558032087637   Elapsed: 180.539s (3m 00s)  77% completed  (88% total)
     Speed:     ev/sec=29030.8   simsec/sec=2.2337   ev/simsec=12996.8
     Messages:  created: 5227346   present: 1073   in FES: 110
** Event #5230080   t=392.511516233852   Elapsed: 182.542s (3m 02s)  78% completed  (89% total)
     Speed:     ev/sec=26457.8   simsec/sec=1.97389   ev/simsec=13403.9
     Messages:  created: 5279995   present: 1119   in FES: 138
** Event #5277184   t=395.746939453213   Elapsed: 184.542s (3m 04s)  79% completed  (89% total)
     Speed:     ev/sec=23549.3   simsec/sec=1.61753   ev/simsec=14558.8
     Messages:  created: 5325738   present: 1104   in FES: 126
** Event #5330688   t=399.531331494432   Elapsed: 186.547s (3m 06s)  79% completed  (89% total)
     Speed:     ev/sec=26689.3   simsec/sec=1.88776   ev/simsec=14138.1
     Messages:  created: 5378429   present: 1109   in FES: 126
** Event #5380352   t=402.579625332096   Elapsed: 188.561s (3m 08s)  80% completed  (90% total)
     Speed:     ev/sec=24659.7   simsec/sec=1.51357   ev/simsec=16292.4
     Messages:  created: 5428435   present: 1129   in FES: 126
** Event #5432576   t=406.060380010601   Elapsed: 190.562s (3m 10s)  81% completed  (90% total)
     Speed:     ev/sec=26098.5   simsec/sec=1.73948   ev/simsec=15003.6
     Messages:  created: 5481614   present: 1091   in FES: 116
** Event #5484544   t=409.572111442613   Elapsed: 192.568s (3m 12s)  81% completed  (90% total)
     Speed:     ev/sec=25908.7   simsec/sec=1.75077   ev/simsec=14798.4
     Messages:  created: 5533431   present: 1114   in FES: 126
** Event #5540352   t=413.511518028776   Elapsed: 194.581s (3m 14s)  82% completed  (91% total)
     Speed:     ev/sec=27711.8   simsec/sec=1.95614   ev/simsec=14166.6
     Messages:  created: 5590181   present: 1098   in FES: 119
** Event #5592320   t=417.033306104278   Elapsed: 196.583s (3m 16s)  83% completed  (91% total)
     Speed:     ev/sec=25970.1   simsec/sec=1.75995   ev/simsec=14756.1
     Messages:  created: 5642866   present: 1066   in FES: 109
** Event #5646336   t=420.573664410239   Elapsed: 198.589s (3m 18s)  84% completed  (92% total)
     Speed:     ev/sec=26925.6   simsec/sec=1.76478   ev/simsec=15257.2
     Messages:  created: 5697390   present: 1118   in FES: 125
** Event #5697280   t=423.578774772607   Elapsed: 200.616s (3m 20s)  84% completed  (92% total)
     Speed:     ev/sec=25129.8   simsec/sec=1.48237   ev/simsec=16952.5
     Messages:  created: 5749588   present: 1074   in FES: 109
** Event #5751040   t=427.033305160746   Elapsed: 202.619s (3m 22s)  85% completed  (92% total)
     Speed:     ev/sec=26837.1   simsec/sec=1.72451   ev/simsec=15562.2
     Messages:  created: 5804044   present: 1104   in FES: 121
** Event #5807104   t=430.511518025849   Elapsed: 204.627s (3m 24s)  86% completed  (93% total)
     Speed:     ev/sec=27920.8   simsec/sec=1.73221   ev/simsec=16118.6
     Messages:  created: 5860599   present: 1080   in FES: 111
** Event #5854976   t=433.575220994533   Elapsed: 206.636s (3m 26s)  86% completed  (93% total)
     Speed:     ev/sec=23823.9   simsec/sec=1.52468   ev/simsec=15625.5
     Messages:  created: 5908241   present: 1095   in FES: 116
** Event #5907712   t=437.071585201183   Elapsed: 208.641s (3m 28s)  87% completed  (93% total)
     Speed:     ev/sec=26313.1   simsec/sec=1.74454   ev/simsec=15083.1
     Messages:  created: 5960845   present: 1113   in FES: 124
** Event #5959680   t=440.541420962818   Elapsed: 210.655s (3m 30s)  88% completed  (94% total)
     Speed:     ev/sec=25794   simsec/sec=1.72223   ev/simsec=14977.1
     Messages:  created: 6012606   present: 1080   in FES: 115
** Event #6009088   t=443.597767656647   Elapsed: 212.665s (3m 32s)  88% completed  (94% total)
     Speed:     ev/sec=24585   simsec/sec=1.52081   ev/simsec=16165.7
     Messages:  created: 6061241   present: 1105   in FES: 144
** Event #6062080   t=447.077904926981   Elapsed: 214.668s (3m 34s)  89% completed  (94% total)
     Speed:     ev/sec=26457.6   simsec/sec=1.73755   ev/simsec=15227
     Messages:  created: 6113709   present: 1116   in FES: 126
** Event #6112256   t=450.509925155857   Elapsed: 216.672s (3m 36s)  90% completed  (95% total)
     Speed:     ev/sec=25039.6   simsec/sec=1.7127   ev/simsec=14620
     Messages:  created: 6163991   present: 1097   in FES: 120
** Event #6161408   t=453.570622541451   Elapsed: 218.697s (3m 38s)  90% completed  (95% total)
     Speed:     ev/sec=24274.9   simsec/sec=1.5116   ev/simsec=16059.1
     Messages:  created: 6212572   present: 1102   in FES: 117
** Event #6217728   t=457.516114026105   Elapsed: 220.717s (3m 40s)  91% completed  (95% total)
     Speed:     ev/sec=27880.7   simsec/sec=1.95318   ev/simsec=14274.5
     Messages:  created: 6270204   present: 1097   in FES: 118
** Event #6273536   t=461.261472293789   Elapsed: 222.719s (3m 42s)  92% completed  (96% total)
     Speed:     ev/sec=27874.4   simsec/sec=1.87069   ev/simsec=14900.6
     Messages:  created: 6326758   present: 1101   in FES: 127
** Event #6324992   t=464.930736384214   Elapsed: 224.725s (3m 44s)  92% completed  (96% total)
     Speed:     ev/sec=25652.6   simsec/sec=1.82926   ev/simsec=14023.5
     Messages:  created: 6379201   present: 1084   in FES: 117
** Event #6379520   t=468.573224389404   Elapsed: 226.736s (3m 46s)  93% completed  (96% total)
     Speed:     ev/sec=27117.2   simsec/sec=1.81144   ev/simsec=14970
     Messages:  created: 6434634   present: 1069   in FES: 108
** Event #6441984   t=472.011484066523   Elapsed: 228.743s (3m 48s)  94% completed  (97% total)
     Speed:     ev/sec=31110   simsec/sec=1.71241   ev/simsec=18167.3
     Messages:  created: 6503252   present: 1099   in FES: 147
** Event #6496000   t=475.747845770063   Elapsed: 230.747s (3m 50s)  95% completed  (97% total)
     Speed:     ev/sec=26956.1   simsec/sec=1.86459   ev/simsec=14456.8
     Messages:  created: 6557718   present: 1055   in FES: 104
** Event #6548736   t=479.558047437279   Elapsed: 232.75s (3m 52s)  95% completed  (97% total)
     Speed:     ev/sec=26336.5   simsec/sec=1.90282   ev/simsec=13840.7
     Messages:  created: 6610095   present: 1082   in FES: 113
** Event #6600704   t=483.080881449489   Elapsed: 234.753s (3m 54s)  96% completed  (98% total)
     Speed:     ev/sec=25939   simsec/sec=1.75837   ev/simsec=14751.8
     Messages:  created: 6661478   present: 1115   in FES: 124
** Event #6651136   t=486.59206606471   Elapsed: 236.767s (3m 56s)  97% completed  (98% total)
     Speed:     ev/sec=25035.6   simsec/sec=1.74303   ev/simsec=14363.2
     Messages:  created: 6710475   present: 1080   in FES: 113
** Event #6695680   t=489.604105037252   Elapsed: 238.768s (3m 58s)  97% completed  (98% total)
     Speed:     ev/sec=22262.5   simsec/sec=1.50538   ev/simsec=14788.7
     Messages:  created: 6753450   present: 1037   in FES: 98
** Event #6739712   t=492.602569068484   Elapsed: 240.791s (4m 00s)  98% completed  (99% total)
     Speed:     ev/sec=21764.6   simsec/sec=1.48211   ev/simsec=14684.9
     Messages:  created: 6796023   present: 1060   in FES: 105
** Event #6789632   t=496.080882278994   Elapsed: 242.793s (4m 02s)  99% completed  (99% total)
     Speed:     ev/sec=24935.2   simsec/sec=1.73743   ev/simsec=14351.8
     Messages:  created: 6844624   present: 1082   in FES: 113
** Event #6837504   t=499.52994657428   Elapsed: 244.818s (4m 04s)  99% completed  (99% total)
     Speed:     ev/sec=23646   simsec/sec=1.70364   ev/simsec=13879.7
     Messages:  created: 6891472   present: 1086   in FES: 117
** Event #6843916   t=500   Elapsed: 245.196s (4m 05s)  100% completed  (100% total)
     Speed:     ev/sec=16978.3   simsec/sec=1.23893   ev/simsec=13704
     Messages:  created: 6897587   present: 1031   in FES: 96

<!> Simulation time limit reached -- at t=500s, event #6843916
undisposed object: (omnetpp::cMessage) FanetStressNetwork.uav[0].app.debugTimer -- check module destructor
undisposed object: (omnetpp::cMessage) FanetStressNetwork.uav[1].app.debugTimer -- check module destructor
undisposed object: (omnetpp::cMessage) FanetStressNetwork.uav[2].app.debugTimer -- check module destructor
undisposed object: (omnetpp::cMessage) FanetStressNetwork.uav[3].app.debugTimer -- check module destructor
undisposed object: (omnetpp::cMessage) FanetStressNetwork.uav[4].app.debugTimer -- check module destructor
undisposed object: (omnetpp::cMessage) FanetStressNetwork.uav[5].app.debugTimer -- check module destructor
undisposed object: (omnetpp::cMessage) FanetStressNetwork.uav[6].app.debugTimer -- check module destructor
undisposed object: (omnetpp::cMessage) FanetStressNetwork.uav[7].app.debugTimer -- check module destructor
undisposed object: (omnetpp::cMessage) FanetStressNetwork.uav[8].app.debugTimer -- check module destructor
undisposed object: (omnetpp::cMessage) FanetStressNetwork.uav[9].app.debugTimer -- check module destructor
undisposed object: (omnetpp::cMessage) FanetStressNetwork.uav[10].app.debugTimer -- check module destructor
undisposed object: (omnetpp::cMessage) FanetStressNetwork.uav[11].app.debugTimer -- check module destructor
undisposed object: (omnetpp::cMessage) FanetStressNetwork.uav[12].app.debugTimer -- check module destructor
undisposed object: (omnetpp::cMessage) FanetStressNetwork.uav[13].app.debugTimer -- check module destructor
undisposed object: (omnetpp::cMessage) FanetStressNetwork.uav[14].app.debugTimer -- check module destructor
undisposed object: (omnetpp::cMessage) FanetStressNetwork.uav[15].app.debugTimer -- check module destructor
undisposed object: (omnetpp::cMessage) FanetStressNetwork.uav[16].app.debugTimer -- check module destructor
undisposed object: (omnetpp::cMessage) FanetStressNetwork.uav[17].app.debugTimer -- check module destructor
undisposed object: (omnetpp::cMessage) FanetStressNetwork.uav[18].app.debugTimer -- check module destructor
undisposed object: (omnetpp::cMessage) FanetStressNetwork.uav[19].app.debugTimer -- check module destructor
undisposed object: (omnetpp::cMessage) FanetStressNetwork.uav[20].app.debugTimer -- check module destructor
undisposed object: (omnetpp::cMessage) FanetStressNetwork.uav[21].app.debugTimer -- check module destructor
undisposed object: (omnetpp::cMessage) FanetStressNetwork.uav[22].app.debugTimer -- check module destructor
undisposed object: (omnetpp::cMessage) FanetStressNetwork.uav[23].app.debugTimer -- check module destructor
undisposed object: (omnetpp::cMessage) FanetStressNetwork.uav[24].app.debugTimer -- check module destructor
undisposed object: (omnetpp::cMessage) FanetStressNetwork.uav[25].app.debugTimer -- check module destructor
undisposed object: (omnetpp::cMessage) FanetStressNetwork.uav[26].app.debugTimer -- check module destructor
undisposed object: (omnetpp::cMessage) FanetStressNetwork.uav[27].app.debugTimer -- check module destructor
undisposed object: (omnetpp::cMessage) FanetStressNetwork.uav[28].app.debugTimer -- check module destructor
undisposed object: (omnetpp::cMessage) FanetStressNetwork.uav[29].app.debugTimer -- check module destructor
