** Event #0   t=0   Elapsed: 3.7e-05s (0m 00s)  0% completed  (0% total)
     Speed:     ev/sec=0   simsec/sec=0   ev/simsec=0
     Messages:  created: 1081   present: 1081   in FES: 161
** Event #59136   t=6.602185761417   Elapsed: 2.01073s (0m 02s)  1% completed  (0% total)
     Speed:     ev/sec=29411   simsec/sec=3.2835   ev/simsec=8957.19
     Messages:  created: 52124   present: 1090   in FES: 119
** Event #100608   t=11.507349524355   Elapsed: 4.02107s (0m 04s)  2% completed  (1% total)
     Speed:     ev/sec=20629.4   simsec/sec=2.43997   ev/simsec=8454.76
     Messages:  created: 85986   present: 1042   in FES: 101
** Event #138752   t=15.557635768042   Elapsed: 6.02598s (0m 06s)  3% completed  (1% total)
     Speed:     ev/sec=19025.3   simsec/sec=2.02018   ev/simsec=9417.61
     Messages:  created: 117006   present: 1095   in FES: 126
** Event #175616   t=19.550227480971   Elapsed: 8.03648s (0m 08s)  3% completed  (1% total)
     Speed:     ev/sec=18335.8   simsec/sec=1.98587   ev/simsec=9233.1
     Messages:  created: 147279   present: 1045   in FES: 100
** Event #211712   t=23.540205868931   Elapsed: 10.0503s (0m 10s)  4% completed  (2% total)
     Speed:     ev/sec=17923.8   simsec/sec=1.98126   ev/simsec=9046.67
     Messages:  created: 176479   present: 1092   in FES: 126
** Event #249600   t=27.5643597824   Elapsed: 12.0506s (0m 12s)  5% completed  (2% total)
     Speed:     ev/sec=18941.1   simsec/sec=2.01177   ev/simsec=9415.15
     Messages:  created: 207157   present: 1068   in FES: 111
** Event #287232   t=31.573311068029   Elapsed: 14.0669s (0m 14s)  6% completed  (3% total)
     Speed:     ev/sec=18664.2   simsec/sec=1.9883   ev/simsec=9386.99
     Messages:  created: 237977   present: 1119   in FES: 126
** Event #323840   t=35.572874950777   Elapsed: 16.0922s (0m 16s)  7% completed  (3% total)
     Speed:     ev/sec=18075.1   simsec/sec=1.97477   ev/simsec=9153
     Messages:  created: 267540   present: 1064   in FES: 109
** Event #360704   t=39.57535328081   Elapsed: 18.0939s (0m 18s)  7% completed  (3% total)
     Speed:     ev/sec=18417.1   simsec/sec=1.99962   ev/simsec=9210.29
     Messages:  created: 297469   present: 1107   in FES: 126
** Event #396544   t=43.575459878358   Elapsed: 20.0957s (0m 20s)  8% completed  (4% total)
     Speed:     ev/sec=17903.5   simsec/sec=1.99821   ev/simsec=8959.76
     Messages:  created: 326902   present: 1130   in FES: 130
** Event #433920   t=47.599354066459   Elapsed: 22.1063s (0m 22s)  9% completed  (4% total)
     Speed:     ev/sec=18589.4   simsec/sec=2.00134   ev/simsec=9288.51
     Messages:  created: 357723   present: 1097   in FES: 126
** Event #473344   t=52.060468823271   Elapsed: 24.1134s (0m 24s)  10% completed  (5% total)
     Speed:     ev/sec=19642.6   simsec/sec=2.2227   ev/simsec=8837.25
     Messages:  created: 389750   present: 1058   in FES: 107
** Event #508928   t=56.026701626003   Elapsed: 26.1163s (0m 26s)  11% completed  (5% total)
     Speed:     ev/sec=17765.6   simsec/sec=1.98018   ev/simsec=8971.74
     Messages:  created: 418793   present: 1111   in FES: 124
** Event #551168   t=60.563865865681   Elapsed: 28.1169s (0m 28s)  12% completed  (6% total)
     Speed:     ev/sec=21114.2   simsec/sec=2.26796   ev/simsec=9309.78
     Messages:  created: 453283   present: 1110   in FES: 125
** Event #587520   t=64.514145953854   Elapsed: 30.1401s (0m 30s)  12% completed  (6% total)
     Speed:     ev/sec=17967.7   simsec/sec=1.9525   ev/simsec=9202.39
     Messages:  created: 482605   present: 1031   in FES: 96
** Event #624896   t=68.5126831637   Elapsed: 32.1437s (0m 32s)  13% completed  (6% total)
     Speed:     ev/sec=18654.5   simsec/sec=1.99568   ev/simsec=9347.42
     Messages:  created: 512718   present: 1059   in FES: 106
** Event #657152   t=71.607556037187   Elapsed: 34.1708s (0m 34s)  14% completed  (7% total)
     Speed:     ev/sec=15911.9   simsec/sec=1.52671   ev/simsec=10422.4
     Messages:  created: 538593   present: 1087   in FES: 126
** Event #692992   t=75.53452599361   Elapsed: 36.192s (0m 36s)  15% completed  (7% total)
     Speed:     ev/sec=17732.2   simsec/sec=1.94291   ev/simsec=9126.63
     Messages:  created: 566775   present: 1101   in FES: 122
** Event #724480   t=78.585523873387   Elapsed: 38.2062s (0m 38s)  15% completed  (7% total)
     Speed:     ev/sec=15633.1   simsec/sec=1.51475   ev/simsec=10320.6
     Messages:  created: 591607   present: 1064   in FES: 109
** Event #760064   t=82.504993451478   Elapsed: 40.2185s (0m 40s)  16% completed  (8% total)
     Speed:     ev/sec=17683.2   simsec/sec=1.94776   ev/simsec=9078.78
     Messages:  created: 619607   present: 1101   in FES: 122
** Event #791040   t=85.542292091293   Elapsed: 42.2254s (0m 42s)  17% completed  (8% total)
     Speed:     ev/sec=15434.8   simsec/sec=1.51344   ev/simsec=10198.5
     Messages:  created: 644111   present: 1101   in FES: 122
** Event #821504   t=88.56337158973   Elapsed: 44.2521s (0m 44s)  17% completed  (8% total)
     Speed:     ev/sec=15031.1   simsec/sec=1.49062   ev/simsec=10083.8
     Messages:  created: 667890   present: 1072   in FES: 111
** Event #851968   t=91.574442782819   Elapsed: 46.2561s (0m 46s)  18% completed  (9% total)
     Speed:     ev/sec=15201.8   simsec/sec=1.50255   ev/simsec=10117.3
     Messages:  created: 691750   present: 1113   in FES: 124
** Event #882176   t=94.587448077784   Elapsed: 48.2676s (0m 48s)  18% completed  (9% total)
     Speed:     ev/sec=15017.7   simsec/sec=1.4979   ev/simsec=10025.9
     Messages:  created: 715330   present: 1092   in FES: 119
** Event #914432   t=98.014202047778   Elapsed: 50.2732s (0m 50s)  19% completed  (9% total)
     Speed:     ev/sec=16082.6   simsec/sec=1.70855   ev/simsec=9412.99
     Messages:  created: 740432   present: 1086   in FES: 117
** Event #952576   t=101.222684353823   Elapsed: 52.2786s (0m 52s)  20% completed  (10% total)
     Speed:     ev/sec=19020.6   simsec/sec=1.59992   ev/simsec=11888.5
     Messages:  created: 773083   present: 1091   in FES: 126
** Event #991488   t=103.582012400038   Elapsed: 54.283s (0m 54s)  20% completed  (10% total)
     Speed:     ev/sec=19413.6   simsec/sec=1.17709   ev/simsec=16492.8
     Messages:  created: 813031   present: 1095   in FES: 118
** Event #1036032   t=106.150621454697   Elapsed: 56.2839s (0m 56s)  21% completed  (10% total)
     Speed:     ev/sec=22262.3   simsec/sec=1.28374   ev/simsec=17341.7
     Messages:  created: 858846   present: 1022   in FES: 96
** Event #1074688   t=108.543272108186   Elapsed: 58.2913s (0m 58s)  21% completed  (10% total)
     Speed:     ev/sec=19256.5   simsec/sec=1.1919   ev/simsec=16156.1
     Messages:  created: 899228   present: 1101   in FES: 122
** Event #1112064   t=110.607606724097   Elapsed: 60.301s (1m 00s)  22% completed  (11% total)
     Speed:     ev/sec=18597.8   simsec/sec=1.02719   ev/simsec=18105.6
     Messages:  created: 936980   present: 1087   in FES: 116
** Event #1157120   t=113.473576609071   Elapsed: 62.3056s (1m 02s)  22% completed  (11% total)
     Speed:     ev/sec=22476.7   simsec/sec=1.42972   ev/simsec=15721
     Messages:  created: 984551   present: 1108   in FES: 154
** Event #1196800   t=115.922928732839   Elapsed: 64.3102s (1m 04s)  23% completed  (11% total)
     Speed:     ev/sec=19794.1   simsec/sec=1.22184   ev/simsec=16200.2
     Messages:  created: 1025889   present: 1090   in FES: 143
** Event #1241856   t=118.566926002833   Elapsed: 66.3308s (1m 06s)  23% completed  (11% total)
     Speed:     ev/sec=22298.8   simsec/sec=1.30855   ev/simsec=17040.9
     Messages:  created: 1073011   present: 1095   in FES: 120
** Event #1282560   t=121.064447530298   Elapsed: 68.3428s (1m 08s)  24% completed  (12% total)
     Speed:     ev/sec=20230.4   simsec/sec=1.2413   ev/simsec=16297.8
     Messages:  created: 1114182   present: 1041   in FES: 98
** Event #1321728   t=123.571967643943   Elapsed: 70.3495s (1m 10s)  24% completed  (12% total)
     Speed:     ev/sec=19518.2   simsec/sec=1.24955   ev/simsec=15620.2
     Messages:  created: 1153940   present: 1087   in FES: 116
** Event #1360640   t=126.047500038003   Elapsed: 72.35s (1m 12s)  25% completed  (12% total)
     Speed:     ev/sec=19451   simsec/sec=1.23745   ev/simsec=15718.6
     Messages:  created: 1193425   present: 1100   in FES: 119
** Event #1401344   t=128.597732668166   Elapsed: 74.3614s (1m 14s)  25% completed  (12% total)
     Speed:     ev/sec=20237   simsec/sec=1.26791   ev/simsec=15960.9
     Messages:  created: 1234951   present: 1084   in FES: 115
** Event #1444608   t=131.51874535303   Elapsed: 76.3618s (1m 16s)  26% completed  (13% total)
     Speed:     ev/sec=21627.8   simsec/sec=1.46022   ev/simsec=14811.3
     Messages:  created: 1279610   present: 1088   in FES: 117
** Event #1486080   t=134.08116137625   Elapsed: 78.3642s (1m 18s)  26% completed  (13% total)
     Speed:     ev/sec=20711.6   simsec/sec=1.2797   ev/simsec=16184.7
     Messages:  created: 1321556   present: 1075   in FES: 114
** Event #1525504   t=136.568925988192   Elapsed: 80.3669s (1m 20s)  27% completed  (13% total)
     Speed:     ev/sec=19685.5   simsec/sec=1.24221   ev/simsec=15847.2
     Messages:  created: 1361453   present: 1094   in FES: 117
** Event #1564416   t=139.083526480196   Elapsed: 82.3694s (1m 22s)  27% completed  (13% total)
     Speed:     ev/sec=19431.4   simsec/sec=1.25571   ev/simsec=15474.4
     Messages:  created: 1400400   present: 1095   in FES: 126
** Event #1602048   t=141.578842023938   Elapsed: 84.3751s (1m 24s)  28% completed  (14% total)
     Speed:     ev/sec=18762.2   simsec/sec=1.24409   ev/simsec=15081.1
     Messages:  created: 1437591   present: 1028   in FES: 97
** Event #1638144   t=144.044189093879   Elapsed: 86.3765s (1m 26s)  28% completed  (14% total)
     Speed:     ev/sec=18035.5   simsec/sec=1.23182   ev/simsec=14641.3
     Messages:  created: 1473504   present: 1106   in FES: 123
** Event #1676288   t=146.527586123501   Elapsed: 88.3933s (1m 28s)  29% completed  (14% total)
     Speed:     ev/sec=18913.4   simsec/sec=1.23137   ev/simsec=15359.6
     Messages:  created: 1510972   present: 1030   in FES: 97
** Event #1714176   t=149.036205524996   Elapsed: 90.3945s (1m 30s)  29% completed  (14% total)
     Speed:     ev/sec=18932.1   simsec/sec=1.25352   ev/simsec=15103.1
     Messages:  created: 1548590   present: 1043   in FES: 102
** Event #1752064   t=151.519586840989   Elapsed: 92.3959s (1m 32s)  30% completed  (15% total)
     Speed:     ev/sec=18931.4   simsec/sec=1.24087   ev/simsec=15256.6
     Messages:  created: 1585989   present: 1095   in FES: 126
** Event #1786112   t=153.598614339553   Elapsed: 94.4076s (1m 34s)  30% completed  (15% total)
     Speed:     ev/sec=16925.2   simsec/sec=1.03348   ev/simsec=16376.9
     Messages:  created: 1619087   present: 1097   in FES: 118
** Event #1828608   t=156.547499364394   Elapsed: 96.4209s (1m 36s)  31% completed  (15% total)
     Speed:     ev/sec=21107.2   simsec/sec=1.46467   ev/simsec=14410.9
     Messages:  created: 1661603   present: 1117   in FES: 136
** Event #1868544   t=159.087287979343   Elapsed: 98.4324s (1m 38s)  31% completed  (15% total)
     Speed:     ev/sec=19854.2   simsec/sec=1.26265   ev/simsec=15724.1
     Messages:  created: 1701014   present: 1099   in FES: 118
** Event #1906176   t=161.597870823378   Elapsed: 100.457s (1m 40s)  32% completed  (16% total)
     Speed:     ev/sec=18587.3   simsec/sec=1.24003   ev/simsec=14989.3
     Messages:  created: 1738375   present: 1092   in FES: 115
** Event #1949440   t=164.57244916841   Elapsed: 102.478s (1m 42s)  32% completed  (16% total)
     Speed:     ev/sec=21403.3   simsec/sec=1.47157   ev/simsec=14544.6
     Messages:  created: 1781449   present: 1106   in FES: 126
** Event #1989632   t=167.503572302094   Elapsed: 104.483s (1m 44s)  33% completed  (16% total)
     Speed:     ev/sec=20051.8   simsec/sec=1.46234   ev/simsec=13712.1
     Messages:  created: 1820703   present: 1093   in FES: 126
** Event #2026240   t=170.044690528504   Elapsed: 106.486s (1m 46s)  34% completed  (17% total)
     Speed:     ev/sec=18275   simsec/sec=1.26855   ev/simsec=14406.3
     Messages:  created: 1855995   present: 1057   in FES: 106
** Event #2063104   t=172.592646206167   Elapsed: 108.506s (1m 48s)  34% completed  (17% total)
     Speed:     ev/sec=18251.1   simsec/sec=1.26147   ev/simsec=14468.1
     Messages:  created: 1891708   present: 1049   in FES: 102
** Event #2104320   t=175.590624852037   Elapsed: 110.521s (1m 50s)  35% completed  (17% total)
     Speed:     ev/sec=20453.6   simsec/sec=1.48776   ev/simsec=13747.9
     Messages:  created: 1931908   present: 1087   in FES: 116
** Event #2146048   t=178.598599299882   Elapsed: 112.528s (1m 52s)  35% completed  (17% total)
     Speed:     ev/sec=20786.1   simsec/sec=1.49837   ev/simsec=13872.5
     Messages:  created: 1972548   present: 1107   in FES: 122
** Event #2187264   t=181.651420564159   Elapsed: 114.536s (1m 54s)  36% completed  (18% total)
     Speed:     ev/sec=20527   simsec/sec=1.52041   ev/simsec=13501
     Messages:  created: 2012953   present: 1105   in FES: 126
** Event #2228480   t=184.901427323117   Elapsed: 116.539s (1m 56s)  36% completed  (18% total)
     Speed:     ev/sec=20577.3   simsec/sec=1.62259   ev/simsec=12681.8
     Messages:  created: 2053843   present: 1074   in FES: 111
** Event #2269952   t=187.972917316605   Elapsed: 118.542s (1m 58s)  37% completed  (18% total)
     Speed:     ev/sec=20708.2   simsec/sec=1.53368   ev/simsec=13502.2
     Messages:  created: 2095256   present: 1090   in FES: 136
** Event #2314496   t=191.061307409348   Elapsed: 120.552s (2m 00s)  38% completed  (19% total)
     Speed:     ev/sec=22160.1   simsec/sec=1.53644   ev/simsec=14423
     Messages:  created: 2139972   present: 1107   in FES: 122
** Event #2361088   t=194.512141263201   Elapsed: 122.558s (2m 02s)  38% completed  (19% total)
     Speed:     ev/sec=23224.1   simsec/sec=1.72009   ev/simsec=13501.7
     Messages:  created: 2187116   present: 1051   in FES: 106
** Event #2398976   t=197.061254861214   Elapsed: 124.561s (2m 04s)  39% completed  (19% total)
     Speed:     ev/sec=18920   simsec/sec=1.27294   ev/simsec=14863.2
     Messages:  created: 2224730   present: 1111   in FES: 126
** Event #2441472   t=200.06444621513   Elapsed: 126.567s (2m 06s)  40% completed  (20% total)
     Speed:     ev/sec=21181   simsec/sec=1.49686   ev/simsec=14150.3
     Messages:  created: 2267408   present: 1099   in FES: 118
** Event #2488320   t=203.500517610567   Elapsed: 128.568s (2m 08s)  40% completed  (20% total)
     Speed:     ev/sec=23415   simsec/sec=1.71737   ev/simsec=13634.2
     Messages:  created: 2315499   present: 1093   in FES: 126
** Event #2530560   t=206.511998113809   Elapsed: 130.574s (2m 10s)  41% completed  (20% total)
     Speed:     ev/sec=21057.1   simsec/sec=1.50126   ev/simsec=14026.3
     Messages:  created: 2358296   present: 1072   in FES: 111
** Event #2577920   t=208.901160613604   Elapsed: 132.575s (2m 12s)  41% completed  (20% total)
     Speed:     ev/sec=23663.4   simsec/sec=1.19374   ev/simsec=19822.8
     Messages:  created: 2411063   present: 1101   in FES: 126
** Event #2624256   t=211.59336921069   Elapsed: 134.595s (2m 14s)  42% completed  (21% total)
     Speed:     ev/sec=22936.6   simsec/sec=1.33266   ev/simsec=17211.1
     Messages:  created: 2458984   present: 1030   in FES: 97
** Event #2668544   t=214.536748477673   Elapsed: 136.612s (2m 16s)  42% completed  (21% total)
     Speed:     ev/sec=21958   simsec/sec=1.45933   ev/simsec=15046.7
     Messages:  created: 2505457   present: 1023   in FES: 96
** Event #2712064   t=217.473309755734   Elapsed: 138.617s (2m 18s)  43% completed  (21% total)
     Speed:     ev/sec=21711.2   simsec/sec=1.46499   ev/simsec=14820.1
     Messages:  created: 2550390   present: 1110   in FES: 123
** Event #2753792   t=220.083580227327   Elapsed: 140.625s (2m 20s)  44% completed  (22% total)
     Speed:     ev/sec=20781.8   simsec/sec=1.29999   ev/simsec=15986.1
     Messages:  created: 2592922   present: 1106   in FES: 123
** Event #2793472   t=222.723382231163   Elapsed: 142.629s (2m 22s)  44% completed  (22% total)
     Speed:     ev/sec=19796.1   simsec/sec=1.31698   ev/simsec=15031.4
     Messages:  created: 2633540   present: 1093   in FES: 126
** Event #2836736   t=225.573469805202   Elapsed: 144.646s (2m 24s)  45% completed  (22% total)
     Speed:     ev/sec=21456.2   simsec/sec=1.41346   ev/simsec=15179.9
     Messages:  created: 2677688   present: 1098   in FES: 126
** Event #2880000   t=228.529732989916   Elapsed: 146.648s (2m 26s)  45% completed  (22% total)
     Speed:     ev/sec=21609.7   simsec/sec=1.47661   ev/simsec=14634.7
     Messages:  created: 2722188   present: 1087   in FES: 116
** Event #2922496   t=231.297455379846   Elapsed: 148.65s (2m 28s)  46% completed  (23% total)
     Speed:     ev/sec=21226.3   simsec/sec=1.38245   ev/simsec=15354.1
     Messages:  created: 2765451   present: 1085   in FES: 127
** Event #2968832   t=234.223509422004   Elapsed: 150.653s (2m 30s)  46% completed  (23% total)
     Speed:     ev/sec=23123.7   simsec/sec=1.46023   ev/simsec=15835.7
     Messages:  created: 2813406   present: 1117   in FES: 126
** Event #3009792   t=237.036205437426   Elapsed: 152.654s (2m 32s)  47% completed  (23% total)
     Speed:     ev/sec=20470.4   simsec/sec=1.40569   ev/simsec=14562.5
     Messages:  created: 2855852   present: 1055   in FES: 106
** Event #3050752   t=239.602619637996   Elapsed: 154.674s (2m 34s)  47% completed  (23% total)
     Speed:     ev/sec=20282.5   simsec/sec=1.27084   ev/simsec=15960
     Messages:  created: 2897508   present: 1073   in FES: 110
** Event #3095552   t=242.592588275502   Elapsed: 156.698s (2m 36s)  48% completed  (24% total)
     Speed:     ev/sec=22128.2   simsec/sec=1.47685   ev/simsec=14983.4
     Messages:  created: 2943490   present: 1026   in FES: 97
** Event #3139584   t=245.563411696745   Elapsed: 158.718s (2m 38s)  49% completed  (24% total)
     Speed:     ev/sec=21802.1   simsec/sec=1.47098   ev/simsec=14821.5
     Messages:  created: 2988759   present: 1061   in FES: 108
** Event #3182848   t=248.473784560446   Elapsed: 160.72s (2m 40s)  49% completed  (24% total)
     Speed:     ev/sec=21613.2   simsec/sec=1.45392   ev/simsec=14865.4
     Messages:  created: 3033244   present: 1094   in FES: 128
** Event #3220480   t=250.84430032412   Elapsed: 162.725s (2m 42s)  50% completed  (25% total)
     Speed:     ev/sec=18771.6   simsec/sec=1.18246   ev/simsec=15875
     Messages:  created: 3071017   present: 1021   in FES: 95
** Event #3263232   t=253.568546678038   Elapsed: 164.741s (2m 44s)  50% completed  (25% total)
     Speed:     ev/sec=21202   simsec/sec=1.35104   ev/simsec=15693.1
     Messages:  created: 3114479   present: 1073   in FES: 112
** Event #3303936   t=256.094555121409   Elapsed: 166.748s (2m 46s)  51% completed  (25% total)
     Speed:     ev/sec=20279.1   simsec/sec=1.25848   ev/simsec=16114
     Messages:  created: 3155434   present: 1096   in FES: 117
** Event #3344896   t=258.922930658023   Elapsed: 168.75s (2m 48s)  51% completed  (25% total)
     Speed:     ev/sec=20460.8   simsec/sec=1.41286   ev/simsec=14481.8
     Messages:  created: 3197603   present: 1104   in FES: 150
** Event #3385856   t=261.578179223549   Elapsed: 170.767s (2m 50s)  52% completed  (26% total)
     Speed:     ev/sec=20309.1   simsec/sec=1.31655   ev/simsec=15426.1
     Messages:  created: 3237989   present: 1106   in FES: 121
** Event #3427840   t=264.513518651279   Elapsed: 172.768s (2m 52s)  52% completed  (26% total)
     Speed:     ev/sec=20980.8   simsec/sec=1.46688   ev/simsec=14302.9
     Messages:  created: 3279702   present: 1114   in FES: 126
** Event #3468800   t=267.083525670739   Elapsed: 174.771s (2m 54s)  53% completed  (26% total)
     Speed:     ev/sec=20446.2   simsec/sec=1.28288   ev/simsec=15937.7
     Messages:  created: 3319483   present: 1026   in FES: 97
** Event #3506432   t=269.576066730259   Elapsed: 176.773s (2m 56s)  53% completed  (26% total)
     Speed:     ev/sec=18798.2   simsec/sec=1.24509   ev/simsec=15097.8
     Messages:  created: 3356514   present: 1078   in FES: 111
** Event #3546368   t=272.172918620286   Elapsed: 178.776s (2m 58s)  54% completed  (27% total)
     Speed:     ev/sec=19938.6   simsec/sec=1.29651   ev/simsec=15378.6
     Messages:  created: 3395536   present: 1055   in FES: 127
** Event #3581952   t=274.569592078843   Elapsed: 180.778s (3m 00s)  54% completed  (27% total)
     Speed:     ev/sec=17776   simsec/sec=1.19726   ev/simsec=14847.2
     Messages:  created: 3430541   present: 1066   in FES: 107
** Event #3624448   t=277.54129010162   Elapsed: 182.791s (3m 02s)  55% completed  (27% total)
     Speed:     ev/sec=21105.8   simsec/sec=1.47591   ev/simsec=14300.2
     Messages:  created: 3472252   present: 1034   in FES: 99
** Event #3660800   t=280.026648465599   Elapsed: 184.792s (3m 04s)  56% completed  (28% total)
     Speed:     ev/sec=18170.5   simsec/sec=1.2423   ev/simsec=14626.5
     Messages:  created: 3507329   present: 1099   in FES: 126
** Event #3699968   t=282.569541698677   Elapsed: 186.815s (3m 06s)  56% completed  (28% total)
     Speed:     ev/sec=19365.2   simsec/sec=1.25724   ev/simsec=15402.9
     Messages:  created: 3544932   present: 1112   in FES: 123
** Event #3740160   t=285.508694257109   Elapsed: 188.821s (3m 08s)  57% completed  (28% total)
     Speed:     ev/sec=20030   simsec/sec=1.46475   ev/simsec=13674.7
     Messages:  created: 3583964   present: 1091   in FES: 118
** Event #3773440   t=287.602693766701   Elapsed: 190.825s (3m 10s)  57% completed  (28% total)
     Speed:     ev/sec=16610.8   simsec/sec=1.04516   ev/simsec=15893
     Messages:  created: 3615568   present: 1094   in FES: 117
** Event #3813120   t=290.518700806878   Elapsed: 192.85s (3m 12s)  58% completed  (29% total)
     Speed:     ev/sec=19596   simsec/sec=1.44007   ev/simsec=13607.6
     Messages:  created: 3654126   present: 1099   in FES: 118
** Event #3847424   t=292.922962644219   Elapsed: 194.851s (3m 14s)  58% completed  (29% total)
     Speed:     ev/sec=17144.1   simsec/sec=1.20157   ev/simsec=14268
     Messages:  created: 3687708   present: 1114   in FES: 133
** Event #3888640   t=295.535507470818   Elapsed: 196.868s (3m 16s)  59% completed  (29% total)
     Speed:     ev/sec=20431.8   simsec/sec=1.2951   ev/simsec=15776.2
     Messages:  created: 3728157   present: 1101   in FES: 126
** Event #3923712   t=297.597612777066   Elapsed: 198.887s (3m 18s)  59% completed  (29% total)
     Speed:     ev/sec=17366.1   simsec/sec=1.02106   ev/simsec=17007.9
     Messages:  created: 3762747   present: 1097   in FES: 120
** Event #3964928   t=300.217252627548   Elapsed: 200.89s (3m 20s)  60% completed  (30% total)
     Speed:     ev/sec=20583.1   simsec/sec=1.30823   ev/simsec=15733.5
     Messages:  created: 3804123   present: 1106   in FES: 127
** Event #4002560   t=302.567074654806   Elapsed: 202.92s (3m 22s)  60% completed  (30% total)
     Speed:     ev/sec=18536.9   simsec/sec=1.15748   ev/simsec=16014.8
     Messages:  created: 3841922   present: 1060   in FES: 107
** Event #4041728   t=305.022505909839   Elapsed: 204.921s (3m 24s)  61% completed  (30% total)
     Speed:     ev/sec=19573   simsec/sec=1.22703   ev/simsec=15951.6
     Messages:  created: 3881629   present: 1088   in FES: 117
** Event #4082688   t=307.51277449956   Elapsed: 206.942s (3m 26s)  61% completed  (30% total)
     Speed:     ev/sec=20265.5   simsec/sec=1.2321   ev/simsec=16448
     Messages:  created: 3923229   present: 1077   in FES: 114
** Event #4119552   t=309.651273791283   Elapsed: 208.955s (3m 28s)  61% completed  (30% total)
     Speed:     ev/sec=18312.6   simsec/sec=1.06233   ev/simsec=17238.3
     Messages:  created: 3959743   present: 1118   in FES: 149
** Event #4163072   t=312.547499491623   Elapsed: 210.96s (3m 30s)  62% completed  (31% total)
     Speed:     ev/sec=21711.8   simsec/sec=1.4449   ev/simsec=15026.5
     Messages:  created: 4004088   present: 1117   in FES: 132
** Event #4199168   t=314.672929352618   Elapsed: 212.967s (3m 32s)  62% completed  (31% total)
     Speed:     ev/sec=17980.8   simsec/sec=1.05876   ev/simsec=16982.9
     Messages:  created: 4040062   present: 1096   in FES: 144
** Event #4241408   t=317.541299944004   Elapsed: 214.989s (3m 34s)  63% completed  (31% total)
     Speed:     ev/sec=20896   simsec/sec=1.41898   ev/simsec=14726.1
     Messages:  created: 4083007   present: 1051   in FES: 106
** Event #4281344   t=320.083580770483   Elapsed: 216.989s (3m 36s)  64% completed  (32% total)
     Speed:     ev/sec=19959.1   simsec/sec=1.27057   ev/simsec=15708.7
     Messages:  created: 4122450   present: 1094   in FES: 119
** Event #4319488   t=322.651286872046   Elapsed: 218.991s (3m 38s)  64% completed  (32% total)
     Speed:     ev/sec=19061   simsec/sec=1.28311   ev/simsec=14855.3
     Messages:  created: 4160462   present: 1090   in FES: 117
** Event #4361472   t=325.583932023938   Elapsed: 221.006s (3m 41s)  65% completed  (32% total)
     Speed:     ev/sec=20832.4   simsec/sec=1.45517   ev/simsec=14316.1
     Messages:  created: 4203002   present: 1118   in FES: 125
** Event #4403712   t=328.558273355121   Elapsed: 223.01s (3m 43s)  65% completed  (32% total)
     Speed:     ev/sec=21077.6   simsec/sec=1.48419   ev/simsec=14201.5
     Messages:  created: 4246102   present: 1104   in FES: 123
** Event #4446720   t=331.535766211451   Elapsed: 225.012s (3m 45s)  66% completed  (33% total)
     Speed:     ev/sec=21478.1   simsec/sec=1.48695   ev/simsec=14444.4
     Messages:  created: 4289498   present: 1091   in FES: 118
** Event #4484352   t=334.047499690711   Elapsed: 227.013s (3m 47s)  66% completed  (33% total)
     Speed:     ev/sec=18806.3   simsec/sec=1.25522   ev/simsec=14982.5
     Messages:  created: 4327404   present: 1107   in FES: 128
** Event #4525568   t=336.900622888336   Elapsed: 229.014s (3m 49s)  67% completed  (33% total)
     Speed:     ev/sec=20603   simsec/sec=1.42622   ev/simsec=14445.9
     Messages:  created: 4369167   present: 1094   in FES: 126
** Event #4570112   t=340.014147281789   Elapsed: 231.015s (3m 51s)  68% completed  (34% total)
     Speed:     ev/sec=22257.2   simsec/sec=1.55573   ev/simsec=14306.6
     Messages:  created: 4414733   present: 1092   in FES: 126
** Event #4611328   t=343.000570900193   Elapsed: 233.019s (3m 53s)  68% completed  (34% total)
     Speed:     ev/sec=20568.7   simsec/sec=1.49036   ev/simsec=13801.1
     Messages:  created: 4455482   present: 1081   in FES: 116
** Event #4654848   t=346.036205070383   Elapsed: 235.022s (3m 55s)  69% completed  (34% total)
     Speed:     ev/sec=21728.3   simsec/sec=1.5156   ev/simsec=14336.4
     Messages:  created: 4498032   present: 1062   in FES: 109
** Event #4693248   t=348.58725220318   Elapsed: 237.04s (3m 57s)  69% completed  (34% total)
     Speed:     ev/sec=19027.8   simsec/sec=1.26408   ev/simsec=15052.6
     Messages:  created: 4535156   present: 1084   in FES: 117
** Event #4733952   t=351.509786131356   Elapsed: 239.065s (3m 59s)  70% completed  (35% total)
     Speed:     ev/sec=20102.1   simsec/sec=1.44332   ev/simsec=13927.6
     Messages:  created: 4574964   present: 1094   in FES: 119
** Event #4768000   t=353.587549843798   Elapsed: 241.079s (4m 01s)  70% completed  (35% total)
     Speed:     ev/sec=16904   simsec/sec=1.03156   ev/simsec=16386.8
     Messages:  created: 4607067   present: 1097   in FES: 120
** Event #4806400   t=356.150888547773   Elapsed: 243.086s (4m 03s)  71% completed  (35% total)
     Speed:     ev/sec=19130.5   simsec/sec=1.27703   ev/simsec=14980.5
     Messages:  created: 4643679   present: 1114   in FES: 137
** Event #4840704   t=358.529074959766   Elapsed: 245.1s (4m 05s)  71% completed  (35% total)
     Speed:     ev/sec=17036.5   simsec/sec=1.18109   ev/simsec=14424.4
     Messages:  created: 4676826   present: 1059   in FES: 106
** Event #4873728   t=360.583200539789   Elapsed: 247.101s (4m 07s)  72% completed  (36% total)
     Speed:     ev/sec=16504.9   simsec/sec=1.02662   ev/simsec=16076.9
     Messages:  created: 4708266   present: 1107   in FES: 124
** Event #4912896   t=363.150844798487   Elapsed: 249.108s (4m 09s)  72% completed  (36% total)
     Speed:     ev/sec=19515.9   simsec/sec=1.27936   ev/simsec=15254.4
     Messages:  created: 4745614   present: 1075   in FES: 128
** Event #4947712   t=365.530770504314   Elapsed: 251.135s (4m 11s)  73% completed  (36% total)
     Speed:     ev/sec=17174.5   simsec/sec=1.174   ev/simsec=14629
     Messages:  created: 4779386   present: 1066   in FES: 109
** Event #4979968   t=367.552250105314   Elapsed: 253.168s (4m 13s)  73% completed  (36% total)
     Speed:     ev/sec=15865.7   simsec/sec=0.994301   ev/simsec=15956.6
     Messages:  created: 4809738   present: 1074   in FES: 111
** Event #5012224   t=369.568379236893   Elapsed: 255.17s (4m 15s)  73% completed  (36% total)
     Speed:     ev/sec=16109   simsec/sec=1.00687   ev/simsec=15999
     Messages:  created: 4839981   present: 1081   in FES: 114
** Event #5045248   t=371.922918845688   Elapsed: 257.172s (4m 17s)  74% completed  (37% total)
     Speed:     ev/sec=16495.6   simsec/sec=1.1761   ev/simsec=14025.7
     Messages:  created: 4870846   present: 1043   in FES: 127
** Event #5082624   t=374.514516882693   Elapsed: 259.179s (4m 19s)  74% completed  (37% total)
     Speed:     ev/sec=18624.8   simsec/sec=1.29142   ev/simsec=14422
     Messages:  created: 4905628   present: 1100   in FES: 126
** Event #5115648   t=376.55669224852   Elapsed: 261.202s (4m 21s)  75% completed  (37% total)
     Speed:     ev/sec=16323.5   simsec/sec=1.00943   ev/simsec=16171
     Messages:  created: 4936184   present: 1122   in FES: 126
** Event #5147392   t=378.572012925206   Elapsed: 263.212s (4m 23s)  75% completed  (37% total)
     Speed:     ev/sec=15797   simsec/sec=1.0029   ev/simsec=15751.3
     Messages:  created: 4965972   present: 1066   in FES: 109
** Event #5179904   t=380.59076220869   Elapsed: 265.232s (4m 25s)  76% completed  (38% total)
     Speed:     ev/sec=16092.2   simsec/sec=0.999207   ev/simsec=16105
     Messages:  created: 4996219   present: 1112   in FES: 123
** Event #5214976   t=383.006625896226   Elapsed: 267.232s (4m 27s)  76% completed  (38% total)
     Speed:     ev/sec=17532.9   simsec/sec=1.20772   ev/simsec=14517.4
     Messages:  created: 5029550   present: 1099   in FES: 120
** Event #5246976   t=385.022506239746   Elapsed: 269.24s (4m 29s)  77% completed  (38% total)
     Speed:     ev/sec=15938.2   simsec/sec=1.00405   ev/simsec=15874
     Messages:  created: 5059595   present: 1085   in FES: 116
** Event #5283072   t=387.17296352775   Elapsed: 271.246s (4m 31s)  77% completed  (38% total)
     Speed:     ev/sec=17991.4   simsec/sec=1.07186   ev/simsec=16785.3
     Messages:  created: 5093218   present: 1043   in FES: 102
** Event #5316096   t=389.422917878979   Elapsed: 273.249s (4m 33s)  77% completed  (38% total)
     Speed:     ev/sec=16493.8   simsec/sec=1.12374   ev/simsec=14677.6
     Messages:  created: 5124590   present: 1093   in FES: 127
** Event #5346816   t=391.172917825028   Elapsed: 275.261s (4m 35s)  78% completed  (39% total)
     Speed:     ev/sec=15262.7   simsec/sec=0.869458   ev/simsec=17554.3
     Messages:  created: 5152859   present: 1096   in FES: 127
** Event #5377280   t=393.085616273836   Elapsed: 277.264s (4m 37s)  78% completed  (39% total)
     Speed:     ev/sec=15214.7   simsec/sec=0.955263   ev/simsec=15927.2
     Messages:  created: 5181737   present: 1110   in FES: 123
** Event #5412608   t=395.483345949355   Elapsed: 279.272s (4m 39s)  79% completed  (39% total)
     Speed:     ev/sec=17594.4   simsec/sec=1.19414   ev/simsec=14733.9
     Messages:  created: 5215758   present: 1023   in FES: 96
** Event #5445632   t=397.527203758784   Elapsed: 281.298s (4m 41s)  79% completed  (39% total)
     Speed:     ev/sec=16296   simsec/sec=1.00856   ev/simsec=16157.7
     Messages:  created: 5246831   present: 1095   in FES: 126
** Event #5477632   t=399.518305386414   Elapsed: 283.33s (4m 43s)  79% completed  (39% total)
     Speed:     ev/sec=15753   simsec/sec=0.980183   ev/simsec=16071.5
     Messages:  created: 5276694   present: 1096   in FES: 119
** Event #5510400   t=401.527648338662   Elapsed: 285.344s (4m 45s)  80% completed  (40% total)
     Speed:     ev/sec=16269.6   simsec/sec=0.997658   ev/simsec=16307.8
     Messages:  created: 5307057   present: 1097   in FES: 126
** Event #5542400   t=403.520687493955   Elapsed: 287.361s (4m 47s)  80% completed  (40% total)
     Speed:     ev/sec=15863.2   simsec/sec=0.988002   ev/simsec=16055.9
     Messages:  created: 5336985   present: 1025   in FES: 96
** Event #5574400   t=405.520572024742   Elapsed: 289.369s (4m 49s)  81% completed  (40% total)
     Speed:     ev/sec=15934.3   simsec/sec=0.995835   ev/simsec=16000.9
     Messages:  created: 5367020   present: 1098   in FES: 126
** Event #5606400   t=407.520685747209   Elapsed: 291.391s (4m 51s)  81% completed  (40% total)
     Speed:     ev/sec=15823.1   simsec/sec=0.988997   ev/simsec=15999.1
     Messages:  created: 5396547   present: 1098   in FES: 121
** Event #5635072   t=409.172963059684   Elapsed: 293.398s (4m 53s)  81% completed  (40% total)
     Speed:     ev/sec=14286.3   simsec/sec=0.823274   ev/simsec=17353
     Messages:  created: 5421944   present: 1053   in FES: 106
** Event #5667840   t=411.5197403543   Elapsed: 295.426s (4m 55s)  82% completed  (41% total)
     Speed:     ev/sec=16160.9   simsec/sec=1.15741   ev/simsec=13963
     Messages:  created: 5452267   present: 1108   in FES: 123
** Event #5698560   t=413.539271634141   Elapsed: 297.426s (4m 57s)  82% completed  (41% total)
     Speed:     ev/sec=15356.7   simsec/sec=1.00955   ev/simsec=15211.5
     Messages:  created: 5480486   present: 1117   in FES: 126
** Event #5731584   t=415.598607615054   Elapsed: 299.429s (4m 59s)  83% completed  (41% total)
     Speed:     ev/sec=16489.9   simsec/sec=1.02829   ev/simsec=16036.2
     Messages:  created: 5510666   present: 1077   in FES: 112
** Event #5768192   t=418.084353279331   Elapsed: 301.436s (5m 01s)  83% completed  (41% total)
     Speed:     ev/sec=18245.2   simsec/sec=1.23888   ev/simsec=14727.2
     Messages:  created: 5544449   present: 1094   in FES: 126
** Event #5798912   t=420.086643739637   Elapsed: 303.439s (5m 03s)  84% completed  (42% total)
     Speed:     ev/sec=15332.9   simsec/sec=0.999377   ev/simsec=15342.4
     Messages:  created: 5572402   present: 1046   in FES: 101
** Event #5834496   t=422.529276886104   Elapsed: 305.468s (5m 05s)  84% completed  (42% total)
     Speed:     ev/sec=17536.5   simsec/sec=1.20378   ev/simsec=14567.9
     Messages:  created: 5606144   present: 1105   in FES: 124
** Event #5865984   t=424.51967806857   Elapsed: 307.486s (5m 07s)  84% completed  (42% total)
     Speed:     ev/sec=15607.1   simsec/sec=0.986547   ev/simsec=15819.9
     Messages:  created: 5635673   present: 1086   in FES: 117
** Event #5897472   t=426.509101283448   Elapsed: 309.503s (5m 09s)  85% completed  (42% total)
     Speed:     ev/sec=15605.8   simsec/sec=0.985982   ev/simsec=15827.7
     Messages:  created: 5665140   present: 1062   in FES: 109
** Event #5930240   t=428.561254562051   Elapsed: 311.523s (5m 11s)  85% completed  (42% total)
     Speed:     ev/sec=16227.9   simsec/sec=1.0163   ev/simsec=15967.6
     Messages:  created: 5696335   present: 1111   in FES: 126
** Event #5963776   t=430.593589766696   Elapsed: 313.533s (5m 13s)  86% completed  (43% total)
     Speed:     ev/sec=16683.9   simsec/sec=1.01107   ev/simsec=16501.2
     Messages:  created: 5728405   present: 1119   in FES: 126
** Event #5996544   t=432.797466706277   Elapsed: 315.535s (5m 15s)  86% completed  (43% total)
     Speed:     ev/sec=16367.6   simsec/sec=1.10084   ev/simsec=14868.3
     Messages:  created: 5759799   present: 1099   in FES: 145
** Event #6036736   t=435.53779847264   Elapsed: 317.542s (5m 17s)  87% completed  (43% total)
     Speed:     ev/sec=20019   simsec/sec=1.36492   ev/simsec=14666.8
     Messages:  created: 5798901   present: 1079   in FES: 114
** Event #6071040   t=437.599711879923   Elapsed: 319.548s (5m 19s)  87% completed  (43% total)
     Speed:     ev/sec=17108.4   simsec/sec=1.02833   ev/simsec=16637
     Messages:  created: 5831581   present: 1045   in FES: 102
** Event #6110464   t=440.222918099517   Elapsed: 321.554s (5m 21s)  88% completed  (44% total)
     Speed:     ev/sec=19645.5   simsec/sec=1.30718   ev/simsec=15028.9
     Messages:  created: 5869529   present: 1100   in FES: 146
** Event #6144512   t=442.549176619542   Elapsed: 323.556s (5m 23s)  88% completed  (44% total)
     Speed:     ev/sec=17007.1   simsec/sec=1.16198   ev/simsec=14636.4
     Messages:  created: 5902357   present: 1038   in FES: 97
** Event #6177280   t=444.575360000051   Elapsed: 325.562s (5m 25s)  88% completed  (44% total)
     Speed:     ev/sec=16339.6   simsec/sec=1.01035   ev/simsec=16172.3
     Messages:  created: 5933149   present: 1068   in FES: 109
** Event #6210304   t=446.672928733469   Elapsed: 327.574s (5m 27s)  89% completed  (44% total)
     Speed:     ev/sec=16413   simsec/sec=1.0425   ev/simsec=15743.9
     Messages:  created: 5964508   present: 1107   in FES: 154
** Event #6248192   t=449.09450038448   Elapsed: 329.583s (5m 29s)  89% completed  (44% total)
     Speed:     ev/sec=18858.7   simsec/sec=1.20533   ev/simsec=15646
     Messages:  created: 6000609   present: 1034   in FES: 97
** Event #6282752   t=451.545150485929   Elapsed: 331.607s (5m 31s)  90% completed  (45% total)
     Speed:     ev/sec=17074.7   simsec/sec=1.21077   ev/simsec=14102.4
     Messages:  created: 6034198   present: 1090   in FES: 126
** Event #6316288   t=453.599174235687   Elapsed: 333.626s (5m 33s)  90% completed  (45% total)
     Speed:     ev/sec=16608   simsec/sec=1.01721   ev/simsec=16327
     Messages:  created: 6066090   present: 1065   in FES: 108
** Event #6353408   t=456.081250243702   Elapsed: 335.628s (5m 35s)  91% completed  (45% total)
     Speed:     ev/sec=18541.9   simsec/sec=1.23983   ev/simsec=14955.2
     Messages:  created: 6101668   present: 1083   in FES: 116
** Event #6388736   t=458.527704698961   Elapsed: 337.645s (5m 37s)  91% completed  (45% total)
     Speed:     ev/sec=17513.2   simsec/sec=1.21279   ev/simsec=14440.5
     Messages:  created: 6135464   present: 1103   in FES: 126
** Event #6421760   t=460.578498496785   Elapsed: 339.663s (5m 39s)  92% completed  (46% total)
     Speed:     ev/sec=16365.9   simsec/sec=1.01632   ev/simsec=16103
     Messages:  created: 6166748   present: 1079   in FES: 114
** Event #6457088   t=463.017640447313   Elapsed: 341.664s (5m 41s)  92% completed  (46% total)
     Speed:     ev/sec=17656.2   simsec/sec=1.21903   ev/simsec=14483.8
     Messages:  created: 6200823   present: 1107   in FES: 124
** Event #6494720   t=465.511515914988   Elapsed: 343.68s (5m 43s)  93% completed  (46% total)
     Speed:     ev/sec=18665.9   simsec/sec=1.23699   ev/simsec=15089.8
     Messages:  created: 6236591   present: 1029   in FES: 98
** Event #6526720   t=467.541262953134   Elapsed: 345.706s (5m 45s)  93% completed  (46% total)
     Speed:     ev/sec=15794   simsec/sec=1.00181   ev/simsec=15765.5
     Messages:  created: 6266660   present: 1110   in FES: 125
** Event #6559744   t=469.595648952005   Elapsed: 347.73s (5m 47s)  93% completed  (46% total)
     Speed:     ev/sec=16319.8   simsec/sec=1.01523   ev/simsec=16074.9
     Messages:  created: 6297834   present: 1115   in FES: 126
** Event #6598400   t=472.094555392985   Elapsed: 349.73s (5m 49s)  94% completed  (47% total)
     Speed:     ev/sec=19325.6   simsec/sec=1.2493   ev/simsec=15469.2
     Messages:  created: 6334344   present: 1106   in FES: 121
** Event #6633472   t=474.55195840816   Elapsed: 351.738s (5m 51s)  94% completed  (47% total)
     Speed:     ev/sec=17467.6   simsec/sec=1.22391   ev/simsec=14272
     Messages:  created: 6368176   present: 1112   in FES: 121
** Event #6665728   t=476.595288286299   Elapsed: 353.739s (5m 53s)  95% completed  (47% total)
     Speed:     ev/sec=16117.1   simsec/sec=1.02097   ev/simsec=15786
     Messages:  created: 6398489   present: 1112   in FES: 121
** Event #6700800   t=479.047500091217   Elapsed: 355.75s (5m 55s)  95% completed  (47% total)
     Speed:     ev/sec=17439.9   simsec/sec=1.21939   ev/simsec=14302.2
     Messages:  created: 6432315   present: 1097   in FES: 120
** Event #6737920   t=481.565432072255   Elapsed: 357.758s (5m 57s)  96% completed  (48% total)
     Speed:     ev/sec=18487.8   simsec/sec=1.25407   ev/simsec=14742.3
     Messages:  created: 6468014   present: 1075   in FES: 110
** Event #6776064   t=484.400623078138   Elapsed: 359.764s (5m 59s)  96% completed  (48% total)
     Speed:     ev/sec=19013.3   simsec/sec=1.41323   ev/simsec=13453.8
     Messages:  created: 6503715   present: 1109   in FES: 126
** Event #6810112   t=486.583945499428   Elapsed: 361.788s (6m 01s)  97% completed  (48% total)
     Speed:     ev/sec=16825.9   simsec/sec=1.07896   ev/simsec=15594.6
     Messages:  created: 6536230   present: 1076   in FES: 113
** Event #6851840   t=489.551355268806   Elapsed: 363.796s (6m 03s)  97% completed  (48% total)
     Speed:     ev/sec=20781.8   simsec/sec=1.47786   ev/simsec=14062.1
     Messages:  created: 6576737   present: 1083   in FES: 114
** Event #6891776   t=492.08358067039   Elapsed: 365.797s (6m 05s)  98% completed  (49% total)
     Speed:     ev/sec=19955   simsec/sec=1.26529   ev/simsec=15771.1
     Messages:  created: 6615859   present: 1088   in FES: 117
** Event #6929920   t=494.575474601375   Elapsed: 367.807s (6m 07s)  98% completed  (49% total)
     Speed:     ev/sec=18980.1   simsec/sec=1.23995   ev/simsec=15307.2
     Messages:  created: 6654153   present: 1100   in FES: 119
** Event #6969088   t=497.06125253432   Elapsed: 369.81s (6m 09s)  99% completed  (49% total)
     Speed:     ev/sec=19551.7   simsec/sec=1.24084   ev/simsec=15756.8
     Messages:  created: 6693576   present: 1030   in FES: 97
** Event #7008000   t=499.568413193703   Elapsed: 371.818s (6m 11s)  99% completed  (49% total)
     Speed:     ev/sec=19374.3   simsec/sec=1.24832   ev/simsec=15520.3
     Messages:  created: 6732877   present: 1032   in FES: 97
** Event #7013262   t=500   Elapsed: 372.129s (6m 12s)  100% completed  (50% total)
     Speed:     ev/sec=16950.1   simsec/sec=1.3893   ev/simsec=12200.4
     Messages:  created: 6738583   present: 1021   in FES: 95

<!> Simulation time limit reached -- at t=500s, event #7013262
undisposed object: (omnetpp::cMessage) FanetStressNetwork.uav[0].app.debugTimer -- check module destructor
undisposed object: (omnetpp::cMessage) FanetStressNetwork.uav[1].app.debugTimer -- check module destructor
undisposed object: (omnetpp::cMessage) FanetStressNetwork.uav[2].app.debugTimer -- check module destructor
undisposed object: (omnetpp::cMessage) FanetStressNetwork.uav[3].app.debugTimer -- check module destructor
undisposed object: (omnetpp::cMessage) FanetStressNetwork.uav[4].app.debugTimer -- check module destructor
undisposed object: (omnetpp::cMessage) FanetStressNetwork.uav[5].app.debugTimer -- check module destructor
undisposed object: (omnetpp::cMessage) FanetStressNetwork.uav[6].app.debugTimer -- check module destructor
undisposed object: (omnetpp::cMessage) FanetStressNetwork.uav[7].app.debugTimer -- check module destructor
undisposed object: (omnetpp::cMessage) FanetStressNetwork.uav[8].app.debugTimer -- check module destructor
undisposed object: (omnetpp::cMessage) FanetStressNetwork.uav[9].app.debugTimer -- check module destructor
undisposed object: (omnetpp::cMessage) FanetStressNetwork.uav[10].app.debugTimer -- check module destructor
undisposed object: (omnetpp::cMessage) FanetStressNetwork.uav[11].app.debugTimer -- check module destructor
undisposed object: (omnetpp::cMessage) FanetStressNetwork.uav[12].app.debugTimer -- check module destructor
undisposed object: (omnetpp::cMessage) FanetStressNetwork.uav[13].app.debugTimer -- check module destructor
undisposed object: (omnetpp::cMessage) FanetStressNetwork.uav[14].app.debugTimer -- check module destructor
undisposed object: (omnetpp::cMessage) FanetStressNetwork.uav[15].app.debugTimer -- check module destructor
undisposed object: (omnetpp::cMessage) FanetStressNetwork.uav[16].app.debugTimer -- check module destructor
undisposed object: (omnetpp::cMessage) FanetStressNetwork.uav[17].app.debugTimer -- check module destructor
undisposed object: (omnetpp::cMessage) FanetStressNetwork.uav[18].app.debugTimer -- check module destructor
undisposed object: (omnetpp::cMessage) FanetStressNetwork.uav[19].app.debugTimer -- check module destructor
undisposed object: (omnetpp::cMessage) FanetStressNetwork.uav[20].app.debugTimer -- check module destructor
undisposed object: (omnetpp::cMessage) FanetStressNetwork.uav[21].app.debugTimer -- check module destructor
undisposed object: (omnetpp::cMessage) FanetStressNetwork.uav[22].app.debugTimer -- check module destructor
undisposed object: (omnetpp::cMessage) FanetStressNetwork.uav[23].app.debugTimer -- check module destructor
undisposed object: (omnetpp::cMessage) FanetStressNetwork.uav[24].app.debugTimer -- check module destructor
undisposed object: (omnetpp::cMessage) FanetStressNetwork.uav[25].app.debugTimer -- check module destructor
undisposed object: (omnetpp::cMessage) FanetStressNetwork.uav[26].app.debugTimer -- check module destructor
undisposed object: (omnetpp::cMessage) FanetStressNetwork.uav[27].app.debugTimer -- check module destructor
undisposed object: (omnetpp::cMessage) FanetStressNetwork.uav[28].app.debugTimer -- check module destructor
undisposed object: (omnetpp::cMessage) FanetStressNetwork.uav[29].app.debugTimer -- check module destructor
