** Event #0   t=0   Elapsed: 1.6e-05s (0m 00s)  0% completed  (0% total)
     Speed:     ev/sec=0   simsec/sec=0   ev/simsec=0
     Messages:  created: 1081   present: 1081   in FES: 161
** Event #64768   t=8.028916433811   Elapsed: 2.00315s (0m 02s)  1% completed  (0% total)
     Speed:     ev/sec=32333.8   simsec/sec=4.00818   ev/simsec=8066.97
     Messages:  created: 58361   present: 1102   in FES: 119
** Event #111104   t=13.580324315955   Elapsed: 4.01506s (0m 04s)  2% completed  (1% total)
     Speed:     ev/sec=23030.8   simsec/sec=2.75927   ev/simsec=8346.71
     Messages:  created: 99236   present: 1095   in FES: 120
** Event #156160   t=19.524452584032   Elapsed: 6.01539s (0m 06s)  3% completed  (1% total)
     Speed:     ev/sec=22524.3   simsec/sec=2.97158   ev/simsec=7579.92
     Messages:  created: 138588   present: 1090   in FES: 126
** Event #202496   t=25.039292333803   Elapsed: 8.02162s (0m 08s)  5% completed  (2% total)
     Speed:     ev/sec=23096   simsec/sec=2.74885   ev/simsec=8402.06
     Messages:  created: 178793   present: 1110   in FES: 125
** Event #248832   t=30.534336233958   Elapsed: 10.0296s (0m 10s)  6% completed  (3% total)
     Speed:     ev/sec=23075.7   simsec/sec=2.73658   ev/simsec=8432.33
     Messages:  created: 218478   present: 1116   in FES: 126
** Event #286208   t=34.581529905293   Elapsed: 12.038s (0m 12s)  6% completed  (3% total)
     Speed:     ev/sec=18609.9   simsec/sec=2.01514   ev/simsec=9235.04
     Messages:  created: 249423   present: 1101   in FES: 122
** Event #322560   t=38.604027378427   Elapsed: 14.0394s (0m 14s)  7% completed  (3% total)
     Speed:     ev/sec=18163.4   simsec/sec=2.00985   ev/simsec=9037.17
     Messages:  created: 279509   present: 1031   in FES: 96
** Event #364032   t=43.536490388456   Elapsed: 16.0612s (0m 16s)  8% completed  (4% total)
     Speed:     ev/sec=20512.3   simsec/sec=2.43963   ev/simsec=8407.97
     Messages:  created: 313820   present: 1042   in FES: 101
** Event #401664   t=47.549783284179   Elapsed: 18.0707s (0m 18s)  9% completed  (4% total)
     Speed:     ev/sec=18726.9   simsec/sec=1.99715   ev/simsec=9376.84
     Messages:  created: 344668   present: 1101   in FES: 126
** Event #438528   t=51.590054371192   Elapsed: 20.073s (0m 20s)  10% completed  (5% total)
     Speed:     ev/sec=18410.7   simsec/sec=2.0178   ev/simsec=9124.14
     Messages:  created: 375198   present: 1080   in FES: 115
** Event #476416   t=56.028862072283   Elapsed: 22.0747s (0m 22s)  11% completed  (5% total)
     Speed:     ev/sec=18928.1   simsec/sec=2.21754   ev/simsec=8535.63
     Messages:  created: 406320   present: 1098   in FES: 126
** Event #512512   t=60.028862918238   Elapsed: 24.0758s (0m 24s)  12% completed  (6% total)
     Speed:     ev/sec=18038.3   simsec/sec=1.99893   ev/simsec=9024
     Messages:  created: 435880   present: 1104   in FES: 126
** Event #548352   t=64.020410620274   Elapsed: 26.0826s (0m 26s)  12% completed  (6% total)
     Speed:     ev/sec=17859.5   simsec/sec=1.98904   ev/simsec=8978.97
     Messages:  created: 465125   present: 1066   in FES: 111
** Event #585216   t=68.020634414726   Elapsed: 28.0859s (0m 28s)  13% completed  (6% total)
     Speed:     ev/sec=18401.4   simsec/sec=1.9968   ev/simsec=9215.48
     Messages:  created: 495333   present: 1103   in FES: 122
** Event #621568   t=71.567368467648   Elapsed: 30.0989s (0m 30s)  14% completed  (7% total)
     Speed:     ev/sec=18058.3   simsec/sec=1.76189   ev/simsec=10249.4
     Messages:  created: 524267   present: 1100   in FES: 119
** Event #653056   t=75.028916252268   Elapsed: 32.1059s (0m 32s)  15% completed  (7% total)
     Speed:     ev/sec=15689   simsec/sec=1.72472   ev/simsec=9096.51
     Messages:  created: 549219   present: 1105   in FES: 120
** Event #686336   t=78.525466349378   Elapsed: 34.1201s (0m 34s)  15% completed  (7% total)
     Speed:     ev/sec=16522.6   simsec/sec=1.73594   ev/simsec=9517.95
     Messages:  created: 575463   present: 1081   in FES: 115
** Event #718080   t=81.571005630548   Elapsed: 36.1323s (0m 36s)  16% completed  (8% total)
     Speed:     ev/sec=15775.9   simsec/sec=1.51355   ev/simsec=10423.1
     Messages:  created: 600882   present: 1080   in FES: 113
** Event #754176   t=85.562236756208   Elapsed: 38.1331s (0m 38s)  17% completed  (8% total)
     Speed:     ev/sec=18041.4   simsec/sec=1.99489   ev/simsec=9043.83
     Messages:  created: 629986   present: 1110   in FES: 125
** Event #790016   t=89.529038714056   Elapsed: 40.145s (0m 40s)  17% completed  (8% total)
     Speed:     ev/sec=17814   simsec/sec=1.97167   ev/simsec=9034.99
     Messages:  created: 658781   present: 1057   in FES: 106
** Event #827648   t=93.526512546534   Elapsed: 42.1552s (0m 42s)  18% completed  (9% total)
     Speed:     ev/sec=18720.1   simsec/sec=1.98855   ev/simsec=9413.95
     Messages:  created: 688989   present: 1106   in FES: 126
** Event #860416   t=96.598988544555   Elapsed: 44.1654s (0m 44s)  19% completed  (9% total)
     Speed:     ev/sec=16300.7   simsec/sec=1.52842   ev/simsec=10665
     Messages:  created: 715133   present: 1093   in FES: 118
** Event #897024   t=100.535706370511   Elapsed: 46.1698s (0m 46s)  20% completed  (10% total)
     Speed:     ev/sec=18263.8   simsec/sec=1.96404   ev/simsec=9299.12
     Messages:  created: 745184   present: 1097   in FES: 118
** Event #933632   t=103.020409848039   Elapsed: 48.1731s (0m 48s)  20% completed  (10% total)
     Speed:     ev/sec=18274.3   simsec/sec=1.24034   ev/simsec=14733.3
     Messages:  created: 781413   present: 1090   in FES: 118
** Event #973312   t=105.563270006808   Elapsed: 50.1838s (0m 50s)  21% completed  (10% total)
     Speed:     ev/sec=19734.7   simsec/sec=1.26468   ev/simsec=15604.5
     Messages:  created: 819195   present: 1061   in FES: 106
** Event #1012224   t=108.093877603456   Elapsed: 52.1862s (0m 52s)  21% completed  (10% total)
     Speed:     ev/sec=19432.2   simsec/sec=1.26376   ev/simsec=15376.5
     Messages:  created: 856752   present: 1115   in FES: 126
** Event #1048832   t=110.565610707836   Elapsed: 54.2047s (0m 54s)  22% completed  (11% total)
     Speed:     ev/sec=18136.2   simsec/sec=1.22454   ev/simsec=14810.7
     Messages:  created: 893184   present: 1097   in FES: 118
** Event #1088000   t=113.042457239103   Elapsed: 56.2051s (0m 56s)  22% completed  (11% total)
     Speed:     ev/sec=19579.9   simsec/sec=1.23817   ev/simsec=15813.7
     Messages:  created: 932470   present: 1096   in FES: 126
** Event #1127424   t=115.564615998874   Elapsed: 58.2112s (0m 58s)  23% completed  (11% total)
     Speed:     ev/sec=19652.6   simsec/sec=1.25728   ev/simsec=15631.1
     Messages:  created: 971598   present: 1109   in FES: 122
** Event #1165824   t=118.059486811247   Elapsed: 60.2185s (1m 00s)  23% completed  (11% total)
     Speed:     ev/sec=19130   simsec/sec=1.24289   ev/simsec=15391.6
     Messages:  created: 1009523   present: 1111   in FES: 122
** Event #1203968   t=120.535714678046   Elapsed: 62.2278s (1m 02s)  24% completed  (12% total)
     Speed:     ev/sec=18983.9   simsec/sec=1.23239   ev/simsec=15404.1
     Messages:  created: 1047927   present: 1065   in FES: 108
** Event #1240576   t=122.628869198968   Elapsed: 64.2332s (1m 04s)  24% completed  (12% total)
     Speed:     ev/sec=18254   simsec/sec=1.04372   ev/simsec=17489.4
     Messages:  created: 1084192   present: 1049   in FES: 104
** Event #1284864   t=125.531714772846   Elapsed: 66.2587s (1m 06s)  25% completed  (12% total)
     Speed:     ev/sec=21865.8   simsec/sec=1.43319   ev/simsec=15256.8
     Messages:  created: 1129780   present: 1061   in FES: 108
** Event #1321984   t=127.599003949354   Elapsed: 68.2821s (1m 08s)  25% completed  (12% total)
     Speed:     ev/sec=18344.9   simsec/sec=1.02167   ev/simsec=17955.9
     Messages:  created: 1167395   present: 1097   in FES: 120
** Event #1367552   t=130.540329216309   Elapsed: 70.2979s (1m 10s)  26% completed  (13% total)
     Speed:     ev/sec=22605.8   simsec/sec=1.45916   ev/simsec=15492.3
     Messages:  created: 1214960   present: 1115   in FES: 124
** Event #1408000   t=133.024456505195   Elapsed: 72.3024s (1m 12s)  26% completed  (13% total)
     Speed:     ev/sec=20178.7   simsec/sec=1.23928   ev/simsec=16282.6
     Messages:  created: 1257966   present: 1105   in FES: 126
** Event #1453056   t=135.570389225721   Elapsed: 74.3059s (1m 14s)  27% completed  (13% total)
     Speed:     ev/sec=22488.5   simsec/sec=1.27073   ev/simsec=17697.2
     Messages:  created: 1305248   present: 1059   in FES: 106
** Event #1498624   t=138.52812307839   Elapsed: 76.3282s (1m 16s)  27% completed  (13% total)
     Speed:     ev/sec=22533.3   simsec/sec=1.4626   ev/simsec=15406.4
     Messages:  created: 1353206   present: 1102   in FES: 127
** Event #1538048   t=140.87887022691   Elapsed: 78.3299s (1m 18s)  28% completed  (14% total)
     Speed:     ev/sec=19694.4   simsec/sec=1.17432   ev/simsec=16770.8
     Messages:  created: 1394021   present: 1031   in FES: 98
** Event #1579520   t=143.553866661621   Elapsed: 80.3446s (1m 20s)  28% completed  (14% total)
     Speed:     ev/sec=20585.1   simsec/sec=1.32777   ev/simsec=15503.6
     Messages:  created: 1435573   present: 1075   in FES: 110
** Event #1620736   t=146.182627078061   Elapsed: 82.3472s (1m 22s)  29% completed  (14% total)
     Speed:     ev/sec=20580.7   simsec/sec=1.31264   ev/simsec=15678.9
     Messages:  created: 1476523   present: 1101   in FES: 126
** Event #1658368   t=148.606260038184   Elapsed: 84.3595s (1m 24s)  29% completed  (14% total)
     Speed:     ev/sec=18701.8   simsec/sec=1.20446   ev/simsec=15527.1
     Messages:  created: 1513901   present: 1054   in FES: 105
** Event #1697280   t=151.128824404513   Elapsed: 86.3615s (1m 26s)  30% completed  (15% total)
     Speed:     ev/sec=19436.6   simsec/sec=1.26002   ev/simsec=15425.6
     Messages:  created: 1552255   present: 1094   in FES: 127
** Event #1734912   t=153.557527577736   Elapsed: 88.3713s (1m 28s)  30% completed  (15% total)
     Speed:     ev/sec=18723.7   simsec/sec=1.2084   ev/simsec=15494.7
     Messages:  created: 1590606   present: 1096   in FES: 126
** Event #1772544   t=156.028591522389   Elapsed: 90.3738s (1m 30s)  31% completed  (15% total)
     Speed:     ev/sec=18793.2   simsec/sec=1.23403   ev/simsec=15229.1
     Messages:  created: 1627712   present: 1058   in FES: 105
** Event #1812736   t=158.574306565587   Elapsed: 92.3959s (1m 32s)  31% completed  (15% total)
     Speed:     ev/sec=19876.1   simsec/sec=1.25893   ev/simsec=15788.1
     Messages:  created: 1667183   present: 1049   in FES: 102
** Event #1853184   t=161.103932085566   Elapsed: 94.4002s (1m 34s)  32% completed  (16% total)
     Speed:     ev/sec=20179.9   simsec/sec=1.26205   ev/simsec=15989.7
     Messages:  created: 1707186   present: 1025   in FES: 96
** Event #1890304   t=163.576234850961   Elapsed: 96.4126s (1m 36s)  32% completed  (16% total)
     Speed:     ev/sec=18446.5   simsec/sec=1.22859   ev/simsec=15014.3
     Messages:  created: 1744361   present: 1132   in FES: 136
** Event #1932800   t=166.53341389126   Elapsed: 98.4131s (1m 38s)  33% completed  (16% total)
     Speed:     ev/sec=21242.4   simsec/sec=1.4782   ev/simsec=14370.5
     Messages:  created: 1787495   present: 1093   in FES: 118
** Event #1970688   t=169.024457187072   Elapsed: 100.413s (1m 40s)  33% completed  (16% total)
     Speed:     ev/sec=18942.3   simsec/sec=1.24541   ev/simsec=15209.7
     Messages:  created: 1825650   present: 1115   in FES: 126
** Event #2009600   t=171.555782551811   Elapsed: 102.415s (1m 42s)  34% completed  (17% total)
     Speed:     ev/sec=19442.4   simsec/sec=1.26478   ev/simsec=15372.2
     Messages:  created: 1864319   present: 1032   in FES: 97
** Event #2045440   t=174.028590650009   Elapsed: 104.416s (1m 44s)  34% completed  (17% total)
     Speed:     ev/sec=17904.3   simsec/sec=1.23532   ev/simsec=14493.6
     Messages:  created: 1900336   present: 1103   in FES: 120
** Event #2084864   t=176.598004103361   Elapsed: 106.418s (1m 46s)  35% completed  (17% total)
     Speed:     ev/sec=19692.3   simsec/sec=1.28342   ev/simsec=15343.6
     Messages:  created: 1939930   present: 1096   in FES: 119
** Event #2126080   t=179.587118235136   Elapsed: 108.439s (1m 48s)  35% completed  (17% total)
     Speed:     ev/sec=20402.9   simsec/sec=1.47969   ev/simsec=13788.7
     Messages:  created: 1980935   present: 1067   in FES: 110
** Event #2171392   t=183.055526494143   Elapsed: 110.444s (1m 50s)  36% completed  (18% total)
     Speed:     ev/sec=22598.1   simsec/sec=1.72977   ev/simsec=13064.2
     Messages:  created: 2027015   present: 1061   in FES: 108
** Event #2218496   t=186.32627924641   Elapsed: 112.444s (1m 52s)  37% completed  (18% total)
     Speed:     ev/sec=23550.1   simsec/sec=1.63524   ev/simsec=14401.6
     Messages:  created: 2075671   present: 1053   in FES: 106
** Event #2260480   t=189.150374243502   Elapsed: 114.445s (1m 54s)  37% completed  (18% total)
     Speed:     ev/sec=20982.5   simsec/sec=1.41141   ev/simsec=14866.4
     Messages:  created: 2118326   present: 1022   in FES: 96
** Event #2301184   t=192.070248218792   Elapsed: 116.452s (1m 56s)  38% completed  (19% total)
     Speed:     ev/sec=20275.4   simsec/sec=1.45444   ev/simsec=13940.3
     Messages:  created: 2159898   present: 1109   in FES: 124
** Event #2340352   t=194.756219295366   Elapsed: 118.459s (1m 58s)  38% completed  (19% total)
     Speed:     ev/sec=19517.7   simsec/sec=1.33844   ev/simsec=14582.4
     Messages:  created: 2199667   present: 1069   in FES: 110
** Event #2382080   t=197.586842932952   Elapsed: 120.467s (2m 00s)  39% completed  (19% total)
     Speed:     ev/sec=20783.9   simsec/sec=1.40988   ev/simsec=14741.6
     Messages:  created: 2241691   present: 1050   in FES: 104
** Event #2426368   t=200.606024697828   Elapsed: 122.483s (2m 02s)  40% completed  (20% total)
     Speed:     ev/sec=21971.1   simsec/sec=1.4978   ev/simsec=14668.9
     Messages:  created: 2286566   present: 1047   in FES: 104
** Event #2469632   t=203.563794228623   Elapsed: 124.493s (2m 04s)  40% completed  (20% total)
     Speed:     ev/sec=21514.2   simsec/sec=1.47083   ev/simsec=14627.2
     Messages:  created: 2330041   present: 1118   in FES: 125
** Event #2509568   t=206.093874799018   Elapsed: 126.496s (2m 06s)  41% completed  (20% total)
     Speed:     ev/sec=19944   simsec/sec=1.26352   ev/simsec=15784.5
     Messages:  created: 2369192   present: 1028   in FES: 97
** Event #2546944   t=208.560762624388   Elapsed: 128.515s (2m 08s)  41% completed  (20% total)
     Speed:     ev/sec=18515.1   simsec/sec=1.22203   ev/simsec=15151.1
     Messages:  created: 2406044   present: 1049   in FES: 102
** Event #2582528   t=210.900610207071   Elapsed: 130.521s (2m 10s)  42% completed  (21% total)
     Speed:     ev/sec=17733   simsec/sec=1.16604   ev/simsec=15207.8
     Messages:  created: 2440951   present: 1110   in FES: 153
** Event #2622464   t=213.541697959875   Elapsed: 132.537s (2m 12s)  42% completed  (21% total)
     Speed:     ev/sec=19807.7   simsec/sec=1.30994   ev/simsec=15121
     Messages:  created: 2479573   present: 1109   in FES: 124
** Event #2657536   t=215.575367904751   Elapsed: 134.549s (2m 14s)  43% completed  (21% total)
     Speed:     ev/sec=17436.6   simsec/sec=1.01107   ev/simsec=17245.7
     Messages:  created: 2513831   present: 1109   in FES: 122
** Event #2696448   t=218.032390243393   Elapsed: 136.549s (2m 16s)  43% completed  (21% total)
     Speed:     ev/sec=19451.9   simsec/sec=1.22825   ev/simsec=15837.1
     Messages:  created: 2552826   present: 1085   in FES: 114
** Event #2734336   t=220.182895045421   Elapsed: 138.553s (2m 18s)  44% completed  (22% total)
     Speed:     ev/sec=18905.9   simsec/sec=1.07309   ev/simsec=17618.2
     Messages:  created: 2589991   present: 1073   in FES: 112
** Event #2768384   t=222.526529445345   Elapsed: 140.565s (2m 20s)  44% completed  (22% total)
     Speed:     ev/sec=16921.6   simsec/sec=1.16477   ev/simsec=14527.9
     Messages:  created: 2623350   present: 1115   in FES: 126
** Event #2802176   t=224.554710358493   Elapsed: 142.602s (2m 22s)  44% completed  (22% total)
     Speed:     ev/sec=16590.1   simsec/sec=0.995729   ev/simsec=16661.2
     Messages:  created: 2655621   present: 1081   in FES: 116
** Event #2837248   t=226.598966381095   Elapsed: 144.613s (2m 24s)  45% completed  (22% total)
     Speed:     ev/sec=17442.4   simsec/sec=1.01667   ev/simsec=17156.4
     Messages:  created: 2689527   present: 1205   in FES: 156
** Event #2873344   t=228.755720272687   Elapsed: 146.614s (2m 26s)  45% completed  (22% total)
     Speed:     ev/sec=18036.6   simsec/sec=1.0777   ev/simsec=16736.3
     Messages:  created: 2725445   present: 1114   in FES: 137
** Event #2915840   t=231.401454466891   Elapsed: 148.621s (2m 28s)  46% completed  (23% total)
     Speed:     ev/sec=21176.6   simsec/sec=1.31842   ev/simsec=16062.1
     Messages:  created: 2767627   present: 1082   in FES: 128
** Event #2951168   t=233.539361757188   Elapsed: 150.634s (2m 30s)  46% completed  (23% total)
     Speed:     ev/sec=17548.2   simsec/sec=1.06195   ev/simsec=16524.6
     Messages:  created: 2802594   present: 1074   in FES: 109
** Event #2985984   t=235.574304634528   Elapsed: 152.639s (2m 32s)  47% completed  (23% total)
     Speed:     ev/sec=17365.3   simsec/sec=1.01498   ev/simsec=17109.1
     Messages:  created: 2836837   present: 1087   in FES: 116
** Event #3024128   t=238.039292498971   Elapsed: 154.644s (2m 34s)  47% completed  (23% total)
     Speed:     ev/sec=19024.4   simsec/sec=1.22942   ev/simsec=15474.3
     Messages:  created: 2875192   present: 1110   in FES: 125
** Event #3066880   t=240.522462016449   Elapsed: 156.646s (2m 36s)  48% completed  (24% total)
     Speed:     ev/sec=21360.4   simsec/sec=1.24068   ev/simsec=17216.7
     Messages:  created: 2918942   present: 1090   in FES: 119
** Event #3105280   t=242.603003884106   Elapsed: 158.657s (2m 38s)  48% completed  (24% total)
     Speed:     ev/sec=19093.2   simsec/sec=1.03448   ev/simsec=18456.7
     Messages:  created: 2957502   present: 1090   in FES: 119
** Event #3147776   t=245.097143191296   Elapsed: 160.66s (2m 40s)  49% completed  (24% total)
     Speed:     ev/sec=21208.6   simsec/sec=1.24476   ev/simsec=17038.3
     Messages:  created: 3000988   present: 1108   in FES: 123
** Event #3187968   t=247.557088927825   Elapsed: 162.664s (2m 42s)  49% completed  (24% total)
     Speed:     ev/sec=20058   simsec/sec=1.22764   ev/simsec=16338.6
     Messages:  created: 3042699   present: 1066   in FES: 109
** Event #3227904   t=249.932849070017   Elapsed: 164.666s (2m 44s)  49% completed  (24% total)
     Speed:     ev/sec=19950.5   simsec/sec=1.18684   ev/simsec=16809.8
     Messages:  created: 3084267   present: 1078   in FES: 127
** Event #3271424   t=252.523517945381   Elapsed: 166.672s (2m 46s)  50% completed  (25% total)
     Speed:     ev/sec=21690.1   simsec/sec=1.29117   ev/simsec=16798.8
     Messages:  created: 3129303   present: 1028   in FES: 97
** Event #3307776   t=254.577122222766   Elapsed: 168.674s (2m 48s)  50% completed  (25% total)
     Speed:     ev/sec=18159.2   simsec/sec=1.02586   ev/simsec=17701.6
     Messages:  created: 3166261   present: 1105   in FES: 151
** Event #3350528   t=257.073716342936   Elapsed: 170.681s (2m 50s)  51% completed  (25% total)
     Speed:     ev/sec=21301.5   simsec/sec=1.24395   ev/simsec=17124.1
     Messages:  created: 3210393   present: 1094   in FES: 126
** Event #3389696   t=259.557996455816   Elapsed: 172.701s (2m 52s)  51% completed  (25% total)
     Speed:     ev/sec=19395.8   simsec/sec=1.2302   ev/simsec=15766.3
     Messages:  created: 3250872   present: 1103   in FES: 122
** Event #3432448   t=262.070249497171   Elapsed: 174.701s (2m 54s)  52% completed  (26% total)
     Speed:     ev/sec=21374.2   simsec/sec=1.25602   ev/simsec=17017.4
     Messages:  created: 3295021   present: 1073   in FES: 112
** Event #3474688   t=264.57601297492   Elapsed: 176.703s (2m 56s)  52% completed  (26% total)
     Speed:     ev/sec=21094.6   simsec/sec=1.25138   ev/simsec=16857.1
     Messages:  created: 3340079   present: 1119   in FES: 126
** Event #3520512   t=267.326602551886   Elapsed: 178.711s (2m 58s)  53% completed  (26% total)
     Speed:     ev/sec=22824   simsec/sec=1.37001   ev/simsec=16659.7
     Messages:  created: 3388987   present: 1097   in FES: 150
** Event #3562752   t=269.93363841484   Elapsed: 180.715s (3m 00s)  53% completed  (26% total)
     Speed:     ev/sec=21081.7   simsec/sec=1.30115   ev/simsec=16202.3
     Messages:  created: 3434077   present: 1110   in FES: 140
** Event #3606784   t=272.554304236054   Elapsed: 182.738s (3m 02s)  54% completed  (27% total)
     Speed:     ev/sec=21762.9   simsec/sec=1.29527   ev/simsec=16801.8
     Messages:  created: 3479947   present: 1071   in FES: 110
** Event #3652608   t=275.401852354751   Elapsed: 184.742s (3m 04s)  55% completed  (27% total)
     Speed:     ev/sec=22869.1   simsec/sec=1.42111   ev/simsec=16092.4
     Messages:  created: 3528479   present: 1069   in FES: 127
** Event #3696384   t=278.076617013195   Elapsed: 186.742s (3m 06s)  55% completed  (27% total)
     Speed:     ev/sec=21885.3   simsec/sec=1.33722   ev/simsec=16366.3
     Messages:  created: 3574210   present: 1084   in FES: 113
** Event #3741952   t=281.059486961368   Elapsed: 188.745s (3m 08s)  56% completed  (28% total)
     Speed:     ev/sec=22750.3   simsec/sec=1.48923   ev/simsec=15276.6
     Messages:  created: 3622491   present: 1106   in FES: 121
** Event #3786496   t=284.055751169833   Elapsed: 190.749s (3m 10s)  56% completed  (28% total)
     Speed:     ev/sec=22227.9   simsec/sec=1.49516   ev/simsec=14866.5
     Messages:  created: 3668591   present: 1052   in FES: 103
** Event #3827456   t=286.59693664424   Elapsed: 192.752s (3m 12s)  57% completed  (28% total)
     Speed:     ev/sec=20449.7   simsec/sec=1.26872   ev/simsec=16118.5
     Messages:  created: 3710321   present: 1081   in FES: 114
** Event #3869696   t=289.255455299576   Elapsed: 194.755s (3m 14s)  57% completed  (28% total)
     Speed:     ev/sec=21083.9   simsec/sec=1.32699   ev/simsec=15888.5
     Messages:  created: 3753928   present: 1103   in FES: 126
** Event #3908864   t=291.559902218318   Elapsed: 196.777s (3m 16s)  58% completed  (29% total)
     Speed:     ev/sec=19370.2   simsec/sec=1.13964   ev/simsec=16996.7
     Messages:  created: 3794163   present: 1053   in FES: 102
** Event #3950848   t=294.05948742192   Elapsed: 198.783s (3m 18s)  58% completed  (29% total)
     Speed:     ev/sec=20931.7   simsec/sec=1.2462   ev/simsec=16796.4
     Messages:  created: 3837186   present: 1076   in FES: 111
** Event #3991808   t=296.556634128274   Elapsed: 200.8s (3m 20s)  59% completed  (29% total)
     Speed:     ev/sec=20307.9   simsec/sec=1.23808   ev/simsec=16402.7
     Messages:  created: 3879529   present: 1066   in FES: 109
** Event #4031488   t=299.020409517289   Elapsed: 202.804s (3m 22s)  59% completed  (29% total)
     Speed:     ev/sec=19800.1   simsec/sec=1.22941   ev/simsec=16105.4
     Messages:  created: 3920617   present: 1107   in FES: 122
** Event #4076544   t=301.537558659306   Elapsed: 204.816s (3m 24s)  60% completed  (30% total)
     Speed:     ev/sec=22392.2   simsec/sec=1.25099   ev/simsec=17899.6
     Messages:  created: 3967526   present: 1110   in FES: 121
** Event #4118784   t=303.901414911114   Elapsed: 206.819s (3m 26s)  60% completed  (30% total)
     Speed:     ev/sec=21084.2   simsec/sec=1.17992   ev/simsec=17869.1
     Messages:  created: 4013487   present: 1074   in FES: 127
** Event #4165120   t=306.560524590889   Elapsed: 208.843s (3m 28s)  61% completed  (30% total)
     Speed:     ev/sec=22897   simsec/sec=1.314   ev/simsec=17425.4
     Messages:  created: 4063949   present: 1065   in FES: 106
** Event #4209920   t=309.151159178594   Elapsed: 210.849s (3m 30s)  61% completed  (30% total)
     Speed:     ev/sec=22337.8   simsec/sec=1.29172   ev/simsec=17293.1
     Messages:  created: 4111973   present: 1109   in FES: 132
** Event #4257536   t=312.070248671137   Elapsed: 212.852s (3m 32s)  62% completed  (31% total)
     Speed:     ev/sec=23770.8   simsec/sec=1.45727   ev/simsec=16311.9
     Messages:  created: 4164603   present: 1100   in FES: 121
** Event #4303104   t=315.076791969839   Elapsed: 214.853s (3m 34s)  63% completed  (31% total)
     Speed:     ev/sec=22768   simsec/sec=1.50222   ev/simsec=15156.3
     Messages:  created: 4213326   present: 1045   in FES: 121
** Event #4350976   t=318.527410966698   Elapsed: 216.866s (3m 36s)  63% completed  (31% total)
     Speed:     ev/sec=23789.9   simsec/sec=1.71478   ev/simsec=13873.5
     Messages:  created: 4264686   present: 1243   in FES: 186
** Event #4395264   t=321.536565981408   Elapsed: 218.883s (3m 38s)  64% completed  (32% total)
     Speed:     ev/sec=21948.1   simsec/sec=1.49127   ev/simsec=14717.8
     Messages:  created: 4310892   present: 1122   in FES: 125
** Event #4438784   t=324.531457128495   Elapsed: 220.886s (3m 40s)  64% completed  (32% total)
     Speed:     ev/sec=21726.9   simsec/sec=1.49517   ev/simsec=14531.4
     Messages:  created: 4356336   present: 1105   in FES: 126
** Event #4483840   t=327.547295498197   Elapsed: 222.887s (3m 42s)  65% completed  (32% total)
     Speed:     ev/sec=22519.2   simsec/sec=1.50733   ev/simsec=14939.8
     Messages:  created: 4403151   present: 1114   in FES: 126
** Event #4528128   t=330.563274001838   Elapsed: 224.904s (3m 44s)  66% completed  (33% total)
     Speed:     ev/sec=21958.3   simsec/sec=1.49534   ev/simsec=14684.5
     Messages:  created: 4449059   present: 1053   in FES: 104
** Event #4581888   t=333.183183355605   Elapsed: 226.907s (3m 46s)  66% completed  (33% total)
     Speed:     ev/sec=26840.8   simsec/sec=1.30805   ev/simsec=20519.8
     Messages:  created: 4509475   present: 1104   in FES: 126
** Event #4626176   t=336.070193953533   Elapsed: 228.908s (3m 48s)  67% completed  (33% total)
     Speed:     ev/sec=22135   simsec/sec=1.44292   ev/simsec=15340.4
     Messages:  created: 4556767   present: 1028   in FES: 97
** Event #4670208   t=339.028862935526   Elapsed: 230.909s (3m 50s)  67% completed  (33% total)
     Speed:     ev/sec=22008.2   simsec/sec=1.47881   ev/simsec=14882.4
     Messages:  created: 4603974   present: 1108   in FES: 126
** Event #4715520   t=342.059487208761   Elapsed: 232.916s (3m 52s)  68% completed  (34% total)
     Speed:     ev/sec=22574.1   simsec/sec=1.50984   ev/simsec=14951.4
     Messages:  created: 4650726   present: 1100   in FES: 119
** Event #4758272   t=345.042823058307   Elapsed: 234.921s (3m 54s)  69% completed  (34% total)
     Speed:     ev/sec=21322.6   simsec/sec=1.48794   ev/simsec=14330.3
     Messages:  created: 4695428   present: 1102   in FES: 126
** Event #4800512   t=347.901300576841   Elapsed: 236.927s (3m 56s)  69% completed  (34% total)
     Speed:     ev/sec=21052.7   simsec/sec=1.42469   ev/simsec=14777.1
     Messages:  created: 4739262   present: 1074   in FES: 111
** Event #4845056   t=350.599999589231   Elapsed: 238.941s (3m 58s)  70% completed  (35% total)
     Speed:     ev/sec=22120.7   simsec/sec=1.34018   ev/simsec=16505.7
     Messages:  created: 4784988   present: 1104   in FES: 122
** Event #4887040   t=353.433418157858   Elapsed: 240.944s (4m 00s)  70% completed  (35% total)
     Speed:     ev/sec=20955.2   simsec/sec=1.41422   ev/simsec=14817.4
     Messages:  created: 4828729   present: 1102   in FES: 143
** Event #4930816   t=356.077490656028   Elapsed: 242.948s (4m 02s)  71% completed  (35% total)
     Speed:     ev/sec=21853.3   simsec/sec=1.31994   ev/simsec=16556.3
     Messages:  created: 4873174   present: 1087   in FES: 114
** Event #4973056   t=358.574717580715   Elapsed: 244.957s (4m 04s)  71% completed  (35% total)
     Speed:     ev/sec=21023.5   simsec/sec=1.24291   ev/simsec=16914.8
     Messages:  created: 4917430   present: 1114   in FES: 126
** Event #5018880   t=361.528604671311   Elapsed: 246.967s (4m 06s)  72% completed  (36% total)
     Speed:     ev/sec=22793.9   simsec/sec=1.46933   ev/simsec=15513.1
     Messages:  created: 4965019   present: 1115   in FES: 124
** Event #5059584   t=364.055525972115   Elapsed: 248.969s (4m 08s)  72% completed  (36% total)
     Speed:     ev/sec=20335   simsec/sec=1.2624   ev/simsec=16108.1
     Messages:  created: 5005965   present: 1088   in FES: 117
** Event #5099520   t=366.575658098508   Elapsed: 250.969s (4m 10s)  73% completed  (36% total)
     Speed:     ev/sec=19966.4   simsec/sec=1.25997   ev/simsec=15846.8
     Messages:  created: 5046626   present: 1072   in FES: 111
** Event #5144320   t=369.505454912669   Elapsed: 252.972s (4m 12s)  73% completed  (36% total)
     Speed:     ev/sec=22367.8   simsec/sec=1.4628   ev/simsec=15291.2
     Messages:  created: 5093670   present: 1102   in FES: 126
** Event #5185536   t=372.020410671672   Elapsed: 254.972s (4m 14s)  74% completed  (37% total)
     Speed:     ev/sec=20604.5   simsec/sec=1.25727   ev/simsec=16388.4
     Messages:  created: 5137169   present: 1054   in FES: 107
** Event #5233920   t=375.032334795931   Elapsed: 256.978s (4m 16s)  75% completed  (37% total)
     Speed:     ev/sec=24121.8   simsec/sec=1.50159   ev/simsec=16064.1
     Messages:  created: 5188577   present: 1092   in FES: 126
** Event #5277440   t=377.598992638399   Elapsed: 258.978s (4m 18s)  75% completed  (37% total)
     Speed:     ev/sec=21755.9   simsec/sec=1.28309   ev/simsec=16955.9
     Messages:  created: 5234859   present: 1079   in FES: 114
** Event #5323008   t=380.570086586267   Elapsed: 260.997s (4m 20s)  76% completed  (38% total)
     Speed:     ev/sec=22571.2   simsec/sec=1.47167   ev/simsec=15337.1
     Messages:  created: 5283924   present: 1105   in FES: 122
** Event #5375744   t=384.062269762515   Elapsed: 263s (4m 22s)  76% completed  (38% total)
     Speed:     ev/sec=26337.4   simsec/sec=1.74407   ev/simsec=15101.2
     Messages:  created: 5341218   present: 1088   in FES: 115
** Event #5425920   t=387.538643472337   Elapsed: 265.021s (4m 25s)  77% completed  (38% total)
     Speed:     ev/sec=24826.3   simsec/sec=1.72006   ev/simsec=14433.4
     Messages:  created: 5396286   present: 1062   in FES: 107
** Event #5475840   t=390.650642102021   Elapsed: 267.025s (4m 27s)  78% completed  (39% total)
     Speed:     ev/sec=24912   simsec/sec=1.55301   ev/simsec=16041.1
     Messages:  created: 5451637   present: 1096   in FES: 121
** Event #5527552   t=394.042455634545   Elapsed: 269.028s (4m 29s)  78% completed  (39% total)
     Speed:     ev/sec=25810.4   simsec/sec=1.69292   ev/simsec=15246.1
     Messages:  created: 5510537   present: 1024   in FES: 97
** Event #5580032   t=397.52943929865   Elapsed: 271.031s (4m 31s)  79% completed  (39% total)
     Speed:     ev/sec=26207.5   simsec/sec=1.74133   ev/simsec=15050.3
     Messages:  created: 5568167   present: 1143   in FES: 135
** Event #5630976   t=400.879787819202   Elapsed: 273.036s (4m 33s)  80% completed  (40% total)
     Speed:     ev/sec=25401.3   simsec/sec=1.67053   ev/simsec=15205.6
     Messages:  created: 5623849   present: 1086   in FES: 117
** Event #5685504   t=403.611144474321   Elapsed: 275.051s (4m 35s)  80% completed  (40% total)
     Speed:     ev/sec=27065.4   simsec/sec=1.35573   ev/simsec=19963.7
     Messages:  created: 5686127   present: 1024   in FES: 97
** Event #5735168   t=407.020453444104   Elapsed: 277.051s (4m 37s)  81% completed  (40% total)
     Speed:     ev/sec=24830.7   simsec/sec=1.70456   ev/simsec=14567.2
     Messages:  created: 5741190   present: 1051   in FES: 104
** Event #5783552   t=410.544385101172   Elapsed: 279.061s (4m 39s)  82% completed  (41% total)
     Speed:     ev/sec=24068   simsec/sec=1.75293   ev/simsec=13730.1
     Messages:  created: 5792406   present: 1094   in FES: 117
** Event #5828608   t=413.57351704969   Elapsed: 281.067s (4m 41s)  82% completed  (41% total)
     Speed:     ev/sec=22466.3   simsec/sec=1.51041   ev/simsec=14874.2
     Messages:  created: 5839989   present: 1056   in FES: 101
** Event #5879808   t=417.182860432309   Elapsed: 283.067s (4m 43s)  83% completed  (41% total)
     Speed:     ev/sec=25593.6   simsec/sec=1.80422   ev/simsec=14185.4
     Messages:  created: 5895192   present: 1115   in FES: 142
** Event #5928448   t=420.532114913507   Elapsed: 285.075s (4m 45s)  84% completed  (42% total)
     Speed:     ev/sec=24228.3   simsec/sec=1.66832   ev/simsec=14522.6
     Messages:  created: 5947537   present: 1126   in FES: 119
** Event #5975296   t=424.02445705916   Elapsed: 287.075s (4m 47s)  84% completed  (42% total)
     Speed:     ev/sec=23421.3   simsec/sec=1.74597   ev/simsec=13414.5
     Messages:  created: 5996583   present: 1108   in FES: 126
** Event #6021888   t=427.183176521526   Elapsed: 289.081s (4m 49s)  85% completed  (42% total)
     Speed:     ev/sec=23220.9   simsec/sec=1.57427   ev/simsec=14750.3
     Messages:  created: 6044219   present: 1089   in FES: 144
** Event #6065408   t=430.526791894166   Elapsed: 291.093s (4m 51s)  86% completed  (43% total)
     Speed:     ev/sec=21631.3   simsec/sec=1.66192   ev/simsec=13015.9
     Messages:  created: 6088090   present: 1072   in FES: 111
** Event #6106624   t=433.536698440564   Elapsed: 293.108s (4m 53s)  86% completed  (43% total)
     Speed:     ev/sec=20453.5   simsec/sec=1.49367   ev/simsec=13693.4
     Messages:  created: 6129228   present: 1102   in FES: 119
** Event #6148096   t=436.576233060791   Elapsed: 295.126s (4m 55s)  87% completed  (43% total)
     Speed:     ev/sec=20556.6   simsec/sec=1.50662   ev/simsec=13644.2
     Messages:  created: 6170905   present: 1115   in FES: 127
** Event #6189824   t=439.609007919336   Elapsed: 297.135s (4m 57s)  87% completed  (43% total)
     Speed:     ev/sec=20767.6   simsec/sec=1.50938   ev/simsec=13759
     Messages:  created: 6212545   present: 1097   in FES: 120
** Event #6234112   t=443.020357683017   Elapsed: 299.138s (4m 59s)  88% completed  (44% total)
     Speed:     ev/sec=22109.8   simsec/sec=1.70304   ev/simsec=12982.5
     Messages:  created: 6258057   present: 1112   in FES: 126
** Event #6276608   t=446.024454877921   Elapsed: 301.14s (5m 01s)  89% completed  (44% total)
     Speed:     ev/sec=21228   simsec/sec=1.50064   ev/simsec=14146
     Messages:  created: 6301365   present: 1030   in FES: 97
** Event #6320384   t=449.056969266085   Elapsed: 303.14s (5m 03s)  89% completed  (44% total)
     Speed:     ev/sec=21887.4   simsec/sec=1.51621   ev/simsec=14435.5
     Messages:  created: 6346283   present: 1091   in FES: 116
** Event #6364160   t=452.093874799018   Elapsed: 305.144s (5m 05s)  90% completed  (45% total)
     Speed:     ev/sec=21842.8   simsec/sec=1.51532   ev/simsec=14414.7
     Messages:  created: 6391097   present: 1028   in FES: 97
** Event #6409984   t=455.520163902082   Elapsed: 307.148s (5m 07s)  91% completed  (45% total)
     Speed:     ev/sec=22873.5   simsec/sec=1.71027   ev/simsec=13374.2
     Messages:  created: 6438774   present: 1106   in FES: 123
** Event #6455040   t=458.557645650589   Elapsed: 309.158s (5m 09s)  91% completed  (45% total)
     Speed:     ev/sec=22409.3   simsec/sec=1.51074   ev/simsec=14833.3
     Messages:  created: 6484847   present: 1095   in FES: 118
** Event #6499328   t=461.576234280031   Elapsed: 311.173s (5m 11s)  92% completed  (46% total)
     Speed:     ev/sec=21986.7   simsec/sec=1.49857   ev/simsec=14671.8
     Messages:  created: 6529688   present: 1054   in FES: 127
** Event #6541568   t=464.551401473802   Elapsed: 313.178s (5m 13s)  92% completed  (46% total)
     Speed:     ev/sec=21066.3   simsec/sec=1.4838   ev/simsec=14197.5
     Messages:  created: 6572661   present: 1065   in FES: 110
** Event #6580736   t=467.07743661863   Elapsed: 315.178s (5m 15s)  93% completed  (46% total)
     Speed:     ev/sec=19583.2   simsec/sec=1.26296   ev/simsec=15505.7
     Messages:  created: 6611967   present: 1101   in FES: 126
** Event #6617600   t=469.58461415961   Elapsed: 317.192s (5m 17s)  93% completed  (46% total)
     Speed:     ev/sec=18298.7   simsec/sec=1.24452   ev/simsec=14703.4
     Messages:  created: 6649024   present: 1073   in FES: 110
** Event #6661120   t=472.534646224527   Elapsed: 319.194s (5m 19s)  94% completed  (47% total)
     Speed:     ev/sec=21739.5   simsec/sec=1.47363   ev/simsec=14752.4
     Messages:  created: 6693265   present: 1103   in FES: 120
** Event #6699008   t=475.005720502807   Elapsed: 321.2s (5m 21s)  95% completed  (47% total)
     Speed:     ev/sec=18889.9   simsec/sec=1.23201   ev/simsec=15332.6
     Messages:  created: 6731766   present: 1117   in FES: 135
** Event #6739712   t=477.575285190741   Elapsed: 323.22s (5m 23s)  95% completed  (47% total)
     Speed:     ev/sec=20146.7   simsec/sec=1.27182   ev/simsec=15840.8
     Messages:  created: 6771949   present: 1092   in FES: 117
** Event #6781184   t=480.52141176412   Elapsed: 325.224s (5m 25s)  96% completed  (48% total)
     Speed:     ev/sec=20697   simsec/sec=1.47029   ev/simsec=14076.8
     Messages:  created: 6814230   present: 1104   in FES: 126
** Event #6822656   t=483.129787211753   Elapsed: 327.226s (5m 27s)  96% completed  (48% total)
     Speed:     ev/sec=20721.6   simsec/sec=1.30328   ev/simsec=15899.6
     Messages:  created: 6855578   present: 1065   in FES: 108
** Event #6860800   t=485.878835974607   Elapsed: 329.232s (5m 29s)  97% completed  (48% total)
     Speed:     ev/sec=19009.9   simsec/sec=1.37005   ev/simsec=13875.3
     Messages:  created: 6894339   present: 1104   in FES: 146
** Event #6903296   t=488.62886855039   Elapsed: 331.238s (5m 31s)  97% completed  (48% total)
     Speed:     ev/sec=21188.5   simsec/sec=1.37116   ev/simsec=15452.9
     Messages:  created: 6937127   present: 1111   in FES: 131
** Event #6946048   t=491.577039520022   Elapsed: 333.241s (5m 33s)  98% completed  (49% total)
     Speed:     ev/sec=21341.2   simsec/sec=1.47169   ev/simsec=14501.2
     Messages:  created: 6980264   present: 1115   in FES: 124
** Event #6987264   t=494.564602114598   Elapsed: 335.262s (5m 35s)  98% completed  (49% total)
     Speed:     ev/sec=20393.5   simsec/sec=1.47823   ev/simsec=13795.9
     Messages:  created: 7020972   present: 1108   in FES: 121
** Event #7026944   t=497.556514648834   Elapsed: 337.268s (5m 37s)  99% completed  (49% total)
     Speed:     ev/sec=19782.9   simsec/sec=1.49165   ev/simsec=13262.4
     Messages:  created: 7059546   present: 1120   in FES: 126
** Event #7068160   t=499.601680160461   Elapsed: 339.272s (5m 39s)  99% completed  (49% total)
     Speed:     ev/sec=20562.4   simsec/sec=1.02032   ev/simsec=20152.9
     Messages:  created: 7104264   present: 1076   in FES: 113
** Event #7070815   t=500   Elapsed: 339.398s (5m 39s)  100% completed  (50% total)
     Speed:     ev/sec=21070.9   simsec/sec=3.14116   ev/simsec=6707.99
     Messages:  created: 7107261   present: 1021   in FES: 95

<!> Simulation time limit reached -- at t=500s, event #7070815
undisposed object: (omnetpp::cMessage) FanetStressNetwork.uav[0].app.debugTimer -- check module destructor
undisposed object: (omnetpp::cMessage) FanetStressNetwork.uav[1].app.debugTimer -- check module destructor
undisposed object: (omnetpp::cMessage) FanetStressNetwork.uav[2].app.debugTimer -- check module destructor
undisposed object: (omnetpp::cMessage) FanetStressNetwork.uav[3].app.debugTimer -- check module destructor
undisposed object: (omnetpp::cMessage) FanetStressNetwork.uav[4].app.debugTimer -- check module destructor
undisposed object: (omnetpp::cMessage) FanetStressNetwork.uav[5].app.debugTimer -- check module destructor
undisposed object: (omnetpp::cMessage) FanetStressNetwork.uav[6].app.debugTimer -- check module destructor
undisposed object: (omnetpp::cMessage) FanetStressNetwork.uav[7].app.debugTimer -- check module destructor
undisposed object: (omnetpp::cMessage) FanetStressNetwork.uav[8].app.debugTimer -- check module destructor
undisposed object: (omnetpp::cMessage) FanetStressNetwork.uav[9].app.debugTimer -- check module destructor
undisposed object: (omnetpp::cMessage) FanetStressNetwork.uav[10].app.debugTimer -- check module destructor
undisposed object: (omnetpp::cMessage) FanetStressNetwork.uav[11].app.debugTimer -- check module destructor
undisposed object: (omnetpp::cMessage) FanetStressNetwork.uav[12].app.debugTimer -- check module destructor
undisposed object: (omnetpp::cMessage) FanetStressNetwork.uav[13].app.debugTimer -- check module destructor
undisposed object: (omnetpp::cMessage) FanetStressNetwork.uav[14].app.debugTimer -- check module destructor
undisposed object: (omnetpp::cMessage) FanetStressNetwork.uav[15].app.debugTimer -- check module destructor
undisposed object: (omnetpp::cMessage) FanetStressNetwork.uav[16].app.debugTimer -- check module destructor
undisposed object: (omnetpp::cMessage) FanetStressNetwork.uav[17].app.debugTimer -- check module destructor
undisposed object: (omnetpp::cMessage) FanetStressNetwork.uav[18].app.debugTimer -- check module destructor
undisposed object: (omnetpp::cMessage) FanetStressNetwork.uav[19].app.debugTimer -- check module destructor
undisposed object: (omnetpp::cMessage) FanetStressNetwork.uav[20].app.debugTimer -- check module destructor
undisposed object: (omnetpp::cMessage) FanetStressNetwork.uav[21].app.debugTimer -- check module destructor
undisposed object: (omnetpp::cMessage) FanetStressNetwork.uav[22].app.debugTimer -- check module destructor
undisposed object: (omnetpp::cMessage) FanetStressNetwork.uav[23].app.debugTimer -- check module destructor
undisposed object: (omnetpp::cMessage) FanetStressNetwork.uav[24].app.debugTimer -- check module destructor
undisposed object: (omnetpp::cMessage) FanetStressNetwork.uav[25].app.debugTimer -- check module destructor
undisposed object: (omnetpp::cMessage) FanetStressNetwork.uav[26].app.debugTimer -- check module destructor
undisposed object: (omnetpp::cMessage) FanetStressNetwork.uav[27].app.debugTimer -- check module destructor
undisposed object: (omnetpp::cMessage) FanetStressNetwork.uav[28].app.debugTimer -- check module destructor
undisposed object: (omnetpp::cMessage) FanetStressNetwork.uav[29].app.debugTimer -- check module destructor
