** Event #0   t=0   Elapsed: 1.6e-05s (0m 00s)  0% completed  (0% total)
     Speed:     ev/sec=0   simsec/sec=0   ev/simsec=0
     Messages:  created: 381   present: 381   in FES: 61
** Event #75008   t=62.006482343779   Elapsed: 2.00303s (0m 02s)  12% completed  (6% total)
     Speed:     ev/sec=37448.3   simsec/sec=30.9567   ev/simsec=1209.7
     Messages:  created: 53966   present: 363   in FES: 36
** Event #138240   t=107.08261816583   Elapsed: 4.00862s (0m 04s)  21% completed  (10% total)
     Speed:     ev/sec=31527.7   simsec/sec=22.4751   ev/simsec=1402.78
     Messages:  created: 105956   present: 393   in FES: 46
** Event #199936   t=125.697476076195   Elapsed: 6.01025s (0m 06s)  25% completed  (12% total)
     Speed:     ev/sec=30822.9   simsec/sec=9.29984   ev/simsec=3314.34
     Messages:  created: 169506   present: 362   in FES: 36
** Event #265472   t=144.209639411213   Elapsed: 8.02013s (0m 08s)  28% completed  (14% total)
     Speed:     ev/sec=32606.9   simsec/sec=9.21057   ev/simsec=3540.16
     Messages:  created: 237855   present: 385   in FES: 53
** Event #329728   t=162.521556697234   Elapsed: 10.0213s (0m 10s)  32% completed  (16% total)
     Speed:     ev/sec=32109.1   simsec/sec=9.15058   ev/simsec=3508.97
     Messages:  created: 303891   present: 369   in FES: 38
** Event #389888   t=179.459629612023   Elapsed: 12.0329s (0m 12s)  35% completed  (17% total)
     Speed:     ev/sec=29907.3   simsec/sec=8.42042   ev/simsec=3551.76
     Messages:  created: 364907   present: 390   in FES: 48
** Event #453888   t=197.071497428114   Elapsed: 14.0372s (0m 14s)  39% completed  (19% total)
     Speed:     ev/sec=31930   simsec/sec=8.78668   ev/simsec=3633.91
     Messages:  created: 430464   present: 366   in FES: 37
** Event #517632   t=216.960309907164   Elapsed: 16.0422s (0m 16s)  43% completed  (21% total)
     Speed:     ev/sec=31793   simsec/sec=9.91976   ev/simsec=3205.02
     Messages:  created: 494898   present: 398   in FES: 52
** Event #579840   t=236.048337474876   Elapsed: 18.047s (0m 18s)  47% completed  (23% total)
     Speed:     ev/sec=31029.5   simsec/sec=9.52115   ev/simsec=3259.01
     Messages:  created: 557258   present: 387   in FES: 44
** Event #641792   t=253.082248545575   Elapsed: 20.0549s (0m 20s)  50% completed  (25% total)
     Speed:     ev/sec=30853.6   simsec/sec=8.48329   ev/simsec=3636.98
     Messages:  created: 620535   present: 378   in FES: 41
** Event #702208   t=269.075501296693   Elapsed: 22.06s (0m 22s)  53% completed  (26% total)
     Speed:     ev/sec=30131.5   simsec/sec=7.97637   ev/simsec=3777.59
     Messages:  created: 682428   present: 366   in FES: 37
** Event #763136   t=286.821497421823   Elapsed: 24.064s (0m 24s)  57% completed  (28% total)
     Speed:     ev/sec=30403.2   simsec/sec=8.85529   ev/simsec=3433.34
     Messages:  created: 743817   present: 368   in FES: 37
** Event #826624   t=305.460384050235   Elapsed: 26.068s (0m 26s)  61% completed  (30% total)
     Speed:     ev/sec=31681.8   simsec/sec=9.30117   ev/simsec=3406.21
     Messages:  created: 808287   present: 389   in FES: 48
** Event #886784   t=324.447477634916   Elapsed: 28.0719s (0m 28s)  64% completed  (32% total)
     Speed:     ev/sec=30020.5   simsec/sec=9.47476   ev/simsec=3168.47
     Messages:  created: 868403   present: 390   in FES: 46
** Event #951808   t=344.893083664693   Elapsed: 30.0779s (0m 30s)  68% completed  (34% total)
     Speed:     ev/sec=32415.1   simsec/sec=10.1923   ev/simsec=3180.34
     Messages:  created: 934024   present: 387   in FES: 48
** Event #1015808   t=365.607633176792   Elapsed: 32.0841s (0m 32s)  73% completed  (36% total)
     Speed:     ev/sec=31900.4   simsec/sec=10.325   ev/simsec=3089.62
     Messages:  created: 999522   present: 379   in FES: 42
** Event #1074432   t=382.549074701032   Elapsed: 34.0866s (0m 34s)  76% completed  (38% total)
     Speed:     ev/sec=29276.6   simsec/sec=8.46048   ev/simsec=3460.39
     Messages:  created: 1059500   present: 385   in FES: 42
** Event #1138688   t=400.553053162147   Elapsed: 36.0913s (0m 36s)  80% completed  (40% total)
     Speed:     ev/sec=32051.8   simsec/sec=8.98065   ev/simsec=3568.99
     Messages:  created: 1127501   present: 366   in FES: 37
** Event #1202176   t=421.143082407252   Elapsed: 38.0975s (0m 38s)  84% completed  (42% total)
     Speed:     ev/sec=31646.4   simsec/sec=10.2634   ev/simsec=3083.43
     Messages:  created: 1191961   present: 421   in FES: 49
** Event #1265664   t=444.447698234371   Elapsed: 40.105s (0m 40s)  88% completed  (44% total)
     Speed:     ev/sec=31625.6   simsec/sec=11.6089   ev/simsec=2724.27
     Messages:  created: 1254843   present: 480   in FES: 47
** Event #1327872   t=462.332591151332   Elapsed: 42.1058s (0m 42s)  92% completed  (46% total)
     Speed:     ev/sec=31090.4   simsec/sec=8.93853   ev/simsec=3478.24
     Messages:  created: 1317766   present: 568   in FES: 54
** Event #1390848   t=480.562111282737   Elapsed: 44.1116s (0m 44s)  96% completed  (48% total)
     Speed:     ev/sec=31397.9   simsec/sec=9.08868   ev/simsec=3454.62
     Messages:  created: 1381558   present: 482   in FES: 42
** Event #1453056   t=499.048285379077   Elapsed: 46.1141s (0m 46s)  99% completed  (49% total)
     Speed:     ev/sec=31065.2   simsec/sec=9.23154   ev/simsec=3365.11
     Messages:  created: 1445334   present: 497   in FES: 46
** Event #1455954   t=500   Elapsed: 46.2131s (0m 46s)  100% completed  (50% total)
     Speed:     ev/sec=29271.2   simsec/sec=9.47072   ev/simsec=3090.7
     Messages:  created: 1448339   present: 465   in FES: 35

<!> Simulation time limit reached -- at t=500s, event #1455954
undisposed object: (omnetpp::cMessage) FanetStressNetwork.uav[0].app.debugTimer -- check module destructor
undisposed object: (omnetpp::cMessage) FanetStressNetwork.uav[1].app.debugTimer -- check module destructor
undisposed object: (omnetpp::cMessage) FanetStressNetwork.uav[2].app.debugTimer -- check module destructor
undisposed object: (omnetpp::cMessage) FanetStressNetwork.uav[3].app.debugTimer -- check module destructor
undisposed object: (omnetpp::cMessage) FanetStressNetwork.uav[4].app.debugTimer -- check module destructor
undisposed object: (omnetpp::cMessage) FanetStressNetwork.uav[5].app.debugTimer -- check module destructor
undisposed object: (omnetpp::cMessage) FanetStressNetwork.uav[6].app.debugTimer -- check module destructor
undisposed object: (omnetpp::cMessage) FanetStressNetwork.uav[7].app.debugTimer -- check module destructor
undisposed object: (omnetpp::cMessage) FanetStressNetwork.uav[8].app.debugTimer -- check module destructor
undisposed object: (omnetpp::cMessage) FanetStressNetwork.uav[9].app.debugTimer -- check module destructor
