** Event #0   t=0   Elapsed: 1.7e-05s (0m 00s)  0% completed  (0% total)
     Speed:     ev/sec=0   simsec/sec=0   ev/simsec=0
     Messages:  created: 1081   present: 1081   in FES: 161
** Event #55040   t=6.571515338877   Elapsed: 2.00467s (0m 02s)  1% completed  (0% total)
     Speed:     ev/sec=27456.9   simsec/sec=3.27817   ev/simsec=8375.69
     Messages:  created: 49911   present: 1091   in FES: 118
** Event #103168   t=12.6   Elapsed: 4.0048s (0m 04s)  2% completed  (1% total)
     Speed:     ev/sec=24062.1   simsec/sec=3.014   ev/simsec=7983.43
     Messages:  created: 92307   present: 1023   in FES: 96
** Event #148992   t=18.53347368492   Elapsed: 6.01065s (0m 06s)  3% completed  (1% total)
     Speed:     ev/sec=22845.2   simsec/sec=2.95809   ev/simsec=7722.96
     Messages:  created: 132379   present: 1096   in FES: 117
** Event #191488   t=23.568557676769   Elapsed: 8.02301s (0m 08s)  4% completed  (2% total)
     Speed:     ev/sec=21117.4   simsec/sec=2.50207   ev/simsec=8439.98
     Messages:  created: 169332   present: 1205   in FES: 156
** Event #234496   t=28.606047460084   Elapsed: 10.0352s (0m 10s)  5% completed  (2% total)
     Speed:     ev/sec=21373.6   simsec/sec=2.50348   ev/simsec=8537.59
     Messages:  created: 206284   present: 1092   in FES: 119
** Event #275456   t=33.532437412664   Elapsed: 12.0578s (0m 12s)  6% completed  (3% total)
     Speed:     ev/sec=20251.3   simsec/sec=2.43569   ev/simsec=8314.4
     Messages:  created: 240476   present: 1091   in FES: 116
** Event #311808   t=37.556818210427   Elapsed: 14.0584s (0m 14s)  7% completed  (3% total)
     Speed:     ev/sec=18170.3   simsec/sec=2.01156   ev/simsec=9032.94
     Messages:  created: 270596   present: 1089   in FES: 118
** Event #350208   t=42.024455743226   Elapsed: 16.0627s (0m 16s)  8% completed  (4% total)
     Speed:     ev/sec=19159.3   simsec/sec=2.22908   ev/simsec=8595.15
     Messages:  created: 302465   present: 1096   in FES: 126
** Event #391168   t=46.535686830132   Elapsed: 18.0684s (0m 18s)  9% completed  (4% total)
     Speed:     ev/sec=20421.3   simsec/sec=2.24915   ev/simsec=9079.56
     Messages:  created: 336052   present: 1091   in FES: 118
** Event #427520   t=50.540356483343   Elapsed: 20.0707s (0m 20s)  10% completed  (5% total)
     Speed:     ev/sec=18155.2   simsec/sec=2.00004   ev/simsec=9077.4
     Messages:  created: 365991   present: 1118   in FES: 125
** Event #465152   t=54.572527652312   Elapsed: 22.0858s (0m 22s)  10% completed  (5% total)
     Speed:     ev/sec=18675.6   simsec/sec=2.00105   ev/simsec=9332.94
     Messages:  created: 396928   present: 1085   in FES: 114
** Event #500736   t=58.570195739852   Elapsed: 24.0974s (0m 24s)  11% completed  (5% total)
     Speed:     ev/sec=17689.1   simsec/sec=1.98727   ev/simsec=8901.19
     Messages:  created: 426280   present: 1110   in FES: 126
** Event #538624   t=62.734890512626   Elapsed: 26.1028s (0m 26s)  12% completed  (6% total)
     Speed:     ev/sec=18892.5   simsec/sec=2.07668   ev/simsec=9097.43
     Messages:  created: 457249   present: 1021   in FES: 95
** Event #574976   t=66.607039703032   Elapsed: 28.1032s (0m 28s)  13% completed  (6% total)
     Speed:     ev/sec=18172.5   simsec/sec=1.9357   ev/simsec=9388.07
     Messages:  created: 487150   present: 1107   in FES: 124
** Event #609792   t=70.53250615033   Elapsed: 30.1092s (0m 30s)  14% completed  (7% total)
     Speed:     ev/sec=17355.9   simsec/sec=1.95686   ev/simsec=8869.26
     Messages:  created: 514869   present: 1085   in FES: 114
** Event #641280   t=73.573894635463   Elapsed: 32.1187s (0m 32s)  14% completed  (7% total)
     Speed:     ev/sec=15670.2   simsec/sec=1.51357   ev/simsec=10353.2
     Messages:  created: 539867   present: 1058   in FES: 107
** Event #677120   t=77.532510487112   Elapsed: 34.136s (0m 34s)  15% completed  (7% total)
     Speed:     ev/sec=17765.9   simsec/sec=1.96229   ev/simsec=9053.67
     Messages:  created: 568182   present: 1028   in FES: 97
** Event #708608   t=80.563061099038   Elapsed: 36.1514s (0m 36s)  16% completed  (8% total)
     Speed:     ev/sec=15623.5   simsec/sec=1.50368   ev/simsec=10390.2
     Messages:  created: 593292   present: 1085   in FES: 114
** Event #743680   t=84.531863227142   Elapsed: 38.1551s (0m 38s)  16% completed  (8% total)
     Speed:     ev/sec=17504   simsec/sec=1.98078   ev/simsec=8836.92
     Messages:  created: 621462   present: 1113   in FES: 126
** Event #777216   t=88.042745291633   Elapsed: 40.1559s (0m 40s)  17% completed  (8% total)
     Speed:     ev/sec=16761   simsec/sec=1.75471   ev/simsec=9552.02
     Messages:  created: 648473   present: 1042   in FES: 101
** Event #811008   t=91.561506712954   Elapsed: 42.1732s (0m 42s)  18% completed  (9% total)
     Speed:     ev/sec=16751.3   simsec/sec=1.74431   ev/simsec=9603.38
     Messages:  created: 675808   present: 1107   in FES: 126
** Event #847616   t=95.531004234648   Elapsed: 44.1948s (0m 44s)  19% completed  (9% total)
     Speed:     ev/sec=18108.6   simsec/sec=1.96356   ev/simsec=9222.33
     Messages:  created: 704832   present: 1101   in FES: 120
** Event #880384   t=99.019064911429   Elapsed: 46.1993s (0m 46s)  19% completed  (9% total)
     Speed:     ev/sec=16347.2   simsec/sec=1.74011   ev/simsec=9394.33
     Messages:  created: 730977   present: 1084   in FES: 117
** Event #919808   t=102.028862853329   Elapsed: 48.2023s (0m 48s)  20% completed  (10% total)
     Speed:     ev/sec=19682.4   simsec/sec=1.50264   ev/simsec=13098.6
     Messages:  created: 767801   present: 1113   in FES: 126
** Event #957184   t=104.547609263334   Elapsed: 50.2172s (0m 50s)  20% completed  (10% total)
     Speed:     ev/sec=18549.8   simsec/sec=1.25006   ev/simsec=14839.1
     Messages:  created: 803938   present: 1116   in FES: 125
** Event #991488   t=106.82664978524   Elapsed: 52.2215s (0m 52s)  21% completed  (10% total)
     Speed:     ev/sec=17115   simsec/sec=1.13707   ev/simsec=15051.9
     Messages:  created: 837002   present: 1104   in FES: 127
** Event #1031936   t=109.546340881972   Elapsed: 54.2459s (0m 54s)  21% completed  (10% total)
     Speed:     ev/sec=19980.8   simsec/sec=1.34349   ev/simsec=14872.3
     Messages:  created: 876655   present: 1103   in FES: 122
** Event #1067520   t=111.607877602658   Elapsed: 56.2641s (0m 56s)  22% completed  (11% total)
     Speed:     ev/sec=17631.2   simsec/sec=1.02145   ev/simsec=17260.9
     Messages:  created: 911932   present: 1115   in FES: 126
** Event #1109760   t=114.527478414461   Elapsed: 58.2715s (0m 58s)  22% completed  (11% total)
     Speed:     ev/sec=21041.9   simsec/sec=1.4544   ev/simsec=14467.7
     Messages:  created: 954318   present: 1058   in FES: 109
** Event #1145600   t=116.755722527344   Elapsed: 60.2759s (1m 00s)  23% completed  (11% total)
     Speed:     ev/sec=17881.3   simsec/sec=1.11172   ev/simsec=16084.4
     Messages:  created: 989659   present: 1029   in FES: 98
** Event #1187328   t=119.533485564716   Elapsed: 62.2871s (1m 02s)  23% completed  (11% total)
     Speed:     ev/sec=20747.3   simsec/sec=1.38112   ev/simsec=15022.2
     Messages:  created: 1031331   present: 1095   in FES: 118
** Event #1222144   t=121.564016730878   Elapsed: 64.2876s (1m 04s)  24% completed  (12% total)
     Speed:     ev/sec=17403.8   simsec/sec=1.01502   ev/simsec=17146.3
     Messages:  created: 1065789   present: 1055   in FES: 106
** Event #1267200   t=124.400609230032   Elapsed: 66.2917s (1m 06s)  24% completed  (12% total)
     Speed:     ev/sec=22481.7   simsec/sec=1.41538   ev/simsec=15883.8
     Messages:  created: 1111838   present: 1113   in FES: 146
** Event #1304320   t=126.582250770409   Elapsed: 68.3111s (1m 08s)  25% completed  (12% total)
     Speed:     ev/sec=18382   simsec/sec=1.08036   ev/simsec=17014.7
     Messages:  created: 1149273   present: 1112   in FES: 126
** Event #1347840   t=129.326278258248   Elapsed: 70.3146s (1m 10s)  25% completed  (12% total)
     Speed:     ev/sec=21721.9   simsec/sec=1.36961   ev/simsec=15859.9
     Messages:  created: 1194240   present: 1112   in FES: 129
** Event #1387520   t=131.598618797601   Elapsed: 72.3306s (1m 12s)  26% completed  (13% total)
     Speed:     ev/sec=19682.7   simsec/sec=1.12716   ev/simsec=17462.2
     Messages:  created: 1235797   present: 1077   in FES: 114
** Event #1433344   t=134.542239862845   Elapsed: 74.3347s (1m 14s)  26% completed  (13% total)
     Speed:     ev/sec=22865.1   simsec/sec=1.4688   ev/simsec=15567.2
     Messages:  created: 1284266   present: 1097   in FES: 126
** Event #1483264   t=137.524620105628   Elapsed: 76.3372s (1m 16s)  27% completed  (13% total)
     Speed:     ev/sec=24928.5   simsec/sec=1.48931   ev/simsec=16738.3
     Messages:  created: 1337163   present: 1100   in FES: 119
** Event #1523456   t=140.028591330791   Elapsed: 78.3475s (1m 18s)  28% completed  (14% total)
     Speed:     ev/sec=19992.5   simsec/sec=1.24554   ev/simsec=16051.3
     Messages:  created: 1378989   present: 1079   in FES: 112
** Event #1566464   t=142.588554639407   Elapsed: 80.3594s (1m 20s)  28% completed  (14% total)
     Speed:     ev/sec=21377.7   simsec/sec=1.27246   ev/simsec=16800.2
     Messages:  created: 1422301   present: 1045   in FES: 104
** Event #1608704   t=145.5334616339   Elapsed: 82.3663s (1m 22s)  29% completed  (14% total)
     Speed:     ev/sec=21046.7   simsec/sec=1.46734   ev/simsec=14343.4
     Messages:  created: 1465039   present: 1101   in FES: 120
** Event #1652224   t=148.326245344681   Elapsed: 84.367s (1m 24s)  29% completed  (14% total)
     Speed:     ev/sec=21752.7   simsec/sec=1.39592   ev/simsec=15583
     Messages:  created: 1508237   present: 1098   in FES: 147
** Event #1688576   t=150.599067423975   Elapsed: 86.371s (1m 26s)  30% completed  (15% total)
     Speed:     ev/sec=18139.3   simsec/sec=1.13412   ev/simsec=15994.2
     Messages:  created: 1543853   present: 1098   in FES: 121
** Event #1734144   t=153.546509621622   Elapsed: 88.3859s (1m 28s)  30% completed  (15% total)
     Speed:     ev/sec=22616.3   simsec/sec=1.46288   ev/simsec=15460.2
     Messages:  created: 1589917   present: 1049   in FES: 104
** Event #1774336   t=156.059433398048   Elapsed: 90.3874s (1m 30s)  31% completed  (15% total)
     Speed:     ev/sec=20080.8   simsec/sec=1.25551   ev/simsec=15994.1
     Messages:  created: 1629204   present: 1109   in FES: 126
** Event #1820160   t=159.056969184609   Elapsed: 92.3894s (1m 32s)  31% completed  (15% total)
     Speed:     ev/sec=22888.5   simsec/sec=1.49723   ev/simsec=15287.2
     Messages:  created: 1674744   present: 1079   in FES: 112
** Event #1862144   t=161.826244029052   Elapsed: 94.3919s (1m 34s)  32% completed  (16% total)
     Speed:     ev/sec=20965.8   simsec/sec=1.38291   ev/simsec=15160.6
     Messages:  created: 1716577   present: 1027   in FES: 117
** Event #1907712   t=164.826235218421   Elapsed: 96.3949s (1m 36s)  32% completed  (16% total)
     Speed:     ev/sec=22750.1   simsec/sec=1.49777   ev/simsec=15189.4
     Messages:  created: 1762239   present: 1031   in FES: 118
** Event #1961728   t=168.432848331677   Elapsed: 98.3964s (1m 38s)  33% completed  (16% total)
     Speed:     ev/sec=26987.5   simsec/sec=1.80194   ev/simsec=14976.9
     Messages:  created: 1816442   present: 1088   in FES: 127
** Event #2011392   t=171.577554783375   Elapsed: 100.399s (1m 40s)  34% completed  (17% total)
     Speed:     ev/sec=24794.2   simsec/sec=1.56996   ev/simsec=15792.9
     Messages:  created: 1865870   present: 1036   in FES: 97
** Event #2067200   t=175.528171716365   Elapsed: 102.4s (1m 42s)  35% completed  (17% total)
     Speed:     ev/sec=27903.5   simsec/sec=1.97527   ev/simsec=14126.4
     Messages:  created: 1922592   present: 1112   in FES: 125
** Event #2115840   t=179.02859055078   Elapsed: 104.402s (1m 44s)  35% completed  (17% total)
     Speed:     ev/sec=24294.6   simsec/sec=1.74838   ev/simsec=13895.5
     Messages:  created: 1971287   present: 1109   in FES: 122
** Event #2169856   t=183.024510956893   Elapsed: 106.404s (1m 46s)  36% completed  (18% total)
     Speed:     ev/sec=26982.3   simsec/sec=1.99606   ev/simsec=13517.8
     Messages:  created: 2025689   present: 1059   in FES: 106
** Event #2230016   t=187.062268533705   Elapsed: 108.404s (1m 48s)  37% completed  (18% total)
     Speed:     ev/sec=30068.7   simsec/sec=2.01812   ev/simsec=14899.4
     Messages:  created: 2087514   present: 1111   in FES: 122
** Event #2281472   t=190.628824489921   Elapsed: 110.408s (1m 50s)  38% completed  (19% total)
     Speed:     ev/sec=25678.4   simsec/sec=1.77984   ev/simsec=14427.4
     Messages:  created: 2139583   present: 1107   in FES: 128
** Event #2338816   t=194.594070405665   Elapsed: 112.41s (1m 52s)  38% completed  (19% total)
     Speed:     ev/sec=28652   simsec/sec=1.98124   ev/simsec=14461.7
     Messages:  created: 2197844   present: 1059   in FES: 108
** Event #2395392   t=198.565305756496   Elapsed: 114.411s (1m 54s)  39% completed  (19% total)
     Speed:     ev/sec=28263.7   simsec/sec=1.98391   ev/simsec=14246.4
     Messages:  created: 2255281   present: 1079   in FES: 112
** Event #2452480   t=202.529763856747   Elapsed: 116.419s (1m 56s)  40% completed  (20% total)
     Speed:     ev/sec=28439.1   simsec/sec=1.97495   ev/simsec=14400
     Messages:  created: 2313340   present: 1044   in FES: 99
** Event #2502400   t=205.628868858584   Elapsed: 118.432s (1m 58s)  41% completed  (20% total)
     Speed:     ev/sec=24793.1   simsec/sec=1.53919   ev/simsec=16107.9
     Messages:  created: 2362150   present: 1109   in FES: 128
** Event #2550528   t=208.755687670309   Elapsed: 120.441s (2m 00s)  41% completed  (20% total)
     Speed:     ev/sec=23963.2   simsec/sec=1.55686   ev/simsec=15392
     Messages:  created: 2409467   present: 1098   in FES: 143
** Event #2602240   t=212.090892491979   Elapsed: 122.444s (2m 02s)  42% completed  (21% total)
     Speed:     ev/sec=25813.9   simsec/sec=1.66489   ev/simsec=15504.9
     Messages:  created: 2459513   present: 1103   in FES: 122
** Event #2654464   t=215.52783595516   Elapsed: 124.454s (2m 04s)  43% completed  (21% total)
     Speed:     ev/sec=25975   simsec/sec=1.70945   ev/simsec=15194.9
     Messages:  created: 2511269   present: 1099   in FES: 120
** Event #2704128   t=218.530569962921   Elapsed: 126.463s (2m 06s)  43% completed  (21% total)
     Speed:     ev/sec=24730.7   simsec/sec=1.49524   ev/simsec=16539.6
     Messages:  created: 2560512   present: 1069   in FES: 110
** Event #2751744   t=221.5056774277   Elapsed: 128.464s (2m 08s)  44% completed  (22% total)
     Speed:     ev/sec=23787.8   simsec/sec=1.48629   ev/simsec=16004.8
     Messages:  created: 2607276   present: 1028   in FES: 122
** Event #2793984   t=224.048781030382   Elapsed: 130.47s (2m 10s)  44% completed  (22% total)
     Speed:     ev/sec=21059.1   simsec/sec=1.26788   ev/simsec=16609.6
     Messages:  created: 2647836   present: 1113   in FES: 124
** Event #2839040   t=226.755686920326   Elapsed: 132.472s (2m 12s)  45% completed  (22% total)
     Speed:     ev/sec=22502.7   simsec/sec=1.35193   ev/simsec=16644.8
     Messages:  created: 2691534   present: 1091   in FES: 152
** Event #2888448   t=229.600566022569   Elapsed: 134.485s (2m 14s)  45% completed  (22% total)
     Speed:     ev/sec=24542.8   simsec/sec=1.41316   ev/simsec=17367.3
     Messages:  created: 2740065   present: 1087   in FES: 126
** Event #2940160   t=232.8788694542   Elapsed: 136.491s (2m 16s)  46% completed  (23% total)
     Speed:     ev/sec=25781.8   simsec/sec=1.63445   ev/simsec=15774
     Messages:  created: 2791683   present: 1055   in FES: 106
** Event #2988032   t=235.651455509054   Elapsed: 138.493s (2m 18s)  47% completed  (23% total)
     Speed:     ev/sec=23919.2   simsec/sec=1.38532   ev/simsec=17266.2
     Messages:  created: 2838868   present: 1036   in FES: 121
** Event #3036416   t=238.580831026622   Elapsed: 140.5s (2m 20s)  47% completed  (23% total)
     Speed:     ev/sec=24098   simsec/sec=1.459   ev/simsec=16516.8
     Messages:  created: 2887247   present: 1056   in FES: 103
** Event #3086336   t=241.564616415175   Elapsed: 142.501s (2m 22s)  48% completed  (24% total)
     Speed:     ev/sec=24957.5   simsec/sec=1.49175   ev/simsec=16730.4
     Messages:  created: 2938359   present: 1084   in FES: 115
** Event #3136768   t=244.542344301339   Elapsed: 144.516s (2m 24s)  48% completed  (24% total)
     Speed:     ev/sec=25019.6   simsec/sec=1.47727   ev/simsec=16936.4
     Messages:  created: 2990108   present: 1128   in FES: 125
** Event #3188736   t=247.568432622776   Elapsed: 146.531s (2m 26s)  49% completed  (24% total)
     Speed:     ev/sec=25787.9   simsec/sec=1.50163   ev/simsec=17173.3
     Messages:  created: 3043318   present: 1091   in FES: 126
** Event #3240192   t=250.568547376981   Elapsed: 148.54s (2m 28s)  50% completed  (25% total)
     Speed:     ev/sec=25622.4   simsec/sec=1.4939   ev/simsec=17151.3
     Messages:  created: 3096405   present: 1061   in FES: 108
** Event #3297280   t=254.042510997071   Elapsed: 150.541s (2m 30s)  50% completed  (25% total)
     Speed:     ev/sec=28531.7   simsec/sec=1.73623   ev/simsec=16433.1
     Messages:  created: 3155878   present: 1056   in FES: 107
** Event #3352832   t=257.182849016776   Elapsed: 152.545s (2m 32s)  51% completed  (25% total)
     Speed:     ev/sec=27720.7   simsec/sec=1.56704   ev/simsec=17689.8
     Messages:  created: 3212762   present: 1073   in FES: 127
** Event #3407360   t=260.57436832158   Elapsed: 154.557s (2m 34s)  52% completed  (26% total)
     Speed:     ev/sec=27096   simsec/sec=1.68531   ev/simsec=16077.8
     Messages:  created: 3269095   present: 1103   in FES: 122
** Event #3464704   t=264.042691151846   Elapsed: 156.56s (2m 36s)  52% completed  (26% total)
     Speed:     ev/sec=28623.4   simsec/sec=1.73122   ev/simsec=16533.6
     Messages:  created: 3329962   present: 1112   in FES: 126
** Event #3524608   t=267.562588871967   Elapsed: 158.562s (2m 38s)  53% completed  (26% total)
     Speed:     ev/sec=29919.7   simsec/sec=1.75805   ev/simsec=17018.7
     Messages:  created: 3393192   present: 1081   in FES: 114
** Event #3586560   t=271.401074239391   Elapsed: 160.564s (2m 40s)  54% completed  (27% total)
     Speed:     ev/sec=30958.9   simsec/sec=1.91818   ev/simsec=16139.7
     Messages:  created: 3459071   present: 1097   in FES: 127
** Event #3641600   t=274.595053870546   Elapsed: 162.57s (2m 42s)  54% completed  (27% total)
     Speed:     ev/sec=27427.3   simsec/sec=1.59161   ev/simsec=17232.4
     Messages:  created: 3516573   present: 1104   in FES: 123
** Event #3704064   t=278.569084662719   Elapsed: 164.572s (2m 44s)  55% completed  (27% total)
     Speed:     ev/sec=31203.7   simsec/sec=1.98522   ev/simsec=15718
     Messages:  created: 3582228   present: 1082   in FES: 113
** Event #3768320   t=282.932892659972   Elapsed: 166.575s (2m 46s)  56% completed  (28% total)
     Speed:     ev/sec=32083.4   simsec/sec=2.17887   ev/simsec=14724.8
     Messages:  created: 3650530   present: 1115   in FES: 132
** Event #3825408   t=286.56308069203   Elapsed: 168.584s (2m 48s)  57% completed  (28% total)
     Speed:     ev/sec=28421.8   simsec/sec=1.80732   ev/simsec=15725.9
     Messages:  created: 3708508   present: 1105   in FES: 122
** Event #3880192   t=290.019009491289   Elapsed: 170.585s (2m 50s)  58% completed  (29% total)
     Speed:     ev/sec=27377.2   simsec/sec=1.72703   ev/simsec=15852.2
     Messages:  created: 3765222   present: 1022   in FES: 96
** Event #3938048   t=293.326863222282   Elapsed: 172.586s (2m 52s)  58% completed  (29% total)
     Speed:     ev/sec=28909.7   simsec/sec=1.65288   ev/simsec=17490.5
     Messages:  created: 3824380   present: 1101   in FES: 154
** Event #3991808   t=296.556634128274   Elapsed: 174.59s (2m 54s)  59% completed  (29% total)
     Speed:     ev/sec=26827.7   simsec/sec=1.61174   ev/simsec=16645.1
     Messages:  created: 3879529   present: 1066   in FES: 109
** Event #4045056   t=299.621506820681   Elapsed: 176.601s (2m 56s)  59% completed  (29% total)
     Speed:     ev/sec=26478.2   simsec/sec=1.52404   ev/simsec=17373.6
     Messages:  created: 3933812   present: 1021   in FES: 95
** Event #4109568   t=303.505455316875   Elapsed: 178.604s (2m 58s)  60% completed  (30% total)
     Speed:     ev/sec=32208   simsec/sec=1.93909   ev/simsec=16609.9
     Messages:  created: 4003342   present: 1097   in FES: 126
** Event #4164608   t=306.557975752814   Elapsed: 180.614s (3m 00s)  61% completed  (30% total)
     Speed:     ev/sec=27380.4   simsec/sec=1.51852   ev/simsec=18031
     Messages:  created: 4063556   present: 1114   in FES: 125
** Event #4226048   t=310.128823677163   Elapsed: 182.617s (3m 02s)  62% completed  (31% total)
     Speed:     ev/sec=30679.8   simsec/sec=1.78309   ev/simsec=17206
     Messages:  created: 4129345   present: 1108   in FES: 127
** Event #4285184   t=314.019064169394   Elapsed: 184.62s (3m 04s)  62% completed  (31% total)
     Speed:     ev/sec=29518.8   simsec/sec=1.94188   ev/simsec=15201.1
     Messages:  created: 4194947   present: 1096   in FES: 121
** Event #4346112   t=318.076278336624   Elapsed: 186.623s (3m 06s)  63% completed  (31% total)
     Speed:     ev/sec=30417.3   simsec/sec=2.0255   ev/simsec=15017.2
     Messages:  created: 4259076   present: 1118   in FES: 128
** Event #4403200   t=322.048783318166   Elapsed: 188.625s (3m 08s)  64% completed  (32% total)
     Speed:     ev/sec=28522.7   simsec/sec=1.98477   ev/simsec=14370.8
     Messages:  created: 4318906   present: 1047   in FES: 102
** Event #4457216   t=325.598956847249   Elapsed: 190.626s (3m 10s)  65% completed  (32% total)
     Speed:     ev/sec=26984.8   simsec/sec=1.77356   ev/simsec=15215
     Messages:  created: 4375018   present: 1117   in FES: 127
** Event #4519936   t=330.039293594122   Elapsed: 192.628s (3m 12s)  66% completed  (33% total)
     Speed:     ev/sec=31339.6   simsec/sec=2.21872   ev/simsec=14125.1
     Messages:  created: 4440755   present: 1080   in FES: 115
** Event #4585984   t=333.534690930734   Elapsed: 194.63s (3m 14s)  66% completed  (33% total)
     Speed:     ev/sec=32990   simsec/sec=1.7459   ev/simsec=18895.7
     Messages:  created: 4514499   present: 1091   in FES: 114
** Event #4644864   t=337.255676252279   Elapsed: 196.634s (3m 16s)  67% completed  (33% total)
     Speed:     ev/sec=29379.2   simsec/sec=1.85665   ev/simsec=15823.8
     Messages:  created: 4576918   present: 1088   in FES: 127
** Event #4702976   t=341.128825619571   Elapsed: 198.638s (3m 18s)  68% completed  (34% total)
     Speed:     ev/sec=29000.3   simsec/sec=1.93287   ev/simsec=15003.8
     Messages:  created: 4637535   present: 1043   in FES: 116
** Event #4761344   t=345.097956716651   Elapsed: 200.642s (3m 20s)  69% completed  (34% total)
     Speed:     ev/sec=29119.9   simsec/sec=1.98021   ev/simsec=14705.5
     Messages:  created: 4698180   present: 1067   in FES: 108
** Event #4819200   t=349.063555901649   Elapsed: 202.645s (3m 22s)  69% completed  (34% total)
     Speed:     ev/sec=28878.6   simsec/sec=1.97942   ev/simsec=14589.5
     Messages:  created: 4758123   present: 1108   in FES: 126
** Event #4875008   t=352.559594444681   Elapsed: 204.65s (3m 24s)  70% completed  (35% total)
     Speed:     ev/sec=27842.1   simsec/sec=1.74414   ev/simsec=15963.2
     Messages:  created: 4815969   present: 1064   in FES: 107
** Event #4934400   t=356.528471954715   Elapsed: 206.669s (3m 26s)  71% completed  (35% total)
     Speed:     ev/sec=29411.6   simsec/sec=1.96543   ev/simsec=14964.4
     Messages:  created: 4877239   present: 1086   in FES: 126
** Event #4988416   t=359.55072908944   Elapsed: 208.678s (3m 28s)  71% completed  (35% total)
     Speed:     ev/sec=26884.7   simsec/sec=1.50423   ev/simsec=17872.7
     Messages:  created: 4933437   present: 1107   in FES: 126
** Event #5042944   t=363.032389561045   Elapsed: 210.68s (3m 30s)  72% completed  (36% total)
     Speed:     ev/sec=27236.7   simsec/sec=1.73909   ev/simsec=15661.5
     Messages:  created: 4989285   present: 1091   in FES: 116
** Event #5088768   t=366.019064881813   Elapsed: 212.689s (3m 32s)  73% completed  (36% total)
     Speed:     ev/sec=22818.3   simsec/sec=1.48723   ev/simsec=15342.8
     Messages:  created: 5036290   present: 1066   in FES: 111
** Event #5146112   t=369.5452008121   Elapsed: 214.702s (3m 34s)  73% completed  (36% total)
     Speed:     ev/sec=28487.3   simsec/sec=1.75171   ev/simsec=16262.6
     Messages:  created: 5095205   present: 1027   in FES: 96
** Event #5207040   t=373.378825585401   Elapsed: 216.702s (3m 36s)  74% completed  (37% total)
     Speed:     ev/sec=30452.5   simsec/sec=1.91609   ev/simsec=15893.1
     Messages:  created: 5159565   present: 1056   in FES: 121
** Event #5260288   t=376.57624691496   Elapsed: 218.716s (3m 38s)  75% completed  (37% total)
     Speed:     ev/sec=26443.2   simsec/sec=1.58785   ev/simsec=16653.4
     Messages:  created: 5216482   present: 1124   in FES: 147
** Event #5324544   t=380.598991450853   Elapsed: 220.725s (3m 40s)  76% completed  (38% total)
     Speed:     ev/sec=31978.5   simsec/sec=2.00201   ev/simsec=15973.2
     Messages:  created: 5285637   present: 1110   in FES: 125
** Event #5392896   t=385.129767976795   Elapsed: 222.729s (3m 42s)  77% completed  (38% total)
     Speed:     ev/sec=34109.4   simsec/sec=2.26097   ev/simsec=15086.2
     Messages:  created: 5359671   present: 1056   in FES: 105
** Event #5457152   t=389.570519644068   Elapsed: 224.747s (3m 44s)  77% completed  (38% total)
     Speed:     ev/sec=31849.1   simsec/sec=2.2011   ev/simsec=14469.6
     Messages:  created: 5430325   present: 1088   in FES: 115
** Event #5524480   t=393.902091619284   Elapsed: 226.751s (3m 46s)  78% completed  (39% total)
     Speed:     ev/sec=33587.1   simsec/sec=2.16084   ev/simsec=15543.5
     Messages:  created: 5506994   present: 1101   in FES: 131
** Event #5594624   t=398.528093122768   Elapsed: 228.756s (3m 48s)  79% completed  (39% total)
     Speed:     ev/sec=34981.9   simsec/sec=2.30706   ev/simsec=15163
     Messages:  created: 5584040   present: 1078   in FES: 115
** Event #5666048   t=402.432859263795   Elapsed: 230.76s (3m 50s)  80% completed  (40% total)
     Speed:     ev/sec=35641   simsec/sec=1.9485   ev/simsec=18291.5
     Messages:  created: 5665749   present: 1098   in FES: 145
** Event #5730304   t=406.570368826122   Elapsed: 232.772s (3m 52s)  81% completed  (40% total)
     Speed:     ev/sec=31940.7   simsec/sec=2.05669   ev/simsec=15530.1
     Messages:  created: 5735391   present: 1089   in FES: 116
** Event #5791488   t=411.056969358703   Elapsed: 234.775s (3m 54s)  82% completed  (41% total)
     Speed:     ev/sec=30545.8   simsec/sec=2.23991   ev/simsec=13637.1
     Messages:  created: 5800496   present: 1082   in FES: 113
** Event #5853440   t=415.505720279788   Elapsed: 236.778s (3m 56s)  83% completed  (41% total)
     Speed:     ev/sec=30929.2   simsec/sec=2.22102   ev/simsec=13925.7
     Messages:  created: 5867364   present: 1100   in FES: 131
** Event #5916416   t=419.649365803986   Elapsed: 238.782s (3m 58s)  83% completed  (41% total)
     Speed:     ev/sec=31427.1   simsec/sec=2.06782   ev/simsec=15198.2
     Messages:  created: 5934188   present: 1059   in FES: 118
** Event #5981952   t=424.522518091317   Elapsed: 240.794s (4m 00s)  84% completed  (42% total)
     Speed:     ev/sec=32567.2   simsec/sec=2.42165   ev/simsec=13448.4
     Messages:  created: 6003485   present: 1106   in FES: 126
** Event #6033408   t=428.059487116724   Elapsed: 242.797s (4m 02s)  85% completed  (42% total)
     Speed:     ev/sec=25690.8   simsec/sec=1.76593   ev/simsec=14548
     Messages:  created: 6055914   present: 1109   in FES: 122
** Event #6092288   t=432.527078104487   Elapsed: 244.809s (4m 04s)  86% completed  (43% total)
     Speed:     ev/sec=29268.2   simsec/sec=2.22076   ev/simsec=13179.4
     Messages:  created: 6115106   present: 1107   in FES: 126
** Event #6140928   t=436.062269521002   Elapsed: 246.816s (4m 06s)  87% completed  (43% total)
     Speed:     ev/sec=24236.7   simsec/sec=1.76154   ev/simsec=13758.8
     Messages:  created: 6163699   present: 1079   in FES: 112
** Event #6189824   t=439.609007919336   Elapsed: 248.833s (4m 08s)  87% completed  (43% total)
     Speed:     ev/sec=24244.6   simsec/sec=1.75861   ev/simsec=13786.2
     Messages:  created: 6212545   present: 1097   in FES: 120
** Event #6245120   t=443.604999664168   Elapsed: 250.84s (4m 10s)  88% completed  (44% total)
     Speed:     ev/sec=27547.3   simsec/sec=1.99072   ev/simsec=13837.9
     Messages:  created: 6268696   present: 1106   in FES: 123
** Event #6301440   t=447.628826015233   Elapsed: 252.85s (4m 12s)  89% completed  (44% total)
     Speed:     ev/sec=28018.8   simsec/sec=2.00183   ev/simsec=13996.6
     Messages:  created: 6326444   present: 1059   in FES: 116
** Event #6360832   t=452.024510050664   Elapsed: 254.86s (4m 14s)  90% completed  (45% total)
     Speed:     ev/sec=29550.5   simsec/sec=2.18707   ev/simsec=13511.4
     Messages:  created: 6388180   present: 1098   in FES: 119
** Event #6418688   t=456.053948749858   Elapsed: 256.865s (4m 16s)  91% completed  (45% total)
     Speed:     ev/sec=28861.3   simsec/sec=2.01007   ev/simsec=14358.3
     Messages:  created: 6447542   present: 1085   in FES: 116
** Event #6477568   t=460.076243506475   Elapsed: 258.871s (4m 18s)  92% completed  (46% total)
     Speed:     ev/sec=29352.8   simsec/sec=2.00519   ev/simsec=14638.4
     Messages:  created: 6507652   present: 1089   in FES: 152
** Event #6529536   t=463.594696102012   Elapsed: 260.883s (4m 20s)  92% completed  (46% total)
     Speed:     ev/sec=25821.3   simsec/sec=1.74821   ev/simsec=14770.1
     Messages:  created: 6560156   present: 1080   in FES: 115
** Event #6586624   t=467.573193953533   Elapsed: 262.886s (4m 22s)  93% completed  (46% total)
     Speed:     ev/sec=28508.1   simsec/sec=1.98675   ev/simsec=14349.1
     Messages:  created: 6618017   present: 1030   in FES: 97
** Event #6639872   t=471.073715485516   Elapsed: 264.887s (4m 24s)  94% completed  (47% total)
     Speed:     ev/sec=26609.6   simsec/sec=1.74932   ev/simsec=15211.4
     Messages:  created: 6671070   present: 1024   in FES: 97
** Event #6693888   t=474.56937715664   Elapsed: 266.901s (4m 26s)  94% completed  (47% total)
     Speed:     ev/sec=26818.5   simsec/sec=1.73557   ev/simsec=15452.3
     Messages:  created: 6726162   present: 1081   in FES: 114
** Event #6747904   t=478.093929773047   Elapsed: 268.906s (4m 28s)  95% completed  (47% total)
     Speed:     ev/sec=26943.5   simsec/sec=1.75807   ev/simsec=15325.6
     Messages:  created: 6780303   present: 1087   in FES: 116
** Event #6796288   t=481.529507765277   Elapsed: 270.908s (4m 30s)  96% completed  (48% total)
     Speed:     ev/sec=24165.2   simsec/sec=1.71589   ev/simsec=14083.2
     Messages:  created: 6829500   present: 1109   in FES: 122
** Event #6846208   t=484.879341662022   Elapsed: 272.908s (4m 32s)  96% completed  (48% total)
     Speed:     ev/sec=24958.8   simsec/sec=1.67483   ev/simsec=14902.2
     Messages:  created: 6879623   present: 1080   in FES: 127
** Event #6902016   t=488.583269871273   Elapsed: 274.92s (4m 34s)  97% completed  (48% total)
     Speed:     ev/sec=27737.4   simsec/sec=1.84091   ev/simsec=15067.2
     Messages:  created: 6936004   present: 1087   in FES: 114
** Event #6954752   t=492.128871463051   Elapsed: 276.923s (4m 36s)  98% completed  (49% total)
     Speed:     ev/sec=26332.2   simsec/sec=1.7704   ev/simsec=14873.6
     Messages:  created: 6988625   present: 1031   in FES: 98
** Event #7001600   t=495.566602737254   Elapsed: 278.947s (4m 38s)  99% completed  (49% total)
     Speed:     ev/sec=23138   simsec/sec=1.69788   ev/simsec=13627.6
     Messages:  created: 7034765   present: 1091   in FES: 116
** Event #7057408   t=499.379739201952   Elapsed: 280.951s (4m 40s)  99% completed  (49% total)
     Speed:     ev/sec=27847.2   simsec/sec=1.90269   ev/simsec=14635.7
     Messages:  created: 7091656   present: 1055   in FES: 128
** Event #7070815   t=500   Elapsed: 281.47s (4m 41s)  100% completed  (50% total)
     Speed:     ev/sec=25842.6   simsec/sec=1.19052   ev/simsec=21707
     Messages:  created: 7107261   present: 1021   in FES: 95

<!> Simulation time limit reached -- at t=500s, event #7070815
undisposed object: (omnetpp::cMessage) FanetStressNetwork.uav[0].app.debugTimer -- check module destructor
undisposed object: (omnetpp::cMessage) FanetStressNetwork.uav[1].app.debugTimer -- check module destructor
undisposed object: (omnetpp::cMessage) FanetStressNetwork.uav[2].app.debugTimer -- check module destructor
undisposed object: (omnetpp::cMessage) FanetStressNetwork.uav[3].app.debugTimer -- check module destructor
undisposed object: (omnetpp::cMessage) FanetStressNetwork.uav[4].app.debugTimer -- check module destructor
undisposed object: (omnetpp::cMessage) FanetStressNetwork.uav[5].app.debugTimer -- check module destructor
undisposed object: (omnetpp::cMessage) FanetStressNetwork.uav[6].app.debugTimer -- check module destructor
undisposed object: (omnetpp::cMessage) FanetStressNetwork.uav[7].app.debugTimer -- check module destructor
undisposed object: (omnetpp::cMessage) FanetStressNetwork.uav[8].app.debugTimer -- check module destructor
undisposed object: (omnetpp::cMessage) FanetStressNetwork.uav[9].app.debugTimer -- check module destructor
undisposed object: (omnetpp::cMessage) FanetStressNetwork.uav[10].app.debugTimer -- check module destructor
undisposed object: (omnetpp::cMessage) FanetStressNetwork.uav[11].app.debugTimer -- check module destructor
undisposed object: (omnetpp::cMessage) FanetStressNetwork.uav[12].app.debugTimer -- check module destructor
undisposed object: (omnetpp::cMessage) FanetStressNetwork.uav[13].app.debugTimer -- check module destructor
undisposed object: (omnetpp::cMessage) FanetStressNetwork.uav[14].app.debugTimer -- check module destructor
undisposed object: (omnetpp::cMessage) FanetStressNetwork.uav[15].app.debugTimer -- check module destructor
undisposed object: (omnetpp::cMessage) FanetStressNetwork.uav[16].app.debugTimer -- check module destructor
undisposed object: (omnetpp::cMessage) FanetStressNetwork.uav[17].app.debugTimer -- check module destructor
undisposed object: (omnetpp::cMessage) FanetStressNetwork.uav[18].app.debugTimer -- check module destructor
undisposed object: (omnetpp::cMessage) FanetStressNetwork.uav[19].app.debugTimer -- check module destructor
undisposed object: (omnetpp::cMessage) FanetStressNetwork.uav[20].app.debugTimer -- check module destructor
undisposed object: (omnetpp::cMessage) FanetStressNetwork.uav[21].app.debugTimer -- check module destructor
undisposed object: (omnetpp::cMessage) FanetStressNetwork.uav[22].app.debugTimer -- check module destructor
undisposed object: (omnetpp::cMessage) FanetStressNetwork.uav[23].app.debugTimer -- check module destructor
undisposed object: (omnetpp::cMessage) FanetStressNetwork.uav[24].app.debugTimer -- check module destructor
undisposed object: (omnetpp::cMessage) FanetStressNetwork.uav[25].app.debugTimer -- check module destructor
undisposed object: (omnetpp::cMessage) FanetStressNetwork.uav[26].app.debugTimer -- check module destructor
undisposed object: (omnetpp::cMessage) FanetStressNetwork.uav[27].app.debugTimer -- check module destructor
undisposed object: (omnetpp::cMessage) FanetStressNetwork.uav[28].app.debugTimer -- check module destructor
undisposed object: (omnetpp::cMessage) FanetStressNetwork.uav[29].app.debugTimer -- check module destructor
