** Event #0   t=0   Elapsed: 1.9e-05s (0m 00s)  0% completed  (50% total)
     Speed:     ev/sec=0   simsec/sec=0   ev/simsec=0
     Messages:  created: 1781   present: 1781   in FES: 261
** Event #52736   t=2.051516317389   Elapsed: 2.00279s (0m 02s)  0% completed  (50% total)
     Speed:     ev/sec=26332   simsec/sec=1.02434   ev/simsec=25706.4
     Messages:  created: 47846   present: 1756   in FES: 179
** Event #89088   t=3.561133565042   Elapsed: 4.01609s (0m 04s)  0% completed  (50% total)
     Speed:     ev/sec=18055.9   simsec/sec=0.749822   ev/simsec=24080.3
     Messages:  created: 79205   present: 1818   in FES: 206
** Event #130816   t=5.516060413667   Elapsed: 6.01823s (0m 06s)  1% completed  (50% total)
     Speed:     ev/sec=20841.7   simsec/sec=0.976418   ev/simsec=21345
     Messages:  created: 115652   present: 1799   in FES: 206
** Event #160768   t=6.578826034386   Elapsed: 8.02445s (0m 08s)  1% completed  (50% total)
     Speed:     ev/sec=14929.6   simsec/sec=0.529735   ev/simsec=28183.1
     Messages:  created: 141344   present: 1793   in FES: 190
** Event #200704   t=8.512865735937   Elapsed: 10.0394s (0m 10s)  1% completed  (50% total)
     Speed:     ev/sec=19819.6   simsec/sec=0.959835   ev/simsec=20649
     Messages:  created: 175563   present: 1805   in FES: 206
** Event #231680   t=9.580351844441   Elapsed: 12.0554s (0m 12s)  1% completed  (50% total)
     Speed:     ev/sec=15365.5   simsec/sec=0.52952   ev/simsec=29017.7
     Messages:  created: 202274   present: 1818   in FES: 197
** Event #273152   t=11.521206007767   Elapsed: 14.0581s (0m 14s)  2% completed  (51% total)
     Speed:     ev/sec=20708.2   simsec/sec=0.969126   ev/simsec=21367.9
     Messages:  created: 237804   present: 1840   in FES: 205
** Event #303616   t=12.581453876801   Elapsed: 16.0685s (0m 16s)  2% completed  (51% total)
     Speed:     ev/sec=15152.9   simsec/sec=0.527371   ev/simsec=28732.9
     Messages:  created: 263586   present: 1787   in FES: 190
** Event #344320   t=14.518060310247   Elapsed: 18.0851s (0m 18s)  2% completed  (51% total)
     Speed:     ev/sec=20184.4   simsec/sec=0.96033   ev/simsec=21018.2
     Messages:  created: 298194   present: 1799   in FES: 206
** Event #373248   t=15.554083864806   Elapsed: 20.0878s (0m 20s)  3% completed  (51% total)
     Speed:     ev/sec=14444.2   simsec/sec=0.517303   ev/simsec=27922.1
     Messages:  created: 322598   present: 1694   in FES: 157
** Event #407552   t=17.03451244547   Elapsed: 22.0895s (0m 22s)  3% completed  (51% total)
     Speed:     ev/sec=17138   simsec/sec=0.739609   ev/simsec=23171.7
     Messages:  created: 351600   present: 1692   in FES: 157
** Event #444416   t=18.536783426679   Elapsed: 24.1022s (0m 24s)  3% completed  (51% total)
     Speed:     ev/sec=18315.8   simsec/sec=0.746398   ev/simsec=24538.8
     Messages:  created: 383283   present: 1778   in FES: 183
** Event #474112   t=19.596061308051   Elapsed: 26.1171s (0m 26s)  3% completed  (51% total)
     Speed:     ev/sec=14738.2   simsec/sec=0.525723   ev/simsec=28034.2
     Messages:  created: 408298   present: 1690   in FES: 157
** Event #514560   t=21.523059853343   Elapsed: 28.1331s (0m 28s)  4% completed  (52% total)
     Speed:     ev/sec=20063.6   simsec/sec=0.95586   ev/simsec=20990.2
     Messages:  created: 442527   present: 1700   in FES: 157
** Event #544512   t=22.573077709176   Elapsed: 30.1599s (0m 30s)  4% completed  (52% total)
     Speed:     ev/sec=14777.9   simsec/sec=0.518065   ev/simsec=28525.2
     Messages:  created: 468374   present: 1798   in FES: 191
** Event #585216   t=24.511068937744   Elapsed: 32.1734s (0m 32s)  4% completed  (52% total)
     Speed:     ev/sec=20215.1   simsec/sec=0.962476   ev/simsec=21003.2
     Messages:  created: 502654   present: 1806   in FES: 195
** Event #614912   t=25.541193933592   Elapsed: 34.1843s (0m 34s)  5% completed  (52% total)
     Speed:     ev/sec=14767.9   simsec/sec=0.512285   ev/simsec=28827.6
     Messages:  created: 527885   present: 1828   in FES: 206
** Event #644864   t=26.654937912036   Elapsed: 36.1886s (0m 36s)  5% completed  (52% total)
     Speed:     ev/sec=14943.7   simsec/sec=0.55567   ev/simsec=26893.1
     Messages:  created: 553309   present: 1681   in FES: 155
** Event #684800   t=28.528716558522   Elapsed: 38.2039s (0m 38s)  5% completed  (52% total)
     Speed:     ev/sec=19816.7   simsec/sec=0.929789   ev/simsec=21313.1
     Messages:  created: 587039   present: 1739   in FES: 172
** Event #713728   t=29.55313810764   Elapsed: 40.2372s (0m 40s)  5% completed  (52% total)
     Speed:     ev/sec=14226.7   simsec/sec=0.503806   ev/simsec=28238.4
     Messages:  created: 611528   present: 1811   in FES: 206
** Event #743424   t=31.006001826915   Elapsed: 42.2389s (0m 42s)  6% completed  (53% total)
     Speed:     ev/sec=14835.8   simsec/sec=0.725836   ev/simsec=20439.6
     Messages:  created: 636425   present: 1798   in FES: 193
** Event #783360   t=32.539569193621   Elapsed: 44.239s (0m 44s)  6% completed  (53% total)
     Speed:     ev/sec=19967.1   simsec/sec=0.766748   ev/simsec=26041.2
     Messages:  created: 670788   present: 1814   in FES: 206
** Event #812544   t=33.577146808705   Elapsed: 46.2403s (0m 46s)  6% completed  (53% total)
     Speed:     ev/sec=14582.2   simsec/sec=0.51844   ev/simsec=28127.1
     Messages:  created: 695354   present: 1797   in FES: 190
** Event #852736   t=35.513783937968   Elapsed: 48.2604s (0m 48s)  7% completed  (53% total)
     Speed:     ev/sec=19896.2   simsec/sec=0.958692   ev/simsec=20753.5
     Messages:  created: 729249   present: 1784   in FES: 187
** Event #883712   t=36.576128757145   Elapsed: 50.264s (0m 50s)  7% completed  (53% total)
     Speed:     ev/sec=15459.9   simsec/sec=0.530207   ev/simsec=29158.1
     Messages:  created: 756324   present: 1824   in FES: 201
** Event #924160   t=38.512354433795   Elapsed: 52.2697s (0m 52s)  7% completed  (53% total)
     Speed:     ev/sec=20166.9   simsec/sec=0.965378   ev/simsec=20890.1
     Messages:  created: 790596   present: 1795   in FES: 190
** Event #954624   t=39.581794631435   Elapsed: 54.2816s (0m 54s)  7% completed  (53% total)
     Speed:     ev/sec=15141.5   simsec/sec=0.531542   ev/simsec=28485.9
     Messages:  created: 816904   present: 1838   in FES: 205
** Event #995840   t=41.534640614057   Elapsed: 56.3084s (0m 56s)  8% completed  (54% total)
     Speed:     ev/sec=20335.7   simsec/sec=0.963521   ev/simsec=21105.6
     Messages:  created: 852704   present: 1715   in FES: 166
** Event #1028352   t=43.007244560449   Elapsed: 58.311s (0m 58s)  8% completed  (54% total)
     Speed:     ev/sec=16235.4   simsec/sec=0.73537   ev/simsec=22077.9
     Messages:  created: 880995   present: 1835   in FES: 204
** Event #1068800   t=44.568414861195   Elapsed: 60.3231s (1m 00s)  8% completed  (54% total)
     Speed:     ev/sec=20102.1   simsec/sec=0.775882   ev/simsec=25908.8
     Messages:  created: 916449   present: 1803   in FES: 194
** Event #1111296   t=46.536189119508   Elapsed: 62.3264s (1m 02s)  9% completed  (54% total)
     Speed:     ev/sec=21212.9   simsec/sec=0.982263   ev/simsec=21596
     Messages:  created: 953806   present: 1723   in FES: 166
** Event #1153792   t=48.517030854549   Elapsed: 64.3398s (1m 04s)  9% completed  (54% total)
     Speed:     ev/sec=21106.3   simsec/sec=0.983815   ev/simsec=21453.5
     Messages:  created: 991298   present: 1794   in FES: 191
** Event #1186816   t=49.605581991165   Elapsed: 66.3553s (1m 06s)  9% completed  (54% total)
     Speed:     ev/sec=16385.5   simsec/sec=0.540107   ev/simsec=30337.6
     Messages:  created: 1020069   present: 1793   in FES: 192
** Event #1229056   t=51.566075958197   Elapsed: 68.374s (1m 08s)  10% completed  (55% total)
     Speed:     ev/sec=20923.7   simsec/sec=0.971137   ev/simsec=21545.6
     Messages:  created: 1056639   present: 1730   in FES: 169
** Event #1271552   t=53.535097834048   Elapsed: 70.3965s (1m 10s)  10% completed  (55% total)
     Speed:     ev/sec=21011.9   simsec/sec=0.973573   ev/simsec=21582.3
     Messages:  created: 1094147   present: 1831   in FES: 206
** Event #1308672   t=55.055719562568   Elapsed: 72.397s (1m 12s)  11% completed  (55% total)
     Speed:     ev/sec=18555.6   simsec/sec=0.760131   ev/simsec=24411.1
     Messages:  created: 1126081   present: 1746   in FES: 175
** Event #1344768   t=56.567271601725   Elapsed: 74.4019s (1m 14s)  11% completed  (55% total)
     Speed:     ev/sec=18003.5   simsec/sec=0.75391   ev/simsec=23880.1
     Messages:  created: 1157352   present: 1792   in FES: 189
** Event #1387008   t=58.538163835459   Elapsed: 76.4187s (1m 16s)  11% completed  (55% total)
     Speed:     ev/sec=20943.7   simsec/sec=0.977219   ev/simsec=21431.9
     Messages:  created: 1194167   present: 1783   in FES: 188
** Event #1418240   t=59.602643192917   Elapsed: 78.4349s (1m 18s)  11% completed  (55% total)
     Speed:     ev/sec=15490.9   simsec/sec=0.527976   ev/simsec=29340.2
     Messages:  created: 1220931   present: 1811   in FES: 206
** Event #1459968   t=61.540283029231   Elapsed: 80.4573s (1m 20s)  12% completed  (56% total)
     Speed:     ev/sec=20632.8   simsec/sec=0.958083   ev/simsec=21535.5
     Messages:  created: 1256576   present: 1770   in FES: 183
** Event #1490176   t=62.596237405421   Elapsed: 82.4684s (1m 22s)  12% completed  (56% total)
     Speed:     ev/sec=15020.4   simsec/sec=0.525053   ev/simsec=28607.3
     Messages:  created: 1282292   present: 1815   in FES: 198
** Event #1530880   t=64.535151835165   Elapsed: 84.4817s (1m 24s)  12% completed  (56% total)
     Speed:     ev/sec=20218.2   simsec/sec=0.963084   ev/simsec=20993.2
     Messages:  created: 1316533   present: 1801   in FES: 194
** Event #1561088   t=65.585139399514   Elapsed: 86.4935s (1m 26s)  13% completed  (56% total)
     Speed:     ev/sec=15015.2   simsec/sec=0.521909   ev/simsec=28769.9
     Messages:  created: 1342285   present: 1827   in FES: 206
** Event #1602560   t=67.536230404926   Elapsed: 88.5097s (1m 28s)  13% completed  (56% total)
     Speed:     ev/sec=20569.9   simsec/sec=0.96773   ev/simsec=21255.8
     Messages:  created: 1377914   present: 1835   in FES: 204
** Event #1632000   t=68.588305224897   Elapsed: 90.5205s (1m 30s)  13% completed  (56% total)
     Speed:     ev/sec=14640.9   simsec/sec=0.52321   ev/simsec=27982.8
     Messages:  created: 1402928   present: 1757   in FES: 178
** Event #1672192   t=70.514928541683   Elapsed: 92.5348s (1m 32s)  14% completed  (57% total)
     Speed:     ev/sec=19953.3   simsec/sec=0.956472   ev/simsec=20861.4
     Messages:  created: 1437096   present: 1837   in FES: 204
** Event #1702912   t=71.580257285701   Elapsed: 94.5475s (1m 34s)  14% completed  (57% total)
     Speed:     ev/sec=15262.9   simsec/sec=0.529297   ev/simsec=28836.2
     Messages:  created: 1463576   present: 1922   in FES: 244
** Event #1744128   t=73.521955739419   Elapsed: 96.5631s (1m 36s)  14% completed  (57% total)
     Speed:     ev/sec=20447.9   simsec/sec=0.963307   ev/simsec=21226.8
     Messages:  created: 1498672   present: 1741   in FES: 172
** Event #1775360   t=74.591585703326   Elapsed: 98.5755s (1m 38s)  14% completed  (57% total)
     Speed:     ev/sec=15520.1   simsec/sec=0.53153   ev/simsec=29198.9
     Messages:  created: 1525744   present: 1799   in FES: 192
** Event #1816064   t=76.536594071646   Elapsed: 100.583s (1m 40s)  15% completed  (57% total)
     Speed:     ev/sec=20272.1   simsec/sec=0.968689   ev/simsec=20927.4
     Messages:  created: 1560284   present: 1811   in FES: 206
** Event #1847040   t=77.593139157314   Elapsed: 102.594s (1m 42s)  15% completed  (57% total)
     Speed:     ev/sec=15408.8   simsec/sec=0.52557   ev/simsec=29318.2
     Messages:  created: 1586953   present: 1819   in FES: 200
** Event #1886464   t=79.517385369997   Elapsed: 104.6s (1m 44s)  15% completed  (57% total)
     Speed:     ev/sec=19647.9   simsec/sec=0.958993   ev/simsec=20488
     Messages:  created: 1620228   present: 1798   in FES: 189
** Event #1917440   t=80.58522132156   Elapsed: 106.62s (1m 46s)  16% completed  (58% total)
     Speed:     ev/sec=15338.2   simsec/sec=0.528753   ev/simsec=29008.2
     Messages:  created: 1647070   present: 1694   in FES: 157
** Event #1958912   t=82.539703453261   Elapsed: 108.635s (1m 48s)  16% completed  (58% total)
     Speed:     ev/sec=20583.5   simsec/sec=0.970056   ev/simsec=21218.9
     Messages:  created: 1682972   present: 1754   in FES: 179
** Event #1989376   t=83.597174001803   Elapsed: 110.658s (1m 50s)  16% completed  (58% total)
     Speed:     ev/sec=15056.1   simsec/sec=0.522628   ev/simsec=28808.4
     Messages:  created: 1709163   present: 1836   in FES: 205
** Event #2029824   t=85.528465916029   Elapsed: 112.669s (1m 52s)  17% completed  (58% total)
     Speed:     ev/sec=20109.4   simsec/sec=0.960172   ev/simsec=20943.5
     Messages:  created: 1743411   present: 1810   in FES: 195
** Event #2059520   t=86.580268571842   Elapsed: 114.674s (1m 54s)  17% completed  (58% total)
     Speed:     ev/sec=14814   simsec/sec=0.524697   ev/simsec=28233.4
     Messages:  created: 1768578   present: 1793   in FES: 192
** Event #2099712   t=88.516003931463   Elapsed: 116.675s (1m 56s)  17% completed  (58% total)
     Speed:     ev/sec=20081.3   simsec/sec=0.967159   ev/simsec=20763.2
     Messages:  created: 1803026   present: 1809   in FES: 206
** Event #2129152   t=89.556517777754   Elapsed: 118.684s (1m 58s)  17% completed  (58% total)
     Speed:     ev/sec=14659.9   simsec/sec=0.518134   ev/simsec=28293.7
     Messages:  created: 1828147   present: 1813   in FES: 206
** Event #2170368   t=91.509759104414   Elapsed: 120.692s (2m 00s)  18% completed  (59% total)
     Speed:     ev/sec=20521.7   simsec/sec=0.972533   ev/simsec=21101.3
     Messages:  created: 1863469   present: 1749   in FES: 176
** Event #2201600   t=92.578524595818   Elapsed: 122.696s (2m 02s)  18% completed  (59% total)
     Speed:     ev/sec=15585.1   simsec/sec=0.533325   ev/simsec=29222.5
     Messages:  created: 1890430   present: 1787   in FES: 190
** Event #2243072   t=94.526529590857   Elapsed: 124.707s (2m 04s)  18% completed  (59% total)
     Speed:     ev/sec=20618.6   simsec/sec=0.96849   ev/simsec=21289.5
     Messages:  created: 1926249   present: 1770   in FES: 181
** Event #2277888   t=96.030173931704   Elapsed: 126.708s (2m 06s)  19% completed  (59% total)
     Speed:     ev/sec=17405.1   simsec/sec=0.751696   ev/simsec=23154.4
     Messages:  created: 1956674   present: 1768   in FES: 183
** Event #2316544   t=97.555045747042   Elapsed: 128.715s (2m 08s)  19% completed  (59% total)
     Speed:     ev/sec=19258.1   simsec/sec=0.759678   ev/simsec=25350.3
     Messages:  created: 1990373   present: 1844   in FES: 205
** Event #2358272   t=99.519006892096   Elapsed: 130.718s (2m 10s)  19% completed  (59% total)
     Speed:     ev/sec=20831.8   simsec/sec=0.980465   ev/simsec=21246.9
     Messages:  created: 2026655   present: 1793   in FES: 188
** Event #2392832   t=100.597546998971   Elapsed: 132.732s (2m 12s)  20% completed  (60% total)
     Speed:     ev/sec=17162.1   simsec/sec=0.535589   ev/simsec=32043.3
     Messages:  created: 2058823   present: 1737   in FES: 172
** Event #2454784   t=102.515844259121   Elapsed: 134.749s (2m 14s)  20% completed  (60% total)
     Speed:     ev/sec=30713.7   simsec/sec=0.951028   ev/simsec=32295.3
     Messages:  created: 2126100   present: 1817   in FES: 206
** Event #2498560   t=103.570260185621   Elapsed: 136.749s (2m 16s)  20% completed  (60% total)
     Speed:     ev/sec=21883.4   simsec/sec=0.527097   ev/simsec=41516.8
     Messages:  created: 2172187   present: 1828   in FES: 203
** Event #2557952   t=105.512707355473   Elapsed: 138.762s (2m 18s)  21% completed  (60% total)
     Speed:     ev/sec=29513.7   simsec/sec=0.965263   ev/simsec=30575.9
     Messages:  created: 2235898   present: 1824   in FES: 206
** Event #2602752   t=106.591451830737   Elapsed: 140.792s (2m 20s)  21% completed  (60% total)
     Speed:     ev/sec=22063.9   simsec/sec=0.531279   ev/simsec=41529.8
     Messages:  created: 2283240   present: 1698   in FES: 159
** Event #2662656   t=108.513791322591   Elapsed: 142.814s (2m 22s)  21% completed  (60% total)
     Speed:     ev/sec=29621.7   simsec/sec=0.950569   ev/simsec=31162
     Messages:  created: 2347274   present: 1819   in FES: 197
** Event #2707200   t=109.59672156478   Elapsed: 144.83s (2m 24s)  21% completed  (60% total)
     Speed:     ev/sec=22099.4   simsec/sec=0.537269   ev/simsec=41132.8
     Messages:  created: 2394230   present: 1837   in FES: 207
** Event #2765824   t=111.516003394387   Elapsed: 146.831s (2m 26s)  22% completed  (61% total)
     Speed:     ev/sec=29292.7   simsec/sec=0.95901   ev/simsec=30544.8
     Messages:  created: 2456624   present: 1812   in FES: 193
** Event #2812672   t=112.593398091164   Elapsed: 148.834s (2m 28s)  22% completed  (61% total)
     Speed:     ev/sec=23396.9   simsec/sec=0.538073   ev/simsec=43482.7
     Messages:  created: 2506734   present: 1822   in FES: 206
** Event #2878720   t=114.519939707379   Elapsed: 150.847s (2m 30s)  22% completed  (61% total)
     Speed:     ev/sec=32797.9   simsec/sec=0.956675   ev/simsec=34283.2
     Messages:  created: 2579873   present: 1764   in FES: 179
** Event #2927872   t=115.591244414933   Elapsed: 152.859s (2m 32s)  23% completed  (61% total)
     Speed:     ev/sec=24432.6   simsec/sec=0.532527   ev/simsec=45880.5
     Messages:  created: 2633269   present: 1709   in FES: 162
** Event #3001600   t=117.520059721184   Elapsed: 154.862s (2m 34s)  23% completed  (61% total)
     Speed:     ev/sec=36806.8   simsec/sec=0.962911   ev/simsec=38224.5
     Messages:  created: 2718501   present: 1715   in FES: 162
** Event #3050240   t=118.595501191686   Elapsed: 156.867s (2m 36s)  23% completed  (61% total)
     Speed:     ev/sec=24264.9   simsec/sec=0.536502   ev/simsec=45227.9
     Messages:  created: 2771137   present: 1823   in FES: 198
** Event #3115264   t=120.528178830378   Elapsed: 158.874s (2m 38s)  24% completed  (62% total)
     Speed:     ev/sec=32393.2   simsec/sec=0.962807   ev/simsec=33644.5
     Messages:  created: 2843000   present: 1805   in FES: 194
** Event #3162624   t=121.587238224622   Elapsed: 160.883s (2m 40s)  24% completed  (62% total)
     Speed:     ev/sec=23580.9   simsec/sec=0.527313   ev/simsec=44718.9
     Messages:  created: 2893839   present: 1815   in FES: 198
** Event #3227904   t=123.508708263217   Elapsed: 162.899s (2m 42s)  24% completed  (62% total)
     Speed:     ev/sec=32377.8   simsec/sec=0.953017   ev/simsec=33974
     Messages:  created: 2965605   present: 1822   in FES: 206
** Event #3273984   t=124.553308829289   Elapsed: 164.912s (2m 44s)  24% completed  (62% total)
     Speed:     ev/sec=22886.7   simsec/sec=0.518826   ev/simsec=44112.6
     Messages:  created: 3014562   present: 1768   in FES: 179
** Event #3326720   t=126.017389471512   Elapsed: 166.914s (2m 46s)  25% completed  (62% total)
     Speed:     ev/sec=26349.6   simsec/sec=0.73153   ev/simsec=36019.9
     Messages:  created: 3072147   present: 1823   in FES: 200
** Event #3385088   t=127.525143492316   Elapsed: 168.934s (2m 48s)  25% completed  (62% total)
     Speed:     ev/sec=28888.9   simsec/sec=0.746255   ev/simsec=38711.9
     Messages:  created: 3135171   present: 1823   in FES: 200
** Event #3431168   t=128.572474712881   Elapsed: 170.956s (2m 50s)  25% completed  (62% total)
     Speed:     ev/sec=22788.8   simsec/sec=0.517956   ev/simsec=43997.5
     Messages:  created: 3184138   present: 1785   in FES: 188
** Event #3490048   t=130.076811636444   Elapsed: 172.959s (2m 52s)  26% completed  (63% total)
     Speed:     ev/sec=29390.1   simsec/sec=0.750893   ev/simsec=39140.2
     Messages:  created: 3248343   present: 1707   in FES: 156
** Event #3542784   t=131.533479563313   Elapsed: 174.975s (2m 54s)  26% completed  (63% total)
     Speed:     ev/sec=26167.6   simsec/sec=0.722799   ev/simsec=36203.2
     Messages:  created: 3305406   present: 1822   in FES: 206
** Event #3589120   t=132.578414713849   Elapsed: 176.994s (2m 56s)  26% completed  (63% total)
     Speed:     ev/sec=22952   simsec/sec=0.517597   ev/simsec=44343.4
     Messages:  created: 3355238   present: 1817   in FES: 194
** Event #3638272   t=133.601599537109   Elapsed: 178.999s (2m 58s)  26% completed  (63% total)
     Speed:     ev/sec=24511.3   simsec/sec=0.510245   ev/simsec=48038.2
     Messages:  created: 3409436   present: 1806   in FES: 193
** Event #3703296   t=135.34650081852   Elapsed: 181.001s (3m 01s)  27% completed  (63% total)
     Speed:     ev/sec=32480.7   simsec/sec=0.871611   ev/simsec=37265.1
     Messages:  created: 3481042   present: 1816   in FES: 206
** Event #3746048   t=136.550307331858   Elapsed: 183.006s (3m 03s)  27% completed  (63% total)
     Speed:     ev/sec=21323.2   simsec/sec=0.600418   ev/simsec=35514
     Messages:  created: 3525856   present: 1817   in FES: 198
** Event #3786752   t=137.559272001166   Elapsed: 185.017s (3m 05s)  27% completed  (63% total)
     Speed:     ev/sec=20236.3   simsec/sec=0.501615   ev/simsec=40342.3
     Messages:  created: 3567846   present: 1770   in FES: 183
** Event #3826176   t=138.571639787438   Elapsed: 187.021s (3m 07s)  27% completed  (63% total)
     Speed:     ev/sec=19672.8   simsec/sec=0.505176   ev/simsec=38942.4
     Messages:  created: 3607922   present: 1824   in FES: 206
** Event #3866624   t=139.585395630034   Elapsed: 189.05s (3m 09s)  27% completed  (63% total)
     Speed:     ev/sec=19940   simsec/sec=0.49976   ev/simsec=39899.2
     Messages:  created: 3649651   present: 1735   in FES: 170
** Event #3912192   t=141.007705674813   Elapsed: 191.051s (3m 11s)  28% completed  (64% total)
     Speed:     ev/sec=22765.9   simsec/sec=0.710589   ev/simsec=32038
     Messages:  created: 3698073   present: 1819   in FES: 198
** Event #3963136   t=142.099577376552   Elapsed: 193.055s (3m 13s)  28% completed  (64% total)
     Speed:     ev/sec=25418.5   simsec/sec=0.544789   ev/simsec=46657.5
     Messages:  created: 3749952   present: 1774   in FES: 181
** Event #4006912   t=143.534246573459   Elapsed: 195.073s (3m 15s)  28% completed  (64% total)
     Speed:     ev/sec=21697.4   simsec/sec=0.711089   ev/simsec=30513
     Messages:  created: 3796275   present: 1807   in FES: 196
** Event #4048128   t=144.564592598392   Elapsed: 197.084s (3m 17s)  28% completed  (64% total)
     Speed:     ev/sec=20495.7   simsec/sec=0.512365   ev/simsec=40002.1
     Messages:  created: 3839304   present: 1747   in FES: 176
** Event #4089600   t=145.579343879014   Elapsed: 199.088s (3m 19s)  29% completed  (64% total)
     Speed:     ev/sec=20693   simsec/sec=0.506324   ev/simsec=40869.1
     Messages:  created: 3882420   present: 1802   in FES: 206
** Event #4130560   t=146.607006017285   Elapsed: 201.102s (3m 21s)  29% completed  (64% total)
     Speed:     ev/sec=20337.6   simsec/sec=0.51026   ev/simsec=39857.5
     Messages:  created: 3924799   present: 1803   in FES: 194
** Event #4189696   t=148.113982743486   Elapsed: 203.106s (3m 23s)  29% completed  (64% total)
     Speed:     ev/sec=29507.1   simsec/sec=0.751936   ev/simsec=39241.5
     Messages:  created: 3987329   present: 1805   in FES: 207
** Event #4235776   t=149.538484210096   Elapsed: 205.132s (3m 25s)  29% completed  (64% total)
     Speed:     ev/sec=22744.3   simsec/sec=0.703109   ev/simsec=32348.2
     Messages:  created: 4036937   present: 1762   in FES: 175
** Event #4277248   t=150.568275697834   Elapsed: 207.135s (3m 27s)  30% completed  (65% total)
     Speed:     ev/sec=20706.6   simsec/sec=0.514167   ev/simsec=40272.2
     Messages:  created: 4079972   present: 1822   in FES: 201
** Event #4321792   t=151.607418076397   Elapsed: 209.161s (3m 29s)  30% completed  (65% total)
     Speed:     ev/sec=21985.1   simsec/sec=0.512878   ev/simsec=42866.1
     Messages:  created: 4127281   present: 1829   in FES: 206
** Event #4376320   t=153.090421112208   Elapsed: 211.163s (3m 31s)  30% completed  (65% total)
     Speed:     ev/sec=27237.2   simsec/sec=0.740774   ev/simsec=36768.6
     Messages:  created: 4184139   present: 1690   in FES: 157
** Event #4420864   t=154.517654693226   Elapsed: 213.177s (3m 33s)  30% completed  (65% total)
     Speed:     ev/sec=22117   simsec/sec=0.708651   ev/simsec=31210
     Messages:  created: 4230674   present: 1854   in FES: 206
** Event #4461312   t=155.529002092061   Elapsed: 215.198s (3m 35s)  31% completed  (65% total)
     Speed:     ev/sec=20015.7   simsec/sec=0.500466   ev/simsec=39994.2
     Messages:  created: 4272252   present: 1775   in FES: 182
** Event #4503296   t=156.579875144329   Elapsed: 217.214s (3m 37s)  31% completed  (65% total)
     Speed:     ev/sec=20826.5   simsec/sec=0.521293   ev/simsec=39951.5
     Messages:  created: 4316275   present: 1702   in FES: 157
** Event #4545792   t=157.846916933669   Elapsed: 219.214s (3m 39s)  31% completed  (65% total)
     Speed:     ev/sec=21246.8   simsec/sec=0.633485   ev/simsec=33539.5
     Messages:  created: 4361074   present: 1798   in FES: 206
** Event #4601088   t=159.506866832196   Elapsed: 221.246s (3m 41s)  31% completed  (65% total)
     Speed:     ev/sec=27213   simsec/sec=0.816917   ev/simsec=33311.8
     Messages:  created: 4418176   present: 1787   in FES: 190
** Event #4641536   t=160.536635064563   Elapsed: 223.247s (3m 43s)  32% completed  (66% total)
     Speed:     ev/sec=20210   simsec/sec=0.514527   ev/simsec=39278.7
     Messages:  created: 4460085   present: 1845   in FES: 204
** Event #4682496   t=161.557260015884   Elapsed: 225.248s (3m 45s)  32% completed  (66% total)
     Speed:     ev/sec=20476.1   simsec/sec=0.510216   ev/simsec=40132.3
     Messages:  created: 4502412   present: 1790   in FES: 187
** Event #4723712   t=162.583331696259   Elapsed: 227.263s (3m 47s)  32% completed  (66% total)
     Speed:     ev/sec=20450.7   simsec/sec=0.509119   ev/simsec=40168.7
     Messages:  created: 4545046   present: 1841   in FES: 202
** Event #4764672   t=163.596722902541   Elapsed: 229.273s (3m 49s)  32% completed  (66% total)
     Speed:     ev/sec=20376.3   simsec/sec=0.504131   ev/simsec=40418.7
     Messages:  created: 4587568   present: 1779   in FES: 202
** Event #4813568   t=165.034567884627   Elapsed: 231.278s (3m 51s)  33% completed  (66% total)
     Speed:     ev/sec=24388.3   simsec/sec=0.717167   ev/simsec=34006.4
     Messages:  created: 4639291   present: 1787   in FES: 188
** Event #4862464   t=166.113994804939   Elapsed: 233.281s (3m 53s)  33% completed  (66% total)
     Speed:     ev/sec=24416.7   simsec/sec=0.539022   ev/simsec=45298.1
     Messages:  created: 4689273   present: 1818   in FES: 228
** Event #4907776   t=167.513154033436   Elapsed: 235.308s (3m 55s)  33% completed  (66% total)
     Speed:     ev/sec=22350.1   simsec/sec=0.690135   ev/simsec=32385.2
     Messages:  created: 4737442   present: 1748   in FES: 175
** Event #4945152   t=168.532572583868   Elapsed: 237.311s (3m 57s)  33% completed  (66% total)
     Speed:     ev/sec=18662.1   simsec/sec=0.509003   ev/simsec=36664
     Messages:  created: 4774985   present: 1766   in FES: 181
** Event #4983040   t=169.54138030417   Elapsed: 239.324s (3m 59s)  33% completed  (66% total)
     Speed:     ev/sec=18825   simsec/sec=0.501237   ev/simsec=37557.2
     Messages:  created: 4812792   present: 1826   in FES: 197
** Event #5020928   t=170.56650232927   Elapsed: 241.352s (4m 01s)  34% completed  (67% total)
     Speed:     ev/sec=18682.3   simsec/sec=0.50548   ev/simsec=36959.5
     Messages:  created: 4850756   present: 1792   in FES: 191
** Event #5059328   t=171.580795364968   Elapsed: 243.352s (4m 03s)  34% completed  (67% total)
     Speed:     ev/sec=19192   simsec/sec=0.506934   ev/simsec=37858.9
     Messages:  created: 4889790   present: 1824   in FES: 195
** Event #5097728   t=172.60672463112   Elapsed: 245.363s (4m 05s)  34% completed  (67% total)
     Speed:     ev/sec=19096.7   simsec/sec=0.510204   ev/simsec=37429.5
     Messages:  created: 4928431   present: 1695   in FES: 156
** Event #5146368   t=174.065696590788   Elapsed: 247.367s (4m 07s)  34% completed  (67% total)
     Speed:     ev/sec=24271.9   simsec/sec=0.728043   ev/simsec=33338.5
     Messages:  created: 4978094   present: 1759   in FES: 180
** Event #5194752   t=175.512856563749   Elapsed: 249.383s (4m 09s)  35% completed  (67% total)
     Speed:     ev/sec=23997.6   simsec/sec=0.717765   ev/simsec=33433.8
     Messages:  created: 5028024   present: 1768   in FES: 183
** Event #5235456   t=176.540249520354   Elapsed: 251.388s (4m 11s)  35% completed  (67% total)
     Speed:     ev/sec=20300.8   simsec/sec=0.512405   ev/simsec=39618.7
     Messages:  created: 5069878   present: 1804   in FES: 191
** Event #5274624   t=177.552211068062   Elapsed: 253.391s (4m 13s)  35% completed  (67% total)
     Speed:     ev/sec=19560.5   simsec/sec=0.505373   ev/simsec=38705
     Messages:  created: 5109690   present: 1805   in FES: 190
** Event #5315072   t=178.587462922028   Elapsed: 255.395s (4m 15s)  35% completed  (67% total)
     Speed:     ev/sec=20182.8   simsec/sec=0.516572   ev/simsec=39070.7
     Messages:  created: 5151337   present: 1815   in FES: 206
** Event #5360128   t=180.017336687779   Elapsed: 257.395s (4m 17s)  36% completed  (68% total)
     Speed:     ev/sec=22523.4   simsec/sec=0.714791   ev/simsec=31510.5
     Messages:  created: 5198436   present: 1813   in FES: 206
** Event #5413120   t=181.504854608554   Elapsed: 259.412s (4m 19s)  36% completed  (68% total)
     Speed:     ev/sec=26271.4   simsec/sec=0.737453   ev/simsec=35624.4
     Messages:  created: 5252824   present: 1818   in FES: 201
** Event #5453056   t=182.527890351364   Elapsed: 261.427s (4m 21s)  36% completed  (68% total)
     Speed:     ev/sec=19818.7   simsec/sec=0.507693   ev/simsec=39036.8
     Messages:  created: 5293942   present: 1806   in FES: 197
** Event #5493504   t=183.545330665551   Elapsed: 263.452s (4m 23s)  36% completed  (68% total)
     Speed:     ev/sec=19978.5   simsec/sec=0.502544   ev/simsec=39754.7
     Messages:  created: 5335125   present: 1813   in FES: 206
** Event #5534976   t=184.579564232157   Elapsed: 265.452s (4m 25s)  36% completed  (68% total)
     Speed:     ev/sec=20733.1   simsec/sec=0.517046   ev/simsec=40099.3
     Messages:  created: 5378570   present: 1830   in FES: 197
** Event #5575168   t=185.598745536183   Elapsed: 267.474s (4m 27s)  37% completed  (68% total)
     Speed:     ev/sec=19885   simsec/sec=0.504239   ev/simsec=39435.6
     Messages:  created: 5419520   present: 1819   in FES: 194
** Event #5629184   t=187.097755315302   Elapsed: 269.475s (4m 29s)  37% completed  (68% total)
     Speed:     ev/sec=26985.7   simsec/sec=0.748886   ev/simsec=36034.5
     Messages:  created: 5474771   present: 1803   in FES: 237
** Event #5672960   t=188.535128869034   Elapsed: 271.475s (4m 31s)  37% completed  (68% total)
     Speed:     ev/sec=21887   simsec/sec=0.718655   ev/simsec=30455.5
     Messages:  created: 5520643   present: 1806   in FES: 207
** Event #5713408   t=189.572831258868   Elapsed: 273.491s (4m 33s)  37% completed  (68% total)
     Speed:     ev/sec=20065.5   simsec/sec=0.514786   ev/simsec=38978.4
     Messages:  created: 5562402   present: 1814   in FES: 199
** Event #5755136   t=190.601948042172   Elapsed: 275.495s (4m 35s)  38% completed  (69% total)
     Speed:     ev/sec=20819   simsec/sec=0.513448   ev/simsec=40547.4
     Messages:  created: 5605828   present: 1835   in FES: 202
** Event #5807616   t=192.084333877354   Elapsed: 277.498s (4m 37s)  38% completed  (69% total)
     Speed:     ev/sec=26205.8   simsec/sec=0.740228   ev/simsec=35402.4
     Messages:  created: 5660024   present: 1844   in FES: 205
** Event #5852672   t=193.513095603524   Elapsed: 279.504s (4m 39s)  38% completed  (69% total)
     Speed:     ev/sec=22458.1   simsec/sec=0.712166   ev/simsec=31535
     Messages:  created: 5707262   present: 1837   in FES: 206
** Event #5896960   t=194.605553762985   Elapsed: 281.517s (4m 41s)  38% completed  (69% total)
     Speed:     ev/sec=22002   simsec/sec=0.542726   ev/simsec=40539.8
     Messages:  created: 5754496   present: 1841   in FES: 204
** Event #5952000   t=196.100080050796   Elapsed: 283.521s (4m 43s)  39% completed  (69% total)
     Speed:     ev/sec=27463   simsec/sec=0.745715   ev/simsec=36827.7
     Messages:  created: 5810982   present: 1831   in FES: 200
** Event #5995520   t=197.521042179166   Elapsed: 285.523s (4m 45s)  39% completed  (69% total)
     Speed:     ev/sec=21743.7   simsec/sec=0.709949   ev/simsec=30627.1
     Messages:  created: 5856328   present: 1831   in FES: 200
** Event #6036992   t=198.565167421019   Elapsed: 287.526s (4m 47s)  39% completed  (69% total)
     Speed:     ev/sec=20705.3   simsec/sec=0.521291   ev/simsec=39719.4
     Messages:  created: 5899014   present: 1829   in FES: 206
** Event #6078208   t=199.596722130326   Elapsed: 289.536s (4m 49s)  39% completed  (69% total)
     Speed:     ev/sec=20504.4   simsec/sec=0.513186   ev/simsec=39955.2
     Messages:  created: 5941600   present: 1809   in FES: 207
** Event #6129664   t=201.073256859844   Elapsed: 291.539s (4m 51s)  40% completed  (70% total)
     Speed:     ev/sec=25687.4   simsec/sec=0.737103   ev/simsec=34849.2
     Messages:  created: 5994491   present: 1805   in FES: 206
** Event #6177792   t=202.525010773785   Elapsed: 293.57s (4m 53s)  40% completed  (70% total)
     Speed:     ev/sec=23701.7   simsec/sec=0.71495   ev/simsec=33151.6
     Messages:  created: 6044908   present: 1694   in FES: 157
** Event #6217984   t=203.554168345957   Elapsed: 295.573s (4m 55s)  40% completed  (70% total)
     Speed:     ev/sec=20064.2   simsec/sec=0.513764   ev/simsec=39053.3
     Messages:  created: 6086161   present: 1728   in FES: 165
** Event #6258944   t=204.593325161068   Elapsed: 297.582s (4m 57s)  40% completed  (70% total)
     Speed:     ev/sec=20388.8   simsec/sec=0.517264   ev/simsec=39416.6
     Messages:  created: 6128232   present: 1828   in FES: 206
** Event #6300160   t=205.823952037485   Elapsed: 299.582s (4m 59s)  41% completed  (70% total)
     Speed:     ev/sec=20602.4   simsec/sec=0.615148   ev/simsec=33491.9
     Messages:  created: 6171028   present: 1818   in FES: 206
** Event #6350848   t=207.096502274168   Elapsed: 301.586s (5m 01s)  41% completed  (70% total)
     Speed:     ev/sec=25292   simsec/sec=0.634969   ev/simsec=39831.8
     Messages:  created: 6221894   present: 1838   in FES: 206
** Event #6391296   t=208.515815881688   Elapsed: 303.592s (5m 03s)  41% completed  (70% total)
     Speed:     ev/sec=20171   simsec/sec=0.707795   ev/simsec=28498.3
     Messages:  created: 6263081   present: 1745   in FES: 172
** Event #6429184   t=209.540729279786   Elapsed: 305.612s (5m 05s)  41% completed  (70% total)
     Speed:     ev/sec=18749.3   simsec/sec=0.507191   ev/simsec=36967
     Messages:  created: 6300728   present: 1801   in FES: 190
** Event #6466816   t=210.578346195369   Elapsed: 307.618s (5m 07s)  42% completed  (71% total)
     Speed:     ev/sec=18759.5   simsec/sec=0.51725   ev/simsec=36267.7
     Messages:  created: 6338224   present: 1834   in FES: 206
** Event #6508800   t=212.007706503448   Elapsed: 309.62s (5m 09s)  42% completed  (71% total)
     Speed:     ev/sec=20972.2   simsec/sec=0.714007   ev/simsec=29372.6
     Messages:  created: 6380899   present: 1804   in FES: 193
** Event #6558208   t=213.514240175572   Elapsed: 311.623s (5m 11s)  42% completed  (71% total)
     Speed:     ev/sec=24670.8   simsec/sec=0.752254   ev/simsec=32795.8
     Messages:  created: 6430374   present: 1717   in FES: 164
** Event #6595072   t=214.545619998238   Elapsed: 313.646s (5m 13s)  42% completed  (71% total)
     Speed:     ev/sec=18224.1   simsec/sec=0.509873   ev/simsec=35742.4
     Messages:  created: 6466624   present: 1802   in FES: 206
** Event #6631680   t=215.582242367498   Elapsed: 315.663s (5m 15s)  43% completed  (71% total)
     Speed:     ev/sec=18143.5   simsec/sec=0.513767   ev/simsec=35314.7
     Messages:  created: 6502893   present: 1727   in FES: 166
** Event #6675712   t=217.049084199595   Elapsed: 317.67s (5m 17s)  43% completed  (71% total)
     Speed:     ev/sec=21947.7   simsec/sec=0.731145   ev/simsec=30018.2
     Messages:  created: 6546549   present: 1728   in FES: 169
** Event #6720256   t=218.526050029995   Elapsed: 319.694s (5m 19s)  43% completed  (71% total)
     Speed:     ev/sec=22008.6   simsec/sec=0.72975   ev/simsec=30159.1
     Messages:  created: 6591020   present: 1811   in FES: 206
** Event #6758400   t=219.574112568653   Elapsed: 321.715s (5m 21s)  43% completed  (71% total)
     Speed:     ev/sec=18867.8   simsec/sec=0.518421   ev/simsec=36394.8
     Messages:  created: 6628911   present: 1722   in FES: 165
** Event #6808064   t=221.096502116494   Elapsed: 323.717s (5m 23s)  44% completed  (72% total)
     Speed:     ev/sec=24809.1   simsec/sec=0.760493   ev/simsec=32622.4
     Messages:  created: 6678533   present: 1834   in FES: 206
** Event #6849280   t=222.540211196823   Elapsed: 325.736s (5m 25s)  44% completed  (72% total)
     Speed:     ev/sec=20412.9   simsec/sec=0.715021   ev/simsec=28548.7
     Messages:  created: 6720264   present: 1808   in FES: 195
** Event #6887424   t=223.599365000576   Elapsed: 327.763s (5m 27s)  44% completed  (72% total)
     Speed:     ev/sec=18824.3   simsec/sec=0.5227   ev/simsec=36013.7
     Messages:  created: 6758225   present: 1760   in FES: 179
** Event #6939904   t=225.520099552397   Elapsed: 329.781s (5m 29s)  45% completed  (72% total)
     Speed:     ev/sec=25998.1   simsec/sec=0.951514   ev/simsec=27322.9
     Messages:  created: 6811589   present: 1838   in FES: 204
** Event #6978304   t=226.572596368067   Elapsed: 331.791s (5m 31s)  45% completed  (72% total)
     Speed:     ev/sec=19109.1   simsec/sec=0.523757   ev/simsec=36484.7
     Messages:  created: 6849555   present: 1826   in FES: 201
** Event #7031808   t=228.511054570346   Elapsed: 333.792s (5m 33s)  45% completed  (72% total)
     Speed:     ev/sec=26732.4   simsec/sec=0.968517   ev/simsec=27601.3
     Messages:  created: 6904581   present: 1769   in FES: 184
** Event #7072000   t=229.579505483203   Elapsed: 335.808s (5m 35s)  45% completed  (72% total)
     Speed:     ev/sec=19939.2   simsec/sec=0.530056   ev/simsec=37617.1
     Messages:  created: 6945764   present: 1762   in FES: 177
** Event #7125760   t=231.513713157286   Elapsed: 337.815s (5m 37s)  46% completed  (73% total)
     Speed:     ev/sec=26779.3   simsec/sec=0.96348   ev/simsec=27794.3
     Messages:  created: 7000961   present: 1763   in FES: 180
** Event #7165440   t=232.587576597291   Elapsed: 339.844s (5m 39s)  46% completed  (73% total)
     Speed:     ev/sec=19562.7   simsec/sec=0.529427   ev/simsec=36950.7
     Messages:  created: 7040686   present: 1770   in FES: 183
** Event #7218944   t=234.521338203716   Elapsed: 341.847s (5m 41s)  46% completed  (73% total)
     Speed:     ev/sec=26707.2   simsec/sec=0.965261   ev/simsec=27668.4
     Messages:  created: 7095482   present: 1844   in FES: 206
** Event #7259648   t=235.604546263445   Elapsed: 343.865s (5m 43s)  47% completed  (73% total)
     Speed:     ev/sec=20168.7   simsec/sec=0.536725   ev/simsec=37577.3
     Messages:  created: 7136090   present: 1781   in FES: 186
** Event #7313664   t=237.538096905616   Elapsed: 345.881s (5m 45s)  47% completed  (73% total)
     Speed:     ev/sec=26796.2   simsec/sec=0.959194   ev/simsec=27936.2
     Messages:  created: 7191032   present: 1799   in FES: 206
** Event #7360256   t=239.047199066207   Elapsed: 347.883s (5m 47s)  47% completed  (73% total)
     Speed:     ev/sec=23268.6   simsec/sec=0.753663   ev/simsec=30874
     Messages:  created: 7238683   present: 1828   in FES: 203
** Event #7408896   t=240.57151848246   Elapsed: 349.899s (5m 49s)  48% completed  (74% total)
     Speed:     ev/sec=24136.2   simsec/sec=0.7564   ev/simsec=31909.3
     Messages:  created: 7288412   present: 1780   in FES: 187
** Event #7462656   t=242.51312859444   Elapsed: 351.9s (5m 51s)  48% completed  (74% total)
     Speed:     ev/sec=26866.5   simsec/sec=0.970317   ev/simsec=27688.4
     Messages:  created: 7343605   present: 1836   in FES: 205
** Event #7502592   t=243.581478179846   Elapsed: 353.91s (5m 53s)  48% completed  (74% total)
     Speed:     ev/sec=19861   simsec/sec=0.531312   ev/simsec=37381
     Messages:  created: 7383252   present: 1768   in FES: 181
** Event #7556608   t=245.518814531521   Elapsed: 355.924s (5m 55s)  49% completed  (74% total)
     Speed:     ev/sec=26820.2   simsec/sec=0.961931   ev/simsec=27881.6
     Messages:  created: 7438369   present: 1774   in FES: 183
** Event #7596800   t=246.584883709845   Elapsed: 357.947s (5m 57s)  49% completed  (74% total)
     Speed:     ev/sec=19870.1   simsec/sec=0.527042   ev/simsec=37701.1
     Messages:  created: 7478520   present: 1746   in FES: 171
** Event #7650304   t=248.512134110861   Elapsed: 359.962s (5m 59s)  49% completed  (74% total)
     Speed:     ev/sec=26561   simsec/sec=0.956747   ev/simsec=27761.8
     Messages:  created: 7532725   present: 1768   in FES: 183
** Event #7689472   t=249.566360838237   Elapsed: 361.981s (6m 01s)  49% completed  (74% total)
     Speed:     ev/sec=19392.1   simsec/sec=0.521949   ev/simsec=37153.3
     Messages:  created: 7571525   present: 1823   in FES: 206
** Event #7734272   t=251.034568078861   Elapsed: 363.985s (6m 03s)  50% completed  (75% total)
     Speed:     ev/sec=22362   simsec/sec=0.732857   ev/simsec=30513.4
     Messages:  created: 7616471   present: 1763   in FES: 180
** Event #7781376   t=252.534238523417   Elapsed: 365.997s (6m 05s)  50% completed  (75% total)
     Speed:     ev/sec=23412.1   simsec/sec=0.745382   ev/simsec=31409.6
     Messages:  created: 7663572   present: 1814   in FES: 199
** Event #7819264   t=253.575272889664   Elapsed: 367.997s (6m 07s)  50% completed  (75% total)
     Speed:     ev/sec=18943.4   simsec/sec=0.520501   ev/simsec=36394.6
     Messages:  created: 7701169   present: 1801   in FES: 192
** Event #7866368   t=255.067704631435   Elapsed: 369.997s (6m 09s)  51% completed  (75% total)
     Speed:     ev/sec=23545   simsec/sec=0.745993   ev/simsec=31561.9
     Messages:  created: 7748265   present: 1692   in FES: 157
** Event #7910144   t=256.536780935423   Elapsed: 372.023s (6m 12s)  51% completed  (75% total)
     Speed:     ev/sec=21615   simsec/sec=0.725377   ev/simsec=29798.3
     Messages:  created: 7791921   present: 1777   in FES: 184
** Event #7947776   t=257.573478627365   Elapsed: 374.029s (6m 14s)  51% completed  (75% total)
     Speed:     ev/sec=18752.4   simsec/sec=0.516597   ev/simsec=36299.9
     Messages:  created: 7828903   present: 1833   in FES: 207
** Event #7990272   t=259.015032551663   Elapsed: 376.032s (6m 16s)  51% completed  (75% total)
     Speed:     ev/sec=21223.7   simsec/sec=0.719952   ev/simsec=29479.3
     Messages:  created: 7871728   present: 1788   in FES: 187
** Event #8037888   t=260.515258673757   Elapsed: 378.041s (6m 18s)  52% completed  (76% total)
     Speed:     ev/sec=23694.7   simsec/sec=0.746542   ev/simsec=31739.2
     Messages:  created: 7918733   present: 1772   in FES: 183
** Event #8074240   t=261.542559606604   Elapsed: 380.046s (6m 20s)  52% completed  (76% total)
     Speed:     ev/sec=18131.5   simsec/sec=0.512393   ev/simsec=35385.9
     Messages:  created: 7954435   present: 1838   in FES: 205
** Event #8109056   t=262.550462601074   Elapsed: 382.05s (6m 22s)  52% completed  (76% total)
     Speed:     ev/sec=17373.2   simsec/sec=0.502944   ev/simsec=34543
     Messages:  created: 7987520   present: 1822   in FES: 195
** Event #8152832   t=264.067172074225   Elapsed: 384.054s (6m 24s)  52% completed  (76% total)
     Speed:     ev/sec=21846   simsec/sec=0.756901   ev/simsec=28862.5
     Messages:  created: 8029731   present: 1793   in FES: 192
** Event #8193792   t=265.535367828349   Elapsed: 386.058s (6m 26s)  53% completed  (76% total)
     Speed:     ev/sec=20438.4   simsec/sec=0.732608   ev/simsec=27898.2
     Messages:  created: 8069426   present: 1774   in FES: 185
** Event #8227328   t=266.544491947331   Elapsed: 388.087s (6m 28s)  53% completed  (76% total)
     Speed:     ev/sec=16530.6   simsec/sec=0.497417   ev/simsec=33232.8
     Messages:  created: 8100845   present: 1752   in FES: 171
** Event #8260352   t=267.553240973095   Elapsed: 390.106s (6m 30s)  53% completed  (76% total)
     Speed:     ev/sec=16358   simsec/sec=0.499669   ev/simsec=32737.6
     Messages:  created: 8131746   present: 1775   in FES: 183
** Event #8294144   t=268.591512485468   Elapsed: 392.11s (6m 32s)  53% completed  (76% total)
     Speed:     ev/sec=16855.7   simsec/sec=0.517897   ev/simsec=32546.4
     Messages:  created: 8163639   present: 1819   in FES: 200
** Event #8335872   t=270.051461330684   Elapsed: 394.115s (6m 34s)  54% completed  (77% total)
     Speed:     ev/sec=20812.4   simsec/sec=0.728169   ev/simsec=28581.8
     Messages:  created: 8203789   present: 1798   in FES: 206
** Event #8376576   t=271.514668410026   Elapsed: 396.122s (6m 36s)  54% completed  (77% total)
     Speed:     ev/sec=20286.7   simsec/sec=0.729257   ev/simsec=27818.3
     Messages:  created: 8242328   present: 1837   in FES: 207
** Event #8412160   t=272.536609441719   Elapsed: 398.139s (6m 38s)  54% completed  (77% total)
     Speed:     ev/sec=17639.1   simsec/sec=0.50658   ev/simsec=34820
     Messages:  created: 8276871   present: 1729   in FES: 168
** Event #8446720   t=273.546475132513   Elapsed: 400.146s (6m 40s)  54% completed  (77% total)
     Speed:     ev/sec=17218   simsec/sec=0.50312   ev/simsec=34222.4
     Messages:  created: 8310092   present: 1840   in FES: 203
** Event #8483072   t=274.582285257277   Elapsed: 402.157s (6m 42s)  54% completed  (77% total)
     Speed:     ev/sec=18078.2   simsec/sec=0.515118   ev/simsec=35095.2
     Messages:  created: 8345766   present: 1739   in FES: 170
** Event #8521472   t=275.604519258376   Elapsed: 404.169s (6m 44s)  55% completed  (77% total)
     Speed:     ev/sec=19092   simsec/sec=0.508241   ev/simsec=37564.8
     Messages:  created: 8384099   present: 1769   in FES: 180
** Event #8575744   t=277.51380128152   Elapsed: 406.169s (6m 46s)  55% completed  (77% total)
     Speed:     ev/sec=27127.8   simsec/sec=0.954353   ev/simsec=28425.3
     Messages:  created: 8439579   present: 1836   in FES: 205
** Event #8614912   t=278.557835420704   Elapsed: 408.179s (6m 48s)  55% completed  (77% total)
     Speed:     ev/sec=19492.6   simsec/sec=0.51958   ev/simsec=37516
     Messages:  created: 8479526   present: 1770   in FES: 183
** Event #8653312   t=279.585976530983   Elapsed: 410.199s (6m 50s)  55% completed  (77% total)
     Speed:     ev/sec=19001.3   simsec/sec=0.50875   ev/simsec=37349
     Messages:  created: 8517887   present: 1686   in FES: 157
** Event #8698112   t=281.033095996524   Elapsed: 412.2s (6m 52s)  56% completed  (78% total)
     Speed:     ev/sec=22388.9   simsec/sec=0.723201   ev/simsec=30958.1
     Messages:  created: 8564115   present: 1692   in FES: 157
** Event #8749056   t=282.529593855427   Elapsed: 414.211s (6m 54s)  56% completed  (78% total)
     Speed:     ev/sec=25338.7   simsec/sec=0.744334   ev/simsec=34042.1
     Messages:  created: 8616912   present: 1795   in FES: 206
** Event #8790016   t=283.573150860938   Elapsed: 416.233s (6m 56s)  56% completed  (78% total)
     Speed:     ev/sec=20252.6   simsec/sec=0.515985   ev/simsec=39250.4
     Messages:  created: 8659289   present: 1791   in FES: 188
** Event #8832000   t=284.847559122071   Elapsed: 418.237s (6m 58s)  56% completed  (78% total)
     Speed:     ev/sec=20955.7   simsec/sec=0.636103   ev/simsec=32943.9
     Messages:  created: 8702810   present: 1803   in FES: 207
** Event #8886016   t=286.512034804189   Elapsed: 420.244s (7m 00s)  57% completed  (78% total)
     Speed:     ev/sec=26909.1   simsec/sec=0.829191   ev/simsec=32452.3
     Messages:  created: 8758194   present: 1790   in FES: 189
** Event #8925952   t=287.540317029468   Elapsed: 422.264s (7m 02s)  57% completed  (78% total)
     Speed:     ev/sec=19776.9   simsec/sec=0.509221   ev/simsec=38837.6
     Messages:  created: 8798561   present: 1797   in FES: 188
** Event #8965376   t=288.585369968849   Elapsed: 424.275s (7m 04s)  57% completed  (78% total)
     Speed:     ev/sec=19601   simsec/sec=0.519583   ev/simsec=37724.4
     Messages:  created: 8838385   present: 1816   in FES: 199
** Event #9014016   t=290.067759581885   Elapsed: 426.277s (7m 06s)  58% completed  (79% total)
     Speed:     ev/sec=24296.2   simsec/sec=0.74047   ev/simsec=32811.9
     Messages:  created: 8887828   present: 1795   in FES: 190
** Event #9056512   t=291.51996613474   Elapsed: 428.296s (7m 08s)  58% completed  (79% total)
     Speed:     ev/sec=21050   simsec/sec=0.719336   ev/simsec=29263.1
     Messages:  created: 8930179   present: 1793   in FES: 190
** Event #9092864   t=292.543713183305   Elapsed: 430.304s (7m 10s)  58% completed  (79% total)
     Speed:     ev/sec=18104.6   simsec/sec=0.509863   ev/simsec=35508.8
     Messages:  created: 8965799   present: 1807   in FES: 190
** Event #9130496   t=293.578477973712   Elapsed: 432.328s (7m 12s)  58% completed  (79% total)
     Speed:     ev/sec=18591.9   simsec/sec=0.511221   ev/simsec=36367.7
     Messages:  created: 9003053   present: 1839   in FES: 204
** Event #9170688   t=295.00770557442   Elapsed: 434.331s (7m 14s)  59% completed  (79% total)
     Speed:     ev/sec=20062.8   simsec/sec=0.713434   ev/simsec=28121.5
     Messages:  created: 9043346   present: 1822   in FES: 199
** Event #9220096   t=296.512169347253   Elapsed: 436.344s (7m 16s)  59% completed  (79% total)
     Speed:     ev/sec=24549.8   simsec/sec=0.747535   ev/simsec=32840.9
     Messages:  created: 9092068   present: 1813   in FES: 196
** Event #9256704   t=297.53513065137   Elapsed: 438.35s (7m 18s)  59% completed  (79% total)
     Speed:     ev/sec=18248.9   simsec/sec=0.50994   ev/simsec=35786.3
     Messages:  created: 9127988   present: 1705   in FES: 187
** Event #9294336   t=298.579050651108   Elapsed: 440.359s (7m 20s)  59% completed  (79% total)
     Speed:     ev/sec=18725   simsec/sec=0.519435   ev/simsec=36048.7
     Messages:  created: 9165372   present: 1842   in FES: 205
** Event #9330688   t=299.603673531599   Elapsed: 442.368s (7m 22s)  59% completed  (79% total)
     Speed:     ev/sec=18099.8   simsec/sec=0.510165   ev/simsec=35478.4
     Messages:  created: 9200832   present: 1758   in FES: 177
** Event #9376000   t=301.067264047057   Elapsed: 444.372s (7m 24s)  60% completed  (80% total)
     Speed:     ev/sec=22603.2   simsec/sec=0.730091   ev/simsec=30959.5
     Messages:  created: 9245628   present: 1820   in FES: 206
** Event #9418752   t=302.509161816452   Elapsed: 446.377s (7m 26s)  60% completed  (80% total)
     Speed:     ev/sec=21331.1   simsec/sec=0.719434   ev/simsec=29649.8
     Messages:  created: 9288102   present: 1757   in FES: 178
** Event #9455872   t=303.540421929308   Elapsed: 448.393s (7m 28s)  60% completed  (80% total)
     Speed:     ev/sec=18406.9   simsec/sec=0.511377   ev/simsec=35994.8
     Messages:  created: 9324940   present: 1810   in FES: 206
** Event #9493760   t=304.57699287048   Elapsed: 450.404s (7m 30s)  60% completed  (80% total)
     Speed:     ev/sec=18838.1   simsec/sec=0.515389   ev/simsec=36551.3
     Messages:  created: 9362564   present: 1810   in FES: 206
** Event #9530368   t=305.60521429991   Elapsed: 452.422s (7m 32s)  61% completed  (80% total)
     Speed:     ev/sec=18145.9   simsec/sec=0.509669   ev/simsec=35603.2
     Messages:  created: 9398441   present: 1826   in FES: 195
** Event #9578496   t=307.090476628764   Elapsed: 454.423s (7m 34s)  61% completed  (80% total)
     Speed:     ev/sec=24054.3   simsec/sec=0.742331   ev/simsec=32403.7
     Messages:  created: 9446290   present: 1789   in FES: 189
** Event #9618432   t=308.51404629969   Elapsed: 456.441s (7m 36s)  61% completed  (80% total)
     Speed:     ev/sec=19783.5   simsec/sec=0.705208   ev/simsec=28053.4
     Messages:  created: 9486383   present: 1798   in FES: 193
** Event #9659904   t=309.515116180388   Elapsed: 458.451s (7m 38s)  61% completed  (80% total)
     Speed:     ev/sec=20638.4   simsec/sec=0.498179   ev/simsec=41427.7
     Messages:  created: 9529924   present: 1808   in FES: 206
** Event #9696000   t=310.529227192928   Elapsed: 460.455s (7m 40s)  62% completed  (81% total)
     Speed:     ev/sec=18006.7   simsec/sec=0.505894   ev/simsec=35593.7
     Messages:  created: 9565211   present: 1781   in FES: 186
** Event #9731584   t=311.545938955784   Elapsed: 462.476s (7m 42s)  62% completed  (81% total)
     Speed:     ev/sec=17609   simsec/sec=0.503128   ev/simsec=34999.1
     Messages:  created: 9599638   present: 1808   in FES: 195
** Event #9765888   t=312.544559763144   Elapsed: 464.479s (7m 44s)  62% completed  (81% total)
     Speed:     ev/sec=17130.6   simsec/sec=0.498689   ev/simsec=34351.4
     Messages:  created: 9632739   present: 1817   in FES: 198
** Event #9801984   t=313.56887696585   Elapsed: 466.49s (7m 46s)  62% completed  (81% total)
     Speed:     ev/sec=17944.7   simsec/sec=0.509227   ev/simsec=35239.1
     Messages:  created: 9667887   present: 1824   in FES: 206
** Event #9838336   t=314.573002743807   Elapsed: 468.512s (7m 48s)  62% completed  (81% total)
     Speed:     ev/sec=17982.1   simsec/sec=0.496707   ev/simsec=36202.6
     Messages:  created: 9703142   present: 1699   in FES: 158
** Event #9874432   t=315.588391907275   Elapsed: 470.521s (7m 50s)  63% completed  (81% total)
     Speed:     ev/sec=17961.5   simsec/sec=0.50526   ev/simsec=35548.9
     Messages:  created: 9738640   present: 1829   in FES: 202
** Event #9910016   t=316.605626392872   Elapsed: 472.533s (7m 52s)  63% completed  (81% total)
     Speed:     ev/sec=17689.9   simsec/sec=0.505698   ev/simsec=34981.1
     Messages:  created: 9773107   present: 1733   in FES: 170
** Event #9945088   t=317.608210722249   Elapsed: 474.556s (7m 54s)  63% completed  (81% total)
     Speed:     ev/sec=17335.3   simsec/sec=0.495554   ev/simsec=34981.6
     Messages:  created: 9807019   present: 1825   in FES: 202
** Event #9981696   t=318.863982990694   Elapsed: 476.558s (7m 56s)  63% completed  (81% total)
     Speed:     ev/sec=18287.8   simsec/sec=0.62733   ev/simsec=29151.8
     Messages:  created: 9843176   present: 1795   in FES: 207
** Event #10020608   t=320.034514335763   Elapsed: 478.559s (7m 58s)  64% completed  (82% total)
     Speed:     ev/sec=19447.1   simsec/sec=0.584999   ev/simsec=33243
     Messages:  created: 9880494   present: 1823   in FES: 206
** Event #10055680   t=321.049082731915   Elapsed: 480.56s (8m 00s)  64% completed  (82% total)
     Speed:     ev/sec=17527.6   simsec/sec=0.507041   ev/simsec=34568.4
     Messages:  created: 9913901   present: 1831   in FES: 204
** Event #10094848   t=322.090660568027   Elapsed: 482.563s (8m 02s)  64% completed  (82% total)
     Speed:     ev/sec=19551.7   simsec/sec=0.519929   ev/simsec=37604.5
     Messages:  created: 9950492   present: 1826   in FES: 201
** Event #10132480   t=323.511006358926   Elapsed: 484.583s (8m 04s)  64% completed  (82% total)
     Speed:     ev/sec=18630.4   simsec/sec=0.703166   ev/simsec=26495
     Messages:  created: 9987130   present: 1801   in FES: 194
** Event #10166016   t=324.514328444202   Elapsed: 486.589s (8m 06s)  64% completed  (82% total)
     Speed:     ev/sec=16714.4   simsec/sec=0.500059   ev/simsec=33425
     Messages:  created: 10018823   present: 1800   in FES: 193
** Event #10200064   t=325.518857370337   Elapsed: 488.595s (8m 08s)  65% completed  (82% total)
     Speed:     ev/sec=16978.2   simsec/sec=0.500912   ev/simsec=33894.5
     Messages:  created: 10051317   present: 1812   in FES: 195
** Event #10233856   t=326.528196091471   Elapsed: 490.621s (8m 10s)  65% completed  (82% total)
     Speed:     ev/sec=16681.2   simsec/sec=0.498252   ev/simsec=33479.3
     Messages:  created: 10083433   present: 1737   in FES: 172
** Event #10268416   t=327.527254519682   Elapsed: 492.652s (8m 12s)  65% completed  (82% total)
     Speed:     ev/sec=17016.3   simsec/sec=0.491906   ev/simsec=34592.6
     Messages:  created: 10116527   present: 1789   in FES: 188
** Event #10303488   t=328.546266548144   Elapsed: 494.683s (8m 14s)  65% completed  (82% total)
     Speed:     ev/sec=17260.6   simsec/sec=0.501504   ev/simsec=34417.7
     Messages:  created: 10150262   present: 1839   in FES: 204
** Event #10336768   t=329.542772629641   Elapsed: 496.705s (8m 16s)  65% completed  (82% total)
     Speed:     ev/sec=16466   simsec/sec=0.493044   ev/simsec=33396.7
     Messages:  created: 10181376   present: 1764   in FES: 179
** Event #10369536   t=330.535140689579   Elapsed: 498.705s (8m 18s)  66% completed  (83% total)
     Speed:     ev/sec=16379.1   simsec/sec=0.496035   ev/simsec=33020
     Messages:  created: 10212172   present: 1830   in FES: 227
** Event #10403072   t=331.521071114398   Elapsed: 500.731s (8m 20s)  66% completed  (83% total)
     Speed:     ev/sec=16551.8   simsec/sec=0.48661   ev/simsec=34014.6
     Messages:  created: 10243530   present: 1761   in FES: 174
** Event #10437120   t=332.534153146661   Elapsed: 502.737s (8m 22s)  66% completed  (83% total)
     Speed:     ev/sec=16974.7   simsec/sec=0.505074   ev/simsec=33608.3
     Messages:  created: 10275688   present: 1827   in FES: 206
** Event #10471424   t=333.530171401145   Elapsed: 504.751s (8m 24s)  66% completed  (83% total)
     Speed:     ev/sec=17031.6   simsec/sec=0.494512   ev/simsec=34441.1
     Messages:  created: 10308247   present: 1821   in FES: 198
** Event #10504960   t=334.527391523255   Elapsed: 506.778s (8m 26s)  66% completed  (83% total)
     Speed:     ev/sec=16543.4   simsec/sec=0.491933   ev/simsec=33629.5
     Messages:  created: 10339613   present: 1825   in FES: 206
** Event #10538752   t=335.540118787708   Elapsed: 508.797s (8m 28s)  67% completed  (83% total)
     Speed:     ev/sec=16739.3   simsec/sec=0.501668   ev/simsec=33367.3
     Messages:  created: 10371258   present: 1797   in FES: 206
** Event #10572032   t=336.530049259082   Elapsed: 510.811s (8m 30s)  67% completed  (83% total)
     Speed:     ev/sec=16526.1   simsec/sec=0.491577   ev/simsec=33618.5
     Messages:  created: 10402575   present: 1799   in FES: 206
** Event #10606080   t=337.527522492533   Elapsed: 512.842s (8m 32s)  67% completed  (83% total)
     Speed:     ev/sec=16765.5   simsec/sec=0.491165   ev/simsec=34134.2
     Messages:  created: 10434752   present: 1711   in FES: 162
** Event #10641152   t=338.522941772412   Elapsed: 514.858s (8m 34s)  67% completed  (83% total)
     Speed:     ev/sec=17396.3   simsec/sec=0.493744   ev/simsec=35233.4
     Messages:  created: 10468736   present: 1976   in FES: 250
** Event #10675968   t=339.534050451618   Elapsed: 516.874s (8m 36s)  67% completed  (83% total)
     Speed:     ev/sec=17264.5   simsec/sec=0.501388   ev/simsec=34433.5
     Messages:  created: 10502275   present: 1822   in FES: 206
** Event #10708736   t=340.517907760003   Elapsed: 518.889s (8m 38s)  68% completed  (84% total)
     Speed:     ev/sec=16263.2   simsec/sec=0.488301   ev/simsec=33305.6
     Messages:  created: 10532765   present: 1692   in FES: 157
** Event #10742272   t=341.519232320442   Elapsed: 520.923s (8m 40s)  68% completed  (84% total)
     Speed:     ev/sec=16492.3   simsec/sec=0.492429   ev/simsec=33491.6
     Messages:  created: 10564483   present: 1752   in FES: 177
** Event #10775552   t=342.515101111648   Elapsed: 522.949s (8m 42s)  68% completed  (84% total)
     Speed:     ev/sec=16426.9   simsec/sec=0.491558   ev/simsec=33418.1
     Messages:  created: 10595713   present: 1722   in FES: 167
** Event #10808576   t=343.505872326179   Elapsed: 524.966s (8m 44s)  68% completed  (84% total)
     Speed:     ev/sec=16366.2   simsec/sec=0.491012   ev/simsec=33331.6
     Messages:  created: 10626688   present: 1776   in FES: 187
** Event #10842112   t=344.505872410246   Elapsed: 526.985s (8m 46s)  68% completed  (84% total)
     Speed:     ev/sec=16614.7   simsec/sec=0.49543   ev/simsec=33536
     Messages:  created: 10658307   present: 1764   in FES: 183
** Event #10871808   t=345.096721749996   Elapsed: 528.987s (8m 48s)  69% completed  (84% total)
     Speed:     ev/sec=14833.1   simsec/sec=0.295129   ev/simsec=50259.9
     Messages:  created: 10685262   present: 1813   in FES: 207
** Event #10909440   t=346.508902218509   Elapsed: 531.007s (8m 51s)  69% completed  (84% total)
     Speed:     ev/sec=18625.4   simsec/sec=0.698937   ev/simsec=26648.2
     Messages:  created: 10722036   present: 1831   in FES: 204
** Event #10941952   t=347.511063353651   Elapsed: 533.017s (8m 53s)  69% completed  (84% total)
     Speed:     ev/sec=16179.4   simsec/sec=0.49872   ev/simsec=32441.9
     Messages:  created: 10752443   present: 1733   in FES: 172
** Event #10974464   t=348.511846505777   Elapsed: 535.035s (8m 55s)  69% completed  (84% total)
     Speed:     ev/sec=16109.1   simsec/sec=0.495871   ev/simsec=32486.6
     Messages:  created: 10782513   present: 1724   in FES: 167
** Event #11006720   t=349.511845692832   Elapsed: 537.055s (8m 57s)  69% completed  (84% total)
     Speed:     ev/sec=15967.7   simsec/sec=0.495031   ev/simsec=32256
     Messages:  created: 10812322   present: 1790   in FES: 189
** Event #11039744   t=350.521972270367   Elapsed: 539.082s (8m 59s)  70% completed  (85% total)
     Speed:     ev/sec=16291.2   simsec/sec=0.49831   ev/simsec=32692.9
     Messages:  created: 10843162   present: 1706   in FES: 159
** Event #11072768   t=351.541363990692   Elapsed: 541.087s (9m 01s)  70% completed  (85% total)
     Speed:     ev/sec=16472.8   simsec/sec=0.508486   ev/simsec=32395.8
     Messages:  created: 10873998   present: 1708   in FES: 161
** Event #11105792   t=352.541739161316   Elapsed: 543.113s (9m 03s)  70% completed  (85% total)
     Speed:     ev/sec=16298.9   simsec/sec=0.493731   ev/simsec=33011.6
     Messages:  created: 10904812   present: 1791   in FES: 188
** Event #11138304   t=353.548259449984   Elapsed: 545.132s (9m 05s)  70% completed  (85% total)
     Speed:     ev/sec=16108.2   simsec/sec=0.498683   ev/simsec=32301.4
     Messages:  created: 10934885   present: 1734   in FES: 171
** Event #11172096   t=354.576937040248   Elapsed: 547.138s (9m 07s)  70% completed  (85% total)
     Speed:     ev/sec=16845.3   simsec/sec=0.512796   ev/simsec=32849.9
     Messages:  created: 10967100   present: 1805   in FES: 206
** Event #11204864   t=355.577908543631   Elapsed: 549.172s (9m 09s)  71% completed  (85% total)
     Speed:     ev/sec=16103.2   simsec/sec=0.491909   ev/simsec=32736.2
     Messages:  created: 10997596   present: 1703   in FES: 160
** Event #11238144   t=356.596499266482   Elapsed: 551.177s (9m 11s)  71% completed  (85% total)
     Speed:     ev/sec=16601.5   simsec/sec=0.508117   ev/simsec=32672.6
     Messages:  created: 11029309   present: 1802   in FES: 206
** Event #11276800   t=357.587901817744   Elapsed: 553.183s (9m 13s)  71% completed  (85% total)
     Speed:     ev/sec=19273.5   simsec/sec=0.494302   ev/simsec=38991.2
     Messages:  created: 11069039   present: 1796   in FES: 191
** Event #11318528   t=359.051516777478   Elapsed: 555.185s (9m 15s)  71% completed  (85% total)
     Speed:     ev/sec=20843.6   simsec/sec=0.731091   ev/simsec=28510.2
     Messages:  created: 11109110   present: 1738   in FES: 171
** Event #11358976   t=360.513708050692   Elapsed: 557.193s (9m 17s)  72% completed  (86% total)
     Speed:     ev/sec=20143.2   simsec/sec=0.728174   ev/simsec=27662.6
     Messages:  created: 11147645   present: 1970   in FES: 256
** Event #11398400   t=361.512982559841   Elapsed: 559.193s (9m 19s)  72% completed  (86% total)
     Speed:     ev/sec=19711.3   simsec/sec=0.499619   ev/simsec=39452.6
     Messages:  created: 11188366   present: 1795   in FES: 190
** Event #11431424   t=362.518497883579   Elapsed: 561.204s (9m 21s)  72% completed  (86% total)
     Speed:     ev/sec=16417.7   simsec/sec=0.499886   ev/simsec=32842.9
     Messages:  created: 11219168   present: 1798   in FES: 189
** Event #11464704   t=363.513284398224   Elapsed: 563.219s (9m 23s)  72% completed  (86% total)
     Speed:     ev/sec=16522   simsec/sec=0.493868   ev/simsec=33454.4
     Messages:  created: 11250747   present: 1841   in FES: 195
** Event #11498752   t=364.569907670653   Elapsed: 565.243s (9m 25s)  72% completed  (86% total)
     Speed:     ev/sec=16820.8   simsec/sec=0.522007   ev/simsec=32223.4
     Messages:  created: 11283689   present: 1754   in FES: 179
** Event #11531264   t=365.582263919571   Elapsed: 567.25s (9m 27s)  73% completed  (86% total)
     Speed:     ev/sec=16196.4   simsec/sec=0.504323   ev/simsec=32115.2
     Messages:  created: 11314178   present: 1830   in FES: 203
** Event #11563520   t=366.580461673528   Elapsed: 569.262s (9m 29s)  73% completed  (86% total)
     Speed:     ev/sec=16029.5   simsec/sec=0.496051   ev/simsec=32314.2
     Messages:  created: 11344098   present: 1787   in FES: 186
** Event #11596800   t=367.603506987951   Elapsed: 571.272s (9m 31s)  73% completed  (86% total)
     Speed:     ev/sec=16560.5   simsec/sec=0.509079   ev/simsec=32530.3
     Messages:  created: 11375132   present: 1792   in FES: 191
** Event #11636992   t=369.039645122451   Elapsed: 573.274s (9m 33s)  73% completed  (86% total)
     Speed:     ev/sec=20075.5   simsec/sec=0.717335   ev/simsec=27986.2
     Messages:  created: 11412859   present: 1812   in FES: 193
** Event #11676672   t=370.300753138999   Elapsed: 575.275s (9m 35s)  74% completed  (87% total)
     Speed:     ev/sec=19832.4   simsec/sec=0.630313   ev/simsec=31464.4
     Messages:  created: 11450037   present: 1793   in FES: 201
** Event #11710976   t=371.520131629825   Elapsed: 577.281s (9m 37s)  74% completed  (87% total)
     Speed:     ev/sec=17102.8   simsec/sec=0.60794   ev/simsec=28132.4
     Messages:  created: 11482720   present: 1800   in FES: 191
** Event #11744512   t=372.54134319833   Elapsed: 579.313s (9m 39s)  74% completed  (87% total)
     Speed:     ev/sec=16501.7   simsec/sec=0.502498   ev/simsec=32839.4
     Messages:  created: 11514209   present: 1796   in FES: 191
** Event #11777280   t=373.543584699043   Elapsed: 581.329s (9m 41s)  74% completed  (87% total)
     Speed:     ev/sec=16253.1   simsec/sec=0.497117   ev/simsec=32694.7
     Messages:  created: 11544640   present: 1744   in FES: 173
** Event #11810048   t=374.55722300732   Elapsed: 583.341s (9m 43s)  74% completed  (87% total)
     Speed:     ev/sec=16281.7   simsec/sec=0.503654   ev/simsec=32327.1
     Messages:  created: 11575200   present: 1807   in FES: 194
** Event #11843072   t=375.560354838584   Elapsed: 585.361s (9m 45s)  75% completed  (87% total)
     Speed:     ev/sec=16348.3   simsec/sec=0.496593   ev/simsec=32920.9
     Messages:  created: 11605932   present: 1823   in FES: 200
** Event #11875840   t=376.572119285856   Elapsed: 587.37s (9m 47s)  75% completed  (87% total)
     Speed:     ev/sec=16316.7   simsec/sec=0.503805   ev/simsec=32387
     Messages:  created: 11636313   present: 1804   in FES: 206
** Event #11908864   t=377.598624068002   Elapsed: 589.385s (9m 49s)  75% completed  (87% total)
     Speed:     ev/sec=16387.2   simsec/sec=0.509374   ev/simsec=32171.3
     Messages:  created: 11667107   present: 1755   in FES: 172
** Event #11941632   t=378.600554505042   Elapsed: 591.407s (9m 51s)  75% completed  (87% total)
     Speed:     ev/sec=16202.6   simsec/sec=0.495418   ev/simsec=32704.9
     Messages:  created: 11697491   present: 1765   in FES: 178
** Event #11974656   t=379.604175874326   Elapsed: 593.417s (9m 53s)  75% completed  (87% total)
     Speed:     ev/sec=16434   simsec/sec=0.499441   ev/simsec=32904.8
     Messages:  created: 11728301   present: 1772   in FES: 181
** Event #12007936   t=380.593634695011   Elapsed: 595.455s (9m 55s)  76% completed  (88% total)
     Speed:     ev/sec=16329.4   simsec/sec=0.485496   ev/simsec=33634.5
     Messages:  created: 11759410   present: 1798   in FES: 193
** Event #12040704   t=381.590222410222   Elapsed: 597.489s (9m 57s)  76% completed  (88% total)
     Speed:     ev/sec=16110.8   simsec/sec=0.489986   ev/simsec=32880.2
     Messages:  created: 11790052   present: 1794   in FES: 206
** Event #12090368   t=382.544738511063   Elapsed: 599.492s (9m 59s)  76% completed  (88% total)
     Speed:     ev/sec=24787.8   simsec/sec=0.476409   ev/simsec=52030.6
     Messages:  created: 11846301   present: 1832   in FES: 197
** Event #12154368   t=383.517026229418   Elapsed: 601.513s (10m 01s)  76% completed  (88% total)
     Speed:     ev/sec=31665.9   simsec/sec=0.481068   ev/simsec=65824.1
     Messages:  created: 11923697   present: 1831   in FES: 202
** Event #12206848   t=384.096499989762   Elapsed: 603.515s (10m 03s)  76% completed  (88% total)
     Speed:     ev/sec=26215.3   simsec/sec=0.289464   ev/simsec=90564.9
     Messages:  created: 11985193   present: 1801   in FES: 206
** Event #12232192   t=385.034567942682   Elapsed: 605.516s (10m 05s)  77% completed  (88% total)
     Speed:     ev/sec=12668.9   simsec/sec=0.468921   ev/simsec=27017.2
     Messages:  created: 12009051   present: 1751   in FES: 176
** Event #12258304   t=385.609740199754   Elapsed: 607.552s (10m 07s)  77% completed  (88% total)
     Speed:     ev/sec=12823.6   simsec/sec=0.282468   ev/simsec=45398.6
     Messages:  created: 12033418   present: 1811   in FES: 198
** Event #12291328   t=386.596499084728   Elapsed: 609.593s (10m 09s)  77% completed  (88% total)
     Speed:     ev/sec=16181.5   simsec/sec=0.483503   ev/simsec=33467.1
     Messages:  created: 12064453   present: 1690   in FES: 157
** Event #12323840   t=387.585373220689   Elapsed: 611.595s (10m 11s)  77% completed  (88% total)
     Speed:     ev/sec=16236.9   simsec/sec=0.493856   ev/simsec=32877.8
     Messages:  created: 12094863   present: 1695   in FES: 158
** Event #12356864   t=388.587671210687   Elapsed: 613.627s (10m 13s)  77% completed  (88% total)
     Speed:     ev/sec=16250.2   simsec/sec=0.493204   ev/simsec=32948.3
     Messages:  created: 12125799   present: 1825   in FES: 200
** Event #12389376   t=389.567196243382   Elapsed: 615.652s (10m 15s)  77% completed  (88% total)
     Speed:     ev/sec=16063.1   simsec/sec=0.483949   ev/simsec=33191.6
     Messages:  created: 12155843   present: 1724   in FES: 170
** Event #12422144   t=390.551291015498   Elapsed: 617.652s (10m 17s)  78% completed  (89% total)
     Speed:     ev/sec=16378.3   simsec/sec=0.491877   ev/simsec=33297.6
     Messages:  created: 12186533   present: 1783   in FES: 183
** Event #12454400   t=391.544584612668   Elapsed: 619.686s (10m 19s)  78% completed  (89% total)
     Speed:     ev/sec=15860.4   simsec/sec=0.488406   ev/simsec=32473.8
     Messages:  created: 12216589   present: 1766   in FES: 177
** Event #12487424   t=392.544223285258   Elapsed: 621.702s (10m 21s)  78% completed  (89% total)
     Speed:     ev/sec=16381.8   simsec/sec=0.495879   ev/simsec=33035.9
     Messages:  created: 12247563   present: 1804   in FES: 191
** Event #12519680   t=393.527335847326   Elapsed: 623.732s (10m 23s)  78% completed  (89% total)
     Speed:     ev/sec=15887.3   simsec/sec=0.484221   ev/simsec=32810.1
     Messages:  created: 12277407   present: 1810   in FES: 206
** Event #12552448   t=394.520652096709   Elapsed: 625.734s (10m 25s)  78% completed  (89% total)
     Speed:     ev/sec=16371.2   simsec/sec=0.496269   ev/simsec=32988.5
     Messages:  created: 12308037   present: 1815   in FES: 206
** Event #12584448   t=395.346732623544   Elapsed: 627.737s (10m 27s)  79% completed  (89% total)
     Speed:     ev/sec=15974   simsec/sec=0.41237   ev/simsec=38737.1
     Messages:  created: 12337530   present: 1803   in FES: 228
** Event #12605952   t=396.031422067687   Elapsed: 629.742s (10m 29s)  79% completed  (89% total)
     Speed:     ev/sec=10724.3   simsec/sec=0.341463   ev/simsec=31406.9
     Messages:  created: 12357235   present: 1800   in FES: 206
** Event #12632064   t=396.584097173815   Elapsed: 631.748s (10m 31s)  79% completed  (89% total)
     Speed:     ev/sec=13018.6   simsec/sec=0.275546   ev/simsec=47246.6
     Messages:  created: 12380794   present: 1827   in FES: 200
** Event #12665600   t=397.571823956091   Elapsed: 633.781s (10m 33s)  79% completed  (89% total)
     Speed:     ev/sec=16495.8   simsec/sec=0.485848   ev/simsec=33952.7
     Messages:  created: 12412303   present: 1800   in FES: 191
** Event #12697600   t=398.550752469817   Elapsed: 635.803s (10m 35s)  79% completed  (89% total)
     Speed:     ev/sec=15824.5   simsec/sec=0.484094   ev/simsec=32688.8
     Messages:  created: 12441787   present: 1812   in FES: 207
** Event #12729088   t=399.523643122227   Elapsed: 637.813s (10m 37s)  79% completed  (89% total)
     Speed:     ev/sec=15668.9   simsec/sec=0.484124   ev/simsec=32365.4
     Messages:  created: 12470613   present: 1746   in FES: 173
** Event #12762624   t=400.520117123163   Elapsed: 639.843s (10m 39s)  80% completed  (90% total)
     Speed:     ev/sec=16515.8   simsec/sec=0.490742   ev/simsec=33654.7
     Messages:  created: 12502269   present: 1811   in FES: 206
** Event #12779264   t=400.833001776227   Elapsed: 641.845s (10m 41s)  80% completed  (90% total)
     Speed:     ev/sec=8314.24   simsec/sec=0.156334   ev/simsec=53182.5
     Messages:  created: 12517565   present: 1821   in FES: 206
** Event #12811776   t=401.593323035949   Elapsed: 643.848s (10m 43s)  80% completed  (90% total)
     Speed:     ev/sec=16224.9   simsec/sec=0.379434   ev/simsec=42760.9
     Messages:  created: 12547984   present: 1686   in FES: 157
** Event #12845056   t=402.571017617538   Elapsed: 645.862s (10m 45s)  80% completed  (90% total)
     Speed:     ev/sec=16529.6   simsec/sec=0.485605   ev/simsec=34039.3
     Messages:  created: 12579301   present: 1822   in FES: 201
** Event #12878336   t=403.548745621421   Elapsed: 647.877s (10m 47s)  80% completed  (90% total)
     Speed:     ev/sec=16516.3   simsec/sec=0.48523   ev/simsec=34038.1
     Messages:  created: 12611007   present: 1741   in FES: 174
** Event #12911104   t=404.528032543448   Elapsed: 649.883s (10m 49s)  80% completed  (90% total)
     Speed:     ev/sec=16334.6   simsec/sec=0.488166   ev/simsec=33461.1
     Messages:  created: 12641991   present: 1692   in FES: 157
** Event #12944384   t=405.517685651999   Elapsed: 651.884s (10m 51s)  81% completed  (90% total)
     Speed:     ev/sec=16626.4   simsec/sec=0.494424   ev/simsec=33627.9
     Messages:  created: 12673735   present: 1763   in FES: 178
** Event #12977920   t=406.506566721844   Elapsed: 653.895s (10m 53s)  81% completed  (90% total)
     Speed:     ev/sec=16677.1   simsec/sec=0.491761   ev/simsec=33913.1
     Messages:  created: 12705703   present: 1792   in FES: 206
** Event #12995584   t=407.001724169077   Elapsed: 655.896s (10m 55s)  81% completed  (90% total)
     Speed:     ev/sec=8828.25   simsec/sec=0.247474   ev/simsec=35673.5
     Messages:  created: 12722453   present: 1751   in FES: 178
** Event #13026304   t=407.591533058463   Elapsed: 657.925s (10m 57s)  81% completed  (90% total)
     Speed:     ev/sec=15145.3   simsec/sec=0.290781   ev/simsec=52084.7
     Messages:  created: 12750734   present: 1752   in FES: 177
** Event #13059328   t=408.5774239701   Elapsed: 659.955s (10m 59s)  81% completed  (90% total)
     Speed:     ev/sec=16265.8   simsec/sec=0.485595   ev/simsec=33496.6
     Messages:  created: 12782284   present: 1801   in FES: 190
** Event #13092352   t=409.573491146206   Elapsed: 661.965s (11m 01s)  81% completed  (90% total)
     Speed:     ev/sec=16424.1   simsec/sec=0.495384   ev/simsec=33154.4
     Messages:  created: 12813750   present: 1803   in FES: 234
** Event #13125376   t=410.547524077296   Elapsed: 663.994s (11m 03s)  82% completed  (91% total)
     Speed:     ev/sec=16280.6   simsec/sec=0.480191   ev/simsec=33904.4
     Messages:  created: 12845125   present: 1791   in FES: 186
** Event #13159424   t=411.53958082189   Elapsed: 666.001s (11m 06s)  82% completed  (91% total)
     Speed:     ev/sec=16962.8   simsec/sec=0.494246   ev/simsec=34320.6
     Messages:  created: 12877782   present: 1808   in FES: 193
** Event #13192704   t=412.528755336381   Elapsed: 668.023s (11m 08s)  82% completed  (91% total)
     Speed:     ev/sec=16457.5   simsec/sec=0.489163   ev/simsec=33644.2
     Messages:  created: 12909533   present: 1797   in FES: 190
** Event #13228032   t=413.540631801345   Elapsed: 670.03s (11m 10s)  82% completed  (91% total)
     Speed:     ev/sec=17603.5   simsec/sec=0.504204   ev/simsec=34913.4
     Messages:  created: 12944204   present: 1763   in FES: 178
** Event #13263360   t=414.564304970055   Elapsed: 672.037s (11m 12s)  82% completed  (91% total)
     Speed:     ev/sec=17607.8   simsec/sec=0.510208   ev/simsec=34511
     Messages:  created: 12978734   present: 1801   in FES: 206
** Event #13297920   t=415.556260085098   Elapsed: 674.062s (11m 14s)  83% completed  (91% total)
     Speed:     ev/sec=17060.1   simsec/sec=0.489667   ev/simsec=34840.3
     Messages:  created: 13011902   present: 1778   in FES: 185
** Event #13332992   t=416.556258523775   Elapsed: 676.079s (11m 16s)  83% completed  (91% total)
     Speed:     ev/sec=17391.7   simsec/sec=0.495884   ev/simsec=35072.1
     Messages:  created: 13045762   present: 1836   in FES: 205
** Event #13367552   t=417.558807704159   Elapsed: 678.11s (11m 18s)  83% completed  (91% total)
     Speed:     ev/sec=17014.8   simsec/sec=0.493582   ev/simsec=34472.1
     Messages:  created: 13079065   present: 1760   in FES: 177
** Event #13403648   t=418.58246169024   Elapsed: 680.124s (11m 20s)  83% completed  (91% total)
     Speed:     ev/sec=17927.4   simsec/sec=0.508406   ev/simsec=35261.9
     Messages:  created: 13114814   present: 1808   in FES: 193
** Event #13438720   t=419.587257673751   Elapsed: 682.142s (11m 22s)  83% completed  (91% total)
     Speed:     ev/sec=17375.9   simsec/sec=0.497811   ev/simsec=34904.6
     Messages:  created: 13149054   present: 1820   in FES: 206
** Event #13473792   t=420.597038895955   Elapsed: 684.162s (11m 24s)  84% completed  (92% total)
     Speed:     ev/sec=17358.2   simsec/sec=0.499771   ev/simsec=34732.3
     Messages:  created: 13183016   present: 1824   in FES: 206
** Event #13516288   t=422.025647854071   Elapsed: 686.165s (11m 26s)  84% completed  (92% total)
     Speed:     ev/sec=21219.4   simsec/sec=0.713344   ev/simsec=29746.4
     Messages:  created: 13226135   present: 1790   in FES: 191
** Event #13559552   t=423.05075285946   Elapsed: 688.172s (11m 28s)  84% completed  (92% total)
     Speed:     ev/sec=21559.7   simsec/sec=0.51084   ev/simsec=42204.5
     Messages:  created: 13270190   present: 1777   in FES: 208
** Event #13603584   t=424.363983378482   Elapsed: 690.175s (11m 30s)  84% completed  (92% total)
     Speed:     ev/sec=21982.8   simsec/sec=0.655625   ev/simsec=33529.5
     Messages:  created: 13314646   present: 1787   in FES: 207
** Event #13639424   t=425.516103432104   Elapsed: 692.195s (11m 32s)  85% completed  (92% total)
     Speed:     ev/sec=17743.4   simsec/sec=0.570384   ev/simsec=31107.9
     Messages:  created: 13349843   present: 1845   in FES: 206
** Event #13677312   t=426.52313254924   Elapsed: 694.233s (11m 34s)  85% completed  (92% total)
     Speed:     ev/sec=18586.5   simsec/sec=0.494013   ev/simsec=37623.5
     Messages:  created: 13387852   present: 1719   in FES: 164
** Event #13722624   t=427.5306832633   Elapsed: 696.243s (11m 36s)  85% completed  (92% total)
     Speed:     ev/sec=22548.3   simsec/sec=0.50138   ev/simsec=44972.4
     Messages:  created: 13437062   present: 1825   in FES: 200
** Event #13768448   t=428.541877878155   Elapsed: 698.252s (11m 38s)  85% completed  (92% total)
     Speed:     ev/sec=22812.3   simsec/sec=0.503398   ev/simsec=45316.7
     Messages:  created: 13486330   present: 1803   in FES: 206
** Event #13807104   t=429.565197933838   Elapsed: 700.256s (11m 40s)  85% completed  (92% total)
     Speed:     ev/sec=19286.3   simsec/sec=0.510556   ev/simsec=37775.1
     Messages:  created: 13525231   present: 1834   in FES: 205
** Event #13848832   t=430.591631962589   Elapsed: 702.276s (11m 42s)  86% completed  (93% total)
     Speed:     ev/sec=20652.3   simsec/sec=0.508009   ev/simsec=40653.4
     Messages:  created: 13568321   present: 1789   in FES: 188
** Event #13893376   t=432.039191921395   Elapsed: 704.281s (11m 44s)  86% completed  (93% total)
     Speed:     ev/sec=22221.7   simsec/sec=0.722146   ev/simsec=30771.8
     Messages:  created: 13613427   present: 1777   in FES: 182
** Event #13940480   t=433.515272121064   Elapsed: 706.294s (11m 46s)  86% completed  (93% total)
     Speed:     ev/sec=23403.9   simsec/sec=0.733398   ev/simsec=31911.5
     Messages:  created: 13661430   present: 1798   in FES: 191
** Event #13977856   t=434.54052583322   Elapsed: 708.31s (11m 48s)  86% completed  (93% total)
     Speed:     ev/sec=18536.9   simsec/sec=0.508482   ev/simsec=36455.4
     Messages:  created: 13698515   present: 1738   in FES: 171
** Event #14013952   t=435.54942777872   Elapsed: 710.315s (11m 50s)  87% completed  (93% total)
     Speed:     ev/sec=18005.7   simsec/sec=0.503268   ev/simsec=35777.5
     Messages:  created: 13733972   present: 1800   in FES: 193
** Event #14052352   t=436.582987235478   Elapsed: 712.317s (11m 52s)  87% completed  (93% total)
     Speed:     ev/sec=19181   simsec/sec=0.516269   ev/simsec=37153.2
     Messages:  created: 13772626   present: 1766   in FES: 179
** Event #14094848   t=438.025595375078   Elapsed: 714.322s (11m 54s)  87% completed  (93% total)
     Speed:     ev/sec=21192.3   simsec/sec=0.719413   ev/simsec=29457.8
     Messages:  created: 13815902   present: 1830   in FES: 206
** Event #14143488   t=439.506761846948   Elapsed: 716.326s (11m 56s)  87% completed  (93% total)
     Speed:     ev/sec=24264.9   simsec/sec=0.738906   ev/simsec=32839
     Messages:  created: 13865137   present: 1800   in FES: 206
** Event #14180864   t=440.535129369134   Elapsed: 718.338s (11m 58s)  88% completed  (94% total)
     Speed:     ev/sec=18579.5   simsec/sec=0.511199   ev/simsec=36345
     Messages:  created: 13902095   present: 1748   in FES: 207
** Event #14218496   t=441.550764825619   Elapsed: 720.346s (12m 00s)  88% completed  (94% total)
     Speed:     ev/sec=18739.2   simsec/sec=0.505744   ev/simsec=37052.7
     Messages:  created: 13939796   present: 1840   in FES: 236
** Event #14256896   t=442.590398522402   Elapsed: 722.369s (12m 02s)  88% completed  (94% total)
     Speed:     ev/sec=18984   simsec/sec=0.513969   ev/simsec=36936.1
     Messages:  created: 13978311   present: 1798   in FES: 191
** Event #14302720   t=444.050165307749   Elapsed: 724.374s (12m 04s)  88% completed  (94% total)
     Speed:     ev/sec=22852.8   simsec/sec=0.727996   ev/simsec=31391.3
     Messages:  created: 14024380   present: 1766   in FES: 183
** Event #14349824   t=445.538473222407   Elapsed: 726.386s (12m 06s)  89% completed  (94% total)
     Speed:     ev/sec=23414.6   simsec/sec=0.739811   ev/simsec=31649.4
     Messages:  created: 14073267   present: 1737   in FES: 170
** Event #14388224   t=446.554742825973   Elapsed: 728.387s (12m 08s)  89% completed  (94% total)
     Speed:     ev/sec=19185.2   simsec/sec=0.507743   ev/simsec=37785.2
     Messages:  created: 14111936   present: 1706   in FES: 170
** Event #14429440   t=447.596515552219   Elapsed: 730.398s (12m 10s)  89% completed  (94% total)
     Speed:     ev/sec=20496.1   simsec/sec=0.518059   ev/simsec=39563.3
     Messages:  created: 14154797   present: 1753   in FES: 176
** Event #14475520   t=449.039192297866   Elapsed: 732.401s (12m 12s)  89% completed  (94% total)
     Speed:     ev/sec=23011.2   simsec/sec=0.720435   ev/simsec=31940.6
     Messages:  created: 14201829   present: 1744   in FES: 171
** Event #14523904   t=450.507962488318   Elapsed: 734.406s (12m 14s)  90% completed  (95% total)
     Speed:     ev/sec=24134.3   simsec/sec=0.732633   ev/simsec=32941.8
     Messages:  created: 14252090   present: 1946   in FES: 256
** Event #14564096   t=451.534908179217   Elapsed: 736.418s (12m 16s)  90% completed  (95% total)
     Speed:     ev/sec=19970.9   simsec/sec=0.510277   ev/simsec=39137.4
     Messages:  created: 14293445   present: 1832   in FES: 206
** Event #14603520   t=452.550529327942   Elapsed: 738.431s (12m 18s)  90% completed  (95% total)
     Speed:     ev/sec=19586.4   simsec/sec=0.504575   ev/simsec=38817.6
     Messages:  created: 14333599   present: 1686   in FES: 157
** Event #14645248   t=453.800753042683   Elapsed: 740.435s (12m 20s)  90% completed  (95% total)
     Speed:     ev/sec=20819.3   simsec/sec=0.623773   ev/simsec=33376.4
     Messages:  created: 14377174   present: 1752   in FES: 206
** Event #14701824   t=455.514653597591   Elapsed: 742.462s (12m 22s)  91% completed  (95% total)
     Speed:     ev/sec=27911.3   simsec/sec=0.845537   ev/simsec=33010.1
     Messages:  created: 14436856   present: 1755   in FES: 176
** Event #14743296   t=456.565516698504   Elapsed: 744.467s (12m 24s)  91% completed  (95% total)
     Speed:     ev/sec=20686.3   simsec/sec=0.524171   ev/simsec=39464.7
     Messages:  created: 14480232   present: 1910   in FES: 256
** Event #14791424   t=458.050109758368   Elapsed: 746.472s (12m 26s)  91% completed  (95% total)
     Speed:     ev/sec=24008.4   simsec/sec=0.740582   ev/simsec=32418.3
     Messages:  created: 14529461   present: 1688   in FES: 157
** Event #14839552   t=459.524151137166   Elapsed: 748.474s (12m 28s)  91% completed  (95% total)
     Speed:     ev/sec=24042.4   simsec/sec=0.73636   ev/simsec=32650.4
     Messages:  created: 14580003   present: 1810   in FES: 195
** Event #14882560   t=460.596499932183   Elapsed: 750.49s (12m 30s)  92% completed  (96% total)
     Speed:     ev/sec=21324.4   simsec/sec=0.531695   ev/simsec=40106.4
     Messages:  created: 14625014   present: 1809   in FES: 206
** Event #14939904   t=462.521789903214   Elapsed: 752.509s (12m 32s)  92% completed  (96% total)
     Speed:     ev/sec=28411.2   simsec/sec=0.953887   ev/simsec=29784.6
     Messages:  created: 14685345   present: 1793   in FES: 190
** Event #14981632   t=463.569360893052   Elapsed: 754.529s (12m 34s)  92% completed  (96% total)
     Speed:     ev/sec=20659.1   simsec/sec=0.518642   ev/simsec=39833.1
     Messages:  created: 14728266   present: 1818   in FES: 206
** Event #15036160   t=465.099414991382   Elapsed: 756.529s (12m 36s)  93% completed  (96% total)
     Speed:     ev/sec=27258.5   simsec/sec=0.764874   ev/simsec=35638
     Messages:  created: 14784770   present: 1804   in FES: 193
** Event #15083264   t=466.583304194021   Elapsed: 758.538s (12m 38s)  93% completed  (96% total)
     Speed:     ev/sec=23452   simsec/sec=0.738794   ev/simsec=31743.6
     Messages:  created: 14835190   present: 1827   in FES: 200
** Event #15141888   t=468.511819971593   Elapsed: 760.547s (12m 40s)  93% completed  (96% total)
     Speed:     ev/sec=29173.5   simsec/sec=0.959703   ev/simsec=30398.5
     Messages:  created: 14896574   present: 1736   in FES: 171
** Event #15184896   t=469.58839503698   Elapsed: 762.551s (12m 42s)  93% completed  (96% total)
     Speed:     ev/sec=21464.9   simsec/sec=0.537308   ev/simsec=39948.9
     Messages:  created: 14940554   present: 1763   in FES: 180
** Event #15239424   t=471.51816895641   Elapsed: 764.56s (12m 44s)  94% completed  (97% total)
     Speed:     ev/sec=27131   simsec/sec=0.96018   ev/simsec=28256.2
     Messages:  created: 14995338   present: 1795   in FES: 191
** Event #15286528   t=473.035174580754   Elapsed: 766.563s (12m 46s)  94% completed  (97% total)
     Speed:     ev/sec=23526.9   simsec/sec=0.757695   ev/simsec=31050.6
     Messages:  created: 15042993   present: 1782   in FES: 185
** Event #15334912   t=474.568287177923   Elapsed: 768.571s (12m 48s)  94% completed  (97% total)
     Speed:     ev/sec=24085.2   simsec/sec=0.763171   ev/simsec=31559.3
     Messages:  created: 15091293   present: 1790   in FES: 191
** Event #15378688   t=476.034513171556   Elapsed: 770.575s (12m 50s)  95% completed  (97% total)
     Speed:     ev/sec=21853.6   simsec/sec=0.731961   ev/simsec=29856.2
     Messages:  created: 15134369   present: 1798   in FES: 206
** Event #15425536   t=477.539200940027   Elapsed: 772.584s (12m 52s)  95% completed  (97% total)
     Speed:     ev/sec=23316.5   simsec/sec=0.748892   ev/simsec=31134.7
     Messages:  created: 15180311   present: 1771   in FES: 181
** Event #15467264   t=479.002565414523   Elapsed: 774.585s (12m 54s)  95% completed  (97% total)
     Speed:     ev/sec=20856.5   simsec/sec=0.731419   ev/simsec=28515.1
     Messages:  created: 15222082   present: 1766   in FES: 183
** Event #15517952   t=480.540569972151   Elapsed: 776.596s (12m 56s)  96% completed  (98% total)
     Speed:     ev/sec=25200.8   simsec/sec=0.764658   ev/simsec=32957
     Messages:  created: 15272420   present: 1835   in FES: 206
** Event #15555328   t=481.595380906921   Elapsed: 778.616s (12m 58s)  96% completed  (98% total)
     Speed:     ev/sec=18498.8   simsec/sec=0.522065   ev/simsec=35433.8
     Messages:  created: 15308561   present: 1721   in FES: 166
** Event #15607552   t=483.514006861866   Elapsed: 780.638s (13m 00s)  96% completed  (98% total)
     Speed:     ev/sec=25826.6   simsec/sec=0.948829   ev/simsec=27219.5
     Messages:  created: 15359973   present: 1767   in FES: 182
** Event #15644672   t=484.554283212651   Elapsed: 782.656s (13m 02s)  96% completed  (98% total)
     Speed:     ev/sec=18401.2   simsec/sec=0.515687   ev/simsec=35682.8
     Messages:  created: 15395657   present: 1830   in FES: 202
** Event #15681280   t=485.585368704817   Elapsed: 784.662s (13m 04s)  97% completed  (98% total)
     Speed:     ev/sec=18244.7   simsec/sec=0.513872   ev/simsec=35504.3
     Messages:  created: 15430718   present: 1753   in FES: 176
** Event #15724288   t=487.03735562418   Elapsed: 786.664s (13m 06s)  97% completed  (98% total)
     Speed:     ev/sec=21481   simsec/sec=0.725217   ev/simsec=29620.1
     Messages:  created: 15472418   present: 1805   in FES: 192
** Event #15768832   t=488.516814513219   Elapsed: 788.671s (13m 08s)  97% completed  (98% total)
     Speed:     ev/sec=22194.3   simsec/sec=0.737149   ev/simsec=30108.3
     Messages:  created: 15515664   present: 1835   in FES: 204
** Event #15804672   t=489.540245129529   Elapsed: 790.674s (13m 10s)  97% completed  (98% total)
     Speed:     ev/sec=17897.3   simsec/sec=0.511067   ev/simsec=35019.5
     Messages:  created: 15549828   present: 1814   in FES: 199
** Event #15840256   t=490.568801651409   Elapsed: 792.677s (13m 12s)  98% completed  (99% total)
     Speed:     ev/sec=17760.6   simsec/sec=0.513372   ev/simsec=34596.1
     Messages:  created: 15583681   present: 1853   in FES: 211
** Event #15876608   t=491.592506490862   Elapsed: 794.699s (13m 14s)  98% completed  (99% total)
     Speed:     ev/sec=17986.5   simsec/sec=0.506516   ev/simsec=35510.2
     Messages:  created: 15618544   present: 1704   in FES: 161
** Event #15918336   t=493.034567266482   Elapsed: 796.702s (13m 16s)  98% completed  (99% total)
     Speed:     ev/sec=20829.9   simsec/sec=0.719853   ev/simsec=28936.4
     Messages:  created: 15658946   present: 1787   in FES: 188
** Event #15964160   t=494.512527986069   Elapsed: 798.727s (13m 18s)  98% completed  (99% total)
     Speed:     ev/sec=22627.6   simsec/sec=0.729809   ev/simsec=31004.9
     Messages:  created: 15703388   present: 1755   in FES: 176
** Event #16000000   t=495.544674624178   Elapsed: 800.735s (13m 20s)  99% completed  (99% total)
     Speed:     ev/sec=17849   simsec/sec=0.514029   ev/simsec=34723.7
     Messages:  created: 15737810   present: 1987   in FES: 255
** Event #16036096   t=496.565138741789   Elapsed: 802.764s (13m 22s)  99% completed  (99% total)
     Speed:     ev/sec=17786   simsec/sec=0.502826   ev/simsec=35372.1
     Messages:  created: 15772135   present: 1773   in FES: 186
** Event #16072960   t=497.60663291775   Elapsed: 804.778s (13m 24s)  99% completed  (99% total)
     Speed:     ev/sec=18308.4   simsec/sec=0.517256   ev/simsec=35395.3
     Messages:  created: 15808146   present: 1835   in FES: 202
** Event #16118272   t=499.073479509763   Elapsed: 806.778s (13m 26s)  99% completed  (99% total)
     Speed:     ev/sec=22655.2   simsec/sec=0.733397   ev/simsec=30890.8
     Messages:  created: 15851566   present: 1786   in FES: 208
** Event #16141361   t=500   Elapsed: 808.345s (13m 28s)  100% completed  (100% total)
     Speed:     ev/sec=14731.3   simsec/sec=0.58559   ev/simsec=25156.3
     Messages:  created: 15874241   present: 1681   in FES: 155

<!> Simulation time limit reached -- at t=500s, event #16141361
undisposed object: (omnetpp::cMessage) FanetStressNetwork.uav[0].app.debugTimer -- check module destructor
undisposed object: (omnetpp::cMessage) FanetStressNetwork.uav[1].app.debugTimer -- check module destructor
undisposed object: (omnetpp::cMessage) FanetStressNetwork.uav[2].app.debugTimer -- check module destructor
undisposed object: (omnetpp::cMessage) FanetStressNetwork.uav[3].app.debugTimer -- check module destructor
undisposed object: (omnetpp::cMessage) FanetStressNetwork.uav[4].app.debugTimer -- check module destructor
undisposed object: (omnetpp::cMessage) FanetStressNetwork.uav[5].app.debugTimer -- check module destructor
undisposed object: (omnetpp::cMessage) FanetStressNetwork.uav[6].app.debugTimer -- check module destructor
undisposed object: (omnetpp::cMessage) FanetStressNetwork.uav[7].app.debugTimer -- check module destructor
undisposed object: (omnetpp::cMessage) FanetStressNetwork.uav[8].app.debugTimer -- check module destructor
undisposed object: (omnetpp::cMessage) FanetStressNetwork.uav[9].app.debugTimer -- check module destructor
undisposed object: (omnetpp::cMessage) FanetStressNetwork.uav[10].app.debugTimer -- check module destructor
undisposed object: (omnetpp::cMessage) FanetStressNetwork.uav[11].app.debugTimer -- check module destructor
undisposed object: (omnetpp::cMessage) FanetStressNetwork.uav[12].app.debugTimer -- check module destructor
undisposed object: (omnetpp::cMessage) FanetStressNetwork.uav[13].app.debugTimer -- check module destructor
undisposed object: (omnetpp::cMessage) FanetStressNetwork.uav[14].app.debugTimer -- check module destructor
undisposed object: (omnetpp::cMessage) FanetStressNetwork.uav[15].app.debugTimer -- check module destructor
undisposed object: (omnetpp::cMessage) FanetStressNetwork.uav[16].app.debugTimer -- check module destructor
undisposed object: (omnetpp::cMessage) FanetStressNetwork.uav[17].app.debugTimer -- check module destructor
undisposed object: (omnetpp::cMessage) FanetStressNetwork.uav[18].app.debugTimer -- check module destructor
undisposed object: (omnetpp::cMessage) FanetStressNetwork.uav[19].app.debugTimer -- check module destructor
undisposed object: (omnetpp::cMessage) FanetStressNetwork.uav[20].app.debugTimer -- check module destructor
undisposed object: (omnetpp::cMessage) FanetStressNetwork.uav[21].app.debugTimer -- check module destructor
undisposed object: (omnetpp::cMessage) FanetStressNetwork.uav[22].app.debugTimer -- check module destructor
undisposed object: (omnetpp::cMessage) FanetStressNetwork.uav[23].app.debugTimer -- check module destructor
undisposed object: (omnetpp::cMessage) FanetStressNetwork.uav[24].app.debugTimer -- check module destructor
undisposed object: (omnetpp::cMessage) FanetStressNetwork.uav[25].app.debugTimer -- check module destructor
undisposed object: (omnetpp::cMessage) FanetStressNetwork.uav[26].app.debugTimer -- check module destructor
undisposed object: (omnetpp::cMessage) FanetStressNetwork.uav[27].app.debugTimer -- check module destructor
undisposed object: (omnetpp::cMessage) FanetStressNetwork.uav[28].app.debugTimer -- check module destructor
undisposed object: (omnetpp::cMessage) FanetStressNetwork.uav[29].app.debugTimer -- check module destructor
undisposed object: (omnetpp::cMessage) FanetStressNetwork.uav[30].app.debugTimer -- check module destructor
undisposed object: (omnetpp::cMessage) FanetStressNetwork.uav[31].app.debugTimer -- check module destructor
undisposed object: (omnetpp::cMessage) FanetStressNetwork.uav[32].app.debugTimer -- check module destructor
undisposed object: (omnetpp::cMessage) FanetStressNetwork.uav[33].app.debugTimer -- check module destructor
undisposed object: (omnetpp::cMessage) FanetStressNetwork.uav[34].app.debugTimer -- check module destructor
undisposed object: (omnetpp::cMessage) FanetStressNetwork.uav[35].app.debugTimer -- check module destructor
undisposed object: (omnetpp::cMessage) FanetStressNetwork.uav[36].app.debugTimer -- check module destructor
undisposed object: (omnetpp::cMessage) FanetStressNetwork.uav[37].app.debugTimer -- check module destructor
undisposed object: (omnetpp::cMessage) FanetStressNetwork.uav[38].app.debugTimer -- check module destructor
undisposed object: (omnetpp::cMessage) FanetStressNetwork.uav[39].app.debugTimer -- check module destructor
undisposed object: (omnetpp::cMessage) FanetStressNetwork.uav[40].app.debugTimer -- check module destructor
undisposed object: (omnetpp::cMessage) FanetStressNetwork.uav[41].app.debugTimer -- check module destructor
undisposed object: (omnetpp::cMessage) FanetStressNetwork.uav[42].app.debugTimer -- check module destructor
undisposed object: (omnetpp::cMessage) FanetStressNetwork.uav[43].app.debugTimer -- check module destructor
undisposed object: (omnetpp::cMessage) FanetStressNetwork.uav[44].app.debugTimer -- check module destructor
undisposed object: (omnetpp::cMessage) FanetStressNetwork.uav[45].app.debugTimer -- check module destructor
undisposed object: (omnetpp::cMessage) FanetStressNetwork.uav[46].app.debugTimer -- check module destructor
undisposed object: (omnetpp::cMessage) FanetStressNetwork.uav[47].app.debugTimer -- check module destructor
undisposed object: (omnetpp::cMessage) FanetStressNetwork.uav[48].app.debugTimer -- check module destructor
undisposed object: (omnetpp::cMessage) FanetStressNetwork.uav[49].app.debugTimer -- check module destructor
