** Event #0   t=0   Elapsed: 8e-06s (0m 00s)  0% completed  (50% total)
     Speed:     ev/sec=0   simsec/sec=0   ev/simsec=0
     Messages:  created: 1081   present: 1081   in FES: 161
** Event #43008   t=4.513024732443   Elapsed: 2.01452s (0m 02s)  0% completed  (50% total)
     Speed:     ev/sec=21349.6   simsec/sec=2.24026   ev/simsec=9529.97
     Messages:  created: 36914   present: 1222   in FES: 154
** Event #74752   t=8.00193062629   Elapsed: 4.0152s (0m 04s)  1% completed  (50% total)
     Speed:     ev/sec=15866.6   simsec/sec=1.74386   ev/simsec=9098.55
     Messages:  created: 61932   present: 1044   in FES: 103
** Event #109312   t=11.516162554827   Elapsed: 6.02023s (0m 06s)  2% completed  (51% total)
     Speed:     ev/sec=17236.6   simsec/sec=1.75271   ev/simsec=9834.3
     Messages:  created: 89250   present: 1074   in FES: 111
** Event #139520   t=14.538598708329   Elapsed: 8.02903s (0m 08s)  2% completed  (51% total)
     Speed:     ev/sec=15037.8   simsec/sec=1.5046   ev/simsec=9994.59
     Messages:  created: 113368   present: 1088   in FES: 117
** Event #174592   t=18.091384847856   Elapsed: 10.033s (0m 10s)  3% completed  (51% total)
     Speed:     ev/sec=17501.1   simsec/sec=1.77286   ev/simsec=9871.69
     Messages:  created: 141572   present: 1087   in FES: 116
** Event #207616   t=22.001929174768   Elapsed: 12.0393s (0m 12s)  4% completed  (52% total)
     Speed:     ev/sec=16460   simsec/sec=1.94912   ev/simsec=8444.86
     Messages:  created: 168088   present: 1102   in FES: 123
** Event #246016   t=26.0325323783   Elapsed: 14.0467s (0m 14s)  5% completed  (52% total)
     Speed:     ev/sec=19129.3   simsec/sec=2.00788   ev/simsec=9527.11
     Messages:  created: 199342   present: 1111   in FES: 126
** Event #281344   t=30.002333582346   Elapsed: 16.0505s (0m 16s)  6% completed  (53% total)
     Speed:     ev/sec=17631   simsec/sec=1.9812   ev/simsec=8899.19
     Messages:  created: 227883   present: 1112   in FES: 125
** Event #320512   t=34.045371839916   Elapsed: 18.0551s (0m 18s)  6% completed  (53% total)
     Speed:     ev/sec=19539.1   simsec/sec=2.01689   ev/simsec=9687.76
     Messages:  created: 259754   present: 1102   in FES: 121
** Event #354816   t=37.594489551348   Elapsed: 20.0696s (0m 20s)  7% completed  (53% total)
     Speed:     ev/sec=17028.6   simsec/sec=1.76179   ev/simsec=9665.5
     Messages:  created: 287344   present: 1054   in FES: 107
** Event #391680   t=41.578730029696   Elapsed: 22.0792s (0m 22s)  8% completed  (54% total)
     Speed:     ev/sec=18343.7   simsec/sec=1.98258   ev/simsec=9252.45
     Messages:  created: 317172   present: 1069   in FES: 108
** Event #428032   t=45.558816291313   Elapsed: 24.0837s (0m 24s)  9% completed  (54% total)
     Speed:     ev/sec=18134.9   simsec/sec=1.98555   ev/simsec=9133.47
     Messages:  created: 346528   present: 1101   in FES: 122
** Event #464128   t=49.528537992821   Elapsed: 26.0865s (0m 26s)  9% completed  (54% total)
     Speed:     ev/sec=18023   simsec/sec=1.98211   ev/simsec=9092.83
     Messages:  created: 375429   present: 1102   in FES: 126
** Event #502784   t=53.533815742693   Elapsed: 28.0968s (0m 28s)  10% completed  (55% total)
     Speed:     ev/sec=19229.1   simsec/sec=1.9924   ev/simsec=9651.27
     Messages:  created: 406385   present: 1195   in FES: 156
** Event #539648   t=57.512356003401   Elapsed: 30.1007s (0m 30s)  11% completed  (55% total)
     Speed:     ev/sec=18396   simsec/sec=1.98538   ev/simsec=9265.71
     Messages:  created: 435630   present: 1098   in FES: 126
** Event #571648   t=60.585680855361   Elapsed: 32.1188s (0m 32s)  12% completed  (56% total)
     Speed:     ev/sec=15856.6   simsec/sec=1.52289   ev/simsec=10412.2
     Messages:  created: 461138   present: 1108   in FES: 123
** Event #608512   t=64.553877495134   Elapsed: 34.1343s (0m 34s)  12% completed  (56% total)
     Speed:     ev/sec=18289.5   simsec/sec=1.96876   ev/simsec=9289.86
     Messages:  created: 490539   present: 1032   in FES: 97
** Event #645120   t=68.531665173131   Elapsed: 36.1371s (0m 36s)  13% completed  (56% total)
     Speed:     ev/sec=18279.1   simsec/sec=1.98619   ev/simsec=9203.11
     Messages:  created: 519824   present: 1072   in FES: 111
** Event #678912   t=72.04023783688   Elapsed: 38.1394s (0m 38s)  14% completed  (57% total)
     Speed:     ev/sec=16876.6   simsec/sec=1.75227   ev/simsec=9631.27
     Messages:  created: 546960   present: 1113   in FES: 126
** Event #715520   t=76.027493872781   Elapsed: 40.14s (0m 40s)  15% completed  (57% total)
     Speed:     ev/sec=18298   simsec/sec=1.99297   ev/simsec=9181.25
     Messages:  created: 576527   present: 1114   in FES: 126
** Event #750080   t=79.585927983029   Elapsed: 42.1451s (0m 42s)  15% completed  (57% total)
     Speed:     ev/sec=17236.1   simsec/sec=1.7747   ev/simsec=9712.14
     Messages:  created: 604583   present: 1075   in FES: 112
** Event #786688   t=83.585928197812   Elapsed: 44.156s (0m 44s)  16% completed  (58% total)
     Speed:     ev/sec=18204.8   simsec/sec=1.98916   ev/simsec=9152
     Messages:  created: 634278   present: 1053   in FES: 106
** Event #823552   t=87.604493070719   Elapsed: 46.1704s (0m 46s)  17% completed  (58% total)
     Speed:     ev/sec=18300.3   simsec/sec=1.99492   ev/simsec=9173.42
     Messages:  created: 664402   present: 1066   in FES: 111
** Event #860416   t=92.002633848069   Elapsed: 48.1726s (0m 48s)  18% completed  (59% total)
     Speed:     ev/sec=18412   simsec/sec=2.19668   ev/simsec=8381.72
     Messages:  created: 694423   present: 1110   in FES: 125
** Event #901888   t=96.523856234129   Elapsed: 50.1804s (0m 50s)  19% completed  (59% total)
     Speed:     ev/sec=20655   simsec/sec=2.25178   ev/simsec=9172.74
     Messages:  created: 728343   present: 1036   in FES: 97
** Event #941312   t=100.556434652965   Elapsed: 52.1968s (0m 52s)  20% completed  (60% total)
     Speed:     ev/sec=19552.2   simsec/sec=1.99995   ev/simsec=9776.38
     Messages:  created: 761692   present: 1064   in FES: 105
** Event #993024   t=103.071437064018   Elapsed: 54.2047s (0m 54s)  20% completed  (60% total)
     Speed:     ev/sec=25753.9   simsec/sec=1.25253   ev/simsec=20561.4
     Messages:  created: 819691   present: 1118   in FES: 150
** Event #1038848   t=105.541172286711   Elapsed: 56.2092s (0m 56s)  21% completed  (60% total)
     Speed:     ev/sec=22860.1   simsec/sec=1.23207   ev/simsec=18554.2
     Messages:  created: 870681   present: 1119   in FES: 129
** Event #1084672   t=108.043762716088   Elapsed: 58.2162s (0m 58s)  21% completed  (60% total)
     Speed:     ev/sec=22832.9   simsec/sec=1.24698   ev/simsec=18310.6
     Messages:  created: 920531   present: 1058   in FES: 105
** Event #1131008   t=110.584557871904   Elapsed: 60.2218s (1m 00s)  22% completed  (61% total)
     Speed:     ev/sec=23103.6   simsec/sec=1.26686   ev/simsec=18236.8
     Messages:  created: 971487   present: 1095   in FES: 120
** Event #1179392   t=113.517516259432   Elapsed: 62.2402s (1m 02s)  22% completed  (61% total)
     Speed:     ev/sec=23970.9   simsec/sec=1.45308   ev/simsec=16496.7
     Messages:  created: 1023714   present: 1097   in FES: 118
** Event #1221376   t=116.0248442339   Elapsed: 64.2406s (1m 04s)  23% completed  (61% total)
     Speed:     ev/sec=20987.7   simsec/sec=1.25341   ev/simsec=16744.5
     Messages:  created: 1068354   present: 1077   in FES: 114
** Event #1266688   t=118.591091447611   Elapsed: 66.2445s (1m 06s)  23% completed  (61% total)
     Speed:     ev/sec=22611.7   simsec/sec=1.28061   ev/simsec=17656.9
     Messages:  created: 1116353   present: 1075   in FES: 110
** Event #1313792   t=121.551538721711   Elapsed: 68.2465s (1m 08s)  24% completed  (62% total)
     Speed:     ev/sec=23528.8   simsec/sec=1.47876   ev/simsec=15911.1
     Messages:  created: 1166679   present: 1058   in FES: 127
** Event #1361152   t=124.534614575673   Elapsed: 70.2584s (1m 10s)  24% completed  (62% total)
     Speed:     ev/sec=23539.7   simsec/sec=1.4827   ev/simsec=15876.2
     Messages:  created: 1217684   present: 1102   in FES: 126
** Event #1404672   t=127.058717417209   Elapsed: 72.2639s (1m 12s)  25% completed  (62% total)
     Speed:     ev/sec=21700.6   simsec/sec=1.25861   ev/simsec=17241.8
     Messages:  created: 1263776   present: 1080   in FES: 111
** Event #1447680   t=129.585996959771   Elapsed: 74.2668s (1m 14s)  25% completed  (62% total)
     Speed:     ev/sec=21472.7   simsec/sec=1.2618   ev/simsec=17017.5
     Messages:  created: 1310333   present: 1091   in FES: 118
** Event #1494272   t=132.529884257446   Elapsed: 76.2764s (1m 16s)  26% completed  (63% total)
     Speed:     ev/sec=23185   simsec/sec=1.46493   ev/simsec=15826.7
     Messages:  created: 1360122   present: 1082   in FES: 115
** Event #1538816   t=135.081757072732   Elapsed: 78.2816s (1m 18s)  27% completed  (63% total)
     Speed:     ev/sec=22214.1   simsec/sec=1.27262   ev/simsec=17455.4
     Messages:  created: 1407007   present: 1033   in FES: 98
** Event #1580800   t=137.60536627092   Elapsed: 80.2877s (1m 20s)  27% completed  (63% total)
     Speed:     ev/sec=20928.2   simsec/sec=1.25797   ev/simsec=16636.5
     Messages:  created: 1451854   present: 1099   in FES: 126
** Event #1630208   t=140.709606229456   Elapsed: 82.2907s (1m 22s)  28% completed  (64% total)
     Speed:     ev/sec=24666.9   simsec/sec=1.54979   ev/simsec=15916.3
     Messages:  created: 1505211   present: 1070   in FES: 127
** Event #1675264   t=143.550399397193   Elapsed: 84.303s (1m 24s)  28% completed  (64% total)
     Speed:     ev/sec=22390.2   simsec/sec=1.41171   ev/simsec=15860.4
     Messages:  created: 1553003   present: 1117   in FES: 124
** Event #1720832   t=146.533788830173   Elapsed: 86.3062s (1m 26s)  29% completed  (64% total)
     Speed:     ev/sec=22747.4   simsec/sec=1.4893   ev/simsec=15273.9
     Messages:  created: 1600949   present: 1028   in FES: 97
** Event #1766656   t=149.534860929921   Elapsed: 88.3228s (1m 28s)  29% completed  (64% total)
     Speed:     ev/sec=22724.1   simsec/sec=1.48823   ev/simsec=15269.2
     Messages:  created: 1648939   present: 1106   in FES: 123
** Event #1808640   t=152.051067553388   Elapsed: 90.3255s (1m 30s)  30% completed  (65% total)
     Speed:     ev/sec=20963.5   simsec/sec=1.25639   ev/simsec=16685.4
     Messages:  created: 1692967   present: 1048   in FES: 99
** Event #1853440   t=154.958953928925   Elapsed: 92.3311s (1m 32s)  30% completed  (65% total)
     Speed:     ev/sec=22337.5   simsec/sec=1.44989   ev/simsec=15406.4
     Messages:  created: 1740099   present: 1085   in FES: 116
** Event #1897984   t=157.569098236479   Elapsed: 94.3316s (1m 34s)  31% completed  (65% total)
     Speed:     ev/sec=22266.4   simsec/sec=1.30474   ev/simsec=17065.7
     Messages:  created: 1785904   present: 1070   in FES: 111
** Event #1943296   t=160.521853025659   Elapsed: 96.3436s (1m 36s)  32% completed  (66% total)
     Speed:     ev/sec=22520.7   simsec/sec=1.46756   ev/simsec=15345.7
     Messages:  created: 1833585   present: 1087   in FES: 126
** Event #1989120   t=163.291885284892   Elapsed: 98.3481s (1m 38s)  32% completed  (66% total)
     Speed:     ev/sec=22860.2   simsec/sec=1.38189   ev/simsec=16542.8
     Messages:  created: 1881745   present: 1051   in FES: 127
** Event #2034688   t=166.069537710742   Elapsed: 100.353s (1m 40s)  33% completed  (66% total)
     Speed:     ev/sec=22725.6   simsec/sec=1.38527   ev/simsec=16405.2
     Messages:  created: 1929908   present: 1081   in FES: 116
** Event #2078208   t=168.801019904376   Elapsed: 102.358s (1m 42s)  33% completed  (66% total)
     Speed:     ev/sec=21713.2   simsec/sec=1.3628   ev/simsec=15932.7
     Messages:  created: 1976203   present: 1119   in FES: 127
** Event #2122496   t=171.551022661173   Elapsed: 104.367s (1m 44s)  34% completed  (67% total)
     Speed:     ev/sec=22044.8   simsec/sec=1.36884   ev/simsec=16104.7
     Messages:  created: 2022383   present: 1039   in FES: 115
** Event #2169856   t=174.512965873083   Elapsed: 106.382s (1m 46s)  34% completed  (67% total)
     Speed:     ev/sec=23495.6   simsec/sec=1.46944   ev/simsec=15989.5
     Messages:  created: 2072608   present: 1084   in FES: 115
** Event #2210816   t=176.840754676608   Elapsed: 108.383s (1m 48s)  35% completed  (67% total)
     Speed:     ev/sec=20469.7   simsec/sec=1.16331   ev/simsec=17596.1
     Messages:  created: 2116199   present: 1041   in FES: 100
** Event #2254848   t=179.534578965597   Elapsed: 110.389s (1m 50s)  35% completed  (67% total)
     Speed:     ev/sec=21949.2   simsec/sec=1.34282   ev/simsec=16345.5
     Messages:  created: 2162558   present: 1098   in FES: 119
** Event #2300928   t=182.509216732674   Elapsed: 112.39s (1m 52s)  36% completed  (68% total)
     Speed:     ev/sec=23030.6   simsec/sec=1.48671   ev/simsec=15491
     Messages:  created: 2211293   present: 1112   in FES: 125
** Event #2345984   t=185.091419482521   Elapsed: 114.393s (1m 54s)  37% completed  (68% total)
     Speed:     ev/sec=22498.9   simsec/sec=1.28943   ev/simsec=17448.7
     Messages:  created: 2258113   present: 1065   in FES: 106
** Event #2391040   t=188.051904466491   Elapsed: 116.399s (1m 56s)  37% completed  (68% total)
     Speed:     ev/sec=22460   simsec/sec=1.47577   ev/simsec=15219.1
     Messages:  created: 2305881   present: 1061   in FES: 104
** Event #2439936   t=191.091385040948   Elapsed: 118.405s (1m 58s)  38% completed  (69% total)
     Speed:     ev/sec=24376.5   simsec/sec=1.51529   ev/simsec=16087
     Messages:  created: 2356420   present: 1099   in FES: 118
** Event #2479872   t=193.801718645872   Elapsed: 120.406s (2m 00s)  38% completed  (69% total)
     Speed:     ev/sec=19956.2   simsec/sec=1.35437   ev/simsec=14734.7
     Messages:  created: 2397594   present: 1045   in FES: 127
** Event #2523136   t=196.550797904376   Elapsed: 122.414s (2m 02s)  39% completed  (69% total)
     Speed:     ev/sec=21542.9   simsec/sec=1.36888   ev/simsec=15737.6
     Messages:  created: 2441733   present: 1038   in FES: 97
** Event #2568448   t=199.547410816021   Elapsed: 124.419s (2m 04s)  39% completed  (69% total)
     Speed:     ev/sec=22605.5   simsec/sec=1.49497   ev/simsec=15121.1
     Messages:  created: 2488766   present: 1090   in FES: 115
** Event #2612992   t=202.541029211159   Elapsed: 126.43s (2m 06s)  40% completed  (70% total)
     Speed:     ev/sec=22144.9   simsec/sec=1.48827   ev/simsec=14879.7
     Messages:  created: 2534985   present: 1112   in FES: 126
** Event #2657280   t=205.301022099118   Elapsed: 128.438s (2m 08s)  41% completed  (70% total)
     Speed:     ev/sec=22056.2   simsec/sec=1.37452   ev/simsec=16046.4
     Messages:  created: 2580909   present: 1051   in FES: 115
** Event #2696960   t=207.709079529986   Elapsed: 130.451s (2m 10s)  41% completed  (70% total)
     Speed:     ev/sec=19716   simsec/sec=1.1965   ev/simsec=16478
     Messages:  created: 2622836   present: 1110   in FES: 144
** Event #2741760   t=210.551764887593   Elapsed: 132.451s (2m 12s)  42% completed  (71% total)
     Speed:     ev/sec=22396.5   simsec/sec=1.42112   ev/simsec=15759.7
     Messages:  created: 2670089   present: 1065   in FES: 106
** Event #2790144   t=213.539885398611   Elapsed: 134.457s (2m 14s)  42% completed  (71% total)
     Speed:     ev/sec=24114.6   simsec/sec=1.48928   ev/simsec=16192.1
     Messages:  created: 2721578   present: 1036   in FES: 99
** Event #2833152   t=216.051855592216   Elapsed: 136.462s (2m 16s)  43% completed  (71% total)
     Speed:     ev/sec=21451.1   simsec/sec=1.2529   ev/simsec=17121.2
     Messages:  created: 2767339   present: 1078   in FES: 128
** Event #2875392   t=218.567277846761   Elapsed: 138.483s (2m 18s)  43% completed  (71% total)
     Speed:     ev/sec=20900.8   simsec/sec=1.24466   ev/simsec=16792.4
     Messages:  created: 2811991   present: 1095   in FES: 126
** Event #2922752   t=221.541175148923   Elapsed: 140.485s (2m 20s)  44% completed  (72% total)
     Speed:     ev/sec=23658.1   simsec/sec=1.48557   ev/simsec=15925.2
     Messages:  created: 2862241   present: 1044   in FES: 99
** Event #2970112   t=224.537571616269   Elapsed: 142.499s (2m 22s)  44% completed  (72% total)
     Speed:     ev/sec=23516.9   simsec/sec=1.48788   ev/simsec=15805.7
     Messages:  created: 2911894   present: 1094   in FES: 117
** Event #3017216   t=227.541138783505   Elapsed: 144.502s (2m 24s)  45% completed  (72% total)
     Speed:     ev/sec=23513   simsec/sec=1.49929   ev/simsec=15682.7
     Messages:  created: 2961847   present: 1100   in FES: 151
** Event #3062016   t=230.537853277202   Elapsed: 146.518s (2m 26s)  46% completed  (73% total)
     Speed:     ev/sec=22224.3   simsec/sec=1.4866   ev/simsec=14949.7
     Messages:  created: 3007993   present: 1099   in FES: 120
** Event #3105280   t=233.091478810515   Elapsed: 148.522s (2m 28s)  46% completed  (73% total)
     Speed:     ev/sec=21588.2   simsec/sec=1.27423   ev/simsec=16942.2
     Messages:  created: 3052484   present: 1120   in FES: 125
** Event #3145216   t=235.570991694263   Elapsed: 150.526s (2m 30s)  47% completed  (73% total)
     Speed:     ev/sec=19934.5   simsec/sec=1.23768   ev/simsec=16106.4
     Messages:  created: 3094271   present: 1110   in FES: 134
** Event #3188736   t=238.458382955798   Elapsed: 152.528s (2m 32s)  47% completed  (73% total)
     Speed:     ev/sec=21733.2   simsec/sec=1.44192   ev/simsec=15072.4
     Messages:  created: 3139927   present: 1106   in FES: 137
** Event #3228928   t=240.959750670775   Elapsed: 154.535s (2m 34s)  48% completed  (74% total)
     Speed:     ev/sec=20028   simsec/sec=1.24645   ev/simsec=16068
     Messages:  created: 3182013   present: 1104   in FES: 121
** Event #3277824   t=243.515283505641   Elapsed: 156.543s (2m 36s)  48% completed  (74% total)
     Speed:     ev/sec=24353.4   simsec/sec=1.27282   ev/simsec=19133.4
     Messages:  created: 3234838   present: 1097   in FES: 120
** Event #3320576   t=245.818111572171   Elapsed: 158.546s (2m 38s)  49% completed  (74% total)
     Speed:     ev/sec=21336.6   simsec/sec=1.14929   ev/simsec=18565
     Messages:  created: 3280637   present: 1097   in FES: 126
** Event #3363328   t=248.545693127957   Elapsed: 160.551s (2m 40s)  49% completed  (74% total)
     Speed:     ev/sec=21320.7   simsec/sec=1.36026   ev/simsec=15674
     Messages:  created: 3325227   present: 1145   in FES: 134
** Event #3407872   t=251.301065032033   Elapsed: 162.561s (2m 42s)  50% completed  (75% total)
     Speed:     ev/sec=22168.7   simsec/sec=1.37129   ev/simsec=16166.2
     Messages:  created: 3371957   present: 1113   in FES: 128
** Event #3451392   t=254.002116603298   Elapsed: 164.568s (2m 44s)  50% completed  (75% total)
     Speed:     ev/sec=21685.6   simsec/sec=1.34591   ev/simsec=16112.2
     Messages:  created: 3418347   present: 1068   in FES: 111
** Event #3494912   t=256.569097982971   Elapsed: 166.573s (2m 46s)  51% completed  (75% total)
     Speed:     ev/sec=21699.5   simsec/sec=1.27992   ev/simsec=16953.8
     Messages:  created: 3463558   present: 1070   in FES: 111
** Event #3540224   t=259.526772275054   Elapsed: 168.596s (2m 48s)  51% completed  (75% total)
     Speed:     ev/sec=22403.3   simsec/sec=1.46234   ev/simsec=15320.1
     Messages:  created: 3510941   present: 1028   in FES: 97
** Event #3583232   t=262.070725890996   Elapsed: 170.607s (2m 50s)  52% completed  (76% total)
     Speed:     ev/sec=21388.4   simsec/sec=1.26514   ev/simsec=16906
     Messages:  created: 3555728   present: 1094   in FES: 126
** Event #3625216   t=264.801790680088   Elapsed: 172.614s (2m 52s)  52% completed  (76% total)
     Speed:     ev/sec=20912.6   simsec/sec=1.36037   ev/simsec=15372.8
     Messages:  created: 3600100   present: 1116   in FES: 152
** Event #3671808   t=267.591306322103   Elapsed: 174.618s (2m 54s)  53% completed  (76% total)
     Speed:     ev/sec=23256.8   simsec/sec=1.39241   ev/simsec=16702.5
     Messages:  created: 3648775   present: 1052   in FES: 103
** Event #3717632   t=270.577483418991   Elapsed: 176.627s (2m 56s)  54% completed  (77% total)
     Speed:     ev/sec=22799.4   simsec/sec=1.48575   ev/simsec=15345.4
     Messages:  created: 3697130   present: 1101   in FES: 126
** Event #3765760   t=273.708383073578   Elapsed: 178.634s (2m 58s)  54% completed  (77% total)
     Speed:     ev/sec=23979.5   simsec/sec=1.55995   ev/simsec=15371.9
     Messages:  created: 3747900   present: 1113   in FES: 140
** Event #3810816   t=276.563808133742   Elapsed: 180.642s (3m 00s)  55% completed  (77% total)
     Speed:     ev/sec=22440.2   simsec/sec=1.42215   ev/simsec=15779.1
     Messages:  created: 3795563   present: 1113   in FES: 124
** Event #3857664   t=279.580865331986   Elapsed: 182.643s (3m 02s)  55% completed  (77% total)
     Speed:     ev/sec=23415.8   simsec/sec=1.508   ev/simsec=15527.7
     Messages:  created: 3845470   present: 1097   in FES: 118
** Event #3902976   t=282.580865155584   Elapsed: 184.657s (3m 04s)  56% completed  (78% total)
     Speed:     ev/sec=22500.9   simsec/sec=1.48973   ev/simsec=15104
     Messages:  created: 3893689   present: 1110   in FES: 123
** Event #3952640   t=285.590614724544   Elapsed: 186.66s (3m 06s)  57% completed  (78% total)
     Speed:     ev/sec=24796   simsec/sec=1.5027   ev/simsec=16501
     Messages:  created: 3947887   present: 1075   in FES: 110
** Event #4000000   t=288.599306510636   Elapsed: 188.68s (3m 08s)  57% completed  (78% total)
     Speed:     ev/sec=23446.2   simsec/sec=1.48949   ev/simsec=15741.1
     Messages:  created: 3999249   present: 1036   in FES: 97
** Event #4048896   t=291.581865516084   Elapsed: 190.698s (3m 10s)  58% completed  (79% total)
     Speed:     ev/sec=24222.4   simsec/sec=1.47752   ev/simsec=16394
     Messages:  created: 4052397   present: 1086   in FES: 115
** Event #4099840   t=295.027547369475   Elapsed: 192.709s (3m 12s)  59% completed  (79% total)
     Speed:     ev/sec=25331.5   simsec/sec=1.71334   ev/simsec=14784.9
     Messages:  created: 4106983   present: 1090   in FES: 117
** Event #4147200   t=298.058664289411   Elapsed: 194.714s (3m 14s)  59% completed  (79% total)
     Speed:     ev/sec=23624.3   simsec/sec=1.51199   ev/simsec=15624.6
     Messages:  created: 4157243   present: 1125   in FES: 126
** Event #4197632   t=301.532654830833   Elapsed: 196.732s (3m 16s)  60% completed  (80% total)
     Speed:     ev/sec=24992.9   simsec/sec=1.72163   ev/simsec=14517
     Messages:  created: 4211049   present: 1084   in FES: 117
** Event #4244480   t=304.544019735545   Elapsed: 198.752s (3m 18s)  60% completed  (80% total)
     Speed:     ev/sec=23188.1   simsec/sec=1.49052   ev/simsec=15557.1
     Messages:  created: 4260542   present: 1045   in FES: 100
** Event #4292352   t=307.584745328058   Elapsed: 200.767s (3m 20s)  61% completed  (80% total)
     Speed:     ev/sec=23764.7   simsec/sec=1.50948   ev/simsec=15743.6
     Messages:  created: 4311138   present: 1086   in FES: 115
** Event #4338688   t=311.024791863028   Elapsed: 202.774s (3m 22s)  62% completed  (81% total)
     Speed:     ev/sec=23084.3   simsec/sec=1.71381   ev/simsec=13469.6
     Messages:  created: 4359436   present: 1106   in FES: 127
** Event #4382208   t=313.840573668849   Elapsed: 204.781s (3m 24s)  62% completed  (81% total)
     Speed:     ev/sec=21686.7   simsec/sec=1.40315   ev/simsec=15455.7
     Messages:  created: 4404914   present: 1112   in FES: 125
** Event #4430592   t=316.568663137184   Elapsed: 206.783s (3m 26s)  63% completed  (81% total)
     Speed:     ev/sec=24166.1   simsec/sec=1.36258   ev/simsec=17735.5
     Messages:  created: 4457381   present: 1104   in FES: 127
** Event #4485120   t=319.509959285297   Elapsed: 208.797s (3m 28s)  63% completed  (81% total)
     Speed:     ev/sec=27077.5   simsec/sec=1.46059   ev/simsec=18538.8
     Messages:  created: 4518680   present: 1051   in FES: 104
** Event #4531456   t=322.056931719766   Elapsed: 210.803s (3m 30s)  64% completed  (82% total)
     Speed:     ev/sec=23097.7   simsec/sec=1.26962   ev/simsec=18192.6
     Messages:  created: 4569435   present: 1107   in FES: 126
** Event #4578560   t=325.045372129847   Elapsed: 212.804s (3m 32s)  65% completed  (82% total)
     Speed:     ev/sec=23541.9   simsec/sec=1.49358   ev/simsec=15762.1
     Messages:  created: 4619876   present: 1094   in FES: 117
** Event #4621312   t=327.840218590828   Elapsed: 214.811s (3m 34s)  65% completed  (82% total)
     Speed:     ev/sec=21298.6   simsec/sec=1.39236   ev/simsec=15296.7
     Messages:  created: 4664698   present: 1058   in FES: 107
** Event #4664576   t=331.009409495326   Elapsed: 216.813s (3m 36s)  66% completed  (83% total)
     Speed:     ev/sec=21613.1   simsec/sec=1.58321   ev/simsec=13651.4
     Messages:  created: 4708683   present: 1114   in FES: 125
** Event #4711168   t=334.090171919684   Elapsed: 218.818s (3m 38s)  66% completed  (83% total)
     Speed:     ev/sec=23236.3   simsec/sec=1.53643   ev/simsec=15123.5
     Messages:  created: 4755715   present: 1110   in FES: 127
** Event #4754176   t=337.052012407765   Elapsed: 220.826s (3m 40s)  67% completed  (83% total)
     Speed:     ev/sec=21419.9   simsec/sec=1.47513   ev/simsec=14520.7
     Messages:  created: 4800768   present: 1100   in FES: 126
** Event #4796160   t=340.02484408372   Elapsed: 222.829s (3m 42s)  68% completed  (84% total)
     Speed:     ev/sec=20958.3   simsec/sec=1.48403   ev/simsec=14122.6
     Messages:  created: 4844854   present: 1094   in FES: 121
** Event #4837120   t=342.590173537296   Elapsed: 224.837s (3m 44s)  68% completed  (84% total)
     Speed:     ev/sec=20396.3   simsec/sec=1.27742   ev/simsec=15966.8
     Messages:  created: 4887191   present: 1051   in FES: 116
** Event #4882176   t=345.708793461883   Elapsed: 226.839s (3m 46s)  69% completed  (84% total)
     Speed:     ev/sec=22500.7   simsec/sec=1.55742   ev/simsec=14447.4
     Messages:  created: 4934114   present: 1096   in FES: 119
** Event #4934656   t=348.547520911133   Elapsed: 228.847s (3m 48s)  69% completed  (84% total)
     Speed:     ev/sec=26136.2   simsec/sec=1.41375   ev/simsec=18487.2
     Messages:  created: 4992627   present: 1117   in FES: 124
** Event #4981504   t=351.553309500923   Elapsed: 230.857s (3m 50s)  70% completed  (85% total)
     Speed:     ev/sec=23311.9   simsec/sec=1.4957   ev/simsec=15585.9
     Messages:  created: 5042721   present: 1128   in FES: 126
** Event #5029120   t=354.567029830825   Elapsed: 232.865s (3m 52s)  70% completed  (85% total)
     Speed:     ev/sec=23713.5   simsec/sec=1.50088   ev/simsec=15799.7
     Messages:  created: 5092772   present: 1108   in FES: 123
** Event #5073664   t=357.551802477891   Elapsed: 234.875s (3m 54s)  71% completed  (85% total)
     Speed:     ev/sec=22161.4   simsec/sec=1.48497   ev/simsec=14923.7
     Messages:  created: 5139145   present: 1108   in FES: 135
** Event #5117440   t=360.537742795348   Elapsed: 236.889s (3m 56s)  72% completed  (86% total)
     Speed:     ev/sec=21739.2   simsec/sec=1.48282   ev/simsec=14660.7
     Messages:  created: 5184151   present: 1111   in FES: 124
** Event #5162496   t=363.530591432021   Elapsed: 238.901s (3m 58s)  72% completed  (86% total)
     Speed:     ev/sec=22387.9   simsec/sec=1.48712   ev/simsec=15054.6
     Messages:  created: 5230341   present: 1084   in FES: 115
** Event #5209344   t=366.546327159298   Elapsed: 240.916s (4m 00s)  73% completed  (86% total)
     Speed:     ev/sec=23248.8   simsec/sec=1.49659   ev/simsec=15534.5
     Messages:  created: 5278737   present: 1100   in FES: 119
** Event #5253632   t=369.541137529431   Elapsed: 242.921s (4m 02s)  73% completed  (86% total)
     Speed:     ev/sec=22096.4   simsec/sec=1.49419   ev/simsec=14788.2
     Messages:  created: 5324570   present: 1096   in FES: 148
** Event #5296896   t=372.509876427052   Elapsed: 244.929s (4m 04s)  74% completed  (87% total)
     Speed:     ev/sec=21539.5   simsec/sec=1.47802   ev/simsec=14573.2
     Messages:  created: 5369510   present: 1095   in FES: 126
** Event #5336320   t=375.041127039025   Elapsed: 246.931s (4m 06s)  75% completed  (87% total)
     Speed:     ev/sec=19691.5   simsec/sec=1.26431   ev/simsec=15574.9
     Messages:  created: 5410002   present: 1110   in FES: 128
** Event #5378048   t=377.801115719676   Elapsed: 248.932s (4m 08s)  75% completed  (87% total)
     Speed:     ev/sec=20851   simsec/sec=1.37914   ev/simsec=15118.9
     Messages:  created: 5453148   present: 1102   in FES: 126
** Event #5421568   t=380.589950060545   Elapsed: 250.945s (4m 10s)  76% completed  (88% total)
     Speed:     ev/sec=21624   simsec/sec=1.3857   ev/simsec=15605.1
     Messages:  created: 5497927   present: 1092   in FES: 126
** Event #5466368   t=383.581877497862   Elapsed: 252.953s (4m 12s)  76% completed  (88% total)
     Speed:     ev/sec=22305.5   simsec/sec=1.48965   ev/simsec=14973.6
     Messages:  created: 5544342   present: 1164   in FES: 142
** Event #5513216   t=386.791127373968   Elapsed: 254.956s (4m 14s)  77% completed  (88% total)
     Speed:     ev/sec=23393.3   simsec/sec=1.60252   ev/simsec=14597.8
     Messages:  created: 5592689   present: 1100   in FES: 127
** Event #5556736   t=389.578842202521   Elapsed: 256.969s (4m 16s)  77% completed  (88% total)
     Speed:     ev/sec=21626   simsec/sec=1.38527   ev/simsec=15611.4
     Messages:  created: 5637240   present: 1030   in FES: 97
** Event #5603328   t=392.801021634434   Elapsed: 258.972s (4m 18s)  78% completed  (89% total)
     Speed:     ev/sec=23255   simsec/sec=1.60826   ev/simsec=14459.8
     Messages:  created: 5685209   present: 1069   in FES: 127
** Event #5646592   t=395.5831655755   Elapsed: 260.982s (4m 20s)  79% completed  (89% total)
     Speed:     ev/sec=21529.6   simsec/sec=1.38449   ev/simsec=15550.6
     Messages:  created: 5729709   present: 1107   in FES: 126
** Event #5689600   t=398.541127931534   Elapsed: 262.99s (4m 22s)  79% completed  (89% total)
     Speed:     ev/sec=21415.2   simsec/sec=1.47288   ev/simsec=14539.7
     Messages:  created: 5773920   present: 1066   in FES: 127
** Event #5733376   t=401.516410795251   Elapsed: 265.007s (4m 25s)  80% completed  (90% total)
     Speed:     ev/sec=21698.7   simsec/sec=1.47478   ev/simsec=14713.2
     Messages:  created: 5819012   present: 1026   in FES: 97
** Event #5776384   t=404.091386186057   Elapsed: 267.011s (4m 27s)  80% completed  (90% total)
     Speed:     ev/sec=21459   simsec/sec=1.28479   ev/simsec=16702.3
     Messages:  created: 5862728   present: 1037   in FES: 98
** Event #5819648   t=407.05147027708   Elapsed: 269.026s (4m 29s)  81% completed  (90% total)
     Speed:     ev/sec=21475   simsec/sec=1.4693   ev/simsec=14615.8
     Messages:  created: 5907364   present: 1117   in FES: 149
** Event #5864960   t=410.051858232927   Elapsed: 271.027s (4m 31s)  82% completed  (91% total)
     Speed:     ev/sec=22641.5   simsec/sec=1.49923   ev/simsec=15102
     Messages:  created: 5953982   present: 1108   in FES: 127
** Event #5913088   t=413.091384511513   Elapsed: 273.028s (4m 33s)  82% completed  (91% total)
     Speed:     ev/sec=24060.3   simsec/sec=1.51953   ev/simsec=15834
     Messages:  created: 6003868   present: 1116   in FES: 125
** Event #5958656   t=416.458878641192   Elapsed: 275.029s (4m 35s)  83% completed  (91% total)
     Speed:     ev/sec=22772.4   simsec/sec=1.68289   ev/simsec=13531.7
     Messages:  created: 6050588   present: 1030   in FES: 110
** Event #6002944   t=419.312708477835   Elapsed: 277.036s (4m 37s)  83% completed  (91% total)
     Speed:     ev/sec=22059.5   simsec/sec=1.42147   ev/simsec=15518.8
     Messages:  created: 6096474   present: 1115   in FES: 126
** Event #6047488   t=422.051517312043   Elapsed: 279.037s (4m 39s)  84% completed  (92% total)
     Speed:     ev/sec=22262.4   simsec/sec=1.36882   ev/simsec=16264
     Messages:  created: 6144088   present: 1120   in FES: 126
** Event #6092288   t=425.040291274717   Elapsed: 281.045s (4m 41s)  85% completed  (92% total)
     Speed:     ev/sec=22315.6   simsec/sec=1.48875   ev/simsec=14989.4
     Messages:  created: 6191692   present: 1081   in FES: 114
** Event #6139648   t=428.252159344669   Elapsed: 283.048s (4m 43s)  85% completed  (92% total)
     Speed:     ev/sec=23642.2   simsec/sec=1.60337   ev/simsec=14745.3
     Messages:  created: 6241173   present: 1021   in FES: 95
** Event #6185216   t=431.517174092448   Elapsed: 285.055s (4m 45s)  86% completed  (93% total)
     Speed:     ev/sec=22707.6   simsec/sec=1.62703   ev/simsec=13956.4
     Messages:  created: 6289102   present: 1086   in FES: 115
** Event #6229760   t=434.550338433875   Elapsed: 287.058s (4m 47s)  86% completed  (93% total)
     Speed:     ev/sec=22239.7   simsec/sec=1.51438   ev/simsec=14685.7
     Messages:  created: 6336010   present: 1213   in FES: 155
** Event #6276096   t=437.709066517036   Elapsed: 289.062s (4m 49s)  87% completed  (93% total)
     Speed:     ev/sec=23114.2   simsec/sec=1.57569   ev/simsec=14669.2
     Messages:  created: 6384336   present: 1099   in FES: 126
** Event #6325248   t=441.071897370523   Elapsed: 291.066s (4m 51s)  88% completed  (94% total)
     Speed:     ev/sec=24526.5   simsec/sec=1.67803   ev/simsec=14616.3
     Messages:  created: 6435898   present: 1102   in FES: 121
** Event #6372864   t=444.529863992292   Elapsed: 293.074s (4m 53s)  88% completed  (94% total)
     Speed:     ev/sec=23714.7   simsec/sec=1.72221   ev/simsec=13769.9
     Messages:  created: 6485915   present: 1089   in FES: 116
** Event #6418432   t=447.563347783657   Elapsed: 295.094s (4m 55s)  89% completed  (94% total)
     Speed:     ev/sec=22564.8   simsec/sec=1.50215   ev/simsec=15021.7
     Messages:  created: 6533744   present: 1064   in FES: 109
** Event #6469888   t=451.049318232937   Elapsed: 297.095s (4m 57s)  90% completed  (95% total)
     Speed:     ev/sec=25714.8   simsec/sec=1.74209   ev/simsec=14760.9
     Messages:  created: 6588937   present: 1121   in FES: 124
** Event #6521856   t=454.551021721301   Elapsed: 299.106s (4m 59s)  90% completed  (95% total)
     Speed:     ev/sec=25842.3   simsec/sec=1.7413   ev/simsec=14840.8
     Messages:  created: 6644329   present: 1075   in FES: 113
** Event #6570240   t=457.591088555661   Elapsed: 301.107s (5m 01s)  91% completed  (95% total)
     Speed:     ev/sec=24178   simsec/sec=1.51915   ev/simsec=15915.4
     Messages:  created: 6695617   present: 1116   in FES: 127
** Event #6628352   t=461.537958808606   Elapsed: 303.109s (5m 03s)  92% completed  (96% total)
     Speed:     ev/sec=29024.1   simsec/sec=1.97127   ev/simsec=14723.6
     Messages:  created: 6757452   present: 1120   in FES: 125
** Event #6680064   t=465.002140194703   Elapsed: 305.112s (5m 05s)  93% completed  (96% total)
     Speed:     ev/sec=25814.2   simsec/sec=1.72929   ev/simsec=14927.6
     Messages:  created: 6813202   present: 1099   in FES: 126
** Event #6736896   t=468.565744484123   Elapsed: 307.13s (5m 07s)  93% completed  (96% total)
     Speed:     ev/sec=28163.3   simsec/sec=1.76596   ev/simsec=15947.9
     Messages:  created: 6874113   present: 1109   in FES: 124
** Event #6791680   t=472.090217718575   Elapsed: 309.136s (5m 09s)  94% completed  (97% total)
     Speed:     ev/sec=27306   simsec/sec=1.75671   ev/simsec=15543.9
     Messages:  created: 6932521   present: 1066   in FES: 109
** Event #6845696   t=475.604460978656   Elapsed: 311.139s (5m 11s)  95% completed  (97% total)
     Speed:     ev/sec=26976.2   simsec/sec=1.75506   ev/simsec=15370.6
     Messages:  created: 6990349   present: 1105   in FES: 122
** Event #6896640   t=479.041689361647   Elapsed: 313.142s (5m 13s)  95% completed  (97% total)
     Speed:     ev/sec=25428.6   simsec/sec=1.71569   ev/simsec=14821.2
     Messages:  created: 7044065   present: 1114   in FES: 123
** Event #6953216   t=482.571103831113   Elapsed: 315.149s (5m 15s)  96% completed  (98% total)
     Speed:     ev/sec=28189.4   simsec/sec=1.75855   ev/simsec=16029.9
     Messages:  created: 7103374   present: 1111   in FES: 126
** Event #7006720   t=486.05193812049   Elapsed: 317.157s (5m 17s)  97% completed  (98% total)
     Speed:     ev/sec=26647.9   simsec/sec=1.73364   ev/simsec=15371
     Messages:  created: 7159477   present: 1084   in FES: 127
** Event #7060480   t=489.541127836977   Elapsed: 319.159s (5m 19s)  97% completed  (98% total)
     Speed:     ev/sec=26851.9   simsec/sec=1.74277   ev/simsec=15407.6
     Messages:  created: 7215668   present: 1093   in FES: 128
** Event #7113472   t=492.821263403   Elapsed: 321.16s (5m 21s)  98% completed  (99% total)
     Speed:     ev/sec=26489.3   simsec/sec=1.63965   ev/simsec=16155.4
     Messages:  created: 7271006   present: 1104   in FES: 126
** Event #7172608   t=496.525538296531   Elapsed: 323.182s (5m 23s)  99% completed  (99% total)
     Speed:     ev/sec=29234.8   simsec/sec=1.83127   ev/simsec=15964.3
     Messages:  created: 7332681   present: 1097   in FES: 126
** Event #7226880   t=499.801602827081   Elapsed: 325.184s (5m 25s)  99% completed  (99% total)
     Speed:     ev/sec=27116.5   simsec/sec=1.63685   ev/simsec=16566.2
     Messages:  created: 7389402   present: 1090   in FES: 115
** Event #7227914   t=500   Elapsed: 325.202s (5m 25s)  100% completed  (100% total)
     Speed:     ev/sec=56512.9   simsec/sec=10.8263   ev/simsec=5219.96
     Messages:  created: 7390692   present: 1021   in FES: 95

<!> Simulation time limit reached -- at t=500s, event #7227914
undisposed object: (omnetpp::cMessage) FanetStressNetwork.uav[0].app.debugTimer -- check module destructor
undisposed object: (omnetpp::cMessage) FanetStressNetwork.uav[1].app.debugTimer -- check module destructor
undisposed object: (omnetpp::cMessage) FanetStressNetwork.uav[2].app.debugTimer -- check module destructor
undisposed object: (omnetpp::cMessage) FanetStressNetwork.uav[3].app.debugTimer -- check module destructor
undisposed object: (omnetpp::cMessage) FanetStressNetwork.uav[4].app.debugTimer -- check module destructor
undisposed object: (omnetpp::cMessage) FanetStressNetwork.uav[5].app.debugTimer -- check module destructor
undisposed object: (omnetpp::cMessage) FanetStressNetwork.uav[6].app.debugTimer -- check module destructor
undisposed object: (omnetpp::cMessage) FanetStressNetwork.uav[7].app.debugTimer -- check module destructor
undisposed object: (omnetpp::cMessage) FanetStressNetwork.uav[8].app.debugTimer -- check module destructor
undisposed object: (omnetpp::cMessage) FanetStressNetwork.uav[9].app.debugTimer -- check module destructor
undisposed object: (omnetpp::cMessage) FanetStressNetwork.uav[10].app.debugTimer -- check module destructor
undisposed object: (omnetpp::cMessage) FanetStressNetwork.uav[11].app.debugTimer -- check module destructor
undisposed object: (omnetpp::cMessage) FanetStressNetwork.uav[12].app.debugTimer -- check module destructor
undisposed object: (omnetpp::cMessage) FanetStressNetwork.uav[13].app.debugTimer -- check module destructor
undisposed object: (omnetpp::cMessage) FanetStressNetwork.uav[14].app.debugTimer -- check module destructor
undisposed object: (omnetpp::cMessage) FanetStressNetwork.uav[15].app.debugTimer -- check module destructor
undisposed object: (omnetpp::cMessage) FanetStressNetwork.uav[16].app.debugTimer -- check module destructor
undisposed object: (omnetpp::cMessage) FanetStressNetwork.uav[17].app.debugTimer -- check module destructor
undisposed object: (omnetpp::cMessage) FanetStressNetwork.uav[18].app.debugTimer -- check module destructor
undisposed object: (omnetpp::cMessage) FanetStressNetwork.uav[19].app.debugTimer -- check module destructor
undisposed object: (omnetpp::cMessage) FanetStressNetwork.uav[20].app.debugTimer -- check module destructor
undisposed object: (omnetpp::cMessage) FanetStressNetwork.uav[21].app.debugTimer -- check module destructor
undisposed object: (omnetpp::cMessage) FanetStressNetwork.uav[22].app.debugTimer -- check module destructor
undisposed object: (omnetpp::cMessage) FanetStressNetwork.uav[23].app.debugTimer -- check module destructor
undisposed object: (omnetpp::cMessage) FanetStressNetwork.uav[24].app.debugTimer -- check module destructor
undisposed object: (omnetpp::cMessage) FanetStressNetwork.uav[25].app.debugTimer -- check module destructor
undisposed object: (omnetpp::cMessage) FanetStressNetwork.uav[26].app.debugTimer -- check module destructor
undisposed object: (omnetpp::cMessage) FanetStressNetwork.uav[27].app.debugTimer -- check module destructor
undisposed object: (omnetpp::cMessage) FanetStressNetwork.uav[28].app.debugTimer -- check module destructor
undisposed object: (omnetpp::cMessage) FanetStressNetwork.uav[29].app.debugTimer -- check module destructor
