** Event #0   t=0   Elapsed: 2e-05s (0m 00s)  0% completed  (0% total)
     Speed:     ev/sec=0   simsec/sec=0   ev/simsec=0
     Messages:  created: 1081   present: 1081   in FES: 161
** Event #52736   t=5.5418810535   Elapsed: 2.01138s (0m 02s)  1% completed  (0% total)
     Speed:     ev/sec=26219.6   simsec/sec=2.75529   ev/simsec=9516.08
     Messages:  created: 44077   present: 1054   in FES: 105
** Event #82944   t=8.564953294774   Elapsed: 4.03256s (0m 04s)  1% completed  (0% total)
     Speed:     ev/sec=14945.7   simsec/sec=1.49569   ev/simsec=9992.48
     Messages:  created: 68191   present: 1082   in FES: 113
** Event #118016   t=12.518020111643   Elapsed: 6.04602s (0m 06s)  2% completed  (1% total)
     Speed:     ev/sec=17418.7   simsec/sec=1.96332   ev/simsec=8872.1
     Messages:  created: 96357   present: 1101   in FES: 122
** Event #148992   t=15.583015399757   Elapsed: 8.04819s (0m 08s)  3% completed  (1% total)
     Speed:     ev/sec=15471.2   simsec/sec=1.53084   ev/simsec=10106.4
     Messages:  created: 121371   present: 1099   in FES: 126
** Event #184576   t=19.56072064971   Elapsed: 10.0552s (0m 10s)  3% completed  (1% total)
     Speed:     ev/sec=17729.5   simsec/sec=1.98186   ev/simsec=8945.86
     Messages:  created: 150139   present: 1073   in FES: 112
** Event #219904   t=23.512631209047   Elapsed: 12.0682s (0m 12s)  4% completed  (2% total)
     Speed:     ev/sec=17550.1   simsec/sec=1.96321   ev/simsec=8939.47
     Messages:  created: 178773   present: 1103   in FES: 126
** Event #255744   t=27.509857505814   Elapsed: 14.0694s (0m 14s)  5% completed  (2% total)
     Speed:     ev/sec=17909.1   simsec/sec=1.9974   ev/simsec=8966.22
     Messages:  created: 208099   present: 1108   in FES: 124
** Event #291072   t=31.075133364823   Elapsed: 16.072s (0m 16s)  6% completed  (3% total)
     Speed:     ev/sec=17641.8   simsec/sec=1.7804   ev/simsec=9908.91
     Messages:  created: 236981   present: 1089   in FES: 116
** Event #325120   t=35.018388922865   Elapsed: 18.0772s (0m 18s)  7% completed  (3% total)
     Speed:     ev/sec=16979.2   simsec/sec=1.96644   ev/simsec=8634.49
     Messages:  created: 264609   present: 1105   in FES: 122
** Event #360192   t=38.577459697125   Elapsed: 20.0934s (0m 20s)  7% completed  (3% total)
     Speed:     ev/sec=17395.1   simsec/sec=1.76524   ev/simsec=9854.26
     Messages:  created: 293217   present: 1101   in FES: 118
** Event #395776   t=42.589193732866   Elapsed: 22.0964s (0m 22s)  8% completed  (4% total)
     Speed:     ev/sec=17765.8   simsec/sec=2.00291   ev/simsec=8869.98
     Messages:  created: 322811   present: 1111   in FES: 124
** Event #434944   t=47.081539512944   Elapsed: 24.1028s (0m 24s)  9% completed  (4% total)
     Speed:     ev/sec=19521.1   simsec/sec=2.23895   ev/simsec=8718.83
     Messages:  created: 355417   present: 1106   in FES: 121
** Event #472832   t=51.542782142835   Elapsed: 26.1101s (0m 26s)  10% completed  (5% total)
     Speed:     ev/sec=18875.5   simsec/sec=2.22256   ev/simsec=8492.7
     Messages:  created: 386825   present: 1096   in FES: 119
** Event #508160   t=55.505748358231   Elapsed: 28.1224s (0m 28s)  11% completed  (5% total)
     Speed:     ev/sec=17555.7   simsec/sec=1.96933   ev/simsec=8914.53
     Messages:  created: 415559   present: 1083   in FES: 116
** Event #544512   t=59.521270094514   Elapsed: 30.139s (0m 30s)  11% completed  (5% total)
     Speed:     ev/sec=18027   simsec/sec=1.99131   ev/simsec=9052.87
     Messages:  created: 445512   present: 1088   in FES: 126
** Event #577024   t=63.04847272737   Elapsed: 32.1432s (0m 32s)  12% completed  (6% total)
     Speed:     ev/sec=16221.3   simsec/sec=1.75983   ev/simsec=9217.5
     Messages:  created: 472327   present: 1089   in FES: 126
** Event #612608   t=67.041267893943   Elapsed: 34.1505s (0m 34s)  13% completed  (6% total)
     Speed:     ev/sec=17727.4   simsec/sec=1.98915   ev/simsec=8912.05
     Messages:  created: 501589   present: 1092   in FES: 119
** Event #646912   t=70.591872586454   Elapsed: 36.1532s (0m 36s)  14% completed  (7% total)
     Speed:     ev/sec=17129.4   simsec/sec=1.77296   ev/simsec=9661.45
     Messages:  created: 529659   present: 1110   in FES: 126
** Event #684032   t=75.009934021835   Elapsed: 38.1575s (0m 38s)  15% completed  (7% total)
     Speed:     ev/sec=18519.7   simsec/sec=2.20424   ev/simsec=8401.88
     Messages:  created: 559962   present: 1026   in FES: 97
** Event #722176   t=79.052606087612   Elapsed: 40.1616s (0m 40s)  15% completed  (7% total)
     Speed:     ev/sec=19033   simsec/sec=2.0172   ev/simsec=9435.34
     Messages:  created: 591111   present: 1093   in FES: 126
** Event #759040   t=83.064916905211   Elapsed: 42.1688s (0m 42s)  16% completed  (8% total)
     Speed:     ev/sec=18365.7   simsec/sec=1.99894   ev/simsec=9187.72
     Messages:  created: 621414   present: 1107   in FES: 122
** Event #792064   t=86.583601129366   Elapsed: 44.183s (0m 44s)  17% completed  (8% total)
     Speed:     ev/sec=16395.7   simsec/sec=1.74695   ev/simsec=9385.33
     Messages:  created: 648355   present: 1093   in FES: 118
** Event #828416   t=90.525733934676   Elapsed: 46.1939s (0m 46s)  18% completed  (9% total)
     Speed:     ev/sec=18078.2   simsec/sec=1.96046   ev/simsec=9221.4
     Messages:  created: 677371   present: 1086   in FES: 115
** Event #861184   t=93.602073763881   Elapsed: 48.2068s (0m 48s)  18% completed  (9% total)
     Speed:     ev/sec=16278.8   simsec/sec=1.5283   ev/simsec=10651.6
     Messages:  created: 703105   present: 1062   in FES: 109
** Event #896256   t=97.513815265086   Elapsed: 50.21s (0m 50s)  19% completed  (9% total)
     Speed:     ev/sec=17507.7   simsec/sec=1.95272   ev/simsec=8965.83
     Messages:  created: 730528   present: 1065   in FES: 110
** Event #927488   t=100.510930096454   Elapsed: 52.2151s (0m 52s)  20% completed  (10% total)
     Speed:     ev/sec=15576.6   simsec/sec=1.49478   ev/simsec=10420.7
     Messages:  created: 755026   present: 1054   in FES: 105
** Event #960768   t=102.589233902908   Elapsed: 54.239s (0m 54s)  20% completed  (10% total)
     Speed:     ev/sec=16443.2   simsec/sec=1.02686   ev/simsec=16013.1
     Messages:  created: 785855   present: 1042   in FES: 101
** Event #991232   t=104.589233344743   Elapsed: 56.2551s (0m 56s)  20% completed  (10% total)
     Speed:     ev/sec=15110.1   simsec/sec=0.991998   ev/simsec=15232
     Messages:  created: 813669   present: 1070   in FES: 109
** Event #1023488   t=107.000744172279   Elapsed: 58.2588s (0m 58s)  21% completed  (10% total)
     Speed:     ev/sec=16098.6   simsec/sec=1.20356   ev/simsec=13375.8
     Messages:  created: 843535   present: 1087   in FES: 126
** Event #1056512   t=109.048527250259   Elapsed: 60.2619s (1m 00s)  21% completed  (10% total)
     Speed:     ev/sec=16486.3   simsec/sec=1.0223   ev/simsec=16126.7
     Messages:  created: 873746   present: 1091   in FES: 116
** Event #1091584   t=111.513045119517   Elapsed: 62.2905s (1m 02s)  22% completed  (11% total)
     Speed:     ev/sec=17288.6   simsec/sec=1.21488   ev/simsec=14230.8
     Messages:  created: 906183   present: 1079   in FES: 114
** Event #1122816   t=113.553844275183   Elapsed: 64.2945s (1m 04s)  22% completed  (11% total)
     Speed:     ev/sec=15585.3   simsec/sec=1.01839   ev/simsec=15303.8
     Messages:  created: 935211   present: 1084   in FES: 115
** Event #1153792   t=115.579708413004   Elapsed: 66.3143s (1m 06s)  23% completed  (11% total)
     Speed:     ev/sec=15335.8   simsec/sec=1.00298   ev/simsec=15290.3
     Messages:  created: 964330   present: 1113   in FES: 124
** Event #1191680   t=118.518520203106   Elapsed: 68.3163s (1m 08s)  23% completed  (11% total)
     Speed:     ev/sec=18925.4   simsec/sec=1.46796   ev/simsec=12892.3
     Messages:  created: 1000987   present: 1103   in FES: 128
** Event #1225984   t=120.770451825018   Elapsed: 70.3173s (1m 10s)  24% completed  (12% total)
     Speed:     ev/sec=17143.6   simsec/sec=1.12541   ev/simsec=15233.1
     Messages:  created: 1034516   present: 1064   in FES: 127
** Event #1266688   t=123.577380061628   Elapsed: 72.3344s (1m 12s)  24% completed  (12% total)
     Speed:     ev/sec=20179   simsec/sec=1.39153   ev/simsec=14501.3
     Messages:  created: 1074360   present: 1024   in FES: 97
** Event #1301760   t=126.048527644721   Elapsed: 74.3421s (1m 14s)  25% completed  (12% total)
     Speed:     ev/sec=17468.9   simsec/sec=1.23084   ev/simsec=14192.6
     Messages:  created: 1108636   present: 1085   in FES: 114
** Event #1339392   t=128.550387301087   Elapsed: 76.3428s (1m 16s)  25% completed  (12% total)
     Speed:     ev/sec=18809.7   simsec/sec=1.25051   ev/simsec=15041.6
     Messages:  created: 1145974   present: 1060   in FES: 107
** Event #1377536   t=131.055988942904   Elapsed: 78.3471s (1m 18s)  26% completed  (13% total)
     Speed:     ev/sec=19031   simsec/sec=1.25011   ev/simsec=15223.5
     Messages:  created: 1183945   present: 1086   in FES: 115
** Event #1415936   t=133.530655394581   Elapsed: 80.375s (1m 20s)  26% completed  (13% total)
     Speed:     ev/sec=18935.3   simsec/sec=1.22028   ev/simsec=15517.2
     Messages:  created: 1222819   present: 1084   in FES: 111
** Event #1454080   t=135.713378431685   Elapsed: 82.3805s (1m 22s)  27% completed  (13% total)
     Speed:     ev/sec=19020   simsec/sec=1.08839   ev/simsec=17475.4
     Messages:  created: 1261978   present: 1115   in FES: 133
** Event #1497088   t=138.514728203502   Elapsed: 84.3979s (1m 24s)  27% completed  (13% total)
     Speed:     ev/sec=21318.6   simsec/sec=1.3886   ev/simsec=15352.6
     Messages:  created: 1307007   present: 1086   in FES: 117
** Event #1539328   t=140.530789135148   Elapsed: 86.4049s (1m 26s)  28% completed  (14% total)
     Speed:     ev/sec=21045.9   simsec/sec=1.00449   ev/simsec=20951.7
     Messages:  created: 1352341   present: 1113   in FES: 120
** Event #1581568   t=143.07768522724   Elapsed: 88.4129s (1m 28s)  28% completed  (14% total)
     Speed:     ev/sec=21036.6   simsec/sec=1.26842   ev/simsec=16584.9
     Messages:  created: 1395308   present: 1053   in FES: 104
** Event #1616384   t=145.519076580716   Elapsed: 90.4177s (1m 30s)  29% completed  (14% total)
     Speed:     ev/sec=17365.7   simsec/sec=1.21773   ev/simsec=14260.7
     Messages:  created: 1429748   present: 1105   in FES: 126
** Event #1650432   t=147.600520259956   Elapsed: 92.4396s (1m 32s)  29% completed  (14% total)
     Speed:     ev/sec=16839.7   simsec/sec=1.02946   ev/simsec=16357.9
     Messages:  created: 1462132   present: 1088   in FES: 117
** Event #1686272   t=150.095406800215   Elapsed: 94.4452s (1m 34s)  30% completed  (15% total)
     Speed:     ev/sec=17870.5   simsec/sec=1.24399   ev/simsec=14365.4
     Messages:  created: 1495839   present: 1027   in FES: 96
** Event #1719552   t=152.559210154799   Elapsed: 96.4641s (1m 36s)  30% completed  (15% total)
     Speed:     ev/sec=16484.2   simsec/sec=1.22037   ev/simsec=13507.6
     Messages:  created: 1527256   present: 1051   in FES: 102
** Event #1752064   t=155.016559509374   Elapsed: 98.4652s (1m 38s)  31% completed  (15% total)
     Speed:     ev/sec=16247   simsec/sec=1.22799   ev/simsec=13230.5
     Messages:  created: 1557541   present: 1029   in FES: 98
** Event #1789696   t=157.568035830284   Elapsed: 100.471s (1m 40s)  31% completed  (15% total)
     Speed:     ev/sec=18760.5   simsec/sec=1.27198   ev/simsec=14749.1
     Messages:  created: 1592967   present: 1110   in FES: 123
** Event #1824000   t=160.061354885001   Elapsed: 102.473s (1m 42s)  32% completed  (16% total)
     Speed:     ev/sec=17132.4   simsec/sec=1.24523   ev/simsec=13758.4
     Messages:  created: 1625365   present: 1073   in FES: 110
** Event #1858304   t=162.582014816766   Elapsed: 104.489s (1m 44s)  32% completed  (16% total)
     Speed:     ev/sec=17016.2   simsec/sec=1.25035   ev/simsec=13609.1
     Messages:  created: 1658351   present: 1094   in FES: 126
** Event #1899264   t=166.010905335572   Elapsed: 106.491s (1m 46s)  33% completed  (16% total)
     Speed:     ev/sec=20462.8   simsec/sec=1.713   ev/simsec=11945.6
     Messages:  created: 1698209   present: 1091   in FES: 118
** Event #1937920   t=168.878281081799   Elapsed: 108.495s (1m 48s)  33% completed  (16% total)
     Speed:     ev/sec=19285.7   simsec/sec=1.43055   ev/simsec=13481.3
     Messages:  created: 1736001   present: 1021   in FES: 95
** Event #1981440   t=172.075133766509   Elapsed: 110.499s (1m 50s)  34% completed  (17% total)
     Speed:     ev/sec=21719.4   simsec/sec=1.59544   ev/simsec=13613.4
     Messages:  created: 1777809   present: 1056   in FES: 105
** Event #2020352   t=175.042382544632   Elapsed: 112.501s (1m 52s)  35% completed  (17% total)
     Speed:     ev/sec=19441.5   simsec/sec=1.48252   ev/simsec=13113.8
     Messages:  created: 1816662   present: 1093   in FES: 126
** Event #2058240   t=177.549437520242   Elapsed: 114.508s (1m 54s)  35% completed  (17% total)
     Speed:     ev/sec=18873.6   simsec/sec=1.24887   ev/simsec=15112.6
     Messages:  created: 1853222   present: 1038   in FES: 97
** Event #2095360   t=180.06135390528   Elapsed: 116.512s (1m 56s)  36% completed  (18% total)
     Speed:     ev/sec=18525.8   simsec/sec=1.25364   ev/simsec=14777.6
     Messages:  created: 1889788   present: 1110   in FES: 123
** Event #2131200   t=182.553170223358   Elapsed: 118.527s (1m 58s)  36% completed  (18% total)
     Speed:     ev/sec=17781.2   simsec/sec=1.23626   ev/simsec=14383.1
     Messages:  created: 1924304   present: 1095   in FES: 116
** Event #2172416   t=184.573406871336   Elapsed: 120.551s (2m 00s)  36% completed  (18% total)
     Speed:     ev/sec=20372   simsec/sec=0.998549   ev/simsec=20401.6
     Messages:  created: 1968544   present: 1067   in FES: 108
** Event #2212608   t=187.066435359217   Elapsed: 122.551s (2m 02s)  37% completed  (18% total)
     Speed:     ev/sec=20090.8   simsec/sec=1.24619   ev/simsec=16121.8
     Messages:  created: 2008590   present: 1072   in FES: 109
** Event #2249728   t=189.545184993591   Elapsed: 124.571s (2m 04s)  37% completed  (18% total)
     Speed:     ev/sec=18375.6   simsec/sec=1.22706   ev/simsec=14975.3
     Messages:  created: 2045395   present: 1056   in FES: 107
** Event #2285312   t=191.713334038874   Elapsed: 126.587s (2m 06s)  38% completed  (19% total)
     Speed:     ev/sec=17653   simsec/sec=1.07561   ev/simsec=16412.2
     Messages:  created: 2080628   present: 1083   in FES: 127
** Event #2324480   t=194.086069817866   Elapsed: 128.587s (2m 08s)  38% completed  (19% total)
     Speed:     ev/sec=19582.2   simsec/sec=1.18626   ev/simsec=16507.5
     Messages:  created: 2118990   present: 1084   in FES: 115
** Event #2359040   t=196.525710466186   Elapsed: 130.59s (2m 10s)  39% completed  (19% total)
     Speed:     ev/sec=17252.6   simsec/sec=1.21789   ev/simsec=14166
     Messages:  created: 2153160   present: 1107   in FES: 116
** Event #2397184   t=199.055934434517   Elapsed: 132.596s (2m 12s)  39% completed  (19% total)
     Speed:     ev/sec=19020.8   simsec/sec=1.26172   ev/simsec=15075.3
     Messages:  created: 2190518   present: 1092   in FES: 126
** Event #2434816   t=201.558168824328   Elapsed: 134.614s (2m 14s)  40% completed  (20% total)
     Speed:     ev/sec=18640.4   simsec/sec=1.23944   ev/simsec=15039.4
     Messages:  created: 2227967   present: 1101   in FES: 146
** Event #2477312   t=204.520356693974   Elapsed: 136.632s (2m 16s)  40% completed  (20% total)
     Speed:     ev/sec=21062.6   simsec/sec=1.46817   ev/simsec=14346.2
     Messages:  created: 2270634   present: 1111   in FES: 142
** Event #2511104   t=206.770091751439   Elapsed: 138.636s (2m 18s)  41% completed  (20% total)
     Speed:     ev/sec=16864.8   simsec/sec=1.12279   ev/simsec=15020.4
     Messages:  created: 2303152   present: 1084   in FES: 113
** Event #2550784   t=209.553532709794   Elapsed: 140.639s (2m 20s)  41% completed  (20% total)
     Speed:     ev/sec=19806.6   simsec/sec=1.38938   ev/simsec=14255.7
     Messages:  created: 2341508   present: 1097   in FES: 118
** Event #2587392   t=212.020506256739   Elapsed: 142.642s (2m 22s)  42% completed  (21% total)
     Speed:     ev/sec=18282.1   simsec/sec=1.23201   ev/simsec=14839.2
     Messages:  created: 2379081   present: 1120   in FES: 126
** Event #2629120   t=214.554651444997   Elapsed: 144.642s (2m 24s)  42% completed  (21% total)
     Speed:     ev/sec=20863.6   simsec/sec=1.26705   ev/simsec=16466.3
     Messages:  created: 2421132   present: 1080   in FES: 113
** Event #2670336   t=217.081539240737   Elapsed: 146.648s (2m 26s)  43% completed  (21% total)
     Speed:     ev/sec=20541.9   simsec/sec=1.25939   ev/simsec=16311
     Messages:  created: 2462435   present: 1115   in FES: 124
** Event #2710016   t=219.57443566668   Elapsed: 148.652s (2m 28s)  43% completed  (21% total)
     Speed:     ev/sec=19805.3   simsec/sec=1.24427   ev/simsec=15917.2
     Messages:  created: 2502704   present: 1028   in FES: 97
** Event #2747904   t=222.055934432141   Elapsed: 150.652s (2m 30s)  44% completed  (22% total)
     Speed:     ev/sec=18940   simsec/sec=1.24049   ev/simsec=15268.2
     Messages:  created: 2541109   present: 1093   in FES: 126
** Event #2785792   t=224.532783008188   Elapsed: 152.667s (2m 32s)  44% completed  (22% total)
     Speed:     ev/sec=18804.5   simsec/sec=1.22931   ev/simsec=15296.9
     Messages:  created: 2578573   present: 1032   in FES: 97
** Event #2826752   t=227.064917613653   Elapsed: 154.67s (2m 34s)  45% completed  (22% total)
     Speed:     ev/sec=20447.1   simsec/sec=1.26403   ev/simsec=16176.1
     Messages:  created: 2619329   present: 1087   in FES: 112
** Event #2864896   t=229.575715372364   Elapsed: 156.675s (2m 36s)  45% completed  (22% total)
     Speed:     ev/sec=19023.3   simsec/sec=1.2522   ev/simsec=15192
     Messages:  created: 2657268   present: 1100   in FES: 121
** Event #2906112   t=232.512723626936   Elapsed: 158.691s (2m 38s)  46% completed  (23% total)
     Speed:     ev/sec=20448   simsec/sec=1.45711   ev/simsec=14033.3
     Messages:  created: 2698198   present: 1116   in FES: 125
** Event #2944512   t=235.019014978167   Elapsed: 160.697s (2m 40s)  47% completed  (23% total)
     Speed:     ev/sec=19141.5   simsec/sec=1.24933   ev/simsec=15321.4
     Messages:  created: 2736882   present: 1032   in FES: 97
** Event #2985728   t=237.553591769394   Elapsed: 162.715s (2m 42s)  47% completed  (23% total)
     Speed:     ev/sec=20424.9   simsec/sec=1.25603   ev/simsec=16261.5
     Messages:  created: 2778374   present: 1090   in FES: 115
** Event #3025920   t=240.075133387676   Elapsed: 164.719s (2m 44s)  48% completed  (24% total)
     Speed:     ev/sec=20055.3   simsec/sec=1.25822   ev/simsec=15939.5
     Messages:  created: 2819166   present: 1095   in FES: 117
** Event #3064576   t=242.574436012715   Elapsed: 166.725s (2m 46s)  48% completed  (24% total)
     Speed:     ev/sec=19268   simsec/sec=1.24577   ev/simsec=15466.7
     Messages:  created: 2858678   present: 1096   in FES: 126
** Event #3105792   t=245.085996290642   Elapsed: 168.731s (2m 48s)  49% completed  (24% total)
     Speed:     ev/sec=20550.2   simsec/sec=1.25226   ev/simsec=16410.5
     Messages:  created: 2901433   present: 1109   in FES: 126
** Event #3146752   t=247.80898836483   Elapsed: 170.744s (2m 50s)  49% completed  (24% total)
     Speed:     ev/sec=20350   simsec/sec=1.35285   ev/simsec=15042.3
     Messages:  created: 2944177   present: 1118   in FES: 154
** Event #3189504   t=250.559014742611   Elapsed: 172.749s (2m 52s)  50% completed  (25% total)
     Speed:     ev/sec=21315.7   simsec/sec=1.37114   ev/simsec=15546
     Messages:  created: 2988486   present: 1097   in FES: 127
** Event #3234304   t=253.528991326021   Elapsed: 174.759s (2m 54s)  50% completed  (25% total)
     Speed:     ev/sec=22294.9   simsec/sec=1.47802   ev/simsec=15084.3
     Messages:  created: 3035669   present: 1122   in FES: 126
** Event #3273216   t=256.02312243768   Elapsed: 176.76s (2m 56s)  51% completed  (25% total)
     Speed:     ev/sec=19442.9   simsec/sec=1.24623   ev/simsec=15601.4
     Messages:  created: 3075354   present: 1138   in FES: 143
** Event #3315712   t=258.575534057117   Elapsed: 178.78s (2m 58s)  51% completed  (25% total)
     Speed:     ev/sec=21035.1   simsec/sec=1.26342   ev/simsec=16649.4
     Messages:  created: 3118809   present: 1097   in FES: 118
** Event #3359232   t=261.542543546805   Elapsed: 180.787s (3m 00s)  52% completed  (26% total)
     Speed:     ev/sec=21690.1   simsec/sec=1.47874   ev/simsec=14668
     Messages:  created: 3163196   present: 1111   in FES: 126
** Event #3396608   t=264.0193931248   Elapsed: 182.792s (3m 02s)  52% completed  (26% total)
     Speed:     ev/sec=18634.2   simsec/sec=1.23486   ev/simsec=15090.1
     Messages:  created: 3199938   present: 1113   in FES: 126
** Event #3437056   t=266.545901065557   Elapsed: 184.795s (3m 04s)  53% completed  (26% total)
     Speed:     ev/sec=20200.7   simsec/sec=1.2618   ev/simsec=16009.4
     Messages:  created: 3240586   present: 1110   in FES: 131
** Event #3472896   t=269.003628947779   Elapsed: 186.8s (3m 06s)  53% completed  (26% total)
     Speed:     ev/sec=17871.5   simsec/sec=1.22554   ev/simsec=14582.6
     Messages:  created: 3275703   present: 1097   in FES: 120
** Event #3511296   t=271.505760639444   Elapsed: 188.807s (3m 08s)  54% completed  (27% total)
     Speed:     ev/sec=19132.7   simsec/sec=1.24668   ev/simsec=15346.9
     Messages:  created: 3313346   present: 1048   in FES: 105
** Event #3544576   t=273.527710892588   Elapsed: 190.816s (3m 10s)  54% completed  (27% total)
     Speed:     ev/sec=16566.4   simsec/sec=1.00651   ev/simsec=16459.4
     Messages:  created: 3346078   present: 1081   in FES: 108
** Event #3580928   t=275.713333236226   Elapsed: 192.826s (3m 12s)  55% completed  (27% total)
     Speed:     ev/sec=18086.5   simsec/sec=1.08743   ev/simsec=16632.3
     Messages:  created: 3381896   present: 1112   in FES: 128
** Event #3619840   t=278.091954098065   Elapsed: 194.831s (3m 14s)  55% completed  (27% total)
     Speed:     ev/sec=19411.9   simsec/sec=1.18661   ev/simsec=16359.1
     Messages:  created: 3420205   present: 1078   in FES: 113
** Event #3654400   t=280.520335473969   Elapsed: 196.841s (3m 16s)  56% completed  (28% total)
     Speed:     ev/sec=17188.2   simsec/sec=1.20774   ev/simsec=14231.7
     Messages:  created: 3454498   present: 1114   in FES: 127
** Event #3687936   t=282.561079593932   Elapsed: 198.843s (3m 18s)  56% completed  (28% total)
     Speed:     ev/sec=16755.2   simsec/sec=1.0196   ev/simsec=16433.2
     Messages:  created: 3487215   present: 1120   in FES: 125
** Event #3724032   t=285.018531343143   Elapsed: 200.844s (3m 20s)  57% completed  (28% total)
     Speed:     ev/sec=18038.6   simsec/sec=1.22809   ev/simsec=14688.4
     Messages:  created: 3522793   present: 1101   in FES: 138
** Event #3764224   t=287.551525174875   Elapsed: 202.878s (3m 22s)  57% completed  (28% total)
     Speed:     ev/sec=19761.5   simsec/sec=1.24541   ev/simsec=15867.4
     Messages:  created: 3562749   present: 1083   in FES: 114
** Event #3797760   t=289.59144823417   Elapsed: 204.886s (3m 24s)  57% completed  (28% total)
     Speed:     ev/sec=16698.4   simsec/sec=1.01572   ev/simsec=16439.8
     Messages:  created: 3595526   present: 1101   in FES: 120
** Event #3838976   t=292.55262670569   Elapsed: 206.902s (3m 26s)  58% completed  (29% total)
     Speed:     ev/sec=20447.9   simsec/sec=1.46909   ev/simsec=13918.8
     Messages:  created: 3636166   present: 1112   in FES: 123
** Event #3874048   t=295.021269759885   Elapsed: 208.906s (3m 28s)  59% completed  (29% total)
     Speed:     ev/sec=17493.7   simsec/sec=1.23135   ev/simsec=14207
     Messages:  created: 3670458   present: 1040   in FES: 97
** Event #3911168   t=297.521121095221   Elapsed: 210.908s (3m 30s)  59% completed  (29% total)
     Speed:     ev/sec=18543.8   simsec/sec=1.24884   ev/simsec=14848.9
     Messages:  created: 3706467   present: 1072   in FES: 106
** Event #3944704   t=299.583654750234   Elapsed: 212.93s (3m 32s)  59% completed  (29% total)
     Speed:     ev/sec=16583.5   simsec/sec=1.01992   ev/simsec=16259.6
     Messages:  created: 3738682   present: 1108   in FES: 123
** Event #3983872   t=302.269394494392   Elapsed: 214.936s (3m 34s)  60% completed  (30% total)
     Speed:     ev/sec=19528.7   simsec/sec=1.33908   ev/simsec=14583.7
     Messages:  created: 3776447   present: 1114   in FES: 126
** Event #4017920   t=304.555600149887   Elapsed: 216.957s (3m 36s)  60% completed  (30% total)
     Speed:     ev/sec=16845.3   simsec/sec=1.1311   ev/simsec=14892.8
     Messages:  created: 3809235   present: 1051   in FES: 102
** Event #4050688   t=306.768297657603   Elapsed: 218.959s (3m 38s)  61% completed  (30% total)
     Speed:     ev/sec=16367.6   simsec/sec=1.10524   ev/simsec=14809.1
     Messages:  created: 3840424   present: 1022   in FES: 96
** Event #4091392   t=309.547497268317   Elapsed: 220.97s (3m 40s)  61% completed  (30% total)
     Speed:     ev/sec=20248.4   simsec/sec=1.38252   ev/simsec=14645.9
     Messages:  created: 3880180   present: 1093   in FES: 118
** Event #4124160   t=311.577020022454   Elapsed: 222.99s (3m 42s)  62% completed  (31% total)
     Speed:     ev/sec=16220.3   simsec/sec=1.00462   ev/simsec=16145.7
     Messages:  created: 3911465   present: 1113   in FES: 124
** Event #4164352   t=314.085712737426   Elapsed: 224.991s (3m 44s)  62% completed  (31% total)
     Speed:     ev/sec=20087.1   simsec/sec=1.25379   ev/simsec=16021.1
     Messages:  created: 3951212   present: 1103   in FES: 126
** Event #4200960   t=316.532388230777   Elapsed: 227.006s (3m 47s)  63% completed  (31% total)
     Speed:     ev/sec=18163.2   simsec/sec=1.21393   ev/simsec=14962.3
     Messages:  created: 3987699   present: 1097   in FES: 120
** Event #4236032   t=318.558159017975   Elapsed: 229.03s (3m 49s)  63% completed  (31% total)
     Speed:     ev/sec=17325.9   simsec/sec=1.00075   ev/simsec=17312.9
     Messages:  created: 4021808   present: 1031   in FES: 122
** Event #4268800   t=320.545183650032   Elapsed: 231.032s (3m 51s)  64% completed  (32% total)
     Speed:     ev/sec=16370.2   simsec/sec=0.992675   ev/simsec=16491
     Messages:  created: 4053347   present: 1110   in FES: 133
** Event #4304640   t=322.770558858148   Elapsed: 233.041s (3m 53s)  64% completed  (32% total)
     Speed:     ev/sec=17839.2   simsec/sec=1.10767   ev/simsec=16105.1
     Messages:  created: 4089115   present: 1042   in FES: 99
** Event #4344320   t=325.301466764428   Elapsed: 235.044s (3m 55s)  65% completed  (32% total)
     Speed:     ev/sec=19807.8   simsec/sec=1.2634   ev/simsec=15678.2
     Messages:  created: 4128521   present: 1114   in FES: 126
** Event #4381440   t=327.544918393668   Elapsed: 237.067s (3m 57s)  65% completed  (32% total)
     Speed:     ev/sec=18349.9   simsec/sec=1.10903   ev/simsec=16545.9
     Messages:  created: 4165941   present: 1102   in FES: 126
** Event #4418048   t=329.560392213237   Elapsed: 239.07s (3m 59s)  65% completed  (32% total)
     Speed:     ev/sec=18278.5   simsec/sec=1.00634   ev/simsec=18163.5
     Messages:  created: 4204120   present: 1044   in FES: 125
** Event #4454912   t=331.582913521571   Elapsed: 241.084s (4m 01s)  66% completed  (33% total)
     Speed:     ev/sec=18308.6   simsec/sec=1.00449   ev/simsec=18226.8
     Messages:  created: 4241855   present: 1105   in FES: 120
** Event #4490496   t=333.714002543679   Elapsed: 243.091s (4m 03s)  66% completed  (33% total)
     Speed:     ev/sec=17729.7   simsec/sec=1.06181   ev/simsec=16697.6
     Messages:  created: 4277952   present: 1096   in FES: 147
** Event #4532736   t=336.270268902893   Elapsed: 245.098s (4m 05s)  67% completed  (33% total)
     Speed:     ev/sec=21037.2   simsec/sec=1.27313   ev/simsec=16524.1
     Messages:  created: 4321365   present: 1030   in FES: 97
** Event #4571136   t=338.581121536415   Elapsed: 247.1s (4m 07s)  67% completed  (33% total)
     Speed:     ev/sec=19187.7   simsec/sec=1.15469   ev/simsec=16617.2
     Messages:  created: 4360473   present: 1058   in FES: 107
** Event #4611584   t=341.07768565907   Elapsed: 249.105s (4m 09s)  68% completed  (34% total)
     Speed:     ev/sec=20167.3   simsec/sec=1.24478   ev/simsec=16201.5
     Messages:  created: 4401153   present: 1034   in FES: 97
** Event #4654848   t=343.307704220074   Elapsed: 251.106s (4m 11s)  68% completed  (34% total)
     Speed:     ev/sec=21625.3   simsec/sec=1.11466   ev/simsec=19400.7
     Messages:  created: 4448564   present: 1182   in FES: 140
** Event #4693504   t=345.557936965501   Elapsed: 253.121s (4m 13s)  69% completed  (34% total)
     Speed:     ev/sec=19179.8   simsec/sec=1.11649   ev/simsec=17178.7
     Messages:  created: 4488841   present: 1106   in FES: 126
** Event #4731648   t=348.019136228363   Elapsed: 255.123s (4m 15s)  69% completed  (34% total)
     Speed:     ev/sec=19052.9   simsec/sec=1.22937   ev/simsec=15498.1
     Messages:  created: 4527671   present: 1112   in FES: 127
** Event #4772608   t=350.544916491956   Elapsed: 257.146s (4m 17s)  70% completed  (35% total)
     Speed:     ev/sec=20254.8   simsec/sec=1.24901   ev/simsec=16216.8
     Messages:  created: 4569645   present: 1026   in FES: 97
** Event #4814080   t=353.072077039936   Elapsed: 259.146s (4m 19s)  70% completed  (35% total)
     Speed:     ev/sec=20727.9   simsec/sec=1.26309   ev/simsec=16410.5
     Messages:  created: 4612159   present: 1052   in FES: 103
** Event #4853504   t=355.592351860371   Elapsed: 261.154s (4m 21s)  71% completed  (35% total)
     Speed:     ev/sec=19640   simsec/sec=1.25554   ev/simsec=15642.7
     Messages:  created: 4652325   present: 1112   in FES: 126
** Event #4895488   t=358.523068131857   Elapsed: 263.168s (4m 23s)  71% completed  (35% total)
     Speed:     ev/sec=20841   simsec/sec=1.45482   ev/simsec=14325.5
     Messages:  created: 4694973   present: 1220   in FES: 154
** Event #4938240   t=361.307936441049   Elapsed: 265.169s (4m 25s)  72% completed  (36% total)
     Speed:     ev/sec=21369.1   simsec/sec=1.39199   ev/simsec=15351.5
     Messages:  created: 4737602   present: 1102   in FES: 126
** Event #4972288   t=363.550209038748   Elapsed: 267.192s (4m 27s)  72% completed  (36% total)
     Speed:     ev/sec=16827   simsec/sec=1.10817   ev/simsec=15184.6
     Messages:  created: 4769968   present: 1121   in FES: 124
** Event #5004800   t=365.591890626696   Elapsed: 269.202s (4m 29s)  73% completed  (36% total)
     Speed:     ev/sec=16175.4   simsec/sec=1.01578   ev/simsec=15924.1
     Messages:  created: 4800263   present: 1049   in FES: 102
** Event #5041920   t=368.502800600872   Elapsed: 271.216s (4m 31s)  73% completed  (36% total)
     Speed:     ev/sec=18433.3   simsec/sec=1.44552   ev/simsec=12752
     Messages:  created: 4835221   present: 1109   in FES: 126
** Event #5074688   t=370.563040335503   Elapsed: 273.222s (4m 33s)  74% completed  (37% total)
     Speed:     ev/sec=16338.4   simsec/sec=1.02725   ev/simsec=15904.9
     Messages:  created: 4866316   present: 1119   in FES: 124
** Event #5108736   t=373.000798387733   Elapsed: 275.228s (4m 35s)  74% completed  (37% total)
     Speed:     ev/sec=16966.6   simsec/sec=1.21477   ev/simsec=13966.9
     Messages:  created: 4899397   present: 1071   in FES: 112
** Event #5146624   t=375.549493035129   Elapsed: 277.241s (4m 37s)  75% completed  (37% total)
     Speed:     ev/sec=18827.7   simsec/sec=1.26652   ev/simsec=14865.6
     Messages:  created: 4936314   present: 1077   in FES: 112
** Event #5185792   t=378.510720893461   Elapsed: 279.257s (4m 39s)  75% completed  (37% total)
     Speed:     ev/sec=19422.4   simsec/sec=1.46839   ev/simsec=13226.9
     Messages:  created: 4974907   present: 1079   in FES: 114
** Event #5223680   t=381.071629550171   Elapsed: 281.258s (4m 41s)  76% completed  (38% total)
     Speed:     ev/sec=18936.2   simsec/sec=1.27993   ev/simsec=14794.7
     Messages:  created: 5012460   present: 1040   in FES: 99
** Event #5262592   t=383.879630537798   Elapsed: 283.268s (4m 43s)  76% completed  (38% total)
     Speed:     ev/sec=19366   simsec/sec=1.3975   ev/simsec=13857.5
     Messages:  created: 5051953   present: 1021   in FES: 95
** Event #5303552   t=386.568436821366   Elapsed: 285.275s (4m 45s)  77% completed  (38% total)
     Speed:     ev/sec=20401   simsec/sec=1.33922   ev/simsec=15233.5
     Messages:  created: 5093414   present: 1115   in FES: 126
** Event #5345024   t=389.520057542925   Elapsed: 287.276s (4m 47s)  77% completed  (38% total)
     Speed:     ev/sec=20727.8   simsec/sec=1.47523   ev/simsec=14050.6
     Messages:  created: 5135595   present: 1081   in FES: 112
** Event #5380608   t=391.795522498119   Elapsed: 289.288s (4m 49s)  78% completed  (39% total)
     Speed:     ev/sec=17687.5   simsec/sec=1.13105   ev/simsec=15638.1
     Messages:  created: 5171169   present: 1047   in FES: 102
** Event #5425664   t=394.559601070582   Elapsed: 291.293s (4m 51s)  78% completed  (39% total)
     Speed:     ev/sec=22471.4   simsec/sec=1.37857   ev/simsec=16300.5
     Messages:  created: 5217728   present: 1109   in FES: 122
** Event #5461504   t=397.003628841187   Elapsed: 293.305s (4m 53s)  79% completed  (39% total)
     Speed:     ev/sec=17809.8   simsec/sec=1.2145   ev/simsec=14664.3
     Messages:  created: 5253710   present: 1089   in FES: 118
** Event #5501696   t=399.557025023436   Elapsed: 295.311s (4m 55s)  79% completed  (39% total)
     Speed:     ev/sec=20040.6   simsec/sec=1.27318   ev/simsec=15740.6
     Messages:  created: 5293708   present: 1104   in FES: 121
** Event #5540096   t=402.07513361175   Elapsed: 297.313s (4m 57s)  80% completed  (40% total)
     Speed:     ev/sec=19175.8   simsec/sec=1.25747   ev/simsec=15249.5
     Messages:  created: 5331894   present: 1074   in FES: 111
** Event #5577728   t=404.577809127112   Elapsed: 299.343s (4m 59s)  80% completed  (40% total)
     Speed:     ev/sec=18545.1   simsec/sec=1.23332   ev/simsec=15036.7
     Messages:  created: 5369085   present: 1038   in FES: 99
** Event #5616896   t=407.269391478505   Elapsed: 301.347s (5m 01s)  81% completed  (40% total)
     Speed:     ev/sec=19542.4   simsec/sec=1.34293   ev/simsec=14552
     Messages:  created: 5407781   present: 1026   in FES: 97
** Event #5652736   t=409.590713097838   Elapsed: 303.355s (5m 03s)  81% completed  (40% total)
     Speed:     ev/sec=17843.2   simsec/sec=1.15569   ev/simsec=15439.5
     Messages:  created: 5443986   present: 1089   in FES: 118
** Event #5696768   t=412.551635490292   Elapsed: 305.365s (5m 05s)  82% completed  (41% total)
     Speed:     ev/sec=21910.2   simsec/sec=1.47334   ev/simsec=14871
     Messages:  created: 5488760   present: 1089   in FES: 114
** Event #5731840   t=415.01966146282   Elapsed: 307.377s (5m 07s)  83% completed  (41% total)
     Speed:     ev/sec=17427.6   simsec/sec=1.22639   ev/simsec=14210.5
     Messages:  created: 5523890   present: 1038   in FES: 97
** Event #5772032   t=417.591406602254   Elapsed: 309.39s (5m 09s)  83% completed  (41% total)
     Speed:     ev/sec=19975.8   simsec/sec=1.27818   ev/simsec=15628.3
     Messages:  created: 5564066   present: 1098   in FES: 126
** Event #5818880   t=420.518520109749   Elapsed: 311.396s (5m 11s)  84% completed  (42% total)
     Speed:     ev/sec=23353.9   simsec/sec=1.45917   ev/simsec=16004.8
     Messages:  created: 5614540   present: 1108   in FES: 127
** Event #5865216   t=422.581655680401   Elapsed: 313.406s (5m 13s)  84% completed  (42% total)
     Speed:     ev/sec=23050.1   simsec/sec=1.02632   ev/simsec=22459
     Messages:  created: 5666392   present: 1066   in FES: 109
** Event #5910272   t=425.518566364196   Elapsed: 315.41s (5m 15s)  85% completed  (42% total)
     Speed:     ev/sec=22484.5   simsec/sec=1.46562   ev/simsec=15341.3
     Messages:  created: 5714209   present: 1067   in FES: 110
** Event #5949440   t=428.038724256828   Elapsed: 317.42s (5m 17s)  85% completed  (42% total)
     Speed:     ev/sec=19485.3   simsec/sec=1.25373   ev/simsec=15541.9
     Messages:  created: 5754040   present: 1115   in FES: 127
** Event #5990400   t=430.560210711742   Elapsed: 319.443s (5m 19s)  86% completed  (43% total)
     Speed:     ev/sec=20240.6   simsec/sec=1.24601   ev/simsec=16244.4
     Messages:  created: 5795883   present: 1057   in FES: 102
** Event #6029056   t=433.049085367427   Elapsed: 321.45s (5m 21s)  86% completed  (43% total)
     Speed:     ev/sec=19267.6   simsec/sec=1.24055   ev/simsec=15531.5
     Messages:  created: 5835443   present: 1115   in FES: 124
** Event #6069248   t=435.556206014854   Elapsed: 323.467s (5m 23s)  87% completed  (43% total)
     Speed:     ev/sec=19921.5   simsec/sec=1.24267   ev/simsec=16031.1
     Messages:  created: 5876175   present: 1047   in FES: 102
** Event #6107392   t=438.018522303158   Elapsed: 325.471s (5m 25s)  87% completed  (43% total)
     Speed:     ev/sec=19039.8   simsec/sec=1.22908   ev/simsec=15491.1
     Messages:  created: 5914968   present: 1041   in FES: 117
** Event #6148096   t=440.514889257161   Elapsed: 327.484s (5m 27s)  88% completed  (44% total)
     Speed:     ev/sec=20219.4   simsec/sec=1.24005   ev/simsec=16305.3
     Messages:  created: 5955851   present: 1109   in FES: 124
** Event #6183424   t=442.533326449263   Elapsed: 329.484s (5m 29s)  88% completed  (44% total)
     Speed:     ev/sec=17660.3   simsec/sec=1.00901   ev/simsec=17502.7
     Messages:  created: 5991264   present: 1095   in FES: 126
** Event #6219776   t=444.542564569534   Elapsed: 331.495s (5m 31s)  88% completed  (44% total)
     Speed:     ev/sec=18076.1   simsec/sec=0.9991   ev/simsec=18092.4
     Messages:  created: 6028265   present: 1068   in FES: 111
** Event #6255104   t=446.532440742343   Elapsed: 333.509s (5m 33s)  89% completed  (44% total)
     Speed:     ev/sec=17542.9   simsec/sec=0.988119   ev/simsec=17753.9
     Messages:  created: 6064355   present: 1108   in FES: 123
** Event #6291712   t=448.555333373521   Elapsed: 335.509s (5m 35s)  89% completed  (44% total)
     Speed:     ev/sec=18303.8   simsec/sec=1.01143   ev/simsec=18096.9
     Messages:  created: 6101251   present: 1052   in FES: 103
** Event #6329088   t=450.589818328111   Elapsed: 337.512s (5m 37s)  90% completed  (45% total)
     Speed:     ev/sec=18661.9   simsec/sec=1.01582   ev/simsec=18371.2
     Messages:  created: 6139389   present: 1114   in FES: 121
** Event #6370560   t=453.07162679259   Elapsed: 339.522s (5m 39s)  90% completed  (45% total)
     Speed:     ev/sec=20628.6   simsec/sec=1.23447   ev/simsec=16710.4
     Messages:  created: 6182386   present: 1113   in FES: 124
** Event #6408960   t=455.530416369391   Elapsed: 341.526s (5m 41s)  91% completed  (45% total)
     Speed:     ev/sec=19160.7   simsec/sec=1.22688   ev/simsec=15617.4
     Messages:  created: 6221963   present: 1111   in FES: 122
** Event #6445312   t=457.589647821308   Elapsed: 343.544s (5m 43s)  91% completed  (45% total)
     Speed:     ev/sec=18014   simsec/sec=1.02044   ev/simsec=17653.2
     Messages:  created: 6258548   present: 1059   in FES: 109
** Event #6488832   t=460.268531829451   Elapsed: 345.547s (5m 45s)  92% completed  (46% total)
     Speed:     ev/sec=21728.2   simsec/sec=1.33749   ev/simsec=16245.6
     Messages:  created: 6303524   present: 1105   in FES: 149
** Event #6525952   t=462.551371314651   Elapsed: 347.566s (5m 47s)  92% completed  (46% total)
     Speed:     ev/sec=18386.5   simsec/sec=1.13075   ev/simsec=16260.5
     Messages:  created: 6340768   present: 1077   in FES: 112
** Event #6563328   t=465.021324761814   Elapsed: 349.568s (5m 49s)  93% completed  (46% total)
     Speed:     ev/sec=18669.2   simsec/sec=1.23373   ev/simsec=15132.3
     Messages:  created: 6377317   present: 1090   in FES: 113
** Event #6605824   t=467.5149058308   Elapsed: 351.573s (5m 51s)  93% completed  (46% total)
     Speed:     ev/sec=21200.1   simsec/sec=1.24398   ev/simsec=17042.2
     Messages:  created: 6420800   present: 1093   in FES: 118
** Event #6639872   t=469.529840408783   Elapsed: 353.588s (5m 53s)  93% completed  (46% total)
     Speed:     ev/sec=16897.9   simsec/sec=1   ev/simsec=16897.8
     Messages:  created: 6454541   present: 1128   in FES: 127
** Event #6676736   t=471.580536672165   Elapsed: 355.607s (5m 55s)  94% completed  (47% total)
     Speed:     ev/sec=18250   simsec/sec=1.01522   ev/simsec=17976.3
     Messages:  created: 6491556   present: 1101   in FES: 120
** Event #6710784   t=473.590741056693   Elapsed: 357.634s (5m 57s)  94% completed  (47% total)
     Speed:     ev/sec=16804.1   simsec/sec=0.992121   ev/simsec=16937.6
     Messages:  created: 6525123   present: 1066   in FES: 109
** Event #6748160   t=476.063490136762   Elapsed: 359.636s (5m 59s)  95% completed  (47% total)
     Speed:     ev/sec=18668.9   simsec/sec=1.23511   ev/simsec=15115.2
     Messages:  created: 6562201   present: 1089   in FES: 114
** Event #6785024   t=478.521450962902   Elapsed: 361.655s (6m 01s)  95% completed  (47% total)
     Speed:     ev/sec=18255.8   simsec/sec=1.21723   ev/simsec=14997.8
     Messages:  created: 6598130   present: 1043   in FES: 96
** Event #6819584   t=480.580750919256   Elapsed: 363.661s (6m 03s)  96% completed  (48% total)
     Speed:     ev/sec=17225.8   simsec/sec=1.02642   ev/simsec=16782.4
     Messages:  created: 6631725   present: 1101   in FES: 118
** Event #6851840   t=482.579121363238   Elapsed: 365.673s (6m 05s)  96% completed  (48% total)
     Speed:     ev/sec=16037.7   simsec/sec=0.993591   ev/simsec=16141.2
     Messages:  created: 6662904   present: 1077   in FES: 112
** Event #6884608   t=485.000743840196   Elapsed: 367.679s (6m 07s)  97% completed  (48% total)
     Speed:     ev/sec=16335.5   simsec/sec=1.20723   ev/simsec=13531.4
     Messages:  created: 6694561   present: 1086   in FES: 126
** Event #6919680   t=487.268563941654   Elapsed: 369.681s (6m 09s)  97% completed  (48% total)
     Speed:     ev/sec=17516.4   simsec/sec=1.13265   ev/simsec=15465.1
     Messages:  created: 6726863   present: 1114   in FES: 151
** Event #6951168   t=489.528071522165   Elapsed: 371.694s (6m 11s)  97% completed  (48% total)
     Speed:     ev/sec=15642.4   simsec/sec=1.12247   ev/simsec=13935.8
     Messages:  created: 6756416   present: 1120   in FES: 126
** Event #6981632   t=491.549391434108   Elapsed: 373.704s (6m 13s)  98% completed  (49% total)
     Speed:     ev/sec=15156.2   simsec/sec=1.00563   ev/simsec=15071.3
     Messages:  created: 6784287   present: 1050   in FES: 103
** Event #7012352   t=493.568746742002   Elapsed: 375.728s (6m 15s)  98% completed  (49% total)
     Speed:     ev/sec=15176.4   simsec/sec=0.997611   ev/simsec=15212.8
     Messages:  created: 6812777   present: 1108   in FES: 121
** Event #7046400   t=496.0497377208   Elapsed: 377.729s (6m 17s)  99% completed  (49% total)
     Speed:     ev/sec=17014.6   simsec/sec=1.23981   ev/simsec=13723.5
     Messages:  created: 6844474   present: 1120   in FES: 127
** Event #7083520   t=498.521371875676   Elapsed: 379.729s (6m 19s)  99% completed  (49% total)
     Speed:     ev/sec=18555.9   simsec/sec=1.23554   ev/simsec=15018.4
     Messages:  created: 6880266   present: 1103   in FES: 118
** Event #7103794   t=500   Elapsed: 380.987s (6m 20s)  100% completed  (50% total)
     Speed:     ev/sec=16119.5   simsec/sec=1.17556   ev/simsec=13712.1
     Messages:  created: 6900028   present: 1021   in FES: 95

<!> Simulation time limit reached -- at t=500s, event #7103794
undisposed object: (omnetpp::cMessage) FanetStressNetwork.uav[0].app.debugTimer -- check module destructor
undisposed object: (omnetpp::cMessage) FanetStressNetwork.uav[1].app.debugTimer -- check module destructor
undisposed object: (omnetpp::cMessage) FanetStressNetwork.uav[2].app.debugTimer -- check module destructor
undisposed object: (omnetpp::cMessage) FanetStressNetwork.uav[3].app.debugTimer -- check module destructor
undisposed object: (omnetpp::cMessage) FanetStressNetwork.uav[4].app.debugTimer -- check module destructor
undisposed object: (omnetpp::cMessage) FanetStressNetwork.uav[5].app.debugTimer -- check module destructor
undisposed object: (omnetpp::cMessage) FanetStressNetwork.uav[6].app.debugTimer -- check module destructor
undisposed object: (omnetpp::cMessage) FanetStressNetwork.uav[7].app.debugTimer -- check module destructor
undisposed object: (omnetpp::cMessage) FanetStressNetwork.uav[8].app.debugTimer -- check module destructor
undisposed object: (omnetpp::cMessage) FanetStressNetwork.uav[9].app.debugTimer -- check module destructor
undisposed object: (omnetpp::cMessage) FanetStressNetwork.uav[10].app.debugTimer -- check module destructor
undisposed object: (omnetpp::cMessage) FanetStressNetwork.uav[11].app.debugTimer -- check module destructor
undisposed object: (omnetpp::cMessage) FanetStressNetwork.uav[12].app.debugTimer -- check module destructor
undisposed object: (omnetpp::cMessage) FanetStressNetwork.uav[13].app.debugTimer -- check module destructor
undisposed object: (omnetpp::cMessage) FanetStressNetwork.uav[14].app.debugTimer -- check module destructor
undisposed object: (omnetpp::cMessage) FanetStressNetwork.uav[15].app.debugTimer -- check module destructor
undisposed object: (omnetpp::cMessage) FanetStressNetwork.uav[16].app.debugTimer -- check module destructor
undisposed object: (omnetpp::cMessage) FanetStressNetwork.uav[17].app.debugTimer -- check module destructor
undisposed object: (omnetpp::cMessage) FanetStressNetwork.uav[18].app.debugTimer -- check module destructor
undisposed object: (omnetpp::cMessage) FanetStressNetwork.uav[19].app.debugTimer -- check module destructor
undisposed object: (omnetpp::cMessage) FanetStressNetwork.uav[20].app.debugTimer -- check module destructor
undisposed object: (omnetpp::cMessage) FanetStressNetwork.uav[21].app.debugTimer -- check module destructor
undisposed object: (omnetpp::cMessage) FanetStressNetwork.uav[22].app.debugTimer -- check module destructor
undisposed object: (omnetpp::cMessage) FanetStressNetwork.uav[23].app.debugTimer -- check module destructor
undisposed object: (omnetpp::cMessage) FanetStressNetwork.uav[24].app.debugTimer -- check module destructor
undisposed object: (omnetpp::cMessage) FanetStressNetwork.uav[25].app.debugTimer -- check module destructor
undisposed object: (omnetpp::cMessage) FanetStressNetwork.uav[26].app.debugTimer -- check module destructor
undisposed object: (omnetpp::cMessage) FanetStressNetwork.uav[27].app.debugTimer -- check module destructor
undisposed object: (omnetpp::cMessage) FanetStressNetwork.uav[28].app.debugTimer -- check module destructor
undisposed object: (omnetpp::cMessage) FanetStressNetwork.uav[29].app.debugTimer -- check module destructor
