** Event #0   t=0   Elapsed: 2e-05s (0m 00s)  0% completed  (0% total)
     Speed:     ev/sec=0   simsec/sec=0   ev/simsec=0
     Messages:  created: 1081   present: 1081   in FES: 161
** Event #46080   t=5.018263834519   Elapsed: 2.00675s (0m 02s)  1% completed  (0% total)
     Speed:     ev/sec=22963.2   simsec/sec=2.50072   ev/simsec=9182.66
     Messages:  created: 39529   present: 1094   in FES: 126
** Event #82176   t=9.010594856973   Elapsed: 4.00834s (0m 04s)  1% completed  (0% total)
     Speed:     ev/sec=18033.6   simsec/sec=1.99457   ev/simsec=9041.33
     Messages:  created: 68939   present: 1100   in FES: 119
** Event #117248   t=12.594706606911   Elapsed: 6.01508s (0m 06s)  2% completed  (1% total)
     Speed:     ev/sec=17477.1   simsec/sec=1.78604   ev/simsec=9785.41
     Messages:  created: 97584   present: 1110   in FES: 123
** Event #154112   t=16.585746381769   Elapsed: 8.03276s (0m 08s)  3% completed  (1% total)
     Speed:     ev/sec=18270.5   simsec/sec=1.97804   ev/simsec=9236.69
     Messages:  created: 127453   present: 1110   in FES: 125
** Event #189696   t=20.551486080617   Elapsed: 10.0366s (0m 10s)  4% completed  (2% total)
     Speed:     ev/sec=17758   simsec/sec=1.97908   ev/simsec=8972.85
     Messages:  created: 156242   present: 1071   in FES: 112
** Event #226304   t=24.569595570503   Elapsed: 12.0419s (0m 12s)  4% completed  (2% total)
     Speed:     ev/sec=18255.7   simsec/sec=2.00375   ev/simsec=9110.75
     Messages:  created: 186365   present: 1111   in FES: 124
** Event #266496   t=29.058739099485   Elapsed: 14.0448s (0m 14s)  5% completed  (2% total)
     Speed:     ev/sec=20066.2   simsec/sec=2.24124   ev/simsec=8953.16
     Messages:  created: 219304   present: 1113   in FES: 126
** Event #304384   t=33.087816837124   Elapsed: 16.0484s (0m 16s)  6% completed  (3% total)
     Speed:     ev/sec=18910.7   simsec/sec=2.011   ev/simsec=9403.64
     Messages:  created: 250250   present: 1077   in FES: 112
** Event #341504   t=37.513679460455   Elapsed: 18.063s (0m 18s)  7% completed  (3% total)
     Speed:     ev/sec=18425.2   simsec/sec=2.19686   ev/simsec=8387.07
     Messages:  created: 280800   present: 1096   in FES: 117
** Event #377600   t=41.524136714213   Elapsed: 20.0638s (0m 20s)  8% completed  (4% total)
     Speed:     ev/sec=18040.7   simsec/sec=2.00442   ev/simsec=9000.47
     Messages:  created: 310664   present: 1092   in FES: 117
** Event #413696   t=45.571217625112   Elapsed: 22.0682s (0m 22s)  9% completed  (4% total)
     Speed:     ev/sec=18008.3   simsec/sec=2.01909   ev/simsec=8919.02
     Messages:  created: 340853   present: 1033   in FES: 98
** Event #452096   t=50.033661845161   Elapsed: 24.0724s (0m 24s)  10% completed  (5% total)
     Speed:     ev/sec=19160.3   simsec/sec=2.22661   ev/simsec=8605.15
     Messages:  created: 373013   present: 1105   in FES: 122
** Event #490496   t=54.512803326821   Elapsed: 26.0728s (0m 26s)  10% completed  (5% total)
     Speed:     ev/sec=19196   simsec/sec=2.2391   ev/simsec=8573.07
     Messages:  created: 404629   present: 1080   in FES: 115
** Event #529408   t=58.585717273874   Elapsed: 28.0942s (0m 28s)  11% completed  (5% total)
     Speed:     ev/sec=19250   simsec/sec=2.01489   ev/simsec=9553.85
     Messages:  created: 436925   present: 1105   in FES: 126
** Event #570368   t=63.507712540019   Elapsed: 30.1157s (0m 30s)  12% completed  (6% total)
     Speed:     ev/sec=20261.5   simsec/sec=2.43475   ev/simsec=8321.83
     Messages:  created: 470718   present: 1033   in FES: 98
** Event #607232   t=67.547450971696   Elapsed: 32.1255s (0m 32s)  13% completed  (6% total)
     Speed:     ev/sec=18342.9   simsec/sec=2.0101   ev/simsec=9125.34
     Messages:  created: 501735   present: 1060   in FES: 107
** Event #646656   t=72.072798823874   Elapsed: 34.1289s (0m 34s)  14% completed  (7% total)
     Speed:     ev/sec=19678.3   simsec/sec=2.2588   ev/simsec=8711.82
     Messages:  created: 534858   present: 1079   in FES: 114
** Event #686336   t=76.568472871333   Elapsed: 36.1362s (0m 36s)  15% completed  (7% total)
     Speed:     ev/sec=19767.4   simsec/sec=2.23961   ev/simsec=8826.26
     Messages:  created: 567679   present: 1111   in FES: 122
** Event #726784   t=81.511141115634   Elapsed: 38.144s (0m 38s)  16% completed  (8% total)
     Speed:     ev/sec=20145.6   simsec/sec=2.46176   ev/simsec=8183.43
     Messages:  created: 601688   present: 1107   in FES: 122
** Event #769536   t=86.531950595166   Elapsed: 40.1559s (0m 40s)  17% completed  (8% total)
     Speed:     ev/sec=21249.6   simsec/sec=2.49557   ev/simsec=8514.96
     Messages:  created: 638299   present: 1097   in FES: 118
** Event #811776   t=91.583066753565   Elapsed: 42.1593s (0m 42s)  18% completed  (9% total)
     Speed:     ev/sec=21084.2   simsec/sec=2.52128   ev/simsec=8362.51
     Messages:  created: 674763   present: 1105   in FES: 122
** Event #856576   t=97.082611539092   Elapsed: 44.1636s (0m 44s)  19% completed  (9% total)
     Speed:     ev/sec=22351.6   simsec/sec=2.74383   ev/simsec=8146.13
     Messages:  created: 713695   present: 1118   in FES: 126
** Event #906240   t=102.013201302437   Elapsed: 46.164s (0m 46s)  20% completed  (10% total)
     Speed:     ev/sec=24827.3   simsec/sec=2.46483   ev/simsec=10072.6
     Messages:  created: 762668   present: 1087   in FES: 116
** Event #962304   t=105.521020607906   Elapsed: 48.1798s (0m 48s)  21% completed  (10% total)
     Speed:     ev/sec=27812.6   simsec/sec=1.74018   ev/simsec=15982.6
     Messages:  created: 824777   present: 1096   in FES: 119
** Event #1017600   t=109.018318147742   Elapsed: 50.1877s (0m 50s)  21% completed  (10% total)
     Speed:     ev/sec=27539.8   simsec/sec=1.74181   ev/simsec=15811.1
     Messages:  created: 886386   present: 1089   in FES: 116
** Event #1071104   t=112.273616994077   Elapsed: 52.1884s (0m 52s)  22% completed  (11% total)
     Speed:     ev/sec=26741.9   simsec/sec=1.62704   ev/simsec=16436
     Messages:  created: 945837   present: 1120   in FES: 148
** Event #1119744   t=115.271019020759   Elapsed: 54.1885s (0m 54s)  23% completed  (11% total)
     Speed:     ev/sec=24318.9   simsec/sec=1.49863   ev/simsec=16227.4
     Messages:  created: 999180   present: 1115   in FES: 131
** Event #1171968   t=118.574293408449   Elapsed: 56.2063s (0m 56s)  23% completed  (11% total)
     Speed:     ev/sec=25881.7   simsec/sec=1.63707   ev/simsec=15809.8
     Messages:  created: 1056900   present: 1086   in FES: 115
** Event #1221120   t=121.583799681094   Elapsed: 58.2173s (0m 58s)  24% completed  (12% total)
     Speed:     ev/sec=24441.2   simsec/sec=1.4965   ev/simsec=16332.2
     Messages:  created: 1111113   present: 1092   in FES: 126
** Event #1270272   t=125.010595519298   Elapsed: 60.221s (1m 00s)  25% completed  (12% total)
     Speed:     ev/sec=24531.1   simsec/sec=1.71027   ev/simsec=14343.4
     Messages:  created: 1164289   present: 1087   in FES: 114
** Event #1315328   t=128.021545898922   Elapsed: 62.2239s (1m 02s)  25% completed  (12% total)
     Speed:     ev/sec=22494.7   simsec/sec=1.50325   ev/simsec=14964
     Messages:  created: 1211348   present: 1044   in FES: 107
** Event #1357568   t=130.601918497038   Elapsed: 64.2329s (1m 04s)  26% completed  (13% total)
     Speed:     ev/sec=21025.4   simsec/sec=1.28441   ev/simsec=16369.7
     Messages:  created: 1255711   present: 1031   in FES: 96
** Event #1403904   t=133.548424518062   Elapsed: 66.2447s (1m 06s)  26% completed  (13% total)
     Speed:     ev/sec=23032.4   simsec/sec=1.46463   ev/simsec=15725.7
     Messages:  created: 1305353   present: 1195   in FES: 156
** Event #1450240   t=136.551485643312   Elapsed: 68.2479s (1m 08s)  27% completed  (13% total)
     Speed:     ev/sec=23131.7   simsec/sec=1.49918   ev/simsec=15429.6
     Messages:  created: 1354108   present: 1097   in FES: 119
** Event #1494272   t=139.518686311416   Elapsed: 70.2689s (1m 10s)  27% completed  (13% total)
     Speed:     ev/sec=21787   simsec/sec=1.46817   ev/simsec=14839.6
     Messages:  created: 1400349   present: 1114   in FES: 123
** Event #1537792   t=142.061249354029   Elapsed: 72.2729s (1m 12s)  28% completed  (14% total)
     Speed:     ev/sec=21716.4   simsec/sec=1.26873   ev/simsec=17116.6
     Messages:  created: 1446677   present: 1096   in FES: 119
** Event #1583872   t=145.003061664873   Elapsed: 74.2734s (1m 14s)  29% completed  (14% total)
     Speed:     ev/sec=23033.7   simsec/sec=1.4705   ev/simsec=15663.8
     Messages:  created: 1496743   present: 1036   in FES: 97
** Event #1630208   t=147.592823667747   Elapsed: 76.2942s (1m 16s)  29% completed  (14% total)
     Speed:     ev/sec=22930.4   simsec/sec=1.2816   ev/simsec=17892
     Messages:  created: 1546796   present: 1053   in FES: 102
** Event #1678592   t=150.573426983238   Elapsed: 78.297s (1m 18s)  30% completed  (15% total)
     Speed:     ev/sec=24157.6   simsec/sec=1.48819   ev/simsec=16233
     Messages:  created: 1599470   present: 1094   in FES: 119
** Event #1727744   t=153.524016938912   Elapsed: 80.2971s (1m 20s)  30% completed  (15% total)
     Speed:     ev/sec=24575   simsec/sec=1.47524   ev/simsec=16658.4
     Messages:  created: 1653088   present: 1123   in FES: 130
** Event #1773056   t=156.50731642673   Elapsed: 82.3166s (1m 22s)  31% completed  (15% total)
     Speed:     ev/sec=22437.6   simsec/sec=1.47727   ev/simsec=15188.6
     Messages:  created: 1700488   present: 1113   in FES: 126
** Event #1816832   t=159.517224465515   Elapsed: 84.3269s (1m 24s)  31% completed  (15% total)
     Speed:     ev/sec=21775.7   simsec/sec=1.49723   ev/simsec=14544
     Messages:  created: 1744775   present: 1088   in FES: 117
** Event #1854208   t=162.020752651458   Elapsed: 86.3322s (1m 26s)  32% completed  (16% total)
     Speed:     ev/sec=18638.1   simsec/sec=1.24842   ev/simsec=14929.3
     Messages:  created: 1782371   present: 1099   in FES: 126
** Event #1898496   t=165.026613328268   Elapsed: 88.3349s (1m 28s)  33% completed  (16% total)
     Speed:     ev/sec=22114.2   simsec/sec=1.50091   ev/simsec=14733.9
     Messages:  created: 1827327   present: 1044   in FES: 97
** Event #1942784   t=168.033608159195   Elapsed: 90.3353s (1m 30s)  33% completed  (16% total)
     Speed:     ev/sec=22140.2   simsec/sec=1.50324   ev/simsec=14728.3
     Messages:  created: 1872922   present: 1103   in FES: 127
** Event #1993216   t=171.534651023936   Elapsed: 92.337s (1m 32s)  34% completed  (17% total)
     Speed:     ev/sec=25194.1   simsec/sec=1.749   ev/simsec=14404.9
     Messages:  created: 1924233   present: 1117   in FES: 124
** Event #2038784   t=174.590872881247   Elapsed: 94.3448s (1m 34s)  34% completed  (17% total)
     Speed:     ev/sec=22695.7   simsec/sec=1.52219   ev/simsec=14909.9
     Messages:  created: 1970047   present: 1032   in FES: 97
** Event #2095872   t=178.564445755242   Elapsed: 96.3475s (1m 36s)  35% completed  (17% total)
     Speed:     ev/sec=28505.2   simsec/sec=1.98408   ev/simsec=14366.9
     Messages:  created: 2028070   present: 1032   in FES: 97
** Event #2152960   t=182.522203662555   Elapsed: 98.3491s (1m 38s)  36% completed  (18% total)
     Speed:     ev/sec=28521.8   simsec/sec=1.97734   ev/simsec=14424.3
     Messages:  created: 2085971   present: 1128   in FES: 149
** Event #2205184   t=186.028413128695   Elapsed: 100.35s (1m 40s)  37% completed  (18% total)
     Speed:     ev/sec=26094.2   simsec/sec=1.75191   ev/simsec=14894.7
     Messages:  created: 2138632   present: 1069   in FES: 106
** Event #2259456   t=189.633871932182   Elapsed: 102.362s (1m 42s)  37% completed  (18% total)
     Speed:     ev/sec=26983   simsec/sec=1.79256   ev/simsec=15052.7
     Messages:  created: 2193298   present: 1065   in FES: 127
** Event #2315776   t=193.548357114401   Elapsed: 104.367s (1m 44s)  38% completed  (19% total)
     Speed:     ev/sec=28081.5   simsec/sec=1.95179   ev/simsec=14387.6
     Messages:  created: 2250226   present: 1028   in FES: 97
** Event #2366720   t=197.004814905194   Elapsed: 106.369s (1m 46s)  39% completed  (19% total)
     Speed:     ev/sec=25449.7   simsec/sec=1.72672   ev/simsec=14738.8
     Messages:  created: 2301583   present: 1029   in FES: 96
** Event #2420480   t=200.506236701919   Elapsed: 108.377s (1m 48s)  40% completed  (20% total)
     Speed:     ev/sec=26772.8   simsec/sec=1.74373   ev/simsec=15353.8
     Messages:  created: 2355413   present: 1054   in FES: 107
** Event #2470656   t=203.613539289881   Elapsed: 110.392s (1m 50s)  40% completed  (20% total)
     Speed:     ev/sec=24906.3   simsec/sec=1.5424   ev/simsec=16147.8
     Messages:  created: 2405001   present: 1021   in FES: 95
** Event #2526464   t=207.537466413226   Elapsed: 112.402s (1m 52s)  41% completed  (20% total)
     Speed:     ev/sec=27765.9   simsec/sec=1.95225   ev/simsec=14222.5
     Messages:  created: 2461468   present: 1107   in FES: 124
** Event #2580480   t=211.068381842668   Elapsed: 114.408s (1m 54s)  42% completed  (21% total)
     Speed:     ev/sec=26924.7   simsec/sec=1.76001   ev/simsec=15298
     Messages:  created: 2516282   present: 1089   in FES: 126
** Event #2631936   t=214.593723550553   Elapsed: 116.425s (1m 56s)  42% completed  (21% total)
     Speed:     ev/sec=25504.6   simsec/sec=1.74736   ev/simsec=14596
     Messages:  created: 2567516   present: 1078   in FES: 111
** Event #2687488   t=218.585663843027   Elapsed: 118.432s (1m 58s)  43% completed  (21% total)
     Speed:     ev/sec=27684.4   simsec/sec=1.98939   ev/simsec=13916
     Messages:  created: 2622782   present: 1034   in FES: 97
** Event #2739712   t=222.521020032157   Elapsed: 120.44s (2m 00s)  44% completed  (22% total)
     Speed:     ev/sec=26009.9   simsec/sec=1.95999   ev/simsec=13270.5
     Messages:  created: 2674762   present: 1115   in FES: 124
** Event #2793728   t=226.175295649371   Elapsed: 122.44s (2m 02s)  45% completed  (22% total)
     Speed:     ev/sec=27005.6   simsec/sec=1.82698   ev/simsec=14781.6
     Messages:  created: 2728202   present: 1021   in FES: 95
** Event #2846464   t=229.770973946606   Elapsed: 124.442s (2m 04s)  45% completed  (22% total)
     Speed:     ev/sec=26344.5   simsec/sec=1.79624   ev/simsec=14666.5
     Messages:  created: 2782231   present: 1111   in FES: 127
** Event #2904576   t=233.520976926652   Elapsed: 126.455s (2m 06s)  46% completed  (23% total)
     Speed:     ev/sec=28862.6   simsec/sec=1.86252   ev/simsec=15496.5
     Messages:  created: 2843306   present: 1041   in FES: 111
** Event #2959616   t=237.018317611032   Elapsed: 128.459s (2m 08s)  47% completed  (23% total)
     Speed:     ev/sec=27466.6   simsec/sec=1.74528   ev/simsec=15737.7
     Messages:  created: 2900941   present: 1108   in FES: 123
** Event #3014912   t=240.520705704891   Elapsed: 130.47s (2m 10s)  48% completed  (24% total)
     Speed:     ev/sec=27497.7   simsec/sec=1.74167   ev/simsec=15788.1
     Messages:  created: 2958621   present: 1035   in FES: 96
** Event #3069952   t=243.799028654886   Elapsed: 132.482s (2m 12s)  48% completed  (24% total)
     Speed:     ev/sec=27358.4   simsec/sec=1.62954   ev/simsec=16789.1
     Messages:  created: 3016928   present: 1077   in FES: 114
** Event #3126272   t=247.547476332416   Elapsed: 134.487s (2m 14s)  49% completed  (24% total)
     Speed:     ev/sec=28089.2   simsec/sec=1.86951   ev/simsec=15024.9
     Messages:  created: 3074509   present: 1073   in FES: 112
** Event #3183104   t=251.516711000822   Elapsed: 136.494s (2m 16s)  50% completed  (25% total)
     Speed:     ev/sec=28311.4   simsec/sec=1.97731   ev/simsec=14318.1
     Messages:  created: 3132624   present: 1083   in FES: 112
** Event #3235840   t=255.0183184115   Elapsed: 138.496s (2m 18s)  51% completed  (25% total)
     Speed:     ev/sec=26339.2   simsec/sec=1.74889   ev/simsec=15060.5
     Messages:  created: 3186826   present: 1063   in FES: 108
** Event #3290624   t=258.570496542659   Elapsed: 140.502s (2m 20s)  51% completed  (25% total)
     Speed:     ev/sec=27320.4   simsec/sec=1.77144   ev/simsec=15422.6
     Messages:  created: 3242761   present: 1113   in FES: 123
** Event #3347712   t=262.494859910664   Elapsed: 142.502s (2m 22s)  52% completed  (26% total)
     Speed:     ev/sec=28542.6   simsec/sec=1.96208   ev/simsec=14547.1
     Messages:  created: 3301253   present: 1033   in FES: 98
** Event #3397632   t=265.603206899277   Elapsed: 144.502s (2m 24s)  53% completed  (26% total)
     Speed:     ev/sec=24954.2   simsec/sec=1.55381   ev/simsec=16060
     Messages:  created: 3351171   present: 1043   in FES: 97
** Event #3446528   t=269.082608729421   Elapsed: 146.505s (2m 26s)  53% completed  (26% total)
     Speed:     ev/sec=24413.2   simsec/sec=1.73723   ev/simsec=14053
     Messages:  created: 3399116   present: 1120   in FES: 126
** Event #3493632   t=272.537520674323   Elapsed: 148.523s (2m 28s)  54% completed  (27% total)
     Speed:     ev/sec=23338.7   simsec/sec=1.71181   ev/simsec=13633.9
     Messages:  created: 3445417   present: 1111   in FES: 109
** Event #3546112   t=276.527145231251   Elapsed: 150.53s (2m 30s)  55% completed  (27% total)
     Speed:     ev/sec=26157.1   simsec/sec=1.98851   ev/simsec=13154.1
     Messages:  created: 3496788   present: 1117   in FES: 107
** Event #3599872   t=280.537968082714   Elapsed: 152.54s (2m 32s)  56% completed  (28% total)
     Speed:     ev/sec=26744.5   simsec/sec=1.9953   ev/simsec=13403.7
     Messages:  created: 3549371   present: 1108   in FES: 96
** Event #3647488   t=284.026619453742   Elapsed: 154.54s (2m 34s)  56% completed  (28% total)
     Speed:     ev/sec=23805.2   simsec/sec=1.74412   ev/simsec=13648.8
     Messages:  created: 3596133   present: 1205   in FES: 124
** Event #3700992   t=287.569058041021   Elapsed: 156.56s (2m 36s)  57% completed  (28% total)
     Speed:     ev/sec=26491.1   simsec/sec=1.75395   ev/simsec=15103.7
     Messages:  created: 3649730   present: 1148   in FES: 109
** Event #3755776   t=291.271320643136   Elapsed: 158.563s (2m 38s)  58% completed  (29% total)
     Speed:     ev/sec=27351.4   simsec/sec=1.84839   ev/simsec=14797.4
     Messages:  created: 3704641   present: 1109   in FES: 98
** Event #3810304   t=294.770751946606   Elapsed: 160.567s (2m 40s)  58% completed  (29% total)
     Speed:     ev/sec=27212   simsec/sec=1.74638   ev/simsec=15582
     Messages:  created: 3761046   present: 1165   in FES: 126
** Event #3867648   t=298.54753333501   Elapsed: 162.569s (2m 42s)  59% completed  (29% total)
     Speed:     ev/sec=28640   simsec/sec=1.88628   ev/simsec=15183.3
     Messages:  created: 3820517   present: 1167   in FES: 116
** Event #3924224   t=302.533608162387   Elapsed: 164.573s (2m 44s)  60% completed  (30% total)
     Speed:     ev/sec=28233.6   simsec/sec=1.98921   ev/simsec=14193.4
     Messages:  created: 3879323   present: 1184   in FES: 126
** Event #3981312   t=306.574890705681   Elapsed: 166.575s (2m 46s)  61% completed  (30% total)
     Speed:     ev/sec=28511   simsec/sec=2.01831   ev/simsec=14126.2
     Messages:  created: 3937404   present: 1163   in FES: 114
** Event #4036352   t=310.516945671428   Elapsed: 168.591s (2m 48s)  62% completed  (31% total)
     Speed:     ev/sec=27307.4   simsec/sec=1.9558   ev/simsec=13962.3
     Messages:  created: 3993490   present: 1134   in FES: 103
** Event #4086272   t=313.573328700044   Elapsed: 170.6s (2m 50s)  62% completed  (31% total)
     Speed:     ev/sec=24848.1   simsec/sec=1.52134   ev/simsec=16333
     Messages:  created: 4043674   present: 1173   in FES: 126
** Event #4134656   t=316.534952575658   Elapsed: 172.603s (2m 52s)  63% completed  (31% total)
     Speed:     ev/sec=24148.8   simsec/sec=1.47817   ev/simsec=16337
     Messages:  created: 4092916   present: 1142   in FES: 105
** Event #4186624   t=319.569270320631   Elapsed: 174.62s (2m 54s)  63% completed  (31% total)
     Speed:     ev/sec=25762.3   simsec/sec=1.50421   ev/simsec=17126.7
     Messages:  created: 4146235   present: 1186   in FES: 123
** Event #4236800   t=322.564508664703   Elapsed: 176.627s (2m 56s)  64% completed  (32% total)
     Speed:     ev/sec=25008.1   simsec/sec=1.49285   ev/simsec=16751.9
     Messages:  created: 4197366   present: 1184   in FES: 121
** Event #4290048   t=325.590193228907   Elapsed: 178.633s (2m 58s)  65% completed  (32% total)
     Speed:     ev/sec=26535.6   simsec/sec=1.50782   ev/simsec=17598.7
     Messages:  created: 4251732   present: 1198   in FES: 126
** Event #4340480   t=328.591660183612   Elapsed: 180.656s (3m 00s)  65% completed  (32% total)
     Speed:     ev/sec=24928.8   simsec/sec=1.48364   ev/simsec=16802.5
     Messages:  created: 4303415   present: 1108   in FES: 97
** Event #4395008   t=331.591975306675   Elapsed: 182.661s (3m 02s)  66% completed  (33% total)
     Speed:     ev/sec=27203.7   simsec/sec=1.49684   ev/simsec=18174.1
     Messages:  created: 4360776   present: 1197   in FES: 124
** Event #4446720   t=334.744592442873   Elapsed: 184.662s (3m 04s)  66% completed  (33% total)
     Speed:     ev/sec=25846.5   simsec/sec=1.57573   ev/simsec=16402.9
     Messages:  created: 4415025   present: 1180   in FES: 126
** Event #4507648   t=338.521146382999   Elapsed: 186.666s (3m 06s)  67% completed  (33% total)
     Speed:     ev/sec=30399.8   simsec/sec=1.8843   ev/simsec=16133.2
     Messages:  created: 4480221   present: 1184   in FES: 128
** Event #4571136   t=342.50815250001   Elapsed: 188.672s (3m 08s)  68% completed  (34% total)
     Speed:     ev/sec=31640.2   simsec/sec=1.98698   ev/simsec=15923.7
     Messages:  created: 4548594   present: 1190   in FES: 123
** Event #4628224   t=346.005698734726   Elapsed: 190.674s (3m 10s)  69% completed  (34% total)
     Speed:     ev/sec=28522.4   simsec/sec=1.74745   ev/simsec=16322.3
     Messages:  created: 4609208   present: 1197   in FES: 124
** Event #4687104   t=349.568254967018   Elapsed: 192.682s (3m 12s)  69% completed  (34% total)
     Speed:     ev/sec=29323.2   simsec/sec=1.77421   ev/simsec=16527.5
     Messages:  created: 4670192   present: 1153   in FES: 110
** Event #4746496   t=353.070921488926   Elapsed: 194.682s (3m 14s)  70% completed  (35% total)
     Speed:     ev/sec=29691.2   simsec/sec=1.75105   ev/simsec=16956.2
     Messages:  created: 4732238   present: 1174   in FES: 126
** Event #4802048   t=356.527413189734   Elapsed: 196.695s (3m 16s)  71% completed  (35% total)
     Speed:     ev/sec=27595.4   simsec/sec=1.71701   ev/simsec=16071.8
     Messages:  created: 4790506   present: 1203   in FES: 124
** Event #4852224   t=359.548537632238   Elapsed: 198.712s (3m 18s)  71% completed  (35% total)
     Speed:     ev/sec=24875.5   simsec/sec=1.49776   ev/simsec=16608.4
     Messages:  created: 4841677   present: 1157   in FES: 112
** Event #4902912   t=362.574301297397   Elapsed: 200.723s (3m 20s)  72% completed  (36% total)
     Speed:     ev/sec=25206.3   simsec/sec=1.50466   ev/simsec=16752.1
     Messages:  created: 4893638   present: 1166   in FES: 115
** Event #4959232   t=366.058692472337   Elapsed: 202.725s (3m 22s)  73% completed  (36% total)
     Speed:     ev/sec=28135.5   simsec/sec=1.74068   ev/simsec=16163.5
     Messages:  created: 4951932   present: 1164   in FES: 113
** Event #5018624   t=369.518120804356   Elapsed: 204.738s (3m 24s)  73% completed  (36% total)
     Speed:     ev/sec=29498   simsec/sec=1.71818   ev/simsec=17168.2
     Messages:  created: 5014989   present: 1201   in FES: 124
** Event #5073152   t=372.517213753862   Elapsed: 206.748s (3m 26s)  74% completed  (37% total)
     Speed:     ev/sec=27136.5   simsec/sec=1.49254   ev/simsec=18181.5
     Messages:  created: 5073036   present: 1122   in FES: 97
** Event #5128192   t=375.549468571264   Elapsed: 208.752s (3m 28s)  75% completed  (37% total)
     Speed:     ev/sec=27466.6   simsec/sec=1.51319   ev/simsec=18151.5
     Messages:  created: 5131727   present: 1156   in FES: 111
** Event #5194496   t=379.511655628053   Elapsed: 210.763s (3m 30s)  75% completed  (37% total)
     Speed:     ev/sec=32969.4   simsec/sec=1.97018   ev/simsec=16734.2
     Messages:  created: 5203490   present: 1162   in FES: 113
** Event #5255168   t=383.083246730147   Elapsed: 212.764s (3m 32s)  76% completed  (38% total)
     Speed:     ev/sec=30311   simsec/sec=1.78432   ev/simsec=16987.4
     Messages:  created: 5267623   present: 1168   in FES: 115
** Event #5307136   t=386.799539638425   Elapsed: 214.766s (3m 34s)  77% completed  (38% total)
     Speed:     ev/sec=25959.3   simsec/sec=1.85638   ev/simsec=13983.8
     Messages:  created: 5321046   present: 1199   in FES: 136
** Event #5362688   t=390.537557518116   Elapsed: 216.771s (3m 36s)  78% completed  (39% total)
     Speed:     ev/sec=27717.9   simsec/sec=1.8651   ev/simsec=14861.4
     Messages:  created: 5378631   present: 1179   in FES: 126
** Event #5425920   t=394.566439469848   Elapsed: 218.783s (3m 38s)  78% completed  (39% total)
     Speed:     ev/sec=31416.8   simsec/sec=2.00175   ev/simsec=15694.7
     Messages:  created: 5445723   present: 1165   in FES: 116
** Event #5487104   t=398.563365432379   Elapsed: 220.794s (3m 40s)  79% completed  (39% total)
     Speed:     ev/sec=30432.2   simsec/sec=1.98803   ev/simsec=15307.8
     Messages:  created: 5510328   present: 1137   in FES: 106
** Event #5546752   t=402.526906773549   Elapsed: 222.806s (3m 42s)  80% completed  (40% total)
     Speed:     ev/sec=29647.9   simsec/sec=1.97007   ev/simsec=15049.2
     Messages:  created: 5574080   present: 1208   in FES: 123
** Event #5608448   t=406.595137292167   Elapsed: 224.819s (3m 44s)  81% completed  (40% total)
     Speed:     ev/sec=30640.3   simsec/sec=2.02042   ev/simsec=15165.3
     Messages:  created: 5639301   present: 1108   in FES: 97
** Event #5677824   t=411.510252860695   Elapsed: 226.834s (3m 46s)  82% completed  (41% total)
     Speed:     ev/sec=34430.3   simsec/sec=2.4393   ev/simsec=14114.8
     Messages:  created: 5712912   present: 1184   in FES: 121
** Event #5730816   t=415.071251351812   Elapsed: 228.836s (3m 48s)  83% completed  (41% total)
     Speed:     ev/sec=26469.2   simsec/sec=1.7787   ev/simsec=14881.2
     Messages:  created: 5768433   present: 1109   in FES: 96
** Event #5793280   t=419.517281023867   Elapsed: 230.843s (3m 50s)  83% completed  (41% total)
     Speed:     ev/sec=31124.9   simsec/sec=2.21539   ev/simsec=14049.4
     Messages:  created: 5834741   present: 1200   in FES: 126
** Event #5857792   t=423.590797806053   Elapsed: 232.852s (3m 52s)  84% completed  (42% total)
     Speed:     ev/sec=32115.5   simsec/sec=2.02788   ev/simsec=15836.9
     Messages:  created: 5903687   present: 1205   in FES: 126
** Event #5924608   t=428.081714907496   Elapsed: 234.858s (3m 54s)  85% completed  (42% total)
     Speed:     ev/sec=33304.2   simsec/sec=2.23848   ev/simsec=14878
     Messages:  created: 5975491   present: 1196   in FES: 125
** Event #5990400   t=432.041421942998   Elapsed: 236.863s (3m 56s)  86% completed  (43% total)
     Speed:     ev/sec=32809.2   simsec/sec=1.97463   ev/simsec=16615.4
     Messages:  created: 6048977   present: 1161   in FES: 114
** Event #6054912   t=436.541413775092   Elapsed: 238.864s (3m 58s)  87% completed  (43% total)
     Speed:     ev/sec=32238.9   simsec/sec=2.2488   ev/simsec=14336
     Messages:  created: 6117951   present: 1267   in FES: 156
** Event #6123520   t=441.531378731831   Elapsed: 240.869s (4m 00s)  88% completed  (44% total)
     Speed:     ev/sec=34233.7   simsec/sec=2.48987   ev/simsec=13749.2
     Messages:  created: 6191163   present: 1147   in FES: 106
** Event #6196224   t=446.525402039396   Elapsed: 242.874s (4m 02s)  89% completed  (44% total)
     Speed:     ev/sec=36253.1   simsec/sec=2.49022   ev/simsec=14558.2
     Messages:  created: 6270227   present: 1285   in FES: 147
** Event #6263552   t=451.076600831429   Elapsed: 244.878s (4m 04s)  90% completed  (45% total)
     Speed:     ev/sec=33603.5   simsec/sec=2.27151   ev/simsec=14793.5
     Messages:  created: 6343162   present: 1166   in FES: 115
** Event #6329088   t=455.530359780986   Elapsed: 246.879s (4m 06s)  91% completed  (45% total)
     Speed:     ev/sec=32740.8   simsec/sec=2.22503   ev/simsec=14714.8
     Messages:  created: 6413238   present: 1199   in FES: 126
** Event #6386944   t=459.38387230756   Elapsed: 248.88s (4m 08s)  91% completed  (45% total)
     Speed:     ev/sec=28923.4   simsec/sec=1.92645   ev/simsec=15013.8
     Messages:  created: 6473887   present: 1119   in FES: 122
** Event #6443008   t=463.028411668058   Elapsed: 250.883s (4m 10s)  92% completed  (46% total)
     Speed:     ev/sec=27986   simsec/sec=1.81928   ev/simsec=15383
     Messages:  created: 6532225   present: 1211   in FES: 126
** Event #6495488   t=466.548761826108   Elapsed: 252.89s (4m 12s)  93% completed  (46% total)
     Speed:     ev/sec=26152.7   simsec/sec=1.75432   ev/simsec=14907.6
     Messages:  created: 6584847   present: 1170   in FES: 126
** Event #6550784   t=470.244823141626   Elapsed: 254.892s (4m 14s)  94% completed  (47% total)
     Speed:     ev/sec=27616.4   simsec/sec=1.84592   ev/simsec=14960.8
     Messages:  created: 6640041   present: 1171   in FES: 140
** Event #6600704   t=473.590652951899   Elapsed: 256.896s (4m 16s)  94% completed  (47% total)
     Speed:     ev/sec=24913.5   simsec/sec=1.6698   ev/simsec=14920.1
     Messages:  created: 6689245   present: 1144   in FES: 109
** Event #6655744   t=477.506700078026   Elapsed: 258.91s (4m 18s)  95% completed  (47% total)
     Speed:     ev/sec=27328.1   simsec/sec=1.94437   ev/simsec=14055
     Messages:  created: 6744743   present: 1167   in FES: 126
** Event #6705664   t=480.565305266819   Elapsed: 260.926s (4m 20s)  96% completed  (48% total)
     Speed:     ev/sec=24761.1   simsec/sec=1.51711   ev/simsec=16321.2
     Messages:  created: 6794660   present: 1176   in FES: 117
** Event #6766848   t=483.554400861768   Elapsed: 262.928s (4m 22s)  96% completed  (48% total)
     Speed:     ev/sec=30555.9   simsec/sec=1.49278   ev/simsec=20469.1
     Messages:  created: 6862282   present: 1165   in FES: 112
** Event #6822656   t=487.082662719661   Elapsed: 264.929s (4m 24s)  97% completed  (48% total)
     Speed:     ev/sec=27892.6   simsec/sec=1.76341   ev/simsec=15817.4
     Messages:  created: 6919510   present: 1186   in FES: 121
** Event #6876160   t=490.59087510699   Elapsed: 266.93s (4m 26s)  98% completed  (49% total)
     Speed:     ev/sec=26734.4   simsec/sec=1.75296   ev/simsec=15251.1
     Messages:  created: 6974455   present: 1199   in FES: 126
** Event #6934272   t=494.583637145127   Elapsed: 268.949s (4m 28s)  98% completed  (49% total)
     Speed:     ev/sec=28786   simsec/sec=1.97783   ev/simsec=14554.3
     Messages:  created: 7033742   present: 1182   in FES: 119
** Event #6989568   t=498.538698775161   Elapsed: 270.963s (4m 30s)  99% completed  (49% total)
     Speed:     ev/sec=27459.8   simsec/sec=1.96407   ev/simsec=13981.1
     Messages:  created: 7090267   present: 1163   in FES: 114
** Event #7008638   t=500   Elapsed: 271.706s (4m 31s)  100% completed  (50% total)
     Speed:     ev/sec=25640   simsec/sec=1.9588   ev/simsec=13089.7
     Messages:  created: 7110128   present: 1111   in FES: 96

<!> Simulation time limit reached -- at t=500s, event #7008638
undisposed object: (omnetpp::cMessage) FanetStressNetwork.uav[0].app.debugTimer -- check module destructor
undisposed object: (omnetpp::cMessage) FanetStressNetwork.uav[1].app.debugTimer -- check module destructor
undisposed object: (omnetpp::cMessage) FanetStressNetwork.uav[2].app.debugTimer -- check module destructor
undisposed object: (omnetpp::cMessage) FanetStressNetwork.uav[3].app.debugTimer -- check module destructor
undisposed object: (omnetpp::cMessage) FanetStressNetwork.uav[4].app.debugTimer -- check module destructor
undisposed object: (omnetpp::cMessage) FanetStressNetwork.uav[5].app.debugTimer -- check module destructor
undisposed object: (omnetpp::cMessage) FanetStressNetwork.uav[6].app.debugTimer -- check module destructor
undisposed object: (omnetpp::cMessage) FanetStressNetwork.uav[7].app.debugTimer -- check module destructor
undisposed object: (omnetpp::cMessage) FanetStressNetwork.uav[8].app.debugTimer -- check module destructor
undisposed object: (omnetpp::cMessage) FanetStressNetwork.uav[9].app.debugTimer -- check module destructor
undisposed object: (omnetpp::cMessage) FanetStressNetwork.uav[10].app.debugTimer -- check module destructor
undisposed object: (omnetpp::cMessage) FanetStressNetwork.uav[11].app.debugTimer -- check module destructor
undisposed object: (omnetpp::cMessage) FanetStressNetwork.uav[12].app.debugTimer -- check module destructor
undisposed object: (omnetpp::cMessage) FanetStressNetwork.uav[13].app.debugTimer -- check module destructor
undisposed object: (omnetpp::cMessage) FanetStressNetwork.uav[14].app.debugTimer -- check module destructor
undisposed object: (omnetpp::cMessage) FanetStressNetwork.uav[15].app.debugTimer -- check module destructor
undisposed object: (omnetpp::cMessage) FanetStressNetwork.uav[16].app.debugTimer -- check module destructor
undisposed object: (omnetpp::cMessage) FanetStressNetwork.uav[17].app.debugTimer -- check module destructor
undisposed object: (omnetpp::cMessage) FanetStressNetwork.uav[18].app.debugTimer -- check module destructor
undisposed object: (omnetpp::cMessage) FanetStressNetwork.uav[19].app.debugTimer -- check module destructor
undisposed object: (omnetpp::cMessage) FanetStressNetwork.uav[20].app.debugTimer -- check module destructor
undisposed object: (omnetpp::cMessage) FanetStressNetwork.uav[21].app.debugTimer -- check module destructor
undisposed object: (omnetpp::cMessage) FanetStressNetwork.uav[22].app.debugTimer -- check module destructor
undisposed object: (omnetpp::cMessage) FanetStressNetwork.uav[23].app.debugTimer -- check module destructor
undisposed object: (omnetpp::cMessage) FanetStressNetwork.uav[24].app.debugTimer -- check module destructor
undisposed object: (omnetpp::cMessage) FanetStressNetwork.uav[25].app.debugTimer -- check module destructor
undisposed object: (omnetpp::cMessage) FanetStressNetwork.uav[26].app.debugTimer -- check module destructor
undisposed object: (omnetpp::cMessage) FanetStressNetwork.uav[27].app.debugTimer -- check module destructor
undisposed object: (omnetpp::cMessage) FanetStressNetwork.uav[28].app.debugTimer -- check module destructor
undisposed object: (omnetpp::cMessage) FanetStressNetwork.uav[29].app.debugTimer -- check module destructor
