** Event #0   t=0   Elapsed: 8e-06s (0m 00s)  0% completed  (50% total)
     Speed:     ev/sec=0   simsec/sec=0   ev/simsec=0
     Messages:  created: 1081   present: 1081   in FES: 161
** Event #48384   t=5.509494126995   Elapsed: 2.01581s (0m 02s)  1% completed  (50% total)
     Speed:     ev/sec=24002.9   simsec/sec=2.73316   ev/simsec=8782.11
     Messages:  created: 42592   present: 1107   in FES: 122
** Event #84480   t=9.092577220194   Elapsed: 4.02234s (0m 04s)  1% completed  (50% total)
     Speed:     ev/sec=17989.2   simsec/sec=1.7857   ev/simsec=10074
     Messages:  created: 71898   present: 1085   in FES: 116
** Event #117760   t=12.596802389329   Elapsed: 6.02434s (0m 06s)  2% completed  (51% total)
     Speed:     ev/sec=16623.4   simsec/sec=1.75037   ev/simsec=9497.11
     Messages:  created: 98514   present: 1034   in FES: 99
** Event #153088   t=16.539742632457   Elapsed: 8.04026s (0m 08s)  3% completed  (51% total)
     Speed:     ev/sec=17524.5   simsec/sec=1.9559   ev/simsec=8959.81
     Messages:  created: 126907   present: 1103   in FES: 122
** Event #190464   t=20.53962911285   Elapsed: 10.0573s (0m 10s)  4% completed  (52% total)
     Speed:     ev/sec=18529.9   simsec/sec=1.98303   ev/simsec=9344.27
     Messages:  created: 157246   present: 1202   in FES: 156
** Event #226816   t=24.501492253976   Elapsed: 12.0594s (0m 12s)  4% completed  (52% total)
     Speed:     ev/sec=18157.4   simsec/sec=1.97891   ev/simsec=9175.48
     Messages:  created: 186270   present: 1032   in FES: 99
** Event #261376   t=28.014201714896   Elapsed: 14.0623s (0m 14s)  5% completed  (52% total)
     Speed:     ev/sec=17254.8   simsec/sec=1.75379   ev/simsec=9838.56
     Messages:  created: 213780   present: 1043   in FES: 100
** Event #296448   t=31.559197352601   Elapsed: 16.0684s (0m 16s)  6% completed  (53% total)
     Speed:     ev/sec=17482.2   simsec/sec=1.76706   ev/simsec=9893.38
     Messages:  created: 241806   present: 1075   in FES: 112
** Event #332032   t=35.509932478718   Elapsed: 18.0751s (0m 18s)  7% completed  (53% total)
     Speed:     ev/sec=17733.2   simsec/sec=1.96884   ev/simsec=9006.93
     Messages:  created: 270143   present: 1094   in FES: 126
** Event #363776   t=38.555460139053   Elapsed: 20.0993s (0m 20s)  7% completed  (53% total)
     Speed:     ev/sec=15682.1   simsec/sec=1.50454   ev/simsec=10423.2
     Messages:  created: 295230   present: 1100   in FES: 121
** Event #398848   t=42.095135543161   Elapsed: 22.1002s (0m 22s)  8% completed  (54% total)
     Speed:     ev/sec=17528.1   simsec/sec=1.76904   ev/simsec=9908.25
     Messages:  created: 323174   present: 1096   in FES: 119
** Event #431360   t=45.601509396569   Elapsed: 24.1143s (0m 24s)  9% completed  (54% total)
     Speed:     ev/sec=16141.8   simsec/sec=1.74087   ev/simsec=9272.26
     Messages:  created: 349337   present: 1086   in FES: 115
** Event #469760   t=50.031572698993   Elapsed: 26.1174s (0m 26s)  10% completed  (55% total)
     Speed:     ev/sec=19170.8   simsec/sec=2.21167   ev/simsec=8668.05
     Messages:  created: 380704   present: 1099   in FES: 126
** Event #508160   t=54.092525027609   Elapsed: 28.1179s (0m 28s)  10% completed  (55% total)
     Speed:     ev/sec=19195.4   simsec/sec=2.02998   ev/simsec=9455.91
     Messages:  created: 412251   present: 1106   in FES: 126
** Event #545792   t=58.535713430669   Elapsed: 30.1236s (0m 30s)  11% completed  (55% total)
     Speed:     ev/sec=18761.8   simsec/sec=2.2152   ev/simsec=8469.59
     Messages:  created: 443375   present: 1089   in FES: 118
** Event #584448   t=63.014501178712   Elapsed: 32.1245s (0m 32s)  12% completed  (56% total)
     Speed:     ev/sec=19319.3   simsec/sec=2.23839   ev/simsec=8630.91
     Messages:  created: 475658   present: 1114   in FES: 123
** Event #624384   t=67.568307283355   Elapsed: 34.1332s (0m 34s)  13% completed  (56% total)
     Speed:     ev/sec=19882.3   simsec/sec=2.26713   ev/simsec=8769.81
     Messages:  created: 509436   present: 1109   in FES: 126
** Event #664832   t=72.535713115936   Elapsed: 36.1349s (0m 36s)  14% completed  (57% total)
     Speed:     ev/sec=20206.5   simsec/sec=2.48156   ev/simsec=8142.68
     Messages:  created: 544002   present: 1110   in FES: 123
** Event #712448   t=78.36674147463   Elapsed: 38.1417s (0m 38s)  15% completed  (57% total)
     Speed:     ev/sec=23727   simsec/sec=2.90559   ev/simsec=8165.97
     Messages:  created: 584891   present: 1021   in FES: 95
** Event #755712   t=83.545479754188   Elapsed: 40.1506s (0m 40s)  16% completed  (58% total)
     Speed:     ev/sec=21536.7   simsec/sec=2.57797   ev/simsec=8354.16
     Messages:  created: 622015   present: 1038   in FES: 99
** Event #798720   t=88.596388171693   Elapsed: 42.1611s (0m 42s)  17% completed  (58% total)
     Speed:     ev/sec=21391.1   simsec/sec=2.5122   ev/simsec=8514.9
     Messages:  created: 658855   present: 1102   in FES: 126
** Event #844288   t=94.056541758949   Elapsed: 44.1652s (0m 44s)  18% completed  (59% total)
     Speed:     ev/sec=22738   simsec/sec=2.72456   ev/simsec=8345.55
     Messages:  created: 697564   present: 1099   in FES: 120
** Event #887040   t=99.070210333656   Elapsed: 46.1654s (0m 46s)  19% completed  (59% total)
     Speed:     ev/sec=21373   simsec/sec=2.50648   ev/simsec=8527.09
     Messages:  created: 733921   present: 1085   in FES: 116
** Event #933376   t=102.602673916305   Elapsed: 48.1877s (0m 48s)  20% completed  (60% total)
     Speed:     ev/sec=22912.6   simsec/sec=1.74676   ev/simsec=13117.2
     Messages:  created: 780629   present: 1062   in FES: 107
** Event #980224   t=105.601179559155   Elapsed: 50.1967s (0m 50s)  21% completed  (60% total)
     Speed:     ev/sec=23319.1   simsec/sec=1.49254   ev/simsec=15623.8
     Messages:  created: 830641   present: 1088   in FES: 117
** Event #1026048   t=108.582660856551   Elapsed: 52.2064s (0m 52s)  21% completed  (60% total)
     Speed:     ev/sec=22802.3   simsec/sec=1.48361   ev/simsec=15369.5
     Messages:  created: 879559   present: 1071   in FES: 110
** Event #1072384   t=111.581227715399   Elapsed: 54.2251s (0m 54s)  22% completed  (61% total)
     Speed:     ev/sec=22953.2   simsec/sec=1.48538   ev/simsec=15452.7
     Messages:  created: 928636   present: 1103   in FES: 127
** Event #1120768   t=114.55050400702   Elapsed: 56.2317s (0m 56s)  22% completed  (61% total)
     Speed:     ev/sec=24111.8   simsec/sec=1.47972   ev/simsec=16294.9
     Messages:  created: 980328   present: 1109   in FES: 127
** Event #1167616   t=117.252108752811   Elapsed: 58.2321s (0m 58s)  23% completed  (61% total)
     Speed:     ev/sec=23419.6   simsec/sec=1.35055   ev/simsec=17340.8
     Messages:  created: 1030565   present: 1108   in FES: 141
** Event #1208832   t=119.752108485279   Elapsed: 60.2334s (1m 00s)  23% completed  (61% total)
     Speed:     ev/sec=20594.5   simsec/sec=1.24918   ev/simsec=16486.4
     Messages:  created: 1074611   present: 1107   in FES: 141
** Event #1254912   t=122.56410186642   Elapsed: 62.2413s (1m 02s)  24% completed  (62% total)
     Speed:     ev/sec=22949.4   simsec/sec=1.40047   ev/simsec=16387
     Messages:  created: 1124476   present: 1090   in FES: 117
** Event #1302528   t=125.513723553283   Elapsed: 64.2563s (1m 04s)  25% completed  (62% total)
     Speed:     ev/sec=23630.5   simsec/sec=1.46381   ev/simsec=16143.1
     Messages:  created: 1175969   present: 1107   in FES: 118
** Event #1346304   t=128.037450216594   Elapsed: 66.2597s (1m 06s)  25% completed  (62% total)
     Speed:     ev/sec=21851.3   simsec/sec=1.25975   ev/simsec=17345.8
     Messages:  created: 1222644   present: 1079   in FES: 114
** Event #1389312   t=130.609961320383   Elapsed: 68.284s (1m 08s)  26% completed  (63% total)
     Speed:     ev/sec=21246.3   simsec/sec=1.27084   ev/simsec=16718.3
     Messages:  created: 1268773   present: 1064   in FES: 109
** Event #1440256   t=133.999353169536   Elapsed: 70.2845s (1m 10s)  26% completed  (63% total)
     Speed:     ev/sec=25465   simsec/sec=1.69423   ev/simsec=15030.4
     Messages:  created: 1324895   present: 1110   in FES: 127
** Event #1488128   t=137.00682217783   Elapsed: 72.291s (1m 12s)  27% completed  (63% total)
     Speed:     ev/sec=23858.8   simsec/sec=1.49889   ev/simsec=15917.7
     Messages:  created: 1376095   present: 1090   in FES: 115
** Event #1538560   t=140.076556984382   Elapsed: 74.2937s (1m 14s)  28% completed  (64% total)
     Speed:     ev/sec=25182.1   simsec/sec=1.5328   ev/simsec=16428.8
     Messages:  created: 1429670   present: 1076   in FES: 113
** Event #1584128   t=143.013753851034   Elapsed: 76.2976s (1m 16s)  28% completed  (64% total)
     Speed:     ev/sec=22739.2   simsec/sec=1.46571   ev/simsec=15514.1
     Messages:  created: 1478190   present: 1110   in FES: 127
** Event #1627904   t=145.614461373706   Elapsed: 78.3003s (1m 18s)  29% completed  (64% total)
     Speed:     ev/sec=21858.3   simsec/sec=1.29859   ev/simsec=16832.3
     Messages:  created: 1523310   present: 1090   in FES: 126
** Event #1673984   t=148.518682962213   Elapsed: 80.3143s (1m 20s)  29% completed  (64% total)
     Speed:     ev/sec=22880.3   simsec/sec=1.44205   ev/simsec=15866.6
     Messages:  created: 1571958   present: 1077   in FES: 106
** Event #1712640   t=151.002098039817   Elapsed: 82.3201s (1m 22s)  30% completed  (65% total)
     Speed:     ev/sec=19271.6   simsec/sec=1.23808   ev/simsec=15565.7
     Messages:  created: 1612367   present: 1080   in FES: 127
** Event #1757184   t=153.583293705121   Elapsed: 84.3346s (1m 24s)  30% completed  (65% total)
     Speed:     ev/sec=22112.4   simsec/sec=1.28135   ev/simsec=17257.1
     Messages:  created: 1658680   present: 1098   in FES: 119
** Event #1803520   t=156.527196175696   Elapsed: 86.3442s (1m 26s)  31% completed  (65% total)
     Speed:     ev/sec=23056.8   simsec/sec=1.46489   ev/simsec=15739.7
     Messages:  created: 1707893   present: 1106   in FES: 123
** Event #1843712   t=159.010447574142   Elapsed: 88.3493s (1m 28s)  31% completed  (65% total)
     Speed:     ev/sec=20045.3   simsec/sec=1.23849   ev/simsec=16185.2
     Messages:  created: 1749877   present: 1197   in FES: 156
** Event #1889536   t=161.524711395873   Elapsed: 90.3513s (1m 30s)  32% completed  (66% total)
     Speed:     ev/sec=22889.1   simsec/sec=1.25587   ev/simsec=18225.6
     Messages:  created: 1799520   present: 1086   in FES: 115
** Event #1934080   t=164.032110489975   Elapsed: 92.3542s (1m 32s)  32% completed  (66% total)
     Speed:     ev/sec=22239   simsec/sec=1.25184   ev/simsec=17765
     Messages:  created: 1847347   present: 1106   in FES: 123
** Event #1977856   t=166.556265066209   Elapsed: 94.3729s (1m 34s)  33% completed  (66% total)
     Speed:     ev/sec=21685.9   simsec/sec=1.25043   ev/simsec=17342.8
     Messages:  created: 1893273   present: 1063   in FES: 108
** Event #2021632   t=169.114463350614   Elapsed: 96.375s (1m 36s)  33% completed  (66% total)
     Speed:     ev/sec=21864.9   simsec/sec=1.27775   ev/simsec=17112
     Messages:  created: 1939067   present: 1108   in FES: 126
** Event #2062336   t=171.749397430139   Elapsed: 98.3751s (1m 38s)  34% completed  (67% total)
     Speed:     ev/sec=20351.2   simsec/sec=1.31741   ev/simsec=15447.8
     Messages:  created: 1981957   present: 1121   in FES: 131
** Event #2107392   t=174.544751021525   Elapsed: 100.397s (1m 40s)  34% completed  (67% total)
     Speed:     ev/sec=22284.5   simsec/sec=1.38257   ev/simsec=16118.2
     Messages:  created: 2029524   present: 1088   in FES: 117
** Event #2153984   t=177.514333596197   Elapsed: 102.397s (1m 42s)  35% completed  (67% total)
     Speed:     ev/sec=23290.3   simsec/sec=1.48443   ev/simsec=15689.7
     Messages:  created: 2078677   present: 1110   in FES: 126
** Event #2199296   t=180.261024723352   Elapsed: 104.401s (1m 44s)  36% completed  (68% total)
     Speed:     ev/sec=22617.7   simsec/sec=1.37102   ev/simsec=16496.9
     Messages:  created: 2125620   present: 1104   in FES: 145
** Event #2242560   t=183.031818732124   Elapsed: 106.404s (1m 46s)  36% completed  (68% total)
     Speed:     ev/sec=21592.9   simsec/sec=1.38289   ev/simsec=15614.3
     Messages:  created: 2171079   present: 1111   in FES: 126
** Event #2286080   t=185.751875745939   Elapsed: 108.408s (1m 48s)  37% completed  (68% total)
     Speed:     ev/sec=21719.7   simsec/sec=1.35751   ev/simsec=15999.7
     Messages:  created: 2216183   present: 1100   in FES: 126
** Event #2331136   t=188.5760706312   Elapsed: 110.428s (1m 50s)  37% completed  (68% total)
     Speed:     ev/sec=22312   simsec/sec=1.39856   ev/simsec=15953.6
     Messages:  created: 2263361   present: 1048   in FES: 105
** Event #2377472   t=191.557397071052   Elapsed: 112.447s (1m 52s)  38% completed  (69% total)
     Speed:     ev/sec=22940.8   simsec/sec=1.47605   ev/simsec=15542.1
     Messages:  created: 2312434   present: 1073   in FES: 112
** Event #2422272   t=194.517861328014   Elapsed: 114.45s (1m 54s)  38% completed  (69% total)
     Speed:     ev/sec=22368.6   simsec/sec=1.47816   ev/simsec=15132.8
     Messages:  created: 2360007   present: 1042   in FES: 97
** Event #2467840   t=197.544686431818   Elapsed: 116.471s (1m 56s)  39% completed  (69% total)
     Speed:     ev/sec=22547.6   simsec/sec=1.49771   ev/simsec=15054.7
     Messages:  created: 2406885   present: 1053   in FES: 104
** Event #2514176   t=200.538796775627   Elapsed: 118.488s (1m 58s)  40% completed  (70% total)
     Speed:     ev/sec=22972.6   simsec/sec=1.48443   ev/simsec=15475.7
     Messages:  created: 2455663   present: 1030   in FES: 97
** Event #2561536   t=203.502098249465   Elapsed: 120.489s (2m 00s)  40% completed  (70% total)
     Speed:     ev/sec=23665.9   simsec/sec=1.48077   ev/simsec=15982.2
     Messages:  created: 2506602   present: 1099   in FES: 128
** Event #2606848   t=206.260610187423   Elapsed: 122.491s (2m 02s)  41% completed  (70% total)
     Speed:     ev/sec=22636.2   simsec/sec=1.37805   ev/simsec=16426.2
     Messages:  created: 2553997   present: 1119   in FES: 145
** Event #2651904   t=209.087724856304   Elapsed: 124.499s (2m 04s)  41% completed  (70% total)
     Speed:     ev/sec=22435.4   simsec/sec=1.40774   ev/simsec=15937.1
     Messages:  created: 2601019   present: 1108   in FES: 126
** Event #2696192   t=212.000809090707   Elapsed: 126.504s (2m 06s)  42% completed  (71% total)
     Speed:     ev/sec=22094.3   simsec/sec=1.45327   ev/simsec=15203.1
     Messages:  created: 2648152   present: 1109   in FES: 120
** Event #2738944   t=214.568363603441   Elapsed: 128.506s (2m 08s)  42% completed  (71% total)
     Speed:     ev/sec=21357.6   simsec/sec=1.28267   ev/simsec=16650.9
     Messages:  created: 2692600   present: 1109   in FES: 126
** Event #2781952   t=217.496793619897   Elapsed: 130.512s (2m 10s)  43% completed  (71% total)
     Speed:     ev/sec=21437.6   simsec/sec=1.4597   ev/simsec=14686.4
     Messages:  created: 2738153   present: 1069   in FES: 128
** Event #2821888   t=220.002144759645   Elapsed: 132.512s (2m 12s)  44% completed  (72% total)
     Speed:     ev/sec=19963   simsec/sec=1.25236   ev/simsec=15940.3
     Messages:  created: 2780530   present: 1048   in FES: 97
** Event #2866176   t=222.597187972045   Elapsed: 134.532s (2m 14s)  44% completed  (72% total)
     Speed:     ev/sec=21932.1   simsec/sec=1.28511   ev/simsec=17066.4
     Messages:  created: 2826709   present: 1069   in FES: 110
** Event #2912000   t=225.545669230662   Elapsed: 136.545s (2m 16s)  45% completed  (72% total)
     Speed:     ev/sec=22759.2   simsec/sec=1.46441   ev/simsec=15541.6
     Messages:  created: 2875752   present: 1105   in FES: 122
** Event #2958848   t=228.563489041235   Elapsed: 138.556s (2m 18s)  45% completed  (72% total)
     Speed:     ev/sec=23294   simsec/sec=1.50054   ev/simsec=15523.8
     Messages:  created: 2925199   present: 1105   in FES: 126
** Event #3004160   t=231.545622431194   Elapsed: 140.561s (2m 20s)  46% completed  (73% total)
     Speed:     ev/sec=22602.4   simsec/sec=1.48754   ev/simsec=15194.5
     Messages:  created: 2973662   present: 1026   in FES: 97
** Event #3051264   t=234.545717259171   Elapsed: 142.578s (2m 22s)  46% completed  (73% total)
     Speed:     ev/sec=23352   simsec/sec=1.48731   ev/simsec=15700.8
     Messages:  created: 3023501   present: 1101   in FES: 120
** Event #3096320   t=237.511877047935   Elapsed: 144.584s (2m 24s)  47% completed  (73% total)
     Speed:     ev/sec=22455.8   simsec/sec=1.47832   ev/simsec=15190
     Messages:  created: 3071087   present: 1050   in FES: 99
** Event #3139584   t=240.094385708081   Elapsed: 146.585s (2m 26s)  48% completed  (74% total)
     Speed:     ev/sec=21624.9   simsec/sec=1.29083   ev/simsec=16752.7
     Messages:  created: 3116445   present: 1079   in FES: 114
** Event #3184896   t=243.032272358686   Elapsed: 148.592s (2m 28s)  48% completed  (74% total)
     Speed:     ev/sec=22574.6   simsec/sec=1.46366   ev/simsec=15423.3
     Messages:  created: 3165655   present: 1043   in FES: 102
** Event #3230208   t=245.996925190913   Elapsed: 150.6s (2m 30s)  49% completed  (74% total)
     Speed:     ev/sec=22569.7   simsec/sec=1.47668   ev/simsec=15284.1
     Messages:  created: 3214055   present: 1100   in FES: 147
** Event #3277568   t=248.524736630442   Elapsed: 152.602s (2m 32s)  49% completed  (74% total)
     Speed:     ev/sec=23651.7   simsec/sec=1.2624   ev/simsec=18735.6
     Messages:  created: 3266074   present: 1089   in FES: 108
** Event #3321600   t=251.083483583348   Elapsed: 154.604s (2m 34s)  50% completed  (75% total)
     Speed:     ev/sec=21997.6   simsec/sec=1.27831   ev/simsec=17208.4
     Messages:  created: 3313183   present: 1114   in FES: 125
** Event #3370752   t=254.063010273665   Elapsed: 156.607s (2m 36s)  50% completed  (75% total)
     Speed:     ev/sec=24535.2   simsec/sec=1.48729   ev/simsec=16496.6
     Messages:  created: 3366852   present: 1073   in FES: 112
** Event #3415808   t=256.750034798609   Elapsed: 158.612s (2m 38s)  51% completed  (75% total)
     Speed:     ev/sec=22473.3   simsec/sec=1.34025   ev/simsec=16768
     Messages:  created: 3416049   present: 1126   in FES: 131
** Event #3464192   t=259.603969508232   Elapsed: 160.615s (2m 40s)  51% completed  (75% total)
     Speed:     ev/sec=24161.9   simsec/sec=1.42519   ev/simsec=16953.4
     Messages:  created: 3468335   present: 1056   in FES: 105
** Event #3513856   t=262.567058036974   Elapsed: 162.622s (2m 42s)  52% completed  (76% total)
     Speed:     ev/sec=24742.8   simsec/sec=1.47622   ev/simsec=16760.9
     Messages:  created: 3522821   present: 1079   in FES: 114
** Event #3561216   t=265.374679462931   Elapsed: 164.624s (2m 44s)  53% completed  (76% total)
     Speed:     ev/sec=23654.2   simsec/sec=1.40228   ev/simsec=16868.4
     Messages:  created: 3574892   present: 1177   in FES: 141
** Event #3608576   t=268.06300947578   Elapsed: 166.626s (2m 46s)  53% completed  (76% total)
     Speed:     ev/sec=23656.8   simsec/sec=1.34285   ev/simsec=17616.9
     Messages:  created: 3626412   present: 1107   in FES: 122
** Event #3651072   t=270.586550637236   Elapsed: 168.642s (2m 48s)  54% completed  (77% total)
     Speed:     ev/sec=21075.1   simsec/sec=1.2515   ev/simsec=16839.8
     Messages:  created: 3671476   present: 1027   in FES: 96
** Event #3698176   t=273.549257859353   Elapsed: 170.647s (2m 50s)  54% completed  (77% total)
     Speed:     ev/sec=23499.9   simsec/sec=1.47808   ev/simsec=15899
     Messages:  created: 3721943   present: 1035   in FES: 98
** Event #3744256   t=276.510770673638   Elapsed: 172.655s (2m 52s)  55% completed  (77% total)
     Speed:     ev/sec=22946.6   simsec/sec=1.47475   ev/simsec=15559.6
     Messages:  created: 3771881   present: 1037   in FES: 98
** Event #3787008   t=279.007988973621   Elapsed: 174.655s (2m 54s)  55% completed  (77% total)
     Speed:     ev/sec=21375.6   simsec/sec=1.24859   ev/simsec=17119.8
     Messages:  created: 3817757   present: 1048   in FES: 97
** Event #3832576   t=281.606388848989   Elapsed: 176.664s (2m 56s)  56% completed  (78% total)
     Speed:     ev/sec=22685.7   simsec/sec=1.2936   ev/simsec=17536.9
     Messages:  created: 3866210   present: 1123   in FES: 126
** Event #3880192   t=284.598175292   Elapsed: 178.667s (2m 58s)  56% completed  (78% total)
     Speed:     ev/sec=23769.4   simsec/sec=1.49347   ev/simsec=15915.6
     Messages:  created: 3917125   present: 1104   in FES: 123
** Event #3923456   t=287.250317230331   Elapsed: 180.672s (3m 00s)  57% completed  (78% total)
     Speed:     ev/sec=21578.1   simsec/sec=1.32276   ev/simsec=16312.9
     Messages:  created: 3963054   present: 1058   in FES: 103
** Event #3962880   t=289.606171255096   Elapsed: 182.694s (3m 02s)  57% completed  (78% total)
     Speed:     ev/sec=19496.8   simsec/sec=1.16507   ev/simsec=16734.5
     Messages:  created: 4004860   present: 1111   in FES: 122
** Event #4012800   t=292.565043388644   Elapsed: 184.708s (3m 04s)  58% completed  (79% total)
     Speed:     ev/sec=24786.2   simsec/sec=1.46914   ev/simsec=16871.3
     Messages:  created: 4059163   present: 1050   in FES: 103
** Event #4058624   t=295.559650034662   Elapsed: 186.735s (3m 06s)  59% completed  (79% total)
     Speed:     ev/sec=22608.1   simsec/sec=1.47745   ev/simsec=15302.2
     Messages:  created: 4107807   present: 1065   in FES: 108
** Event #4104192   t=298.562240915635   Elapsed: 188.755s (3m 08s)  59% completed  (79% total)
     Speed:     ev/sec=22561.7   simsec/sec=1.48665   ev/simsec=15176.2
     Messages:  created: 4155910   present: 1102   in FES: 126
** Event #4147968   t=301.556232798428   Elapsed: 190.758s (3m 10s)  60% completed  (80% total)
     Speed:     ev/sec=21847.5   simsec/sec=1.49423   ev/simsec=14621.3
     Messages:  created: 4201330   present: 1090   in FES: 119
** Event #4192512   t=304.578111819521   Elapsed: 192.767s (3m 12s)  60% completed  (80% total)
     Speed:     ev/sec=22175.1   simsec/sec=1.50437   ev/simsec=14740.5
     Messages:  created: 4247813   present: 1068   in FES: 111
** Event #4237568   t=307.575125183691   Elapsed: 194.78s (3m 14s)  61% completed  (80% total)
     Speed:     ev/sec=22381.5   simsec/sec=1.48876   ev/simsec=15033.6
     Messages:  created: 4294950   present: 1109   in FES: 124
** Event #4282368   t=310.584557740237   Elapsed: 196.791s (3m 16s)  62% completed  (81% total)
     Speed:     ev/sec=22283.8   simsec/sec=1.49691   ev/simsec=14886.5
     Messages:  created: 4341113   present: 1092   in FES: 126
** Event #4327424   t=313.584660620145   Elapsed: 198.8s (3m 18s)  62% completed  (81% total)
     Speed:     ev/sec=22417.9   simsec/sec=1.49272   ev/simsec=15018.2
     Messages:  created: 4387473   present: 1082   in FES: 115
** Event #4372736   t=316.597929183837   Elapsed: 200.819s (3m 20s)  63% completed  (81% total)
     Speed:     ev/sec=22446.6   simsec/sec=1.49271   ev/simsec=15037.5
     Messages:  created: 4434410   present: 1089   in FES: 118
** Event #4417024   t=319.57612635781   Elapsed: 202.821s (3m 22s)  63% completed  (81% total)
     Speed:     ev/sec=22124.8   simsec/sec=1.48781   ev/simsec=14870.7
     Messages:  created: 4480221   present: 1053   in FES: 104
** Event #4460544   t=322.525068687806   Elapsed: 204.835s (3m 24s)  64% completed  (82% total)
     Speed:     ev/sec=21608.6   simsec/sec=1.46421   ev/simsec=14757.8
     Messages:  created: 4525483   present: 1063   in FES: 108
** Event #4503296   t=325.364729329819   Elapsed: 206.837s (3m 26s)  65% completed  (82% total)
     Speed:     ev/sec=21348.7   simsec/sec=1.41801   ev/simsec=15055.3
     Messages:  created: 4569644   present: 1058   in FES: 107
** Event #4547840   t=328.208505744988   Elapsed: 208.842s (3m 28s)  65% completed  (82% total)
     Speed:     ev/sec=22223.5   simsec/sec=1.41879   ev/simsec=15663.7
     Messages:  created: 4615471   present: 1021   in FES: 95
** Event #4592896   t=331.092578102982   Elapsed: 210.845s (3m 30s)  66% completed  (83% total)
     Speed:     ev/sec=22489.2   simsec/sec=1.43955   ev/simsec=15622.4
     Messages:  created: 4662031   present: 1069   in FES: 110
** Event #4634112   t=334.002109281153   Elapsed: 212.848s (3m 32s)  66% completed  (83% total)
     Speed:     ev/sec=20578.4   simsec/sec=1.45268   ev/simsec=14165.9
     Messages:  created: 4705134   present: 1124   in FES: 142
** Event #4676096   t=336.585254434225   Elapsed: 214.861s (3m 34s)  67% completed  (83% total)
     Speed:     ev/sec=20855.2   simsec/sec=1.28316   ev/simsec=16253.1
     Messages:  created: 4747895   present: 1062   in FES: 109
** Event #4722944   t=339.779713309036   Elapsed: 216.868s (3m 36s)  67% completed  (83% total)
     Speed:     ev/sec=23347.8   simsec/sec=1.59204   ev/simsec=14665.4
     Messages:  created: 4796983   present: 1024   in FES: 105
** Event #4766464   t=342.603901914456   Elapsed: 218.884s (3m 38s)  68% completed  (84% total)
     Speed:     ev/sec=21580   simsec/sec=1.40042   ev/simsec=15409.7
     Messages:  created: 4841741   present: 1054   in FES: 107
** Event #4813824   t=345.570065045675   Elapsed: 220.885s (3m 40s)  69% completed  (84% total)
     Speed:     ev/sec=23676.4   simsec/sec=1.48286   ev/simsec=15966.8
     Messages:  created: 4892033   present: 1027   in FES: 96
** Event #4860160   t=348.260640742227   Elapsed: 222.886s (3m 42s)  69% completed  (84% total)
     Speed:     ev/sec=23153.9   simsec/sec=1.34447   ev/simsec=17221.6
     Messages:  created: 4942905   present: 1123   in FES: 135
** Event #4907776   t=351.064012214827   Elapsed: 224.89s (3m 44s)  70% completed  (85% total)
     Speed:     ev/sec=23761.6   simsec/sec=1.39895   ev/simsec=16985.3
     Messages:  created: 4995134   present: 1078   in FES: 113
** Event #4952064   t=353.583431631749   Elapsed: 226.9s (3m 46s)  70% completed  (85% total)
     Speed:     ev/sec=22031.3   simsec/sec=1.2533   ev/simsec=17578.7
     Messages:  created: 5043553   present: 1107   in FES: 126
** Event #5002752   t=357.260376694766   Elapsed: 228.905s (3m 48s)  71% completed  (85% total)
     Speed:     ev/sec=25286.3   simsec/sec=1.83429   ev/simsec=13785.4
     Messages:  created: 5096514   present: 1114   in FES: 126
** Event #5048576   t=360.532712275133   Elapsed: 230.922s (3m 50s)  72% completed  (86% total)
     Speed:     ev/sec=22713.2   simsec/sec=1.62197   ev/simsec=14003.5
     Messages:  created: 5143769   present: 1112   in FES: 123
** Event #5091840   t=363.54366113989   Elapsed: 232.927s (3m 52s)  72% completed  (86% total)
     Speed:     ev/sec=21584.8   simsec/sec=1.50219   ev/simsec=14368.9
     Messages:  created: 5187965   present: 1035   in FES: 96
** Event #5136128   t=366.597881156064   Elapsed: 234.948s (3m 54s)  73% completed  (86% total)
     Speed:     ev/sec=21912.1   simsec/sec=1.51112   ev/simsec=14500.6
     Messages:  created: 5232947   present: 1069   in FES: 110
** Event #5179136   t=369.5945847429   Elapsed: 236.973s (3m 56s)  73% completed  (86% total)
     Speed:     ev/sec=21230.8   simsec/sec=1.47932   ev/simsec=14351.8
     Messages:  created: 5276490   present: 1069   in FES: 110
** Event #5222912   t=372.600387152343   Elapsed: 238.986s (3m 58s)  74% completed  (87% total)
     Speed:     ev/sec=21754.5   simsec/sec=1.49374   ev/simsec=14563.8
     Messages:  created: 5320728   present: 1097   in FES: 126
** Event #5268224   t=375.760597583985   Elapsed: 240.989s (4m 00s)  75% completed  (87% total)
     Speed:     ev/sec=22621.9   simsec/sec=1.57773   ev/simsec=14338.3
     Messages:  created: 5366525   present: 1094   in FES: 128
** Event #5310976   t=378.601885392038   Elapsed: 243.001s (4m 03s)  75% completed  (87% total)
     Speed:     ev/sec=21246.7   simsec/sec=1.41205   ev/simsec=15046.7
     Messages:  created: 5409396   present: 1114   in FES: 123
** Event #5353472   t=381.551660175354   Elapsed: 245.024s (4m 05s)  76% completed  (88% total)
     Speed:     ev/sec=21008.8   simsec/sec=1.45828   ev/simsec=14406.5
     Messages:  created: 5452360   present: 1081   in FES: 114
** Event #5396224   t=384.518403326249   Elapsed: 247.025s (4m 07s)  76% completed  (88% total)
     Speed:     ev/sec=21356.3   simsec/sec=1.482   ev/simsec=14410.4
     Messages:  created: 5495805   present: 1128   in FES: 125
** Event #5439744   t=387.521070167394   Elapsed: 249.054s (4m 09s)  77% completed  (88% total)
     Speed:     ev/sec=21454.8   simsec/sec=1.48028   ev/simsec=14493.8
     Messages:  created: 5540200   present: 1065   in FES: 104
** Event #5482752   t=390.510504256503   Elapsed: 251.055s (4m 11s)  78% completed  (89% total)
     Speed:     ev/sec=21489.8   simsec/sec=1.49373   ev/simsec=14386.7
     Messages:  created: 5583565   present: 1213   in FES: 156
** Event #5527808   t=393.511832625855   Elapsed: 253.072s (4m 13s)  78% completed  (89% total)
     Speed:     ev/sec=22343.2   simsec/sec=1.48835   ev/simsec=15012
     Messages:  created: 5628947   present: 1120   in FES: 127
** Event #5564928   t=396.006821900743   Elapsed: 255.073s (4m 15s)  79% completed  (89% total)
     Speed:     ev/sec=18547.1   simsec/sec=1.24663   ev/simsec=14877.8
     Messages:  created: 5666289   present: 1105   in FES: 118
** Event #5607680   t=398.606252393357   Elapsed: 257.09s (4m 17s)  79% completed  (89% total)
     Speed:     ev/sec=21199.7   simsec/sec=1.28899   ev/simsec=16446.7
     Messages:  created: 5708515   present: 1039   in FES: 100
** Event #5649664   t=401.522290329798   Elapsed: 259.091s (4m 19s)  80% completed  (90% total)
     Speed:     ev/sec=20976.7   simsec/sec=1.45696   ev/simsec=14397.6
     Messages:  created: 5751314   present: 1113   in FES: 124
** Event #5690112   t=404.06395705512   Elapsed: 261.093s (4m 21s)  80% completed  (90% total)
     Speed:     ev/sec=20204.3   simsec/sec=1.26959   ev/simsec=15914
     Messages:  created: 5791444   present: 1091   in FES: 126
** Event #5728512   t=406.571956824061   Elapsed: 263.099s (4m 23s)  81% completed  (90% total)
     Speed:     ev/sec=19145.9   simsec/sec=1.25047   ev/simsec=15311
     Messages:  created: 5829684   present: 1165   in FES: 156
** Event #5769216   t=409.095136850213   Elapsed: 265.108s (4m 25s)  81% completed  (90% total)
     Speed:     ev/sec=20264   simsec/sec=1.25613   ev/simsec=16132
     Messages:  created: 5869790   present: 1059   in FES: 106
** Event #5805568   t=411.550584771752   Elapsed: 267.11s (4m 27s)  82% completed  (91% total)
     Speed:     ev/sec=18156.6   simsec/sec=1.22642   ev/simsec=14804.6
     Messages:  created: 5906267   present: 1070   in FES: 111
** Event #5840640   t=413.606874758096   Elapsed: 269.122s (4m 29s)  82% completed  (91% total)
     Speed:     ev/sec=17430.3   simsec/sec=1.02195   ev/simsec=17056
     Messages:  created: 5940701   present: 1047   in FES: 102
** Event #5882368   t=416.094387231056   Elapsed: 271.125s (4m 31s)  83% completed  (91% total)
     Speed:     ev/sec=20834.6   simsec/sec=1.242   ev/simsec=16775
     Messages:  created: 5983010   present: 1057   in FES: 106
** Event #5920768   t=418.544451426325   Elapsed: 273.147s (4m 33s)  83% completed  (91% total)
     Speed:     ev/sec=18987.1   simsec/sec=1.21145   ev/simsec=15673.1
     Messages:  created: 6022654   present: 1091   in FES: 126
** Event #5955072   t=420.59982868505   Elapsed: 275.156s (4m 35s)  84% completed  (92% total)
     Speed:     ev/sec=17077.1   simsec/sec=1.0232   ev/simsec=16689.9
     Messages:  created: 6057141   present: 1104   in FES: 121
** Event #6000896   t=422.561260422235   Elapsed: 277.162s (4m 37s)  84% completed  (92% total)
     Speed:     ev/sec=22838.7   simsec/sec=0.97758   ev/simsec=23362.5
     Messages:  created: 6109357   present: 1099   in FES: 122
** Event #6044416   t=425.520993022115   Elapsed: 279.176s (4m 39s)  85% completed  (92% total)
     Speed:     ev/sec=21613.3   simsec/sec=1.46989   ev/simsec=14704
     Messages:  created: 6153998   present: 1117   in FES: 127
** Event #6084352   t=428.064011679536   Elapsed: 281.18s (4m 41s)  85% completed  (92% total)
     Speed:     ev/sec=19922.2   simsec/sec=1.26859   ev/simsec=15704.2
     Messages:  created: 6193616   present: 1081   in FES: 114
** Event #6122240   t=430.533571447215   Elapsed: 283.209s (4m 43s)  86% completed  (93% total)
     Speed:     ev/sec=18674.6   simsec/sec=1.21722   ev/simsec=15342
     Messages:  created: 6231802   present: 1094   in FES: 127
** Event #6162688   t=433.076556849235   Elapsed: 285.213s (4m 45s)  86% completed  (93% total)
     Speed:     ev/sec=20190.3   simsec/sec=1.26937   ev/simsec=15905.7
     Messages:  created: 6271787   present: 1067   in FES: 110
** Event #6201344   t=435.601522931999   Elapsed: 287.222s (4m 47s)  87% completed  (93% total)
     Speed:     ev/sec=19235.3   simsec/sec=1.25643   ev/simsec=15309.5
     Messages:  created: 6310058   present: 1089   in FES: 126
** Event #6243328   t=438.50935395379   Elapsed: 289.233s (4m 49s)  87% completed  (93% total)
     Speed:     ev/sec=20875.5   simsec/sec=1.44585   ev/simsec=14438.3
     Messages:  created: 6352251   present: 1111   in FES: 122
** Event #6279424   t=440.749363038974   Elapsed: 291.238s (4m 51s)  88% completed  (94% total)
     Speed:     ev/sec=18009.2   simsec/sec=1.1176   ev/simsec=16114.2
     Messages:  created: 6387728   present: 1093   in FES: 144
** Event #6324992   t=443.55909865588   Elapsed: 293.25s (4m 53s)  88% completed  (94% total)
     Speed:     ev/sec=22640.8   simsec/sec=1.39604   ev/simsec=16217.9
     Messages:  created: 6434381   present: 1092   in FES: 126
** Event #6368512   t=446.533571586223   Elapsed: 295.26s (4m 55s)  89% completed  (94% total)
     Speed:     ev/sec=21654.2   simsec/sec=1.48001   ev/simsec=14631.2
     Messages:  created: 6478770   present: 1090   in FES: 126
** Event #6413056   t=449.531948187004   Elapsed: 297.274s (4m 57s)  89% completed  (94% total)
     Speed:     ev/sec=22120.3   simsec/sec=1.48897   ev/simsec=14856
     Messages:  created: 6524070   present: 1104   in FES: 126
** Event #6455296   t=452.499131184551   Elapsed: 299.28s (4m 59s)  90% completed  (95% total)
     Speed:     ev/sec=21056.7   simsec/sec=1.47915   ev/simsec=14235.7
     Messages:  created: 6566573   present: 1097   in FES: 126
** Event #6502656   t=455.534675150536   Elapsed: 301.284s (5m 01s)  91% completed  (95% total)
     Speed:     ev/sec=23636.7   simsec/sec=1.51499   ev/simsec=15601.8
     Messages:  created: 6614173   present: 1042   in FES: 99
** Event #6554624   t=459.062957726769   Elapsed: 303.295s (5m 03s)  91% completed  (95% total)
     Speed:     ev/sec=25835.6   simsec/sec=1.75407   ev/simsec=14729
     Messages:  created: 6667118   present: 1116   in FES: 126
** Event #6601984   t=462.250296717241   Elapsed: 305.299s (5m 05s)  92% completed  (96% total)
     Speed:     ev/sec=23633.1   simsec/sec=1.59052   ev/simsec=14858.8
     Messages:  created: 6715052   present: 1037   in FES: 96
** Event #6651392   t=465.520768154053   Elapsed: 307.306s (5m 07s)  93% completed  (96% total)
     Speed:     ev/sec=24619.9   simsec/sec=1.62967   ev/simsec=15107.3
     Messages:  created: 6766545   present: 1100   in FES: 126
** Event #6697472   t=468.510641313447   Elapsed: 309.311s (5m 09s)  93% completed  (96% total)
     Speed:     ev/sec=22976.9   simsec/sec=1.49084   ev/simsec=15412
     Messages:  created: 6813820   present: 1124   in FES: 132
** Event #6746112   t=471.542490567943   Elapsed: 311.32s (5m 11s)  94% completed  (97% total)
     Speed:     ev/sec=24216.4   simsec/sec=1.50947   ev/simsec=16043
     Messages:  created: 6863358   present: 1079   in FES: 114
** Event #6793728   t=474.552748726247   Elapsed: 313.338s (5m 13s)  94% completed  (97% total)
     Speed:     ev/sec=23596.5   simsec/sec=1.49176   ev/simsec=15817.9
     Messages:  created: 6911926   present: 1044   in FES: 101
** Event #6841600   t=477.521493574833   Elapsed: 315.364s (5m 15s)  95% completed  (97% total)
     Speed:     ev/sec=23625.4   simsec/sec=1.46511   ev/simsec=16125.3
     Messages:  created: 6961832   present: 1069   in FES: 108
** Event #6891520   t=480.502456612046   Elapsed: 317.365s (5m 17s)  96% completed  (98% total)
     Speed:     ev/sec=24952.4   simsec/sec=1.49003   ev/simsec=16746.3
     Messages:  created: 7014633   present: 1048   in FES: 121
** Event #6942208   t=483.502098177514   Elapsed: 319.366s (5m 19s)  96% completed  (98% total)
     Speed:     ev/sec=25330.8   simsec/sec=1.49904   ev/simsec=16898
     Messages:  created: 7068442   present: 1077   in FES: 127
** Event #6997760   t=486.59059688415   Elapsed: 321.372s (5m 21s)  97% completed  (98% total)
     Speed:     ev/sec=27694.1   simsec/sec=1.5397   ev/simsec=17986.7
     Messages:  created: 7127502   present: 1081   in FES: 116
** Event #7059200   t=490.518944968202   Elapsed: 323.377s (5m 23s)  98% completed  (99% total)
     Speed:     ev/sec=30645.2   simsec/sec=1.95939   ev/simsec=15640.2
     Messages:  created: 7193566   present: 1102   in FES: 117
** Event #7108608   t=493.553564330997   Elapsed: 325.379s (5m 25s)  98% completed  (99% total)
     Speed:     ev/sec=24671.9   simsec/sec=1.51534   ev/simsec=16281.4
     Messages:  created: 7245439   present: 1090   in FES: 117
** Event #7170816   t=497.510952179393   Elapsed: 327.385s (5m 27s)  99% completed  (99% total)
     Speed:     ev/sec=31019.4   simsec/sec=1.97331   ev/simsec=15719.5
     Messages:  created: 7311566   present: 1107   in FES: 126
** Event #7209614   t=500   Elapsed: 328.701s (5m 28s)  100% completed  (100% total)
     Speed:     ev/sec=29477.9   simsec/sec=1.89114   ev/simsec=15587.4
     Messages:  created: 7352507   present: 1120   in FES: 126

<!> Simulation time limit reached -- at t=500s, event #7209614
undisposed object: (omnetpp::cMessage) FanetStressNetwork.uav[0].app.debugTimer -- check module destructor
undisposed object: (omnetpp::cMessage) FanetStressNetwork.uav[1].app.debugTimer -- check module destructor
undisposed object: (omnetpp::cMessage) FanetStressNetwork.uav[2].app.debugTimer -- check module destructor
undisposed object: (omnetpp::cMessage) FanetStressNetwork.uav[3].app.debugTimer -- check module destructor
undisposed object: (omnetpp::cMessage) FanetStressNetwork.uav[4].app.debugTimer -- check module destructor
undisposed object: (omnetpp::cMessage) FanetStressNetwork.uav[5].app.debugTimer -- check module destructor
undisposed object: (omnetpp::cMessage) FanetStressNetwork.uav[6].app.debugTimer -- check module destructor
undisposed object: (omnetpp::cMessage) FanetStressNetwork.uav[7].app.debugTimer -- check module destructor
undisposed object: (omnetpp::cMessage) FanetStressNetwork.uav[8].app.debugTimer -- check module destructor
undisposed object: (omnetpp::cMessage) FanetStressNetwork.uav[9].app.debugTimer -- check module destructor
undisposed object: (omnetpp::cMessage) FanetStressNetwork.uav[10].app.debugTimer -- check module destructor
undisposed object: (omnetpp::cMessage) FanetStressNetwork.uav[11].app.debugTimer -- check module destructor
undisposed object: (omnetpp::cMessage) FanetStressNetwork.uav[12].app.debugTimer -- check module destructor
undisposed object: (omnetpp::cMessage) FanetStressNetwork.uav[13].app.debugTimer -- check module destructor
undisposed object: (omnetpp::cMessage) FanetStressNetwork.uav[14].app.debugTimer -- check module destructor
undisposed object: (omnetpp::cMessage) FanetStressNetwork.uav[15].app.debugTimer -- check module destructor
undisposed object: (omnetpp::cMessage) FanetStressNetwork.uav[16].app.debugTimer -- check module destructor
undisposed object: (omnetpp::cMessage) FanetStressNetwork.uav[17].app.debugTimer -- check module destructor
undisposed object: (omnetpp::cMessage) FanetStressNetwork.uav[18].app.debugTimer -- check module destructor
undisposed object: (omnetpp::cMessage) FanetStressNetwork.uav[19].app.debugTimer -- check module destructor
undisposed object: (omnetpp::cMessage) FanetStressNetwork.uav[20].app.debugTimer -- check module destructor
undisposed object: (omnetpp::cMessage) FanetStressNetwork.uav[21].app.debugTimer -- check module destructor
undisposed object: (omnetpp::cMessage) FanetStressNetwork.uav[22].app.debugTimer -- check module destructor
undisposed object: (omnetpp::cMessage) FanetStressNetwork.uav[23].app.debugTimer -- check module destructor
undisposed object: (omnetpp::cMessage) FanetStressNetwork.uav[24].app.debugTimer -- check module destructor
undisposed object: (omnetpp::cMessage) FanetStressNetwork.uav[25].app.debugTimer -- check module destructor
undisposed object: (omnetpp::cMessage) FanetStressNetwork.uav[26].app.debugTimer -- check module destructor
undisposed object: (omnetpp::cMessage) FanetStressNetwork.uav[27].app.debugTimer -- check module destructor
undisposed object: (omnetpp::cMessage) FanetStressNetwork.uav[28].app.debugTimer -- check module destructor
undisposed object: (omnetpp::cMessage) FanetStressNetwork.uav[29].app.debugTimer -- check module destructor
