** Event #0   t=0   Elapsed: 2.8e-05s (0m 00s)  0% completed  (0% total)
     Speed:     ev/sec=0   simsec/sec=0   ev/simsec=0
     Messages:  created: 1081   present: 1081   in FES: 161
** Event #57088   t=6.09537506613   Elapsed: 2.00075s (0m 02s)  1% completed  (0% total)
     Speed:     ev/sec=28534.2   simsec/sec=3.04658   ev/simsec=9365.95
     Messages:  created: 49161   present: 1107   in FES: 120
** Event #90880   t=10.016522359475   Elapsed: 4.00349s (0m 04s)  2% completed  (1% total)
     Speed:     ev/sec=16872.8   simsec/sec=1.95788   ev/simsec=8617.89
     Messages:  created: 76149   present: 1064   in FES: 109
** Event #126208   t=13.56175401129   Elapsed: 6.01023s (0m 06s)  2% completed  (1% total)
     Speed:     ev/sec=17604.7   simsec/sec=1.76666   ev/simsec=9964.93
     Messages:  created: 104351   present: 1144   in FES: 135
** Event #162304   t=17.523547912662   Elapsed: 8.03814s (0m 08s)  3% completed  (1% total)
     Speed:     ev/sec=17799.6   simsec/sec=1.95364   ev/simsec=9111.02
     Messages:  created: 133365   present: 1064   in FES: 109
** Event #193792   t=20.576252039559   Elapsed: 10.0411s (0m 10s)  4% completed  (2% total)
     Speed:     ev/sec=15720.5   simsec/sec=1.52408   ev/simsec=10314.8
     Messages:  created: 158460   present: 1091   in FES: 116
** Event #227072   t=24.048780929668   Elapsed: 12.0482s (0m 12s)  4% completed  (2% total)
     Speed:     ev/sec=16581.5   simsec/sec=1.73016   ev/simsec=9583.79
     Messages:  created: 184641   present: 1104   in FES: 121
** Event #259584   t=27.516424728185   Elapsed: 14.0606s (0m 14s)  5% completed  (2% total)
     Speed:     ev/sec=16155.9   simsec/sec=1.72314   ev/simsec=9375.82
     Messages:  created: 210243   present: 1083   in FES: 126
** Event #290304   t=30.546465625011   Elapsed: 16.0698s (0m 16s)  6% completed  (3% total)
     Speed:     ev/sec=15289.5   simsec/sec=1.50806   ev/simsec=10138.5
     Messages:  created: 234463   present: 1102   in FES: 126
** Event #321280   t=33.591116961752   Elapsed: 18.0867s (0m 18s)  6% completed  (3% total)
     Speed:     ev/sec=15357.9   simsec/sec=1.50954   ev/simsec=10173.9
     Messages:  created: 258976   present: 1099   in FES: 120
** Event #354816   t=37.080191849364   Elapsed: 20.0936s (0m 20s)  7% completed  (3% total)
     Speed:     ev/sec=16710.9   simsec/sec=1.7386   ev/simsec=9611.72
     Messages:  created: 285522   present: 1110   in FES: 125
** Event #387584   t=40.557880399635   Elapsed: 22.108s (0m 22s)  8% completed  (4% total)
     Speed:     ev/sec=16266.4   simsec/sec=1.72636   ev/simsec=9422.35
     Messages:  created: 311510   present: 1116   in FES: 125
** Event #418304   t=43.596855609449   Elapsed: 24.1081s (0m 24s)  8% completed  (4% total)
     Speed:     ev/sec=15359.5   simsec/sec=1.51944   ev/simsec=10108.7
     Messages:  created: 335839   present: 1065   in FES: 108
** Event #453888   t=47.519981493088   Elapsed: 26.1226s (0m 26s)  9% completed  (4% total)
     Speed:     ev/sec=17664.2   simsec/sec=1.94747   ev/simsec=9070.32
     Messages:  created: 363858   present: 1169   in FES: 156
** Event #486144   t=50.567697479396   Elapsed: 28.1456s (0m 28s)  10% completed  (5% total)
     Speed:     ev/sec=15944.7   simsec/sec=1.50654   ev/simsec=10583.7
     Messages:  created: 388925   present: 1052   in FES: 105
** Event #516352   t=53.574277956751   Elapsed: 30.1542s (0m 30s)  10% completed  (5% total)
     Speed:     ev/sec=15038.7   simsec/sec=1.49679   ev/simsec=10047.3
     Messages:  created: 412480   present: 1028   in FES: 97
** Event #546560   t=56.5820036258   Elapsed: 32.1602s (0m 32s)  11% completed  (5% total)
     Speed:     ev/sec=15058.9   simsec/sec=1.49937   ev/simsec=10043.5
     Messages:  created: 436233   present: 1034   in FES: 99
** Event #578816   t=60.047994186438   Elapsed: 34.1659s (0m 34s)  12% completed  (6% total)
     Speed:     ev/sec=16082.1   simsec/sec=1.72807   ev/simsec=9306.43
     Messages:  created: 461752   present: 1053   in FES: 104
** Event #612096   t=63.51954754461   Elapsed: 36.1839s (0m 36s)  12% completed  (6% total)
     Speed:     ev/sec=16491.8   simsec/sec=1.72032   ev/simsec=9586.49
     Messages:  created: 487894   present: 1091   in FES: 118
** Event #642560   t=66.503199657652   Elapsed: 38.184s (0m 38s)  13% completed  (6% total)
     Speed:     ev/sec=15231.1   simsec/sec=1.49174   ev/simsec=10210.3
     Messages:  created: 511284   present: 1095   in FES: 126
** Event #673280   t=69.094799440205   Elapsed: 40.1881s (0m 40s)  13% completed  (6% total)
     Speed:     ev/sec=15328.9   simsec/sec=1.29317   ev/simsec=11853.7
     Messages:  created: 534984   present: 1072   in FES: 109
** Event #704512   t=72.50223449343   Elapsed: 42.2039s (0m 42s)  14% completed  (7% total)
     Speed:     ev/sec=15493.7   simsec/sec=1.69038   ev/simsec=9165.84
     Messages:  created: 559014   present: 1059   in FES: 108
** Event #732160   t=75.064904506604   Elapsed: 44.2087s (0m 44s)  15% completed  (7% total)
     Speed:     ev/sec=13790.9   simsec/sec=1.27826   ev/simsec=10788.7
     Messages:  created: 580701   present: 1074   in FES: 111
** Event #765184   t=78.545697857681   Elapsed: 46.2173s (0m 46s)  15% completed  (7% total)
     Speed:     ev/sec=16441   simsec/sec=1.73291   ev/simsec=9487.49
     Messages:  created: 606527   present: 1101   in FES: 122
** Event #797184   t=81.587707262426   Elapsed: 48.2178s (0m 48s)  16% completed  (8% total)
     Speed:     ev/sec=15996   simsec/sec=1.52063   ev/simsec=10519.4
     Messages:  created: 631691   present: 1055   in FES: 106
** Event #830208   t=85.053584832055   Elapsed: 50.2202s (0m 50s)  17% completed  (8% total)
     Speed:     ev/sec=16492.6   simsec/sec=1.7309   ev/simsec=9528.32
     Messages:  created: 657492   present: 1094   in FES: 119
** Event #863744   t=88.550097503714   Elapsed: 52.2325s (0m 52s)  17% completed  (8% total)
     Speed:     ev/sec=16664.9   simsec/sec=1.73751   ev/simsec=9591.27
     Messages:  created: 684041   present: 1086   in FES: 115
** Event #894464   t=91.572983307847   Elapsed: 54.2638s (0m 54s)  18% completed  (9% total)
     Speed:     ev/sec=15123.9   simsec/sec=1.48821   ev/simsec=10162.5
     Messages:  created: 708225   present: 1063   in FES: 108
** Event #927488   t=95.048728086999   Elapsed: 56.2698s (0m 56s)  19% completed  (9% total)
     Speed:     ev/sec=16462.2   simsec/sec=1.73263   ev/simsec=9501.27
     Messages:  created: 734303   present: 1115   in FES: 126
** Event #961024   t=98.572278852226   Elapsed: 58.2738s (0m 58s)  19% completed  (9% total)
     Speed:     ev/sec=16734.4   simsec/sec=1.75824   ev/simsec=9517.67
     Messages:  created: 761576   present: 1102   in FES: 126
** Event #997376   t=101.624969380365   Elapsed: 60.2758s (1m 00s)  20% completed  (10% total)
     Speed:     ev/sec=18158.4   simsec/sec=1.52487   ev/simsec=11908.2
     Messages:  created: 795576   present: 1109   in FES: 126
** Event #1040128   t=104.601571724918   Elapsed: 62.2954s (1m 02s)  20% completed  (10% total)
     Speed:     ev/sec=21168.5   simsec/sec=1.47385   ev/simsec=14362.7
     Messages:  created: 839803   present: 1101   in FES: 120
** Event #1088256   t=108.03219567102   Elapsed: 64.3025s (1m 04s)  21% completed  (10% total)
     Speed:     ev/sec=23978.3   simsec/sec=1.7092   ev/simsec=14028.9
     Messages:  created: 889747   present: 1098   in FES: 121
** Event #1131008   t=110.625190202553   Elapsed: 66.3111s (1m 06s)  22% completed  (11% total)
     Speed:     ev/sec=21285.1   simsec/sec=1.29098   ev/simsec=16487.5
     Messages:  created: 934803   present: 1074   in FES: 127
** Event #1174784   t=113.583597145445   Elapsed: 68.3307s (1m 08s)  22% completed  (11% total)
     Speed:     ev/sec=21675.5   simsec/sec=1.46484   ev/simsec=14797.2
     Messages:  created: 979789   present: 1097   in FES: 120
** Event #1213952   t=116.086000650696   Elapsed: 70.3358s (1m 10s)  23% completed  (11% total)
     Speed:     ev/sec=19534.2   simsec/sec=1.24802   ev/simsec=15652.2
     Messages:  created: 1019876   present: 1042   in FES: 101
** Event #1251840   t=118.608907181658   Elapsed: 72.3573s (1m 12s)  23% completed  (11% total)
     Speed:     ev/sec=18741.7   simsec/sec=1.24798   ev/simsec=15017.6
     Messages:  created: 1057665   present: 1065   in FES: 110
** Event #1292032   t=121.55489631667   Elapsed: 74.3643s (1m 14s)  24% completed  (12% total)
     Speed:     ev/sec=20026.2   simsec/sec=1.46788   ev/simsec=13643
     Messages:  created: 1097256   present: 1114   in FES: 125
** Event #1330432   t=124.516216960214   Elapsed: 76.3854s (1m 16s)  24% completed  (12% total)
     Speed:     ev/sec=18999.7   simsec/sec=1.46521   ev/simsec=12967.2
     Messages:  created: 1134183   present: 1025   in FES: 96
** Event #1363712   t=126.596870345832   Elapsed: 78.3923s (1m 18s)  25% completed  (12% total)
     Speed:     ev/sec=16582.7   simsec/sec=1.03675   ev/simsec=15995
     Messages:  created: 1165838   present: 1113   in FES: 124
** Event #1405184   t=129.573804315848   Elapsed: 80.4081s (1m 20s)  25% completed  (12% total)
     Speed:     ev/sec=20573.6   simsec/sec=1.47681   ev/simsec=13931.1
     Messages:  created: 1205914   present: 1064   in FES: 109
** Event #1439744   t=132.038307907678   Elapsed: 82.4136s (1m 22s)  26% completed  (13% total)
     Speed:     ev/sec=17232.2   simsec/sec=1.22884   ev/simsec=14023.1
     Messages:  created: 1239033   present: 1079   in FES: 114
** Event #1477376   t=134.560641057912   Elapsed: 84.4229s (1m 24s)  26% completed  (13% total)
     Speed:     ev/sec=18729.4   simsec/sec=1.25536   ev/simsec=14919.5
     Messages:  created: 1275183   present: 1102   in FES: 119
** Event #1518848   t=137.538262108686   Elapsed: 86.4261s (1m 26s)  27% completed  (13% total)
     Speed:     ev/sec=20702.6   simsec/sec=1.48641   ev/simsec=13927.9
     Messages:  created: 1316028   present: 1103   in FES: 127
** Event #1563392   t=140.129714152139   Elapsed: 88.4261s (1m 28s)  28% completed  (14% total)
     Speed:     ev/sec=22271.9   simsec/sec=1.29572   ev/simsec=17188.8
     Messages:  created: 1361236   present: 1081   in FES: 106
** Event #1608704   t=142.542763992004   Elapsed: 90.4371s (1m 30s)  28% completed  (14% total)
     Speed:     ev/sec=22532.6   simsec/sec=1.19995   ev/simsec=18777.9
     Messages:  created: 1411478   present: 1114   in FES: 126
** Event #1646848   t=144.5945551681   Elapsed: 92.4468s (1m 32s)  28% completed  (14% total)
     Speed:     ev/sec=18980.1   simsec/sec=1.02095   ev/simsec=18590.6
     Messages:  created: 1450569   present: 1087   in FES: 116
** Event #1688832   t=147.064333134473   Elapsed: 94.4574s (1m 34s)  29% completed  (14% total)
     Speed:     ev/sec=20881.4   simsec/sec=1.22838   ev/simsec=16999.1
     Messages:  created: 1494769   present: 1089   in FES: 114
** Event #1730816   t=149.556774294504   Elapsed: 96.4778s (1m 36s)  29% completed  (14% total)
     Speed:     ev/sec=20779.4   simsec/sec=1.2336   ev/simsec=16844.5
     Messages:  created: 1538706   present: 1054   in FES: 105
** Event #1770496   t=151.920823095599   Elapsed: 98.479s (1m 38s)  30% completed  (15% total)
     Speed:     ev/sec=19828   simsec/sec=1.18131   ev/simsec=16784.8
     Messages:  created: 1579896   present: 1022   in FES: 96
** Event #1814528   t=154.515060326336   Elapsed: 100.506s (1m 40s)  30% completed  (15% total)
     Speed:     ev/sec=21725.2   simsec/sec=1.27999   ev/simsec=16973
     Messages:  created: 1625282   present: 1067   in FES: 110
** Event #1849088   t=156.55691195626   Elapsed: 102.508s (1m 42s)  31% completed  (15% total)
     Speed:     ev/sec=17264.3   simsec/sec=1.02   ev/simsec=16925.8
     Messages:  created: 1659801   present: 1110   in FES: 123
** Event #1886208   t=158.81150740396   Elapsed: 104.512s (1m 44s)  31% completed  (15% total)
     Speed:     ev/sec=18518.3   simsec/sec=1.12477   ev/simsec=16464.2
     Messages:  created: 1697526   present: 1106   in FES: 125
** Event #1930752   t=161.53553250441   Elapsed: 106.517s (1m 46s)  32% completed  (16% total)
     Speed:     ev/sec=22218.9   simsec/sec=1.35876   ev/simsec=16352.3
     Messages:  created: 1743326   present: 1100   in FES: 121
** Event #1969664   t=163.671090996724   Elapsed: 108.518s (1m 48s)  32% completed  (16% total)
     Speed:     ev/sec=19445.2   simsec/sec=1.06719   ev/simsec=18221
     Messages:  created: 1783700   present: 1094   in FES: 121
** Event #2016512   t=166.55453105139   Elapsed: 110.523s (1m 50s)  33% completed  (16% total)
     Speed:     ev/sec=23365.6   simsec/sec=1.43812   ev/simsec=16247.3
     Messages:  created: 1832596   present: 1096   in FES: 126
** Event #2054656   t=168.811578977416   Elapsed: 112.525s (1m 52s)  33% completed  (16% total)
     Speed:     ev/sec=19052.1   simsec/sec=1.12734   ev/simsec=16900
     Messages:  created: 1871679   present: 1113   in FES: 126
** Event #2099200   t=171.51492483967   Elapsed: 114.541s (1m 54s)  34% completed  (17% total)
     Speed:     ev/sec=22099.4   simsec/sec=1.3412   ev/simsec=16477.4
     Messages:  created: 1917251   present: 1026   in FES: 97
** Event #2136320   t=173.588613686252   Elapsed: 116.558s (1m 56s)  34% completed  (17% total)
     Speed:     ev/sec=18405.4   simsec/sec=1.02821   ev/simsec=17900.5
     Messages:  created: 1954862   present: 1064   in FES: 109
** Event #2171136   t=175.894501037935   Elapsed: 118.562s (1m 58s)  35% completed  (17% total)
     Speed:     ev/sec=17369.6   simsec/sec=1.1504   ev/simsec=15098.7
     Messages:  created: 1989509   present: 1021   in FES: 95
** Event #2211840   t=178.52954273869   Elapsed: 120.59s (2m 00s)  35% completed  (17% total)
     Speed:     ev/sec=20068.2   simsec/sec=1.29915   ev/simsec=15447.2
     Messages:  created: 2029421   present: 1087   in FES: 126
** Event #2246656   t=180.601794345136   Elapsed: 122.613s (2m 02s)  36% completed  (18% total)
     Speed:     ev/sec=17213   simsec/sec=1.02452   ev/simsec=16801
     Messages:  created: 2063305   present: 1109   in FES: 126
** Event #2286080   t=183.51898122524   Elapsed: 124.637s (2m 04s)  36% completed  (18% total)
     Speed:     ev/sec=19480   simsec/sec=1.44143   ev/simsec=13514.4
     Messages:  created: 2101949   present: 1095   in FES: 126
** Event #2318848   t=185.59115168407   Elapsed: 126.654s (2m 06s)  37% completed  (18% total)
     Speed:     ev/sec=16245.5   simsec/sec=1.02733   ev/simsec=15813.4
     Messages:  created: 2133128   present: 1117   in FES: 126
** Event #2359808   t=188.538272968608   Elapsed: 128.655s (2m 08s)  37% completed  (18% total)
     Speed:     ev/sec=20469.8   simsec/sec=1.47283   ev/simsec=13898.3
     Messages:  created: 2174174   present: 1095   in FES: 146
** Event #2397440   t=191.0576312148   Elapsed: 130.659s (2m 10s)  38% completed  (19% total)
     Speed:     ev/sec=18775.4   simsec/sec=1.25696   ev/simsec=14937.1
     Messages:  created: 2210747   present: 1091   in FES: 116
** Event #2432768   t=193.586091316446   Elapsed: 132.679s (2m 12s)  38% completed  (19% total)
     Speed:     ev/sec=17487   simsec/sec=1.25156   ev/simsec=13972.1
     Messages:  created: 2243985   present: 1068   in FES: 111
** Event #2472960   t=196.596582849694   Elapsed: 134.703s (2m 14s)  39% completed  (19% total)
     Speed:     ev/sec=19858.2   simsec/sec=1.48743   ev/simsec=13350.6
     Messages:  created: 2282106   present: 1081   in FES: 114
** Event #2511104   t=199.545457689591   Elapsed: 136.712s (2m 16s)  39% completed  (19% total)
     Speed:     ev/sec=18986.6   simsec/sec=1.46784   ev/simsec=12935.1
     Messages:  created: 2318478   present: 1092   in FES: 117
** Event #2545920   t=202.064332727617   Elapsed: 138.716s (2m 18s)  40% completed  (20% total)
     Speed:     ev/sec=17377.8   simsec/sec=1.25725   ev/simsec=13822
     Messages:  created: 2351569   present: 1105   in FES: 120
** Event #2582528   t=204.979237201746   Elapsed: 140.721s (2m 20s)  40% completed  (20% total)
     Speed:     ev/sec=18255.8   simsec/sec=1.45362   ev/simsec=12558.9
     Messages:  created: 2386949   present: 1080   in FES: 127
** Event #2618880   t=207.562838538946   Elapsed: 142.732s (2m 22s)  41% completed  (20% total)
     Speed:     ev/sec=18077.3   simsec/sec=1.28479   ev/simsec=14070.3
     Messages:  created: 2421490   present: 1096   in FES: 117
** Event #2659584   t=210.552639291301   Elapsed: 144.749s (2m 24s)  42% completed  (21% total)
     Speed:     ev/sec=20175.2   simsec/sec=1.48192   ev/simsec=13614.3
     Messages:  created: 2461141   present: 1077   in FES: 112
** Event #2698496   t=213.288262626897   Elapsed: 146.755s (2m 26s)  42% completed  (21% total)
     Speed:     ev/sec=19399.6   simsec/sec=1.36384   ev/simsec=14224.2
     Messages:  created: 2498866   present: 1080   in FES: 128
** Event #2731776   t=215.604744259212   Elapsed: 148.772s (2m 28s)  43% completed  (21% total)
     Speed:     ev/sec=16503.5   simsec/sec=1.14874   ev/simsec=14366.6
     Messages:  created: 2530477   present: 1035   in FES: 98
** Event #2771456   t=218.597067212447   Elapsed: 150.777s (2m 30s)  43% completed  (21% total)
     Speed:     ev/sec=19785.7   simsec/sec=1.49207   ev/simsec=13260.6
     Messages:  created: 2568319   present: 1075   in FES: 112
** Event #2810880   t=221.561694227789   Elapsed: 152.789s (2m 32s)  44% completed  (22% total)
     Speed:     ev/sec=19597.2   simsec/sec=1.47368   ev/simsec=13298.1
     Messages:  created: 2606691   present: 1100   in FES: 127
** Event #2845440   t=223.921047077716   Elapsed: 154.791s (2m 34s)  44% completed  (22% total)
     Speed:     ev/sec=17262.7   simsec/sec=1.1785   ev/simsec=14648.1
     Messages:  created: 2640980   present: 1065   in FES: 123
** Event #2885888   t=226.554114845517   Elapsed: 156.812s (2m 36s)  45% completed  (22% total)
     Speed:     ev/sec=20009.2   simsec/sec=1.30255   ev/simsec=15361.5
     Messages:  created: 2681028   present: 1029   in FES: 96
** Event #2925312   t=229.093520467979   Elapsed: 158.82s (2m 38s)  45% completed  (22% total)
     Speed:     ev/sec=19640.1   simsec/sec=1.26507   ev/simsec=15524.9
     Messages:  created: 2720013   present: 1061   in FES: 106
** Event #2962432   t=231.59305837069   Elapsed: 160.832s (2m 40s)  46% completed  (23% total)
     Speed:     ev/sec=18450.9   simsec/sec=1.24242   ev/simsec=14850.7
     Messages:  created: 2757036   present: 1118   in FES: 125
** Event #3003392   t=234.521381421724   Elapsed: 162.85s (2m 42s)  46% completed  (23% total)
     Speed:     ev/sec=20293.3   simsec/sec=1.45081   ev/simsec=13987.5
     Messages:  created: 2798186   present: 1114   in FES: 126
** Event #3038208   t=236.591109914788   Elapsed: 164.867s (2m 44s)  47% completed  (23% total)
     Speed:     ev/sec=17265.1   simsec/sec=1.02637   ev/simsec=16821.5
     Messages:  created: 2832841   present: 1067   in FES: 110
** Event #3077632   t=239.544777316226   Elapsed: 166.877s (2m 46s)  47% completed  (23% total)
     Speed:     ev/sec=19606.8   simsec/sec=1.46896   ev/simsec=13347.5
     Messages:  created: 2871896   present: 1105   in FES: 120
** Event #3118080   t=242.53326348548   Elapsed: 168.883s (2m 48s)  48% completed  (24% total)
     Speed:     ev/sec=20168.6   simsec/sec=1.49015   ev/simsec=13534.6
     Messages:  created: 2912206   present: 1106   in FES: 123
** Event #3159296   t=245.533263597921   Elapsed: 170.903s (2m 50s)  49% completed  (24% total)
     Speed:     ev/sec=20398.9   simsec/sec=1.48478   ev/simsec=13738.7
     Messages:  created: 2953318   present: 1104   in FES: 121
** Event #3198976   t=248.085946099244   Elapsed: 172.91s (2m 52s)  49% completed  (24% total)
     Speed:     ev/sec=19772   simsec/sec=1.27197   ev/simsec=15544.4
     Messages:  created: 2993407   present: 1109   in FES: 126
** Event #3240960   t=251.047994223321   Elapsed: 174.913s (2m 54s)  50% completed  (25% total)
     Speed:     ev/sec=20965.3   simsec/sec=1.47914   ev/simsec=14174
     Messages:  created: 3036165   present: 1073   in FES: 110
** Event #3281408   t=253.581188928541   Elapsed: 176.913s (2m 56s)  50% completed  (25% total)
     Speed:     ev/sec=20218.3   simsec/sec=1.26624   ev/simsec=15967.2
     Messages:  created: 3077171   present: 1073   in FES: 112
** Event #3324928   t=256.552741345975   Elapsed: 178.914s (2m 58s)  51% completed  (25% total)
     Speed:     ev/sec=21753.4   simsec/sec=1.48533   ev/simsec=14645.5
     Messages:  created: 3121263   present: 1101   in FES: 120
** Event #3369472   t=259.513301191464   Elapsed: 180.933s (3m 00s)  51% completed  (25% total)
     Speed:     ev/sec=22061.2   simsec/sec=1.46627   ev/simsec=15045.8
     Messages:  created: 3167285   present: 1091   in FES: 118
** Event #3410432   t=262.064333738378   Elapsed: 182.94s (3m 02s)  52% completed  (26% total)
     Speed:     ev/sec=20406   simsec/sec=1.2709   ev/simsec=16056.2
     Messages:  created: 3209336   present: 1072   in FES: 109
** Event #3454464   t=264.788307676635   Elapsed: 184.945s (3m 04s)  52% completed  (26% total)
     Speed:     ev/sec=21964.8   simsec/sec=1.35882   ev/simsec=16164.6
     Messages:  created: 3255910   present: 1080   in FES: 115
** Event #3504640   t=268.048781037263   Elapsed: 186.948s (3m 06s)  53% completed  (26% total)
     Speed:     ev/sec=25050.5   simsec/sec=1.6278   ev/simsec=15389.2
     Messages:  created: 3309688   present: 1111   in FES: 122
** Event #3553792   t=271.016216951678   Elapsed: 188.951s (3m 08s)  54% completed  (27% total)
     Speed:     ev/sec=24542.3   simsec/sec=1.48168   ev/simsec=16563.8
     Messages:  created: 3363388   present: 1077   in FES: 114
** Event #3599360   t=273.729238002471   Elapsed: 190.957s (3m 10s)  54% completed  (27% total)
     Speed:     ev/sec=22707.4   simsec/sec=1.35195   ev/simsec=16796
     Messages:  created: 3412161   present: 1053   in FES: 121
** Event #3653376   t=276.528909308376   Elapsed: 192.968s (3m 12s)  55% completed  (27% total)
     Speed:     ev/sec=26862.8   simsec/sec=1.39231   ev/simsec=19293.7
     Messages:  created: 3474078   present: 1088   in FES: 126
** Event #3698176   t=279.087057566314   Elapsed: 194.973s (3m 14s)  55% completed  (27% total)
     Speed:     ev/sec=22350.1   simsec/sec=1.27622   ev/simsec=17512.7
     Messages:  created: 3522047   present: 1080   in FES: 113
** Event #3745792   t=282.070882167892   Elapsed: 196.981s (3m 16s)  56% completed  (28% total)
     Speed:     ev/sec=23709.2   simsec/sec=1.48572   ev/simsec=15958
     Messages:  created: 3573623   present: 1119   in FES: 126
** Event #3796992   t=285.053585145228   Elapsed: 198.984s (3m 18s)  57% completed  (28% total)
     Speed:     ev/sec=25558.3   simsec/sec=1.48892   ev/simsec=17165.6
     Messages:  created: 3629995   present: 1088   in FES: 117
** Event #3846656   t=287.875517292573   Elapsed: 200.989s (3m 20s)  57% completed  (28% total)
     Speed:     ev/sec=24773.6   simsec/sec=1.40765   ev/simsec=17599.3
     Messages:  created: 3685208   present: 1090   in FES: 139
** Event #3896320   t=290.597141291595   Elapsed: 202.993s (3m 22s)  58% completed  (29% total)
     Speed:     ev/sec=24780.6   simsec/sec=1.358   ev/simsec=18247.9
     Messages:  created: 3739266   present: 1097   in FES: 118
** Event #3944704   t=293.558875550238   Elapsed: 205.009s (3m 25s)  58% completed  (29% total)
     Speed:     ev/sec=23996.6   simsec/sec=1.46891   ev/simsec=16336.4
     Messages:  created: 3791677   present: 1043   in FES: 100
** Event #3991808   t=296.375608980806   Elapsed: 207.01s (3m 27s)  59% completed  (29% total)
     Speed:     ev/sec=23539.6   simsec/sec=1.40762   ev/simsec=16722.9
     Messages:  created: 3842338   present: 1039   in FES: 116
** Event #4035072   t=298.979013741249   Elapsed: 209.012s (3m 29s)  59% completed  (29% total)
     Speed:     ev/sec=21615.5   simsec/sec=1.30071   ev/simsec=16618.2
     Messages:  created: 3888821   present: 1022   in FES: 96
** Event #4080384   t=301.569162850461   Elapsed: 211.016s (3m 31s)  60% completed  (30% total)
     Speed:     ev/sec=22605.9   simsec/sec=1.29221   ev/simsec=17494
     Messages:  created: 3936531   present: 1120   in FES: 126
** Event #4126464   t=304.533532897099   Elapsed: 213.041s (3m 33s)  60% completed  (30% total)
     Speed:     ev/sec=22757.6   simsec/sec=1.46402   ev/simsec=15544.6
     Messages:  created: 3985170   present: 1092   in FES: 117
** Event #4167168   t=307.082452807822   Elapsed: 215.043s (3m 35s)  61% completed  (30% total)
     Speed:     ev/sec=20331.5   simsec/sec=1.27318   ev/simsec=15969.1
     Messages:  created: 4026956   present: 1110   in FES: 126
** Event #4207360   t=309.625908228087   Elapsed: 217.051s (3m 37s)  61% completed  (30% total)
     Speed:     ev/sec=20023.8   simsec/sec=1.26716   ev/simsec=15802.1
     Messages:  created: 4068374   present: 1083   in FES: 127
** Event #4251136   t=312.533524368101   Elapsed: 219.06s (3m 39s)  62% completed  (31% total)
     Speed:     ev/sec=21782.8   simsec/sec=1.44682   ev/simsec=15055.6
     Messages:  created: 4114175   present: 1112   in FES: 123
** Event #4288768   t=314.79091889446   Elapsed: 221.061s (3m 41s)  62% completed  (31% total)
     Speed:     ev/sec=18803.4   simsec/sec=1.12794   ev/simsec=16670.5
     Messages:  created: 4153083   present: 1028   in FES: 101
** Event #4333824   t=317.533003497754   Elapsed: 223.065s (3m 43s)  63% completed  (31% total)
     Speed:     ev/sec=22487.1   simsec/sec=1.36855   ev/simsec=16431.3
     Messages:  created: 4200569   present: 1104   in FES: 121
** Event #4374016   t=319.921045095599   Elapsed: 225.069s (3m 45s)  63% completed  (31% total)
     Speed:     ev/sec=20055.3   simsec/sec=1.1916   ev/simsec=16830.5
     Messages:  created: 4243269   present: 1112   in FES: 128
** Event #4419072   t=322.546291865437   Elapsed: 227.083s (3m 47s)  64% completed  (32% total)
     Speed:     ev/sec=22374.2   simsec/sec=1.30366   ev/simsec=17162.6
     Messages:  created: 4291106   present: 1093   in FES: 114
** Event #4460800   t=325.062576447417   Elapsed: 229.088s (3m 49s)  65% completed  (32% total)
     Speed:     ev/sec=20811.2   simsec/sec=1.25496   ev/simsec=16583.2
     Messages:  created: 4334617   present: 1102   in FES: 126
** Event #4502528   t=327.59020792454   Elapsed: 231.093s (3m 51s)  65% completed  (32% total)
     Speed:     ev/sec=20814.6   simsec/sec=1.26082   ev/simsec=16508.7
     Messages:  created: 4378204   present: 1107   in FES: 122
** Event #4548864   t=330.555045071116   Elapsed: 233.108s (3m 53s)  66% completed  (33% total)
     Speed:     ev/sec=22995.3   simsec/sec=1.47137   ev/simsec=15628.5
     Messages:  created: 4426959   present: 1112   in FES: 125
** Event #4590848   t=333.513072018086   Elapsed: 235.129s (3m 55s)  66% completed  (33% total)
     Speed:     ev/sec=20767.3   simsec/sec=1.46318   ev/simsec=14193.2
     Messages:  created: 4469303   present: 1068   in FES: 111
** Event #4629760   t=336.061240245899   Elapsed: 237.135s (3m 57s)  67% completed  (33% total)
     Speed:     ev/sec=19402.9   simsec/sec=1.27061   ev/simsec=15270.6
     Messages:  created: 4508216   present: 1092   in FES: 126
** Event #4672512   t=339.082504630994   Elapsed: 239.14s (3m 59s)  67% completed  (33% total)
     Speed:     ev/sec=21322.7   simsec/sec=1.50686   ev/simsec=14150.4
     Messages:  created: 4550836   present: 1110   in FES: 125
** Event #4719104   t=342.512143320487   Elapsed: 241.149s (4m 01s)  68% completed  (34% total)
     Speed:     ev/sec=23191.6   simsec/sec=1.70713   ev/simsec=13585.1
     Messages:  created: 4598855   present: 1088   in FES: 126
** Event #4762368   t=345.558680506291   Elapsed: 243.151s (4m 03s)  69% completed  (34% total)
     Speed:     ev/sec=21611.5   simsec/sec=1.52183   ev/simsec=14201
     Messages:  created: 4643331   present: 1109   in FES: 122
** Event #4802560   t=348.563705543479   Elapsed: 245.151s (4m 05s)  69% completed  (34% total)
     Speed:     ev/sec=20090.2   simsec/sec=1.50208   ev/simsec=13374.9
     Messages:  created: 4684151   present: 1119   in FES: 124
** Event #4844800   t=351.592605339079   Elapsed: 247.152s (4m 07s)  70% completed  (35% total)
     Speed:     ev/sec=21118.3   simsec/sec=1.51433   ev/simsec=13945.7
     Messages:  created: 4726962   present: 1078   in FES: 113
** Event #4886784   t=354.59589199253   Elapsed: 249.156s (4m 09s)  70% completed  (35% total)
     Speed:     ev/sec=20944.4   simsec/sec=1.49824   ev/simsec=13979.4
     Messages:  created: 4770190   present: 1068   in FES: 111
** Event #4931072   t=357.60337789972   Elapsed: 251.156s (4m 11s)  71% completed  (35% total)
     Speed:     ev/sec=22142.8   simsec/sec=1.50366   ev/simsec=14725.9
     Messages:  created: 4816237   present: 1112   in FES: 126
** Event #4979456   t=360.626224892927   Elapsed: 253.158s (4m 13s)  72% completed  (36% total)
     Speed:     ev/sec=24165.1   simsec/sec=1.50974   ev/simsec=16006.1
     Messages:  created: 4867958   present: 1106   in FES: 128
** Event #5026304   t=363.6038480753   Elapsed: 255.179s (4m 15s)  72% completed  (36% total)
     Speed:     ev/sec=23182.8   simsec/sec=1.47348   ev/simsec=15733.4
     Messages:  created: 4917894   present: 1030   in FES: 97
** Event #5070336   t=366.5612410007   Elapsed: 257.18s (4m 17s)  73% completed  (36% total)
     Speed:     ev/sec=22011   simsec/sec=1.47836   ev/simsec=14888.8
     Messages:  created: 4965059   present: 1106   in FES: 126
** Event #5119488   t=369.673080258046   Elapsed: 259.184s (4m 19s)  73% completed  (36% total)
     Speed:     ev/sec=24524.3   simsec/sec=1.55265   ev/simsec=15795.2
     Messages:  created: 5016709   present: 1057   in FES: 122
** Event #5167360   t=372.568870408889   Elapsed: 261.185s (4m 21s)  74% completed  (37% total)
     Speed:     ev/sec=23919.4   simsec/sec=1.44689   ev/simsec=16531.6
     Messages:  created: 5068897   present: 1090   in FES: 115
** Event #5215744   t=375.60456394102   Elapsed: 263.19s (4m 23s)  75% completed  (37% total)
     Speed:     ev/sec=24139.4   simsec/sec=1.51455   ev/simsec=15938.4
     Messages:  created: 5120905   present: 1091   in FES: 116
** Event #5264896   t=378.395918542989   Elapsed: 265.19s (4m 25s)  75% completed  (37% total)
     Speed:     ev/sec=24575.3   simsec/sec=1.39563   ev/simsec=17608.7
     Messages:  created: 5176349   present: 1118   in FES: 127
** Event #5310208   t=381.039761320297   Elapsed: 267.191s (4m 27s)  76% completed  (38% total)
     Speed:     ev/sec=22636   simsec/sec=1.32076   ev/simsec=17138.7
     Messages:  created: 5226331   present: 1114   in FES: 123
** Event #5355520   t=384.031378257445   Elapsed: 269.193s (4m 29s)  76% completed  (38% total)
     Speed:     ev/sec=22642.3   simsec/sec=1.4949   ev/simsec=15146.3
     Messages:  created: 5276039   present: 1086   in FES: 126
** Event #5406720   t=387.502306268241   Elapsed: 271.196s (4m 31s)  77% completed  (38% total)
     Speed:     ev/sec=25560.1   simsec/sec=1.73276   ev/simsec=14751.1
     Messages:  created: 5331186   present: 1044   in FES: 103
** Event #5451008   t=390.588173373497   Elapsed: 273.205s (4m 33s)  78% completed  (39% total)
     Speed:     ev/sec=22041.5   simsec/sec=1.53579   ev/simsec=14351.9
     Messages:  created: 5377206   present: 1062   in FES: 109
** Event #5494016   t=393.594035670537   Elapsed: 275.213s (4m 35s)  78% completed  (39% total)
     Speed:     ev/sec=21424.6   simsec/sec=1.49738   ev/simsec=14308
     Messages:  created: 5421440   present: 1075   in FES: 112
** Event #5537792   t=396.571948228391   Elapsed: 277.236s (4m 37s)  79% completed  (39% total)
     Speed:     ev/sec=21638.1   simsec/sec=1.47195   ev/simsec=14700.2
     Messages:  created: 5466840   present: 1080   in FES: 113
** Event #5580544   t=399.567956227901   Elapsed: 279.242s (4m 39s)  79% completed  (39% total)
     Speed:     ev/sec=21308.6   simsec/sec=1.49328   ev/simsec=14269.7
     Messages:  created: 5510583   present: 1112   in FES: 123
** Event #5623808   t=402.560694340012   Elapsed: 281.248s (4m 41s)  80% completed  (40% total)
     Speed:     ev/sec=21564   simsec/sec=1.49166   ev/simsec=14456.3
     Messages:  created: 5554474   present: 1092   in FES: 117
** Event #5666304   t=405.54765129106   Elapsed: 283.254s (4m 43s)  81% completed  (40% total)
     Speed:     ev/sec=21187.3   simsec/sec=1.48921   ev/simsec=14227.2
     Messages:  created: 5597653   present: 1076   in FES: 109
** Event #5704192   t=408.067159103936   Elapsed: 285.257s (4m 45s)  81% completed  (40% total)
     Speed:     ev/sec=18916.1   simsec/sec=1.2579   ev/simsec=15037.9
     Messages:  created: 5634557   present: 1122   in FES: 125
** Event #5740800   t=410.572022636538   Elapsed: 287.273s (4m 47s)  82% completed  (41% total)
     Speed:     ev/sec=18159.5   simsec/sec=1.24254   ev/simsec=14614.8
     Messages:  created: 5670035   present: 1104   in FES: 119
** Event #5778176   t=413.087056921191   Elapsed: 289.278s (4m 49s)  82% completed  (41% total)
     Speed:     ev/sec=18641.5   simsec/sec=1.25439   ev/simsec=14861
     Messages:  created: 5705819   present: 1101   in FES: 120
** Event #5815552   t=415.543634821239   Elapsed: 291.29s (4m 51s)  83% completed  (41% total)
     Speed:     ev/sec=18572.8   simsec/sec=1.22072   ev/simsec=15214.7
     Messages:  created: 5743597   present: 1115   in FES: 122
** Event #5849088   t=417.598360544042   Elapsed: 293.291s (4m 53s)  83% completed  (41% total)
     Speed:     ev/sec=16761.4   simsec/sec=1.02696   ev/simsec=16321.4
     Messages:  created: 5775908   present: 1056   in FES: 103
** Event #5889536   t=420.518564623084   Elapsed: 295.304s (4m 55s)  84% completed  (42% total)
     Speed:     ev/sec=20093.5   simsec/sec=1.45068   ev/simsec=13851.1
     Messages:  created: 5815740   present: 1042   in FES: 101
** Event #5925376   t=422.729283002196   Elapsed: 297.306s (4m 57s)  84% completed  (42% total)
     Speed:     ev/sec=17898.6   simsec/sec=1.10404   ev/simsec=16211.9
     Messages:  created: 5851005   present: 1025   in FES: 96
** Event #5964288   t=425.519040571822   Elapsed: 299.332s (4m 59s)  85% completed  (42% total)
     Speed:     ev/sec=19205.5   simsec/sec=1.37692   ev/simsec=13948.2
     Messages:  created: 5888791   present: 1058   in FES: 107
** Event #5997568   t=427.600227770829   Elapsed: 301.339s (5m 01s)  85% completed  (42% total)
     Speed:     ev/sec=16588.2   simsec/sec=1.03735   ev/simsec=15990.9
     Messages:  created: 5920771   present: 1107   in FES: 122
** Event #6037504   t=430.538306994411   Elapsed: 303.35s (5m 03s)  86% completed  (43% total)
     Speed:     ev/sec=19857.2   simsec/sec=1.46088   ev/simsec=13592.6
     Messages:  created: 5960359   present: 1114   in FES: 128
** Event #6078208   t=433.374969974565   Elapsed: 305.352s (5m 05s)  86% completed  (43% total)
     Speed:     ev/sec=20331.4   simsec/sec=1.4169   ev/simsec=14349.3
     Messages:  created: 6000490   present: 1110   in FES: 126
** Event #6113024   t=435.599530787542   Elapsed: 307.356s (5m 07s)  87% completed  (43% total)
     Speed:     ev/sec=17373.8   simsec/sec=1.1101   ev/simsec=15650.7
     Messages:  created: 6034817   present: 1098   in FES: 119
** Event #6154240   t=438.533027902324   Elapsed: 309.365s (5m 09s)  87% completed  (43% total)
     Speed:     ev/sec=20516.2   simsec/sec=1.46021   ev/simsec=14050.1
     Messages:  created: 6076690   present: 1059   in FES: 108
** Event #6198016   t=441.067160669254   Elapsed: 311.366s (5m 11s)  88% completed  (44% total)
     Speed:     ev/sec=21876.5   simsec/sec=1.2664   ev/simsec=17274.5
     Messages:  created: 6121658   present: 1074   in FES: 109
** Event #6236416   t=443.54899628268   Elapsed: 313.384s (5m 13s)  88% completed  (44% total)
     Speed:     ev/sec=19028   simsec/sec=1.2298   ev/simsec=15472.4
     Messages:  created: 6160022   present: 1113   in FES: 126
** Event #6272256   t=445.875606429936   Elapsed: 315.385s (5m 15s)  89% completed  (44% total)
     Speed:     ev/sec=17907   simsec/sec=1.16246   ev/simsec=15404.4
     Messages:  created: 6195288   present: 1115   in FES: 127
** Event #6311936   t=448.527401053559   Elapsed: 317.398s (5m 17s)  89% completed  (44% total)
     Speed:     ev/sec=19718.7   simsec/sec=1.31779   ev/simsec=14963.5
     Messages:  created: 6234234   present: 1075   in FES: 112
** Event #6352128   t=451.229281077692   Elapsed: 319.399s (5m 19s)  90% completed  (45% total)
     Speed:     ev/sec=20082.4   simsec/sec=1.35003   ev/simsec=14875.6
     Messages:  created: 6273152   present: 1111   in FES: 132
** Event #6389760   t=454.058782659891   Elapsed: 321.403s (5m 21s)  90% completed  (45% total)
     Speed:     ev/sec=18774.8   simsec/sec=1.41165   ev/simsec=13299.9
     Messages:  created: 6309465   present: 1027   in FES: 96
** Event #6426112   t=456.594106702839   Elapsed: 323.406s (5m 23s)  91% completed  (45% total)
     Speed:     ev/sec=18150.9   simsec/sec=1.26591   ev/simsec=14338.2
     Messages:  created: 6343794   present: 1107   in FES: 126
** Event #6466048   t=459.537556974948   Elapsed: 325.414s (5m 25s)  91% completed  (45% total)
     Speed:     ev/sec=19887.4   simsec/sec=1.46578   ev/simsec=13567.8
     Messages:  created: 6382489   present: 1056   in FES: 107
** Event #6498304   t=461.563847918472   Elapsed: 327.427s (5m 27s)  92% completed  (46% total)
     Speed:     ev/sec=16025.2   simsec/sec=1.00669   ev/simsec=15918.7
     Messages:  created: 6413225   present: 1110   in FES: 121
** Event #6534912   t=464.062158352178   Elapsed: 329.433s (5m 29s)  92% completed  (46% total)
     Speed:     ev/sec=18251.4   simsec/sec=1.24557   ev/simsec=14653.1
     Messages:  created: 6448410   present: 1114   in FES: 126
** Event #6571776   t=466.554611046509   Elapsed: 331.444s (5m 31s)  93% completed  (46% total)
     Speed:     ev/sec=18330.3   simsec/sec=1.23935   ev/simsec=14790.3
     Messages:  created: 6483840   present: 1087   in FES: 116
** Event #6608128   t=469.047993965868   Elapsed: 333.446s (5m 33s)  93% completed  (46% total)
     Speed:     ev/sec=18155.2   simsec/sec=1.24526   ev/simsec=14579.4
     Messages:  created: 6519050   present: 1088   in FES: 115
** Event #6644736   t=471.554105533366   Elapsed: 335.448s (5m 35s)  94% completed  (47% total)
     Speed:     ev/sec=18292.9   simsec/sec=1.2523   ev/simsec=14607.5
     Messages:  created: 6554526   present: 1077   in FES: 112
** Event #6685440   t=474.523547692832   Elapsed: 337.462s (5m 37s)  94% completed  (47% total)
     Speed:     ev/sec=20207.6   simsec/sec=1.47419   ev/simsec=13707.6
     Messages:  created: 6594674   present: 1086   in FES: 117
** Event #6720768   t=476.729247645232   Elapsed: 339.466s (5m 39s)  95% completed  (47% total)
     Speed:     ev/sec=17626.8   simsec/sec=1.10053   ev/simsec=16016.7
     Messages:  created: 6629780   present: 1095   in FES: 149
** Event #6763776   t=479.671090366961   Elapsed: 341.47s (5m 41s)  95% completed  (47% total)
     Speed:     ev/sec=21456.5   simsec/sec=1.46767   ev/simsec=14619.4
     Messages:  created: 6673456   present: 1113   in FES: 136
** Event #6804224   t=482.540291980389   Elapsed: 343.473s (5m 43s)  96% completed  (48% total)
     Speed:     ev/sec=20202.6   simsec/sec=1.43308   ev/simsec=14097.3
     Messages:  created: 6714692   present: 1080   in FES: 111
** Event #6845184   t=485.090849095647   Elapsed: 345.479s (5m 45s)  97% completed  (48% total)
     Speed:     ev/sec=20416.3   simsec/sec=1.27131   ev/simsec=16059.2
     Messages:  created: 6755436   present: 1037   in FES: 98
** Event #6883584   t=487.979281507439   Elapsed: 347.485s (5m 47s)  97% completed  (48% total)
     Speed:     ev/sec=19139.7   simsec/sec=1.43968   ev/simsec=13294.4
     Messages:  created: 6793529   present: 1074   in FES: 113
** Event #6922752   t=490.566118943974   Elapsed: 349.488s (5m 49s)  98% completed  (49% total)
     Speed:     ev/sec=19556.5   simsec/sec=1.2916   ev/simsec=15141.3
     Messages:  created: 6831463   present: 1057   in FES: 104
** Event #6961664   t=493.125190047549   Elapsed: 351.495s (5m 51s)  98% completed  (49% total)
     Speed:     ev/sec=19390.8   simsec/sec=1.27525   ev/simsec=15205.5
     Messages:  created: 6868989   present: 1099   in FES: 127
** Event #6996224   t=495.588531506105   Elapsed: 353.499s (5m 53s)  99% completed  (49% total)
     Speed:     ev/sec=17241   simsec/sec=1.22889   ev/simsec=14029.7
     Messages:  created: 6902502   present: 1072   in FES: 111
** Event #7032832   t=498.250054397292   Elapsed: 355.5s (5m 55s)  99% completed  (49% total)
     Speed:     ev/sec=18295.8   simsec/sec=1.33017   ev/simsec=13754.5
     Messages:  created: 6936973   present: 1021   in FES: 95
** Event #7056458   t=500   Elapsed: 356.973s (5m 56s)  100% completed  (50% total)
     Speed:     ev/sec=16035.1   simsec/sec=1.18423   ev/simsec=13540.6
     Messages:  created: 6960187   present: 1021   in FES: 95

<!> Simulation time limit reached -- at t=500s, event #7056458
undisposed object: (omnetpp::cMessage) FanetStressNetwork.uav[0].app.debugTimer -- check module destructor
undisposed object: (omnetpp::cMessage) FanetStressNetwork.uav[1].app.debugTimer -- check module destructor
undisposed object: (omnetpp::cMessage) FanetStressNetwork.uav[2].app.debugTimer -- check module destructor
undisposed object: (omnetpp::cMessage) FanetStressNetwork.uav[3].app.debugTimer -- check module destructor
undisposed object: (omnetpp::cMessage) FanetStressNetwork.uav[4].app.debugTimer -- check module destructor
undisposed object: (omnetpp::cMessage) FanetStressNetwork.uav[5].app.debugTimer -- check module destructor
undisposed object: (omnetpp::cMessage) FanetStressNetwork.uav[6].app.debugTimer -- check module destructor
undisposed object: (omnetpp::cMessage) FanetStressNetwork.uav[7].app.debugTimer -- check module destructor
undisposed object: (omnetpp::cMessage) FanetStressNetwork.uav[8].app.debugTimer -- check module destructor
undisposed object: (omnetpp::cMessage) FanetStressNetwork.uav[9].app.debugTimer -- check module destructor
undisposed object: (omnetpp::cMessage) FanetStressNetwork.uav[10].app.debugTimer -- check module destructor
undisposed object: (omnetpp::cMessage) FanetStressNetwork.uav[11].app.debugTimer -- check module destructor
undisposed object: (omnetpp::cMessage) FanetStressNetwork.uav[12].app.debugTimer -- check module destructor
undisposed object: (omnetpp::cMessage) FanetStressNetwork.uav[13].app.debugTimer -- check module destructor
undisposed object: (omnetpp::cMessage) FanetStressNetwork.uav[14].app.debugTimer -- check module destructor
undisposed object: (omnetpp::cMessage) FanetStressNetwork.uav[15].app.debugTimer -- check module destructor
undisposed object: (omnetpp::cMessage) FanetStressNetwork.uav[16].app.debugTimer -- check module destructor
undisposed object: (omnetpp::cMessage) FanetStressNetwork.uav[17].app.debugTimer -- check module destructor
undisposed object: (omnetpp::cMessage) FanetStressNetwork.uav[18].app.debugTimer -- check module destructor
undisposed object: (omnetpp::cMessage) FanetStressNetwork.uav[19].app.debugTimer -- check module destructor
undisposed object: (omnetpp::cMessage) FanetStressNetwork.uav[20].app.debugTimer -- check module destructor
undisposed object: (omnetpp::cMessage) FanetStressNetwork.uav[21].app.debugTimer -- check module destructor
undisposed object: (omnetpp::cMessage) FanetStressNetwork.uav[22].app.debugTimer -- check module destructor
undisposed object: (omnetpp::cMessage) FanetStressNetwork.uav[23].app.debugTimer -- check module destructor
undisposed object: (omnetpp::cMessage) FanetStressNetwork.uav[24].app.debugTimer -- check module destructor
undisposed object: (omnetpp::cMessage) FanetStressNetwork.uav[25].app.debugTimer -- check module destructor
undisposed object: (omnetpp::cMessage) FanetStressNetwork.uav[26].app.debugTimer -- check module destructor
undisposed object: (omnetpp::cMessage) FanetStressNetwork.uav[27].app.debugTimer -- check module destructor
undisposed object: (omnetpp::cMessage) FanetStressNetwork.uav[28].app.debugTimer -- check module destructor
undisposed object: (omnetpp::cMessage) FanetStressNetwork.uav[29].app.debugTimer -- check module destructor
