** Event #0   t=0   Elapsed: 7e-06s (0m 00s)  0% completed  (50% total)
     Speed:     ev/sec=0   simsec/sec=0   ev/simsec=0
     Messages:  created: 1081   present: 1081   in FES: 161
** Event #56320   t=6.072047476419   Elapsed: 2.00144s (0m 02s)  1% completed  (50% total)
     Speed:     ev/sec=28140.3   simsec/sec=3.03385   ev/simsec=9275.45
     Messages:  created: 48249   present: 1089   in FES: 118
** Event #102400   t=11.02736950896   Elapsed: 4.0022s (0m 04s)  2% completed  (51% total)
     Speed:     ev/sec=23031.2   simsec/sec=2.47672   ev/simsec=9299.09
     Messages:  created: 84966   present: 1113   in FES: 126
** Event #145920   t=15.530521406345   Elapsed: 6.01057s (0m 06s)  3% completed  (51% total)
     Speed:     ev/sec=21669.4   simsec/sec=2.2422   ev/simsec=9664.34
     Messages:  created: 119583   present: 1105   in FES: 122
** Event #189696   t=20.047820460868   Elapsed: 8.01393s (0m 08s)  4% completed  (52% total)
     Speed:     ev/sec=21851.2   simsec/sec=2.25486   ev/simsec=9690.75
     Messages:  created: 154692   present: 1095   in FES: 120
** Event #233472   t=24.555305289336   Elapsed: 10.0282s (0m 10s)  4% completed  (52% total)
     Speed:     ev/sec=21733.1   simsec/sec=2.2378   ev/simsec=9711.85
     Messages:  created: 189382   present: 1065   in FES: 110
** Event #280576   t=29.542529424781   Elapsed: 12.034s (0m 12s)  5% completed  (52% total)
     Speed:     ev/sec=23484.2   simsec/sec=2.48643   ev/simsec=9444.93
     Messages:  created: 226927   present: 1073   in FES: 110
** Event #326400   t=34.51883368206   Elapsed: 14.048s (0m 14s)  6% completed  (53% total)
     Speed:     ev/sec=22752.3   simsec/sec=2.47081   ev/simsec=9208.44
     Messages:  created: 263610   present: 1111   in FES: 124
** Event #367616   t=38.596041842101   Elapsed: 16.0626s (0m 16s)  7% completed  (53% total)
     Speed:     ev/sec=20458.8   simsec/sec=2.02385   ev/simsec=10108.9
     Messages:  created: 296777   present: 1090   in FES: 117
** Event #418048   t=44.083410029625   Elapsed: 18.0632s (0m 18s)  8% completed  (54% total)
     Speed:     ev/sec=25208.6   simsec/sec=2.74288   ev/simsec=9190.56
     Messages:  created: 337717   present: 1062   in FES: 107
** Event #460032   t=48.607610240748   Elapsed: 20.0658s (0m 20s)  9% completed  (54% total)
     Speed:     ev/sec=20964.1   simsec/sec=2.25909   ev/simsec=9279.87
     Messages:  created: 371785   present: 1114   in FES: 125
** Event #507136   t=54.034619497112   Elapsed: 22.0683s (0m 22s)  10% completed  (55% total)
     Speed:     ev/sec=23523.4   simsec/sec=2.71021   ev/simsec=8679.55
     Messages:  created: 410046   present: 1028   in FES: 97
** Event #554240   t=59.081917604967   Elapsed: 24.0739s (0m 24s)  11% completed  (55% total)
     Speed:     ev/sec=23485.3   simsec/sec=2.5165   ev/simsec=9332.52
     Messages:  created: 448800   present: 1032   in FES: 97
** Event #597760   t=64.011098632216   Elapsed: 26.0763s (0m 26s)  12% completed  (56% total)
     Speed:     ev/sec=21734.5   simsec/sec=2.4617   ev/simsec=8829.05
     Messages:  created: 483922   present: 1031   in FES: 98
** Event #643584   t=68.583399905984   Elapsed: 28.0886s (0m 28s)  13% completed  (56% total)
     Speed:     ev/sec=22771.8   simsec/sec=2.27216   ev/simsec=10022.1
     Messages:  created: 520731   present: 1095   in FES: 126
** Event #683008   t=72.833950934395   Elapsed: 30.1039s (0m 30s)  14% completed  (57% total)
     Speed:     ev/sec=19562   simsec/sec=2.1091   ev/simsec=9275.03
     Messages:  created: 552023   present: 1021   in FES: 95
** Event #730624   t=78.011152632216   Elapsed: 32.1083s (0m 32s)  15% completed  (57% total)
     Speed:     ev/sec=23756.6   simsec/sec=2.58301   ev/simsec=9197.25
     Messages:  created: 590287   present: 1116   in FES: 125
** Event #776192   t=82.553348257811   Elapsed: 34.1291s (0m 34s)  16% completed  (58% total)
     Speed:     ev/sec=22548.8   simsec/sec=2.24765   ev/simsec=10032.2
     Messages:  created: 626570   present: 1110   in FES: 121
** Event #823040   t=87.529424185258   Elapsed: 36.1426s (0m 36s)  17% completed  (58% total)
     Speed:     ev/sec=23267.5   simsec/sec=2.47142   ev/simsec=9414.65
     Messages:  created: 663639   present: 1106   in FES: 126
** Event #864768   t=91.581095099707   Elapsed: 38.1444s (0m 38s)  18% completed  (59% total)
     Speed:     ev/sec=20844.7   simsec/sec=2.02396   ev/simsec=10299
     Messages:  created: 696733   present: 1111   in FES: 124
** Event #907008   t=96.034621565033   Elapsed: 40.1478s (0m 40s)  19% completed  (59% total)
     Speed:     ev/sec=21084.1   simsec/sec=2.22297   ev/simsec=9484.62
     Messages:  created: 729875   present: 1109   in FES: 126
** Event #945664   t=99.592031621989   Elapsed: 42.1568s (0m 42s)  19% completed  (59% total)
     Speed:     ev/sec=19241.4   simsec/sec=1.77073   ev/simsec=10866.3
     Messages:  created: 759690   present: 1077   in FES: 112
** Event #991488   t=103.03467507088   Elapsed: 44.1586s (0m 44s)  20% completed  (60% total)
     Speed:     ev/sec=22892.3   simsec/sec=1.71985   ev/simsec=13310.7
     Messages:  created: 802246   present: 1061   in FES: 108
** Event #1039360   t=106.022856700181   Elapsed: 46.1636s (0m 46s)  21% completed  (60% total)
     Speed:     ev/sec=23875.4   simsec/sec=1.49031   ev/simsec=16020.4
     Messages:  created: 849350   present: 1062   in FES: 109
** Event #1088000   t=108.995040982937   Elapsed: 48.1704s (0m 48s)  21% completed  (60% total)
     Speed:     ev/sec=24237.6   simsec/sec=1.48106   ev/simsec=16365.1
     Messages:  created: 898286   present: 1021   in FES: 95
** Event #1134592   t=111.679120612748   Elapsed: 50.1904s (0m 50s)  22% completed  (61% total)
     Speed:     ev/sec=23065.7   simsec/sec=1.32877   ev/simsec=17358.7
     Messages:  created: 944025   present: 1029   in FES: 109
** Event #1181696   t=114.584469534469   Elapsed: 52.2021s (0m 52s)  22% completed  (61% total)
     Speed:     ev/sec=23415.5   simsec/sec=1.44425   ev/simsec=16212.9
     Messages:  created: 991145   present: 1085   in FES: 114
** Event #1233920   t=117.813580450835   Elapsed: 54.2057s (0m 54s)  23% completed  (61% total)
     Speed:     ev/sec=26065   simsec/sec=1.61165   ev/simsec=16172.9
     Messages:  created: 1044508   present: 1026   in FES: 97
** Event #1285888   t=121.042239068355   Elapsed: 56.2107s (0m 56s)  24% completed  (62% total)
     Speed:     ev/sec=25919.4   simsec/sec=1.61031   ev/simsec=16095.8
     Messages:  created: 1097116   present: 1030   in FES: 97
** Event #1334272   t=124.077467516355   Elapsed: 58.215s (0m 58s)  24% completed  (62% total)
     Speed:     ev/sec=24139.8   simsec/sec=1.51434   ev/simsec=15940.8
     Messages:  created: 1144644   present: 1112   in FES: 126
** Event #1385472   t=127.537742230284   Elapsed: 60.219s (1m 00s)  25% completed  (62% total)
     Speed:     ev/sec=25548.3   simsec/sec=1.72664   ev/simsec=14796.5
     Messages:  created: 1195466   present: 1091   in FES: 118
** Event #1432576   t=130.563848285338   Elapsed: 62.2367s (1m 02s)  26% completed  (63% total)
     Speed:     ev/sec=23346   simsec/sec=1.49982   ev/simsec=15565.9
     Messages:  created: 1242031   present: 1117   in FES: 126
** Event #1486080   t=134.083409621394   Elapsed: 64.2373s (1m 04s)  26% completed  (63% total)
     Speed:     ev/sec=26743.5   simsec/sec=1.75922   ev/simsec=15201.9
     Messages:  created: 1295465   present: 1080   in FES: 113
** Event #1536768   t=137.576832133433   Elapsed: 66.2538s (1m 06s)  27% completed  (63% total)
     Speed:     ev/sec=25136.5   simsec/sec=1.73241   ev/simsec=14509.6
     Messages:  created: 1346286   present: 1093   in FES: 126
** Event #1583104   t=141.00330415095   Elapsed: 68.255s (1m 08s)  28% completed  (64% total)
     Speed:     ev/sec=23154.4   simsec/sec=1.71223   ev/simsec=13522.9
     Messages:  created: 1391594   present: 1095   in FES: 120
** Event #1636096   t=144.552196018379   Elapsed: 70.2601s (1m 10s)  28% completed  (64% total)
     Speed:     ev/sec=26428.5   simsec/sec=1.76992   ev/simsec=14932
     Messages:  created: 1442354   present: 1086   in FES: 117
** Event #1681920   t=147.596831350281   Elapsed: 72.2839s (1m 12s)  29% completed  (64% total)
     Speed:     ev/sec=22642.9   simsec/sec=1.50444   ev/simsec=15050.7
     Messages:  created: 1485835   present: 1073   in FES: 108
** Event #1733120   t=151.505598073522   Elapsed: 74.29s (1m 14s)  30% completed  (65% total)
     Speed:     ev/sec=25521.4   simsec/sec=1.94838   ev/simsec=13098.8
     Messages:  created: 1534545   present: 1093   in FES: 120
** Event #1776896   t=154.543108835188   Elapsed: 76.2948s (1m 16s)  30% completed  (65% total)
     Speed:     ev/sec=21836.4   simsec/sec=1.51518   ev/simsec=14411.8
     Messages:  created: 1575867   present: 1105   in FES: 126
** Event #1821696   t=157.574010161797   Elapsed: 78.2997s (1m 18s)  31% completed  (65% total)
     Speed:     ev/sec=22345.3   simsec/sec=1.51175   ev/simsec=14781.1
     Messages:  created: 1619186   present: 1079   in FES: 114
** Event #1873920   t=161.096300902984   Elapsed: 80.3027s (1m 20s)  32% completed  (66% total)
     Speed:     ev/sec=26072.4   simsec/sec=1.75847   ev/simsec=14826.7
     Messages:  created: 1670000   present: 1101   in FES: 126
** Event #1926144   t=164.583286623544   Elapsed: 82.3221s (1m 22s)  32% completed  (66% total)
     Speed:     ev/sec=25861.7   simsec/sec=1.72678   ev/simsec=14976.8
     Messages:  created: 1721779   present: 1099   in FES: 126
** Event #1982208   t=168.524302901719   Elapsed: 84.3244s (1m 24s)  33% completed  (66% total)
     Speed:     ev/sec=27999.5   simsec/sec=1.96822   ev/simsec=14225.8
     Messages:  created: 1778829   present: 1061   in FES: 108
** Event #2033664   t=172.036367373154   Elapsed: 86.3258s (1m 26s)  34% completed  (67% total)
     Speed:     ev/sec=25709.7   simsec/sec=1.75479   ev/simsec=14651.2
     Messages:  created: 1831104   present: 1098   in FES: 126
** Event #2083840   t=175.562321110923   Elapsed: 88.3408s (1m 28s)  35% completed  (67% total)
     Speed:     ev/sec=24901.4   simsec/sec=1.74986   ev/simsec=14230.5
     Messages:  created: 1880721   present: 1061   in FES: 106
** Event #2134272   t=179.091940562294   Elapsed: 90.3445s (1m 30s)  35% completed  (67% total)
     Speed:     ev/sec=25169.6   simsec/sec=1.76156   ev/simsec=14288.2
     Messages:  created: 1930905   present: 1105   in FES: 120
** Event #2183680   t=182.59903969307   Elapsed: 92.3526s (1m 32s)  36% completed  (68% total)
     Speed:     ev/sec=24603.9   simsec/sec=1.74644   ev/simsec=14088
     Messages:  created: 1979798   present: 1131   in FES: 127
** Event #2238208   t=186.585761993229   Elapsed: 94.3605s (1m 34s)  37% completed  (68% total)
     Speed:     ev/sec=27156.9   simsec/sec=1.98553   ev/simsec=13677.4
     Messages:  created: 2033797   present: 1084   in FES: 117
** Event #2291968   t=190.540159165623   Elapsed: 96.364s (1m 36s)  38% completed  (69% total)
     Speed:     ev/sec=26832.6   simsec/sec=1.97371   ev/simsec=13595
     Messages:  created: 2087017   present: 1065   in FES: 108
** Event #2345728   t=194.517206098186   Elapsed: 98.3666s (1m 38s)  38% completed  (69% total)
     Speed:     ev/sec=26845.2   simsec/sec=1.98595   ev/simsec=13517.6
     Messages:  created: 2140882   present: 1067   in FES: 110
** Event #2401536   t=198.541184807607   Elapsed: 100.376s (1m 40s)  39% completed  (69% total)
     Speed:     ev/sec=27769.9   simsec/sec=2.00232   ev/simsec=13868.9
     Messages:  created: 2196326   present: 1068   in FES: 111
** Event #2457600   t=202.515197478665   Elapsed: 102.383s (1m 42s)  40% completed  (70% total)
     Speed:     ev/sec=27944.7   simsec/sec=1.98082   ev/simsec=14107.7
     Messages:  created: 2252496   present: 1093   in FES: 118
** Event #2511872   t=206.096355367103   Elapsed: 104.383s (1m 44s)  41% completed  (70% total)
     Speed:     ev/sec=27127.5   simsec/sec=1.79002   ev/simsec=15154.9
     Messages:  created: 2306022   present: 1069   in FES: 108
** Event #2559744   t=209.549214557973   Elapsed: 106.409s (1m 46s)  41% completed  (70% total)
     Speed:     ev/sec=23629.5   simsec/sec=1.70432   ev/simsec=13864.5
     Messages:  created: 2352766   present: 1077   in FES: 110
** Event #2606080   t=212.599040475729   Elapsed: 108.427s (1m 48s)  42% completed  (71% total)
     Speed:     ev/sec=22966.3   simsec/sec=1.51163   ev/simsec=15193
     Messages:  created: 2397919   present: 1098   in FES: 127
** Event #2650368   t=215.84135499713   Elapsed: 110.428s (1m 50s)  43% completed  (71% total)
     Speed:     ev/sec=22130.1   simsec/sec=1.62014   ev/simsec=13659.4
     Messages:  created: 2440103   present: 1022   in FES: 96
** Event #2700544   t=219.503673651308   Elapsed: 112.428s (1m 52s)  43% completed  (71% total)
     Speed:     ev/sec=25086.3   simsec/sec=1.83103   ev/simsec=13700.6
     Messages:  created: 2487295   present: 1084   in FES: 117
** Event #2744320   t=222.53238574793   Elapsed: 114.429s (1m 54s)  44% completed  (72% total)
     Speed:     ev/sec=21879.9   simsec/sec=1.5138   ev/simsec=14453.7
     Messages:  created: 2528099   present: 1052   in FES: 105
** Event #2788864   t=225.547422023988   Elapsed: 116.442s (1m 56s)  45% completed  (72% total)
     Speed:     ev/sec=22127.2   simsec/sec=1.49771   ev/simsec=14774
     Messages:  created: 2569540   present: 1036   in FES: 97
** Event #2835456   t=228.565409349256   Elapsed: 118.447s (1m 58s)  45% completed  (72% total)
     Speed:     ev/sec=23235.7   simsec/sec=1.50509   ev/simsec=15438.1
     Messages:  created: 2614129   present: 1092   in FES: 117
** Event #2883584   t=231.929129415555   Elapsed: 120.452s (2m 00s)  46% completed  (73% total)
     Speed:     ev/sec=24008.3   simsec/sec=1.67797   ev/simsec=14308
     Messages:  created: 2660703   present: 1087   in FES: 151
** Event #2935296   t=235.099041181627   Elapsed: 122.452s (2m 02s)  47% completed  (73% total)
     Speed:     ev/sec=25850.6   simsec/sec=1.58463   ev/simsec=16313.4
     Messages:  created: 2709752   present: 1070   in FES: 127
** Event #2986496   t=238.513230679047   Elapsed: 124.455s (2m 04s)  47% completed  (73% total)
     Speed:     ev/sec=25558.6   simsec/sec=1.70433   ev/simsec=14996.2
     Messages:  created: 2760844   present: 1051   in FES: 104
** Event #3036672   t=241.524380782609   Elapsed: 126.464s (2m 06s)  48% completed  (74% total)
     Speed:     ev/sec=24982.5   simsec/sec=1.49924   ev/simsec=16663.4
     Messages:  created: 2811079   present: 1116   in FES: 125
** Event #3082240   t=244.514236546754   Elapsed: 128.488s (2m 08s)  48% completed  (74% total)
     Speed:     ev/sec=22512.7   simsec/sec=1.47713   ev/simsec=15240.9
     Messages:  created: 2854729   present: 1114   in FES: 125
** Event #3124224   t=247.091358364003   Elapsed: 130.493s (2m 10s)  49% completed  (74% total)
     Speed:     ev/sec=20944   simsec/sec=1.28561   ev/simsec=16291
     Messages:  created: 2894518   present: 1120   in FES: 126
** Event #3173888   t=250.512100261163   Elapsed: 132.502s (2m 12s)  50% completed  (75% total)
     Speed:     ev/sec=24719.2   simsec/sec=1.7026   ev/simsec=14518.5
     Messages:  created: 2942512   present: 1106   in FES: 126
** Event #3220224   t=253.341623302124   Elapsed: 134.502s (2m 14s)  50% completed  (75% total)
     Speed:     ev/sec=23167.2   simsec/sec=1.41471   ev/simsec=16375.9
     Messages:  created: 2987551   present: 1087   in FES: 118
** Event #3267328   t=256.396571770964   Elapsed: 136.506s (2m 16s)  51% completed  (75% total)
     Speed:     ev/sec=23500.3   simsec/sec=1.52412   ev/simsec=15418.9
     Messages:  created: 3034278   present: 1021   in FES: 95
** Event #3315712   t=259.543460480831   Elapsed: 138.521s (2m 18s)  51% completed  (75% total)
     Speed:     ev/sec=24011.4   simsec/sec=1.5617   ev/simsec=15375.2
     Messages:  created: 3082245   present: 1116   in FES: 125
** Event #3366912   t=262.592115424948   Elapsed: 140.522s (2m 20s)  52% completed  (76% total)
     Speed:     ev/sec=25592.8   simsec/sec=1.5239   ev/simsec=16794.3
     Messages:  created: 3133673   present: 1096   in FES: 127
** Event #3424000   t=266.09635472621   Elapsed: 142.523s (2m 22s)  53% completed  (76% total)
     Speed:     ev/sec=28529.2   simsec/sec=1.75121   ev/simsec=16291.1
     Messages:  created: 3191644   present: 1102   in FES: 119
** Event #3475456   t=269.522268461109   Elapsed: 144.526s (2m 24s)  53% completed  (76% total)
     Speed:     ev/sec=25691.9   simsec/sec=1.71056   ev/simsec=15019.6
     Messages:  created: 3244434   present: 1116   in FES: 126
** Event #3524352   t=272.545448417259   Elapsed: 146.531s (2m 26s)  54% completed  (77% total)
     Speed:     ev/sec=24379.5   simsec/sec=1.50736   ev/simsec=16173.7
     Messages:  created: 3293717   present: 1118   in FES: 125
** Event #3574784   t=275.929274117155   Elapsed: 148.532s (2m 28s)  55% completed  (77% total)
     Speed:     ev/sec=25199.8   simsec/sec=1.69082   ev/simsec=14903.8
     Messages:  created: 3344400   present: 1094   in FES: 126
** Event #3630336   t=279.569235422821   Elapsed: 150.533s (2m 30s)  55% completed  (77% total)
     Speed:     ev/sec=27774.7   simsec/sec=1.81989   ev/simsec=15261.7
     Messages:  created: 3399923   present: 1084   in FES: 115
** Event #3685632   t=283.514368075423   Elapsed: 152.538s (2m 32s)  56% completed  (78% total)
     Speed:     ev/sec=27574.5   simsec/sec=1.96733   ev/simsec=14016.3
     Messages:  created: 3454631   present: 1106   in FES: 123
** Event #3734016   t=286.813849194781   Elapsed: 154.538s (2m 34s)  57% completed  (78% total)
     Speed:     ev/sec=24191.3   simsec/sec=1.64969   ev/simsec=14664.1
     Messages:  created: 3501767   present: 1076   in FES: 113
** Event #3790592   t=290.84992261116   Elapsed: 156.538s (2m 36s)  58% completed  (79% total)
     Speed:     ev/sec=28285.1   simsec/sec=2.01783   ev/simsec=14017.6
     Messages:  created: 3557546   present: 1107   in FES: 122
** Event #3846144   t=295.002551988377   Elapsed: 158.538s (2m 38s)  59% completed  (79% total)
     Speed:     ev/sec=27775.6   simsec/sec=2.07628   ev/simsec=13377.5
     Messages:  created: 3612587   present: 1038   in FES: 101
** Event #3900416   t=298.584591664664   Elapsed: 160.544s (2m 40s)  59% completed  (79% total)
     Speed:     ev/sec=27058   simsec/sec=1.78587   ev/simsec=15151.1
     Messages:  created: 3667500   present: 1028   in FES: 97
** Event #3955200   t=302.342426016676   Elapsed: 162.546s (2m 42s)  60% completed  (80% total)
     Speed:     ev/sec=27364.4   simsec/sec=1.87702   ev/simsec=14578.6
     Messages:  created: 3724503   present: 1097   in FES: 142
** Event #4015104   t=306.505658158516   Elapsed: 164.554s (2m 44s)  61% completed  (80% total)
     Speed:     ev/sec=29828.7   simsec/sec=2.07305   ev/simsec=14388.8
     Messages:  created: 3787711   present: 1069   in FES: 112
** Event #4069888   t=310.50935658471   Elapsed: 166.563s (2m 46s)  62% completed  (81% total)
     Speed:     ev/sec=27272   simsec/sec=1.99308   ev/simsec=13683.3
     Messages:  created: 3844304   present: 1082   in FES: 115
** Event #4127744   t=314.551171893267   Elapsed: 168.583s (2m 48s)  62% completed  (81% total)
     Speed:     ev/sec=28641.3   simsec/sec=2.00088   ev/simsec=14314.4
     Messages:  created: 3903288   present: 1110   in FES: 123
** Event #4184064   t=318.522906216356   Elapsed: 170.594s (2m 50s)  63% completed  (81% total)
     Speed:     ev/sec=28013.3   simsec/sec=1.97552   ev/simsec=14180.2
     Messages:  created: 3960572   present: 1118   in FES: 125
** Event #4232960   t=321.841579033015   Elapsed: 172.598s (2m 52s)  64% completed  (82% total)
     Speed:     ev/sec=24396.8   simsec/sec=1.65586   ev/simsec=14733.6
     Messages:  created: 4010028   present: 1064   in FES: 123
** Event #4285952   t=325.544132775267   Elapsed: 174.603s (2m 54s)  65% completed  (82% total)
     Speed:     ev/sec=26424   simsec/sec=1.84624   ev/simsec=14312.3
     Messages:  created: 4062838   present: 1101   in FES: 120
** Event #4333056   t=328.609603790518   Elapsed: 176.608s (2m 56s)  65% completed  (82% total)
     Speed:     ev/sec=23493.2   simsec/sec=1.52891   ev/simsec=15366
     Messages:  created: 4108385   present: 1066   in FES: 107
** Event #4382976   t=332.098445949072   Elapsed: 178.612s (2m 58s)  66% completed  (83% total)
     Speed:     ev/sec=24908.6   simsec/sec=1.74083   ev/simsec=14308.5
     Messages:  created: 4156495   present: 1114   in FES: 126
** Event #4431104   t=335.55458717681   Elapsed: 180.619s (3m 00s)  67% completed  (83% total)
     Speed:     ev/sec=23988.3   simsec/sec=1.72263   ev/simsec=13925.4
     Messages:  created: 4202884   present: 1042   in FES: 124
** Event #4475904   t=338.583862824613   Elapsed: 182.625s (3m 02s)  67% completed  (83% total)
     Speed:     ev/sec=22329.9   simsec/sec=1.5099   ev/simsec=14789
     Messages:  created: 4245925   present: 1113   in FES: 126
** Event #4522752   t=341.59903969307   Elapsed: 184.629s (3m 04s)  68% completed  (84% total)
     Speed:     ev/sec=23373.9   simsec/sec=1.50436   ev/simsec=15537.4
     Messages:  created: 4292271   present: 1129   in FES: 127
** Event #4576256   t=345.129805884623   Elapsed: 186.632s (3m 06s)  69% completed  (84% total)
     Speed:     ev/sec=26714.6   simsec/sec=1.76291   ev/simsec=15153.7
     Messages:  created: 4345474   present: 1021   in FES: 95
** Event #4626176   t=348.585938253454   Elapsed: 188.635s (3m 08s)  69% completed  (84% total)
     Speed:     ev/sec=24919.9   simsec/sec=1.72529   ev/simsec=14443.9
     Messages:  created: 4395739   present: 1102   in FES: 121
** Event #4681216   t=352.516356873492   Elapsed: 190.655s (3m 10s)  70% completed  (85% total)
     Speed:     ev/sec=27244.6   simsec/sec=1.94554   ev/simsec=14003.6
     Messages:  created: 4451721   present: 1068   in FES: 111
** Event #4737792   t=356.304585376202   Elapsed: 192.659s (3m 12s)  71% completed  (85% total)
     Speed:     ev/sec=28236.5   simsec/sec=1.89067   ev/simsec=14934.7
     Messages:  created: 4508324   present: 1109   in FES: 127
** Event #4788992   t=359.591589347298   Elapsed: 194.667s (3m 14s)  71% completed  (85% total)
     Speed:     ev/sec=25494.4   simsec/sec=1.63672   ev/simsec=15576.5
     Messages:  created: 4560052   present: 1115   in FES: 142
** Event #4839680   t=362.929975588471   Elapsed: 196.674s (3m 16s)  72% completed  (86% total)
     Speed:     ev/sec=25265.5   simsec/sec=1.66403   ev/simsec=15183.4
     Messages:  created: 4612203   present: 1107   in FES: 127
** Event #4896512   t=366.304632075894   Elapsed: 198.677s (3m 18s)  73% completed  (86% total)
     Speed:     ev/sec=28367   simsec/sec=1.68442   ev/simsec=16840.8
     Messages:  created: 4670342   present: 1061   in FES: 108
** Event #4950784   t=369.586408172603   Elapsed: 200.685s (3m 20s)  73% completed  (86% total)
     Speed:     ev/sec=27029.8   simsec/sec=1.63446   ev/simsec=16537.4
     Messages:  created: 4725808   present: 1094   in FES: 117
** Event #5010688   t=373.5241932996   Elapsed: 202.692s (3m 22s)  74% completed  (87% total)
     Speed:     ev/sec=29844.5   simsec/sec=1.96183   ev/simsec=15212.6
     Messages:  created: 4787139   present: 1112   in FES: 123
** Event #5063680   t=376.584243674792   Elapsed: 204.697s (3m 24s)  75% completed  (87% total)
     Speed:     ev/sec=26427.6   simsec/sec=1.52607   ev/simsec=17317.4
     Messages:  created: 4842140   present: 1073   in FES: 112
** Event #5113088   t=379.61035565879   Elapsed: 206.712s (3m 26s)  75% completed  (87% total)
     Speed:     ev/sec=24524.8   simsec/sec=1.50208   ev/simsec=16327.2
     Messages:  created: 4892557   present: 1085   in FES: 126
** Event #5170432   t=383.504424622949   Elapsed: 208.722s (3m 28s)  76% completed  (88% total)
     Speed:     ev/sec=28532.1   simsec/sec=1.93754   ev/simsec=14726
     Messages:  created: 4951475   present: 1054   in FES: 107
** Event #5224704   t=386.600669243207   Elapsed: 210.737s (3m 30s)  77% completed  (88% total)
     Speed:     ev/sec=26925.5   simsec/sec=1.53611   ev/simsec=17528.3
     Messages:  created: 5007923   present: 1095   in FES: 114
** Event #5285632   t=390.551360485718   Elapsed: 212.739s (3m 32s)  78% completed  (89% total)
     Speed:     ev/sec=30443.6   simsec/sec=1.97402   ev/simsec=15422.1
     Messages:  created: 5071767   present: 1089   in FES: 116
** Event #5353216   t=394.929954947779   Elapsed: 214.741s (3m 34s)  78% completed  (89% total)
     Speed:     ev/sec=33747.6   simsec/sec=2.18642   ev/simsec=15435.1
     Messages:  created: 5143511   present: 1116   in FES: 128
** Event #5425408   t=399.554364189508   Elapsed: 216.752s (3m 36s)  79% completed  (89% total)
     Speed:     ev/sec=35901.2   simsec/sec=2.29973   ev/simsec=15611.1
     Messages:  created: 5219655   present: 1097   in FES: 126
** Event #5487872   t=403.551200499007   Elapsed: 218.756s (3m 38s)  80% completed  (90% total)
     Speed:     ev/sec=31172.8   simsec/sec=1.99463   ev/simsec=15628.4
     Messages:  created: 5285448   present: 1068   in FES: 109
** Event #5552896   t=407.59904128456   Elapsed: 220.768s (3m 40s)  81% completed  (90% total)
     Speed:     ev/sec=32320.2   simsec/sec=2.01198   ev/simsec=16063.9
     Messages:  created: 5354476   present: 1102   in FES: 128
** Event #5619712   t=412.02121321047   Elapsed: 222.769s (3m 42s)  82% completed  (91% total)
     Speed:     ev/sec=33394.3   simsec/sec=2.21018   ev/simsec=15109.3
     Messages:  created: 5425458   present: 1111   in FES: 126
** Event #5680896   t=415.679129506216   Elapsed: 224.774s (3m 44s)  83% completed  (91% total)
     Speed:     ev/sec=30512.6   simsec/sec=1.82421   ev/simsec=16726.5
     Messages:  created: 5489305   present: 1092   in FES: 145
** Event #5748736   t=419.554363218835   Elapsed: 226.794s (3m 46s)  83% completed  (91% total)
     Speed:     ev/sec=33574   simsec/sec=1.91785   ev/simsec=17506
     Messages:  created: 5561646   present: 1089   in FES: 126
** Event #5816832   t=423.591587510815   Elapsed: 228.798s (3m 48s)  84% completed  (92% total)
     Speed:     ev/sec=33986.1   simsec/sec=2.01494   ev/simsec=16867
     Messages:  created: 5633352   present: 1031   in FES: 116
** Event #5887232   t=428.064766367356   Elapsed: 230.802s (3m 50s)  85% completed  (92% total)
     Speed:     ev/sec=35130   simsec/sec=2.23214   ev/simsec=15738.2
     Messages:  created: 5706899   present: 1106   in FES: 121
** Event #5952256   t=432.098499274807   Elapsed: 232.807s (3m 52s)  86% completed  (93% total)
     Speed:     ev/sec=32439.6   simsec/sec=2.01238   ev/simsec=16120.1
     Messages:  created: 5773752   present: 1107   in FES: 122
** Event #6014720   t=436.059381234579   Elapsed: 234.811s (3m 54s)  87% completed  (93% total)
     Speed:     ev/sec=31162.1   simsec/sec=1.97601   ev/simsec=15770.2
     Messages:  created: 5838084   present: 1065   in FES: 106
** Event #6081024   t=440.064244745016   Elapsed: 236.815s (3m 56s)  88% completed  (94% total)
     Speed:     ev/sec=33093.6   simsec/sec=1.9989   ev/simsec=16555.9
     Messages:  created: 5907061   present: 1134   in FES: 143
** Event #6148096   t=444.072886404475   Elapsed: 238.815s (3m 58s)  88% completed  (94% total)
     Speed:     ev/sec=33526.4   simsec/sec=2.00375   ev/simsec=16731.9
     Messages:  created: 5976820   present: 1094   in FES: 115
** Event #6215168   t=448.504361049047   Elapsed: 240.82s (4m 00s)  89% completed  (94% total)
     Speed:     ev/sec=33448.4   simsec/sec=2.20995   ev/simsec=15135.4
     Messages:  created: 6046173   present: 1060   in FES: 109
** Event #6280704   t=452.536473916349   Elapsed: 242.824s (4m 02s)  90% completed  (95% total)
     Speed:     ev/sec=32715.3   simsec/sec=2.01281   ev/simsec=16253.5
     Messages:  created: 6114110   present: 1063   in FES: 108
** Event #6342912   t=456.554586788074   Elapsed: 244.827s (4m 04s)  91% completed  (95% total)
     Speed:     ev/sec=31043.3   simsec/sec=2.00514   ev/simsec=15481.9
     Messages:  created: 6176878   present: 1086   in FES: 128
** Event #6406400   t=460.58846170335   Elapsed: 246.829s (4m 06s)  92% completed  (96% total)
     Speed:     ev/sec=31714.4   simsec/sec=2.01506   ev/simsec=15738.7
     Messages:  created: 6241561   present: 1107   in FES: 120
** Event #6470400   t=464.664313785441   Elapsed: 248.838s (4m 08s)  92% completed  (96% total)
     Speed:     ev/sec=31862.2   simsec/sec=2.02915   ev/simsec=15702.2
     Messages:  created: 6307159   present: 1021   in FES: 95
** Event #6536960   t=469.05569343558   Elapsed: 250.839s (4m 10s)  93% completed  (96% total)
     Speed:     ev/sec=33262.7   simsec/sec=2.19455   ev/simsec=15157
     Messages:  created: 6376616   present: 1126   in FES: 126
** Event #6607616   t=473.578770113301   Elapsed: 252.841s (4m 12s)  94% completed  (97% total)
     Speed:     ev/sec=35295.4   simsec/sec=2.25945   ev/simsec=15621.2
     Messages:  created: 6451129   present: 1096   in FES: 121
** Event #6681856   t=477.555148592703   Elapsed: 254.843s (4m 14s)  95% completed  (97% total)
     Speed:     ev/sec=37086.4   simsec/sec=1.98639   ev/simsec=18670.3
     Messages:  created: 6532881   present: 1062   in FES: 105
** Event #6754560   t=482.513435893685   Elapsed: 256.857s (4m 16s)  96% completed  (98% total)
     Speed:     ev/sec=36091.9   simsec/sec=2.46141   ev/simsec=14663.1
     Messages:  created: 6609295   present: 1028   in FES: 97
** Event #6829824   t=487.092719860067   Elapsed: 258.861s (4m 18s)  97% completed  (98% total)
     Speed:     ev/sec=37560.3   simsec/sec=2.28528   ev/simsec=16435.8
     Messages:  created: 6688066   present: 1081   in FES: 112
** Event #6902272   t=492.082343003759   Elapsed: 260.864s (4m 20s)  98% completed  (99% total)
     Speed:     ev/sec=36174.2   simsec/sec=2.49138   ev/simsec=14519.7
     Messages:  created: 6763659   present: 1029   in FES: 98
** Event #6979840   t=497.31451291546   Elapsed: 262.864s (4m 22s)  99% completed  (99% total)
     Speed:     ev/sec=38777   simsec/sec=2.61562   ev/simsec=14825.2
     Messages:  created: 6846240   present: 1109   in FES: 140
** Event #7020507   t=500   Elapsed: 263.898s (4m 23s)  100% completed  (100% total)
     Speed:     ev/sec=39329.9   simsec/sec=2.58717   ev/simsec=15201.9
     Messages:  created: 6890777   present: 1021   in FES: 95

<!> Simulation time limit reached -- at t=500s, event #7020507
undisposed object: (omnetpp::cMessage) FanetStressNetwork.uav[0].app.debugTimer -- check module destructor
undisposed object: (omnetpp::cMessage) FanetStressNetwork.uav[1].app.debugTimer -- check module destructor
undisposed object: (omnetpp::cMessage) FanetStressNetwork.uav[2].app.debugTimer -- check module destructor
undisposed object: (omnetpp::cMessage) FanetStressNetwork.uav[3].app.debugTimer -- check module destructor
undisposed object: (omnetpp::cMessage) FanetStressNetwork.uav[4].app.debugTimer -- check module destructor
undisposed object: (omnetpp::cMessage) FanetStressNetwork.uav[5].app.debugTimer -- check module destructor
undisposed object: (omnetpp::cMessage) FanetStressNetwork.uav[6].app.debugTimer -- check module destructor
undisposed object: (omnetpp::cMessage) FanetStressNetwork.uav[7].app.debugTimer -- check module destructor
undisposed object: (omnetpp::cMessage) FanetStressNetwork.uav[8].app.debugTimer -- check module destructor
undisposed object: (omnetpp::cMessage) FanetStressNetwork.uav[9].app.debugTimer -- check module destructor
undisposed object: (omnetpp::cMessage) FanetStressNetwork.uav[10].app.debugTimer -- check module destructor
undisposed object: (omnetpp::cMessage) FanetStressNetwork.uav[11].app.debugTimer -- check module destructor
undisposed object: (omnetpp::cMessage) FanetStressNetwork.uav[12].app.debugTimer -- check module destructor
undisposed object: (omnetpp::cMessage) FanetStressNetwork.uav[13].app.debugTimer -- check module destructor
undisposed object: (omnetpp::cMessage) FanetStressNetwork.uav[14].app.debugTimer -- check module destructor
undisposed object: (omnetpp::cMessage) FanetStressNetwork.uav[15].app.debugTimer -- check module destructor
undisposed object: (omnetpp::cMessage) FanetStressNetwork.uav[16].app.debugTimer -- check module destructor
undisposed object: (omnetpp::cMessage) FanetStressNetwork.uav[17].app.debugTimer -- check module destructor
undisposed object: (omnetpp::cMessage) FanetStressNetwork.uav[18].app.debugTimer -- check module destructor
undisposed object: (omnetpp::cMessage) FanetStressNetwork.uav[19].app.debugTimer -- check module destructor
undisposed object: (omnetpp::cMessage) FanetStressNetwork.uav[20].app.debugTimer -- check module destructor
undisposed object: (omnetpp::cMessage) FanetStressNetwork.uav[21].app.debugTimer -- check module destructor
undisposed object: (omnetpp::cMessage) FanetStressNetwork.uav[22].app.debugTimer -- check module destructor
undisposed object: (omnetpp::cMessage) FanetStressNetwork.uav[23].app.debugTimer -- check module destructor
undisposed object: (omnetpp::cMessage) FanetStressNetwork.uav[24].app.debugTimer -- check module destructor
undisposed object: (omnetpp::cMessage) FanetStressNetwork.uav[25].app.debugTimer -- check module destructor
undisposed object: (omnetpp::cMessage) FanetStressNetwork.uav[26].app.debugTimer -- check module destructor
undisposed object: (omnetpp::cMessage) FanetStressNetwork.uav[27].app.debugTimer -- check module destructor
undisposed object: (omnetpp::cMessage) FanetStressNetwork.uav[28].app.debugTimer -- check module destructor
undisposed object: (omnetpp::cMessage) FanetStressNetwork.uav[29].app.debugTimer -- check module destructor
