** Event #0   t=0   Elapsed: 2e-05s (0m 00s)  0% completed  (0% total)
     Speed:     ev/sec=0   simsec/sec=0   ev/simsec=0
     Messages:  created: 1081   present: 1081   in FES: 161
** Event #44544   t=4.513051706349   Elapsed: 2.00745s (0m 02s)  0% completed  (0% total)
     Speed:     ev/sec=22190.1   simsec/sec=2.24817   ev/simsec=9870.26
     Messages:  created: 36538   present: 1109   in FES: 124
** Event #76800   t=7.525101700759   Elapsed: 4.04038s (0m 04s)  1% completed  (0% total)
     Speed:     ev/sec=15866.7   simsec/sec=1.48163   ev/simsec=10709
     Messages:  created: 61587   present: 1042   in FES: 97
** Event #105216   t=10.076168498964   Elapsed: 6.0404s (0m 06s)  2% completed  (1% total)
     Speed:     ev/sec=14207.8   simsec/sec=1.27552   ev/simsec=11138.9
     Messages:  created: 83319   present: 1108   in FES: 121
** Event #136704   t=13.507089724198   Elapsed: 8.04834s (0m 08s)  2% completed  (1% total)
     Speed:     ev/sec=15681.8   simsec/sec=1.70868   ev/simsec=9177.71
     Messages:  created: 107690   present: 1081   in FES: 116
** Event #162560   t=15.600376832706   Elapsed: 10.0586s (0m 10s)  3% completed  (1% total)
     Speed:     ev/sec=12861.9   simsec/sec=1.04129   ev/simsec=12351.9
     Messages:  created: 127467   present: 1103   in FES: 122
** Event #193024   t=18.590456851578   Elapsed: 12.0794s (0m 12s)  3% completed  (1% total)
     Speed:     ev/sec=15075.5   simsec/sec=1.47968   ev/simsec=10188.4
     Messages:  created: 151099   present: 1061   in FES: 106
** Event #229376   t=22.537156814901   Elapsed: 14.0975s (0m 14s)  4% completed  (2% total)
     Speed:     ev/sec=18012.9   simsec/sec=1.95565   ev/simsec=9210.73
     Messages:  created: 179529   present: 1114   in FES: 126
** Event #261632   t=25.584293539564   Elapsed: 16.1168s (0m 16s)  5% completed  (2% total)
     Speed:     ev/sec=15973.5   simsec/sec=1.50898   ev/simsec=10585.7
     Messages:  created: 204988   present: 1111   in FES: 124
** Event #296704   t=29.52263528988   Elapsed: 18.1335s (0m 18s)  5% completed  (2% total)
     Speed:     ev/sec=17391.1   simsec/sec=1.95289   ev/simsec=8905.27
     Messages:  created: 232828   present: 1116   in FES: 125
** Event #327680   t=32.556492094925   Elapsed: 20.1339s (0m 20s)  6% completed  (3% total)
     Speed:     ev/sec=15484.8   simsec/sec=1.51662   ev/simsec=10210.1
     Messages:  created: 257399   present: 1094   in FES: 119
** Event #364032   t=36.540343845171   Elapsed: 22.136s (0m 22s)  7% completed  (3% total)
     Speed:     ev/sec=18157.1   simsec/sec=1.98986   ev/simsec=9124.84
     Messages:  created: 287068   present: 1104   in FES: 121
** Event #399104   t=40.059487596905   Elapsed: 24.1396s (0m 24s)  8% completed  (4% total)
     Speed:     ev/sec=17504.4   simsec/sec=1.7564   ev/simsec=9966.06
     Messages:  created: 314818   present: 1093   in FES: 118
** Event #431616   t=43.517645683946   Elapsed: 26.1589s (0m 26s)  8% completed  (4% total)
     Speed:     ev/sec=16100.5   simsec/sec=1.71254   ev/simsec=9401.54
     Messages:  created: 340254   present: 1116   in FES: 125
** Event #462080   t=46.514037103979   Elapsed: 28.1591s (0m 28s)  9% completed  (4% total)
     Speed:     ev/sec=15230.3   simsec/sec=1.49802   ev/simsec=10166.9
     Messages:  created: 363548   present: 1072   in FES: 113
** Event #489472   t=49.027464153846   Elapsed: 30.1659s (0m 30s)  9% completed  (4% total)
     Speed:     ev/sec=13649.7   simsec/sec=1.25246   ev/simsec=10898.3
     Messages:  created: 384468   present: 1101   in FES: 126
** Event #518144   t=51.587222123759   Elapsed: 32.1709s (0m 32s)  10% completed  (5% total)
     Speed:     ev/sec=14300.2   simsec/sec=1.27668   ev/simsec=11201.1
     Messages:  created: 406529   present: 1100   in FES: 121
** Event #547840   t=54.553246414848   Elapsed: 34.1976s (0m 34s)  10% completed  (5% total)
     Speed:     ev/sec=14652.7   simsec/sec=1.46351   ev/simsec=10012.1
     Messages:  created: 429332   present: 1123   in FES: 126
** Event #577024   t=57.527553326837   Elapsed: 36.2048s (0m 36s)  11% completed  (5% total)
     Speed:     ev/sec=14539.4   simsec/sec=1.4818   ev/simsec=9812.03
     Messages:  created: 451928   present: 1079   in FES: 112
** Event #607232   t=60.534354105197   Elapsed: 38.2287s (0m 38s)  12% completed  (6% total)
     Speed:     ev/sec=14925.9   simsec/sec=1.48567   ev/simsec=10046.6
     Messages:  created: 475270   present: 1062   in FES: 109
** Event #638464   t=63.54093800072   Elapsed: 40.2405s (0m 40s)  12% completed  (6% total)
     Speed:     ev/sec=15524.4   simsec/sec=1.49447   ev/simsec=10387.9
     Messages:  created: 499297   present: 1065   in FES: 108
** Event #669952   t=66.562563925646   Elapsed: 42.2624s (0m 42s)  13% completed  (6% total)
     Speed:     ev/sec=15573.4   simsec/sec=1.49444   ev/simsec=10420.9
     Messages:  created: 523686   present: 1096   in FES: 119
** Event #700672   t=69.598279887001   Elapsed: 44.2647s (0m 44s)  13% completed  (6% total)
     Speed:     ev/sec=15342.1   simsec/sec=1.51609   ev/simsec=10119.5
     Messages:  created: 548139   present: 1109   in FES: 126
** Event #736768   t=73.54067935871   Elapsed: 46.2758s (0m 46s)  14% completed  (7% total)
     Speed:     ev/sec=17948.8   simsec/sec=1.96036   ev/simsec=9155.85
     Messages:  created: 576854   present: 1090   in FES: 119
** Event #766208   t=76.544394545821   Elapsed: 48.2798s (0m 48s)  15% completed  (7% total)
     Speed:     ev/sec=14690.5   simsec/sec=1.49884   ev/simsec=9801.2
     Messages:  created: 599907   present: 1110   in FES: 123
** Event #800000   t=80.035206246444   Elapsed: 50.2834s (0m 50s)  16% completed  (8% total)
     Speed:     ev/sec=16865.7   simsec/sec=1.74228   ev/simsec=9680.27
     Messages:  created: 626693   present: 1099   in FES: 126
** Event #832512   t=83.520857493423   Elapsed: 52.2985s (0m 52s)  16% completed  (8% total)
     Speed:     ev/sec=16134.3   simsec/sec=1.72977   ev/simsec=9327.38
     Messages:  created: 652413   present: 1060   in FES: 107
** Event #865024   t=86.59172653886   Elapsed: 54.3044s (0m 54s)  17% completed  (8% total)
     Speed:     ev/sec=16208.3   simsec/sec=1.53093   ev/simsec=10587.2
     Messages:  created: 678426   present: 1038   in FES: 99
** Event #900096   t=90.526253148996   Elapsed: 56.3073s (0m 56s)  18% completed  (9% total)
     Speed:     ev/sec=17510.6   simsec/sec=1.96441   ev/simsec=8913.91
     Messages:  created: 706026   present: 1072   in FES: 111
** Event #932096   t=93.565604056752   Elapsed: 58.3189s (0m 58s)  18% completed  (9% total)
     Speed:     ev/sec=15907.8   simsec/sec=1.51092   ev/simsec=10528.6
     Messages:  created: 731466   present: 1051   in FES: 106
** Event #967680   t=97.246988209322   Elapsed: 60.3238s (1m 00s)  19% completed  (9% total)
     Speed:     ev/sec=17748   simsec/sec=1.83614   ev/simsec=9665.93
     Messages:  created: 759515   present: 1021   in FES: 95
** Event #1001984   t=100.541222989253   Elapsed: 62.3393s (1m 02s)  20% completed  (10% total)
     Speed:     ev/sec=17020.2   simsec/sec=1.63446   ev/simsec=10413.3
     Messages:  created: 787074   present: 1053   in FES: 104
** Event #1040128   t=103.050935386369   Elapsed: 64.3406s (1m 04s)  20% completed  (10% total)
     Speed:     ev/sec=19059.8   simsec/sec=1.25405   ev/simsec=15198.6
     Messages:  created: 823704   present: 1100   in FES: 147
** Event #1076992   t=105.555919713458   Elapsed: 66.3621s (1m 06s)  21% completed  (10% total)
     Speed:     ev/sec=18235.7   simsec/sec=1.23915   ev/simsec=14716.3
     Messages:  created: 859309   present: 1038   in FES: 123
** Event #1108992   t=107.591238570164   Elapsed: 68.3935s (1m 08s)  21% completed  (10% total)
     Speed:     ev/sec=15753   simsec/sec=1.00195   ev/simsec=15722.4
     Messages:  created: 889717   present: 1056   in FES: 105
** Event #1147904   t=110.513921741876   Elapsed: 70.4012s (1m 10s)  22% completed  (11% total)
     Speed:     ev/sec=19381.5   simsec/sec=1.45574   ev/simsec=13313.8
     Messages:  created: 927731   present: 1108   in FES: 126
** Event #1183744   t=113.005965876021   Elapsed: 72.4028s (1m 12s)  22% completed  (11% total)
     Speed:     ev/sec=17905   simsec/sec=1.24498   ev/simsec=14381.8
     Messages:  created: 962627   present: 1096   in FES: 121
** Event #1224448   t=115.559999420102   Elapsed: 74.4135s (1m 14s)  23% completed  (11% total)
     Speed:     ev/sec=20244.1   simsec/sec=1.27025   ev/simsec=15937.1
     Messages:  created: 1002653   present: 1102   in FES: 126
** Event #1264128   t=118.059488391816   Elapsed: 76.4221s (1m 16s)  23% completed  (11% total)
     Speed:     ev/sec=19755.4   simsec/sec=1.24442   ev/simsec=15875.2
     Messages:  created: 1042965   present: 1070   in FES: 107
** Event #1305344   t=120.57692497405   Elapsed: 78.4401s (1m 18s)  24% completed  (12% total)
     Speed:     ev/sec=20423.7   simsec/sec=1.24746   ev/simsec=16372.2
     Messages:  created: 1084720   present: 1066   in FES: 107
** Event #1348608   t=123.51926940248   Elapsed: 80.4473s (1m 20s)  24% completed  (12% total)
     Speed:     ev/sec=21554.1   simsec/sec=1.46588   ev/simsec=14703.9
     Messages:  created: 1129285   present: 1116   in FES: 125
** Event #1384704   t=125.584801481634   Elapsed: 82.4551s (1m 22s)  25% completed  (12% total)
     Speed:     ev/sec=17978.5   simsec/sec=1.02879   ev/simsec=17475.4
     Messages:  created: 1165774   present: 1084   in FES: 113
** Event #1426688   t=128.323941765371   Elapsed: 84.4566s (1m 24s)  25% completed  (12% total)
     Speed:     ev/sec=20975.5   simsec/sec=1.36849   ev/simsec=15327.4
     Messages:  created: 1208851   present: 1110   in FES: 126
** Event #1465600   t=130.586432950247   Elapsed: 86.4723s (1m 26s)  26% completed  (13% total)
     Speed:     ev/sec=19305.2   simsec/sec=1.12248   ev/simsec=17198.7
     Messages:  created: 1248265   present: 1059   in FES: 104
** Event #1512960   t=133.542162037066   Elapsed: 88.4865s (1m 28s)  26% completed  (13% total)
     Speed:     ev/sec=23512.6   simsec/sec=1.46742   ev/simsec=16023.1
     Messages:  created: 1297738   present: 1084   in FES: 113
** Event #1557248   t=136.223514341759   Elapsed: 90.4938s (1m 30s)  27% completed  (13% total)
     Speed:     ev/sec=22063.9   simsec/sec=1.33583   ev/simsec=16517
     Messages:  created: 1342880   present: 1061   in FES: 127
** Event #1594624   t=138.59233665225   Elapsed: 92.4993s (1m 32s)  27% completed  (13% total)
     Speed:     ev/sec=18635.9   simsec/sec=1.18111   ev/simsec=15778.3
     Messages:  created: 1380404   present: 1115   in FES: 126
** Event #1638656   t=141.574785169341   Elapsed: 94.5027s (1m 34s)  28% completed  (14% total)
     Speed:     ev/sec=21979.4   simsec/sec=1.48875   ev/simsec=14763.7
     Messages:  created: 1423610   present: 1098   in FES: 119
** Event #1687040   t=144.973559204356   Elapsed: 96.5035s (1m 36s)  28% completed  (14% total)
     Speed:     ev/sec=24181.8   simsec/sec=1.69867   ev/simsec=14235.7
     Messages:  created: 1472465   present: 1064   in FES: 109
** Event #1739520   t=148.326879805424   Elapsed: 98.5088s (1m 38s)  29% completed  (14% total)
     Speed:     ev/sec=26170.6   simsec/sec=1.67222   ev/simsec=15650.2
     Messages:  created: 1524853   present: 1081   in FES: 128
** Event #1793280   t=151.305909528172   Elapsed: 100.511s (1m 40s)  30% completed  (15% total)
     Speed:     ev/sec=26854.2   simsec/sec=1.48809   ev/simsec=18046.1
     Messages:  created: 1581644   present: 1113   in FES: 127
** Event #1843712   t=154.531462743126   Elapsed: 102.515s (1m 42s)  30% completed  (15% total)
     Speed:     ev/sec=25158.3   simsec/sec=1.60909   ev/simsec=15635.1
     Messages:  created: 1633192   present: 1110   in FES: 126
** Event #1895168   t=157.583612625335   Elapsed: 104.517s (1m 44s)  31% completed  (15% total)
     Speed:     ev/sec=25710.4   simsec/sec=1.52503   ev/simsec=16858.9
     Messages:  created: 1684803   present: 1104   in FES: 119
** Event #1943808   t=160.800968923345   Elapsed: 106.52s (1m 46s)  32% completed  (16% total)
     Speed:     ev/sec=24275.4   simsec/sec=1.60573   ev/simsec=15118
     Messages:  created: 1732421   present: 1111   in FES: 129
** Event #1994240   t=164.013154416768   Elapsed: 108.523s (1m 48s)  32% completed  (16% total)
     Speed:     ev/sec=25183.6   simsec/sec=1.60403   ev/simsec=15700.2
     Messages:  created: 1783255   present: 1091   in FES: 118
** Event #2044672   t=167.039559134517   Elapsed: 110.527s (1m 50s)  33% completed  (16% total)
     Speed:     ev/sec=25160.7   simsec/sec=1.50989   ev/simsec=16664
     Messages:  created: 1834126   present: 1070   in FES: 109
** Event #2097152   t=170.521253585753   Elapsed: 112.55s (1m 52s)  34% completed  (17% total)
     Speed:     ev/sec=25941.9   simsec/sec=1.72107   ev/simsec=15073.1
     Messages:  created: 1886450   present: 1075   in FES: 112
** Event #2143744   t=173.32688007857   Elapsed: 114.554s (1m 54s)  34% completed  (17% total)
     Speed:     ev/sec=23254.1   simsec/sec=1.40029   ev/simsec=16606.6
     Messages:  created: 1932330   present: 1043   in FES: 120
** Event #2188288   t=176.065437700989   Elapsed: 116.557s (1m 56s)  35% completed  (17% total)
     Speed:     ev/sec=22232.7   simsec/sec=1.36686   ev/simsec=16265.5
     Messages:  created: 1975389   present: 1060   in FES: 105
** Event #2233600   t=179.031294528813   Elapsed: 118.562s (1m 58s)  35% completed  (17% total)
     Speed:     ev/sec=22599.5   simsec/sec=1.47923   ev/simsec=15277.9
     Messages:  created: 2019456   present: 1101   in FES: 120
** Event #2283264   t=182.065437369561   Elapsed: 120.567s (2m 00s)  36% completed  (18% total)
     Speed:     ev/sec=24781.9   simsec/sec=1.51401   ev/simsec=16368.4
     Messages:  created: 2068385   present: 1078   in FES: 111
** Event #2329600   t=185.031061570126   Elapsed: 122.567s (2m 02s)  37% completed  (18% total)
     Speed:     ev/sec=23159.8   simsec/sec=1.48229   ev/simsec=15624.4
     Messages:  created: 2114203   present: 1122   in FES: 126
** Event #2383872   t=188.084508421739   Elapsed: 124.571s (2m 04s)  37% completed  (18% total)
     Speed:     ev/sec=27086.1   simsec/sec=1.52392   ev/simsec=17774
     Messages:  created: 2168374   present: 1107   in FES: 122
** Event #2426112   t=190.586556840236   Elapsed: 126.579s (2m 06s)  38% completed  (19% total)
     Speed:     ev/sec=21037.5   simsec/sec=1.24614   ev/simsec=16882.2
     Messages:  created: 2210456   present: 1083   in FES: 114
** Event #2473472   t=193.559468738526   Elapsed: 128.582s (2m 08s)  38% completed  (19% total)
     Speed:     ev/sec=23635.8   simsec/sec=1.48368   ev/simsec=15930.5
     Messages:  created: 2257408   present: 1107   in FES: 118
** Event #2520832   t=196.5456583402   Elapsed: 130.584s (2m 10s)  39% completed  (19% total)
     Speed:     ev/sec=23656.1   simsec/sec=1.49159   ev/simsec=15859.7
     Messages:  created: 2303567   present: 1084   in FES: 115
** Event #2566400   t=199.523163346807   Elapsed: 132.592s (2m 12s)  39% completed  (19% total)
     Speed:     ev/sec=22694.2   simsec/sec=1.48288   ev/simsec=15304.1
     Messages:  created: 2348390   present: 1027   in FES: 98
** Event #2613760   t=202.519981190635   Elapsed: 134.595s (2m 14s)  40% completed  (20% total)
     Speed:     ev/sec=23646.8   simsec/sec=1.49631   ev/simsec=15803.4
     Messages:  created: 2395044   present: 1081   in FES: 114
** Event #2661376   t=205.537989196051   Elapsed: 136.602s (2m 16s)  41% completed  (20% total)
     Speed:     ev/sec=23728.6   simsec/sec=1.50397   ev/simsec=15777.3
     Messages:  created: 2442410   present: 1052   in FES: 103
** Event #2707712   t=208.555687085958   Elapsed: 138.607s (2m 18s)  41% completed  (20% total)
     Speed:     ev/sec=23107.8   simsec/sec=1.50493   ev/simsec=15354.8
     Messages:  created: 2487977   present: 1091   in FES: 126
** Event #2753792   t=211.800925534477   Elapsed: 140.613s (2m 20s)  42% completed  (21% total)
     Speed:     ev/sec=22973.8   simsec/sec=1.61796   ev/simsec=14199.3
     Messages:  created: 2532847   present: 1037   in FES: 122
** Event #2808064   t=215.556684617078   Elapsed: 142.619s (2m 22s)  43% completed  (21% total)
     Speed:     ev/sec=27047.6   simsec/sec=1.87176   ev/simsec=14450.3
     Messages:  created: 2586123   present: 1105   in FES: 127
** Event #2857728   t=219.050969371211   Elapsed: 144.624s (2m 24s)  43% completed  (21% total)
     Speed:     ev/sec=24771.2   simsec/sec=1.74287   ev/simsec=14212.9
     Messages:  created: 2634422   present: 1106   in FES: 121
** Event #2906368   t=222.523398788445   Elapsed: 146.635s (2m 26s)  44% completed  (22% total)
     Speed:     ev/sec=24192.7   simsec/sec=1.72713   ev/simsec=14007.5
     Messages:  created: 2681781   present: 1117   in FES: 150
** Event #2954240   t=225.57261207079   Elapsed: 148.666s (2m 28s)  45% completed  (22% total)
     Speed:     ev/sec=23566.9   simsec/sec=1.50109   ev/simsec=15699.8
     Messages:  created: 2728734   present: 1061   in FES: 108
** Event #3006976   t=229.071153697642   Elapsed: 150.673s (2m 30s)  45% completed  (22% total)
     Speed:     ev/sec=26277.8   simsec/sec=1.74329   ev/simsec=15073.7
     Messages:  created: 2781377   present: 1107   in FES: 122
** Event #3057408   t=232.550936135414   Elapsed: 152.685s (2m 32s)  46% completed  (23% total)
     Speed:     ev/sec=25068.3   simsec/sec=1.7297   ev/simsec=14492.9
     Messages:  created: 2831790   present: 1097   in FES: 151
** Event #3112960   t=236.305910462163   Elapsed: 154.689s (2m 34s)  47% completed  (23% total)
     Speed:     ev/sec=27719.3   simsec/sec=1.87365   ev/simsec=14794.2
     Messages:  created: 2888053   present: 1076   in FES: 127
** Event #3165696   t=240.008929165294   Elapsed: 156.69s (2m 36s)  48% completed  (24% total)
     Speed:     ev/sec=26354.3   simsec/sec=1.85055   ev/simsec=14241.4
     Messages:  created: 2941934   present: 1104   in FES: 123
** Event #3221248   t=243.584230192655   Elapsed: 158.705s (2m 38s)  48% completed  (24% total)
     Speed:     ev/sec=27570.5   simsec/sec=1.77442   ev/simsec=15537.7
     Messages:  created: 2998309   present: 1094   in FES: 117
** Event #3278080   t=247.514738210919   Elapsed: 160.707s (2m 40s)  49% completed  (24% total)
     Speed:     ev/sec=28387.7   simsec/sec=1.96329   ev/simsec=14459.2
     Messages:  created: 3056780   present: 1056   in FES: 107
** Event #3329792   t=250.579696594037   Elapsed: 162.707s (2m 42s)  50% completed  (25% total)
     Speed:     ev/sec=25851.7   simsec/sec=1.53222   ev/simsec=16872
     Messages:  created: 3109116   present: 1121   in FES: 126
** Event #3377920   t=253.579265105454   Elapsed: 164.71s (2m 44s)  50% completed  (25% total)
     Speed:     ev/sec=24034.3   simsec/sec=1.49793   ev/simsec=16045
     Messages:  created: 3158147   present: 1114   in FES: 125
** Event #3430144   t=256.973558510014   Elapsed: 166.714s (2m 46s)  51% completed  (25% total)
     Speed:     ev/sec=26058.8   simsec/sec=1.69369   ev/simsec=15385.8
     Messages:  created: 3211124   present: 1089   in FES: 122
** Event #3482624   t=260.030869964327   Elapsed: 168.714s (2m 48s)  52% completed  (26% total)
     Speed:     ev/sec=26233.4   simsec/sec=1.52827   ev/simsec=17165.4
     Messages:  created: 3263208   present: 1085   in FES: 114
** Event #3528704   t=262.592393492844   Elapsed: 170.725s (2m 50s)  52% completed  (26% total)
     Speed:     ev/sec=22922.4   simsec/sec=1.27422   ev/simsec=17989.3
     Messages:  created: 3308752   present: 1065   in FES: 108
** Event #3577088   t=265.596298098186   Elapsed: 172.752s (2m 52s)  53% completed  (26% total)
     Speed:     ev/sec=23869.1   simsec/sec=1.4819   ev/simsec=16107
     Messages:  created: 3356133   present: 1072   in FES: 111
** Event #3625216   t=268.773844298781   Elapsed: 174.754s (2m 54s)  53% completed  (26% total)
     Speed:     ev/sec=24039.1   simsec/sec=1.58713   ev/simsec=15146.3
     Messages:  created: 3403467   present: 1044   in FES: 125
** Event #3672832   t=271.806691556466   Elapsed: 176.755s (2m 56s)  54% completed  (27% total)
     Speed:     ev/sec=23786.9   simsec/sec=1.51508   ev/simsec=15700.1
     Messages:  created: 3450657   present: 1121   in FES: 140
** Event #3719424   t=275.02339771272   Elapsed: 178.759s (2m 58s)  55% completed  (27% total)
     Speed:     ev/sec=23256   simsec/sec=1.60559   ev/simsec=14484.4
     Messages:  created: 3496334   present: 1109   in FES: 135
** Event #3771904   t=278.547252958093   Elapsed: 180.761s (3m 00s)  55% completed  (27% total)
     Speed:     ev/sec=26212   simsec/sec=1.76005   ev/simsec=14892.8
     Messages:  created: 3547821   present: 1076   in FES: 113
** Event #3819264   t=281.773430906637   Elapsed: 182.762s (3m 02s)  56% completed  (28% total)
     Speed:     ev/sec=23673.1   simsec/sec=1.61262   ev/simsec=14679.9
     Messages:  created: 3594648   present: 1094   in FES: 122
** Event #3877632   t=285.557359780044   Elapsed: 184.769s (3m 04s)  57% completed  (28% total)
     Speed:     ev/sec=29074.9   simsec/sec=1.88489   ev/simsec=15425.2
     Messages:  created: 3654492   present: 1066   in FES: 107
** Event #3923968   t=288.773921512082   Elapsed: 186.769s (3m 06s)  57% completed  (28% total)
     Speed:     ev/sec=23166.4   simsec/sec=1.60817   ev/simsec=14405.4
     Messages:  created: 3699916   present: 1101   in FES: 126
** Event #3975168   t=292.076924680979   Elapsed: 188.781s (3m 08s)  58% completed  (29% total)
     Speed:     ev/sec=25445.5   simsec/sec=1.64154   ev/simsec=15501
     Messages:  created: 3750084   present: 1081   in FES: 112
** Event #4025088   t=295.305688886947   Elapsed: 190.782s (3m 10s)  59% completed  (29% total)
     Speed:     ev/sec=24946.2   simsec/sec=1.61349   ev/simsec=15461
     Messages:  created: 3799849   present: 1101   in FES: 126
** Event #4073984   t=298.528473622339   Elapsed: 192.783s (3m 12s)  59% completed  (29% total)
     Speed:     ev/sec=24443   simsec/sec=1.61107   ev/simsec=15172
     Messages:  created: 3848143   present: 1104   in FES: 119
** Event #4121344   t=301.522277469994   Elapsed: 194.784s (3m 14s)  60% completed  (30% total)
     Speed:     ev/sec=23664.7   simsec/sec=1.49594   ev/simsec=15819.3
     Messages:  created: 3894427   present: 1116   in FES: 125
** Event #4169472   t=304.555688530975   Elapsed: 196.789s (3m 16s)  60% completed  (30% total)
     Speed:     ev/sec=24003.1   simsec/sec=1.51287   ev/simsec=15866
     Messages:  created: 3942067   present: 1108   in FES: 126
** Event #4218624   t=307.800924840626   Elapsed: 198.793s (3m 18s)  61% completed  (30% total)
     Speed:     ev/sec=24524.5   simsec/sec=1.61922   ev/simsec=15145.9
     Messages:  created: 3991080   present: 1074   in FES: 127
** Event #4273664   t=311.542679752514   Elapsed: 200.799s (3m 20s)  62% completed  (31% total)
     Speed:     ev/sec=27438.4   simsec/sec=1.86533   ev/simsec=14709.7
     Messages:  created: 4046158   present: 1088   in FES: 113
** Event #4323840   t=315.017157131236   Elapsed: 202.8s (3m 22s)  63% completed  (31% total)
     Speed:     ev/sec=25083.7   simsec/sec=1.73694   ev/simsec=14441.3
     Messages:  created: 4096912   present: 1086   in FES: 115
** Event #4374016   t=318.523745341495   Elapsed: 204.804s (3m 24s)  63% completed  (31% total)
     Speed:     ev/sec=25029   simsec/sec=1.74917   ev/simsec=14309.1
     Messages:  created: 4145781   present: 1107   in FES: 127
** Event #4422656   t=322.013154141905   Elapsed: 206.808s (3m 26s)  64% completed  (32% total)
     Speed:     ev/sec=24280.5   simsec/sec=1.74187   ev/simsec=13939.3
     Messages:  created: 4192740   present: 1109   in FES: 124
** Event #4471296   t=325.520266594559   Elapsed: 208.838s (3m 28s)  65% completed  (32% total)
     Speed:     ev/sec=23955.3   simsec/sec=1.72726   ev/simsec=13869
     Messages:  created: 4238521   present: 1065   in FES: 108
** Event #4517632   t=328.547363923182   Elapsed: 210.851s (3m 30s)  65% completed  (32% total)
     Speed:     ev/sec=23025.1   simsec/sec=1.50421   ev/simsec=15307.1
     Messages:  created: 4282907   present: 1103   in FES: 120
** Event #4564480   t=331.594123194402   Elapsed: 212.868s (3m 32s)  66% completed  (33% total)
     Speed:     ev/sec=23221.3   simsec/sec=1.5102   ev/simsec=15376.3
     Messages:  created: 4328051   present: 1024   in FES: 97
** Event #4612352   t=334.773165501229   Elapsed: 214.872s (3m 34s)  66% completed  (33% total)
     Speed:     ev/sec=23890.6   simsec/sec=1.58651   ev/simsec=15058.6
     Messages:  created: 4375264   present: 1106   in FES: 126
** Event #4660480   t=337.773948080962   Elapsed: 216.875s (3m 36s)  67% completed  (33% total)
     Speed:     ev/sec=24019.8   simsec/sec=1.49763   ev/simsec=16038.5
     Messages:  created: 4423039   present: 1114   in FES: 125
** Event #4711680   t=341.070761855061   Elapsed: 218.878s (3m 38s)  68% completed  (34% total)
     Speed:     ev/sec=25571.7   simsec/sec=1.64658   ev/simsec=15530.1
     Messages:  created: 4473496   present: 1054   in FES: 105
** Event #4762624   t=344.55650435267   Elapsed: 220.893s (3m 40s)  68% completed  (34% total)
     Speed:     ev/sec=25280.6   simsec/sec=1.72977   ev/simsec=14615
     Messages:  created: 4524115   present: 1086   in FES: 113
** Event #4813568   t=348.027463845717   Elapsed: 222.895s (3m 42s)  69% completed  (34% total)
     Speed:     ev/sec=25445.2   simsec/sec=1.73366   ev/simsec=14677.2
     Messages:  created: 4575054   present: 1103   in FES: 126
** Event #4865024   t=351.545311390421   Elapsed: 224.908s (3m 44s)  70% completed  (35% total)
     Speed:     ev/sec=25559.5   simsec/sec=1.7474   ev/simsec=14627.1
     Messages:  created: 4626081   present: 1119   in FES: 126
** Event #4912384   t=354.576198753939   Elapsed: 226.91s (3m 46s)  70% completed  (35% total)
     Speed:     ev/sec=23661.9   simsec/sec=1.51428   ev/simsec=15625.8
     Messages:  created: 4673305   present: 1074   in FES: 111
** Event #4966144   t=358.326923158775   Elapsed: 228.912s (3m 48s)  71% completed  (35% total)
     Speed:     ev/sec=26849.6   simsec/sec=1.87324   ev/simsec=14333.2
     Messages:  created: 4727206   present: 1114   in FES: 138
** Event #5012992   t=361.534243511196   Elapsed: 230.931s (3m 50s)  72% completed  (36% total)
     Speed:     ev/sec=23205.4   simsec/sec=1.5887   ev/simsec=14606.6
     Messages:  created: 4773682   present: 1108   in FES: 126
** Event #5058560   t=364.573382281644   Elapsed: 232.944s (3m 52s)  72% completed  (36% total)
     Speed:     ev/sec=22629.8   simsec/sec=1.50929   ev/simsec=14993.7
     Messages:  created: 4817592   present: 1024   in FES: 97
** Event #5108480   t=368.027517993188   Elapsed: 234.949s (3m 54s)  73% completed  (36% total)
     Speed:     ev/sec=24906.5   simsec/sec=1.72336   ev/simsec=14452.2
     Messages:  created: 4865864   present: 1114   in FES: 123
** Event #5161216   t=371.326890347191   Elapsed: 236.95s (3m 56s)  74% completed  (37% total)
     Speed:     ev/sec=26351.4   simsec/sec=1.64865   ev/simsec=15983.6
     Messages:  created: 4917543   present: 1103   in FES: 142
** Event #5204992   t=374.056448930763   Elapsed: 238.952s (3m 58s)  74% completed  (37% total)
     Speed:     ev/sec=21865.3   simsec/sec=1.36336   ev/simsec=16037.8
     Messages:  created: 4960128   present: 1061   in FES: 106
** Event #5251840   t=377.056448898516   Elapsed: 240.952s (4m 00s)  75% completed  (37% total)
     Speed:     ev/sec=23420   simsec/sec=1.49974   ev/simsec=15616
     Messages:  created: 5006531   present: 1064   in FES: 105
** Event #5303296   t=380.301526941839   Elapsed: 242.956s (4m 02s)  76% completed  (38% total)
     Speed:     ev/sec=25679.9   simsec/sec=1.61951   ev/simsec=15856.6
     Messages:  created: 5058516   present: 1062   in FES: 107
** Event #5355008   t=383.56129460735   Elapsed: 244.967s (4m 04s)  76% completed  (38% total)
     Speed:     ev/sec=25717   simsec/sec=1.62112   ev/simsec=15863.7
     Messages:  created: 5111167   present: 1121   in FES: 126
** Event #5405696   t=387.023432406696   Elapsed: 246.97s (4m 06s)  77% completed  (38% total)
     Speed:     ev/sec=25306.6   simsec/sec=1.72851   ev/simsec=14640.7
     Messages:  created: 5162434   present: 1078   in FES: 111
** Event #5461248   t=390.595333646577   Elapsed: 248.979s (4m 08s)  78% completed  (39% total)
     Speed:     ev/sec=27650.7   simsec/sec=1.77789   ev/simsec=15552.5
     Messages:  created: 5217420   present: 1035   in FES: 99
** Event #5523200   t=394.511953804036   Elapsed: 250.998s (4m 10s)  78% completed  (39% total)
     Speed:     ev/sec=30683.4   simsec/sec=1.93981   ev/simsec=15817.7
     Messages:  created: 5283232   present: 1081   in FES: 114
** Event #5579520   t=398.072749697876   Elapsed: 253s (4m 13s)  79% completed  (39% total)
     Speed:     ev/sec=28128.5   simsec/sec=1.77841   ev/simsec=15816.7
     Messages:  created: 5340804   present: 1052   in FES: 103
** Event #5630720   t=401.585202660509   Elapsed: 255.006s (4m 15s)  80% completed  (40% total)
     Speed:     ev/sec=25522.3   simsec/sec=1.75089   ev/simsec=14576.7
     Messages:  created: 5392992   present: 1074   in FES: 109
** Event #5686784   t=405.526099611667   Elapsed: 257.017s (4m 17s)  81% completed  (40% total)
     Speed:     ev/sec=27879.2   simsec/sec=1.95971   ev/simsec=14226.2
     Messages:  created: 5450454   present: 1036   in FES: 97
** Event #5736960   t=409.017158409715   Elapsed: 259.021s (4m 19s)  81% completed  (40% total)
     Speed:     ev/sec=25038.9   simsec/sec=1.74211   ev/simsec=14372.7
     Messages:  created: 5501383   present: 1046   in FES: 101
** Event #5792768   t=412.591401896416   Elapsed: 261.036s (4m 21s)  82% completed  (41% total)
     Speed:     ev/sec=27698   simsec/sec=1.77393   ev/simsec=15613.9
     Messages:  created: 5557979   present: 1068   in FES: 109
** Event #5846784   t=416.528634426127   Elapsed: 263.06s (4m 23s)  83% completed  (41% total)
     Speed:     ev/sec=26687.2   simsec/sec=1.94523   ev/simsec=13719.3
     Messages:  created: 5612503   present: 1061   in FES: 104
** Event #5900544   t=420.07688943768   Elapsed: 265.065s (4m 25s)  84% completed  (42% total)
     Speed:     ev/sec=26817.9   simsec/sec=1.77003   ev/simsec=15151.1
     Messages:  created: 5667300   present: 1107   in FES: 141
** Event #5951744   t=423.723557572753   Elapsed: 267.067s (4m 27s)  84% completed  (42% total)
     Speed:     ev/sec=25568.3   simsec/sec=1.82108   ev/simsec=14040.2
     Messages:  created: 5719112   present: 1110   in FES: 142
** Event #6008832   t=427.576816903313   Elapsed: 269.077s (4m 29s)  85% completed  (42% total)
     Speed:     ev/sec=28405.6   simsec/sec=1.91729   ev/simsec=14815.5
     Messages:  created: 5776954   present: 1197   in FES: 153
** Event #6060544   t=431.068607546573   Elapsed: 271.077s (4m 31s)  86% completed  (43% total)
     Speed:     ev/sec=25850.1   simsec/sec=1.7455   ev/simsec=14809.6
     Messages:  created: 5828571   present: 1067   in FES: 110
** Event #6109440   t=434.547209132902   Elapsed: 273.089s (4m 33s)  86% completed  (43% total)
     Speed:     ev/sec=24309.8   simsec/sec=1.72947   ev/simsec=14056.2
     Messages:  created: 5875951   present: 1028   in FES: 97
** Event #6157568   t=437.773165962363   Elapsed: 275.091s (4m 35s)  87% completed  (43% total)
     Speed:     ev/sec=24041.3   simsec/sec=1.61146   ev/simsec=14919
     Messages:  created: 5923533   present: 1109   in FES: 126
** Event #6212864   t=441.084454719553   Elapsed: 277.093s (4m 37s)  88% completed  (44% total)
     Speed:     ev/sec=27618.4   simsec/sec=1.65387   ev/simsec=16699.2
     Messages:  created: 5980612   present: 1101   in FES: 126
** Event #6264576   t=444.542300419049   Elapsed: 279.109s (4m 39s)  88% completed  (44% total)
     Speed:     ev/sec=25645   simsec/sec=1.71482   ev/simsec=14955
     Messages:  created: 6033561   present: 1091   in FES: 116
** Event #6317824   t=448.056651600308   Elapsed: 281.112s (4m 41s)  89% completed  (44% total)
     Speed:     ev/sec=26594.7   simsec/sec=1.75524   ev/simsec=15151.6
     Messages:  created: 6087190   present: 1125   in FES: 143
** Event #6368512   t=451.522066252463   Elapsed: 283.118s (4m 43s)  90% completed  (45% total)
     Speed:     ev/sec=25267.6   simsec/sec=1.72749   ev/simsec=14626.8
     Messages:  created: 6137584   present: 1111   in FES: 122
** Event #6415360   t=454.538384528262   Elapsed: 285.136s (4m 45s)  90% completed  (45% total)
     Speed:     ev/sec=23212   simsec/sec=1.49451   ev/simsec=15531.5
     Messages:  created: 6183311   present: 1040   in FES: 101
** Event #6462720   t=457.582609598817   Elapsed: 287.157s (4m 47s)  91% completed  (45% total)
     Speed:     ev/sec=23435.8   simsec/sec=1.50641   ev/simsec=15557.3
     Messages:  created: 6228868   present: 1069   in FES: 110
** Event #6512384   t=461.059487794395   Elapsed: 289.16s (4m 49s)  92% completed  (46% total)
     Speed:     ev/sec=24791.7   simsec/sec=1.73562   ev/simsec=14284.1
     Messages:  created: 6277440   present: 1091   in FES: 114
** Event #6563072   t=463.547270462218   Elapsed: 291.177s (4m 51s)  92% completed  (46% total)
     Speed:     ev/sec=25135.1   simsec/sec=1.23364   ev/simsec=20374.8
     Messages:  created: 6332830   present: 1108   in FES: 126
** Event #6610432   t=466.552051090873   Elapsed: 293.18s (4m 53s)  93% completed  (46% total)
     Speed:     ev/sec=23638.7   simsec/sec=1.49977   ev/simsec=15761.5
     Messages:  created: 6379552   present: 1038   in FES: 97
** Event #6660096   t=469.805921577856   Elapsed: 295.185s (4m 55s)  93% completed  (46% total)
     Speed:     ev/sec=24774.6   simsec/sec=1.62318   ev/simsec=15263.1
     Messages:  created: 6429089   present: 1114   in FES: 141
** Event #6716672   t=473.567393473176   Elapsed: 297.191s (4m 57s)  94% completed  (47% total)
     Speed:     ev/sec=28199   simsec/sec=1.87482   ev/simsec=15040.9
     Messages:  created: 6485788   present: 1025   in FES: 97
** Event #6771712   t=477.519633864463   Elapsed: 299.203s (4m 59s)  95% completed  (47% total)
     Speed:     ev/sec=27361.5   simsec/sec=1.96474   ev/simsec=13926.3
     Messages:  created: 6541894   present: 1090   in FES: 117
** Event #6826240   t=481.072749705531   Elapsed: 301.208s (5m 01s)  96% completed  (48% total)
     Speed:     ev/sec=27190.6   simsec/sec=1.77178   ev/simsec=15346.5
     Messages:  created: 6597547   present: 1079   in FES: 112
** Event #6885888   t=485.301613724514   Elapsed: 303.213s (5m 03s)  97% completed  (48% total)
     Speed:     ev/sec=29747.4   simsec/sec=2.109   ev/simsec=14105
     Messages:  created: 6658264   present: 1096   in FES: 148
** Event #6931968   t=488.540609986958   Elapsed: 305.22s (5m 05s)  97% completed  (48% total)
     Speed:     ev/sec=22963.2   simsec/sec=1.6141   ev/simsec=14226.6
     Messages:  created: 6703734   present: 1097   in FES: 118
** Event #6979840   t=491.577545028059   Elapsed: 307.222s (5m 07s)  98% completed  (49% total)
     Speed:     ev/sec=23904.9   simsec/sec=1.5165   ev/simsec=15763.3
     Messages:  created: 6751068   present: 1088   in FES: 117
** Event #7034368   t=495.273385647308   Elapsed: 309.225s (5m 09s)  99% completed  (49% total)
     Speed:     ev/sec=27227.7   simsec/sec=1.84546   ev/simsec=14753.9
     Messages:  created: 6804842   present: 1106   in FES: 127
** Event #7084800   t=498.551905838985   Elapsed: 311.229s (5m 11s)  99% completed  (49% total)
     Speed:     ev/sec=25172.1   simsec/sec=1.6364   ev/simsec=15382.5
     Messages:  created: 6855428   present: 1126   in FES: 143
** Event #7104183   t=500   Elapsed: 312.074s (5m 12s)  100% completed  (50% total)
     Speed:     ev/sec=22921.7   simsec/sec=1.70477   ev/simsec=13445.6
     Messages:  created: 6874943   present: 1021   in FES: 95

<!> Simulation time limit reached -- at t=500s, event #7104183
undisposed object: (omnetpp::cMessage) FanetStressNetwork.uav[0].app.debugTimer -- check module destructor
undisposed object: (omnetpp::cMessage) FanetStressNetwork.uav[1].app.debugTimer -- check module destructor
undisposed object: (omnetpp::cMessage) FanetStressNetwork.uav[2].app.debugTimer -- check module destructor
undisposed object: (omnetpp::cMessage) FanetStressNetwork.uav[3].app.debugTimer -- check module destructor
undisposed object: (omnetpp::cMessage) FanetStressNetwork.uav[4].app.debugTimer -- check module destructor
undisposed object: (omnetpp::cMessage) FanetStressNetwork.uav[5].app.debugTimer -- check module destructor
undisposed object: (omnetpp::cMessage) FanetStressNetwork.uav[6].app.debugTimer -- check module destructor
undisposed object: (omnetpp::cMessage) FanetStressNetwork.uav[7].app.debugTimer -- check module destructor
undisposed object: (omnetpp::cMessage) FanetStressNetwork.uav[8].app.debugTimer -- check module destructor
undisposed object: (omnetpp::cMessage) FanetStressNetwork.uav[9].app.debugTimer -- check module destructor
undisposed object: (omnetpp::cMessage) FanetStressNetwork.uav[10].app.debugTimer -- check module destructor
undisposed object: (omnetpp::cMessage) FanetStressNetwork.uav[11].app.debugTimer -- check module destructor
undisposed object: (omnetpp::cMessage) FanetStressNetwork.uav[12].app.debugTimer -- check module destructor
undisposed object: (omnetpp::cMessage) FanetStressNetwork.uav[13].app.debugTimer -- check module destructor
undisposed object: (omnetpp::cMessage) FanetStressNetwork.uav[14].app.debugTimer -- check module destructor
undisposed object: (omnetpp::cMessage) FanetStressNetwork.uav[15].app.debugTimer -- check module destructor
undisposed object: (omnetpp::cMessage) FanetStressNetwork.uav[16].app.debugTimer -- check module destructor
undisposed object: (omnetpp::cMessage) FanetStressNetwork.uav[17].app.debugTimer -- check module destructor
undisposed object: (omnetpp::cMessage) FanetStressNetwork.uav[18].app.debugTimer -- check module destructor
undisposed object: (omnetpp::cMessage) FanetStressNetwork.uav[19].app.debugTimer -- check module destructor
undisposed object: (omnetpp::cMessage) FanetStressNetwork.uav[20].app.debugTimer -- check module destructor
undisposed object: (omnetpp::cMessage) FanetStressNetwork.uav[21].app.debugTimer -- check module destructor
undisposed object: (omnetpp::cMessage) FanetStressNetwork.uav[22].app.debugTimer -- check module destructor
undisposed object: (omnetpp::cMessage) FanetStressNetwork.uav[23].app.debugTimer -- check module destructor
undisposed object: (omnetpp::cMessage) FanetStressNetwork.uav[24].app.debugTimer -- check module destructor
undisposed object: (omnetpp::cMessage) FanetStressNetwork.uav[25].app.debugTimer -- check module destructor
undisposed object: (omnetpp::cMessage) FanetStressNetwork.uav[26].app.debugTimer -- check module destructor
undisposed object: (omnetpp::cMessage) FanetStressNetwork.uav[27].app.debugTimer -- check module destructor
undisposed object: (omnetpp::cMessage) FanetStressNetwork.uav[28].app.debugTimer -- check module destructor
undisposed object: (omnetpp::cMessage) FanetStressNetwork.uav[29].app.debugTimer -- check module destructor
