** Event #0   t=0   Elapsed: 1.9e-05s (0m 00s)  0% completed  (0% total)
     Speed:     ev/sec=0   simsec/sec=0   ev/simsec=0
     Messages:  created: 1081   present: 1081   in FES: 161
** Event #56576   t=6.049482976793   Elapsed: 2.00081s (0m 02s)  1% completed  (0% total)
     Speed:     ev/sec=28277.4   simsec/sec=3.02355   ev/simsec=9352.37
     Messages:  created: 48272   present: 1118   in FES: 125
** Event #96000   t=10.094827857621   Elapsed: 4.00139s (0m 04s)  2% completed  (1% total)
     Speed:     ev/sec=19706.2   simsec/sec=2.02207   ev/simsec=9745.52
     Messages:  created: 80294   present: 1081   in FES: 116
** Event #129024   t=13.590918756774   Elapsed: 6.00923s (0m 06s)  2% completed  (1% total)
     Speed:     ev/sec=16447.6   simsec/sec=1.74122   ev/simsec=9445.98
     Messages:  created: 106655   present: 1110   in FES: 125
** Event #165120   t=17.557531948839   Elapsed: 8.01949s (0m 08s)  3% completed  (1% total)
     Speed:     ev/sec=17955.9   simsec/sec=1.97319   ev/simsec=9099.95
     Messages:  created: 136198   present: 1134   in FES: 126
** Event #200192   t=21.521996027566   Elapsed: 10.025s (0m 10s)  4% completed  (2% total)
     Speed:     ev/sec=17488.1   simsec/sec=1.97682   ev/simsec=8846.59
     Messages:  created: 164416   present: 1099   in FES: 126
** Event #232704   t=24.610066684991   Elapsed: 12.0455s (0m 12s)  4% completed  (2% total)
     Speed:     ev/sec=16091   simsec/sec=1.52836   ev/simsec=10528.3
     Messages:  created: 190685   present: 1070   in FES: 111
** Event #267520   t=28.526782574053   Elapsed: 14.0665s (0m 14s)  5% completed  (2% total)
     Speed:     ev/sec=17226.6   simsec/sec=1.93795   ev/simsec=8889.08
     Messages:  created: 218371   present: 1099   in FES: 126
** Event #298752   t=31.568775643553   Elapsed: 16.0871s (0m 16s)  6% completed  (3% total)
     Speed:     ev/sec=15456.9   simsec/sec=1.5055   ev/simsec=10267
     Messages:  created: 243155   present: 1086   in FES: 115
** Event #331008   t=35.036803514368   Elapsed: 18.0883s (0m 18s)  7% completed  (3% total)
     Speed:     ev/sec=16118.1   simsec/sec=1.73295   ev/simsec=9300.96
     Messages:  created: 268633   present: 1038   in FES: 99
** Event #365568   t=38.562430443494   Elapsed: 20.1029s (0m 20s)  7% completed  (3% total)
     Speed:     ev/sec=17155.4   simsec/sec=1.7501   ev/simsec=9802.51
     Messages:  created: 296141   present: 1102   in FES: 126
** Event #401920   t=42.532230558223   Elapsed: 22.1197s (0m 22s)  8% completed  (4% total)
     Speed:     ev/sec=18024.4   simsec/sec=1.96834   ev/simsec=9157.14
     Messages:  created: 325149   present: 1107   in FES: 126
** Event #434688   t=46.012049694385   Elapsed: 24.1262s (0m 24s)  9% completed  (4% total)
     Speed:     ev/sec=16330.8   simsec/sec=1.73426   ev/simsec=9416.58
     Messages:  created: 351207   present: 1092   in FES: 119
** Event #470784   t=49.559798540381   Elapsed: 26.1282s (0m 26s)  9% completed  (4% total)
     Speed:     ev/sec=18029.8   simsec/sec=1.77209   ev/simsec=10174.3
     Messages:  created: 380050   present: 1112   in FES: 123
** Event #504320   t=53.049483976879   Elapsed: 28.1287s (0m 28s)  10% completed  (5% total)
     Speed:     ev/sec=16764.2   simsec/sec=1.74445   ev/simsec=9610.04
     Messages:  created: 406902   present: 1092   in FES: 117
** Event #538112   t=56.549535436033   Elapsed: 30.1483s (0m 30s)  11% completed  (5% total)
     Speed:     ev/sec=16732.1   simsec/sec=1.73305   ev/simsec=9654.72
     Messages:  created: 433422   present: 1113   in FES: 124
** Event #570112   t=59.590933737958   Elapsed: 32.1591s (0m 32s)  11% completed  (5% total)
     Speed:     ev/sec=15913.9   simsec/sec=1.51252   ev/simsec=10521.5
     Messages:  created: 458603   present: 1078   in FES: 115
** Event #602624   t=63.048529549057   Elapsed: 34.1597s (0m 34s)  12% completed  (6% total)
     Speed:     ev/sec=16251.2   simsec/sec=1.72828   ev/simsec=9403.07
     Messages:  created: 484001   present: 1107   in FES: 123
** Event #636160   t=66.527185271454   Elapsed: 36.1816s (0m 36s)  13% completed  (6% total)
     Speed:     ev/sec=16586.6   simsec/sec=1.72051   ev/simsec=9640.51
     Messages:  created: 510150   present: 1099   in FES: 126
** Event #667392   t=69.551046188791   Elapsed: 38.1869s (0m 38s)  13% completed  (6% total)
     Speed:     ev/sec=15574.6   simsec/sec=1.50792   ev/simsec=10328.5
     Messages:  created: 534473   present: 1057   in FES: 106
** Event #700160   t=73.018224898589   Elapsed: 40.1905s (0m 40s)  14% completed  (7% total)
     Speed:     ev/sec=16354.5   simsec/sec=1.73047   ev/simsec=9450.91
     Messages:  created: 560482   present: 1106   in FES: 126
** Event #734976   t=76.532960757903   Elapsed: 42.1966s (0m 42s)  15% completed  (7% total)
     Speed:     ev/sec=17354.6   simsec/sec=1.75198   ev/simsec=9905.72
     Messages:  created: 587929   present: 1087   in FES: 116
** Event #766208   t=79.540350280346   Elapsed: 44.2163s (0m 44s)  15% completed  (7% total)
     Speed:     ev/sec=15463.5   simsec/sec=1.48901   ev/simsec=10385.1
     Messages:  created: 612023   present: 1094   in FES: 117
** Event #796928   t=82.5498688223   Elapsed: 46.2415s (0m 46s)  16% completed  (8% total)
     Speed:     ev/sec=15169   simsec/sec=1.48605   ev/simsec=10207.6
     Messages:  created: 635771   present: 1101   in FES: 126
** Event #828672   t=85.564971096155   Elapsed: 48.2467s (0m 48s)  17% completed  (8% total)
     Speed:     ev/sec=15830.9   simsec/sec=1.50365   ev/simsec=10528.3
     Messages:  created: 660333   present: 1078   in FES: 113
** Event #859136   t=88.566797995707   Elapsed: 50.2492s (0m 50s)  17% completed  (8% total)
     Speed:     ev/sec=15213.3   simsec/sec=1.49908   ev/simsec=10148.5
     Messages:  created: 683993   present: 1113   in FES: 124
** Event #890368   t=91.610054252475   Elapsed: 52.2634s (0m 52s)  18% completed  (9% total)
     Speed:     ev/sec=15506   simsec/sec=1.51091   ev/simsec=10262.7
     Messages:  created: 708207   present: 1092   in FES: 119
** Event #924416   t=95.068358013701   Elapsed: 54.2663s (0m 54s)  19% completed  (9% total)
     Speed:     ev/sec=16998.6   simsec/sec=1.72658   ev/simsec=9845.29
     Messages:  created: 734697   present: 1067   in FES: 110
** Event #956416   t=98.541788651548   Elapsed: 56.2674s (0m 56s)  19% completed  (9% total)
     Speed:     ev/sec=15991.3   simsec/sec=1.73577   ev/simsec=9212.79
     Messages:  created: 760063   present: 1107   in FES: 126
** Event #992000   t=101.522869107699   Elapsed: 58.2901s (0m 58s)  20% completed  (10% total)
     Speed:     ev/sec=17592.2   simsec/sec=1.4738   ev/simsec=11936.6
     Messages:  created: 791369   present: 1075   in FES: 112
** Event #1029632   t=104.011673973463   Elapsed: 60.2942s (1m 00s)  20% completed  (10% total)
     Speed:     ev/sec=18778   simsec/sec=1.24189   ev/simsec=15120.5
     Messages:  created: 828837   present: 1096   in FES: 121
** Event #1069568   t=106.53436146609   Elapsed: 62.3117s (1m 02s)  21% completed  (10% total)
     Speed:     ev/sec=19794.7   simsec/sec=1.2504   ev/simsec=15830.7
     Messages:  created: 867930   present: 1113   in FES: 124
** Event #1103872   t=108.575480727532   Elapsed: 64.3374s (1m 04s)  21% completed  (10% total)
     Speed:     ev/sec=16934.3   simsec/sec=1.00761   ev/simsec=16806.5
     Messages:  created: 901300   present: 1107   in FES: 122
** Event #1143296   t=111.181764055517   Elapsed: 66.3389s (1m 06s)  22% completed  (11% total)
     Speed:     ev/sec=19697.7   simsec/sec=1.3022   ev/simsec=15126.5
     Messages:  created: 939877   present: 1082   in FES: 127
** Event #1181184   t=113.681540981032   Elapsed: 68.3404s (1m 08s)  22% completed  (11% total)
     Speed:     ev/sec=18929.7   simsec/sec=1.24894   ev/simsec=15156.6
     Messages:  created: 977482   present: 1084   in FES: 126
** Event #1223424   t=116.554765943893   Elapsed: 70.355s (1m 10s)  23% completed  (11% total)
     Speed:     ev/sec=20966.8   simsec/sec=1.42619   ev/simsec=14701.3
     Messages:  created: 1020043   present: 1112   in FES: 126
** Event #1263616   t=119.097019984117   Elapsed: 72.3558s (1m 12s)  23% completed  (11% total)
     Speed:     ev/sec=20087.7   simsec/sec=1.2706   ev/simsec=15809.6
     Messages:  created: 1059524   present: 1040   in FES: 101
** Event #1300224   t=121.584859961309   Elapsed: 74.3577s (1m 14s)  24% completed  (12% total)
     Speed:     ev/sec=18286.9   simsec/sec=1.24276   ev/simsec=14714.8
     Messages:  created: 1096349   present: 1092   in FES: 118
** Event #1343488   t=124.570794319278   Elapsed: 76.3638s (1m 16s)  24% completed  (12% total)
     Speed:     ev/sec=21565.9   simsec/sec=1.48841   ev/simsec=14489.3
     Messages:  created: 1139856   present: 1093   in FES: 118
** Event #1385216   t=127.534851436889   Elapsed: 78.3743s (1m 18s)  25% completed  (12% total)
     Speed:     ev/sec=20755   simsec/sec=1.47428   ev/simsec=14078
     Messages:  created: 1182159   present: 1115   in FES: 126
** Event #1426944   t=130.43195754209   Elapsed: 80.3805s (1m 20s)  26% completed  (13% total)
     Speed:     ev/sec=20800.1   simsec/sec=1.44411   ev/simsec=14403.3
     Messages:  created: 1224088   present: 1026   in FES: 97
** Event #1468672   t=133.181763368655   Elapsed: 82.3901s (1m 22s)  26% completed  (13% total)
     Speed:     ev/sec=20764.1   simsec/sec=1.36832   ev/simsec=15174.9
     Messages:  created: 1266073   present: 1096   in FES: 127
** Event #1513472   t=136.513094112991   Elapsed: 84.3901s (1m 24s)  27% completed  (13% total)
     Speed:     ev/sec=22399.6   simsec/sec=1.66564   ev/simsec=13448.1
     Messages:  created: 1312660   present: 1086   in FES: 117
** Event #1559296   t=139.515773858619   Elapsed: 86.4068s (1m 26s)  27% completed  (13% total)
     Speed:     ev/sec=22722.1   simsec/sec=1.48889   ev/simsec=15261
     Messages:  created: 1360496   present: 1095   in FES: 120
** Event #1603840   t=142.520547222881   Elapsed: 88.4236s (1m 28s)  28% completed  (14% total)
     Speed:     ev/sec=22086.8   simsec/sec=1.48989   ev/simsec=14824.4
     Messages:  created: 1406770   present: 1028   in FES: 97
** Event #1649408   t=145.537946444148   Elapsed: 90.4412s (1m 30s)  29% completed  (14% total)
     Speed:     ev/sec=22585.1   simsec/sec=1.49553   ev/simsec=15101.7
     Messages:  created: 1454292   present: 1116   in FES: 126
** Event #1694208   t=148.549886634283   Elapsed: 92.4486s (1m 32s)  29% completed  (14% total)
     Speed:     ev/sec=22318.3   simsec/sec=1.50048   ev/simsec=14874.1
     Messages:  created: 1500875   present: 1040   in FES: 118
** Event #1739520   t=151.574099775058   Elapsed: 94.4517s (1m 34s)  30% completed  (15% total)
     Speed:     ev/sec=22620.1   simsec/sec=1.50971   ev/simsec=14983.1
     Messages:  created: 1547750   present: 1107   in FES: 126
** Event #1784576   t=155.016837418196   Elapsed: 96.4532s (1m 36s)  31% completed  (15% total)
     Speed:     ev/sec=22511.3   simsec/sec=1.72009   ev/simsec=13087.3
     Messages:  created: 1594135   present: 1090   in FES: 117
** Event #1833984   t=158.537945920237   Elapsed: 98.4575s (1m 38s)  31% completed  (15% total)
     Speed:     ev/sec=24650.7   simsec/sec=1.75676   ev/simsec=14031.9
     Messages:  created: 1644819   present: 1079   in FES: 112
** Event #1877248   t=161.55772290241   Elapsed: 100.466s (1m 40s)  32% completed  (16% total)
     Speed:     ev/sec=21537.3   simsec/sec=1.50328   ev/simsec=14326.9
     Messages:  created: 1689107   present: 1107   in FES: 117
** Event #1921792   t=164.68530551115   Elapsed: 102.467s (1m 42s)  32% completed  (16% total)
     Speed:     ev/sec=22265.1   simsec/sec=1.56331   ev/simsec=14242.3
     Messages:  created: 1734424   present: 1060   in FES: 127
** Event #1968384   t=168.049885835839   Elapsed: 104.468s (1m 44s)  33% completed  (16% total)
     Speed:     ev/sec=23282.6   simsec/sec=1.68132   ev/simsec=13847.8
     Messages:  created: 1782051   present: 1088   in FES: 128
** Event #2012160   t=171.094830682609   Elapsed: 106.471s (1m 46s)  34% completed  (17% total)
     Speed:     ev/sec=21854.1   simsec/sec=1.52012   ev/simsec=14376.6
     Messages:  created: 1826507   present: 1023   in FES: 96
** Event #2055936   t=174.431808814964   Elapsed: 108.479s (1m 48s)  34% completed  (17% total)
     Speed:     ev/sec=21805.8   simsec/sec=1.66222   ev/simsec=13118.5
     Messages:  created: 1871712   present: 1102   in FES: 123
** Event #2097408   t=177.182192234856   Elapsed: 110.482s (1m 50s)  35% completed  (17% total)
     Speed:     ev/sec=20701.1   simsec/sec=1.37288   ev/simsec=15078.6
     Messages:  created: 1913650   present: 1092   in FES: 151
** Event #2142720   t=180.526150661604   Elapsed: 112.499s (1m 52s)  36% completed  (18% total)
     Speed:     ev/sec=22471.7   simsec/sec=1.65838   ev/simsec=13550.4
     Messages:  created: 1960289   present: 1041   in FES: 118
** Event #2181376   t=183.048980590073   Elapsed: 114.5s (1m 54s)  36% completed  (18% total)
     Speed:     ev/sec=19311.5   simsec/sec=1.26034   ev/simsec=15322.5
     Messages:  created: 1998935   present: 1096   in FES: 126
** Event #2223104   t=186.015497485604   Elapsed: 116.506s (1m 56s)  37% completed  (18% total)
     Speed:     ev/sec=20804.7   simsec/sec=1.47904   ev/simsec=14066.3
     Messages:  created: 2041471   present: 1094   in FES: 119
** Event #2264576   t=188.610047988727   Elapsed: 118.52s (1m 58s)  37% completed  (18% total)
     Speed:     ev/sec=20594.5   simsec/sec=1.28842   ev/simsec=15984.3
     Messages:  created: 2083858   present: 1043   in FES: 102
** Event #2308352   t=191.549885545704   Elapsed: 120.534s (2m 00s)  38% completed  (19% total)
     Speed:     ev/sec=21733.4   simsec/sec=1.45953   ev/simsec=14890.6
     Messages:  created: 2129619   present: 1103   in FES: 127
** Event #2352384   t=194.432581658322   Elapsed: 122.549s (2m 02s)  38% completed  (19% total)
     Speed:     ev/sec=21850.7   simsec/sec=1.43053   ev/simsec=15274.6
     Messages:  created: 2175554   present: 1042   in FES: 127
** Event #2392832   t=196.935306249686   Elapsed: 124.552s (2m 04s)  39% completed  (19% total)
     Speed:     ev/sec=20190.3   simsec/sec=1.24928   ev/simsec=16161.6
     Messages:  created: 2218168   present: 1033   in FES: 120
** Event #2437120   t=199.555683119019   Elapsed: 126.579s (2m 06s)  39% completed  (19% total)
     Speed:     ev/sec=21855   simsec/sec=1.29309   ev/simsec=16901.4
     Messages:  created: 2264520   present: 1056   in FES: 103
** Event #2479104   t=202.072030844732   Elapsed: 128.579s (2m 08s)  40% completed  (20% total)
     Speed:     ev/sec=20988.1   simsec/sec=1.25794   ev/simsec=16684.5
     Messages:  created: 2308398   present: 1101   in FES: 120
** Event #2519296   t=204.565849614093   Elapsed: 130.595s (2m 10s)  40% completed  (20% total)
     Speed:     ev/sec=19940   simsec/sec=1.23723   ev/simsec=16116.6
     Messages:  created: 2350542   present: 1112   in FES: 123
** Event #2561280   t=207.081878279352   Elapsed: 132.597s (2m 12s)  41% completed  (20% total)
     Speed:     ev/sec=20971.3   simsec/sec=1.25678   ev/simsec=16686.6
     Messages:  created: 2394010   present: 1049   in FES: 104
** Event #2600448   t=209.574420985867   Elapsed: 134.612s (2m 14s)  41% completed  (20% total)
     Speed:     ev/sec=19439.7   simsec/sec=1.23709   ev/simsec=15714.1
     Messages:  created: 2434935   present: 1091   in FES: 114
** Event #2643712   t=212.549002214112   Elapsed: 136.623s (2m 16s)  42% completed  (21% total)
     Speed:     ev/sec=21513.5   simsec/sec=1.47914   ev/simsec=14544.6
     Messages:  created: 2479483   present: 1097   in FES: 120
** Event #2677248   t=214.608142499169   Elapsed: 138.624s (2m 18s)  42% completed  (21% total)
     Speed:     ev/sec=16755.2   simsec/sec=1.02878   ev/simsec=16286.4
     Messages:  created: 2512538   present: 1039   in FES: 102
** Event #2719744   t=217.538926187064   Elapsed: 140.648s (2m 20s)  43% completed  (21% total)
     Speed:     ev/sec=21001.4   simsec/sec=1.44839   ev/simsec=14499.9
     Messages:  created: 2555749   present: 1078   in FES: 111
** Event #2758400   t=220.056631098298   Elapsed: 142.65s (2m 22s)  44% completed  (22% total)
     Speed:     ev/sec=19307.1   simsec/sec=1.25749   ev/simsec=15353.7
     Messages:  created: 2594378   present: 1118   in FES: 123
** Event #2800640   t=223.028841975497   Elapsed: 144.658s (2m 24s)  44% completed  (22% total)
     Speed:     ev/sec=21035.3   simsec/sec=1.48014   ev/simsec=14211.6
     Messages:  created: 2637621   present: 1071   in FES: 110
** Event #2839808   t=225.564677743341   Elapsed: 146.659s (2m 26s)  45% completed  (22% total)
     Speed:     ev/sec=19571.1   simsec/sec=1.26708   ev/simsec=15445.8
     Messages:  created: 2676821   present: 1119   in FES: 126
** Event #2883072   t=228.526149457583   Elapsed: 148.665s (2m 28s)  45% completed  (22% total)
     Speed:     ev/sec=21573   simsec/sec=1.4767   ev/simsec=14609
     Messages:  created: 2720516   present: 1092   in FES: 127
** Event #2919168   t=230.685599638101   Elapsed: 150.673s (2m 30s)  46% completed  (23% total)
     Speed:     ev/sec=17976   simsec/sec=1.07542   ev/simsec=16715.4
     Messages:  created: 2757453   present: 1095   in FES: 126
** Event #2965504   t=233.521700348957   Elapsed: 152.678s (2m 32s)  46% completed  (23% total)
     Speed:     ev/sec=23104.3   simsec/sec=1.41415   ev/simsec=16337.9
     Messages:  created: 2807929   present: 1105   in FES: 126
** Event #3003904   t=235.704986655062   Elapsed: 154.683s (2m 34s)  47% completed  (23% total)
     Speed:     ev/sec=19149.5   simsec/sec=1.08877   ev/simsec=17588.2
     Messages:  created: 2848044   present: 1021   in FES: 95
** Event #3049472   t=238.56073348556   Elapsed: 156.688s (2m 36s)  47% completed  (23% total)
     Speed:     ev/sec=22728   simsec/sec=1.42436   ev/simsec=15956.6
     Messages:  created: 2896597   present: 1113   in FES: 126
** Event #3092992   t=241.186106916566   Elapsed: 158.691s (2m 38s)  48% completed  (24% total)
     Speed:     ev/sec=21736.9   simsec/sec=1.3113   ev/simsec=16576.7
     Messages:  created: 2942787   present: 1103   in FES: 121
** Event #3134464   t=243.571388571303   Elapsed: 160.699s (2m 40s)  48% completed  (24% total)
     Speed:     ev/sec=20645   simsec/sec=1.18741   ev/simsec=17386.6
     Messages:  created: 2987974   present: 1095   in FES: 117
** Event #3181312   t=246.521953169076   Elapsed: 162.717s (2m 42s)  49% completed  (24% total)
     Speed:     ev/sec=23218.5   simsec/sec=1.46234   ev/simsec=15877.6
     Messages:  created: 3039165   present: 1074   in FES: 113
** Event #3219712   t=248.583888518724   Elapsed: 164.726s (2m 44s)  49% completed  (24% total)
     Speed:     ev/sec=19112.2   simsec/sec=1.02625   ev/simsec=18623.3
     Messages:  created: 3080755   present: 1107   in FES: 126
** Event #3269120   t=251.550564149465   Elapsed: 166.73s (2m 46s)  50% completed  (25% total)
     Speed:     ev/sec=24655.8   simsec/sec=1.48044   ev/simsec=16654.3
     Messages:  created: 3135402   present: 1129   in FES: 128
** Event #3316992   t=254.027209971593   Elapsed: 168.731s (2m 48s)  50% completed  (25% total)
     Speed:     ev/sec=23924.7   simsec/sec=1.23774   ev/simsec=19329.4
     Messages:  created: 3189405   present: 1078   in FES: 128
** Event #3362816   t=256.575138047935   Elapsed: 170.742s (2m 50s)  51% completed  (25% total)
     Speed:     ev/sec=22790.5   simsec/sec=1.26721   ev/simsec=17984.8
     Messages:  created: 3239612   present: 1095   in FES: 116
** Event #3413504   t=259.43234687997   Elapsed: 172.745s (2m 52s)  51% completed  (25% total)
     Speed:     ev/sec=25300.1   simsec/sec=1.42613   ev/simsec=17740.4
     Messages:  created: 3296799   present: 1067   in FES: 110
** Event #3454720   t=261.686262108844   Elapsed: 174.75s (2m 54s)  52% completed  (26% total)
     Speed:     ev/sec=20562.4   simsec/sec=1.12446   ev/simsec=18286.4
     Messages:  created: 3341748   present: 1128   in FES: 131
** Event #3502336   t=264.536804544326   Elapsed: 176.76s (2m 56s)  52% completed  (26% total)
     Speed:     ev/sec=23683.3   simsec/sec=1.4178   ev/simsec=16704.2
     Messages:  created: 3394356   present: 1088   in FES: 117
** Event #3549184   t=267.029756370535   Elapsed: 178.762s (2m 58s)  53% completed  (26% total)
     Speed:     ev/sec=23407.9   simsec/sec=1.24562   ev/simsec=18792.2
     Messages:  created: 3446371   present: 1097   in FES: 118
** Event #3595776   t=269.56123892339   Elapsed: 180.774s (3m 00s)  53% completed  (26% total)
     Speed:     ev/sec=23150.4   simsec/sec=1.25783   ev/simsec=18405
     Messages:  created: 3498080   present: 1114   in FES: 117
** Event #3647488   t=272.535851384844   Elapsed: 182.78s (3m 02s)  54% completed  (27% total)
     Speed:     ev/sec=25778.7   simsec/sec=1.48286   ev/simsec=17384.4
     Messages:  created: 3556093   present: 1117   in FES: 126
** Event #3698176   t=274.533160729172   Elapsed: 184.798s (3m 04s)  54% completed  (27% total)
     Speed:     ev/sec=25121.9   simsec/sec=0.989902   ev/simsec=25378.1
     Messages:  created: 3615974   present: 1076   in FES: 109
** Event #3741952   t=277.016837945828   Elapsed: 186.798s (3m 06s)  55% completed  (27% total)
     Speed:     ev/sec=21887.8   simsec/sec=1.24183   ev/simsec=17625.5
     Messages:  created: 3664231   present: 1083   in FES: 114
** Event #3788800   t=279.581416803885   Elapsed: 188.817s (3m 08s)  55% completed  (27% total)
     Speed:     ev/sec=23197.7   simsec/sec=1.2699   ev/simsec=18267.3
     Messages:  created: 3714275   present: 1113   in FES: 124
** Event #3829504   t=282.018228265031   Elapsed: 190.819s (3m 10s)  56% completed  (28% total)
     Speed:     ev/sec=20337.4   simsec/sec=1.21753   ev/simsec=16703.8
     Messages:  created: 3758179   present: 1079   in FES: 112
** Event #3874304   t=284.563769697895   Elapsed: 192.836s (3m 12s)  56% completed  (28% total)
     Speed:     ev/sec=22204.2   simsec/sec=1.26164   ev/simsec=17599.4
     Messages:  created: 3805701   present: 1208   in FES: 156
** Event #3924736   t=287.51579790378   Elapsed: 194.85s (3m 14s)  57% completed  (28% total)
     Speed:     ev/sec=25049.8   simsec/sec=1.46628   ev/simsec=17083.8
     Messages:  created: 3860149   present: 1071   in FES: 112
** Event #3961344   t=289.568418187279   Elapsed: 196.862s (3m 16s)  57% completed  (28% total)
     Speed:     ev/sec=18189.2   simsec/sec=1.01988   ev/simsec=17834.8
     Messages:  created: 3897835   present: 1055   in FES: 104
** Event #4000512   t=292.022238889938   Elapsed: 198.866s (3m 18s)  58% completed  (29% total)
     Speed:     ev/sec=19552.3   simsec/sec=1.22492   ev/simsec=15962
     Messages:  created: 3938578   present: 1074   in FES: 111
** Event #4043008   t=294.527945133036   Elapsed: 200.872s (3m 20s)  58% completed  (29% total)
     Speed:     ev/sec=21177.3   simsec/sec=1.24868   ev/simsec=16959.7
     Messages:  created: 3982413   present: 1083   in FES: 113
** Event #4078592   t=296.529945317669   Elapsed: 202.881s (3m 22s)  59% completed  (29% total)
     Speed:     ev/sec=17715.5   simsec/sec=0.996696   ev/simsec=17774.2
     Messages:  created: 4018591   present: 1078   in FES: 109
** Event #4115456   t=298.573388538259   Elapsed: 204.886s (3m 24s)  59% completed  (29% total)
     Speed:     ev/sec=18381.6   simsec/sec=1.01893   ev/simsec=18040.1
     Messages:  created: 4056080   present: 1100   in FES: 119
** Event #4156160   t=301.029757447468   Elapsed: 206.893s (3m 26s)  60% completed  (30% total)
     Speed:     ev/sec=20283.1   simsec/sec=1.22402   ev/simsec=16570.8
     Messages:  created: 4098411   present: 1046   in FES: 101
** Event #4196352   t=303.299885343174   Elapsed: 208.896s (3m 28s)  60% completed  (30% total)
     Speed:     ev/sec=20065.9   simsec/sec=1.13337   ev/simsec=17704.7
     Messages:  created: 4139392   present: 1093   in FES: 127
** Event #4233728   t=305.518174735342   Elapsed: 210.9s (3m 30s)  61% completed  (30% total)
     Speed:     ev/sec=18656   simsec/sec=1.10725   ev/simsec=16849
     Messages:  created: 4177677   present: 1110   in FES: 126
** Event #4268800   t=307.523110356639   Elapsed: 212.902s (3m 32s)  61% completed  (30% total)
     Speed:     ev/sec=17511   simsec/sec=1.00104   ev/simsec=17492.8
     Messages:  created: 4212452   present: 1070   in FES: 109
** Event #4305664   t=309.572068847359   Elapsed: 214.911s (3m 34s)  61% completed  (30% total)
     Speed:     ev/sec=18355.3   simsec/sec=1.02021   ev/simsec=17991.6
     Messages:  created: 4248889   present: 1122   in FES: 125
** Event #4339200   t=311.566498803894   Elapsed: 216.933s (3m 36s)  62% completed  (31% total)
     Speed:     ev/sec=16584.4   simsec/sec=0.986296   ev/simsec=16814.8
     Messages:  created: 4282175   present: 1083   in FES: 112
** Event #4375552   t=313.60883056949   Elapsed: 218.934s (3m 38s)  62% completed  (31% total)
     Speed:     ev/sec=18167.6   simsec/sec=1.02069   ev/simsec=17799.3
     Messages:  created: 4318278   present: 1104   in FES: 126
** Event #4414720   t=316.04078539198   Elapsed: 220.939s (3m 40s)  63% completed  (31% total)
     Speed:     ev/sec=19532.4   simsec/sec=1.21277   ev/simsec=16105.6
     Messages:  created: 4357777   present: 1103   in FES: 122
** Event #4455936   t=318.187381478684   Elapsed: 222.941s (3m 42s)  63% completed  (31% total)
     Speed:     ev/sec=20587.9   simsec/sec=1.07225   ev/simsec=19200.6
     Messages:  created: 4400700   present: 1089   in FES: 112
** Event #4495360   t=320.55039410781   Elapsed: 224.945s (3m 44s)  64% completed  (32% total)
     Speed:     ev/sec=19671.5   simsec/sec=1.17908   ev/simsec=16683.8
     Messages:  created: 4441701   present: 1113   in FES: 153
** Event #4530176   t=322.55109725814   Elapsed: 226.953s (3m 46s)  64% completed  (32% total)
     Speed:     ev/sec=17342.3   simsec/sec=0.996577   ev/simsec=17401.9
     Messages:  created: 4477132   present: 1077   in FES: 110
** Event #4565504   t=324.580886268931   Elapsed: 228.964s (3m 48s)  64% completed  (32% total)
     Speed:     ev/sec=17568.8   simsec/sec=1.00943   ev/simsec=17404.8
     Messages:  created: 4511974   present: 1030   in FES: 97
** Event #4605440   t=327.051001580211   Elapsed: 230.965s (3m 50s)  65% completed  (32% total)
     Speed:     ev/sec=19951.8   simsec/sec=1.23406   ev/simsec=16167.7
     Messages:  created: 4552359   present: 1066   in FES: 127
** Event #4644096   t=329.531902474724   Elapsed: 232.968s (3m 52s)  65% completed  (32% total)
     Speed:     ev/sec=19297.9   simsec/sec=1.23852   ev/simsec=15581.4
     Messages:  created: 4591379   present: 1055   in FES: 104
** Event #4679680   t=331.567683945921   Elapsed: 234.989s (3m 54s)  66% completed  (33% total)
     Speed:     ev/sec=17612.5   simsec/sec=1.00762   ev/simsec=17479.3
     Messages:  created: 4627354   present: 1085   in FES: 112
** Event #4721920   t=334.526690499532   Elapsed: 237.004s (3m 57s)  66% completed  (33% total)
     Speed:     ev/sec=20959.1   simsec/sec=1.46823   ev/simsec=14275.1
     Messages:  created: 4669940   present: 1116   in FES: 145
** Event #4758528   t=336.581137847472   Elapsed: 239.005s (3m 59s)  67% completed  (33% total)
     Speed:     ev/sec=18297.7   simsec/sec=1.02687   ev/simsec=17818.9
     Messages:  created: 4707113   present: 1089   in FES: 116
** Event #4799488   t=339.081877401982   Elapsed: 241.007s (4m 01s)  67% completed  (33% total)
     Speed:     ev/sec=20459.7   simsec/sec=1.24913   ev/simsec=16379.2
     Messages:  created: 4748712   present: 1090   in FES: 117
** Event #4836608   t=341.54966247594   Elapsed: 243.029s (4m 03s)  68% completed  (34% total)
     Speed:     ev/sec=18355.5   simsec/sec=1.2203   ev/simsec=15041.8
     Messages:  created: 4786928   present: 1026   in FES: 97
** Event #4879360   t=344.181808966229   Elapsed: 245.035s (4m 05s)  68% completed  (34% total)
     Speed:     ev/sec=21308.3   simsec/sec=1.31191   ev/simsec=16242.3
     Messages:  created: 4830906   present: 1058   in FES: 107
** Event #4918016   t=346.57240904193   Elapsed: 247.041s (4m 07s)  69% completed  (34% total)
     Speed:     ev/sec=19277.7   simsec/sec=1.19219   ev/simsec=16170
     Messages:  created: 4870888   present: 1093   in FES: 120
** Event #4963072   t=349.55447600522   Elapsed: 249.041s (4m 09s)  69% completed  (34% total)
     Speed:     ev/sec=22526.7   simsec/sec=1.49094   ev/simsec=15109
     Messages:  created: 4917825   present: 1106   in FES: 126
** Event #5006592   t=352.299885994517   Elapsed: 251.044s (4m 11s)  70% completed  (35% total)
     Speed:     ev/sec=21725.6   simsec/sec=1.37054   ev/simsec=15851.9
     Messages:  created: 4962715   present: 1089   in FES: 128
** Event #5047552   t=354.688814577735   Elapsed: 253.046s (4m 13s)  70% completed  (35% total)
     Speed:     ev/sec=20461.6   simsec/sec=1.19339   ev/simsec=17145.8
     Messages:  created: 5006001   present: 1122   in FES: 121
** Event #5095680   t=356.936263881715   Elapsed: 255.053s (4m 15s)  71% completed  (35% total)
     Speed:     ev/sec=23978.7   simsec/sec=1.11974   ev/simsec=21414.5
     Messages:  created: 5061939   present: 1062   in FES: 109
** Event #5145856   t=359.541732331635   Elapsed: 257.065s (4m 17s)  71% completed  (35% total)
     Speed:     ev/sec=24937.6   simsec/sec=1.29492   ev/simsec=19258
     Messages:  created: 5117158   present: 1100   in FES: 126
** Event #5190912   t=362.081876672207   Elapsed: 259.066s (4m 19s)  72% completed  (36% total)
     Speed:     ev/sec=22512.1   simsec/sec=1.26917   ev/simsec=17737.6
     Messages:  created: 5164981   present: 1115   in FES: 126
** Event #5233664   t=364.581913935149   Elapsed: 261.082s (4m 21s)  72% completed  (36% total)
     Speed:     ev/sec=21210.9   simsec/sec=1.24036   ev/simsec=17100.5
     Messages:  created: 5211194   present: 1079   in FES: 114
** Event #5283072   t=367.550308580957   Elapsed: 263.083s (4m 23s)  73% completed  (36% total)
     Speed:     ev/sec=24695.4   simsec/sec=1.48368   ev/simsec=16644.7
     Messages:  created: 5265138   present: 1076   in FES: 111
** Event #5332224   t=370.516718118301   Elapsed: 265.089s (4m 25s)  74% completed  (37% total)
     Speed:     ev/sec=24502.9   simsec/sec=1.4788   ev/simsec=16569.5
     Messages:  created: 5318808   present: 1100   in FES: 121
** Event #5375488   t=373.028842417365   Elapsed: 267.089s (4m 27s)  74% completed  (37% total)
     Speed:     ev/sec=21625.9   simsec/sec=1.25571   ev/simsec=17222.1
     Messages:  created: 5365559   present: 1066   in FES: 107
** Event #5426176   t=376.036844876416   Elapsed: 269.091s (4m 29s)  75% completed  (37% total)
     Speed:     ev/sec=25318.3   simsec/sec=1.50248   ev/simsec=16851.1
     Messages:  created: 5420680   present: 1033   in FES: 96
** Event #5469440   t=378.776162215526   Elapsed: 271.1s (4m 31s)  75% completed  (37% total)
     Speed:     ev/sec=21535.9   simsec/sec=1.36357   ev/simsec=15793.7
     Messages:  created: 5466517   present: 1115   in FES: 143
** Event #5517056   t=381.93740245053   Elapsed: 273.105s (4m 33s)  76% completed  (38% total)
     Speed:     ev/sec=23748.9   simsec/sec=1.5767   ev/simsec=15062.4
     Messages:  created: 5517472   present: 1120   in FES: 123
** Event #5562368   t=385.01683671394   Elapsed: 275.106s (4m 35s)  77% completed  (38% total)
     Speed:     ev/sec=22644.1   simsec/sec=1.53891   ev/simsec=14714.4
     Messages:  created: 5564418   present: 1110   in FES: 123
** Event #5606144   t=388.026428427991   Elapsed: 277.109s (4m 37s)  77% completed  (38% total)
     Speed:     ev/sec=21859.3   simsec/sec=1.50282   ev/simsec=14545.5
     Messages:  created: 5608799   present: 1037   in FES: 113
** Event #5647872   t=390.936619854286   Elapsed: 279.109s (4m 39s)  78% completed  (39% total)
     Speed:     ev/sec=20856.8   simsec/sec=1.45459   ev/simsec=14338.6
     Messages:  created: 5651099   present: 1117   in FES: 127
** Event #5688320   t=393.582122069766   Elapsed: 281.123s (4m 41s)  78% completed  (39% total)
     Speed:     ev/sec=20087.9   simsec/sec=1.31385   ev/simsec=15289.3
     Messages:  created: 5692037   present: 1092   in FES: 117
** Event #5730304   t=396.551819990161   Elapsed: 283.134s (4m 43s)  79% completed  (39% total)
     Speed:     ev/sec=20873.1   simsec/sec=1.47644   ev/simsec=14137.5
     Messages:  created: 5734748   present: 1031   in FES: 96
** Event #5770752   t=399.185806198365   Elapsed: 285.135s (4m 45s)  79% completed  (39% total)
     Speed:     ev/sec=20218.1   simsec/sec=1.31661   ev/simsec=15356.2
     Messages:  created: 5775351   present: 1121   in FES: 139
** Event #5810688   t=402.01817270373   Elapsed: 287.135s (4m 47s)  80% completed  (40% total)
     Speed:     ev/sec=19967.8   simsec/sec=1.41617   ev/simsec=14099.9
     Messages:  created: 5816325   present: 1035   in FES: 98
** Event #5850368   t=404.55079524883   Elapsed: 289.152s (4m 49s)  80% completed  (40% total)
     Speed:     ev/sec=19672.6   simsec/sec=1.25562   ev/simsec=15667.6
     Messages:  created: 5856339   present: 1039   in FES: 98
** Event #5888256   t=407.054622402551   Elapsed: 291.158s (4m 51s)  81% completed  (40% total)
     Speed:     ev/sec=18887.4   simsec/sec=1.24817   ev/simsec=15132
     Messages:  created: 5894314   present: 1121   in FES: 126
** Event #5928960   t=410.036747136898   Elapsed: 293.164s (4m 53s)  82% completed  (41% total)
     Speed:     ev/sec=20287.6   simsec/sec=1.48635   ev/simsec=13649.3
     Messages:  created: 5934910   present: 1039   in FES: 98
** Event #5968128   t=412.681541472095   Elapsed: 295.166s (4m 55s)  82% completed  (41% total)
     Speed:     ev/sec=19568.4   simsec/sec=1.32134   ev/simsec=14809.5
     Messages:  created: 5973144   present: 1088   in FES: 126
** Event #6009856   t=415.564581227023   Elapsed: 297.182s (4m 57s)  83% completed  (41% total)
     Speed:     ev/sec=20693.1   simsec/sec=1.42972   ev/simsec=14473.6
     Messages:  created: 6014396   present: 1046   in FES: 99
** Event #6049792   t=418.513668399675   Elapsed: 299.215s (4m 59s)  83% completed  (41% total)
     Speed:     ev/sec=19647.6   simsec/sec=1.45088   ev/simsec=13541.8
     Messages:  created: 6054192   present: 1040   in FES: 101
** Event #6089728   t=421.016836711541   Elapsed: 301.221s (5m 01s)  84% completed  (42% total)
     Speed:     ev/sec=19910.1   simsec/sec=1.24796   ev/simsec=15954.2
     Messages:  created: 6094321   present: 1114   in FES: 125
** Event #6128896   t=423.560026539051   Elapsed: 303.23s (5m 03s)  84% completed  (42% total)
     Speed:     ev/sec=19490.8   simsec/sec=1.26554   ev/simsec=15401.1
     Messages:  created: 6132962   present: 1070   in FES: 107
** Event #6169088   t=426.097017741885   Elapsed: 305.232s (5m 05s)  85% completed  (42% total)
     Speed:     ev/sec=20076.2   simsec/sec=1.26724   ev/simsec=15842.4
     Messages:  created: 6172671   present: 1101   in FES: 122
** Event #6206208   t=428.580477270462   Elapsed: 307.234s (5m 07s)  85% completed  (42% total)
     Speed:     ev/sec=18546   simsec/sec=1.24079   ev/simsec=14946.9
     Messages:  created: 6210086   present: 1077   in FES: 112
** Event #6248704   t=431.541894238475   Elapsed: 309.244s (5m 09s)  86% completed  (43% total)
     Speed:     ev/sec=21140.8   simsec/sec=1.47324   ev/simsec=14349.9
     Messages:  created: 6253185   present: 1070   in FES: 111
** Event #6288384   t=434.18530522815   Elapsed: 311.252s (5m 11s)  86% completed  (43% total)
     Speed:     ev/sec=19760.5   simsec/sec=1.31641   ev/simsec=15010.9
     Messages:  created: 6291964   present: 1071   in FES: 127
** Event #6322176   t=436.686217809195   Elapsed: 313.263s (5m 13s)  87% completed  (43% total)
     Speed:     ev/sec=16804.2   simsec/sec=1.24366   ev/simsec=13511.9
     Messages:  created: 6324580   present: 1082   in FES: 128
** Event #6362624   t=439.568788152058   Elapsed: 315.271s (5m 15s)  87% completed  (43% total)
     Speed:     ev/sec=20139.3   simsec/sec=1.43525   ev/simsec=14031.9
     Messages:  created: 6362695   present: 1113   in FES: 126
** Event #6402048   t=442.549886133659   Elapsed: 317.274s (5m 17s)  88% completed  (44% total)
     Speed:     ev/sec=19689.3   simsec/sec=1.48883   ev/simsec=13224.7
     Messages:  created: 6400214   present: 1082   in FES: 127
** Event #6436096   t=445.033419492746   Elapsed: 319.28s (5m 19s)  89% completed  (44% total)
     Speed:     ev/sec=16971.6   simsec/sec=1.23794   ev/simsec=13709.5
     Messages:  created: 6432150   present: 1033   in FES: 96
** Event #6472192   t=447.560850392767   Elapsed: 321.29s (5m 21s)  89% completed  (44% total)
     Speed:     ev/sec=17961.8   simsec/sec=1.25768   ev/simsec=14281.7
     Messages:  created: 6465985   present: 1070   in FES: 109
** Event #6509056   t=450.081824322773   Elapsed: 323.292s (5m 23s)  90% completed  (45% total)
     Speed:     ev/sec=18411.5   simsec/sec=1.25908   ev/simsec=14622.9
     Messages:  created: 6500139   present: 1099   in FES: 126
** Event #6542336   t=452.550858442993   Elapsed: 325.296s (5m 25s)  90% completed  (45% total)
     Speed:     ev/sec=16601.6   simsec/sec=1.23167   ev/simsec=13479
     Messages:  created: 6531575   present: 1123   in FES: 126
** Event #6579968   t=455.181807264899   Elapsed: 327.298s (5m 27s)  91% completed  (45% total)
     Speed:     ev/sec=18799.3   simsec/sec=1.31431   ev/simsec=14303.6
     Messages:  created: 6566550   present: 1114   in FES: 141
** Event #6614528   t=457.584892172879   Elapsed: 329.308s (5m 29s)  91% completed  (45% total)
     Speed:     ev/sec=17192   simsec/sec=1.19543   ev/simsec=14381.5
     Messages:  created: 6598853   present: 1089   in FES: 116
** Event #6653440   t=460.521797679229   Elapsed: 331.328s (5m 31s)  92% completed  (46% total)
     Speed:     ev/sec=19264.9   simsec/sec=1.45403   ev/simsec=13249.3
     Messages:  created: 6636541   present: 1099   in FES: 120
** Event #6689280   t=462.685082537261   Elapsed: 333.331s (5m 33s)  92% completed  (46% total)
     Speed:     ev/sec=17893.7   simsec/sec=1.08006   ev/simsec=16567.4
     Messages:  created: 6671819   present: 1095   in FES: 126
** Event #6730752   t=465.5258647065   Elapsed: 335.344s (5m 35s)  93% completed  (46% total)
     Speed:     ev/sec=20608.6   simsec/sec=1.41166   ev/simsec=14598.8
     Messages:  created: 6713091   present: 1097   in FES: 118
** Event #6765568   t=467.583880530296   Elapsed: 337.349s (5m 37s)  93% completed  (46% total)
     Speed:     ev/sec=17361.4   simsec/sec=1.02625   ev/simsec=16917.3
     Messages:  created: 6747079   present: 1111   in FES: 126
** Event #6808320   t=470.523790489135   Elapsed: 339.354s (5m 39s)  94% completed  (47% total)
     Speed:     ev/sec=21319.7   simsec/sec=1.46608   ev/simsec=14541.9
     Messages:  created: 6789607   present: 1058   in FES: 105
** Event #6845184   t=472.799929959824   Elapsed: 341.357s (5m 41s)  94% completed  (47% total)
     Speed:     ev/sec=18408.3   simsec/sec=1.13661   ev/simsec=16195.8
     Messages:  created: 6825645   present: 1095   in FES: 123
** Event #6886656   t=475.52735570619   Elapsed: 343.362s (5m 43s)  95% completed  (47% total)
     Speed:     ev/sec=20678.6   simsec/sec=1.35994   ev/simsec=15205.5
     Messages:  created: 6866481   present: 1122   in FES: 125
** Event #6920960   t=477.574377004871   Elapsed: 345.372s (5m 45s)  95% completed  (47% total)
     Speed:     ev/sec=17071.6   simsec/sec=1.01871   ev/simsec=16758
     Messages:  created: 6899516   present: 1086   in FES: 115
** Event #6962432   t=480.4367744501   Elapsed: 347.377s (5m 47s)  96% completed  (48% total)
     Speed:     ev/sec=20685.5   simsec/sec=1.42772   ev/simsec=14488.6
     Messages:  created: 6940986   present: 1125   in FES: 127
** Event #7003648   t=483.056631365128   Elapsed: 349.38s (5m 49s)  96% completed  (48% total)
     Speed:     ev/sec=20574.9   simsec/sec=1.30782   ev/simsec=15732.2
     Messages:  created: 6981711   present: 1108   in FES: 119
** Event #7041536   t=485.56353189902   Elapsed: 351.406s (5m 51s)  97% completed  (48% total)
     Speed:     ev/sec=18699.2   simsec/sec=1.23725   ev/simsec=15113.5
     Messages:  created: 7019024   present: 1097   in FES: 118
** Event #7077120   t=488.017753586767   Elapsed: 353.413s (5m 53s)  97% completed  (48% total)
     Speed:     ev/sec=17733.1   simsec/sec=1.22305   ev/simsec=14499.1
     Messages:  created: 7054218   present: 1074   in FES: 111
** Event #7116544   t=490.529306913215   Elapsed: 355.434s (5m 55s)  98% completed  (49% total)
     Speed:     ev/sec=19499.7   simsec/sec=1.24225   ev/simsec=15697.1
     Messages:  created: 7092849   present: 1070   in FES: 107
** Event #7151360   t=492.603883931771   Elapsed: 357.443s (5m 57s)  98% completed  (49% total)
     Speed:     ev/sec=17331.6   simsec/sec=1.03273   ev/simsec=16782.2
     Messages:  created: 7126448   present: 1083   in FES: 116
** Event #7193856   t=495.530917475684   Elapsed: 359.463s (5m 59s)  99% completed  (49% total)
     Speed:     ev/sec=21042.9   simsec/sec=1.44939   ev/simsec=14518.5
     Messages:  created: 7168631   present: 1113   in FES: 120
** Event #7228928   t=497.681764115987   Elapsed: 361.468s (6m 01s)  99% completed  (49% total)
     Speed:     ev/sec=17487.7   simsec/sec=1.07246   ev/simsec=16306.1
     Messages:  created: 7202330   present: 1086   in FES: 128
** Event #7261663   t=500   Elapsed: 363.15s (6m 03s)  100% completed  (50% total)
     Speed:     ev/sec=19464.2   simsec/sec=1.37745   ev/simsec=14130.6
     Messages:  created: 7235059   present: 1021   in FES: 95

<!> Simulation time limit reached -- at t=500s, event #7261663
undisposed object: (omnetpp::cMessage) FanetStressNetwork.uav[0].app.debugTimer -- check module destructor
undisposed object: (omnetpp::cMessage) FanetStressNetwork.uav[1].app.debugTimer -- check module destructor
undisposed object: (omnetpp::cMessage) FanetStressNetwork.uav[2].app.debugTimer -- check module destructor
undisposed object: (omnetpp::cMessage) FanetStressNetwork.uav[3].app.debugTimer -- check module destructor
undisposed object: (omnetpp::cMessage) FanetStressNetwork.uav[4].app.debugTimer -- check module destructor
undisposed object: (omnetpp::cMessage) FanetStressNetwork.uav[5].app.debugTimer -- check module destructor
undisposed object: (omnetpp::cMessage) FanetStressNetwork.uav[6].app.debugTimer -- check module destructor
undisposed object: (omnetpp::cMessage) FanetStressNetwork.uav[7].app.debugTimer -- check module destructor
undisposed object: (omnetpp::cMessage) FanetStressNetwork.uav[8].app.debugTimer -- check module destructor
undisposed object: (omnetpp::cMessage) FanetStressNetwork.uav[9].app.debugTimer -- check module destructor
undisposed object: (omnetpp::cMessage) FanetStressNetwork.uav[10].app.debugTimer -- check module destructor
undisposed object: (omnetpp::cMessage) FanetStressNetwork.uav[11].app.debugTimer -- check module destructor
undisposed object: (omnetpp::cMessage) FanetStressNetwork.uav[12].app.debugTimer -- check module destructor
undisposed object: (omnetpp::cMessage) FanetStressNetwork.uav[13].app.debugTimer -- check module destructor
undisposed object: (omnetpp::cMessage) FanetStressNetwork.uav[14].app.debugTimer -- check module destructor
undisposed object: (omnetpp::cMessage) FanetStressNetwork.uav[15].app.debugTimer -- check module destructor
undisposed object: (omnetpp::cMessage) FanetStressNetwork.uav[16].app.debugTimer -- check module destructor
undisposed object: (omnetpp::cMessage) FanetStressNetwork.uav[17].app.debugTimer -- check module destructor
undisposed object: (omnetpp::cMessage) FanetStressNetwork.uav[18].app.debugTimer -- check module destructor
undisposed object: (omnetpp::cMessage) FanetStressNetwork.uav[19].app.debugTimer -- check module destructor
undisposed object: (omnetpp::cMessage) FanetStressNetwork.uav[20].app.debugTimer -- check module destructor
undisposed object: (omnetpp::cMessage) FanetStressNetwork.uav[21].app.debugTimer -- check module destructor
undisposed object: (omnetpp::cMessage) FanetStressNetwork.uav[22].app.debugTimer -- check module destructor
undisposed object: (omnetpp::cMessage) FanetStressNetwork.uav[23].app.debugTimer -- check module destructor
undisposed object: (omnetpp::cMessage) FanetStressNetwork.uav[24].app.debugTimer -- check module destructor
undisposed object: (omnetpp::cMessage) FanetStressNetwork.uav[25].app.debugTimer -- check module destructor
undisposed object: (omnetpp::cMessage) FanetStressNetwork.uav[26].app.debugTimer -- check module destructor
undisposed object: (omnetpp::cMessage) FanetStressNetwork.uav[27].app.debugTimer -- check module destructor
undisposed object: (omnetpp::cMessage) FanetStressNetwork.uav[28].app.debugTimer -- check module destructor
undisposed object: (omnetpp::cMessage) FanetStressNetwork.uav[29].app.debugTimer -- check module destructor
