** Event #0   t=0   Elapsed: 1.8e-05s (0m 00s)  0% completed  (0% total)
     Speed:     ev/sec=0   simsec/sec=0   ev/simsec=0
     Messages:  created: 1081   present: 1081   in FES: 161
** Event #60672   t=6.538308400778   Elapsed: 2.00285s (0m 02s)  1% completed  (0% total)
     Speed:     ev/sec=30293.5   simsec/sec=3.26452   ev/simsec=9279.62
     Messages:  created: 52257   present: 1080   in FES: 111
** Event #94208   t=10.068144190263   Elapsed: 4.01346s (0m 04s)  2% completed  (1% total)
     Speed:     ev/sec=16679.5   simsec/sec=1.7556   ev/simsec=9500.73
     Messages:  created: 79217   present: 1104   in FES: 126
** Event #127488   t=13.547727182945   Elapsed: 6.02057s (0m 06s)  2% completed  (1% total)
     Speed:     ev/sec=16581   simsec/sec=1.73363   ev/simsec=9564.36
     Messages:  created: 105684   present: 1100   in FES: 121
** Event #163840   t=17.527000162179   Elapsed: 8.03519s (0m 08s)  3% completed  (1% total)
     Speed:     ev/sec=18044.1   simsec/sec=1.9752   ev/simsec=9135.34
     Messages:  created: 134430   present: 1066   in FES: 109
** Event #195840   t=20.607590394591   Elapsed: 10.0555s (0m 10s)  4% completed  (2% total)
     Speed:     ev/sec=15839.4   simsec/sec=1.52483   ev/simsec=10387.6
     Messages:  created: 160011   present: 1092   in FES: 126
** Event #233728   t=24.608680696287   Elapsed: 12.0797s (0m 12s)  4% completed  (2% total)
     Speed:     ev/sec=18717.3   simsec/sec=1.97661   ev/simsec=9469.42
     Messages:  created: 190329   present: 1088   in FES: 116
** Event #271616   t=28.597740506872   Elapsed: 14.1054s (0m 14s)  5% completed  (2% total)
     Speed:     ev/sec=18703.4   simsec/sec=1.9692   ev/simsec=9497.98
     Messages:  created: 220477   present: 1054   in FES: 105
** Event #306176   t=32.380193707502   Elapsed: 16.1082s (0m 16s)  6% completed  (3% total)
     Speed:     ev/sec=17256.2   simsec/sec=1.88862   ev/simsec=9136.93
     Messages:  created: 247809   present: 1021   in FES: 95
** Event #337408   t=35.5329995062   Elapsed: 18.1259s (0m 18s)  7% completed  (3% total)
     Speed:     ev/sec=15479.2   simsec/sec=1.5626   ev/simsec=9906.1
     Messages:  created: 272512   present: 1077   in FES: 110
** Event #367872   t=38.548413142473   Elapsed: 20.1373s (0m 20s)  7% completed  (3% total)
     Speed:     ev/sec=15145.6   simsec/sec=1.49916   ev/simsec=10102.8
     Messages:  created: 296420   present: 1103   in FES: 126
** Event #399360   t=41.603155658625   Elapsed: 22.1479s (0m 22s)  8% completed  (4% total)
     Speed:     ev/sec=15660.6   simsec/sec=1.51928   ev/simsec=10307.9
     Messages:  created: 321114   present: 1102   in FES: 123
** Event #433152   t=45.053911142722   Elapsed: 24.1505s (0m 24s)  9% completed  (4% total)
     Speed:     ev/sec=16874.3   simsec/sec=1.72316   ev/simsec=9792.64
     Messages:  created: 347455   present: 1096   in FES: 120
** Event #465152   t=48.518941315388   Elapsed: 26.1511s (0m 26s)  9% completed  (4% total)
     Speed:     ev/sec=15995.4   simsec/sec=1.73202   ev/simsec=9235.13
     Messages:  created: 372628   present: 1050   in FES: 103
** Event #496384   t=51.527058905192   Elapsed: 28.1535s (0m 28s)  10% completed  (5% total)
     Speed:     ev/sec=15596.7   simsec/sec=1.5022   ev/simsec=10382.6
     Messages:  created: 397016   present: 1114   in FES: 121
** Event #527616   t=54.5346232267   Elapsed: 30.1535s (0m 30s)  10% completed  (5% total)
     Speed:     ev/sec=15616   simsec/sec=1.50378   ev/simsec=10384.5
     Messages:  created: 421107   present: 1082   in FES: 113
** Event #559360   t=57.581144491995   Elapsed: 32.1833s (0m 32s)  11% completed  (5% total)
     Speed:     ev/sec=15638.8   simsec/sec=1.50088   ev/simsec=10419.8
     Messages:  created: 445978   present: 1110   in FES: 126
** Event #592128   t=61.021950797824   Elapsed: 34.1875s (0m 34s)  12% completed  (6% total)
     Speed:     ev/sec=16349.7   simsec/sec=1.7168   ev/simsec=9523.35
     Messages:  created: 471531   present: 1097   in FES: 118
** Event #625664   t=64.099188663669   Elapsed: 36.1885s (0m 36s)  12% completed  (6% total)
     Speed:     ev/sec=16760.2   simsec/sec=1.5379   ev/simsec=10898.1
     Messages:  created: 497643   present: 1095   in FES: 118
** Event #655872   t=67.503772339428   Elapsed: 38.189s (0m 38s)  13% completed  (6% total)
     Speed:     ev/sec=15100.2   simsec/sec=1.70186   ev/simsec=8872.74
     Messages:  created: 521076   present: 1071   in FES: 112
** Event #686336   t=70.532732897792   Elapsed: 40.1972s (0m 40s)  14% completed  (7% total)
     Speed:     ev/sec=15170   simsec/sec=1.50831   ev/simsec=10057.6
     Messages:  created: 545189   present: 1119   in FES: 124
** Event #717312   t=73.601093396242   Elapsed: 42.2101s (0m 42s)  14% completed  (7% total)
     Speed:     ev/sec=15388.2   simsec/sec=1.52429   ev/simsec=10095.3
     Messages:  created: 570049   present: 1038   in FES: 101
** Event #752896   t=77.533565097861   Elapsed: 44.2188s (0m 44s)  15% completed  (7% total)
     Speed:     ev/sec=17715.3   simsec/sec=1.95776   ev/simsec=9048.76
     Messages:  created: 598542   present: 1108   in FES: 126
** Event #784640   t=80.553486973612   Elapsed: 46.2374s (0m 46s)  16% completed  (8% total)
     Speed:     ev/sec=15726   simsec/sec=1.49608   ev/simsec=10511.5
     Messages:  created: 623618   present: 1030   in FES: 97
** Event #815616   t=83.92881104665   Elapsed: 48.254s (0m 48s)  16% completed  (8% total)
     Speed:     ev/sec=15360.4   simsec/sec=1.67376   ev/simsec=9177.19
     Messages:  created: 647889   present: 1021   in FES: 95
** Event #846336   t=86.927560266426   Elapsed: 50.2673s (0m 50s)  17% completed  (8% total)
     Speed:     ev/sec=15258.4   simsec/sec=1.48945   ev/simsec=10244.3
     Messages:  created: 671659   present: 1021   in FES: 95
** Event #876544   t=89.571301310154   Elapsed: 52.2734s (0m 52s)  17% completed  (8% total)
     Speed:     ev/sec=15058.4   simsec/sec=1.31788   ev/simsec=11426.2
     Messages:  created: 694685   present: 1080   in FES: 115
** Event #907264   t=92.536703216447   Elapsed: 54.2864s (0m 54s)  18% completed  (9% total)
     Speed:     ev/sec=15260.2   simsec/sec=1.47307   ev/simsec=10359.5
     Messages:  created: 718263   present: 1090   in FES: 115
** Event #935936   t=95.096688162318   Elapsed: 56.2865s (0m 56s)  19% completed  (9% total)
     Speed:     ev/sec=14335.3   simsec/sec=1.27993   ev/simsec=11200.1
     Messages:  created: 739790   present: 1041   in FES: 102
** Event #962816   t=97.56359495312   Elapsed: 58.3042s (0m 58s)  19% completed  (9% total)
     Speed:     ev/sec=13322.3   simsec/sec=1.22265   ev/simsec=10896.2
     Messages:  created: 759997   present: 1055   in FES: 106
** Event #992256   t=100.52558957949   Elapsed: 60.3133s (1m 00s)  20% completed  (10% total)
     Speed:     ev/sec=14653.3   simsec/sec=1.47429   ev/simsec=9939.25
     Messages:  created: 782250   present: 1047   in FES: 100
** Event #1023744   t=102.525818644039   Elapsed: 62.3367s (1m 02s)  20% completed  (10% total)
     Speed:     ev/sec=15561.9   simsec/sec=0.988548   ev/simsec=15742.2
     Messages:  created: 811491   present: 1110   in FES: 126
** Event #1055744   t=104.525506657586   Elapsed: 64.34s (1m 04s)  20% completed  (10% total)
     Speed:     ev/sec=15973.2   simsec/sec=0.998172   ev/simsec=16002.5
     Messages:  created: 841315   present: 1127   in FES: 124
** Event #1087744   t=106.527238732483   Elapsed: 66.3517s (1m 06s)  21% completed  (10% total)
     Speed:     ev/sec=15907.6   simsec/sec=0.995084   ev/simsec=15986.2
     Messages:  created: 871174   present: 1122   in FES: 121
** Event #1118976   t=108.529310855937   Elapsed: 68.3775s (1m 08s)  21% completed  (10% total)
     Speed:     ev/sec=15416.6   simsec/sec=0.988252   ev/simsec=15599.8
     Messages:  created: 900365   present: 1085   in FES: 110
** Event #1152000   t=110.559059385548   Elapsed: 70.4068s (1m 10s)  22% completed  (11% total)
     Speed:     ev/sec=16273.8   simsec/sec=1.00023   ev/simsec=16270
     Messages:  created: 931650   present: 1109   in FES: 124
** Event #1186304   t=112.773432981302   Elapsed: 72.414s (1m 12s)  22% completed  (11% total)
     Speed:     ev/sec=17090.7   simsec/sec=1.10323   ev/simsec=15491.5
     Messages:  created: 964424   present: 1056   in FES: 105
** Event #1223936   t=115.273432813045   Elapsed: 74.4192s (1m 14s)  23% completed  (11% total)
     Speed:     ev/sec=18766.7   simsec/sec=1.24673   ev/simsec=15052.8
     Messages:  created: 1000364   present: 1075   in FES: 112
** Event #1256704   t=117.525868234245   Elapsed: 76.4266s (1m 16s)  23% completed  (11% total)
     Speed:     ev/sec=16324.3   simsec/sec=1.12211   ev/simsec=14547.8
     Messages:  created: 1032100   present: 1115   in FES: 120
** Event #1288960   t=119.560617258039   Elapsed: 78.4269s (1m 18s)  23% completed  (11% total)
     Speed:     ev/sec=16125.6   simsec/sec=1.01723   ev/simsec=15852.6
     Messages:  created: 1062527   present: 1109   in FES: 124
** Event #1330432   t=122.513943339465   Elapsed: 80.4471s (1m 20s)  24% completed  (12% total)
     Speed:     ev/sec=20527.8   simsec/sec=1.46183   ev/simsec=14042.5
     Messages:  created: 1102693   present: 1026   in FES: 97
** Event #1364224   t=124.558665348697   Elapsed: 82.4553s (1m 22s)  24% completed  (12% total)
     Speed:     ev/sec=16827.2   simsec/sec=1.0182   ev/simsec=16526.5
     Messages:  created: 1134848   present: 1100   in FES: 119
** Event #1401344   t=127.099189762443   Elapsed: 84.4644s (1m 24s)  25% completed  (12% total)
     Speed:     ev/sec=18475.9   simsec/sec=1.26451   ev/simsec=14611.2
     Messages:  created: 1169694   present: 1040   in FES: 99
** Event #1433600   t=129.529897930429   Elapsed: 86.489s (1m 26s)  25% completed  (12% total)
     Speed:     ev/sec=15932.2   simsec/sec=1.2006   ev/simsec=13270.2
     Messages:  created: 1200594   present: 1214   in FES: 156
** Event #1467648   t=132.015197289633   Elapsed: 88.4908s (1m 28s)  26% completed  (13% total)
     Speed:     ev/sec=17008.6   simsec/sec=1.24153   ev/simsec=13699.8
     Messages:  created: 1232486   present: 1113   in FES: 122
** Event #1505536   t=134.585948306261   Elapsed: 90.4962s (1m 30s)  26% completed  (13% total)
     Speed:     ev/sec=18893   simsec/sec=1.28192   ev/simsec=14738.1
     Messages:  created: 1267999   present: 1090   in FES: 126
** Event #1543168   t=137.515260333311   Elapsed: 92.5054s (1m 32s)  27% completed  (13% total)
     Speed:     ev/sec=18730   simsec/sec=1.45796   ev/simsec=12846.7
     Messages:  created: 1303903   present: 1103   in FES: 126
** Event #1576704   t=139.608704096139   Elapsed: 94.5145s (1m 34s)  27% completed  (13% total)
     Speed:     ev/sec=16691.9   simsec/sec=1.04197   ev/simsec=16019.5
     Messages:  created: 1335439   present: 1091   in FES: 118
** Event #1616896   t=142.522630585378   Elapsed: 96.5423s (1m 36s)  28% completed  (14% total)
     Speed:     ev/sec=19820.9   simsec/sec=1.43702   ev/simsec=13793.1
     Messages:  created: 1374866   present: 1056   in FES: 101
** Event #1650176   t=144.764177781543   Elapsed: 98.5514s (1m 38s)  28% completed  (14% total)
     Speed:     ev/sec=16564.4   simsec/sec=1.11568   ev/simsec=14846.9
     Messages:  created: 1407112   present: 1094   in FES: 149
** Event #1689344   t=147.526212215636   Elapsed: 100.577s (1m 40s)  29% completed  (14% total)
     Speed:     ev/sec=19336.9   simsec/sec=1.36359   ev/simsec=14180.9
     Messages:  created: 1445732   present: 1104   in FES: 117
** Event #1725440   t=150.024008909212   Elapsed: 102.589s (1m 42s)  30% completed  (15% total)
     Speed:     ev/sec=17943.8   simsec/sec=1.24169   ev/simsec=14451.1
     Messages:  created: 1480938   present: 1138   in FES: 146
** Event #1767424   t=152.370651841582   Elapsed: 104.595s (1m 44s)  30% completed  (15% total)
     Speed:     ev/sec=20925.9   simsec/sec=1.16962   ev/simsec=17891.1
     Messages:  created: 1524409   present: 1050   in FES: 118
** Event #1800704   t=154.515716178614   Elapsed: 106.601s (1m 46s)  30% completed  (15% total)
     Speed:     ev/sec=16588.2   simsec/sec=1.06919   ev/simsec=15514.7
     Messages:  created: 1557092   present: 1097   in FES: 126
** Event #1834752   t=156.534951819793   Elapsed: 108.613s (1m 48s)  31% completed  (15% total)
     Speed:     ev/sec=16923.3   simsec/sec=1.00365   ev/simsec=16861.8
     Messages:  created: 1589927   present: 1103   in FES: 126
** Event #1868032   t=158.605055499222   Elapsed: 110.632s (1m 50s)  31% completed  (15% total)
     Speed:     ev/sec=16486   simsec/sec=1.02547   ev/simsec=16076.5
     Messages:  created: 1621869   present: 1113   in FES: 126
** Event #1904384   t=161.022880150751   Elapsed: 112.633s (1m 52s)  32% completed  (16% total)
     Speed:     ev/sec=18159.9   simsec/sec=1.20784   ev/simsec=15035
     Messages:  created: 1657780   present: 1114   in FES: 121
** Event #1938688   t=163.071900687071   Elapsed: 114.641s (1m 54s)  32% completed  (16% total)
     Speed:     ev/sec=17086.4   simsec/sec=1.02059   ev/simsec=16741.7
     Messages:  created: 1690619   present: 1110   in FES: 125
** Event #1974016   t=165.514210855418   Elapsed: 116.654s (1m 56s)  33% completed  (16% total)
     Speed:     ev/sec=17547.1   simsec/sec=1.21308   ev/simsec=14465
     Messages:  created: 1725098   present: 1117   in FES: 126
** Event #2005504   t=167.516659772227   Elapsed: 118.661s (1m 58s)  33% completed  (16% total)
     Speed:     ev/sec=15695.8   simsec/sec=0.998156   ev/simsec=15724.7
     Messages:  created: 1754502   present: 1038   in FES: 97
** Event #2036992   t=169.531463075547   Elapsed: 120.676s (2m 00s)  33% completed  (16% total)
     Speed:     ev/sec=15622.7   simsec/sec=0.999637   ev/simsec=15628.3
     Messages:  created: 1783616   present: 1106   in FES: 115
** Event #2068480   t=171.582054701717   Elapsed: 122.677s (2m 02s)  34% completed  (17% total)
     Speed:     ev/sec=15735.1   simsec/sec=1.02472   ev/simsec=15355.6
     Messages:  created: 1812493   present: 1080   in FES: 115
** Event #2100992   t=173.773388019125   Elapsed: 124.68s (2m 04s)  34% completed  (17% total)
     Speed:     ev/sec=16230.1   simsec/sec=1.09392   ev/simsec=14836.6
     Messages:  created: 1843181   present: 1103   in FES: 128
** Event #2133504   t=175.735361573702   Elapsed: 126.686s (2m 06s)  35% completed  (17% total)
     Speed:     ev/sec=16215.1   simsec/sec=0.978519   ev/simsec=16571.1
     Messages:  created: 1873963   present: 1021   in FES: 95
** Event #2166528   t=177.764166766308   Elapsed: 128.691s (2m 08s)  35% completed  (17% total)
     Speed:     ev/sec=16465.7   simsec/sec=1.01156   ev/simsec=16277.6
     Messages:  created: 1905656   present: 1046   in FES: 127
** Event #2198016   t=179.546591604664   Elapsed: 130.698s (2m 10s)  35% completed  (17% total)
     Speed:     ev/sec=15687.5   simsec/sec=0.888014   ev/simsec=17665.8
     Messages:  created: 1935434   present: 1120   in FES: 126
** Event #2231552   t=181.539519502527   Elapsed: 132.703s (2m 12s)  36% completed  (18% total)
     Speed:     ev/sec=16728.4   simsec/sec=0.994109   ev/simsec=16827.5
     Messages:  created: 1967757   present: 1072   in FES: 111
** Event #2263552   t=183.541590559667   Elapsed: 134.71s (2m 14s)  36% completed  (18% total)
     Speed:     ev/sec=15946.5   simsec/sec=0.99769   ev/simsec=15983.4
     Messages:  created: 1997615   present: 1085   in FES: 113
** Event #2296064   t=185.567609937   Elapsed: 136.73s (2m 16s)  37% completed  (18% total)
     Speed:     ev/sec=16095.3   simsec/sec=1.00299   ev/simsec=16047.2
     Messages:  created: 2027629   present: 1092   in FES: 119
** Event #2327552   t=187.560016705564   Elapsed: 138.748s (2m 18s)  37% completed  (18% total)
     Speed:     ev/sec=15603.7   simsec/sec=0.987324   ev/simsec=15804
     Messages:  created: 2056958   present: 1058   in FES: 107
** Event #2360320   t=189.602712996184   Elapsed: 140.753s (2m 20s)  37% completed  (18% total)
     Speed:     ev/sec=16343.1   simsec/sec=1.0188   ev/simsec=16041.5
     Messages:  created: 2087798   present: 1037   in FES: 100
** Event #2403072   t=192.512766054334   Elapsed: 142.78s (2m 22s)  38% completed  (19% total)
     Speed:     ev/sec=21088.9   simsec/sec=1.43548   ev/simsec=14691.1
     Messages:  created: 2130550   present: 1111   in FES: 125
** Event #2437888   t=194.530130158692   Elapsed: 144.79s (2m 24s)  38% completed  (19% total)
     Speed:     ev/sec=17324.9   simsec/sec=1.00387   ev/simsec=17258.2
     Messages:  created: 2164160   present: 1121   in FES: 126
** Event #2470656   t=196.547567154826   Elapsed: 146.807s (2m 26s)  39% completed  (19% total)
     Speed:     ev/sec=16241.3   simsec/sec=0.999931   ev/simsec=16242.4
     Messages:  created: 2195979   present: 1072   in FES: 111
** Event #2505728   t=198.909307829976   Elapsed: 148.811s (2m 28s)  39% completed  (19% total)
     Speed:     ev/sec=17498.9   simsec/sec=1.17837   ev/simsec=14850.1
     Messages:  created: 2230840   present: 1082   in FES: 127
** Event #2545152   t=201.514165339465   Elapsed: 150.828s (2m 30s)  40% completed  (20% total)
     Speed:     ev/sec=19544.9   simsec/sec=1.29139   ev/simsec=15134.8
     Messages:  created: 2269957   present: 1114   in FES: 128
** Event #2578944   t=203.532840541894   Elapsed: 152.835s (2m 32s)  40% completed  (20% total)
     Speed:     ev/sec=16842.4   simsec/sec=1.00613   ev/simsec=16739.7
     Messages:  created: 2303228   present: 1089   in FES: 110
** Event #2616320   t=206.029505003109   Elapsed: 154.835s (2m 34s)  41% completed  (20% total)
     Speed:     ev/sec=18683.1   simsec/sec=1.24801   ev/simsec=14970.4
     Messages:  created: 2340093   present: 1125   in FES: 124
** Event #2653184   t=208.538089324188   Elapsed: 156.864s (2m 36s)  41% completed  (20% total)
     Speed:     ev/sec=18167.8   simsec/sec=1.23631   ev/simsec=14695.1
     Messages:  created: 2375947   present: 1091   in FES: 116
** Event #2694144   t=211.273387982197   Elapsed: 158.868s (2m 38s)  42% completed  (21% total)
     Speed:     ev/sec=20445.3   simsec/sec=1.36533   ev/simsec=14974.6
     Messages:  created: 2415903   present: 1100   in FES: 127
** Event #2728448   t=213.547543553934   Elapsed: 160.875s (2m 40s)  42% completed  (21% total)
     Speed:     ev/sec=17094.7   simsec/sec=1.13328   ev/simsec=15084.3
     Messages:  created: 2449078   present: 1045   in FES: 100
** Event #2768128   t=216.273165049963   Elapsed: 162.88s (2m 42s)  43% completed  (21% total)
     Speed:     ev/sec=19788.1   simsec/sec=1.35924   ev/simsec=14558.1
     Messages:  created: 2487361   present: 1026   in FES: 97
** Event #2800896   t=218.518193822978   Elapsed: 164.883s (2m 44s)  43% completed  (21% total)
     Speed:     ev/sec=16354.9   simsec/sec=1.12052   ev/simsec=14595.8
     Messages:  created: 2519365   present: 1125   in FES: 126
** Event #2835456   t=220.611684124361   Elapsed: 166.909s (2m 46s)  44% completed  (22% total)
     Speed:     ev/sec=17065.1   simsec/sec=1.03373   ev/simsec=16508.3
     Messages:  created: 2552907   present: 1101   in FES: 122
** Event #2871808   t=223.06819741087   Elapsed: 168.911s (2m 48s)  44% completed  (22% total)
     Speed:     ev/sec=18149.4   simsec/sec=1.22646   ev/simsec=14798.2
     Messages:  created: 2587931   present: 1089   in FES: 118
** Event #2907904   t=225.525714111474   Elapsed: 170.935s (2m 50s)  45% completed  (22% total)
     Speed:     ev/sec=17836.5   simsec/sec=1.21436   ev/simsec=14688
     Messages:  created: 2623703   present: 1109   in FES: 126
** Event #2941440   t=227.603300797329   Elapsed: 172.954s (2m 52s)  45% completed  (22% total)
     Speed:     ev/sec=16611.2   simsec/sec=1.02908   ev/simsec=16141.8
     Messages:  created: 2656542   present: 1054   in FES: 105
** Event #2979584   t=230.026508627961   Elapsed: 174.959s (2m 54s)  46% completed  (23% total)
     Speed:     ev/sec=19023.8   simsec/sec=1.20854   ev/simsec=15741.1
     Messages:  created: 2694819   present: 1109   in FES: 127
** Event #3019008   t=232.513827647175   Elapsed: 176.973s (2m 56s)  46% completed  (23% total)
     Speed:     ev/sec=19576.1   simsec/sec=1.23508   ev/simsec=15850
     Messages:  created: 2735082   present: 1076   in FES: 113
** Event #3055616   t=234.600303544447   Elapsed: 178.993s (2m 58s)  46% completed  (23% total)
     Speed:     ev/sec=18118.6   simsec/sec=1.03267   ev/simsec=17545.4
     Messages:  created: 2771302   present: 1106   in FES: 123
** Event #3100672   t=237.519940879236   Elapsed: 181.009s (3m 01s)  47% completed  (23% total)
     Speed:     ev/sec=22354.3   simsec/sec=1.44856   ev/simsec=15432.1
     Messages:  created: 2818153   present: 1075   in FES: 112
** Event #3136512   t=239.583130684624   Elapsed: 183.023s (3m 03s)  47% completed  (23% total)
     Speed:     ev/sec=17795.7   simsec/sec=1.02444   ev/simsec=17371.2
     Messages:  created: 2854038   present: 1035   in FES: 100
** Event #3179520   t=242.370651945336   Elapsed: 185.024s (3m 05s)  48% completed  (24% total)
     Speed:     ev/sec=21496.8   simsec/sec=1.39329   ev/simsec=15428.8
     Messages:  created: 2897972   present: 1059   in FES: 123
** Event #3214592   t=244.56407221953   Elapsed: 187.045s (3m 07s)  48% completed  (24% total)
     Speed:     ev/sec=17349.5   simsec/sec=1.08504   ev/simsec=15989.6
     Messages:  created: 2932782   present: 1073   in FES: 112
** Event #3255552   t=247.506799299594   Elapsed: 189.047s (3m 09s)  49% completed  (24% total)
     Speed:     ev/sec=20462.1   simsec/sec=1.47008   ev/simsec=13919.1
     Messages:  created: 2974234   present: 1084   in FES: 117
** Event #3293440   t=249.845315343605   Elapsed: 191.055s (3m 11s)  49% completed  (24% total)
     Speed:     ev/sec=18867   simsec/sec=1.16451   ev/simsec=16201.7
     Messages:  created: 3012675   present: 1021   in FES: 95
** Event #3336448   t=252.564610715247   Elapsed: 193.057s (3m 13s)  50% completed  (25% total)
     Speed:     ev/sec=21479.6   simsec/sec=1.35811   ev/simsec=15815.9
     Messages:  created: 3057618   present: 1043   in FES: 102
** Event #3380224   t=255.514696274928   Elapsed: 195.066s (3m 15s)  51% completed  (25% total)
     Speed:     ev/sec=21792.5   simsec/sec=1.4686   ev/simsec=14838.9
     Messages:  created: 3104867   present: 1117   in FES: 148
** Event #3425280   t=258.409307500014   Elapsed: 197.072s (3m 17s)  51% completed  (25% total)
     Speed:     ev/sec=22461.1   simsec/sec=1.44301   ev/simsec=15565.5
     Messages:  created: 3152847   present: 1094   in FES: 127
** Event #3470592   t=261.515048854378   Elapsed: 199.075s (3m 19s)  52% completed  (26% total)
     Speed:     ev/sec=22620.5   simsec/sec=1.55044   ev/simsec=14589.8
     Messages:  created: 3200740   present: 1085   in FES: 114
** Event #3514368   t=264.029505544832   Elapsed: 201.08s (3m 21s)  52% completed  (26% total)
     Speed:     ev/sec=21839.4   simsec/sec=1.25444   ev/simsec=17409.7
     Messages:  created: 3247864   present: 1109   in FES: 118
** Event #3559680   t=266.764964746605   Elapsed: 203.086s (3m 23s)  53% completed  (26% total)
     Speed:     ev/sec=22580.6   simsec/sec=1.36318   ev/simsec=16564.7
     Messages:  created: 3296825   present: 1038   in FES: 120
** Event #3607552   t=269.870696750468   Elapsed: 205.087s (3m 25s)  53% completed  (26% total)
     Speed:     ev/sec=23926.9   simsec/sec=1.55228   ev/simsec=15414.1
     Messages:  created: 3347795   present: 1047   in FES: 104
** Event #3653376   t=273.002735908197   Elapsed: 207.091s (3m 27s)  54% completed  (27% total)
     Speed:     ev/sec=22868.7   simsec/sec=1.56306   ev/simsec=14630.7
     Messages:  created: 3395446   present: 1081   in FES: 116
** Event #3697408   t=275.620661871408   Elapsed: 209.097s (3m 29s)  55% completed  (27% total)
     Speed:     ev/sec=21945.6   simsec/sec=1.30478   ev/simsec=16819.4
     Messages:  created: 3441127   present: 1095   in FES: 136
** Event #3742720   t=278.593097277369   Elapsed: 211.098s (3m 31s)  55% completed  (27% total)
     Speed:     ev/sec=22648.8   simsec/sec=1.48575   ev/simsec=15244.1
     Messages:  created: 3488935   present: 1104   in FES: 123
** Event #3789312   t=281.550555713071   Elapsed: 213.1s (3m 33s)  56% completed  (28% total)
     Speed:     ev/sec=23267.2   simsec/sec=1.4769   ev/simsec=15754.1
     Messages:  created: 3537953   present: 1063   in FES: 108
** Event #3832576   t=284.274228375049   Elapsed: 215.102s (3m 35s)  56% completed  (28% total)
     Speed:     ev/sec=21610.9   simsec/sec=1.36051   ev/simsec=15884.4
     Messages:  created: 3583442   present: 1122   in FES: 144
** Event #3873280   t=286.870651197129   Elapsed: 217.105s (3m 37s)  57% completed  (28% total)
     Speed:     ev/sec=20320.9   simsec/sec=1.29623   ev/simsec=15677
     Messages:  created: 3625719   present: 1085   in FES: 127
** Event #3917312   t=289.539511260158   Elapsed: 219.113s (3m 39s)  57% completed  (28% total)
     Speed:     ev/sec=21936   simsec/sec=1.32958   ev/simsec=16498.4
     Messages:  created: 3671469   present: 1090   in FES: 117
** Event #3959296   t=292.099188555694   Elapsed: 221.117s (3m 41s)  58% completed  (29% total)
     Speed:     ev/sec=20945.3   simsec/sec=1.27699   ev/simsec=16402.1
     Messages:  created: 3714796   present: 1080   in FES: 113
** Event #4010240   t=294.532753657209   Elapsed: 223.125s (3m 43s)  58% completed  (29% total)
     Speed:     ev/sec=25374.4   simsec/sec=1.21212   ev/simsec=20933.9
     Messages:  created: 3773859   present: 1115   in FES: 118
** Event #4049152   t=297.017539862863   Elapsed: 225.13s (3m 45s)  59% completed  (29% total)
     Speed:     ev/sec=19408.2   simsec/sec=1.23934   ev/simsec=15660.1
     Messages:  created: 3814312   present: 1119   in FES: 122
** Event #4089088   t=299.600460101428   Elapsed: 227.149s (3m 47s)  59% completed  (29% total)
     Speed:     ev/sec=19780.5   simsec/sec=1.27934   ev/simsec=15461.6
     Messages:  created: 3854307   present: 1065   in FES: 110
** Event #4133120   t=302.532034648154   Elapsed: 229.156s (3m 49s)  60% completed  (30% total)
     Speed:     ev/sec=21934.9   simsec/sec=1.46039   ev/simsec=15019.9
     Messages:  created: 3899628   present: 1119   in FES: 122
** Event #4176128   t=305.37066263116   Elapsed: 231.157s (3m 51s)  61% completed  (30% total)
     Speed:     ev/sec=21493.1   simsec/sec=1.41859   ev/simsec=15151
     Messages:  created: 3943782   present: 1105   in FES: 139
** Event #4213504   t=307.602135502905   Elapsed: 233.162s (3m 53s)  61% completed  (30% total)
     Speed:     ev/sec=18640.5   simsec/sec=1.1129   ev/simsec=16749.5
     Messages:  created: 3982233   present: 1112   in FES: 126
** Event #4258048   t=310.586037775051   Elapsed: 235.171s (3m 55s)  62% completed  (31% total)
     Speed:     ev/sec=22170.7   simsec/sec=1.48517   ev/simsec=14928.1
     Messages:  created: 4028601   present: 1108   in FES: 125
** Event #4301824   t=313.524284202469   Elapsed: 237.196s (3m 57s)  62% completed  (31% total)
     Speed:     ev/sec=21617   simsec/sec=1.45094   ev/simsec=14898.7
     Messages:  created: 4074426   present: 1050   in FES: 99
** Event #4340992   t=315.773165049963   Elapsed: 239.204s (3m 59s)  63% completed  (31% total)
     Speed:     ev/sec=19512.2   simsec/sec=1.12032   ev/simsec=17416.7
     Messages:  created: 4115167   present: 1030   in FES: 97
** Event #4385280   t=318.522290476628   Elapsed: 241.229s (4m 01s)  63% completed  (31% total)
     Speed:     ev/sec=21865.1   simsec/sec=1.35725   ev/simsec=16109.9
     Messages:  created: 4161562   present: 1121   in FES: 124
** Event #4422144   t=320.601107390719   Elapsed: 243.244s (4m 03s)  64% completed  (32% total)
     Speed:     ev/sec=18301.5   simsec/sec=1.03205   ev/simsec=17733.2
     Messages:  created: 4198714   present: 1107   in FES: 124
** Event #4462080   t=323.121291214559   Elapsed: 245.247s (4m 05s)  64% completed  (32% total)
     Speed:     ev/sec=19933   simsec/sec=1.25788   ev/simsec=15846.5
     Messages:  created: 4239294   present: 1118   in FES: 149
** Event #4499968   t=325.541590121333   Elapsed: 247.254s (4m 07s)  65% completed  (32% total)
     Speed:     ev/sec=18881.2   simsec/sec=1.20614   ev/simsec=15654.3
     Messages:  created: 4278083   present: 1104   in FES: 126
** Event #4543744   t=328.515194053564   Elapsed: 249.255s (4m 09s)  65% completed  (32% total)
     Speed:     ev/sec=21877.6   simsec/sec=1.48609   ev/simsec=14721.5
     Messages:  created: 4323364   present: 1096   in FES: 117
** Event #4580096   t=330.606189126133   Elapsed: 251.261s (4m 11s)  66% completed  (33% total)
     Speed:     ev/sec=18120.2   simsec/sec=1.04229   ev/simsec=17385
     Messages:  created: 4360206   present: 1028   in FES: 97
** Event #4626688   t=333.524037709187   Elapsed: 253.263s (4m 13s)  66% completed  (33% total)
     Speed:     ev/sec=23271.4   simsec/sec=1.45738   ev/simsec=15967.9
     Messages:  created: 4410077   present: 1063   in FES: 106
** Event #4665600   t=335.909354480003   Elapsed: 255.268s (4m 15s)  67% completed  (33% total)
     Speed:     ev/sec=19409.6   simsec/sec=1.18981   ev/simsec=16313.1
     Messages:  created: 4450601   present: 1047   in FES: 104
** Event #4709632   t=338.525366733881   Elapsed: 257.289s (4m 17s)  67% completed  (33% total)
     Speed:     ev/sec=21782   simsec/sec=1.2941   ev/simsec=16831.7
     Messages:  created: 4496196   present: 1080   in FES: 109
** Event #4750080   t=341.023433447374   Elapsed: 259.294s (4m 19s)  68% completed  (34% total)
     Speed:     ev/sec=20177.2   simsec/sec=1.24615   ev/simsec=16191.7
     Messages:  created: 4537780   present: 1083   in FES: 108
** Event #4790528   t=343.519587183761   Elapsed: 261.3s (4m 21s)  68% completed  (34% total)
     Speed:     ev/sec=20166.9   simsec/sec=1.24455   ev/simsec=16204.1
     Messages:  created: 4579325   present: 1108   in FES: 117
** Event #4826368   t=345.556582455615   Elapsed: 263.319s (4m 23s)  69% completed  (34% total)
     Speed:     ev/sec=17745.7   simsec/sec=1.00859   ev/simsec=17594.5
     Messages:  created: 4615662   present: 1074   in FES: 113
** Event #4866560   t=348.014555387471   Elapsed: 265.322s (4m 25s)  69% completed  (34% total)
     Speed:     ev/sec=20064.9   simsec/sec=1.22709   ev/simsec=16351.7
     Messages:  created: 4657927   present: 1099   in FES: 151
** Event #4908032   t=350.514630308915   Elapsed: 267.33s (4m 27s)  70% completed  (35% total)
     Speed:     ev/sec=20653   simsec/sec=1.24503   ev/simsec=16588.3
     Messages:  created: 4700111   present: 1079   in FES: 112
** Event #4943616   t=352.569949321201   Elapsed: 269.358s (4m 29s)  70% completed  (35% total)
     Speed:     ev/sec=17550.4   simsec/sec=1.01371   ev/simsec=17313.1
     Messages:  created: 4734355   present: 1065   in FES: 108
** Event #4985856   t=355.022442575481   Elapsed: 271.361s (4m 31s)  71% completed  (35% total)
     Speed:     ev/sec=21086.8   simsec/sec=1.22432   ev/simsec=17223.3
     Messages:  created: 4777947   present: 1121   in FES: 126
** Event #5025792   t=357.120765080712   Elapsed: 273.363s (4m 33s)  71% completed  (35% total)
     Speed:     ev/sec=19943.3   simsec/sec=1.04786   ev/simsec=19032.3
     Messages:  created: 4818513   present: 1088   in FES: 126
** Event #5063680   t=359.37069547229   Elapsed: 275.369s (4m 35s)  71% completed  (35% total)
     Speed:     ev/sec=18888.2   simsec/sec=1.12165   ev/simsec=16839.6
     Messages:  created: 4858174   present: 1068   in FES: 111
** Event #5102336   t=361.531614511609   Elapsed: 277.371s (4m 37s)  72% completed  (36% total)
     Speed:     ev/sec=19314   simsec/sec=1.07968   ev/simsec=17888.7
     Messages:  created: 4898376   present: 1117   in FES: 123
** Event #5140736   t=363.773166404402   Elapsed: 279.378s (4m 39s)  72% completed  (36% total)
     Speed:     ev/sec=19131.5   simsec/sec=1.11678   ev/simsec=17131
     Messages:  created: 4938260   present: 1102   in FES: 126
** Event #5185280   t=366.531614327709   Elapsed: 281.399s (4m 41s)  73% completed  (36% total)
     Speed:     ev/sec=22038.8   simsec/sec=1.36478   ev/simsec=16148.2
     Messages:  created: 4984722   present: 1126   in FES: 123
** Event #5230848   t=369.510281124957   Elapsed: 283.409s (4m 43s)  73% completed  (36% total)
     Speed:     ev/sec=22676.4   simsec/sec=1.4823   ev/simsec=15298.1
     Messages:  created: 5033422   present: 1073   in FES: 112
** Event #5273344   t=372.068143294334   Elapsed: 285.421s (4m 45s)  74% completed  (37% total)
     Speed:     ev/sec=21116.1   simsec/sec=1.27099   ev/simsec=16613.9
     Messages:  created: 5077887   present: 1086   in FES: 126
** Event #5312000   t=374.621332141461   Elapsed: 287.425s (4m 47s)  74% completed  (37% total)
     Speed:     ev/sec=19287.9   simsec/sec=1.27394   ev/simsec=15140.3
     Messages:  created: 5117921   present: 1120   in FES: 128
** Event #5357824   t=377.65996535421   Elapsed: 289.43s (4m 49s)  75% completed  (37% total)
     Speed:     ev/sec=22856.1   simsec/sec=1.51561   ev/simsec=15080.5
     Messages:  created: 5165919   present: 1065   in FES: 127
** Event #5402112   t=380.530953853817   Elapsed: 291.433s (4m 51s)  76% completed  (38% total)
     Speed:     ev/sec=22118.4   simsec/sec=1.43383   ev/simsec=15426
     Messages:  created: 5212669   present: 1122   in FES: 126
** Event #5442048   t=383.053485696195   Elapsed: 293.435s (4m 53s)  76% completed  (38% total)
     Speed:     ev/sec=19947.4   simsec/sec=1.25996   ev/simsec=15831.7
     Messages:  created: 5254032   present: 1105   in FES: 124
** Event #5481728   t=385.76499559188   Elapsed: 295.438s (4m 55s)  77% completed  (38% total)
     Speed:     ev/sec=19807   simsec/sec=1.3535   ev/simsec=14633.9
     Messages:  created: 5295328   present: 1106   in FES: 148
** Event #5527552   t=389.011182500491   Elapsed: 297.441s (4m 57s)  77% completed  (38% total)
     Speed:     ev/sec=22871.7   simsec/sec=1.62024   ev/simsec=14116.3
     Messages:  created: 5343826   present: 1096   in FES: 126
** Event #5572352   t=392.029451766239   Elapsed: 299.448s (4m 59s)  78% completed  (39% total)
     Speed:     ev/sec=22329.7   simsec/sec=1.5044   ev/simsec=14842.9
     Messages:  created: 5390044   present: 1112   in FES: 126
** Event #5613824   t=394.621539437646   Elapsed: 301.452s (5m 01s)  78% completed  (39% total)
     Speed:     ev/sec=20690.4   simsec/sec=1.29319   ev/simsec=15999.5
     Messages:  created: 5432905   present: 1102   in FES: 150
** Event #5660416   t=397.909308726647   Elapsed: 303.456s (5m 03s)  79% completed  (39% total)
     Speed:     ev/sec=23254.5   simsec/sec=1.64096   ev/simsec=14171.3
     Messages:  created: 5481553   present: 1058   in FES: 125
** Event #5703168   t=401.002735788979   Elapsed: 305.462s (5m 05s)  80% completed  (40% total)
     Speed:     ev/sec=21305.3   simsec/sec=1.5416   ev/simsec=13820.3
     Messages:  created: 5525655   present: 1071   in FES: 112
** Event #5744128   t=403.606863222732   Elapsed: 307.487s (5m 07s)  80% completed  (40% total)
     Speed:     ev/sec=20232.7   simsec/sec=1.28634   ev/simsec=15728.9
     Messages:  created: 5566645   present: 1065   in FES: 108
** Event #5787648   t=406.576025188155   Elapsed: 309.487s (5m 09s)  81% completed  (40% total)
     Speed:     ev/sec=21758.3   simsec/sec=1.48446   ev/simsec=14657.3
     Messages:  created: 5610597   present: 1080   in FES: 115
** Event #5829376   t=409.528672552621   Elapsed: 311.497s (5m 11s)  81% completed  (40% total)
     Speed:     ev/sec=20763.9   simsec/sec=1.46924   ev/simsec=14132.4
     Messages:  created: 5653350   present: 1092   in FES: 113
** Event #5870848   t=412.096633354425   Elapsed: 313.5s (5m 13s)  82% completed  (41% total)
     Speed:     ev/sec=20704.5   simsec/sec=1.28203   ev/simsec=16149.8
     Messages:  created: 5695071   present: 1091   in FES: 126
** Event #5910016   t=414.592112582108   Elapsed: 315.521s (5m 15s)  82% completed  (41% total)
     Speed:     ev/sec=19375.5   simsec/sec=1.23445   ev/simsec=15695.6
     Messages:  created: 5735245   present: 1056   in FES: 107
** Event #5953536   t=417.529579512597   Elapsed: 317.549s (5m 17s)  83% completed  (41% total)
     Speed:     ev/sec=21462.9   simsec/sec=1.44868   ev/simsec=14815.5
     Messages:  created: 5779766   present: 1091   in FES: 110
** Event #5992704   t=420.120427684626   Elapsed: 319.556s (5m 19s)  84% completed  (42% total)
     Speed:     ev/sec=19515.2   simsec/sec=1.29087   ev/simsec=15117.8
     Messages:  created: 5818411   present: 1022   in FES: 96
** Event #6031360   t=422.773431670535   Elapsed: 321.561s (5m 21s)  84% completed  (42% total)
     Speed:     ev/sec=19277.4   simsec/sec=1.32303   ev/simsec=14570.7
     Messages:  created: 5857843   present: 1122   in FES: 133
** Event #6074112   t=425.531337910493   Elapsed: 323.582s (5m 23s)  85% completed  (42% total)
     Speed:     ev/sec=21160.4   simsec/sec=1.36505   ev/simsec=15501.6
     Messages:  created: 5901507   present: 1116   in FES: 119
** Event #6116608   t=428.159949840372   Elapsed: 325.582s (5m 25s)  85% completed  (42% total)
     Speed:     ev/sec=21239.3   simsec/sec=1.31377   ev/simsec=16166.7
     Messages:  created: 5944400   present: 1104   in FES: 123
** Event #6153728   t=430.602590144996   Elapsed: 327.599s (5m 27s)  86% completed  (43% total)
     Speed:     ev/sec=18406.4   simsec/sec=1.21121   ev/simsec=15196.7
     Messages:  created: 5982134   present: 1089   in FES: 126
** Event #6195456   t=433.523168265944   Elapsed: 329.609s (5m 29s)  86% completed  (43% total)
     Speed:     ev/sec=20762.8   simsec/sec=1.45321   ev/simsec=14287.6
     Messages:  created: 6024852   present: 1122   in FES: 126
** Event #6235648   t=436.092052743687   Elapsed: 331.613s (5m 31s)  87% completed  (43% total)
     Speed:     ev/sec=20055.3   simsec/sec=1.28184   ev/simsec=15645.7
     Messages:  created: 6064464   present: 1048   in FES: 105
** Event #6275584   t=438.605779188915   Elapsed: 333.618s (5m 33s)  87% completed  (43% total)
     Speed:     ev/sec=19919.1   simsec/sec=1.25379   ev/simsec=15887.2
     Messages:  created: 6105601   present: 1086   in FES: 117
** Event #6319872   t=441.528306978476   Elapsed: 335.634s (5m 35s)  88% completed  (44% total)
     Speed:     ev/sec=21967.2   simsec/sec=1.4496   ev/simsec=15154
     Messages:  created: 6151981   present: 1104   in FES: 126
** Event #6359296   t=444.014380497347   Elapsed: 337.634s (5m 37s)  88% completed  (44% total)
     Speed:     ev/sec=19710.1   simsec/sec=1.24292   ev/simsec=15857.9
     Messages:  created: 6192547   present: 1034   in FES: 97
** Event #6400768   t=446.527602927425   Elapsed: 339.636s (5m 39s)  89% completed  (44% total)
     Speed:     ev/sec=20719.4   simsec/sec=1.25561   ev/simsec=16501.5
     Messages:  created: 6235230   present: 1106   in FES: 118
** Event #6436352   t=448.562590286697   Elapsed: 341.661s (5m 41s)  89% completed  (44% total)
     Speed:     ev/sec=17570.9   simsec/sec=1.00485   ev/simsec=17486.1
     Messages:  created: 6271276   present: 1084   in FES: 115
** Event #6474752   t=450.923056990052   Elapsed: 343.664s (5m 43s)  90% completed  (45% total)
     Speed:     ev/sec=19168.1   simsec/sec=1.17828   ev/simsec=16268
     Messages:  created: 6310665   present: 1118   in FES: 138
** Event #6514944   t=453.121588577736   Elapsed: 345.672s (5m 45s)  90% completed  (45% total)
     Speed:     ev/sec=20019.8   simsec/sec=1.0951   ev/simsec=18281.3
     Messages:  created: 6350613   present: 1054   in FES: 127
** Event #6552064   t=455.524505588859   Elapsed: 347.682s (5m 47s)  91% completed  (45% total)
     Speed:     ev/sec=18469.8   simsec/sec=1.19562   ev/simsec=15447.9
     Messages:  created: 6388416   present: 1122   in FES: 126
** Event #6585344   t=457.523388199094   Elapsed: 349.684s (5m 49s)  91% completed  (45% total)
     Speed:     ev/sec=16622   simsec/sec=0.99836   ev/simsec=16649.3
     Messages:  created: 6421440   present: 1109   in FES: 127
** Event #6619904   t=459.527424773149   Elapsed: 351.711s (5m 51s)  91% completed  (45% total)
     Speed:     ev/sec=17044.7   simsec/sec=0.988374   ev/simsec=17245.2
     Messages:  created: 6455426   present: 1065   in FES: 106
** Event #6654720   t=461.537405319416   Elapsed: 353.728s (5m 53s)  92% completed  (46% total)
     Speed:     ev/sec=17265.7   simsec/sec=0.996776   ev/simsec=17321.6
     Messages:  created: 6489828   present: 1037   in FES: 97
** Event #6690048   t=463.554585638972   Elapsed: 355.742s (5m 55s)  92% completed  (46% total)
     Speed:     ev/sec=17536.6   simsec/sec=1.00132   ev/simsec=17513.6
     Messages:  created: 6525254   present: 1112   in FES: 124
** Event #6725888   t=465.76421177556   Elapsed: 357.743s (5m 57s)  93% completed  (46% total)
     Speed:     ev/sec=17917.8   simsec/sec=1.10468   ev/simsec=16219.9
     Messages:  created: 6560952   present: 1054   in FES: 107
** Event #6761472   t=468.014543602636   Elapsed: 359.748s (5m 59s)  93% completed  (46% total)
     Speed:     ev/sec=17744.4   simsec/sec=1.12215   ev/simsec=15812.8
     Messages:  created: 6596783   present: 1069   in FES: 128
** Event #6800128   t=470.172116629844   Elapsed: 361.75s (6m 01s)  94% completed  (47% total)
     Speed:     ev/sec=19309.2   simsec/sec=1.07774   ev/simsec=17916.4
     Messages:  created: 6634931   present: 1061   in FES: 127
** Event #6836480   t=472.530257019592   Elapsed: 363.765s (6m 03s)  94% completed  (47% total)
     Speed:     ev/sec=18039.7   simsec/sec=1.17023   ev/simsec=15415.5
     Messages:  created: 6671749   present: 1109   in FES: 118
** Event #6871552   t=474.610256816254   Elapsed: 365.782s (6m 05s)  94% completed  (47% total)
     Speed:     ev/sec=17387.6   simsec/sec=1.0312   ev/simsec=16861.5
     Messages:  created: 6706271   present: 1053   in FES: 106
** Event #6909440   t=477.029451428302   Elapsed: 367.783s (6m 07s)  95% completed  (47% total)
     Speed:     ev/sec=18933.4   simsec/sec=1.20892   ev/simsec=15661.4
     Messages:  created: 6744935   present: 1103   in FES: 126
** Event #6948096   t=479.528447670401   Elapsed: 369.793s (6m 09s)  95% completed  (47% total)
     Speed:     ev/sec=19232   simsec/sec=1.24329   ev/simsec=15468.6
     Messages:  created: 6784431   present: 1088   in FES: 115
** Event #6982400   t=481.562958611123   Elapsed: 371.802s (6m 11s)  96% completed  (48% total)
     Speed:     ev/sec=17077.1   simsec/sec=1.01281   ev/simsec=16861.1
     Messages:  created: 6818766   present: 1102   in FES: 126
** Event #7020032   t=483.909352359389   Elapsed: 373.804s (6m 13s)  96% completed  (48% total)
     Speed:     ev/sec=18799.1   simsec/sec=1.17215   ev/simsec=16038.2
     Messages:  created: 6857374   present: 1105   in FES: 128
** Event #7058432   t=486.053956288931   Elapsed: 375.807s (6m 15s)  97% completed  (48% total)
     Speed:     ev/sec=19172   simsec/sec=1.07074   ev/simsec=17905.4
     Messages:  created: 6896179   present: 1109   in FES: 124
** Event #7095808   t=488.505843514852   Elapsed: 377.833s (6m 17s)  97% completed  (48% total)
     Speed:     ev/sec=18448.3   simsec/sec=1.21022   ev/simsec=15243.8
     Messages:  created: 6933742   present: 1065   in FES: 110
** Event #7130624   t=490.521941015376   Elapsed: 379.836s (6m 19s)  98% completed  (49% total)
     Speed:     ev/sec=17380.4   simsec/sec=1.00645   ev/simsec=17269
     Messages:  created: 6968345   present: 1085   in FES: 110
** Event #7165184   t=492.535848654859   Elapsed: 381.854s (6m 21s)  98% completed  (49% total)
     Speed:     ev/sec=17126.8   simsec/sec=0.998028   ev/simsec=17160.7
     Messages:  created: 7002722   present: 1092   in FES: 115
** Event #7202048   t=494.922161703082   Elapsed: 383.854s (6m 23s)  98% completed  (49% total)
     Speed:     ev/sec=18426.1   simsec/sec=1.19277   ev/simsec=15448.1
     Messages:  created: 7040343   present: 1078   in FES: 115
** Event #7239936   t=497.121567771132   Elapsed: 385.864s (6m 25s)  99% completed  (49% total)
     Speed:     ev/sec=18850.3   simsec/sec=1.09426   ev/simsec=17226.5
     Messages:  created: 7077753   present: 1065   in FES: 127
** Event #7276032   t=499.526403373122   Elapsed: 387.883s (6m 27s)  99% completed  (49% total)
     Speed:     ev/sec=17881.4   simsec/sec=1.19132   ev/simsec=15009.8
     Messages:  created: 7113655   present: 1063   in FES: 104
** Event #7281591   t=500   Elapsed: 388.304s (6m 28s)  100% completed  (50% total)
     Speed:     ev/sec=13183.2   simsec/sec=1.11745   ev/simsec=11797.6
     Messages:  created: 7119275   present: 1021   in FES: 95

<!> Simulation time limit reached -- at t=500s, event #7281591
undisposed object: (omnetpp::cMessage) FanetStressNetwork.uav[0].app.debugTimer -- check module destructor
undisposed object: (omnetpp::cMessage) FanetStressNetwork.uav[1].app.debugTimer -- check module destructor
undisposed object: (omnetpp::cMessage) FanetStressNetwork.uav[2].app.debugTimer -- check module destructor
undisposed object: (omnetpp::cMessage) FanetStressNetwork.uav[3].app.debugTimer -- check module destructor
undisposed object: (omnetpp::cMessage) FanetStressNetwork.uav[4].app.debugTimer -- check module destructor
undisposed object: (omnetpp::cMessage) FanetStressNetwork.uav[5].app.debugTimer -- check module destructor
undisposed object: (omnetpp::cMessage) FanetStressNetwork.uav[6].app.debugTimer -- check module destructor
undisposed object: (omnetpp::cMessage) FanetStressNetwork.uav[7].app.debugTimer -- check module destructor
undisposed object: (omnetpp::cMessage) FanetStressNetwork.uav[8].app.debugTimer -- check module destructor
undisposed object: (omnetpp::cMessage) FanetStressNetwork.uav[9].app.debugTimer -- check module destructor
undisposed object: (omnetpp::cMessage) FanetStressNetwork.uav[10].app.debugTimer -- check module destructor
undisposed object: (omnetpp::cMessage) FanetStressNetwork.uav[11].app.debugTimer -- check module destructor
undisposed object: (omnetpp::cMessage) FanetStressNetwork.uav[12].app.debugTimer -- check module destructor
undisposed object: (omnetpp::cMessage) FanetStressNetwork.uav[13].app.debugTimer -- check module destructor
undisposed object: (omnetpp::cMessage) FanetStressNetwork.uav[14].app.debugTimer -- check module destructor
undisposed object: (omnetpp::cMessage) FanetStressNetwork.uav[15].app.debugTimer -- check module destructor
undisposed object: (omnetpp::cMessage) FanetStressNetwork.uav[16].app.debugTimer -- check module destructor
undisposed object: (omnetpp::cMessage) FanetStressNetwork.uav[17].app.debugTimer -- check module destructor
undisposed object: (omnetpp::cMessage) FanetStressNetwork.uav[18].app.debugTimer -- check module destructor
undisposed object: (omnetpp::cMessage) FanetStressNetwork.uav[19].app.debugTimer -- check module destructor
undisposed object: (omnetpp::cMessage) FanetStressNetwork.uav[20].app.debugTimer -- check module destructor
undisposed object: (omnetpp::cMessage) FanetStressNetwork.uav[21].app.debugTimer -- check module destructor
undisposed object: (omnetpp::cMessage) FanetStressNetwork.uav[22].app.debugTimer -- check module destructor
undisposed object: (omnetpp::cMessage) FanetStressNetwork.uav[23].app.debugTimer -- check module destructor
undisposed object: (omnetpp::cMessage) FanetStressNetwork.uav[24].app.debugTimer -- check module destructor
undisposed object: (omnetpp::cMessage) FanetStressNetwork.uav[25].app.debugTimer -- check module destructor
undisposed object: (omnetpp::cMessage) FanetStressNetwork.uav[26].app.debugTimer -- check module destructor
undisposed object: (omnetpp::cMessage) FanetStressNetwork.uav[27].app.debugTimer -- check module destructor
undisposed object: (omnetpp::cMessage) FanetStressNetwork.uav[28].app.debugTimer -- check module destructor
undisposed object: (omnetpp::cMessage) FanetStressNetwork.uav[29].app.debugTimer -- check module destructor
