** Event #0   t=0   Elapsed: 8e-06s (0m 00s)  0% completed  (50% total)
     Speed:     ev/sec=0   simsec/sec=0   ev/simsec=0
     Messages:  created: 1081   present: 1081   in FES: 161
** Event #38400   t=3.9   Elapsed: 2.01685s (0m 02s)  0% completed  (50% total)
     Speed:     ev/sec=19040.2   simsec/sec=1.93372   ev/simsec=9846.41
     Messages:  created: 31931   present: 1021   in FES: 95
** Event #69376   t=7.009335567922   Elapsed: 4.01728s (0m 04s)  1% completed  (50% total)
     Speed:     ev/sec=15484.7   simsec/sec=1.55433   ev/simsec=9962.26
     Messages:  created: 55984   present: 1106   in FES: 123
** Event #104192   t=10.514404846255   Elapsed: 6.02673s (0m 06s)  2% completed  (51% total)
     Speed:     ev/sec=17326.1   simsec/sec=1.74429   ev/simsec=9933.04
     Messages:  created: 83065   present: 1038   in FES: 101
** Event #136192   t=13.58743032535   Elapsed: 8.03017s (0m 08s)  2% completed  (51% total)
     Speed:     ev/sec=15972.6   simsec/sec=1.53388   ev/simsec=10413.2
     Messages:  created: 108571   present: 1074   in FES: 111
** Event #166912   t=16.875453025555   Elapsed: 10.0308s (0m 10s)  3% completed  (51% total)
     Speed:     ev/sec=15355   simsec/sec=1.64348   ev/simsec=9343
     Messages:  created: 132675   present: 1021   in FES: 95
** Event #201216   t=20.512283611049   Elapsed: 12.043s (0m 12s)  4% completed  (52% total)
     Speed:     ev/sec=17047.8   simsec/sec=1.80737   ev/simsec=9432.39
     Messages:  created: 159907   present: 1116   in FES: 126
** Event #233216   t=23.576307535783   Elapsed: 14.0614s (0m 14s)  4% completed  (52% total)
     Speed:     ev/sec=15854.7   simsec/sec=1.5181   ev/simsec=10443.8
     Messages:  created: 185104   present: 1093   in FES: 126
** Event #264192   t=26.600579636002   Elapsed: 16.0816s (0m 16s)  5% completed  (52% total)
     Speed:     ev/sec=15332.9   simsec/sec=1.497   ev/simsec=10242.5
     Messages:  created: 209319   present: 1049   in FES: 102
** Event #297984   t=30.078828730023   Elapsed: 18.0849s (0m 18s)  6% completed  (53% total)
     Speed:     ev/sec=16867.9   simsec/sec=1.73624   ev/simsec=9715.23
     Messages:  created: 235855   present: 1103   in FES: 120
** Event #329728   t=33.513653360218   Elapsed: 20.0942s (0m 20s)  6% completed  (53% total)
     Speed:     ev/sec=15798.7   simsec/sec=1.70948   ev/simsec=9241.81
     Messages:  created: 260582   present: 1079   in FES: 114
** Event #360704   t=36.554191662321   Elapsed: 22.1114s (0m 22s)  7% completed  (53% total)
     Speed:     ev/sec=15356.3   simsec/sec=1.50734   ev/simsec=10187.7
     Messages:  created: 284894   present: 1028   in FES: 97
** Event #391680   t=39.582007286207   Elapsed: 24.1256s (0m 24s)  7% completed  (53% total)
     Speed:     ev/sec=15378.8   simsec/sec=1.50324   ev/simsec=10230.5
     Messages:  created: 309345   present: 1084   in FES: 115
** Event #423168   t=43.019411562174   Elapsed: 26.1284s (0m 26s)  8% completed  (54% total)
     Speed:     ev/sec=15722   simsec/sec=1.7163   ev/simsec=9160.4
     Messages:  created: 334256   present: 1028   in FES: 97
** Event #457728   t=46.547355141485   Elapsed: 28.1529s (0m 28s)  9% completed  (54% total)
     Speed:     ev/sec=17070.9   simsec/sec=1.74263   ev/simsec=9796.08
     Messages:  created: 361639   present: 1044   in FES: 103
** Event #489728   t=50.002515889108   Elapsed: 30.1609s (0m 30s)  10% completed  (55% total)
     Speed:     ev/sec=15935.9   simsec/sec=1.72066   ev/simsec=9261.51
     Messages:  created: 387085   present: 1094   in FES: 126
** Event #527360   t=53.607007826213   Elapsed: 32.1689s (0m 32s)  10% completed  (55% total)
     Speed:     ev/sec=18741.3   simsec/sec=1.79509   ev/simsec=10440.3
     Messages:  created: 417092   present: 1115   in FES: 124
** Event #561920   t=57.513384690751   Elapsed: 34.1723s (0m 34s)  11% completed  (55% total)
     Speed:     ev/sec=17250.3   simsec/sec=1.94983   ev/simsec=8847.07
     Messages:  created: 444400   present: 1069   in FES: 112
** Event #592896   t=60.529677246733   Elapsed: 36.1956s (0m 36s)  12% completed  (56% total)
     Speed:     ev/sec=15310.1   simsec/sec=1.49083   ev/simsec=10269.6
     Messages:  created: 468942   present: 1093   in FES: 114
** Event #628224   t=64.502633662727   Elapsed: 38.2049s (0m 38s)  12% completed  (56% total)
     Speed:     ev/sec=17581.4   simsec/sec=1.97719   ev/simsec=8892.12
     Messages:  created: 497656   present: 1084   in FES: 117
** Event #659712   t=67.591690182155   Elapsed: 40.2064s (0m 40s)  13% completed  (56% total)
     Speed:     ev/sec=15732.4   simsec/sec=1.54339   ev/simsec=10193.4
     Messages:  created: 523347   present: 1092   in FES: 126
** Event #689664   t=70.650060516065   Elapsed: 42.207s (0m 42s)  14% completed  (57% total)
     Speed:     ev/sec=14971.8   simsec/sec=1.52875   ev/simsec=9793.45
     Messages:  created: 547013   present: 1021   in FES: 95
** Event #724736   t=74.520518485559   Elapsed: 44.2186s (0m 44s)  14% completed  (57% total)
     Speed:     ev/sec=17434.9   simsec/sec=1.92407   ev/simsec=9061.46
     Messages:  created: 574728   present: 1097   in FES: 118
** Event #755200   t=77.548421789395   Elapsed: 46.2387s (0m 46s)  15% completed  (57% total)
     Speed:     ev/sec=15080.5   simsec/sec=1.49889   ev/simsec=10061.1
     Messages:  created: 598609   present: 1080   in FES: 115
** Event #786432   t=80.578661308547   Elapsed: 48.2654s (0m 48s)  16% completed  (58% total)
     Speed:     ev/sec=15410.5   simsec/sec=1.49518   ev/simsec=10306.8
     Messages:  created: 622989   present: 1099   in FES: 120
** Event #817664   t=83.579523402671   Elapsed: 50.2731s (0m 50s)  16% completed  (58% total)
     Speed:     ev/sec=15555.7   simsec/sec=1.49464   ev/simsec=10407.7
     Messages:  created: 646947   present: 1078   in FES: 113
** Event #848640   t=86.601122866869   Elapsed: 52.2823s (0m 52s)  17% completed  (58% total)
     Speed:     ev/sec=15417.3   simsec/sec=1.5039   ev/simsec=10251.5
     Messages:  created: 671219   present: 1049   in FES: 102
** Event #882688   t=90.078386328176   Elapsed: 54.2861s (0m 54s)  18% completed  (59% total)
     Speed:     ev/sec=16991.2   simsec/sec=1.73528   ev/simsec=9791.61
     Messages:  created: 697672   present: 1059   in FES: 106
** Event #916224   t=93.562862078986   Elapsed: 56.3028s (0m 56s)  18% completed  (59% total)
     Speed:     ev/sec=16629.8   simsec/sec=1.72788   ev/simsec=9624.4
     Messages:  created: 723993   present: 1088   in FES: 115
** Event #946432   t=96.564948972315   Elapsed: 58.3207s (0m 58s)  19% completed  (59% total)
     Speed:     ev/sec=14969.7   simsec/sec=1.4877   ev/simsec=10062.3
     Messages:  created: 747589   present: 1088   in FES: 117
** Event #977408   t=99.603058940907   Elapsed: 60.33s (1m 00s)  19% completed  (59% total)
     Speed:     ev/sec=15416   simsec/sec=1.512   ev/simsec=10195.8
     Messages:  created: 772364   present: 1116   in FES: 126
** Event #1018624   t=102.572860665337   Elapsed: 62.3469s (1m 02s)  20% completed  (60% total)
     Speed:     ev/sec=20435.3   simsec/sec=1.47246   ev/simsec=13878.4
     Messages:  created: 813488   present: 1120   in FES: 125
** Event #1063680   t=105.569072089083   Elapsed: 64.3568s (1m 04s)  21% completed  (60% total)
     Speed:     ev/sec=22417.9   simsec/sec=1.49079   ev/simsec=15037.7
     Messages:  created: 859962   present: 1098   in FES: 119
** Event #1108992   t=108.56926732702   Elapsed: 66.3574s (1m 06s)  21% completed  (60% total)
     Speed:     ev/sec=22648.8   simsec/sec=1.49962   ev/simsec=15103
     Messages:  created: 906804   present: 1059   in FES: 127
** Event #1154560   t=111.567920629052   Elapsed: 68.3667s (1m 08s)  22% completed  (61% total)
     Speed:     ev/sec=22678.6   simsec/sec=1.49239   ev/simsec=15196.2
     Messages:  created: 954479   present: 1116   in FES: 125
** Event #1199872   t=114.579630034792   Elapsed: 70.3714s (1m 10s)  22% completed  (61% total)
     Speed:     ev/sec=22603.1   simsec/sec=1.50234   ev/simsec=15045.3
     Messages:  created: 1002163   present: 1088   in FES: 117
** Event #1245696   t=117.63387840972   Elapsed: 72.3874s (1m 12s)  23% completed  (61% total)
     Speed:     ev/sec=22730.4   simsec/sec=1.51502   ev/simsec=15003.4
     Messages:  created: 1049794   present: 1021   in FES: 95
** Event #1291520   t=120.596970819046   Elapsed: 74.4018s (1m 14s)  24% completed  (62% total)
     Speed:     ev/sec=22747.7   simsec/sec=1.47092   ev/simsec=15464.9
     Messages:  created: 1098626   present: 1026   in FES: 97
** Event #1345536   t=124.070408500597   Elapsed: 76.4044s (1m 16s)  24% completed  (62% total)
     Speed:     ev/sec=26973.1   simsec/sec=1.73448   ev/simsec=15551.2
     Messages:  created: 1158081   present: 1062   in FES: 103
** Event #1389568   t=126.668523671436   Elapsed: 78.4063s (1m 18s)  25% completed  (62% total)
     Speed:     ev/sec=21994.6   simsec/sec=1.2978   ev/simsec=16947.7
     Messages:  created: 1205546   present: 1029   in FES: 96
** Event #1434880   t=129.593622119748   Elapsed: 80.4195s (1m 20s)  25% completed  (62% total)
     Speed:     ev/sec=22507.9   simsec/sec=1.45299   ev/simsec=15490.8
     Messages:  created: 1253870   present: 1109   in FES: 122
** Event #1480192   t=132.526027295497   Elapsed: 82.4263s (1m 22s)  26% completed  (63% total)
     Speed:     ev/sec=22579   simsec/sec=1.46122   ev/simsec=15452.2
     Messages:  created: 1301398   present: 1199   in FES: 156
** Event #1521152   t=135.073685432686   Elapsed: 84.4273s (1m 24s)  27% completed  (63% total)
     Speed:     ev/sec=20469.5   simsec/sec=1.27318   ev/simsec=16077.5
     Messages:  created: 1343611   present: 1105   in FES: 126
** Event #1559808   t=137.604818072825   Elapsed: 86.4423s (1m 26s)  27% completed  (63% total)
     Speed:     ev/sec=19184.3   simsec/sec=1.25616   ev/simsec=15272.2
     Messages:  created: 1381770   present: 1067   in FES: 108
** Event #1600000   t=140.568842691797   Elapsed: 88.4447s (1m 28s)  28% completed  (64% total)
     Speed:     ev/sec=20071.5   simsec/sec=1.48021   ev/simsec=13559.9
     Messages:  created: 1421352   present: 1119   in FES: 142
** Event #1637632   t=143.086455921867   Elapsed: 90.4515s (1m 30s)  28% completed  (64% total)
     Speed:     ev/sec=18752.3   simsec/sec=1.25455   ev/simsec=14947.5
     Messages:  created: 1457699   present: 1073   in FES: 110
** Event #1673216   t=145.590450179333   Elapsed: 92.4862s (1m 32s)  29% completed  (64% total)
     Speed:     ev/sec=17488.9   simsec/sec=1.23067   ev/simsec=14210.9
     Messages:  created: 1492207   present: 1061   in FES: 106
** Event #1712384   t=148.562896605587   Elapsed: 94.4927s (1m 34s)  29% completed  (64% total)
     Speed:     ev/sec=19520.1   simsec/sec=1.48137   ev/simsec=13177
     Messages:  created: 1530034   present: 1094   in FES: 119
** Event #1751040   t=151.512687521527   Elapsed: 96.4973s (1m 36s)  30% completed  (65% total)
     Speed:     ev/sec=19284.2   simsec/sec=1.47155   ev/simsec=13104.7
     Messages:  created: 1566654   present: 1106   in FES: 123
** Event #1787648   t=154.067306598441   Elapsed: 98.5029s (1m 38s)  30% completed  (65% total)
     Speed:     ev/sec=18253.2   simsec/sec=1.27376   ev/simsec=14330.1
     Messages:  created: 1600840   present: 1037   in FES: 100
** Event #1822208   t=156.580622315019   Elapsed: 100.506s (1m 40s)  31% completed  (65% total)
     Speed:     ev/sec=17252.6   simsec/sec=1.25466   ev/simsec=13750.8
     Messages:  created: 1633245   present: 1089   in FES: 116
** Event #1861120   t=159.543091804388   Elapsed: 102.511s (1m 42s)  31% completed  (65% total)
     Speed:     ev/sec=19404.5   simsec/sec=1.47731   ev/simsec=13135
     Messages:  created: 1669980   present: 1093   in FES: 126
** Event #1898240   t=162.269698613881   Elapsed: 104.514s (1m 44s)  32% completed  (66% total)
     Speed:     ev/sec=18535   simsec/sec=1.36147   ev/simsec=13614
     Messages:  created: 1705133   present: 1076   in FES: 127
** Event #1937920   t=165.414987768063   Elapsed: 106.518s (1m 46s)  33% completed  (66% total)
     Speed:     ev/sec=19798.9   simsec/sec=1.56939   ev/simsec=12615.7
     Messages:  created: 1743298   present: 1113   in FES: 130
** Event #1977600   t=168.515589118083   Elapsed: 108.529s (1m 48s)  33% completed  (66% total)
     Speed:     ev/sec=19730.6   simsec/sec=1.54175   ev/simsec=12797.5
     Messages:  created: 1781497   present: 1098   in FES: 120
** Event #2016768   t=171.514671902002   Elapsed: 110.532s (1m 50s)  34% completed  (67% total)
     Speed:     ev/sec=19559.5   simsec/sec=1.49767   ev/simsec=13060
     Messages:  created: 1819023   present: 1025   in FES: 96
** Event #2056192   t=174.52751836917   Elapsed: 112.544s (1m 52s)  34% completed  (67% total)
     Speed:     ev/sec=19590.8   simsec/sec=1.49716   ev/simsec=13085.3
     Messages:  created: 1857120   present: 1103   in FES: 120
** Event #2098176   t=177.598717659576   Elapsed: 114.564s (1m 54s)  35% completed  (67% total)
     Speed:     ev/sec=20790   simsec/sec=1.52082   ev/simsec=13670.2
     Messages:  created: 1898999   present: 1090   in FES: 117
** Event #2142464   t=181.048365163969   Elapsed: 116.567s (1m 56s)  36% completed  (68% total)
     Speed:     ev/sec=22103.7   simsec/sec=1.72168   ev/simsec=12838.4
     Messages:  created: 1943932   present: 1108   in FES: 123
** Event #2188032   t=184.213961927619   Elapsed: 118.577s (1m 58s)  36% completed  (68% total)
     Speed:     ev/sec=22674.9   simsec/sec=1.57522   ev/simsec=14394.8
     Messages:  created: 1989883   present: 1118   in FES: 140
** Event #2234112   t=187.519476944586   Elapsed: 120.591s (2m 00s)  37% completed  (68% total)
     Speed:     ev/sec=22878   simsec/sec=1.64114   ev/simsec=13940.3
     Messages:  created: 2037821   present: 1106   in FES: 126
** Event #2279936   t=190.523519483169   Elapsed: 122.595s (2m 02s)  38% completed  (69% total)
     Speed:     ev/sec=22867.5   simsec/sec=1.49911   ev/simsec=15254.1
     Messages:  created: 2086146   present: 1118   in FES: 126
** Event #2324992   t=193.520999384457   Elapsed: 124.597s (2m 04s)  38% completed  (69% total)
     Speed:     ev/sec=22502.9   simsec/sec=1.49707   ev/simsec=15031.3
     Messages:  created: 2133546   present: 1106   in FES: 121
** Event #2368000   t=196.213486151197   Elapsed: 126.598s (2m 06s)  39% completed  (69% total)
     Speed:     ev/sec=21490.7   simsec/sec=1.34541   ev/simsec=15973.3
     Messages:  created: 2178558   present: 1095   in FES: 120
** Event #2409472   t=198.718779252574   Elapsed: 128.6s (2m 08s)  39% completed  (69% total)
     Speed:     ev/sec=20717.5   simsec/sec=1.25153   ev/simsec=16553.8
     Messages:  created: 2222894   present: 1062   in FES: 124
** Event #2456832   t=201.575474910369   Elapsed: 130.605s (2m 10s)  40% completed  (70% total)
     Speed:     ev/sec=23620.8   simsec/sec=1.42478   ev/simsec=16578.6
     Messages:  created: 2274051   present: 1109   in FES: 122
** Event #2509312   t=204.510968569212   Elapsed: 132.617s (2m 12s)  40% completed  (70% total)
     Speed:     ev/sec=26086.8   simsec/sec=1.45918   ev/simsec=17877.7
     Messages:  created: 2332672   present: 1116   in FES: 126
** Event #2564864   t=206.511589573743   Elapsed: 134.634s (2m 14s)  41% completed  (70% total)
     Speed:     ev/sec=27543.3   simsec/sec=0.991931   ev/simsec=27767.4
     Messages:  created: 2399146   present: 1085   in FES: 116
** Event #2614016   t=209.431938698731   Elapsed: 136.635s (2m 16s)  41% completed  (70% total)
     Speed:     ev/sec=24562.8   simsec/sec=1.45939   ev/simsec=16830.9
     Messages:  created: 2453164   present: 1105   in FES: 146
** Event #2658816   t=212.048366923618   Elapsed: 138.643s (2m 18s)  42% completed  (71% total)
     Speed:     ev/sec=22304.5   simsec/sec=1.30264   ev/simsec=17122.6
     Messages:  created: 2501520   present: 1057   in FES: 106
** Event #2703872   t=214.590562610596   Elapsed: 140.645s (2m 20s)  42% completed  (71% total)
     Speed:     ev/sec=22511.8   simsec/sec=1.27019   ev/simsec=17723.3
     Messages:  created: 2549823   present: 1099   in FES: 120
** Event #2748928   t=217.26947524026   Elapsed: 142.652s (2m 22s)  43% completed  (71% total)
     Speed:     ev/sec=22447.3   simsec/sec=1.33466   ev/simsec=16818.8
     Messages:  created: 2597514   present: 1025   in FES: 97
** Event #2790400   t=219.601243179674   Elapsed: 144.656s (2m 24s)  43% completed  (71% total)
     Speed:     ev/sec=20695.1   simsec/sec=1.16359   ev/simsec=17785.6
     Messages:  created: 2642158   present: 1075   in FES: 112
** Event #2841344   t=222.463758827132   Elapsed: 146.66s (2m 26s)  44% completed  (72% total)
     Speed:     ev/sec=25419.6   simsec/sec=1.42832   ev/simsec=17796.9
     Messages:  created: 2698982   present: 1053   in FES: 127
** Event #2888960   t=225.164987828076   Elapsed: 148.667s (2m 28s)  45% completed  (72% total)
     Speed:     ev/sec=23730   simsec/sec=1.34619   ev/simsec=17627.5
     Messages:  created: 2749479   present: 1108   in FES: 125
** Event #2930944   t=227.608008315307   Elapsed: 150.685s (2m 30s)  45% completed  (72% total)
     Speed:     ev/sec=20804.3   simsec/sec=1.21059   ev/simsec=17185.3
     Messages:  created: 2793899   present: 1091   in FES: 126
** Event #2979072   t=230.568346769926   Elapsed: 152.698s (2m 32s)  46% completed  (73% total)
     Speed:     ev/sec=23900.2   simsec/sec=1.47009   ev/simsec=16257.6
     Messages:  created: 2846164   present: 1066   in FES: 111
** Event #3025664   t=233.523879814488   Elapsed: 154.706s (2m 34s)  46% completed  (73% total)
     Speed:     ev/sec=23208.5   simsec/sec=1.47222   ev/simsec=15764.3
     Messages:  created: 2895511   present: 1058   in FES: 103
** Event #3070464   t=236.526515306416   Elapsed: 156.731s (2m 36s)  47% completed  (73% total)
     Speed:     ev/sec=22121.2   simsec/sec=1.48263   ev/simsec=14920.2
     Messages:  created: 2941659   present: 1071   in FES: 106
** Event #3116800   t=239.52722158661   Elapsed: 158.748s (2m 38s)  47% completed  (73% total)
     Speed:     ev/sec=22976.4   simsec/sec=1.48794   ev/simsec=15441.7
     Messages:  created: 2990005   present: 1211   in FES: 156
** Event #3161856   t=242.058820585006   Elapsed: 160.749s (2m 40s)  48% completed  (74% total)
     Speed:     ev/sec=22510.9   simsec/sec=1.26484   ev/simsec=17797.4
     Messages:  created: 3038748   present: 1113   in FES: 126
** Event #3210240   t=245.044302657277   Elapsed: 162.755s (2m 42s)  49% completed  (74% total)
     Speed:     ev/sec=24128.6   simsec/sec=1.48883   ev/simsec=16206.4
     Messages:  created: 3090690   present: 1077   in FES: 114
** Event #3261184   t=248.463759050166   Elapsed: 164.761s (2m 44s)  49% completed  (74% total)
     Speed:     ev/sec=25397.7   simsec/sec=1.70474   ev/simsec=14898.3
     Messages:  created: 3145365   present: 1101   in FES: 127
** Event #3308544   t=251.543147563928   Elapsed: 166.763s (2m 46s)  50% completed  (75% total)
     Speed:     ev/sec=23652   simsec/sec=1.53787   ev/simsec=15379.7
     Messages:  created: 3195430   present: 1088   in FES: 126
** Event #3354112   t=254.534658305434   Elapsed: 168.763s (2m 48s)  50% completed  (75% total)
     Speed:     ev/sec=22779.1   simsec/sec=1.49543   ev/simsec=15232.4
     Messages:  created: 3244432   present: 1100   in FES: 121
** Event #3399936   t=257.532468808393   Elapsed: 170.765s (2m 50s)  51% completed  (75% total)
     Speed:     ev/sec=22890.9   simsec/sec=1.49752   ev/simsec=15285.8
     Messages:  created: 3293722   present: 1191   in FES: 156
** Event #3447296   t=260.591985963187   Elapsed: 172.768s (2m 52s)  52% completed  (76% total)
     Speed:     ev/sec=23652.4   simsec/sec=1.52798   ev/simsec=15479.6
     Messages:  created: 3345371   present: 1092   in FES: 126
** Event #3495680   t=263.59774699417   Elapsed: 174.784s (2m 54s)  52% completed  (76% total)
     Speed:     ev/sec=23999.9   simsec/sec=1.49094   ev/simsec=16097.1
     Messages:  created: 3397593   present: 1029   in FES: 96
** Event #3544064   t=266.589387441641   Elapsed: 176.802s (2m 56s)  53% completed  (76% total)
     Speed:     ev/sec=23969.6   simsec/sec=1.48207   ev/simsec=16173.1
     Messages:  created: 3449932   present: 1094   in FES: 126
** Event #3594496   t=269.769697929595   Elapsed: 178.808s (2m 58s)  53% completed  (76% total)
     Speed:     ev/sec=25141.2   simsec/sec=1.58544   ev/simsec=15857.6
     Messages:  created: 3504842   present: 1099   in FES: 128
** Event #3640832   t=272.635367219255   Elapsed: 180.822s (3m 00s)  54% completed  (77% total)
     Speed:     ev/sec=23009.1   simsec/sec=1.423   ev/simsec=16169.3
     Messages:  created: 3554626   present: 1021   in FES: 95
** Event #3688704   t=275.914722821692   Elapsed: 182.827s (3m 02s)  55% completed  (77% total)
     Speed:     ev/sec=23870.4   simsec/sec=1.63519   ev/simsec=14598
     Messages:  created: 3606212   present: 1112   in FES: 126
** Event #3732736   t=278.595298123066   Elapsed: 184.836s (3m 04s)  55% completed  (77% total)
     Speed:     ev/sec=21924.2   simsec/sec=1.3347   ev/simsec=16426.3
     Messages:  created: 3652533   present: 1113   in FES: 124
** Event #3777280   t=281.530813017527   Elapsed: 186.837s (3m 06s)  56% completed  (78% total)
     Speed:     ev/sec=22262.1   simsec/sec=1.46711   ev/simsec=15174.2
     Messages:  created: 3699803   present: 1103   in FES: 126
** Event #3825408   t=284.568575454205   Elapsed: 188.841s (3m 08s)  56% completed  (78% total)
     Speed:     ev/sec=24007.1   simsec/sec=1.51529   ev/simsec=15843.2
     Messages:  created: 3750579   present: 1062   in FES: 109
** Event #3870464   t=287.568309216185   Elapsed: 190.843s (3m 10s)  57% completed  (78% total)
     Speed:     ev/sec=22510.8   simsec/sec=1.49872   ev/simsec=15020
     Messages:  created: 3798389   present: 1110   in FES: 126
** Event #3917056   t=290.591162875032   Elapsed: 192.86s (3m 12s)  58% completed  (79% total)
     Speed:     ev/sec=23094.6   simsec/sec=1.49836   ev/simsec=15413.3
     Messages:  created: 3847881   present: 1024   in FES: 97
** Event #3963392   t=293.576183870881   Elapsed: 194.862s (3m 14s)  58% completed  (79% total)
     Speed:     ev/sec=23147.3   simsec/sec=1.49118   ev/simsec=15522.8
     Messages:  created: 3897182   present: 1038   in FES: 97
** Event #4008448   t=296.534559381378   Elapsed: 196.865s (3m 16s)  59% completed  (79% total)
     Speed:     ev/sec=22493.7   simsec/sec=1.47693   ev/simsec=15230
     Messages:  created: 3945416   present: 1055   in FES: 104
** Event #4052224   t=299.414943604488   Elapsed: 198.869s (3m 18s)  59% completed  (79% total)
     Speed:     ev/sec=21842.7   simsec/sec=1.43721   ev/simsec=15198
     Messages:  created: 3992075   present: 1086   in FES: 128
** Event #4100352   t=302.517164559878   Elapsed: 200.873s (3m 20s)  60% completed  (80% total)
     Speed:     ev/sec=24019.2   simsec/sec=1.54822   ev/simsec=15514
     Messages:  created: 4043286   present: 1074   in FES: 111
** Event #4148736   t=305.588421878779   Elapsed: 202.877s (3m 22s)  61% completed  (80% total)
     Speed:     ev/sec=24142.9   simsec/sec=1.53251   ev/simsec=15753.8
     Messages:  created: 4094758   present: 1108   in FES: 123
** Event #4192512   t=308.569161349621   Elapsed: 204.879s (3m 24s)  61% completed  (80% total)
     Speed:     ev/sec=21866.5   simsec/sec=1.4889   ev/simsec=14686.3
     Messages:  created: 4141362   present: 1105   in FES: 124
** Event #4240128   t=311.596787598682   Elapsed: 206.904s (3m 26s)  62% completed  (81% total)
     Speed:     ev/sec=23517.2   simsec/sec=1.49532   ev/simsec=15727.2
     Messages:  created: 4191985   present: 1068   in FES: 107
** Event #4295168   t=315.180504000234   Elapsed: 208.905s (3m 28s)  63% completed  (81% total)
     Speed:     ev/sec=27497.6   simsec/sec=1.7904   ev/simsec=15358.4
     Messages:  created: 4251590   present: 1093   in FES: 146
** Event #4343040   t=318.529402794545   Elapsed: 210.91s (3m 30s)  63% completed  (81% total)
     Speed:     ev/sec=23882.5   simsec/sec=1.67071   ev/simsec=14294.8
     Messages:  created: 4302626   present: 1114   in FES: 126
** Event #4388352   t=321.520820958702   Elapsed: 212.917s (3m 32s)  64% completed  (82% total)
     Speed:     ev/sec=22573.7   simsec/sec=1.49027   ev/simsec=15147.3
     Messages:  created: 4350599   present: 1111   in FES: 126
** Event #4434432   t=324.579917024707   Elapsed: 214.919s (3m 34s)  64% completed  (82% total)
     Speed:     ev/sec=23017.8   simsec/sec=1.52807   ev/simsec=15063.3
     Messages:  created: 4398493   present: 1120   in FES: 125
** Event #4481792   t=327.602727622091   Elapsed: 216.939s (3m 36s)  65% completed  (82% total)
     Speed:     ev/sec=23447.7   simsec/sec=1.49658   ev/simsec=15667.5
     Messages:  created: 4449335   present: 1085   in FES: 114
** Event #4537088   t=331.572251925974   Elapsed: 218.948s (3m 38s)  66% completed  (83% total)
     Speed:     ev/sec=27529.6   simsec/sec=1.97626   ev/simsec=13930.1
     Messages:  created: 4508554   present: 1096   in FES: 126
** Event #4583168   t=334.964338780707   Elapsed: 220.949s (3m 40s)  66% completed  (83% total)
     Speed:     ev/sec=23020.9   simsec/sec=1.69464   ev/simsec=13584.6
     Messages:  created: 4557101   present: 1103   in FES: 127
** Event #4631552   t=338.078387091766   Elapsed: 222.952s (3m 42s)  67% completed  (83% total)
     Speed:     ev/sec=24158.7   simsec/sec=1.55488   ev/simsec=15537.3
     Messages:  created: 4609496   present: 1075   in FES: 108
** Event #4684032   t=341.680269694189   Elapsed: 224.959s (3m 44s)  68% completed  (84% total)
     Speed:     ev/sec=26149.4   simsec/sec=1.79472   ev/simsec=14570.2
     Messages:  created: 4665875   present: 1022   in FES: 96
** Event #4736256   t=345.270155350925   Elapsed: 226.963s (3m 46s)  69% completed  (84% total)
     Speed:     ev/sec=26053   simsec/sec=1.79088   ev/simsec=14547.5
     Messages:  created: 4722345   present: 1108   in FES: 128
** Event #4782336   t=348.552147309709   Elapsed: 228.967s (3m 48s)  69% completed  (84% total)
     Speed:     ev/sec=23000.4   simsec/sec=1.63817   ev/simsec=14040.3
     Messages:  created: 4771064   present: 1085   in FES: 126
** Event #4826624   t=351.599562957745   Elapsed: 230.987s (3m 50s)  70% completed  (85% total)
     Speed:     ev/sec=21918.6   simsec/sec=1.5082   ev/simsec=14533
     Messages:  created: 4816249   present: 1095   in FES: 118
** Event #4872704   t=355.048366967205   Elapsed: 232.989s (3m 52s)  71% completed  (85% total)
     Speed:     ev/sec=23019.3   simsec/sec=1.72285   ev/simsec=13361.2
     Messages:  created: 4863619   present: 1060   in FES: 107
** Event #4918528   t=358.527411562174   Elapsed: 234.998s (3m 54s)  71% completed  (85% total)
     Speed:     ev/sec=22817.3   simsec/sec=1.73233   ev/simsec=13171.4
     Messages:  created: 4910103   present: 1036   in FES: 97
** Event #4959232   t=361.522628692689   Elapsed: 237.003s (3m 57s)  72% completed  (86% total)
     Speed:     ev/sec=20299.1   simsec/sec=1.49372   ev/simsec=13589.7
     Messages:  created: 4950863   present: 1111   in FES: 126
** Event #5000960   t=364.52857251363   Elapsed: 239.035s (3m 59s)  72% completed  (86% total)
     Speed:     ev/sec=20534   simsec/sec=1.4792   ev/simsec=13881.8
     Messages:  created: 4991992   present: 1046   in FES: 99
** Event #5043200   t=367.567243584095   Elapsed: 241.059s (4m 01s)  73% completed  (86% total)
     Speed:     ev/sec=20867.3   simsec/sec=1.50116   ev/simsec=13900.8
     Messages:  created: 5033533   present: 1062   in FES: 109
** Event #5084416   t=370.568576048925   Elapsed: 243.067s (4m 03s)  74% completed  (87% total)
     Speed:     ev/sec=20527.8   simsec/sec=1.49483   ev/simsec=13732.6
     Messages:  created: 5074208   present: 1042   in FES: 101
** Event #5122816   t=373.164954962744   Elapsed: 245.074s (4m 05s)  74% completed  (87% total)
     Speed:     ev/sec=19129   simsec/sec=1.29339   ev/simsec=14789.8
     Messages:  created: 5111226   present: 1104   in FES: 139
** Event #5162752   t=376.077903343602   Elapsed: 247.078s (4m 07s)  75% completed  (87% total)
     Speed:     ev/sec=19932   simsec/sec=1.45385   ev/simsec=13709.8
     Messages:  created: 5150605   present: 1073   in FES: 110
** Event #5199616   t=378.713441270586   Elapsed: 249.078s (4m 09s)  75% completed  (87% total)
     Speed:     ev/sec=18429.4   simsec/sec=1.31758   ev/simsec=13987.3
     Messages:  created: 5186496   present: 1084   in FES: 127
** Event #5239808   t=381.579609665037   Elapsed: 251.093s (4m 11s)  76% completed  (88% total)
     Speed:     ev/sec=19952.7   simsec/sec=1.42286   ev/simsec=14022.9
     Messages:  created: 5225616   present: 1110   in FES: 125
** Event #5277952   t=384.082672889772   Elapsed: 253.095s (4m 13s)  76% completed  (88% total)
     Speed:     ev/sec=19052.5   simsec/sec=1.25025   ev/simsec=15238.9
     Messages:  created: 5263329   present: 1091   in FES: 116
** Event #5314816   t=386.5806063922   Elapsed: 255.122s (4m 15s)  77% completed  (88% total)
     Speed:     ev/sec=18179.3   simsec/sec=1.23185   ev/simsec=14757.8
     Messages:  created: 5300116   present: 1054   in FES: 105
** Event #5355776   t=389.463486430791   Elapsed: 257.128s (4m 17s)  77% completed  (88% total)
     Speed:     ev/sec=20426.4   simsec/sec=1.43767   ev/simsec=14208
     Messages:  created: 5341194   present: 1071   in FES: 112
** Event #5390080   t=391.581094599164   Elapsed: 259.139s (4m 19s)  78% completed  (89% total)
     Speed:     ev/sec=17058.8   simsec/sec=1.05305   ev/simsec=16199.4
     Messages:  created: 5375176   present: 1064   in FES: 109
** Event #5431808   t=394.517668627344   Elapsed: 261.161s (4m 21s)  78% completed  (89% total)
     Speed:     ev/sec=20638.4   simsec/sec=1.45241   ev/simsec=14209.8
     Messages:  created: 5417341   present: 1115   in FES: 124
** Event #5466624   t=396.568574148913   Elapsed: 263.163s (4m 23s)  79% completed  (89% total)
     Speed:     ev/sec=17390.1   simsec/sec=1.0244   ev/simsec=16975.9
     Messages:  created: 5451950   present: 1119   in FES: 131
** Event #5508096   t=399.51947524026   Elapsed: 265.187s (4m 25s)  79% completed  (89% total)
     Speed:     ev/sec=20489.1   simsec/sec=1.45788   ev/simsec=14054
     Messages:  created: 5493885   present: 1033   in FES: 98
** Event #5544448   t=401.769914062802   Elapsed: 267.19s (4m 27s)  80% completed  (90% total)
     Speed:     ev/sec=18149.6   simsec/sec=1.12358   ev/simsec=16153.3
     Messages:  created: 5530421   present: 1111   in FES: 126
** Event #5586176   t=404.513400424107   Elapsed: 269.21s (4m 29s)  80% completed  (90% total)
     Speed:     ev/sec=20651.3   simsec/sec=1.35776   ev/simsec=15209.8
     Messages:  created: 5572421   present: 1080   in FES: 113
** Event #5626368   t=407.041146261012   Elapsed: 271.215s (4m 31s)  81% completed  (90% total)
     Speed:     ev/sec=20044   simsec/sec=1.26061   ev/simsec=15900.3
     Messages:  created: 5613351   present: 1072   in FES: 113
** Event #5667072   t=409.53123528275   Elapsed: 273.229s (4m 33s)  81% completed  (90% total)
     Speed:     ev/sec=20211   simsec/sec=1.23642   ev/simsec=16346.4
     Messages:  created: 5654954   present: 1071   in FES: 106
** Event #5710080   t=412.165792389444   Elapsed: 275.232s (4m 35s)  82% completed  (91% total)
     Speed:     ev/sec=21479.6   simsec/sec=1.31578   ev/simsec=16324.6
     Messages:  created: 5698844   present: 1104   in FES: 150
** Event #5748224   t=414.604064336462   Elapsed: 277.255s (4m 37s)  82% completed  (91% total)
     Speed:     ev/sec=18850.1   simsec/sec=1.20495   ev/simsec=15643.9
     Messages:  created: 5738639   present: 1094   in FES: 126
** Event #5791744   t=417.556401809712   Elapsed: 279.274s (4m 39s)  83% completed  (91% total)
     Speed:     ev/sec=21553.2   simsec/sec=1.46214   ev/simsec=14740.9
     Messages:  created: 5784122   present: 1098   in FES: 121
** Event #5837312   t=420.525597035511   Elapsed: 281.277s (4m 41s)  84% completed  (92% total)
     Speed:     ev/sec=22759.4   simsec/sec=1.48299   ev/simsec=15346.9
     Messages:  created: 5832083   present: 1112   in FES: 121
** Event #5883136   t=423.563768744784   Elapsed: 283.289s (4m 43s)  84% completed  (92% total)
     Speed:     ev/sec=22769.8   simsec/sec=1.50966   ev/simsec=15082.8
     Messages:  created: 5880263   present: 1110   in FES: 126
** Event #5927680   t=426.529557396789   Elapsed: 285.306s (4m 45s)  85% completed  (92% total)
     Speed:     ev/sec=22080   simsec/sec=1.47011   ev/simsec=15019.3
     Messages:  created: 5926723   present: 1120   in FES: 119
** Event #5972480   t=429.579483061282   Elapsed: 287.333s (4m 47s)  85% completed  (92% total)
     Speed:     ev/sec=22106.8   simsec/sec=1.505   ev/simsec=14688.9
     Messages:  created: 5973621   present: 1091   in FES: 126
** Event #6021120   t=433.022571272217   Elapsed: 289.334s (4m 49s)  86% completed  (93% total)
     Speed:     ev/sec=24312   simsec/sec=1.72098   ev/simsec=14126.9
     Messages:  created: 6025737   present: 1101   in FES: 126
** Event #6073344   t=436.521414485214   Elapsed: 291.347s (4m 51s)  87% completed  (93% total)
     Speed:     ev/sec=25940.5   simsec/sec=1.73793   ev/simsec=14926.1
     Messages:  created: 6082739   present: 1099   in FES: 118
** Event #6121216   t=439.595496994917   Elapsed: 293.351s (4m 53s)  87% completed  (93% total)
     Speed:     ev/sec=23885.7   simsec/sec=1.53381   ev/simsec=15572.8
     Messages:  created: 6134428   present: 1036   in FES: 97
** Event #6173952   t=443.058821057116   Elapsed: 295.351s (4m 55s)  88% completed  (94% total)
     Speed:     ev/sec=26363.3   simsec/sec=1.73136   ev/simsec=15227
     Messages:  created: 6193791   present: 1107   in FES: 124
** Event #6227456   t=446.562461303798   Elapsed: 297.373s (4m 57s)  89% completed  (94% total)
     Speed:     ev/sec=26459.6   simsec/sec=1.73268   ev/simsec=15271
     Messages:  created: 6252181   present: 1091   in FES: 118
** Event #6273024   t=449.579486125626   Elapsed: 299.379s (4m 59s)  89% completed  (94% total)
     Speed:     ev/sec=22717.4   simsec/sec=1.50411   ev/simsec=15103.6
     Messages:  created: 6301344   present: 1113   in FES: 126
** Event #6322176   t=453.002570494877   Elapsed: 301.383s (5m 01s)  90% completed  (95% total)
     Speed:     ev/sec=24532.3   simsec/sec=1.7085   ev/simsec=14359
     Messages:  created: 6354975   present: 1087   in FES: 118
** Event #6372608   t=456.092183519964   Elapsed: 303.391s (5m 03s)  91% completed  (95% total)
     Speed:     ev/sec=25117.9   simsec/sec=1.5388   ev/simsec=16323.1
     Messages:  created: 6408895   present: 1086   in FES: 115
** Event #6418944   t=459.165453425518   Elapsed: 305.392s (5m 05s)  91% completed  (95% total)
     Speed:     ev/sec=23152.6   simsec/sec=1.53561   ev/simsec=15077.1
     Messages:  created: 6458581   present: 1105   in FES: 149
** Event #6463232   t=462.077485075606   Elapsed: 307.397s (5m 07s)  92% completed  (96% total)
     Speed:     ev/sec=22092.2   simsec/sec=1.45261   ev/simsec=15208.6
     Messages:  created: 6505810   present: 1112   in FES: 126
** Event #6509056   t=465.088971994993   Elapsed: 309.397s (5m 09s)  93% completed  (96% total)
     Speed:     ev/sec=22908.6   simsec/sec=1.50552   ev/simsec=15216.4
     Messages:  created: 6552971   present: 1101   in FES: 126
** Event #6550272   t=467.963485282101   Elapsed: 311.4s (5m 11s)  93% completed  (96% total)
     Speed:     ev/sec=20577.9   simsec/sec=1.43516   ev/simsec=14338.4
     Messages:  created: 6595967   present: 1113   in FES: 133
** Event #6592768   t=470.601691565669   Elapsed: 313.417s (5m 13s)  94% completed  (97% total)
     Speed:     ev/sec=21063.6   simsec/sec=1.30766   ev/simsec=16107.9
     Messages:  created: 6638833   present: 1104   in FES: 126
** Event #6637056   t=473.579389273792   Elapsed: 315.428s (5m 15s)  94% completed  (97% total)
     Speed:     ev/sec=22024.4   simsec/sec=1.48081   ev/simsec=14873.2
     Messages:  created: 6684256   present: 1115   in FES: 124
** Event #6679296   t=476.527626909766   Elapsed: 317.433s (5m 17s)  95% completed  (97% total)
     Speed:     ev/sec=21072.2   simsec/sec=1.47079   ev/simsec=14327.2
     Messages:  created: 6726889   present: 1038   in FES: 97
** Event #6721792   t=479.430493751164   Elapsed: 319.44s (5m 19s)  95% completed  (97% total)
     Speed:     ev/sec=21177.3   simsec/sec=1.4466   ev/simsec=14639.3
     Messages:  created: 6769638   present: 1031   in FES: 122
** Event #6762496   t=482.02262590397   Elapsed: 321.448s (5m 21s)  96% completed  (98% total)
     Speed:     ev/sec=20268.6   simsec/sec=1.29075   ev/simsec=15702.9
     Messages:  created: 6811327   present: 1119   in FES: 124
** Event #6803712   t=484.573358374161   Elapsed: 323.448s (5m 23s)  96% completed  (98% total)
     Speed:     ev/sec=20607.1   simsec/sec=1.27531   ev/simsec=16158.5
     Messages:  created: 6853261   present: 1096   in FES: 117
** Event #6846976   t=487.181075399436   Elapsed: 325.45s (5m 25s)  97% completed  (98% total)
     Speed:     ev/sec=21610.5   simsec/sec=1.30256   ev/simsec=16590.8
     Messages:  created: 6896653   present: 1085   in FES: 116
** Event #6883840   t=489.532148578664   Elapsed: 327.461s (5m 27s)  97% completed  (98% total)
     Speed:     ev/sec=18329.7   simsec/sec=1.16901   ev/simsec=15679.6
     Messages:  created: 6933688   present: 1101   in FES: 120
** Event #6919680   t=491.59141542919   Elapsed: 329.487s (5m 29s)  98% completed  (99% total)
     Speed:     ev/sec=17693.8   simsec/sec=1.01664   ev/simsec=17404.3
     Messages:  created: 6969086   present: 1068   in FES: 107
** Event #6963968   t=494.523157420228   Elapsed: 331.487s (5m 31s)  98% completed  (99% total)
     Speed:     ev/sec=22141.7   simsec/sec=1.46572   ev/simsec=15106.4
     Messages:  created: 7013740   present: 1107   in FES: 120
** Event #7000320   t=496.769709117309   Elapsed: 333.49s (5m 33s)  99% completed  (99% total)
     Speed:     ev/sec=18146.9   simsec/sec=1.12148   ev/simsec=16181.2
     Messages:  created: 7049178   present: 1103   in FES: 154
** Event #7043584   t=499.530026989716   Elapsed: 335.495s (5m 35s)  99% completed  (99% total)
     Speed:     ev/sec=21580   simsec/sec=1.37684   ev/simsec=15673.6
     Messages:  created: 7092124   present: 1110   in FES: 126
** Event #7049800   t=500   Elapsed: 335.932s (5m 35s)  100% completed  (100% total)
     Speed:     ev/sec=14229.6   simsec/sec=1.07287   ev/simsec=13263.2
     Messages:  created: 7098291   present: 1021   in FES: 95

<!> Simulation time limit reached -- at t=500s, event #7049800
undisposed object: (omnetpp::cMessage) FanetStressNetwork.uav[0].app.debugTimer -- check module destructor
undisposed object: (omnetpp::cMessage) FanetStressNetwork.uav[1].app.debugTimer -- check module destructor
undisposed object: (omnetpp::cMessage) FanetStressNetwork.uav[2].app.debugTimer -- check module destructor
undisposed object: (omnetpp::cMessage) FanetStressNetwork.uav[3].app.debugTimer -- check module destructor
undisposed object: (omnetpp::cMessage) FanetStressNetwork.uav[4].app.debugTimer -- check module destructor
undisposed object: (omnetpp::cMessage) FanetStressNetwork.uav[5].app.debugTimer -- check module destructor
undisposed object: (omnetpp::cMessage) FanetStressNetwork.uav[6].app.debugTimer -- check module destructor
undisposed object: (omnetpp::cMessage) FanetStressNetwork.uav[7].app.debugTimer -- check module destructor
undisposed object: (omnetpp::cMessage) FanetStressNetwork.uav[8].app.debugTimer -- check module destructor
undisposed object: (omnetpp::cMessage) FanetStressNetwork.uav[9].app.debugTimer -- check module destructor
undisposed object: (omnetpp::cMessage) FanetStressNetwork.uav[10].app.debugTimer -- check module destructor
undisposed object: (omnetpp::cMessage) FanetStressNetwork.uav[11].app.debugTimer -- check module destructor
undisposed object: (omnetpp::cMessage) FanetStressNetwork.uav[12].app.debugTimer -- check module destructor
undisposed object: (omnetpp::cMessage) FanetStressNetwork.uav[13].app.debugTimer -- check module destructor
undisposed object: (omnetpp::cMessage) FanetStressNetwork.uav[14].app.debugTimer -- check module destructor
undisposed object: (omnetpp::cMessage) FanetStressNetwork.uav[15].app.debugTimer -- check module destructor
undisposed object: (omnetpp::cMessage) FanetStressNetwork.uav[16].app.debugTimer -- check module destructor
undisposed object: (omnetpp::cMessage) FanetStressNetwork.uav[17].app.debugTimer -- check module destructor
undisposed object: (omnetpp::cMessage) FanetStressNetwork.uav[18].app.debugTimer -- check module destructor
undisposed object: (omnetpp::cMessage) FanetStressNetwork.uav[19].app.debugTimer -- check module destructor
undisposed object: (omnetpp::cMessage) FanetStressNetwork.uav[20].app.debugTimer -- check module destructor
undisposed object: (omnetpp::cMessage) FanetStressNetwork.uav[21].app.debugTimer -- check module destructor
undisposed object: (omnetpp::cMessage) FanetStressNetwork.uav[22].app.debugTimer -- check module destructor
undisposed object: (omnetpp::cMessage) FanetStressNetwork.uav[23].app.debugTimer -- check module destructor
undisposed object: (omnetpp::cMessage) FanetStressNetwork.uav[24].app.debugTimer -- check module destructor
undisposed object: (omnetpp::cMessage) FanetStressNetwork.uav[25].app.debugTimer -- check module destructor
undisposed object: (omnetpp::cMessage) FanetStressNetwork.uav[26].app.debugTimer -- check module destructor
undisposed object: (omnetpp::cMessage) FanetStressNetwork.uav[27].app.debugTimer -- check module destructor
undisposed object: (omnetpp::cMessage) FanetStressNetwork.uav[28].app.debugTimer -- check module destructor
undisposed object: (omnetpp::cMessage) FanetStressNetwork.uav[29].app.debugTimer -- check module destructor
