** Event #0   t=0   Elapsed: 9e-06s (0m 00s)  0% completed  (50% total)
     Speed:     ev/sec=0   simsec/sec=0   ev/simsec=0
     Messages:  created: 1081   present: 1081   in FES: 161
** Event #36608   t=3.521438831737   Elapsed: 2.01275s (0m 02s)  0% completed  (50% total)
     Speed:     ev/sec=18188.6   simsec/sec=1.74957   ev/simsec=10396
     Messages:  created: 30338   present: 1093   in FES: 112
** Event #73472   t=7.526055052218   Elapsed: 4.02604s (0m 04s)  1% completed  (50% total)
     Speed:     ev/sec=18310.4   simsec/sec=1.9891   ev/simsec=9205.38
     Messages:  created: 59579   present: 1027   in FES: 96
** Event #107264   t=11.051816756249   Elapsed: 6.03063s (0m 06s)  2% completed  (51% total)
     Speed:     ev/sec=16857.3   simsec/sec=1.75884   ev/simsec=9584.31
     Messages:  created: 86869   present: 1104   in FES: 126
** Event #142080   t=14.572421795759   Elapsed: 8.05902s (0m 08s)  2% completed  (51% total)
     Speed:     ev/sec=17164.3   simsec/sec=1.73566   ev/simsec=9889.21
     Messages:  created: 114641   present: 1062   in FES: 109
** Event #177664   t=18.513391512869   Elapsed: 10.0743s (0m 10s)  3% completed  (51% total)
     Speed:     ev/sec=17657   simsec/sec=1.95554   ev/simsec=9029.25
     Messages:  created: 142870   present: 1051   in FES: 106
** Event #208640   t=21.558515384162   Elapsed: 12.0765s (0m 12s)  4% completed  (52% total)
     Speed:     ev/sec=15471   simsec/sec=1.52089   ev/simsec=10172.3
     Messages:  created: 167453   present: 1114   in FES: 125
** Event #240128   t=24.607067800588   Elapsed: 14.0864s (0m 14s)  4% completed  (52% total)
     Speed:     ev/sec=15666.5   simsec/sec=1.51677   ev/simsec=10328.8
     Messages:  created: 192445   present: 1082   in FES: 113
** Event #275200   t=28.556913493566   Elapsed: 16.0928s (0m 16s)  5% completed  (52% total)
     Speed:     ev/sec=17480.2   simsec/sec=1.96864   ev/simsec=8879.33
     Messages:  created: 220469   present: 1111   in FES: 124
** Event #312064   t=32.555443931791   Elapsed: 18.1014s (0m 18s)  6% completed  (53% total)
     Speed:     ev/sec=18352.8   simsec/sec=1.99067   ev/simsec=9219.39
     Messages:  created: 250176   present: 1101   in FES: 122
** Event #349184   t=36.561455113213   Elapsed: 20.1154s (0m 20s)  7% completed  (53% total)
     Speed:     ev/sec=18431.3   simsec/sec=1.98912   ev/simsec=9266.07
     Messages:  created: 280545   present: 1097   in FES: 126
** Event #386304   t=40.579700679726   Elapsed: 22.1368s (0m 22s)  8% completed  (54% total)
     Speed:     ev/sec=18363.5   simsec/sec=1.98785   ev/simsec=9237.86
     Messages:  created: 311064   present: 1062   in FES: 109
** Event #423680   t=45.027308056549   Elapsed: 24.1381s (0m 24s)  9% completed  (54% total)
     Speed:     ev/sec=18675.5   simsec/sec=2.22232   ev/simsec=8403.62
     Messages:  created: 342178   present: 1116   in FES: 126
** Event #464128   t=49.558722322091   Elapsed: 26.1394s (0m 26s)  9% completed  (54% total)
     Speed:     ev/sec=20211.4   simsec/sec=2.26429   ev/simsec=8926.13
     Messages:  created: 375745   present: 1107   in FES: 126
** Event #501248   t=53.603050609285   Elapsed: 28.1468s (0m 28s)  10% completed  (55% total)
     Speed:     ev/sec=18491.4   simsec/sec=2.01469   ev/simsec=9178.29
     Messages:  created: 406886   present: 1118   in FES: 125
** Event #542720   t=58.554815254823   Elapsed: 30.1624s (0m 30s)  11% completed  (55% total)
     Speed:     ev/sec=20574.9   simsec/sec=2.45665   ev/simsec=8375.2
     Messages:  created: 441293   present: 1035   in FES: 98
** Event #583936   t=63.091450768093   Elapsed: 32.1639s (0m 32s)  12% completed  (56% total)
     Speed:     ev/sec=20592.9   simsec/sec=2.26666   ev/simsec=9085.15
     Messages:  created: 476008   present: 1104   in FES: 121
** Event #623360   t=67.581203730284   Elapsed: 34.1768s (0m 34s)  13% completed  (56% total)
     Speed:     ev/sec=19586   simsec/sec=2.23053   ev/simsec=8780.88
     Messages:  created: 508844   present: 1080   in FES: 113
** Event #662528   t=72.071651728344   Elapsed: 36.1808s (0m 36s)  14% completed  (57% total)
     Speed:     ev/sec=19544.9   simsec/sec=2.24074   ev/simsec=8722.51
     Messages:  created: 541293   present: 1101   in FES: 120
** Event #699136   t=76.091397534331   Elapsed: 38.1818s (0m 38s)  15% completed  (57% total)
     Speed:     ev/sec=18294.7   simsec/sec=2.00885   ev/simsec=9107.04
     Messages:  created: 571694   present: 1105   in FES: 126
** Event #737024   t=80.554884271355   Elapsed: 40.1932s (0m 40s)  16% completed  (58% total)
     Speed:     ev/sec=18836.5   simsec/sec=2.21908   ev/simsec=8488.43
     Messages:  created: 602947   present: 1037   in FES: 98
** Event #775424   t=84.594076813472   Elapsed: 42.2062s (0m 42s)  16% completed  (58% total)
     Speed:     ev/sec=19075.6   simsec/sec=2.00652   ev/simsec=9506.85
     Messages:  created: 634488   present: 1110   in FES: 123
** Event #812032   t=88.593256663573   Elapsed: 44.221s (0m 44s)  17% completed  (58% total)
     Speed:     ev/sec=18169.5   simsec/sec=1.9849   ev/simsec=9153.88
     Messages:  created: 664389   present: 1106   in FES: 126
** Event #847872   t=92.547875227315   Elapsed: 46.2478s (0m 46s)  18% completed  (59% total)
     Speed:     ev/sec=17683.1   simsec/sec=1.95116   ev/simsec=9062.82
     Messages:  created: 692909   present: 1096   in FES: 119
** Event #879360   t=95.597558365009   Elapsed: 48.249s (0m 48s)  19% completed  (59% total)
     Speed:     ev/sec=15734.9   simsec/sec=1.52396   ev/simsec=10325
     Messages:  created: 717986   present: 1097   in FES: 126
** Event #914944   t=99.5438211929   Elapsed: 50.2573s (0m 50s)  19% completed  (59% total)
     Speed:     ev/sec=17718.8   simsec/sec=1.96501   ev/simsec=9017.14
     Messages:  created: 746013   present: 1056   in FES: 107
** Event #954112   t=102.545905858238   Elapsed: 52.27s (0m 52s)  20% completed  (60% total)
     Speed:     ev/sec=19460.1   simsec/sec=1.49155   ev/simsec=13046.9
     Messages:  created: 782336   present: 1097   in FES: 120
** Event #993024   t=105.08363557066   Elapsed: 54.2771s (0m 54s)  21% completed  (60% total)
     Speed:     ev/sec=19386.7   simsec/sec=1.26435   ev/simsec=15333.4
     Messages:  created: 819309   present: 1041   in FES: 100
** Event #1029120   t=107.588065331523   Elapsed: 56.2809s (0m 56s)  21% completed  (60% total)
     Speed:     ev/sec=18014.3   simsec/sec=1.24987   ev/simsec=14412.9
     Messages:  created: 854208   present: 1105   in FES: 122
** Event #1067008   t=110.250337119363   Elapsed: 58.2813s (0m 58s)  22% completed  (61% total)
     Speed:     ev/sec=18940.2   simsec/sec=1.33087   ev/simsec=14231.5
     Messages:  created: 890893   present: 1093   in FES: 128
** Event #1103360   t=112.720591202986   Elapsed: 60.2861s (1m 00s)  22% completed  (61% total)
     Speed:     ev/sec=18132.8   simsec/sec=1.23219   ev/simsec=14715.9
     Messages:  created: 925843   present: 1114   in FES: 134
** Event #1144576   t=115.589989733544   Elapsed: 62.3059s (1m 02s)  23% completed  (61% total)
     Speed:     ev/sec=20406   simsec/sec=1.42063   ev/simsec=14364
     Messages:  created: 965701   present: 1096   in FES: 117
** Event #1186816   t=118.559813124284   Elapsed: 64.3235s (1m 04s)  23% completed  (61% total)
     Speed:     ev/sec=20935   simsec/sec=1.4719   ev/simsec=14223.1
     Messages:  created: 1006457   present: 1094   in FES: 119
** Event #1223680   t=121.066975776203   Elapsed: 66.3298s (1m 06s)  24% completed  (62% total)
     Speed:     ev/sec=18374.7   simsec/sec=1.24968   ev/simsec=14703.5
     Messages:  created: 1041986   present: 1093   in FES: 126
** Event #1262080   t=123.60055767328   Elapsed: 68.3535s (1m 08s)  24% completed  (62% total)
     Speed:     ev/sec=18975.2   simsec/sec=1.25196   ev/simsec=15156.4
     Messages:  created: 1078416   present: 1030   in FES: 97
** Event #1303040   t=126.544168810063   Elapsed: 70.3719s (1m 10s)  25% completed  (62% total)
     Speed:     ev/sec=20292.6   simsec/sec=1.45834   ev/simsec=13914.9
     Messages:  created: 1118172   present: 1093   in FES: 118
** Event #1337088   t=128.747407982812   Elapsed: 72.3761s (1m 12s)  25% completed  (62% total)
     Speed:     ev/sec=16988.8   simsec/sec=1.09934   ev/simsec=15453.6
     Messages:  created: 1150497   present: 1062   in FES: 127
** Event #1376256   t=131.538898027095   Elapsed: 74.3859s (1m 14s)  26% completed  (63% total)
     Speed:     ev/sec=19488.2   simsec/sec=1.38891   ev/simsec=14031.2
     Messages:  created: 1188337   present: 1091   in FES: 118
** Event #1410816   t=133.917290862365   Elapsed: 76.3913s (1m 16s)  26% completed  (63% total)
     Speed:     ev/sec=17233.5   simsec/sec=1.186   ev/simsec=14530.8
     Messages:  created: 1221430   present: 1061   in FES: 110
** Event #1450752   t=136.576160690061   Elapsed: 78.4062s (1m 18s)  27% completed  (63% total)
     Speed:     ev/sec=19820.4   simsec/sec=1.31961   ev/simsec=15019.9
     Messages:  created: 1259846   present: 1110   in FES: 123
** Event #1491456   t=139.538452197486   Elapsed: 80.4131s (1m 20s)  27% completed  (63% total)
     Speed:     ev/sec=20282.5   simsec/sec=1.47608   ev/simsec=13740.7
     Messages:  created: 1299469   present: 1079   in FES: 114
** Event #1525760   t=141.91810813906   Elapsed: 82.4169s (1m 22s)  28% completed  (64% total)
     Speed:     ev/sec=17119.7   simsec/sec=1.18758   ev/simsec=14415.5
     Messages:  created: 1332315   present: 1097   in FES: 120
** Event #1565184   t=144.572429776972   Elapsed: 84.4367s (1m 24s)  28% completed  (64% total)
     Speed:     ev/sec=19518.5   simsec/sec=1.31414   ev/simsec=14852.8
     Messages:  created: 1370278   present: 1067   in FES: 110
** Event #1605632   t=147.528713351669   Elapsed: 86.4522s (1m 26s)  29% completed  (64% total)
     Speed:     ev/sec=20068.2   simsec/sec=1.46676   ev/simsec=13682
     Messages:  created: 1409764   present: 1036   in FES: 99
** Event #1639680   t=149.932558978323   Elapsed: 88.4608s (1m 28s)  29% completed  (64% total)
     Speed:     ev/sec=16950.9   simsec/sec=1.19676   ev/simsec=14164
     Messages:  created: 1442543   present: 1094   in FES: 126
** Event #1678336   t=152.563607236686   Elapsed: 90.4824s (1m 30s)  30% completed  (65% total)
     Speed:     ev/sec=19121.8   simsec/sec=1.30149   ev/simsec=14692.2
     Messages:  created: 1479733   present: 1110   in FES: 125
** Event #1716992   t=155.167594439397   Elapsed: 92.4892s (1m 32s)  31% completed  (65% total)
     Speed:     ev/sec=19262.6   simsec/sec=1.29759   ev/simsec=14844.9
     Messages:  created: 1516744   present: 1103   in FES: 151
** Event #1752064   t=157.613905860019   Elapsed: 94.4928s (1m 34s)  31% completed  (65% total)
     Speed:     ev/sec=17504.4   simsec/sec=1.22095   ev/simsec=14336.7
     Messages:  created: 1550548   present: 1106   in FES: 126
** Event #1793024   t=160.582414213839   Elapsed: 96.4974s (1m 36s)  32% completed  (66% total)
     Speed:     ev/sec=20432.6   simsec/sec=1.48082   ev/simsec=13798.2
     Messages:  created: 1590488   present: 1106   in FES: 123
** Event #1834240   t=163.548845126314   Elapsed: 98.5131s (1m 38s)  32% completed  (66% total)
     Speed:     ev/sec=20447.9   simsec/sec=1.47169   ev/simsec=13894.1
     Messages:  created: 1631270   present: 1060   in FES: 109
** Event #1868544   t=166.005979594149   Elapsed: 100.516s (1m 40s)  33% completed  (66% total)
     Speed:     ev/sec=17126.8   simsec/sec=1.22677   ev/simsec=13961
     Messages:  created: 1664694   present: 1103   in FES: 120
** Event #1906432   t=168.572180448616   Elapsed: 102.527s (1m 42s)  33% completed  (66% total)
     Speed:     ev/sec=18838.1   simsec/sec=1.27593   ev/simsec=14764.2
     Messages:  created: 1700963   present: 1044   in FES: 101
** Event #1946112   t=171.530666462754   Elapsed: 104.548s (1m 44s)  34% completed  (67% total)
     Speed:     ev/sec=19635.4   simsec/sec=1.46399   ev/simsec=13412.3
     Messages:  created: 1740094   present: 1118   in FES: 126
** Event #1989888   t=174.417681753632   Elapsed: 106.548s (1m 46s)  34% completed  (67% total)
     Speed:     ev/sec=21887.6   simsec/sec=1.44348   ev/simsec=15163.1
     Messages:  created: 1783901   present: 1114   in FES: 126
** Event #2031104   t=177.084686151915   Elapsed: 108.549s (1m 48s)  35% completed  (67% total)
     Speed:     ev/sec=20603.6   simsec/sec=1.33322   ev/simsec=15454
     Messages:  created: 1824236   present: 1073   in FES: 110
** Event #2073856   t=180.084686659942   Elapsed: 110.55s (1m 50s)  36% completed  (68% total)
     Speed:     ev/sec=21357.6   simsec/sec=1.49871   ev/simsec=14250.7
     Messages:  created: 1866276   present: 1052   in FES: 103
** Event #2112256   t=182.667387573798   Elapsed: 112.557s (1m 52s)  36% completed  (68% total)
     Speed:     ev/sec=19136.1   simsec/sec=1.28705   ev/simsec=14868.2
     Messages:  created: 1905085   present: 1109   in FES: 125
** Event #2158080   t=185.571167222978   Elapsed: 114.557s (1m 54s)  37% completed  (68% total)
     Speed:     ev/sec=22909.8   simsec/sec=1.45175   ev/simsec=15780.8
     Messages:  created: 1953699   present: 1111   in FES: 126
** Event #2203648   t=188.577597051085   Elapsed: 116.563s (1m 56s)  37% completed  (68% total)
     Speed:     ev/sec=22722.3   simsec/sec=1.49915   ev/simsec=15156.8
     Messages:  created: 2000548   present: 1030   in FES: 97
** Event #2247168   t=191.551145461675   Elapsed: 118.575s (1m 58s)  38% completed  (69% total)
     Speed:     ev/sec=21630   simsec/sec=1.47789   ev/simsec=14635.7
     Messages:  created: 2045873   present: 1092   in FES: 117
** Event #2292480   t=194.549827723894   Elapsed: 120.582s (2m 00s)  38% completed  (69% total)
     Speed:     ev/sec=22571.7   simsec/sec=1.49376   ev/simsec=15110.6
     Messages:  created: 2092778   present: 1075   in FES: 112
** Event #2336768   t=197.539397131415   Elapsed: 122.603s (2m 02s)  39% completed  (69% total)
     Speed:     ev/sec=21913.8   simsec/sec=1.47924   ev/simsec=14814.2
     Messages:  created: 2138747   present: 1046   in FES: 103
** Event #2380544   t=200.585726703882   Elapsed: 124.609s (2m 04s)  40% completed  (70% total)
     Speed:     ev/sec=21823.1   simsec/sec=1.51865   ev/simsec=14370.1
     Messages:  created: 2183125   present: 1203   in FES: 155
** Event #2430208   t=204.045720853155   Elapsed: 126.61s (2m 06s)  40% completed  (70% total)
     Speed:     ev/sec=24815.9   simsec/sec=1.72888   ev/simsec=14353.8
     Messages:  created: 2235030   present: 1093   in FES: 126
** Event #2480128   t=207.530458930065   Elapsed: 128.627s (2m 08s)  41% completed  (70% total)
     Speed:     ev/sec=24755   simsec/sec=1.72806   ev/simsec=14325.3
     Messages:  created: 2287359   present: 1114   in FES: 125
** Event #2526208   t=210.592725618804   Elapsed: 130.639s (2m 10s)  42% completed  (71% total)
     Speed:     ev/sec=22895.9   simsec/sec=1.52156   ev/simsec=15047.7
     Messages:  created: 2335079   present: 1109   in FES: 122
** Event #2575360   t=213.970559924962   Elapsed: 132.646s (2m 12s)  42% completed  (71% total)
     Speed:     ev/sec=24493.2   simsec/sec=1.68322   ev/simsec=14551.3
     Messages:  created: 2388040   present: 1107   in FES: 135
** Event #2620416   t=216.721467176473   Elapsed: 134.653s (2m 14s)  43% completed  (71% total)
     Speed:     ev/sec=22449   simsec/sec=1.37063   ev/simsec=16378.6
     Messages:  created: 2435767   present: 1036   in FES: 113
** Event #2671616   t=220.093992615208   Elapsed: 136.653s (2m 16s)  44% completed  (72% total)
     Speed:     ev/sec=25597.7   simsec/sec=1.68611   ev/simsec=15181.5
     Messages:  created: 2489850   present: 1095   in FES: 118
** Event #2721024   t=223.525681518862   Elapsed: 138.661s (2m 18s)  44% completed  (72% total)
     Speed:     ev/sec=24616.1   simsec/sec=1.70974   ev/simsec=14397.6
     Messages:  created: 2542716   present: 1035   in FES: 98
** Event #2765312   t=226.53148164788   Elapsed: 140.662s (2m 20s)  45% completed  (72% total)
     Speed:     ev/sec=22125.6   simsec/sec=1.50165   ev/simsec=14734.2
     Messages:  created: 2589495   present: 1093   in FES: 118
** Event #2808320   t=229.52196718305   Elapsed: 142.674s (2m 22s)  45% completed  (72% total)
     Speed:     ev/sec=21374.4   simsec/sec=1.48623   ev/simsec=14381.6
     Messages:  created: 2634145   present: 1085   in FES: 114
** Event #2851328   t=232.532490123136   Elapsed: 144.676s (2m 24s)  46% completed  (73% total)
     Speed:     ev/sec=21489.5   simsec/sec=1.50425   ev/simsec=14285.9
     Messages:  created: 2677882   present: 1075   in FES: 112
** Event #2893568   t=235.432826126323   Elapsed: 146.688s (2m 26s)  47% completed  (73% total)
     Speed:     ev/sec=20995   simsec/sec=1.44159   ev/simsec=14563.8
     Messages:  created: 2720771   present: 1050   in FES: 105
** Event #2939392   t=238.532490182389   Elapsed: 148.7s (2m 28s)  47% completed  (73% total)
     Speed:     ev/sec=22773.4   simsec/sec=1.54045   ev/simsec=14783.5
     Messages:  created: 2767572   present: 1067   in FES: 110
** Event #2982656   t=241.518967430548   Elapsed: 150.711s (2m 30s)  48% completed  (74% total)
     Speed:     ev/sec=21511.3   simsec/sec=1.4849   ev/simsec=14486.6
     Messages:  created: 2811317   present: 1067   in FES: 110
** Event #3026688   t=244.534058069102   Elapsed: 152.721s (2m 32s)  48% completed  (74% total)
     Speed:     ev/sec=21903   simsec/sec=1.49981   ev/simsec=14603.9
     Messages:  created: 2855680   present: 1034   in FES: 99
** Event #3070720   t=247.557443238066   Elapsed: 154.726s (2m 34s)  49% completed  (74% total)
     Speed:     ev/sec=21963.7   simsec/sec=1.5081   ev/simsec=14563.8
     Messages:  created: 2900261   present: 1103   in FES: 126
** Event #3113472   t=250.535383300537   Elapsed: 156.743s (2m 36s)  50% completed  (75% total)
     Speed:     ev/sec=21200.7   simsec/sec=1.47676   ev/simsec=14356.2
     Messages:  created: 2943946   present: 1091   in FES: 126
** Event #3154176   t=253.067028843727   Elapsed: 158.747s (2m 38s)  50% completed  (75% total)
     Speed:     ev/sec=20312.6   simsec/sec=1.26337   ev/simsec=16078.1
     Messages:  created: 2985321   present: 1101   in FES: 122
** Event #3196160   t=255.659985293021   Elapsed: 160.76s (2m 40s)  51% completed  (75% total)
     Speed:     ev/sec=20853.1   simsec/sec=1.2879   ev/simsec=16191.6
     Messages:  created: 3028397   present: 1021   in FES: 95
** Event #3241216   t=258.587092300975   Elapsed: 162.772s (2m 42s)  51% completed  (75% total)
     Speed:     ev/sec=22394.8   simsec/sec=1.4549   ev/simsec=15392.7
     Messages:  created: 3075818   present: 1107   in FES: 120
** Event #3285760   t=261.542424822781   Elapsed: 164.795s (2m 44s)  52% completed  (76% total)
     Speed:     ev/sec=22017.8   simsec/sec=1.4608   ev/simsec=15072.4
     Messages:  created: 3122103   present: 1036   in FES: 99
** Event #3326720   t=264.067444870852   Elapsed: 166.798s (2m 46s)  52% completed  (76% total)
     Speed:     ev/sec=20445.5   simsec/sec=1.26038   ev/simsec=16221.7
     Messages:  created: 3163246   present: 1114   in FES: 125
** Event #3366144   t=266.598305550172   Elapsed: 168.81s (2m 48s)  53% completed  (76% total)
     Speed:     ev/sec=19598   simsec/sec=1.25811   ev/simsec=15577.3
     Messages:  created: 3202605   present: 1110   in FES: 123
** Event #3407872   t=269.543847879488   Elapsed: 170.822s (2m 50s)  53% completed  (76% total)
     Speed:     ev/sec=20739.8   simsec/sec=1.464   ev/simsec=14166.5
     Messages:  created: 3244635   present: 1104   in FES: 126
** Event #3445248   t=272.027360187187   Elapsed: 172.831s (2m 52s)  54% completed  (77% total)
     Speed:     ev/sec=18606.4   simsec/sec=1.23633   ev/simsec=15049.7
     Messages:  created: 3281883   present: 1073   in FES: 112
** Event #3484672   t=274.573557694686   Elapsed: 174.84s (2m 54s)  54% completed  (77% total)
     Speed:     ev/sec=19621.6   simsec/sec=1.26726   ev/simsec=15483.5
     Messages:  created: 3320754   present: 1093   in FES: 118
** Event #3528192   t=277.541757159728   Elapsed: 176.858s (2m 56s)  55% completed  (77% total)
     Speed:     ev/sec=21566.7   simsec/sec=1.47091   ev/simsec=14662.1
     Messages:  created: 3363826   present: 1095   in FES: 118
** Event #3564800   t=280.005925287789   Elapsed: 178.865s (2m 58s)  56% completed  (78% total)
     Speed:     ev/sec=18240.3   simsec/sec=1.22779   ev/simsec=14856.1
     Messages:  created: 3400134   present: 1103   in FES: 126
** Event #3603456   t=282.543953491259   Elapsed: 180.871s (3m 00s)  56% completed  (78% total)
     Speed:     ev/sec=19272.2   simsec/sec=1.26535   ev/simsec=15230.7
     Messages:  created: 3437993   present: 1092   in FES: 119
** Event #3638016   t=284.667289061547   Elapsed: 182.874s (3m 02s)  56% completed  (78% total)
     Speed:     ev/sec=17254.1   simsec/sec=1.06008   ev/simsec=16276.3
     Messages:  created: 3471165   present: 1095   in FES: 132
** Event #3681280   t=287.5733437186   Elapsed: 184.89s (3m 04s)  57% completed  (78% total)
     Speed:     ev/sec=21454.6   simsec/sec=1.44111   ev/simsec=14887.5
     Messages:  created: 3514244   present: 1103   in FES: 118
** Event #3720192   t=290.082915759653   Elapsed: 186.893s (3m 06s)  58% completed  (79% total)
     Speed:     ev/sec=19429.9   simsec/sec=1.2531   ev/simsec=15505.4
     Messages:  created: 3552145   present: 1100   in FES: 126
** Event #3756800   t=292.569376954037   Elapsed: 188.913s (3m 08s)  58% completed  (79% total)
     Speed:     ev/sec=18122.3   simsec/sec=1.23089   ev/simsec=14722.9
     Messages:  created: 3588295   present: 1103   in FES: 126
** Event #3791104   t=294.932824631814   Elapsed: 190.918s (3m 10s)  58% completed  (79% total)
     Speed:     ev/sec=17103.7   simsec/sec=1.1784   ev/simsec=14514.4
     Messages:  created: 3621979   present: 1111   in FES: 133
** Event #3832320   t=297.530708374944   Elapsed: 192.922s (3m 12s)  59% completed  (79% total)
     Speed:     ev/sec=20576.8   simsec/sec=1.29698   ev/simsec=15865.2
     Messages:  created: 3663143   present: 1079   in FES: 114
** Event #3873024   t=300.067724693275   Elapsed: 194.927s (3m 14s)  60% completed  (80% total)
     Speed:     ev/sec=20298.9   simsec/sec=1.2652   ev/simsec=16044
     Messages:  created: 3704055   present: 1091   in FES: 126
** Event #3913472   t=302.6010111748   Elapsed: 196.943s (3m 16s)  60% completed  (80% total)
     Speed:     ev/sec=20064.4   simsec/sec=1.25665   ev/simsec=15966.6
     Messages:  created: 3744872   present: 1082   in FES: 115
** Event #3958272   t=305.555872673212   Elapsed: 198.962s (3m 18s)  61% completed  (80% total)
     Speed:     ev/sec=22189.3   simsec/sec=1.46353   ev/simsec=15161.5
     Messages:  created: 3790935   present: 1109   in FES: 126
** Event #3994624   t=307.971195966139   Elapsed: 200.964s (3m 20s)  61% completed  (80% total)
     Speed:     ev/sec=18155.2   simsec/sec=1.20628   ev/simsec=15050.6
     Messages:  created: 3827948   present: 1090   in FES: 148
** Event #4036608   t=310.584387255905   Elapsed: 202.976s (3m 22s)  62% completed  (81% total)
     Speed:     ev/sec=20862.1   simsec/sec=1.29851   ev/simsec=16066.2
     Messages:  created: 3870475   present: 1065   in FES: 108
** Event #4080128   t=313.516039169425   Elapsed: 204.982s (3m 24s)  62% completed  (81% total)
     Speed:     ev/sec=21703.7   simsec/sec=1.46203   ev/simsec=14844.9
     Messages:  created: 3915551   present: 1091   in FES: 118
** Event #4118784   t=316.027304997738   Elapsed: 206.989s (3m 26s)  63% completed  (81% total)
     Speed:     ev/sec=19260   simsec/sec=1.25121   ev/simsec=15393
     Messages:  created: 3955046   present: 1026   in FES: 97
** Event #4159488   t=318.581414599586   Elapsed: 209.003s (3m 29s)  63% completed  (81% total)
     Speed:     ev/sec=20204.9   simsec/sec=1.26782   ev/simsec=15936.7
     Messages:  created: 3996338   present: 1101   in FES: 120
** Event #4204800   t=321.56556597656   Elapsed: 211.004s (3m 31s)  64% completed  (82% total)
     Speed:     ev/sec=22648.5   simsec/sec=1.49158   ev/simsec=15184.2
     Messages:  created: 4043445   present: 1068   in FES: 111
** Event #4248832   t=324.542792896185   Elapsed: 213.004s (3m 33s)  64% completed  (82% total)
     Speed:     ev/sec=22011.2   simsec/sec=1.48829   ev/simsec=14789.6
     Messages:  created: 4089395   present: 1119   in FES: 126
** Event #4292096   t=327.470558778457   Elapsed: 215.015s (3m 35s)  65% completed  (82% total)
     Speed:     ev/sec=21518   simsec/sec=1.45617   ev/simsec=14777.1
     Messages:  created: 4134284   present: 1095   in FES: 139
** Event #4337152   t=330.43327879746   Elapsed: 217.018s (3m 37s)  66% completed  (83% total)
     Speed:     ev/sec=22497.8   simsec/sec=1.47937   ev/simsec=15207.6
     Messages:  created: 4180809   present: 1038   in FES: 121
** Event #4380928   t=333.523337160898   Elapsed: 219.025s (3m 39s)  66% completed  (83% total)
     Speed:     ev/sec=21808.1   simsec/sec=1.53939   ev/simsec=14166.7
     Messages:  created: 4225963   present: 1100   in FES: 126
** Event #4424448   t=336.559957757193   Elapsed: 221.03s (3m 41s)  67% completed  (83% total)
     Speed:     ev/sec=21709.4   simsec/sec=1.51478   ev/simsec=14331.7
     Messages:  created: 4270758   present: 1099   in FES: 120
** Event #4467456   t=339.57330740315   Elapsed: 223.053s (3m 43s)  67% completed  (83% total)
     Speed:     ev/sec=21256   simsec/sec=1.4893   ev/simsec=14272.5
     Messages:  created: 4314948   present: 1096   in FES: 126
** Event #4510464   t=342.591559580826   Elapsed: 225.066s (3m 45s)  68% completed  (84% total)
     Speed:     ev/sec=21360   simsec/sec=1.49902   ev/simsec=14249.3
     Messages:  created: 4359222   present: 1119   in FES: 126
** Event #4555264   t=345.598467745777   Elapsed: 227.084s (3m 47s)  69% completed  (84% total)
     Speed:     ev/sec=22206.9   simsec/sec=1.49049   ev/simsec=14899
     Messages:  created: 4405271   present: 1104   in FES: 121
** Event #4597248   t=348.584992896494   Elapsed: 229.095s (3m 49s)  69% completed  (84% total)
     Speed:     ev/sec=20876.8   simsec/sec=1.48507   ev/simsec=14057.8
     Messages:  created: 4448393   present: 1113   in FES: 124
** Event #4642304   t=352.000337786925   Elapsed: 231.096s (3m 51s)  70% completed  (85% total)
     Speed:     ev/sec=22518.3   simsec/sec=1.70694   ev/simsec=13192.2
     Messages:  created: 4494570   present: 1065   in FES: 127
** Event #4682752   t=354.974096553634   Elapsed: 233.097s (3m 53s)  70% completed  (85% total)
     Speed:     ev/sec=20208.3   simsec/sec=1.48573   ev/simsec=13601.6
     Messages:  created: 4535032   present: 1090   in FES: 127
** Event #4725760   t=358.012867095576   Elapsed: 235.101s (3m 55s)  71% completed  (85% total)
     Speed:     ev/sec=21464.9   simsec/sec=1.51662   ev/simsec=14153.1
     Messages:  created: 4578641   present: 1106   in FES: 123
** Event #4769792   t=361.03138272078   Elapsed: 237.104s (3m 57s)  72% completed  (86% total)
     Speed:     ev/sec=21978.3   simsec/sec=1.50667   ev/simsec=14587.3
     Messages:  created: 4623237   present: 1093   in FES: 118
** Event #4811264   t=363.970325623564   Elapsed: 239.112s (3m 59s)  72% completed  (86% total)
     Speed:     ev/sec=20653.3   simsec/sec=1.46361   ev/simsec=14111.2
     Messages:  created: 4665241   present: 1089   in FES: 126
** Event #4852480   t=366.596963547583   Elapsed: 241.114s (4m 01s)  73% completed  (86% total)
     Speed:     ev/sec=20592.2   simsec/sec=1.31231   ev/simsec=15691.5
     Messages:  created: 4706563   present: 1117   in FES: 126
** Event #4895232   t=369.581081909836   Elapsed: 243.135s (4m 03s)  73% completed  (86% total)
     Speed:     ev/sec=21156.1   simsec/sec=1.47671   ev/simsec=14326.5
     Messages:  created: 4749876   present: 1071   in FES: 112
** Event #4937984   t=372.555539008585   Elapsed: 245.155s (4m 05s)  74% completed  (87% total)
     Speed:     ev/sec=21159.8   simsec/sec=1.47219   ev/simsec=14373
     Messages:  created: 4793321   present: 1077   in FES: 110
** Event #4980224   t=375.5321320095   Elapsed: 247.159s (4m 07s)  75% completed  (87% total)
     Speed:     ev/sec=21081.2   simsec/sec=1.48556   ev/simsec=14190.7
     Messages:  created: 4836417   present: 1096   in FES: 121
** Event #5017344   t=378.005980206284   Elapsed: 249.159s (4m 09s)  75% completed  (87% total)
     Speed:     ev/sec=18555.2   simsec/sec=1.23661   ev/simsec=15005
     Messages:  created: 4873589   present: 1080   in FES: 111
** Event #5058048   t=380.605610730645   Elapsed: 251.17s (4m 11s)  76% completed  (88% total)
     Speed:     ev/sec=20238.8   simsec/sec=1.29259   ev/simsec=15657.6
     Messages:  created: 4913910   present: 1096   in FES: 126
** Event #5101824   t=383.580547717391   Elapsed: 253.179s (4m 13s)  76% completed  (88% total)
     Speed:     ev/sec=21797.6   simsec/sec=1.48133   ev/simsec=14714.9
     Messages:  created: 4958562   present: 1106   in FES: 126
** Event #5145344   t=386.577265008028   Elapsed: 255.201s (4m 15s)  77% completed  (88% total)
     Speed:     ev/sec=21519.1   simsec/sec=1.48177   ev/simsec=14522.6
     Messages:  created: 5003209   present: 1062   in FES: 109
** Event #5190400   t=389.561966171985   Elapsed: 257.213s (4m 17s)  77% completed  (88% total)
     Speed:     ev/sec=22393.1   simsec/sec=1.48341   ev/simsec=15095.6
     Messages:  created: 5050031   present: 1093   in FES: 116
** Event #5238016   t=392.750553176479   Elapsed: 259.224s (4m 19s)  78% completed  (89% total)
     Speed:     ev/sec=23680.2   simsec/sec=1.58573   ev/simsec=14933.3
     Messages:  created: 5100700   present: 1113   in FES: 126
** Event #5282048   t=395.594611917874   Elapsed: 261.227s (4m 21s)  79% completed  (89% total)
     Speed:     ev/sec=21983.8   simsec/sec=1.41995   ev/simsec=15482.1
     Messages:  created: 5145806   present: 1123   in FES: 126
** Event #5325056   t=398.514926194494   Elapsed: 263.234s (4m 23s)  79% completed  (89% total)
     Speed:     ev/sec=21432.9   simsec/sec=1.45533   ev/simsec=14727.2
     Messages:  created: 5190540   present: 1095   in FES: 126
** Event #5366784   t=401.177291130341   Elapsed: 265.237s (4m 25s)  80% completed  (90% total)
     Speed:     ev/sec=20826.6   simsec/sec=1.3288   ev/simsec=15673.3
     Messages:  created: 5232143   present: 1025   in FES: 96
** Event #5405952   t=404.000383358139   Elapsed: 267.239s (4m 27s)  80% completed  (90% total)
     Speed:     ev/sec=19561.4   simsec/sec=1.40992   ev/simsec=13874.1
     Messages:  created: 5272069   present: 1061   in FES: 108
** Event #5446144   t=406.588355314178   Elapsed: 269.262s (4m 29s)  81% completed  (90% total)
     Speed:     ev/sec=19876.6   simsec/sec=1.27986   ev/simsec=15530.3
     Messages:  created: 5311911   present: 1067   in FES: 110
** Event #5486848   t=409.500380556038   Elapsed: 271.268s (4m 31s)  81% completed  (90% total)
     Speed:     ev/sec=20286.4   simsec/sec=1.45132   ev/simsec=13977.9
     Messages:  created: 5353284   present: 1119   in FES: 142
** Event #5526016   t=412.051870858385   Elapsed: 273.269s (4m 33s)  82% completed  (91% total)
     Speed:     ev/sec=19573.1   simsec/sec=1.27504   ev/simsec=15351
     Messages:  created: 5392187   present: 1068   in FES: 109
** Event #5565440   t=414.601074655812   Elapsed: 275.282s (4m 35s)  82% completed  (91% total)
     Speed:     ev/sec=19580.8   simsec/sec=1.26612   ev/simsec=15465.2
     Messages:  created: 5431424   present: 1102   in FES: 119
** Event #5608960   t=417.539459024218   Elapsed: 277.306s (4m 37s)  83% completed  (91% total)
     Speed:     ev/sec=21507   simsec/sec=1.45211   ev/simsec=14810.9
     Messages:  created: 5476200   present: 1107   in FES: 124
** Event #5647104   t=420.023664261448   Elapsed: 279.31s (4m 39s)  84% completed  (92% total)
     Speed:     ev/sec=19030.6   simsec/sec=1.23941   ev/simsec=15354.6
     Messages:  created: 5514996   present: 1064   in FES: 109
** Event #5687808   t=422.567604323473   Elapsed: 281.311s (4m 41s)  84% completed  (92% total)
     Speed:     ev/sec=20347.6   simsec/sec=1.2717   ev/simsec=16000.4
     Messages:  created: 5555912   present: 1085   in FES: 114
** Event #5733632   t=425.570265023831   Elapsed: 283.331s (4m 43s)  85% completed  (92% total)
     Speed:     ev/sec=22684.6   simsec/sec=1.48643   ev/simsec=15261.1
     Messages:  created: 5602778   present: 1072   in FES: 109
** Event #5773568   t=428.094688162376   Elapsed: 285.338s (4m 45s)  85% completed  (92% total)
     Speed:     ev/sec=19897.6   simsec/sec=1.25776   ev/simsec=15819.9
     Messages:  created: 5643048   present: 1029   in FES: 96
** Event #5814272   t=430.932824275643   Elapsed: 287.34s (4m 47s)  86% completed  (93% total)
     Speed:     ev/sec=20329.2   simsec/sec=1.41748   ev/simsec=14341.8
     Messages:  created: 5684924   present: 1115   in FES: 137
** Event #5858048   t=433.604070716769   Elapsed: 289.356s (4m 49s)  86% completed  (93% total)
     Speed:     ev/sec=21719.1   simsec/sec=1.32532   ev/simsec=16387.9
     Messages:  created: 5728977   present: 1076   in FES: 113
** Event #5901568   t=436.541893779183   Elapsed: 291.371s (4m 51s)  87% completed  (93% total)
     Speed:     ev/sec=21591.2   simsec/sec=1.45752   ev/simsec=14813.7
     Messages:  created: 5773657   present: 1099   in FES: 120
** Event #5939712   t=439.00033771183   Elapsed: 293.372s (4m 53s)  87% completed  (93% total)
     Speed:     ev/sec=19062.5   simsec/sec=1.22861   ev/simsec=15515.5
     Messages:  created: 5812985   present: 1074   in FES: 127
** Event #5982720   t=441.582915572178   Elapsed: 295.373s (4m 55s)  88% completed  (94% total)
     Speed:     ev/sec=21499.6   simsec/sec=1.29102   ev/simsec=16653.1
     Messages:  created: 5856071   present: 1097   in FES: 126
** Event #6027776   t=444.54481316259   Elapsed: 297.394s (4m 57s)  88% completed  (94% total)
     Speed:     ev/sec=22293.5   simsec/sec=1.46553   ev/simsec=15211.9
     Messages:  created: 5902124   present: 1074   in FES: 113
** Event #6063104   t=446.668206375178   Elapsed: 299.396s (4m 59s)  89% completed  (94% total)
     Speed:     ev/sec=17648.6   simsec/sec=1.06077   ev/simsec=16637.5
     Messages:  created: 5937388   present: 1117   in FES: 131
** Event #6106880   t=449.539362755633   Elapsed: 301.421s (5m 01s)  89% completed  (94% total)
     Speed:     ev/sec=21612.2   simsec/sec=1.41749   ev/simsec=15246.8
     Messages:  created: 5982505   present: 1114   in FES: 126
** Event #6148608   t=452.083455249127   Elapsed: 303.423s (5m 03s)  90% completed  (95% total)
     Speed:     ev/sec=20839.4   simsec/sec=1.27055   ev/simsec=16401.9
     Messages:  created: 6024433   present: 1104   in FES: 121
** Event #6188544   t=454.586631091822   Elapsed: 305.439s (5m 05s)  90% completed  (95% total)
     Speed:     ev/sec=19812.2   simsec/sec=1.24182   ev/simsec=15954.1
     Messages:  created: 6064769   present: 1026   in FES: 97
** Event #6233344   t=457.471004577204   Elapsed: 307.443s (5m 07s)  91% completed  (95% total)
     Speed:     ev/sec=22360.7   simsec/sec=1.43966   ev/simsec=15532
     Messages:  created: 6111232   present: 1062   in FES: 127
** Event #6270464   t=459.594916344728   Elapsed: 309.461s (5m 09s)  91% completed  (95% total)
     Speed:     ev/sec=18388.6   simsec/sec=1.05215   ev/simsec=17477.2
     Messages:  created: 6149190   present: 1106   in FES: 126
** Event #6313728   t=462.167289849852   Elapsed: 311.462s (5m 11s)  92% completed  (96% total)
     Speed:     ev/sec=21620.7   simsec/sec=1.28551   ev/simsec=16818.7
     Messages:  created: 6193556   present: 1074   in FES: 113
** Event #6353920   t=464.598068296982   Elapsed: 313.469s (5m 13s)  92% completed  (96% total)
     Speed:     ev/sec=20031.6   simsec/sec=1.21149   ev/simsec=16534.6
     Messages:  created: 6235541   present: 1065   in FES: 106
** Event #6402048   t=467.500999441474   Elapsed: 315.471s (5m 15s)  93% completed  (96% total)
     Speed:     ev/sec=24042.8   simsec/sec=1.45018   ev/simsec=16579.1
     Messages:  created: 6287080   present: 1110   in FES: 123
** Event #6442240   t=469.75099720305   Elapsed: 317.476s (5m 17s)  93% completed  (96% total)
     Speed:     ev/sec=20038.3   simsec/sec=1.12177   ev/simsec=17863.1
     Messages:  created: 6329438   present: 1032   in FES: 117
** Event #6488064   t=472.555454816271   Elapsed: 319.497s (5m 19s)  94% completed  (97% total)
     Speed:     ev/sec=22676.8   simsec/sec=1.38784   ev/simsec=16339.7
     Messages:  created: 6377490   present: 1091   in FES: 126
** Event #6531584   t=475.167244684913   Elapsed: 321.501s (5m 21s)  95% completed  (97% total)
     Speed:     ev/sec=21712.4   simsec/sec=1.30304   ev/simsec=16662.9
     Messages:  created: 6422182   present: 1101   in FES: 128
** Event #6572800   t=477.683135629656   Elapsed: 323.509s (5m 23s)  95% completed  (97% total)
     Speed:     ev/sec=20530.8   simsec/sec=1.25323   ev/simsec=16382.3
     Messages:  created: 6465312   present: 1099   in FES: 126
** Event #6619136   t=480.592397597111   Elapsed: 325.519s (5m 25s)  96% completed  (98% total)
     Speed:     ev/sec=23046.7   simsec/sec=1.44702   ev/simsec=15927.1
     Messages:  created: 6514269   present: 1109   in FES: 126
** Event #6667008   t=483.593027484892   Elapsed: 327.531s (5m 27s)  96% completed  (98% total)
     Speed:     ev/sec=23802.6   simsec/sec=1.49195   ev/simsec=15954
     Messages:  created: 6564935   present: 1108   in FES: 121
** Event #6714112   t=486.572056015249   Elapsed: 329.538s (5m 29s)  97% completed  (98% total)
     Speed:     ev/sec=23466.1   simsec/sec=1.48408   ev/simsec=15811.9
     Messages:  created: 6614567   present: 1116   in FES: 126
** Event #6761216   t=489.540791074022   Elapsed: 331.556s (5m 31s)  97% completed  (98% total)
     Speed:     ev/sec=23342.8   simsec/sec=1.47118   ev/simsec=15866.7
     Messages:  created: 6664059   present: 1091   in FES: 126
** Event #6808576   t=492.553658072614   Elapsed: 333.571s (5m 33s)  98% completed  (99% total)
     Speed:     ev/sec=23507.3   simsec/sec=1.49545   ev/simsec=15719.2
     Messages:  created: 6713976   present: 1026   in FES: 97
** Event #6854912   t=495.523394211201   Elapsed: 335.574s (5m 35s)  99% completed  (99% total)
     Speed:     ev/sec=23131.3   simsec/sec=1.48251   ev/simsec=15602.7
     Messages:  created: 6763191   present: 1109   in FES: 124
** Event #6898432   t=498.220547072133   Elapsed: 337.575s (5m 37s)  99% completed  (99% total)
     Speed:     ev/sec=21749.2   simsec/sec=1.34791   ev/simsec=16135.5
     Messages:  created: 6808784   present: 1100   in FES: 127
** Event #6923141   t=500   Elapsed: 338.761s (5m 38s)  100% completed  (100% total)
     Speed:     ev/sec=20830.7   simsec/sec=1.50009   ev/simsec=13886.3
     Messages:  created: 6835286   present: 1025   in FES: 96

<!> Simulation time limit reached -- at t=500s, event #6923141
undisposed object: (omnetpp::cMessage) FanetStressNetwork.uav[0].app.debugTimer -- check module destructor
undisposed object: (omnetpp::cMessage) FanetStressNetwork.uav[1].app.debugTimer -- check module destructor
undisposed object: (omnetpp::cMessage) FanetStressNetwork.uav[2].app.debugTimer -- check module destructor
undisposed object: (omnetpp::cMessage) FanetStressNetwork.uav[3].app.debugTimer -- check module destructor
undisposed object: (omnetpp::cMessage) FanetStressNetwork.uav[4].app.debugTimer -- check module destructor
undisposed object: (omnetpp::cMessage) FanetStressNetwork.uav[5].app.debugTimer -- check module destructor
undisposed object: (omnetpp::cMessage) FanetStressNetwork.uav[6].app.debugTimer -- check module destructor
undisposed object: (omnetpp::cMessage) FanetStressNetwork.uav[7].app.debugTimer -- check module destructor
undisposed object: (omnetpp::cMessage) FanetStressNetwork.uav[8].app.debugTimer -- check module destructor
undisposed object: (omnetpp::cMessage) FanetStressNetwork.uav[9].app.debugTimer -- check module destructor
undisposed object: (omnetpp::cMessage) FanetStressNetwork.uav[10].app.debugTimer -- check module destructor
undisposed object: (omnetpp::cMessage) FanetStressNetwork.uav[11].app.debugTimer -- check module destructor
undisposed object: (omnetpp::cMessage) FanetStressNetwork.uav[12].app.debugTimer -- check module destructor
undisposed object: (omnetpp::cMessage) FanetStressNetwork.uav[13].app.debugTimer -- check module destructor
undisposed object: (omnetpp::cMessage) FanetStressNetwork.uav[14].app.debugTimer -- check module destructor
undisposed object: (omnetpp::cMessage) FanetStressNetwork.uav[15].app.debugTimer -- check module destructor
undisposed object: (omnetpp::cMessage) FanetStressNetwork.uav[16].app.debugTimer -- check module destructor
undisposed object: (omnetpp::cMessage) FanetStressNetwork.uav[17].app.debugTimer -- check module destructor
undisposed object: (omnetpp::cMessage) FanetStressNetwork.uav[18].app.debugTimer -- check module destructor
undisposed object: (omnetpp::cMessage) FanetStressNetwork.uav[19].app.debugTimer -- check module destructor
undisposed object: (omnetpp::cMessage) FanetStressNetwork.uav[20].app.debugTimer -- check module destructor
undisposed object: (omnetpp::cMessage) FanetStressNetwork.uav[21].app.debugTimer -- check module destructor
undisposed object: (omnetpp::cMessage) FanetStressNetwork.uav[22].app.debugTimer -- check module destructor
undisposed object: (omnetpp::cMessage) FanetStressNetwork.uav[23].app.debugTimer -- check module destructor
undisposed object: (omnetpp::cMessage) FanetStressNetwork.uav[24].app.debugTimer -- check module destructor
undisposed object: (omnetpp::cMessage) FanetStressNetwork.uav[25].app.debugTimer -- check module destructor
undisposed object: (omnetpp::cMessage) FanetStressNetwork.uav[26].app.debugTimer -- check module destructor
undisposed object: (omnetpp::cMessage) FanetStressNetwork.uav[27].app.debugTimer -- check module destructor
undisposed object: (omnetpp::cMessage) FanetStressNetwork.uav[28].app.debugTimer -- check module destructor
undisposed object: (omnetpp::cMessage) FanetStressNetwork.uav[29].app.debugTimer -- check module destructor
