** Event #0   t=0   Elapsed: 8e-06s (0m 00s)  0% completed  (50% total)
     Speed:     ev/sec=0   simsec/sec=0   ev/simsec=0
     Messages:  created: 1081   present: 1081   in FES: 161
** Event #43008   t=4.58497622944   Elapsed: 2.01289s (0m 02s)  0% completed  (50% total)
     Speed:     ev/sec=21366.9   simsec/sec=2.27782   ev/simsec=9380.42
     Messages:  created: 37544   present: 1070   in FES: 111
** Event #78848   t=8.529368195816   Elapsed: 4.01428s (0m 04s)  1% completed  (50% total)
     Speed:     ev/sec=17907.5   simsec/sec=1.97082   ev/simsec=9086.32
     Messages:  created: 66146   present: 1099   in FES: 126
** Event #110336   t=11.604767739407   Elapsed: 6.02435s (0m 06s)  2% completed  (51% total)
     Speed:     ev/sec=15665.1   simsec/sec=1.53   ev/simsec=10238.7
     Messages:  created: 91354   present: 1075   in FES: 112
** Event #146688   t=15.541030993207   Elapsed: 8.02927s (0m 08s)  3% completed  (51% total)
     Speed:     ev/sec=18131.4   simsec/sec=1.9633   ev/simsec=9235.15
     Messages:  created: 120248   present: 1053   in FES: 104
** Event #183808   t=19.529549786417   Elapsed: 10.0484s (0m 10s)  3% completed  (51% total)
     Speed:     ev/sec=18384.4   simsec/sec=1.97539   ev/simsec=9306.71
     Messages:  created: 149880   present: 1071   in FES: 112
** Event #214784   t=22.577710372303   Elapsed: 12.0603s (0m 12s)  4% completed  (52% total)
     Speed:     ev/sec=15396.2   simsec/sec=1.51505   ev/simsec=10162.2
     Messages:  created: 174606   present: 1090   in FES: 119
** Event #247296   t=26.04229421112   Elapsed: 14.061s (0m 14s)  5% completed  (52% total)
     Speed:     ev/sec=16250.2   simsec/sec=1.73168   ev/simsec=9384.1
     Messages:  created: 200387   present: 1077   in FES: 112
** Event #281600   t=29.5760997106   Elapsed: 16.0617s (0m 16s)  5% completed  (52% total)
     Speed:     ev/sec=17145.6   simsec/sec=1.76624   ev/simsec=9707.38
     Messages:  created: 227788   present: 1086   in FES: 117
** Event #318464   t=33.540422708378   Elapsed: 18.0743s (0m 18s)  6% completed  (53% total)
     Speed:     ev/sec=18317.2   simsec/sec=1.96982   ev/simsec=9298.94
     Messages:  created: 257221   present: 1089   in FES: 126
** Event #353536   t=37.092718481192   Elapsed: 20.0833s (0m 20s)  7% completed  (53% total)
     Speed:     ev/sec=17456.9   simsec/sec=1.76814   ev/simsec=9873.05
     Messages:  created: 285419   present: 1114   in FES: 125
** Event #385792   t=40.590246170624   Elapsed: 22.0967s (0m 22s)  8% completed  (54% total)
     Speed:     ev/sec=16021.2   simsec/sec=1.73718   ev/simsec=9222.51
     Messages:  created: 311515   present: 1115   in FES: 126
** Event #421632   t=44.563187191588   Elapsed: 24.1184s (0m 24s)  8% completed  (54% total)
     Speed:     ev/sec=17727.7   simsec/sec=1.96515   ev/simsec=9021.02
     Messages:  created: 340657   present: 1075   in FES: 114
** Event #457216   t=48.539766921727   Elapsed: 26.1231s (0m 26s)  9% completed  (54% total)
     Speed:     ev/sec=17750.1   simsec/sec=1.9836   ev/simsec=8948.39
     Messages:  created: 369361   present: 1074   in FES: 111
** Event #494336   t=52.554345975658   Elapsed: 28.1367s (0m 28s)  10% completed  (55% total)
     Speed:     ev/sec=18435   simsec/sec=1.99377   ev/simsec=9246.3
     Messages:  created: 399652   present: 1083   in FES: 116
** Event #529408   t=56.524661769127   Elapsed: 30.1606s (0m 30s)  11% completed  (55% total)
     Speed:     ev/sec=17328.8   simsec/sec=1.96171   ev/simsec=8833.55
     Messages:  created: 428320   present: 1107   in FES: 126
** Event #566272   t=60.544516545624   Elapsed: 32.1692s (0m 32s)  12% completed  (56% total)
     Speed:     ev/sec=18352.4   simsec/sec=2.00124   ev/simsec=9170.48
     Messages:  created: 458783   present: 1112   in FES: 125
** Event #603136   t=64.531065436433   Elapsed: 34.1825s (0m 34s)  12% completed  (56% total)
     Speed:     ev/sec=18310.7   simsec/sec=1.98016   ev/simsec=9247.1
     Messages:  created: 488232   present: 1107   in FES: 122
** Event #640256   t=68.505669808569   Elapsed: 36.1837s (0m 36s)  13% completed  (56% total)
     Speed:     ev/sec=18548.8   simsec/sec=1.98611   ev/simsec=9339.29
     Messages:  created: 517989   present: 1094   in FES: 119
** Event #671232   t=71.57399060884   Elapsed: 38.2032s (0m 38s)  14% completed  (57% total)
     Speed:     ev/sec=15338.5   simsec/sec=1.51935   ev/simsec=10095.4
     Messages:  created: 542728   present: 1081   in FES: 114
** Event #708096   t=75.53948309147   Elapsed: 40.2289s (0m 40s)  15% completed  (57% total)
     Speed:     ev/sec=18198   simsec/sec=1.95757   ev/simsec=9296.2
     Messages:  created: 572005   present: 1035   in FES: 100
** Event #744704   t=79.508666584675   Elapsed: 42.2399s (0m 42s)  15% completed  (57% total)
     Speed:     ev/sec=18204.1   simsec/sec=1.97376   ev/simsec=9223.06
     Messages:  created: 601493   present: 1050   in FES: 105
** Event #777216   t=82.594953216228   Elapsed: 44.2624s (0m 44s)  16% completed  (58% total)
     Speed:     ev/sec=16075.3   simsec/sec=1.52599   ev/simsec=10534.3
     Messages:  created: 627356   present: 1043   in FES: 102
** Event #813312   t=86.523887120231   Elapsed: 46.2793s (0m 46s)  17% completed  (58% total)
     Speed:     ev/sec=17896.6   simsec/sec=1.94799   ev/simsec=9187.23
     Messages:  created: 655932   present: 1080   in FES: 113
** Event #844800   t=89.55592046111   Elapsed: 48.2999s (0m 48s)  17% completed  (58% total)
     Speed:     ev/sec=15583.8   simsec/sec=1.50059   ev/simsec=10385.1
     Messages:  created: 680825   present: 1094   in FES: 119
** Event #875520   t=92.598354168188   Elapsed: 50.3168s (0m 50s)  18% completed  (59% total)
     Speed:     ev/sec=15230.6   simsec/sec=1.5084   ev/simsec=10097.2
     Messages:  created: 705162   present: 1063   in FES: 108
** Event #908800   t=96.072887017776   Elapsed: 52.3216s (0m 52s)  19% completed  (59% total)
     Speed:     ev/sec=16600.7   simsec/sec=1.73317   ev/simsec=9578.27
     Messages:  created: 731300   present: 1070   in FES: 111
** Event #941568   t=99.50840320188   Elapsed: 54.3362s (0m 54s)  19% completed  (59% total)
     Speed:     ev/sec=16265   simsec/sec=1.70528   ev/simsec=9538.01
     Messages:  created: 756415   present: 1113   in FES: 126
** Event #971520   t=101.585344295654   Elapsed: 56.3565s (0m 56s)  20% completed  (60% total)
     Speed:     ev/sec=14825.9   simsec/sec=1.02806   ev/simsec=14421.2
     Messages:  created: 782809   present: 1103   in FES: 120
** Event #1011456   t=104.1   Elapsed: 58.3584s (0m 58s)  20% completed  (60% total)
     Speed:     ev/sec=19948.4   simsec/sec=1.25609   ev/simsec=15881.3
     Messages:  created: 821335   present: 1035   in FES: 96
** Event #1046784   t=106.511863216884   Elapsed: 60.3609s (1m 00s)  21% completed  (60% total)
     Speed:     ev/sec=17642.2   simsec/sec=1.20444   ev/simsec=14647.6
     Messages:  created: 856802   present: 1070   in FES: 111
** Event #1081344   t=108.535972992497   Elapsed: 62.3628s (1m 02s)  21% completed  (60% total)
     Speed:     ev/sec=17263.5   simsec/sec=1.01109   ev/simsec=17074.2
     Messages:  created: 891423   present: 1107   in FES: 126
** Event #1114880   t=110.556203068593   Elapsed: 64.3694s (1m 04s)  22% completed  (61% total)
     Speed:     ev/sec=16713.3   simsec/sec=1.00682   ev/simsec=16600.1
     Messages:  created: 924368   present: 1111   in FES: 126
** Event #1149440   t=112.590466642618   Elapsed: 66.3708s (1m 06s)  22% completed  (61% total)
     Speed:     ev/sec=17267.8   simsec/sec=1.01641   ev/simsec=16988.9
     Messages:  created: 958900   present: 1104   in FES: 126
** Event #1189120   t=115.064938514078   Elapsed: 68.377s (1m 08s)  23% completed  (61% total)
     Speed:     ev/sec=19778.4   simsec/sec=1.2334   ev/simsec=16035.7
     Messages:  created: 998812   present: 1068   in FES: 127
** Event #1228800   t=117.52703415808   Elapsed: 70.3959s (1m 10s)  23% completed  (61% total)
     Speed:     ev/sec=19654.7   simsec/sec=1.21955   ev/simsec=16116.4
     Messages:  created: 1039285   present: 1086   in FES: 115
** Event #1266944   t=119.896169402873   Elapsed: 72.4007s (1m 12s)  23% completed  (61% total)
     Speed:     ev/sec=19026.2   simsec/sec=1.18172   ev/simsec=16100.4
     Messages:  created: 1078411   present: 1021   in FES: 95
** Event #1308672   t=122.544360242121   Elapsed: 74.418s (1m 14s)  24% completed  (62% total)
     Speed:     ev/sec=20685.4   simsec/sec=1.31276   ev/simsec=15757.2
     Messages:  created: 1119592   present: 1024   in FES: 97
** Event #1341952   t=124.584704890169   Elapsed: 76.4269s (1m 16s)  24% completed  (62% total)
     Speed:     ev/sec=16566.1   simsec/sec=1.01564   ev/simsec=16311
     Messages:  created: 1152148   present: 1027   in FES: 96
** Event #1382400   t=127.179876504003   Elapsed: 78.4321s (1m 18s)  25% completed  (62% total)
     Speed:     ev/sec=20171.7   simsec/sec=1.29423   ev/simsec=15585.9
     Messages:  created: 1192229   present: 1063   in FES: 127
** Event #1417728   t=129.566485049793   Elapsed: 80.439s (1m 20s)  25% completed  (62% total)
     Speed:     ev/sec=17602.7   simsec/sec=1.18916   ev/simsec=14802.6
     Messages:  created: 1227360   present: 1065   in FES: 106
** Event #1455360   t=132.063849301928   Elapsed: 82.4439s (1m 22s)  26% completed  (63% total)
     Speed:     ev/sec=18769.9   simsec/sec=1.24562   ev/simsec=15068.7
     Messages:  created: 1264608   present: 1071   in FES: 110
** Event #1494016   t=134.598354409388   Elapsed: 84.4604s (1m 24s)  26% completed  (63% total)
     Speed:     ev/sec=19170.2   simsec/sec=1.2569   ev/simsec=15251.9
     Messages:  created: 1303372   present: 1030   in FES: 97
** Event #1536512   t=137.572995000996   Elapsed: 86.4711s (1m 26s)  27% completed  (63% total)
     Speed:     ev/sec=21134.7   simsec/sec=1.47939   ev/simsec=14286.1
     Messages:  created: 1346068   present: 1121   in FES: 126
** Event #1576448   t=140.524802305176   Elapsed: 88.4808s (1m 28s)  28% completed  (64% total)
     Speed:     ev/sec=19871.6   simsec/sec=1.46878   ev/simsec=13529.3
     Messages:  created: 1385086   present: 1089   in FES: 126
** Event #1609472   t=142.597830105862   Elapsed: 90.5063s (1m 30s)  28% completed  (64% total)
     Speed:     ev/sec=16304.3   simsec/sec=1.02348   ev/simsec=15930.3
     Messages:  created: 1416733   present: 1118   in FES: 125
** Event #1647616   t=145.313582741103   Elapsed: 92.5065s (1m 32s)  29% completed  (64% total)
     Speed:     ev/sec=19070.2   simsec/sec=1.35775   ev/simsec=14045.5
     Messages:  created: 1453474   present: 1111   in FES: 126
** Event #1680640   t=147.587039629532   Elapsed: 94.5315s (1m 34s)  29% completed  (64% total)
     Speed:     ev/sec=16307.7   simsec/sec=1.12266   ev/simsec=14525.9
     Messages:  created: 1484741   present: 1079   in FES: 114
** Event #1719040   t=150.50559822242   Elapsed: 96.5391s (1m 36s)  30% completed  (65% total)
     Speed:     ev/sec=19128.2   simsec/sec=1.45382   ev/simsec=13157.2
     Messages:  created: 1521169   present: 1081   in FES: 116
** Event #1752832   t=152.804364325586   Elapsed: 98.5481s (1m 38s)  30% completed  (65% total)
     Speed:     ev/sec=16820.2   simsec/sec=1.14423   ev/simsec=14700.1
     Messages:  created: 1552856   present: 1098   in FES: 126
** Event #1791488   t=155.544718343137   Elapsed: 100.569s (1m 40s)  31% completed  (65% total)
     Speed:     ev/sec=19129.5   simsec/sec=1.35611   ev/simsec=14106.2
     Messages:  created: 1590050   present: 1102   in FES: 121
** Event #1829376   t=158.072886557133   Elapsed: 102.574s (1m 42s)  31% completed  (65% total)
     Speed:     ev/sec=18898.5   simsec/sec=1.26105   ev/simsec=14986.3
     Messages:  created: 1626660   present: 1089   in FES: 116
** Event #1871872   t=161.059382107334   Elapsed: 104.579s (1m 44s)  32% completed  (66% total)
     Speed:     ev/sec=21194.6   simsec/sec=1.48949   ev/simsec=14229.4
     Messages:  created: 1668111   present: 1052   in FES: 103
** Event #1910528   t=163.575982769222   Elapsed: 106.579s (1m 46s)  32% completed  (66% total)
     Speed:     ev/sec=19326.1   simsec/sec=1.25817   ev/simsec=15360.4
     Messages:  created: 1706143   present: 1075   in FES: 112
** Event #1952256   t=166.51766895039   Elapsed: 108.599s (1m 48s)  33% completed  (66% total)
     Speed:     ev/sec=20651.5   simsec/sec=1.45586   ev/simsec=14185.1
     Messages:  created: 1748658   present: 1113   in FES: 126
** Event #1989632   t=169.027368336215   Elapsed: 110.6s (1m 50s)  33% completed  (66% total)
     Speed:     ev/sec=18681.2   simsec/sec=1.25439   ev/simsec=14892.6
     Messages:  created: 1786496   present: 1101   in FES: 126
** Event #2031872   t=171.929117923309   Elapsed: 112.604s (1m 52s)  34% completed  (67% total)
     Speed:     ev/sec=21083.7   simsec/sec=1.44838   ev/simsec=14556.7
     Messages:  created: 1829504   present: 1112   in FES: 128
** Event #2070528   t=174.585619911633   Elapsed: 114.61s (1m 54s)  34% completed  (67% total)
     Speed:     ev/sec=19266.4   simsec/sec=1.32401   ev/simsec=14551.5
     Messages:  created: 1867437   present: 1061   in FES: 108
** Event #2110464   t=177.544451887168   Elapsed: 116.628s (1m 56s)  35% completed  (67% total)
     Speed:     ev/sec=19787.8   simsec/sec=1.46606   ev/simsec=13497.2
     Messages:  created: 1907187   present: 1075   in FES: 112
** Event #2152704   t=180.538178860184   Elapsed: 118.63s (1m 58s)  36% completed  (68% total)
     Speed:     ev/sec=21102.9   simsec/sec=1.49565   ev/simsec=14109.5
     Messages:  created: 1949204   present: 1063   in FES: 108
** Event #2192896   t=183.518261357719   Elapsed: 120.65s (2m 00s)  36% completed  (68% total)
     Speed:     ev/sec=19897.3   simsec/sec=1.47531   ev/simsec=13486.9
     Messages:  created: 1989220   present: 1082   in FES: 115
** Event #2236672   t=186.548518370593   Elapsed: 122.677s (2m 02s)  37% completed  (68% total)
     Speed:     ev/sec=21591.4   simsec/sec=1.49459   ev/simsec=14446.3
     Messages:  created: 2032360   present: 1069   in FES: 108
** Event #2277120   t=189.513594795753   Elapsed: 124.693s (2m 04s)  37% completed  (68% total)
     Speed:     ev/sec=20066.6   simsec/sec=1.471   ev/simsec=13641.5
     Messages:  created: 2072501   present: 1075   in FES: 112
** Event #2315264   t=192.087298650031   Elapsed: 126.698s (2m 06s)  38% completed  (69% total)
     Speed:     ev/sec=19020.7   simsec/sec=1.28339   ev/simsec=14820.7
     Messages:  created: 2110178   present: 1051   in FES: 102
** Event #2353920   t=195.037088811573   Elapsed: 128.699s (2m 08s)  39% completed  (69% total)
     Speed:     ev/sec=19325.9   simsec/sec=1.47473   ev/simsec=13104.7
     Messages:  created: 2148890   present: 1080   in FES: 113
** Event #2396416   t=198.06380411544   Elapsed: 130.699s (2m 10s)  39% completed  (69% total)
     Speed:     ev/sec=21239.9   simsec/sec=1.51278   ev/simsec=14040.3
     Messages:  created: 2191172   present: 1060   in FES: 126
** Event #2437888   t=201.054363218835   Elapsed: 132.704s (2m 12s)  40% completed  (70% total)
     Speed:     ev/sec=20687.1   simsec/sec=1.49176   ev/simsec=13867.6
     Messages:  created: 2232773   present: 1026   in FES: 97
** Event #2476032   t=203.599052387664   Elapsed: 134.709s (2m 14s)  40% completed  (70% total)
     Speed:     ev/sec=19021.9   simsec/sec=1.269   ev/simsec=14989.7
     Messages:  created: 2270901   present: 1124   in FES: 143
** Event #2515456   t=206.543513331659   Elapsed: 136.718s (2m 16s)  41% completed  (70% total)
     Speed:     ev/sec=19626.2   simsec/sec=1.46583   ev/simsec=13389.2
     Messages:  created: 2309873   present: 1090   in FES: 117
** Event #2551552   t=209.036366417259   Elapsed: 138.729s (2m 18s)  41% completed  (70% total)
     Speed:     ev/sec=17953.7   simsec/sec=1.23991   ev/simsec=14479.8
     Messages:  created: 2344995   present: 1030   in FES: 97
** Event #2590720   t=211.591577489701   Elapsed: 140.753s (2m 20s)  42% completed  (71% total)
     Speed:     ev/sec=19344.8   simsec/sec=1.262   ev/simsec=15328.7
     Messages:  created: 2383072   present: 1108   in FES: 127
** Event #2626816   t=214.07746457723   Elapsed: 142.757s (2m 22s)  42% completed  (71% total)
     Speed:     ev/sec=18019.2   simsec/sec=1.24096   ev/simsec=14520.4
     Messages:  created: 2417818   present: 1028   in FES: 97
** Event #2661376   t=216.564316681758   Elapsed: 144.757s (2m 24s)  43% completed  (71% total)
     Speed:     ev/sec=17273   simsec/sec=1.24292   ev/simsec=13897.1
     Messages:  created: 2450319   present: 1099   in FES: 118
** Event #2700544   t=219.503673651308   Elapsed: 146.768s (2m 26s)  43% completed  (71% total)
     Speed:     ev/sec=19476.3   simsec/sec=1.46159   ev/simsec=13325.4
     Messages:  created: 2487295   present: 1084   in FES: 117
** Event #2733056   t=221.578982174903   Elapsed: 148.779s (2m 28s)  44% completed  (72% total)
     Speed:     ev/sec=16171.6   simsec/sec=1.03227   ev/simsec=15666.1
     Messages:  created: 2517415   present: 1106   in FES: 121
** Event #2771456   t=224.429129268297   Elapsed: 150.783s (2m 30s)  44% completed  (72% total)
     Speed:     ev/sec=19164.8   simsec/sec=1.42246   ev/simsec=13473
     Messages:  created: 2553584   present: 1097   in FES: 154
** Event #2805504   t=226.573591664664   Elapsed: 152.804s (2m 32s)  45% completed  (72% total)
     Speed:     ev/sec=16841.6   simsec/sec=1.06075   ev/simsec=15877.2
     Messages:  created: 2585338   present: 1032   in FES: 97
** Event #2842368   t=229.063583104127   Elapsed: 154.805s (2m 34s)  45% completed  (72% total)
     Speed:     ev/sec=18422.1   simsec/sec=1.24433   ev/simsec=14804.9
     Messages:  created: 2620779   present: 1120   in FES: 126
** Event #2877952   t=231.537554034551   Elapsed: 156.814s (2m 36s)  46% completed  (73% total)
     Speed:     ev/sec=17710.6   simsec/sec=1.23133   ev/simsec=14383.4
     Messages:  created: 2654912   present: 1060   in FES: 107
** Event #2910720   t=233.591622573673   Elapsed: 158.829s (2m 38s)  46% completed  (73% total)
     Speed:     ev/sec=16264.8   simsec/sec=1.01956   ev/simsec=15952.7
     Messages:  created: 2686145   present: 1119   in FES: 127
** Event #2945280   t=235.874511125519   Elapsed: 160.83s (2m 40s)  47% completed  (73% total)
     Speed:     ev/sec=17274.7   simsec/sec=1.1411   ev/simsec=15138.7
     Messages:  created: 2720092   present: 1027   in FES: 120
** Event #2985216   t=238.342279066804   Elapsed: 162.832s (2m 42s)  47% completed  (73% total)
     Speed:     ev/sec=19945.7   simsec/sec=1.23251   ev/simsec=16183
     Messages:  created: 2759498   present: 1119   in FES: 140
** Event #3022080   t=240.552197477426   Elapsed: 164.856s (2m 44s)  48% completed  (74% total)
     Speed:     ev/sec=18215.3   simsec/sec=1.09197   ev/simsec=16681.2
     Messages:  created: 2796414   present: 1036   in FES: 99
** Event #3056384   t=242.596354015237   Elapsed: 166.866s (2m 46s)  48% completed  (74% total)
     Speed:     ev/sec=17060.3   simsec/sec=1.01661   ev/simsec=16781.5
     Messages:  created: 2829571   present: 1080   in FES: 113
** Event #3094528   t=245.09266428228   Elapsed: 168.875s (2m 48s)  49% completed  (74% total)
     Speed:     ev/sec=18989.9   simsec/sec=1.24278   ev/simsec=15280.2
     Messages:  created: 2866122   present: 1034   in FES: 97
** Event #3128832   t=247.542786479922   Elapsed: 170.906s (2m 50s)  49% completed  (74% total)
     Speed:     ev/sec=16889   simsec/sec=1.20628   ev/simsec=14000.9
     Messages:  created: 2899050   present: 1065   in FES: 110
** Event #3161600   t=249.586917962086   Elapsed: 172.934s (2m 52s)  49% completed  (74% total)
     Speed:     ev/sec=16163.8   simsec/sec=1.00833   ev/simsec=16030.3
     Messages:  created: 2930019   present: 1103   in FES: 126
** Event #3195648   t=251.679118447201   Elapsed: 174.956s (2m 54s)  50% completed  (75% total)
     Speed:     ev/sec=16836.6   simsec/sec=1.03459   ev/simsec=16273.8
     Messages:  created: 2963187   present: 1102   in FES: 127
** Event #3237888   t=254.538972267169   Elapsed: 176.976s (2m 56s)  50% completed  (75% total)
     Speed:     ev/sec=20906.6   simsec/sec=1.41548   ev/simsec=14770
     Messages:  created: 3005098   present: 1102   in FES: 126
** Event #3273216   t=256.609087396722   Elapsed: 178.985s (2m 58s)  51% completed  (75% total)
     Speed:     ev/sec=17583.3   simsec/sec=1.03033   ev/simsec=17065.7
     Messages:  created: 3039792   present: 1023   in FES: 96
** Event #3315200   t=259.534482442669   Elapsed: 181.01s (3m 01s)  51% completed  (75% total)
     Speed:     ev/sec=20737.8   simsec/sec=1.44499   ev/simsec=14351.6
     Messages:  created: 3081773   present: 1063   in FES: 108
** Event #3353856   t=261.849175316289   Elapsed: 183.015s (3m 03s)  52% completed  (76% total)
     Speed:     ev/sec=19274.3   simsec/sec=1.15413   ev/simsec=16700.3
     Messages:  created: 3120879   present: 1096   in FES: 126
** Event #3394816   t=264.429539724788   Elapsed: 185.019s (3m 05s)  52% completed  (76% total)
     Speed:     ev/sec=20448   simsec/sec=1.28817   ev/simsec=15873.7
     Messages:  created: 3162491   present: 1118   in FES: 149
** Event #3431680   t=266.59498504889   Elapsed: 187.031s (3m 07s)  53% completed  (76% total)
     Speed:     ev/sec=18315.9   simsec/sec=1.0759   ev/simsec=17023.8
     Messages:  created: 3199528   present: 1117   in FES: 122
** Event #3475456   t=269.522268461109   Elapsed: 189.037s (3m 09s)  53% completed  (76% total)
     Speed:     ev/sec=21823.3   simsec/sec=1.45931   ev/simsec=14954.5
     Messages:  created: 3244434   present: 1116   in FES: 126
** Event #3516160   t=272.03519929701   Elapsed: 191.043s (3m 11s)  54% completed  (77% total)
     Speed:     ev/sec=20292.4   simsec/sec=1.25278   ev/simsec=16197.8
     Messages:  created: 3285661   present: 1099   in FES: 120
** Event #3556608   t=274.586328119026   Elapsed: 193.061s (3m 13s)  54% completed  (77% total)
     Speed:     ev/sec=20048.5   simsec/sec=1.2645   ev/simsec=15854.9
     Messages:  created: 3325703   present: 1113   in FES: 124
** Event #3597056   t=277.428895923309   Elapsed: 195.061s (3m 15s)  55% completed  (77% total)
     Speed:     ev/sec=20217.4   simsec/sec=1.42082   ev/simsec=14229.4
     Messages:  created: 3366534   present: 1022   in FES: 96
** Event #3634176   t=279.849516642929   Elapsed: 197.066s (3m 17s)  55% completed  (77% total)
     Speed:     ev/sec=18516.5   simsec/sec=1.20747   ev/simsec=15334.9
     Messages:  created: 3404082   present: 1110   in FES: 127
** Event #3673856   t=282.58866685986   Elapsed: 199.089s (3m 19s)  56% completed  (78% total)
     Speed:     ev/sec=19618.1   simsec/sec=1.35426   ev/simsec=14486.2
     Messages:  created: 3442666   present: 1089   in FES: 126
** Event #3715072   t=285.541445471894   Elapsed: 201.108s (3m 21s)  57% completed  (78% total)
     Speed:     ev/sec=20413.6   simsec/sec=1.46246   ev/simsec=13958.4
     Messages:  created: 3483324   present: 1094   in FES: 119
** Event #3755776   t=288.429118347921   Elapsed: 203.111s (3m 23s)  57% completed  (78% total)
     Speed:     ev/sec=20316.6   simsec/sec=1.44132   ev/simsec=14095.8
     Messages:  created: 3523303   present: 1105   in FES: 127
** Event #3789312   t=290.601801926036   Elapsed: 205.116s (3m 25s)  58% completed  (79% total)
     Speed:     ev/sec=16727.9   simsec/sec=1.08374   ev/simsec=15435.3
     Messages:  created: 3555989   present: 1127   in FES: 126
** Event #3828480   t=293.555503718932   Elapsed: 207.124s (3m 27s)  58% completed  (79% total)
     Speed:     ev/sec=19504.5   simsec/sec=1.47086   ev/simsec=13260.6
     Messages:  created: 3594683   present: 1061   in FES: 106
** Event #3868416   t=296.543619949059   Elapsed: 209.144s (3m 29s)  59% completed  (79% total)
     Speed:     ev/sec=19768.8   simsec/sec=1.47915   ev/simsec=13364.9
     Messages:  created: 3634537   present: 1093   in FES: 126
** Event #3910656   t=299.349962725471   Elapsed: 211.152s (3m 31s)  59% completed  (79% total)
     Speed:     ev/sec=21037   simsec/sec=1.39765   ev/simsec=15051.6
     Messages:  created: 3678294   present: 1110   in FES: 123
** Event #3956992   t=302.529422731259   Elapsed: 213.17s (3m 33s)  60% completed  (80% total)
     Speed:     ev/sec=22968.1   simsec/sec=1.57601   ev/simsec=14573.5
     Messages:  created: 3726285   present: 1028   in FES: 97
** Event #4001792   t=305.530530146837   Elapsed: 215.171s (3m 35s)  61% completed  (80% total)
     Speed:     ev/sec=22378.9   simsec/sec=1.49914   ev/simsec=14927.8
     Messages:  created: 3773674   present: 1069   in FES: 110
** Event #4046336   t=308.591578125162   Elapsed: 217.173s (3m 37s)  61% completed  (80% total)
     Speed:     ev/sec=22251.4   simsec/sec=1.52911   ev/simsec=14551.9
     Messages:  created: 3819553   present: 1107   in FES: 127
** Event #4096768   t=312.348820317033   Elapsed: 219.176s (3m 39s)  62% completed  (81% total)
     Speed:     ev/sec=25175.9   simsec/sec=1.87564   ev/simsec=13422.6
     Messages:  created: 3871949   present: 1110   in FES: 126
** Event #4141056   t=315.522299729879   Elapsed: 221.185s (3m 41s)  63% completed  (81% total)
     Speed:     ev/sec=22048.9   simsec/sec=1.57992   ev/simsec=13955.7
     Messages:  created: 3916879   present: 1048   in FES: 101
** Event #4184064   t=318.522906216356   Elapsed: 223.19s (3m 43s)  63% completed  (81% total)
     Speed:     ev/sec=21446.9   simsec/sec=1.49632   ev/simsec=14333.1
     Messages:  created: 3960572   present: 1118   in FES: 125
** Event #4224512   t=321.099598122597   Elapsed: 225.199s (3m 45s)  64% completed  (82% total)
     Speed:     ev/sec=20138.1   simsec/sec=1.28288   ev/simsec=15697.6
     Messages:  created: 4001263   present: 1105   in FES: 127
** Event #4264704   t=324.031268040613   Elapsed: 227.21s (3m 47s)  64% completed  (82% total)
     Speed:     ev/sec=19987.5   simsec/sec=1.45792   ev/simsec=13709.6
     Messages:  created: 4041825   present: 1027   in FES: 96
** Event #4302848   t=326.591577806674   Elapsed: 229.219s (3m 49s)  65% completed  (82% total)
     Speed:     ev/sec=18980.4   simsec/sec=1.27401   ev/simsec=14898.2
     Messages:  created: 4079042   present: 1112   in FES: 127
** Event #4343296   t=329.543174707151   Elapsed: 231.231s (3m 51s)  65% completed  (82% total)
     Speed:     ev/sec=20111.4   simsec/sec=1.46758   ev/simsec=13703.8
     Messages:  created: 4118422   present: 1063   in FES: 108
** Event #4379136   t=332.034673736148   Elapsed: 233.236s (3m 53s)  66% completed  (83% total)
     Speed:     ev/sec=17874.4   simsec/sec=1.24258   ev/simsec=14384.9
     Messages:  created: 4153134   present: 1112   in FES: 125
** Event #4415488   t=334.538170701947   Elapsed: 235.247s (3m 55s)  66% completed  (83% total)
     Speed:     ev/sec=18074.2   simsec/sec=1.24474   ev/simsec=14520.5
     Messages:  created: 4188017   present: 1062   in FES: 107
** Event #4451840   t=337.036367172761   Elapsed: 237.248s (3m 57s)  67% completed  (83% total)
     Speed:     ev/sec=18168.9   simsec/sec=1.24861   ev/simsec=14551.3
     Messages:  created: 4222971   present: 1092   in FES: 126
** Event #4489728   t=339.54834742302   Elapsed: 239.253s (3m 59s)  67% completed  (83% total)
     Speed:     ev/sec=18894.3   simsec/sec=1.2527   ev/simsec=15082.9
     Messages:  created: 4259668   present: 1039   in FES: 100
** Event #4523776   t=341.679164122458   Elapsed: 241.254s (4m 01s)  68% completed  (84% total)
     Speed:     ev/sec=17018.5   simsec/sec=1.06506   ev/simsec=15978.8
     Messages:  created: 4293332   present: 1056   in FES: 107
** Event #4564224   t=344.53685732298   Elapsed: 243.272s (4m 03s)  68% completed  (84% total)
     Speed:     ev/sec=20038   simsec/sec=1.4157   ev/simsec=14154.1
     Messages:  created: 4333691   present: 1030   in FES: 97
** Event #4607232   t=347.428897983088   Elapsed: 245.274s (4m 05s)  69% completed  (84% total)
     Speed:     ev/sec=21481.9   simsec/sec=1.44453   ev/simsec=14871.2
     Messages:  created: 4377111   present: 1105   in FES: 126
** Event #4645120   t=350.02597075487   Elapsed: 247.277s (4m 07s)  70% completed  (85% total)
     Speed:     ev/sec=18920.2   simsec/sec=1.2969   ev/simsec=14588.7
     Messages:  created: 4415052   present: 1091   in FES: 118
** Event #4683776   t=352.55769249855   Elapsed: 249.293s (4m 09s)  70% completed  (85% total)
     Speed:     ev/sec=19175.5   simsec/sec=1.25587   ev/simsec=15268.7
     Messages:  created: 4453955   present: 1055   in FES: 104
** Event #4726784   t=355.548757590327   Elapsed: 251.309s (4m 11s)  71% completed  (85% total)
     Speed:     ev/sec=21331.3   simsec/sec=1.48352   ev/simsec=14378.8
     Messages:  created: 4497311   present: 1115   in FES: 124
** Event #4769024   t=358.429164596822   Elapsed: 253.314s (4m 13s)  71% completed  (85% total)
     Speed:     ev/sec=21067   simsec/sec=1.43659   ev/simsec=14664.6
     Messages:  created: 4540143   present: 1086   in FES: 117
** Event #4804608   t=360.591621874539   Elapsed: 255.315s (4m 15s)  72% completed  (86% total)
     Speed:     ev/sec=17785.2   simsec/sec=1.08081   ev/simsec=16455.4
     Messages:  created: 4575827   present: 1110   in FES: 134
** Event #4848896   t=363.525783261847   Elapsed: 257.326s (4m 17s)  72% completed  (86% total)
     Speed:     ev/sec=22014.6   simsec/sec=1.45851   ev/simsec=15093.9
     Messages:  created: 4621385   present: 1061   in FES: 108
** Event #4886272   t=365.814515197651   Elapsed: 259.334s (4m 19s)  73% completed  (86% total)
     Speed:     ev/sec=18614.8   simsec/sec=1.13988   ev/simsec=16330.4
     Messages:  created: 4659461   present: 1043   in FES: 101
** Event #4929792   t=368.349479419647   Elapsed: 261.337s (4m 21s)  73% completed  (86% total)
     Speed:     ev/sec=21730.7   simsec/sec=1.26577   ev/simsec=17167.9
     Messages:  created: 4704625   present: 1057   in FES: 117
** Event #4966656   t=370.586408063055   Elapsed: 263.35s (4m 23s)  74% completed  (87% total)
     Speed:     ev/sec=18315.3   simsec/sec=1.11139   ev/simsec=16479.7
     Messages:  created: 4742107   present: 1097   in FES: 118
** Event #5010432   t=373.521373869269   Elapsed: 265.353s (4m 25s)  74% completed  (87% total)
     Speed:     ev/sec=21853.4   simsec/sec=1.46516   ev/simsec=14915.3
     Messages:  created: 4786901   present: 1071   in FES: 110
** Event #5050624   t=375.84157743921   Elapsed: 267.354s (4m 27s)  75% completed  (87% total)
     Speed:     ev/sec=20084   simsec/sec=1.15941   ev/simsec=17322.6
     Messages:  created: 4828916   present: 1107   in FES: 128
** Event #5092864   t=378.526998060728   Elapsed: 269.366s (4m 29s)  75% completed  (87% total)
     Speed:     ev/sec=20990.3   simsec/sec=1.33447   ev/simsec=15729.4
     Messages:  created: 4872196   present: 1103   in FES: 122
** Event #5136896   t=381.179532690502   Elapsed: 271.369s (4m 31s)  76% completed  (88% total)
     Speed:     ev/sec=21992.6   simsec/sec=1.32486   ev/simsec=16600
     Messages:  created: 4916792   present: 1088   in FES: 126
** Event #5184000   t=384.099950341612   Elapsed: 273.375s (4m 33s)  76% completed  (88% total)
     Speed:     ev/sec=23480.6   simsec/sec=1.45578   ev/simsec=16129.2
     Messages:  created: 4965128   present: 1116   in FES: 149
** Event #5232640   t=387.099085797112   Elapsed: 275.376s (4m 35s)  77% completed  (88% total)
     Speed:     ev/sec=24304.1   simsec/sec=1.49859   ev/simsec=16218
     Messages:  created: 5016083   present: 1112   in FES: 123
** Event #5278976   t=390.082431290902   Elapsed: 277.379s (4m 37s)  78% completed  (89% total)
     Speed:     ev/sec=23133.6   simsec/sec=1.48946   ev/simsec=15531.6
     Messages:  created: 5064682   present: 1049   in FES: 102
** Event #5328384   t=393.305063243746   Elapsed: 279.384s (4m 39s)  78% completed  (89% total)
     Speed:     ev/sec=24641.3   simsec/sec=1.60723   ev/simsec=15331.6
     Messages:  created: 5116978   present: 1097   in FES: 127
** Event #5375488   t=396.313814911632   Elapsed: 281.388s (4m 41s)  79% completed  (89% total)
     Speed:     ev/sec=23504.4   simsec/sec=1.50134   ev/simsec=15655.7
     Messages:  created: 5166741   present: 1102   in FES: 139
** Event #5425408   t=399.554364189508   Elapsed: 283.399s (4m 43s)  79% completed  (89% total)
     Speed:     ev/sec=24824   simsec/sec=1.61144   ev/simsec=15404.8
     Messages:  created: 5219655   present: 1097   in FES: 126
** Event #5473792   t=402.563581823506   Elapsed: 285.414s (4m 45s)  80% completed  (90% total)
     Speed:     ev/sec=24018.2   simsec/sec=1.4938   ev/simsec=16078.6
     Messages:  created: 5270506   present: 1111   in FES: 126
** Event #5524224   t=405.859865108888   Elapsed: 287.417s (4m 47s)  81% completed  (90% total)
     Speed:     ev/sec=25170.7   simsec/sec=1.64518   ev/simsec=15299.7
     Messages:  created: 5324403   present: 1021   in FES: 95
** Event #5570560   t=408.805155154273   Elapsed: 289.417s (4m 49s)  81% completed  (90% total)
     Speed:     ev/sec=23164.8   simsec/sec=1.47244   ev/simsec=15732.2
     Messages:  created: 5373480   present: 1102   in FES: 146
** Event #5621504   t=412.055084186086   Elapsed: 291.419s (4m 51s)  82% completed  (91% total)
     Speed:     ev/sec=25452.3   simsec/sec=1.62371   ev/simsec=15675.4
     Messages:  created: 5427084   present: 1070   in FES: 127
** Event #5677056   t=415.54913202447   Elapsed: 293.426s (4m 53s)  83% completed  (91% total)
     Speed:     ev/sec=27672.8   simsec/sec=1.74054   ev/simsec=15899
     Messages:  created: 5485236   present: 1108   in FES: 123
** Event #5733632   t=418.583376209891   Elapsed: 295.432s (4m 55s)  83% completed  (91% total)
     Speed:     ev/sec=28207.4   simsec/sec=1.5128   ev/simsec=18645.8
     Messages:  created: 5545973   present: 1101   in FES: 122
** Event #5790720   t=422.054598228376   Elapsed: 297.433s (4m 57s)  84% completed  (92% total)
     Speed:     ev/sec=28524.9   simsec/sec=1.73445   ev/simsec=16446.1
     Messages:  created: 5606009   present: 1116   in FES: 140
** Event #5845248   t=425.529424900325   Elapsed: 299.448s (4m 59s)  85% completed  (92% total)
     Speed:     ev/sec=27066.6   simsec/sec=1.72484   ev/simsec=15692.3
     Messages:  created: 5663276   present: 1118   in FES: 126
** Event #5907712   t=429.505306835861   Elapsed: 301.449s (5m 01s)  85% completed  (92% total)
     Speed:     ev/sec=31220.3   simsec/sec=1.98719   ev/simsec=15710.7
     Messages:  created: 5728716   present: 1101   in FES: 126
** Event #5968640   t=433.304586499875   Elapsed: 303.449s (5m 03s)  86% completed  (93% total)
     Speed:     ev/sec=30459.8   simsec/sec=1.89938   ev/simsec=16036.7
     Messages:  created: 5790486   present: 1072   in FES: 128
** Event #6027776   t=437.008795047516   Elapsed: 305.452s (5m 05s)  87% completed  (93% total)
     Speed:     ev/sec=29528.3   simsec/sec=1.84962   ev/simsec=15964.5
     Messages:  created: 5851858   present: 1087   in FES: 116
** Event #6089216   t=440.561440920968   Elapsed: 307.456s (5m 07s)  88% completed  (94% total)
     Speed:     ev/sec=30648.1   simsec/sec=1.77217   ev/simsec=17294.2
     Messages:  created: 5915325   present: 1094   in FES: 115
** Event #6157312   t=444.593487576224   Elapsed: 309.461s (5m 09s)  88% completed  (94% total)
     Speed:     ev/sec=33963.3   simsec/sec=2.01101   ev/simsec=16888.7
     Messages:  created: 5986356   present: 1182   in FES: 156
** Event #6225920   t=449.056109069371   Elapsed: 311.462s (5m 11s)  89% completed  (94% total)
     Speed:     ev/sec=34300.5   simsec/sec=2.23108   ev/simsec=15373.9
     Messages:  created: 6057416   present: 1091   in FES: 114
** Event #6295552   t=453.536474404109   Elapsed: 313.463s (5m 13s)  90% completed  (95% total)
     Speed:     ev/sec=34799.4   simsec/sec=2.23912   ev/simsec=15541.6
     Messages:  created: 6128939   present: 1046   in FES: 101
** Event #6361600   t=457.607469935069   Elapsed: 315.463s (5m 15s)  91% completed  (95% total)
     Speed:     ev/sec=33011.2   simsec/sec=2.03471   ev/simsec=16224
     Messages:  created: 6195777   present: 1113   in FES: 124
** Event #6435840   t=462.533802911084   Elapsed: 317.472s (5m 17s)  92% completed  (96% total)
     Speed:     ev/sec=36962.1   simsec/sec=2.45269   ev/simsec=15070
     Messages:  created: 6272192   present: 1106   in FES: 126
** Event #6511616   t=467.537218176926   Elapsed: 319.48s (5m 19s)  93% completed  (96% total)
     Speed:     ev/sec=37742.9   simsec/sec=2.49213   ev/simsec=15144.9
     Messages:  created: 6350165   present: 1087   in FES: 116
** Event #6591488   t=472.556101470907   Elapsed: 321.481s (5m 21s)  94% completed  (97% total)
     Speed:     ev/sec=39911.5   simsec/sec=2.5079   ev/simsec=15914.3
     Messages:  created: 6434080   present: 1047   in FES: 116
** Event #6680576   t=477.543239068355   Elapsed: 323.488s (5m 23s)  95% completed  (97% total)
     Speed:     ev/sec=44381.7   simsec/sec=2.48448   ev/simsec=17863.6
     Messages:  created: 6531509   present: 1034   in FES: 97
** Event #6769664   t=483.51683928439   Elapsed: 325.492s (5m 25s)  96% completed  (98% total)
     Speed:     ev/sec=44449.6   simsec/sec=2.98047   ev/simsec=14913.6
     Messages:  created: 6624939   present: 1087   in FES: 116
** Event #6857472   t=489.064661475974   Elapsed: 327.494s (5m 27s)  97% completed  (98% total)
     Speed:     ev/sec=43867.9   simsec/sec=2.77163   ev/simsec=15827.5
     Messages:  created: 6716927   present: 1076   in FES: 124
** Event #6951424   t=495.532070035731   Elapsed: 329.501s (5m 29s)  99% completed  (99% total)
     Speed:     ev/sec=46809.8   simsec/sec=3.22226   ev/simsec=14527
     Messages:  created: 6816062   present: 1095   in FES: 120
** Event #7020507   t=500   Elapsed: 330.967s (5m 30s)  100% completed  (100% total)
     Speed:     ev/sec=47123.7   simsec/sec=3.04065   ev/simsec=15497.9
     Messages:  created: 6890777   present: 1021   in FES: 95

<!> Simulation time limit reached -- at t=500s, event #7020507
undisposed object: (omnetpp::cMessage) FanetStressNetwork.uav[0].app.debugTimer -- check module destructor
undisposed object: (omnetpp::cMessage) FanetStressNetwork.uav[1].app.debugTimer -- check module destructor
undisposed object: (omnetpp::cMessage) FanetStressNetwork.uav[2].app.debugTimer -- check module destructor
undisposed object: (omnetpp::cMessage) FanetStressNetwork.uav[3].app.debugTimer -- check module destructor
undisposed object: (omnetpp::cMessage) FanetStressNetwork.uav[4].app.debugTimer -- check module destructor
undisposed object: (omnetpp::cMessage) FanetStressNetwork.uav[5].app.debugTimer -- check module destructor
undisposed object: (omnetpp::cMessage) FanetStressNetwork.uav[6].app.debugTimer -- check module destructor
undisposed object: (omnetpp::cMessage) FanetStressNetwork.uav[7].app.debugTimer -- check module destructor
undisposed object: (omnetpp::cMessage) FanetStressNetwork.uav[8].app.debugTimer -- check module destructor
undisposed object: (omnetpp::cMessage) FanetStressNetwork.uav[9].app.debugTimer -- check module destructor
undisposed object: (omnetpp::cMessage) FanetStressNetwork.uav[10].app.debugTimer -- check module destructor
undisposed object: (omnetpp::cMessage) FanetStressNetwork.uav[11].app.debugTimer -- check module destructor
undisposed object: (omnetpp::cMessage) FanetStressNetwork.uav[12].app.debugTimer -- check module destructor
undisposed object: (omnetpp::cMessage) FanetStressNetwork.uav[13].app.debugTimer -- check module destructor
undisposed object: (omnetpp::cMessage) FanetStressNetwork.uav[14].app.debugTimer -- check module destructor
undisposed object: (omnetpp::cMessage) FanetStressNetwork.uav[15].app.debugTimer -- check module destructor
undisposed object: (omnetpp::cMessage) FanetStressNetwork.uav[16].app.debugTimer -- check module destructor
undisposed object: (omnetpp::cMessage) FanetStressNetwork.uav[17].app.debugTimer -- check module destructor
undisposed object: (omnetpp::cMessage) FanetStressNetwork.uav[18].app.debugTimer -- check module destructor
undisposed object: (omnetpp::cMessage) FanetStressNetwork.uav[19].app.debugTimer -- check module destructor
undisposed object: (omnetpp::cMessage) FanetStressNetwork.uav[20].app.debugTimer -- check module destructor
undisposed object: (omnetpp::cMessage) FanetStressNetwork.uav[21].app.debugTimer -- check module destructor
undisposed object: (omnetpp::cMessage) FanetStressNetwork.uav[22].app.debugTimer -- check module destructor
undisposed object: (omnetpp::cMessage) FanetStressNetwork.uav[23].app.debugTimer -- check module destructor
undisposed object: (omnetpp::cMessage) FanetStressNetwork.uav[24].app.debugTimer -- check module destructor
undisposed object: (omnetpp::cMessage) FanetStressNetwork.uav[25].app.debugTimer -- check module destructor
undisposed object: (omnetpp::cMessage) FanetStressNetwork.uav[26].app.debugTimer -- check module destructor
undisposed object: (omnetpp::cMessage) FanetStressNetwork.uav[27].app.debugTimer -- check module destructor
undisposed object: (omnetpp::cMessage) FanetStressNetwork.uav[28].app.debugTimer -- check module destructor
undisposed object: (omnetpp::cMessage) FanetStressNetwork.uav[29].app.debugTimer -- check module destructor
